{"Child_ID": "D024", "SoC_variant": "SoC-Full", "theta": [3, 1], "p_gen": 0.5, "true_prior": 0.02, "run_number": 17, "seed": 1963932561140801523}
TRIAL 1
Action chosen: (purple, purple)
Outcome: False
partcle ids: ['generator_1', 'generator_2', 'generator_3', 'similar_color_14', 'generator_4', 'number_match', 'similar_color_2', 'similar_color_8', 'generator_5', 'generator_6', 'generator_7', 'generator_8', 'generator_9', 'generator_10', 'generator_11', 'generator_12', 'generator_13', 'generator_14', 'generator_15', 'color_match', 'similar_color_11', 'similar_color_2', 'similar_color_5', 'generator_16', 'generator_17', 'generator_18', 'generator_19', 'similar_color_5', 'generator_20', 'generator_21']
number opened: 0
TRIAL 2
Action chosen: (red, red)
Outcome: True
partcle ids: ['similar_color_13', 'generator_22', 'generator_23', 'generator_24', 'generator_25', 'generator_26', 'similar_color_9', 'generator_27', 'generator_28', 'generator_29', 'similar_color_2', 'similar_color_8', 'similar_color_8', 'number_match', 'generator_30', 'generator_2', 'generator_31', 'generator_32', 'generator_33', 'similar_color_13', 'similar_color_3', 'generator_34', 'similar_color_1', 'number_match', 'generator_35', 'order_match', 'generator_36', 'generator_3', 'similar_color_2', 'generator_37']
number opened: 1
TRIAL 3
Action chosen: (purple, purple)
Outcome: False
partcle ids: ['similar_color_13', 'generator_22', 'generator_23', 'generator_24', 'generator_25', 'generator_26', 'similar_color_9', 'generator_27', 'generator_28', 'generator_29', 'similar_color_2', 'similar_color_8', 'similar_color_8', 'number_match', 'generator_30', 'generator_2', 'generator_31', 'generator_32', 'generator_33', 'similar_color_13', 'similar_color_3', 'generator_34', 'similar_color_1', 'number_match', 'generator_35', 'order_match', 'generator_36', 'generator_3', 'similar_color_2', 'generator_37']
number opened: 1
TRIAL 4
Action chosen: (orange4, white)
Outcome: True
partcle ids: ['generator_38', 'generator_39', 'generator_40', 'generator_41', 'generator_42', 'generator_43', 'generator_44', 'generator_45', 'generator_46', 'generator_47', 'generator_28', 'generator_49', 'generator_50', 'generator_51', 'generator_52', 'generator_53', 'generator_54', 'generator_55', 'generator_56', 'generator_57', 'generator_58', 'generator_59', 'generator_60', 'generator_61', 'generator_62', 'generator_28', 'generator_64', 'generator_65', 'generator_66', 'generator_67']
number opened: 2
TRIAL 5
Action chosen: (yellow5, pink)
Outcome: False
partcle ids: ['generator_38', 'generator_39', 'generator_40', 'generator_41', 'generator_42', 'generator_43', 'generator_44', 'generator_45', 'generator_46', 'generator_47', 'generator_28', 'generator_49', 'generator_50', 'generator_51', 'generator_52', 'generator_53', 'generator_54', 'generator_55', 'generator_56', 'generator_57', 'generator_58', 'generator_59', 'generator_60', 'generator_61', 'generator_62', 'generator_28', 'generator_64', 'generator_65', 'generator_66', 'generator_67']
number opened: 2
TRIAL 6
Action chosen: (cloud, purple)
Outcome: False
partcle ids: ['generator_38', 'generator_39', 'generator_40', 'generator_41', 'generator_42', 'generator_43', 'generator_44', 'generator_45', 'generator_46', 'generator_47', 'generator_28', 'generator_49', 'generator_50', 'generator_51', 'generator_52', 'generator_53', 'generator_54', 'generator_55', 'generator_56', 'generator_57', 'generator_58', 'generator_59', 'generator_60', 'generator_61', 'generator_62', 'generator_28', 'generator_64', 'generator_65', 'generator_66', 'generator_67']
number opened: 2
TRIAL 7
Action chosen: (yellow5, purple)
Outcome: False
partcle ids: ['generator_38', 'generator_39', 'generator_40', 'generator_41', 'generator_42', 'generator_43', 'generator_44', 'generator_45', 'generator_46', 'generator_47', 'generator_28', 'generator_49', 'generator_50', 'generator_51', 'generator_52', 'generator_53', 'generator_54', 'generator_55', 'generator_56', 'generator_57', 'generator_58', 'generator_59', 'generator_60', 'generator_61', 'generator_62', 'generator_28', 'generator_64', 'generator_65', 'generator_66', 'generator_67']
number opened: 2
TRIAL 8
Action chosen: (triangle, pink)
Outcome: False
partcle ids: ['generator_38', 'generator_39', 'generator_40', 'generator_41', 'generator_42', 'generator_43', 'generator_44', 'generator_45', 'generator_46', 'generator_47', 'generator_28', 'generator_49', 'generator_50', 'generator_51', 'generator_52', 'generator_53', 'generator_54', 'generator_55', 'generator_56', 'generator_57', 'generator_58', 'generator_59', 'generator_60', 'generator_61', 'generator_62', 'generator_28', 'generator_64', 'generator_65', 'generator_66', 'generator_67']
number opened: 2
TRIAL 9
Action chosen: (white, pink)
Outcome: False
partcle ids: ['generator_38', 'generator_39', 'generator_40', 'generator_41', 'generator_42', 'generator_43', 'generator_44', 'generator_45', 'generator_46', 'generator_47', 'generator_28', 'generator_49', 'generator_50', 'generator_51', 'generator_52', 'generator_53', 'generator_54', 'generator_55', 'generator_56', 'generator_57', 'generator_58', 'generator_59', 'generator_60', 'generator_61', 'generator_62', 'generator_28', 'generator_64', 'generator_65', 'generator_66', 'generator_67']
number opened: 2
TRIAL 10
Action chosen: (diamond, purple)
Outcome: False
partcle ids: ['generator_38', 'generator_39', 'generator_40', 'generator_41', 'generator_42', 'generator_43', 'generator_44', 'generator_45', 'generator_46', 'generator_47', 'generator_28', 'generator_49', 'generator_50', 'generator_51', 'generator_52', 'generator_53', 'generator_54', 'generator_55', 'generator_56', 'generator_57', 'generator_58', 'generator_59', 'generator_60', 'generator_61', 'generator_62', 'generator_28', 'generator_64', 'generator_65', 'generator_66', 'generator_67']
number opened: 2
TRIAL 11
Action chosen: (pink, pink)
Outcome: False
partcle ids: ['generator_38', 'generator_39', 'generator_40', 'generator_41', 'generator_42', 'generator_43', 'generator_44', 'generator_45', 'generator_46', 'generator_47', 'generator_28', 'generator_49', 'generator_50', 'generator_51', 'generator_52', 'generator_53', 'generator_54', 'generator_55', 'generator_56', 'generator_57', 'generator_58', 'generator_59', 'generator_60', 'generator_61', 'generator_62', 'generator_28', 'generator_64', 'generator_65', 'generator_66', 'generator_67']
number opened: 2
TRIAL 12
Action chosen: (diamond, pink)
Outcome: False
partcle ids: ['generator_38', 'generator_39', 'generator_40', 'generator_41', 'generator_42', 'generator_43', 'generator_44', 'generator_45', 'generator_46', 'generator_47', 'generator_28', 'generator_49', 'generator_50', 'generator_51', 'generator_52', 'generator_53', 'generator_54', 'generator_55', 'generator_56', 'generator_57', 'generator_58', 'generator_59', 'generator_60', 'generator_61', 'generator_62', 'generator_28', 'generator_64', 'generator_65', 'generator_66', 'generator_67']
number opened: 2
TRIAL 13
Action chosen: (blue, purple)
Outcome: False
partcle ids: ['generator_38', 'generator_39', 'generator_40', 'generator_41', 'generator_42', 'generator_43', 'generator_44', 'generator_45', 'generator_46', 'generator_47', 'generator_28', 'generator_49', 'generator_50', 'generator_51', 'generator_52', 'generator_53', 'generator_54', 'generator_55', 'generator_56', 'generator_57', 'generator_58', 'generator_59', 'generator_60', 'generator_61', 'generator_62', 'generator_28', 'generator_64', 'generator_65', 'generator_66', 'generator_67']
number opened: 2
TRIAL 14
Action chosen: (grey2, purple)
Outcome: False
partcle ids: ['generator_38', 'generator_39', 'generator_40', 'generator_41', 'generator_42', 'generator_43', 'generator_44', 'generator_45', 'generator_46', 'generator_47', 'generator_28', 'generator_49', 'generator_50', 'generator_51', 'generator_52', 'generator_53', 'generator_54', 'generator_55', 'generator_56', 'generator_57', 'generator_58', 'generator_59', 'generator_60', 'generator_61', 'generator_62', 'generator_28', 'generator_64', 'generator_65', 'generator_66', 'generator_67']
number opened: 2
TRIAL 15
Action chosen: (yellow5, purple)
Outcome: False
partcle ids: ['generator_38', 'generator_39', 'generator_40', 'generator_41', 'generator_42', 'generator_43', 'generator_44', 'generator_45', 'generator_46', 'generator_47', 'generator_28', 'generator_49', 'generator_50', 'generator_51', 'generator_52', 'generator_53', 'generator_54', 'generator_55', 'generator_56', 'generator_57', 'generator_58', 'generator_59', 'generator_60', 'generator_61', 'generator_62', 'generator_28', 'generator_64', 'generator_65', 'generator_66', 'generator_67']
number opened: 2
TRIAL 16
Action chosen: (triangle, pink)
Outcome: False
partcle ids: ['generator_38', 'generator_39', 'generator_40', 'generator_41', 'generator_42', 'generator_43', 'generator_44', 'generator_45', 'generator_46', 'generator_47', 'generator_28', 'generator_49', 'generator_50', 'generator_51', 'generator_52', 'generator_53', 'generator_54', 'generator_55', 'generator_56', 'generator_57', 'generator_58', 'generator_59', 'generator_60', 'generator_61', 'generator_62', 'generator_28', 'generator_64', 'generator_65', 'generator_66', 'generator_67']
number opened: 2
TRIAL 17
Action chosen: (yellow5, pink)
Outcome: False
partcle ids: ['generator_38', 'generator_39', 'generator_40', 'generator_41', 'generator_42', 'generator_43', 'generator_44', 'generator_45', 'generator_46', 'generator_47', 'generator_28', 'generator_49', 'generator_50', 'generator_51', 'generator_52', 'generator_53', 'generator_54', 'generator_55', 'generator_56', 'generator_57', 'generator_58', 'generator_59', 'generator_60', 'generator_61', 'generator_62', 'generator_28', 'generator_64', 'generator_65', 'generator_66', 'generator_67']
number opened: 2
TRIAL 18
Action chosen: (green3, blue)
Outcome: False
partcle ids: ['generator_38', 'generator_39', 'generator_40', 'generator_41', 'generator_42', 'generator_43', 'generator_44', 'generator_45', 'generator_46', 'generator_47', 'generator_28', 'generator_49', 'generator_50', 'generator_51', 'generator_52', 'generator_53', 'generator_54', 'generator_55', 'generator_56', 'generator_57', 'generator_58', 'generator_59', 'generator_60', 'generator_61', 'generator_62', 'generator_28', 'generator_64', 'generator_65', 'generator_66', 'generator_67']
number opened: 2
TRIAL 19
Action chosen: (pink, pink)
Outcome: False
partcle ids: ['generator_38', 'generator_39', 'generator_40', 'generator_41', 'generator_42', 'generator_43', 'generator_44', 'generator_45', 'generator_46', 'generator_47', 'generator_28', 'generator_49', 'generator_50', 'generator_51', 'generator_52', 'generator_53', 'generator_54', 'generator_55', 'generator_56', 'generator_57', 'generator_58', 'generator_59', 'generator_60', 'generator_61', 'generator_62', 'generator_28', 'generator_64', 'generator_65', 'generator_66', 'generator_67']
number opened: 2
TRIAL 20
Action chosen: (diamond, pink)
Outcome: False
partcle ids: ['generator_38', 'generator_39', 'generator_40', 'generator_41', 'generator_42', 'generator_43', 'generator_44', 'generator_45', 'generator_46', 'generator_47', 'generator_28', 'generator_49', 'generator_50', 'generator_51', 'generator_52', 'generator_53', 'generator_54', 'generator_55', 'generator_56', 'generator_57', 'generator_58', 'generator_59', 'generator_60', 'generator_61', 'generator_62', 'generator_28', 'generator_64', 'generator_65', 'generator_66', 'generator_67']
number opened: 2
TRIAL 21
Action chosen: (grey2, purple)
Outcome: False
partcle ids: ['generator_38', 'generator_39', 'generator_40', 'generator_41', 'generator_42', 'generator_43', 'generator_44', 'generator_45', 'generator_46', 'generator_47', 'generator_28', 'generator_49', 'generator_50', 'generator_51', 'generator_52', 'generator_53', 'generator_54', 'generator_55', 'generator_56', 'generator_57', 'generator_58', 'generator_59', 'generator_60', 'generator_61', 'generator_62', 'generator_28', 'generator_64', 'generator_65', 'generator_66', 'generator_67']
number opened: 2
TRIAL 22
Action chosen: (blue, purple)
Outcome: False
partcle ids: ['generator_38', 'generator_39', 'generator_40', 'generator_41', 'generator_42', 'generator_43', 'generator_44', 'generator_45', 'generator_46', 'generator_47', 'generator_28', 'generator_49', 'generator_50', 'generator_51', 'generator_52', 'generator_53', 'generator_54', 'generator_55', 'generator_56', 'generator_57', 'generator_58', 'generator_59', 'generator_60', 'generator_61', 'generator_62', 'generator_28', 'generator_64', 'generator_65', 'generator_66', 'generator_67']
number opened: 2
TRIAL 23
Action chosen: (yellow5, purple)
Outcome: False
partcle ids: ['generator_38', 'generator_39', 'generator_40', 'generator_41', 'generator_42', 'generator_43', 'generator_44', 'generator_45', 'generator_46', 'generator_47', 'generator_28', 'generator_49', 'generator_50', 'generator_51', 'generator_52', 'generator_53', 'generator_54', 'generator_55', 'generator_56', 'generator_57', 'generator_58', 'generator_59', 'generator_60', 'generator_61', 'generator_62', 'generator_28', 'generator_64', 'generator_65', 'generator_66', 'generator_67']
number opened: 2
TRIAL 24
Action chosen: (triangle, pink)
Outcome: False
partcle ids: ['generator_38', 'generator_39', 'generator_40', 'generator_41', 'generator_42', 'generator_43', 'generator_44', 'generator_45', 'generator_46', 'generator_47', 'generator_28', 'generator_49', 'generator_50', 'generator_51', 'generator_52', 'generator_53', 'generator_54', 'generator_55', 'generator_56', 'generator_57', 'generator_58', 'generator_59', 'generator_60', 'generator_61', 'generator_62', 'generator_28', 'generator_64', 'generator_65', 'generator_66', 'generator_67']
number opened: 2
TRIAL 25
Action chosen: (diamond, purple)
Outcome: False
partcle ids: ['generator_38', 'generator_39', 'generator_40', 'generator_41', 'generator_42', 'generator_43', 'generator_44', 'generator_45', 'generator_46', 'generator_47', 'generator_28', 'generator_49', 'generator_50', 'generator_51', 'generator_52', 'generator_53', 'generator_54', 'generator_55', 'generator_56', 'generator_57', 'generator_58', 'generator_59', 'generator_60', 'generator_61', 'generator_62', 'generator_28', 'generator_64', 'generator_65', 'generator_66', 'generator_67']
number opened: 2
TRIAL 26
Action chosen: (pink, pink)
Outcome: False
partcle ids: ['generator_38', 'generator_39', 'generator_40', 'generator_41', 'generator_42', 'generator_43', 'generator_44', 'generator_45', 'generator_46', 'generator_47', 'generator_28', 'generator_49', 'generator_50', 'generator_51', 'generator_52', 'generator_53', 'generator_54', 'generator_55', 'generator_56', 'generator_57', 'generator_58', 'generator_59', 'generator_60', 'generator_61', 'generator_62', 'generator_28', 'generator_64', 'generator_65', 'generator_66', 'generator_67']
number opened: 2
TRIAL 27
Action chosen: (diamond, pink)
Outcome: False
partcle ids: ['generator_38', 'generator_39', 'generator_40', 'generator_41', 'generator_42', 'generator_43', 'generator_44', 'generator_45', 'generator_46', 'generator_47', 'generator_28', 'generator_49', 'generator_50', 'generator_51', 'generator_52', 'generator_53', 'generator_54', 'generator_55', 'generator_56', 'generator_57', 'generator_58', 'generator_59', 'generator_60', 'generator_61', 'generator_62', 'generator_28', 'generator_64', 'generator_65', 'generator_66', 'generator_67']
number opened: 2
TRIAL 28
Action chosen: (yellow5, pink)
Outcome: False
partcle ids: ['generator_38', 'generator_39', 'generator_40', 'generator_41', 'generator_42', 'generator_43', 'generator_44', 'generator_45', 'generator_46', 'generator_47', 'generator_28', 'generator_49', 'generator_50', 'generator_51', 'generator_52', 'generator_53', 'generator_54', 'generator_55', 'generator_56', 'generator_57', 'generator_58', 'generator_59', 'generator_60', 'generator_61', 'generator_62', 'generator_28', 'generator_64', 'generator_65', 'generator_66', 'generator_67']
number opened: 2
TRIAL 29
Action chosen: (grey2, purple)
Outcome: False
partcle ids: ['generator_38', 'generator_39', 'generator_40', 'generator_41', 'generator_42', 'generator_43', 'generator_44', 'generator_45', 'generator_46', 'generator_47', 'generator_28', 'generator_49', 'generator_50', 'generator_51', 'generator_52', 'generator_53', 'generator_54', 'generator_55', 'generator_56', 'generator_57', 'generator_58', 'generator_59', 'generator_60', 'generator_61', 'generator_62', 'generator_28', 'generator_64', 'generator_65', 'generator_66', 'generator_67']
number opened: 2
TRIAL 30
Action chosen: (blue, purple)
Outcome: False
partcle ids: ['generator_38', 'generator_39', 'generator_40', 'generator_41', 'generator_42', 'generator_43', 'generator_44', 'generator_45', 'generator_46', 'generator_47', 'generator_28', 'generator_49', 'generator_50', 'generator_51', 'generator_52', 'generator_53', 'generator_54', 'generator_55', 'generator_56', 'generator_57', 'generator_58', 'generator_59', 'generator_60', 'generator_61', 'generator_62', 'generator_28', 'generator_64', 'generator_65', 'generator_66', 'generator_67']
number opened: 2
TRIAL 31
Action chosen: (yellow5, purple)
Outcome: False
partcle ids: ['generator_38', 'generator_39', 'generator_40', 'generator_41', 'generator_42', 'generator_43', 'generator_44', 'generator_45', 'generator_46', 'generator_47', 'generator_28', 'generator_49', 'generator_50', 'generator_51', 'generator_52', 'generator_53', 'generator_54', 'generator_55', 'generator_56', 'generator_57', 'generator_58', 'generator_59', 'generator_60', 'generator_61', 'generator_62', 'generator_28', 'generator_64', 'generator_65', 'generator_66', 'generator_67']
number opened: 2
TRIAL 32
Action chosen: (cloud, purple)
Outcome: False
partcle ids: ['generator_38', 'generator_39', 'generator_40', 'generator_41', 'generator_42', 'generator_43', 'generator_44', 'generator_45', 'generator_46', 'generator_47', 'generator_28', 'generator_49', 'generator_50', 'generator_51', 'generator_52', 'generator_53', 'generator_54', 'generator_55', 'generator_56', 'generator_57', 'generator_58', 'generator_59', 'generator_60', 'generator_61', 'generator_62', 'generator_28', 'generator_64', 'generator_65', 'generator_66', 'generator_67']
number opened: 2
TRIAL 33
Action chosen: (triangle, pink)
Outcome: False
partcle ids: ['generator_38', 'generator_39', 'generator_40', 'generator_41', 'generator_42', 'generator_43', 'generator_44', 'generator_45', 'generator_46', 'generator_47', 'generator_28', 'generator_49', 'generator_50', 'generator_51', 'generator_52', 'generator_53', 'generator_54', 'generator_55', 'generator_56', 'generator_57', 'generator_58', 'generator_59', 'generator_60', 'generator_61', 'generator_62', 'generator_28', 'generator_64', 'generator_65', 'generator_66', 'generator_67']
number opened: 2
TRIAL 34
Action chosen: (green3, blue)
Outcome: False
partcle ids: ['generator_38', 'generator_39', 'generator_40', 'generator_41', 'generator_42', 'generator_43', 'generator_44', 'generator_45', 'generator_46', 'generator_47', 'generator_28', 'generator_49', 'generator_50', 'generator_51', 'generator_52', 'generator_53', 'generator_54', 'generator_55', 'generator_56', 'generator_57', 'generator_58', 'generator_59', 'generator_60', 'generator_61', 'generator_62', 'generator_28', 'generator_64', 'generator_65', 'generator_66', 'generator_67']
number opened: 2
TRIAL 35
Action chosen: (pink, pink)
Outcome: False
partcle ids: ['generator_38', 'generator_39', 'generator_40', 'generator_41', 'generator_42', 'generator_43', 'generator_44', 'generator_45', 'generator_46', 'generator_47', 'generator_28', 'generator_49', 'generator_50', 'generator_51', 'generator_52', 'generator_53', 'generator_54', 'generator_55', 'generator_56', 'generator_57', 'generator_58', 'generator_59', 'generator_60', 'generator_61', 'generator_62', 'generator_28', 'generator_64', 'generator_65', 'generator_66', 'generator_67']
number opened: 2
TRIAL 36
Action chosen: (triangle, blue)
Outcome: False
partcle ids: ['generator_38', 'generator_39', 'generator_40', 'generator_41', 'generator_42', 'generator_43', 'generator_44', 'generator_45', 'generator_46', 'generator_47', 'generator_28', 'generator_49', 'generator_50', 'generator_51', 'generator_52', 'generator_53', 'generator_54', 'generator_55', 'generator_56', 'generator_57', 'generator_58', 'generator_59', 'generator_60', 'generator_61', 'generator_62', 'generator_28', 'generator_64', 'generator_65', 'generator_66', 'generator_67']
number opened: 2
TRIAL 37
Action chosen: (blue, purple)
Outcome: False
partcle ids: ['generator_38', 'generator_39', 'generator_40', 'generator_41', 'generator_42', 'generator_43', 'generator_44', 'generator_45', 'generator_46', 'generator_47', 'generator_28', 'generator_49', 'generator_50', 'generator_51', 'generator_52', 'generator_53', 'generator_54', 'generator_55', 'generator_56', 'generator_57', 'generator_58', 'generator_59', 'generator_60', 'generator_61', 'generator_62', 'generator_28', 'generator_64', 'generator_65', 'generator_66', 'generator_67']
number opened: 2
TRIAL 38
Action chosen: (yellow5, pink)
Outcome: False
partcle ids: ['generator_38', 'generator_39', 'generator_40', 'generator_41', 'generator_42', 'generator_43', 'generator_44', 'generator_45', 'generator_46', 'generator_47', 'generator_28', 'generator_49', 'generator_50', 'generator_51', 'generator_52', 'generator_53', 'generator_54', 'generator_55', 'generator_56', 'generator_57', 'generator_58', 'generator_59', 'generator_60', 'generator_61', 'generator_62', 'generator_28', 'generator_64', 'generator_65', 'generator_66', 'generator_67']
number opened: 2
TRIAL 39
Action chosen: (diamond, pink)
Outcome: False
partcle ids: ['generator_38', 'generator_39', 'generator_40', 'generator_41', 'generator_42', 'generator_43', 'generator_44', 'generator_45', 'generator_46', 'generator_47', 'generator_28', 'generator_49', 'generator_50', 'generator_51', 'generator_52', 'generator_53', 'generator_54', 'generator_55', 'generator_56', 'generator_57', 'generator_58', 'generator_59', 'generator_60', 'generator_61', 'generator_62', 'generator_28', 'generator_64', 'generator_65', 'generator_66', 'generator_67']
number opened: 2
TRIAL 40
Action chosen: (yellow5, purple)
Outcome: False
partcle ids: ['generator_38', 'generator_39', 'generator_40', 'generator_41', 'generator_42', 'generator_43', 'generator_44', 'generator_45', 'generator_46', 'generator_47', 'generator_28', 'generator_49', 'generator_50', 'generator_51', 'generator_52', 'generator_53', 'generator_54', 'generator_55', 'generator_56', 'generator_57', 'generator_58', 'generator_59', 'generator_60', 'generator_61', 'generator_62', 'generator_28', 'generator_64', 'generator_65', 'generator_66', 'generator_67']
number opened: 2
TRIAL 41
Action chosen: (triangle, pink)
Outcome: False
partcle ids: ['generator_38', 'generator_39', 'generator_40', 'generator_41', 'generator_42', 'generator_43', 'generator_44', 'generator_45', 'generator_46', 'generator_47', 'generator_28', 'generator_49', 'generator_50', 'generator_51', 'generator_52', 'generator_53', 'generator_54', 'generator_55', 'generator_56', 'generator_57', 'generator_58', 'generator_59', 'generator_60', 'generator_61', 'generator_62', 'generator_28', 'generator_64', 'generator_65', 'generator_66', 'generator_67']
number opened: 2
TRIAL 42
Action chosen: (white, pink)
Outcome: False
partcle ids: ['generator_38', 'generator_39', 'generator_40', 'generator_41', 'generator_42', 'generator_43', 'generator_44', 'generator_45', 'generator_46', 'generator_47', 'generator_28', 'generator_49', 'generator_50', 'generator_51', 'generator_52', 'generator_53', 'generator_54', 'generator_55', 'generator_56', 'generator_57', 'generator_58', 'generator_59', 'generator_60', 'generator_61', 'generator_62', 'generator_28', 'generator_64', 'generator_65', 'generator_66', 'generator_67']
number opened: 2
TRIAL 43
Action chosen: (pink, pink)
Outcome: False
partcle ids: ['generator_38', 'generator_39', 'generator_40', 'generator_41', 'generator_42', 'generator_43', 'generator_44', 'generator_45', 'generator_46', 'generator_47', 'generator_28', 'generator_49', 'generator_50', 'generator_51', 'generator_52', 'generator_53', 'generator_54', 'generator_55', 'generator_56', 'generator_57', 'generator_58', 'generator_59', 'generator_60', 'generator_61', 'generator_62', 'generator_28', 'generator_64', 'generator_65', 'generator_66', 'generator_67']
number opened: 2
TRIAL 44
Action chosen: (diamond, purple)
Outcome: False
partcle ids: ['generator_38', 'generator_39', 'generator_40', 'generator_41', 'generator_42', 'generator_43', 'generator_44', 'generator_45', 'generator_46', 'generator_47', 'generator_28', 'generator_49', 'generator_50', 'generator_51', 'generator_52', 'generator_53', 'generator_54', 'generator_55', 'generator_56', 'generator_57', 'generator_58', 'generator_59', 'generator_60', 'generator_61', 'generator_62', 'generator_28', 'generator_64', 'generator_65', 'generator_66', 'generator_67']
number opened: 2
TRIAL 45
Action chosen: (cloud, pink)
Outcome: False
partcle ids: ['generator_38', 'generator_39', 'generator_40', 'generator_41', 'generator_42', 'generator_43', 'generator_44', 'generator_45', 'generator_46', 'generator_47', 'generator_28', 'generator_49', 'generator_50', 'generator_51', 'generator_52', 'generator_53', 'generator_54', 'generator_55', 'generator_56', 'generator_57', 'generator_58', 'generator_59', 'generator_60', 'generator_61', 'generator_62', 'generator_28', 'generator_64', 'generator_65', 'generator_66', 'generator_67']
number opened: 2
TRIAL 46
Action chosen: (diamond, pink)
Outcome: False
partcle ids: ['generator_38', 'generator_39', 'generator_40', 'generator_41', 'generator_42', 'generator_43', 'generator_44', 'generator_45', 'generator_46', 'generator_47', 'generator_28', 'generator_49', 'generator_50', 'generator_51', 'generator_52', 'generator_53', 'generator_54', 'generator_55', 'generator_56', 'generator_57', 'generator_58', 'generator_59', 'generator_60', 'generator_61', 'generator_62', 'generator_28', 'generator_64', 'generator_65', 'generator_66', 'generator_67']
number opened: 2
TRIAL 47
Action chosen: (yellow5, pink)
Outcome: False
partcle ids: ['generator_38', 'generator_39', 'generator_40', 'generator_41', 'generator_42', 'generator_43', 'generator_44', 'generator_45', 'generator_46', 'generator_47', 'generator_28', 'generator_49', 'generator_50', 'generator_51', 'generator_52', 'generator_53', 'generator_54', 'generator_55', 'generator_56', 'generator_57', 'generator_58', 'generator_59', 'generator_60', 'generator_61', 'generator_62', 'generator_28', 'generator_64', 'generator_65', 'generator_66', 'generator_67']
number opened: 2
TRIAL 48
Action chosen: (blue, purple)
Outcome: False
partcle ids: ['generator_38', 'generator_39', 'generator_40', 'generator_41', 'generator_42', 'generator_43', 'generator_44', 'generator_45', 'generator_46', 'generator_47', 'generator_28', 'generator_49', 'generator_50', 'generator_51', 'generator_52', 'generator_53', 'generator_54', 'generator_55', 'generator_56', 'generator_57', 'generator_58', 'generator_59', 'generator_60', 'generator_61', 'generator_62', 'generator_28', 'generator_64', 'generator_65', 'generator_66', 'generator_67']
number opened: 2
TRIAL 49
Action chosen: (yellow5, purple)
Outcome: False
partcle ids: ['generator_38', 'generator_39', 'generator_40', 'generator_41', 'generator_42', 'generator_43', 'generator_44', 'generator_45', 'generator_46', 'generator_47', 'generator_28', 'generator_49', 'generator_50', 'generator_51', 'generator_52', 'generator_53', 'generator_54', 'generator_55', 'generator_56', 'generator_57', 'generator_58', 'generator_59', 'generator_60', 'generator_61', 'generator_62', 'generator_28', 'generator_64', 'generator_65', 'generator_66', 'generator_67']
number opened: 2
TRIAL 50
Action chosen: (triangle, pink)
Outcome: False
partcle ids: ['generator_38', 'generator_39', 'generator_40', 'generator_41', 'generator_42', 'generator_43', 'generator_44', 'generator_45', 'generator_46', 'generator_47', 'generator_28', 'generator_49', 'generator_50', 'generator_51', 'generator_52', 'generator_53', 'generator_54', 'generator_55', 'generator_56', 'generator_57', 'generator_58', 'generator_59', 'generator_60', 'generator_61', 'generator_62', 'generator_28', 'generator_64', 'generator_65', 'generator_66', 'generator_67']
number opened: 2
TRIAL 51
Action chosen: (pink, pink)
Outcome: False
partcle ids: ['generator_38', 'generator_39', 'generator_40', 'generator_41', 'generator_42', 'generator_43', 'generator_44', 'generator_45', 'generator_46', 'generator_47', 'generator_28', 'generator_49', 'generator_50', 'generator_51', 'generator_52', 'generator_53', 'generator_54', 'generator_55', 'generator_56', 'generator_57', 'generator_58', 'generator_59', 'generator_60', 'generator_61', 'generator_62', 'generator_28', 'generator_64', 'generator_65', 'generator_66', 'generator_67']
number opened: 2
TRIAL 52
Action chosen: (green3, blue)
Outcome: False
partcle ids: ['generator_38', 'generator_39', 'generator_40', 'generator_41', 'generator_42', 'generator_43', 'generator_44', 'generator_45', 'generator_46', 'generator_47', 'generator_28', 'generator_49', 'generator_50', 'generator_51', 'generator_52', 'generator_53', 'generator_54', 'generator_55', 'generator_56', 'generator_57', 'generator_58', 'generator_59', 'generator_60', 'generator_61', 'generator_62', 'generator_28', 'generator_64', 'generator_65', 'generator_66', 'generator_67']
number opened: 2
TRIAL 53
Action chosen: (white, pink)
Outcome: False
partcle ids: ['generator_38', 'generator_39', 'generator_40', 'generator_41', 'generator_42', 'generator_43', 'generator_44', 'generator_45', 'generator_46', 'generator_47', 'generator_28', 'generator_49', 'generator_50', 'generator_51', 'generator_52', 'generator_53', 'generator_54', 'generator_55', 'generator_56', 'generator_57', 'generator_58', 'generator_59', 'generator_60', 'generator_61', 'generator_62', 'generator_28', 'generator_64', 'generator_65', 'generator_66', 'generator_67']
number opened: 2
TRIAL 54
Action chosen: (diamond, pink)
Outcome: False
partcle ids: ['generator_38', 'generator_39', 'generator_40', 'generator_41', 'generator_42', 'generator_43', 'generator_44', 'generator_45', 'generator_46', 'generator_47', 'generator_28', 'generator_49', 'generator_50', 'generator_51', 'generator_52', 'generator_53', 'generator_54', 'generator_55', 'generator_56', 'generator_57', 'generator_58', 'generator_59', 'generator_60', 'generator_61', 'generator_62', 'generator_28', 'generator_64', 'generator_65', 'generator_66', 'generator_67']
number opened: 2
TRIAL 55
Action chosen: (yellow5, pink)
Outcome: False
partcle ids: ['generator_51', 'generator_69', 'generator_70', 'generator_71', 'generator_40', 'generator_73', 'generator_74', 'generator_75', 'generator_51', 'generator_77', 'generator_78', 'generator_57', 'generator_44', 'generator_81', 'generator_82', 'generator_83', 'generator_84', 'generator_85', 'generator_86', 'generator_87', 'generator_88', 'generator_51', 'generator_90', 'generator_91', 'generator_92', 'generator_93', 'generator_51', 'generator_95', 'number_match', 'generator_46']
number opened: 2
TRIAL 56
Action chosen: (yellow5, blue)
Outcome: True
partcle ids: ['generator_97', 'generator_51', 'generator_98', 'generator_99', 'generator_100', 'generator_101', 'number_match', 'generator_51', 'generator_104', 'generator_100', 'generator_100', 'generator_100', 'generator_105', 'generator_106', 'generator_70', 'generator_107', 'generator_70', 'generator_108', 'number_match', 'generator_70', 'generator_51', 'generator_110', 'generator_111', 'number_match', 'generator_112', 'generator_113', 'generator_51', 'generator_114', 'generator_115', 'generator_116']
number opened: 3
TRIAL 57
Action chosen: (heart, pink)
Outcome: False
partcle ids: ['generator_97', 'generator_51', 'generator_98', 'generator_99', 'generator_100', 'generator_101', 'number_match', 'generator_51', 'generator_104', 'generator_100', 'generator_100', 'generator_100', 'generator_105', 'generator_106', 'generator_70', 'generator_107', 'generator_70', 'generator_108', 'number_match', 'generator_70', 'generator_51', 'generator_110', 'generator_111', 'number_match', 'generator_112', 'generator_113', 'generator_51', 'generator_114', 'generator_115', 'generator_116']
number opened: 3
TRIAL 58
Action chosen: (green3, pink)
Outcome: False
partcle ids: ['generator_97', 'generator_51', 'generator_98', 'generator_99', 'generator_100', 'generator_101', 'number_match', 'generator_51', 'generator_104', 'generator_100', 'generator_100', 'generator_100', 'generator_105', 'generator_106', 'generator_70', 'generator_107', 'generator_70', 'generator_108', 'number_match', 'generator_70', 'generator_51', 'generator_110', 'generator_111', 'number_match', 'generator_112', 'generator_113', 'generator_51', 'generator_114', 'generator_115', 'generator_116']
number opened: 3
TRIAL 59
Action chosen: (blue, purple)
Outcome: False
partcle ids: ['generator_97', 'generator_51', 'generator_98', 'generator_99', 'generator_100', 'generator_101', 'number_match', 'generator_51', 'generator_104', 'generator_100', 'generator_100', 'generator_100', 'generator_105', 'generator_106', 'generator_70', 'generator_107', 'generator_70', 'generator_108', 'number_match', 'generator_70', 'generator_51', 'generator_110', 'generator_111', 'number_match', 'generator_112', 'generator_113', 'generator_51', 'generator_114', 'generator_115', 'generator_116']
number opened: 3
TRIAL 60
Action chosen: (white, pink)
Outcome: False
partcle ids: ['generator_97', 'generator_51', 'generator_98', 'generator_99', 'generator_100', 'generator_101', 'number_match', 'generator_51', 'generator_104', 'generator_100', 'generator_100', 'generator_100', 'generator_105', 'generator_106', 'generator_70', 'generator_107', 'generator_70', 'generator_108', 'number_match', 'generator_70', 'generator_51', 'generator_110', 'generator_111', 'number_match', 'generator_112', 'generator_113', 'generator_51', 'generator_114', 'generator_115', 'generator_116']
number opened: 3
TRIAL 61
Action chosen: (grey2, pink)
Outcome: True
partcle ids: ['generator_117', 'number_match', 'generator_118', 'number_match', 'number_match', 'generator_119', 'generator_120', 'generator_120', 'generator_121', 'generator_118', 'generator_119', 'number_match', 'number_match', 'generator_119', 'number_match', 'generator_122', 'generator_122', 'generator_118', 'number_match', 'generator_117', 'generator_119', 'generator_120', 'number_match', 'generator_123', 'generator_119', 'generator_120', 'generator_104', 'generator_118', 'generator_118', 'generator_120']
number opened: 4
TRIAL 62
Action chosen: (green3, purple)
Outcome: True
partcle ids: ['number_match', 'number_match', 'number_match', 'number_match', 'number_match', 'number_match', 'number_match', 'number_match', 'number_match', 'number_match', 'number_match', 'number_match', 'number_match', 'number_match', 'number_match', 'number_match', 'number_match', 'number_match', 'number_match', 'number_match', 'number_match', 'number_match', 'number_match', 'number_match', 'number_match', 'number_match', 'number_match', 'number_match', 'number_match', 'number_match']
number opened: 5
{"attempts": 62, "unique_key_box_pairs": 21, "revisit_attempts": 41, "revisit_rate": 0.6721311475409836, "attempts_before_abandoning_color_matching": 3, "color_matching_abandoned": true}
