{"Child_ID": "D024", "SoC_variant": "SoC-Full", "theta": [3, 1], "p_gen": 0.5, "true_prior": 0.02, "run_number": 33, "seed": 2617864770093874715}
TRIAL 1
Action chosen: (grey2, white)
Outcome: False
partcle ids: ['generator_1', 'order_match', 'similar_color_2', 'similar_color_8', 'similar_color_14', 'similar_color_12', 'generator_2', 'similar_color_13', 'generator_3', 'generator_4', 'generator_5', 'color_match', 'generator_6', 'similar_color_10', 'similar_color_1', 'similar_color_13', 'similar_color_7', 'similar_color_13', 'generator_7', 'generator_8', 'similar_color_8', 'similar_color_4', 'similar_color_4', 'generator_9', 'generator_10', 'generator_11', 'generator_12', 'generator_13', 'similar_color_11', 'generator_14']
number opened: 0
TRIAL 2
Action chosen: (pink, pink)
Outcome: False
partcle ids: ['generator_1', 'order_match', 'similar_color_2', 'similar_color_8', 'similar_color_14', 'similar_color_12', 'generator_2', 'similar_color_13', 'generator_3', 'generator_4', 'generator_5', 'color_match', 'generator_6', 'similar_color_10', 'similar_color_1', 'similar_color_13', 'similar_color_7', 'similar_color_13', 'generator_7', 'generator_8', 'similar_color_8', 'similar_color_4', 'similar_color_4', 'generator_9', 'generator_10', 'generator_11', 'generator_12', 'generator_13', 'similar_color_11', 'generator_14']
number opened: 0
TRIAL 3
Action chosen: (red, red)
Outcome: True
partcle ids: ['generator_15', 'generator_14', 'order_match', 'generator_16', 'similar_color_7', 'similar_color_1', 'generator_17', 'order_match', 'generator_18', 'color_match', 'generator_19', 'generator_14', 'generator_20', 'number_match', 'generator_21', 'generator_22', 'generator_23', 'order_match', 'generator_24', 'color_match', 'generator_25', 'similar_color_2', 'generator_26', 'generator_27', 'similar_color_8', 'color_match', 'generator_28', 'generator_29', 'similar_color_2', 'generator_30']
number opened: 1
TRIAL 4
Action chosen: (blue, blue)
Outcome: False
partcle ids: ['generator_15', 'generator_14', 'order_match', 'generator_16', 'similar_color_7', 'similar_color_1', 'generator_17', 'order_match', 'generator_18', 'color_match', 'generator_19', 'generator_14', 'generator_20', 'number_match', 'generator_21', 'generator_22', 'generator_23', 'order_match', 'generator_24', 'color_match', 'generator_25', 'similar_color_2', 'generator_26', 'generator_27', 'similar_color_8', 'color_match', 'generator_28', 'generator_29', 'similar_color_2', 'generator_30']
number opened: 1
TRIAL 5
Action chosen: (triangle, pink)
Outcome: False
partcle ids: ['generator_15', 'generator_14', 'order_match', 'generator_16', 'similar_color_7', 'similar_color_1', 'generator_17', 'order_match', 'generator_18', 'color_match', 'generator_19', 'generator_14', 'generator_20', 'number_match', 'generator_21', 'generator_22', 'generator_23', 'order_match', 'generator_24', 'color_match', 'generator_25', 'similar_color_2', 'generator_26', 'generator_27', 'similar_color_8', 'color_match', 'generator_28', 'generator_29', 'similar_color_2', 'generator_30']
number opened: 1
TRIAL 6
Action chosen: (purple, purple)
Outcome: False
partcle ids: ['generator_15', 'generator_14', 'order_match', 'generator_16', 'similar_color_7', 'similar_color_1', 'generator_17', 'order_match', 'generator_18', 'color_match', 'generator_19', 'generator_14', 'generator_20', 'number_match', 'generator_21', 'generator_22', 'generator_23', 'order_match', 'generator_24', 'color_match', 'generator_25', 'similar_color_2', 'generator_26', 'generator_27', 'similar_color_8', 'color_match', 'generator_28', 'generator_29', 'similar_color_2', 'generator_30']
number opened: 1
TRIAL 7
Action chosen: (orange4, purple)
Outcome: False
partcle ids: ['generator_15', 'generator_14', 'order_match', 'generator_16', 'similar_color_7', 'similar_color_1', 'generator_17', 'order_match', 'generator_18', 'color_match', 'generator_19', 'generator_14', 'generator_20', 'number_match', 'generator_21', 'generator_22', 'generator_23', 'order_match', 'generator_24', 'color_match', 'generator_25', 'similar_color_2', 'generator_26', 'generator_27', 'similar_color_8', 'color_match', 'generator_28', 'generator_29', 'similar_color_2', 'generator_30']
number opened: 1
TRIAL 8
Action chosen: (triangle, white)
Outcome: False
partcle ids: ['generator_15', 'generator_14', 'order_match', 'generator_16', 'similar_color_7', 'similar_color_1', 'generator_17', 'order_match', 'generator_18', 'color_match', 'generator_19', 'generator_14', 'generator_20', 'number_match', 'generator_21', 'generator_22', 'generator_23', 'order_match', 'generator_24', 'color_match', 'generator_25', 'similar_color_2', 'generator_26', 'generator_27', 'similar_color_8', 'color_match', 'generator_28', 'generator_29', 'similar_color_2', 'generator_30']
number opened: 1
TRIAL 9
Action chosen: (heart, purple)
Outcome: False
partcle ids: ['generator_15', 'generator_14', 'order_match', 'generator_16', 'similar_color_7', 'similar_color_1', 'generator_17', 'order_match', 'generator_18', 'color_match', 'generator_19', 'generator_14', 'generator_20', 'number_match', 'generator_21', 'generator_22', 'generator_23', 'order_match', 'generator_24', 'color_match', 'generator_25', 'similar_color_2', 'generator_26', 'generator_27', 'similar_color_8', 'color_match', 'generator_28', 'generator_29', 'similar_color_2', 'generator_30']
number opened: 1
TRIAL 10
Action chosen: (heart, pink)
Outcome: False
partcle ids: ['generator_15', 'generator_14', 'order_match', 'generator_16', 'similar_color_7', 'similar_color_1', 'generator_17', 'order_match', 'generator_18', 'color_match', 'generator_19', 'generator_14', 'generator_20', 'number_match', 'generator_21', 'generator_22', 'generator_23', 'order_match', 'generator_24', 'color_match', 'generator_25', 'similar_color_2', 'generator_26', 'generator_27', 'similar_color_8', 'color_match', 'generator_28', 'generator_29', 'similar_color_2', 'generator_30']
number opened: 1
TRIAL 11
Action chosen: (yellow5, blue)
Outcome: True
partcle ids: ['generator_31', 'generator_32', 'generator_33', 'generator_34', 'generator_35', 'generator_36', 'generator_37', 'generator_38', 'generator_39', 'generator_40', 'generator_41', 'generator_42', 'generator_43', 'generator_44', 'generator_45', 'generator_46', 'order_match', 'number_match', 'generator_47', 'number_match', 'generator_48', 'generator_49', 'generator_50', 'order_match', 'generator_51', 'generator_52', 'order_match', 'generator_53', 'order_match', 'generator_54']
number opened: 2
TRIAL 12
Action chosen: (grey2, pink)
Outcome: True
partcle ids: ['generator_55', 'generator_56', 'number_match', 'generator_57', 'generator_58', 'generator_59', 'generator_60', 'generator_61', 'generator_40', 'generator_62', 'generator_63', 'generator_31', 'generator_64', 'generator_65', 'generator_66', 'order_match', 'generator_67', 'generator_55', 'generator_68', 'generator_69', 'number_match', 'generator_70', 'order_match', 'number_match', 'generator_71', 'generator_72', 'generator_73', 'generator_74', 'generator_75', 'generator_76']
number opened: 3
TRIAL 13
Action chosen: (green3, white)
Outcome: False
partcle ids: ['generator_55', 'generator_56', 'number_match', 'generator_57', 'generator_58', 'generator_59', 'generator_60', 'generator_61', 'generator_40', 'generator_62', 'generator_63', 'generator_31', 'generator_64', 'generator_65', 'generator_66', 'order_match', 'generator_67', 'generator_55', 'generator_68', 'generator_69', 'number_match', 'generator_70', 'order_match', 'number_match', 'generator_71', 'generator_72', 'generator_73', 'generator_74', 'generator_75', 'generator_76']
number opened: 3
TRIAL 14
Action chosen: (green3, purple)
Outcome: True
partcle ids: ['generator_77', 'generator_69', 'number_match', 'generator_78', 'generator_74', 'generator_77', 'generator_60', 'generator_60', 'generator_79', 'generator_74', 'generator_74', 'generator_79', 'number_match', 'generator_77', 'generator_80', 'generator_77', 'generator_77', 'generator_74', 'number_match', 'generator_77', 'generator_78', 'generator_80', 'generator_77', 'generator_77', 'generator_81', 'generator_74', 'generator_60', 'generator_60', 'generator_74', 'generator_81']
number opened: 4
TRIAL 15
Action chosen: (pink, white)
Outcome: False
partcle ids: ['generator_77', 'generator_69', 'number_match', 'generator_78', 'generator_74', 'generator_77', 'generator_60', 'generator_60', 'generator_79', 'generator_74', 'generator_74', 'generator_79', 'number_match', 'generator_77', 'generator_80', 'generator_77', 'generator_77', 'generator_74', 'number_match', 'generator_77', 'generator_78', 'generator_80', 'generator_77', 'generator_77', 'generator_81', 'generator_74', 'generator_60', 'generator_60', 'generator_74', 'generator_81']
number opened: 4
TRIAL 16
Action chosen: (diamond, white)
Outcome: False
partcle ids: ['generator_77', 'generator_69', 'number_match', 'generator_78', 'generator_74', 'generator_77', 'generator_60', 'generator_60', 'generator_79', 'generator_74', 'generator_74', 'generator_79', 'number_match', 'generator_77', 'generator_80', 'generator_77', 'generator_77', 'generator_74', 'number_match', 'generator_77', 'generator_78', 'generator_80', 'generator_77', 'generator_77', 'generator_81', 'generator_74', 'generator_60', 'generator_60', 'generator_74', 'generator_81']
number opened: 4
TRIAL 17
Action chosen: (blue, white)
Outcome: False
partcle ids: ['generator_77', 'generator_69', 'number_match', 'generator_78', 'generator_74', 'generator_77', 'generator_60', 'generator_60', 'generator_79', 'generator_74', 'generator_74', 'generator_79', 'number_match', 'generator_77', 'generator_80', 'generator_77', 'generator_77', 'generator_74', 'number_match', 'generator_77', 'generator_78', 'generator_80', 'generator_77', 'generator_77', 'generator_81', 'generator_74', 'generator_60', 'generator_60', 'generator_74', 'generator_81']
number opened: 4
TRIAL 18
Action chosen: (orange4, white)
Outcome: True
partcle ids: ['number_match', 'number_match', 'number_match', 'number_match', 'number_match', 'number_match', 'number_match', 'number_match', 'number_match', 'number_match', 'number_match', 'number_match', 'number_match', 'number_match', 'number_match', 'number_match', 'number_match', 'number_match', 'number_match', 'number_match', 'number_match', 'number_match', 'number_match', 'number_match', 'number_match', 'number_match', 'number_match', 'number_match', 'number_match', 'number_match']
number opened: 5
{"attempts": 18, "unique_key_box_pairs": 18, "revisit_attempts": 0, "revisit_rate": 0.0, "attempts_before_abandoning_color_matching": 0, "color_matching_abandoned": true}
