{"Child_ID": "D005", "SoC_variant": "SoC-Full", "theta": [9, 1], "p_gen": 0.7, "true_prior": 0.02, "run_number": 15, "seed": 8980069112442602853}
TRIAL 1
Action chosen: (red, red)
Outcome: True
partcle ids: ['generator_19', 'generator_20', 'generator_21', 'generator_22', 'similar_color_6', 'generator_23', 'similar_color_10', 'generator_24', 'generator_25', 'generator_26', 'generator_27', 'order_match', 'similar_color_12', 'generator_28', 'similar_color_6', 'similar_color_13', 'generator_29', 'generator_30', 'similar_color_6', 'generator_31', 'generator_32', 'similar_color_14', 'generator_33', 'similar_color_12', 'generator_34', 'generator_35', 'generator_36', 'similar_color_1', 'generator_37', 'generator_38']
number opened: 1
TRIAL 2
Action chosen: (purple, purple)
Outcome: False
partcle ids: ['generator_19', 'generator_20', 'generator_21', 'generator_22', 'similar_color_6', 'generator_23', 'similar_color_10', 'generator_24', 'generator_25', 'generator_26', 'generator_27', 'order_match', 'similar_color_12', 'generator_28', 'similar_color_6', 'similar_color_13', 'generator_29', 'generator_30', 'similar_color_6', 'generator_31', 'generator_32', 'similar_color_14', 'generator_33', 'similar_color_12', 'generator_34', 'generator_35', 'generator_36', 'similar_color_1', 'generator_37', 'generator_38']
number opened: 1
TRIAL 3
Action chosen: (diamond, white)
Outcome: False
partcle ids: ['generator_19', 'generator_20', 'generator_21', 'generator_22', 'similar_color_6', 'generator_23', 'similar_color_10', 'generator_24', 'generator_25', 'generator_26', 'generator_27', 'order_match', 'similar_color_12', 'generator_28', 'similar_color_6', 'similar_color_13', 'generator_29', 'generator_30', 'similar_color_6', 'generator_31', 'generator_32', 'similar_color_14', 'generator_33', 'similar_color_12', 'generator_34', 'generator_35', 'generator_36', 'similar_color_1', 'generator_37', 'generator_38']
number opened: 1
TRIAL 4
Action chosen: (triangle, purple)
Outcome: False
partcle ids: ['generator_28', 'generator_40', 'generator_36', 'generator_25', 'generator_32', 'generator_43', 'generator_44', 'generator_45', 'generator_46', 'generator_22', 'generator_36', 'generator_48', 'similar_color_5', 'generator_49', 'generator_50', 'generator_51', 'generator_52', 'generator_53', 'generator_54', 'generator_55', 'generator_56', 'generator_57', 'generator_22', 'generator_29', 'generator_59', 'generator_60', 'generator_61', 'generator_32', 'generator_25', 'generator_22']
number opened: 1
TRIAL 5
Action chosen: (triangle, white)
Outcome: False
partcle ids: ['generator_28', 'generator_40', 'generator_36', 'generator_25', 'generator_32', 'generator_43', 'generator_44', 'generator_45', 'generator_46', 'generator_22', 'generator_36', 'generator_48', 'similar_color_5', 'generator_49', 'generator_50', 'generator_51', 'generator_52', 'generator_53', 'generator_54', 'generator_55', 'generator_56', 'generator_57', 'generator_22', 'generator_29', 'generator_59', 'generator_60', 'generator_61', 'generator_32', 'generator_25', 'generator_22']
number opened: 1
TRIAL 6
Action chosen: (triangle, pink)
Outcome: False
partcle ids: ['generator_28', 'generator_40', 'generator_36', 'generator_25', 'generator_32', 'generator_43', 'generator_44', 'generator_45', 'generator_46', 'generator_22', 'generator_36', 'generator_48', 'similar_color_5', 'generator_49', 'generator_50', 'generator_51', 'generator_52', 'generator_53', 'generator_54', 'generator_55', 'generator_56', 'generator_57', 'generator_22', 'generator_29', 'generator_59', 'generator_60', 'generator_61', 'generator_32', 'generator_25', 'generator_22']
number opened: 1
TRIAL 7
Action chosen: (heart, blue)
Outcome: False
partcle ids: ['generator_28', 'generator_40', 'generator_36', 'generator_25', 'generator_32', 'generator_43', 'generator_44', 'generator_45', 'generator_46', 'generator_22', 'generator_36', 'generator_48', 'similar_color_5', 'generator_49', 'generator_50', 'generator_51', 'generator_52', 'generator_53', 'generator_54', 'generator_55', 'generator_56', 'generator_57', 'generator_22', 'generator_29', 'generator_59', 'generator_60', 'generator_61', 'generator_32', 'generator_25', 'generator_22']
number opened: 1
TRIAL 8
Action chosen: (heart, white)
Outcome: False
partcle ids: ['generator_64', 'generator_65', 'generator_66', 'generator_56', 'generator_53', 'generator_57', 'generator_25', 'generator_40', 'generator_57', 'generator_68', 'generator_28', 'generator_28', 'order_match', 'generator_55', 'generator_70', 'generator_55', 'generator_59', 'generator_73', 'generator_74', 'generator_75', 'generator_76', 'generator_61', 'generator_78', 'generator_79', 'generator_52', 'generator_22', 'generator_80', 'generator_81', 'generator_82', 'generator_59']
number opened: 1
TRIAL 9
Action chosen: (diamond, blue)
Outcome: False
partcle ids: ['generator_64', 'generator_65', 'generator_66', 'generator_56', 'generator_53', 'generator_57', 'generator_25', 'generator_40', 'generator_57', 'generator_68', 'generator_28', 'generator_28', 'order_match', 'generator_55', 'generator_70', 'generator_55', 'generator_59', 'generator_73', 'generator_74', 'generator_75', 'generator_76', 'generator_61', 'generator_78', 'generator_79', 'generator_52', 'generator_22', 'generator_80', 'generator_81', 'generator_82', 'generator_59']
number opened: 1
TRIAL 10
Action chosen: (diamond, pink)
Outcome: False
partcle ids: ['generator_64', 'generator_65', 'generator_66', 'generator_56', 'generator_53', 'generator_57', 'generator_25', 'generator_40', 'generator_57', 'generator_68', 'generator_28', 'generator_28', 'order_match', 'generator_55', 'generator_70', 'generator_55', 'generator_59', 'generator_73', 'generator_74', 'generator_75', 'generator_76', 'generator_61', 'generator_78', 'generator_79', 'generator_52', 'generator_22', 'generator_80', 'generator_81', 'generator_82', 'generator_59']
number opened: 1
TRIAL 11
Action chosen: (cloud, purple)
Outcome: False
partcle ids: ['generator_64', 'generator_65', 'generator_66', 'generator_56', 'generator_53', 'generator_57', 'generator_25', 'generator_40', 'generator_57', 'generator_68', 'generator_28', 'generator_28', 'order_match', 'generator_55', 'generator_70', 'generator_55', 'generator_59', 'generator_73', 'generator_74', 'generator_75', 'generator_76', 'generator_61', 'generator_78', 'generator_79', 'generator_52', 'generator_22', 'generator_80', 'generator_81', 'generator_82', 'generator_59']
number opened: 1
TRIAL 12
Action chosen: (grey2, blue)
Outcome: False
partcle ids: ['generator_83', 'order_match', 'generator_57', 'generator_75', 'generator_86', 'generator_87', 'generator_28', 'generator_61', 'generator_89', 'similar_color_10', 'generator_90', 'generator_91', 'generator_78', 'generator_93', 'generator_53', 'generator_61', 'generator_75', 'generator_95', 'number_match', 'generator_96', 'generator_82', 'generator_97', 'generator_98', 'generator_99', 'generator_73', 'generator_100', 'generator_75', 'generator_101', 'generator_102', 'generator_66']
number opened: 1
TRIAL 13
Action chosen: (green3, white)
Outcome: False
partcle ids: ['generator_83', 'order_match', 'generator_57', 'generator_75', 'generator_86', 'generator_87', 'generator_28', 'generator_61', 'generator_89', 'similar_color_10', 'generator_90', 'generator_91', 'generator_78', 'generator_93', 'generator_53', 'generator_61', 'generator_75', 'generator_95', 'number_match', 'generator_96', 'generator_82', 'generator_97', 'generator_98', 'generator_99', 'generator_73', 'generator_100', 'generator_75', 'generator_101', 'generator_102', 'generator_66']
number opened: 1
TRIAL 14
Action chosen: (pink, pink)
Outcome: False
partcle ids: ['generator_83', 'order_match', 'generator_57', 'generator_75', 'generator_86', 'generator_87', 'generator_28', 'generator_61', 'generator_89', 'similar_color_10', 'generator_90', 'generator_91', 'generator_78', 'generator_93', 'generator_53', 'generator_61', 'generator_75', 'generator_95', 'number_match', 'generator_96', 'generator_82', 'generator_97', 'generator_98', 'generator_99', 'generator_73', 'generator_100', 'generator_75', 'generator_101', 'generator_102', 'generator_66']
number opened: 1
TRIAL 15
Action chosen: (purple, pink)
Outcome: False
partcle ids: ['generator_83', 'order_match', 'generator_57', 'generator_75', 'generator_86', 'generator_87', 'generator_28', 'generator_61', 'generator_89', 'similar_color_10', 'generator_90', 'generator_91', 'generator_78', 'generator_93', 'generator_53', 'generator_61', 'generator_75', 'generator_95', 'number_match', 'generator_96', 'generator_82', 'generator_97', 'generator_98', 'generator_99', 'generator_73', 'generator_100', 'generator_75', 'generator_101', 'generator_102', 'generator_66']
number opened: 1
TRIAL 16
Action chosen: (yellow5, blue)
Outcome: True
partcle ids: ['generator_96', 'generator_104', 'generator_96', 'generator_97', 'generator_96', 'generator_96', 'generator_109', 'generator_110', 'generator_111', 'generator_97', 'generator_96', 'generator_114', 'generator_96', 'generator_116', 'generator_117', 'generator_118', 'generator_119', 'generator_120', 'generator_121', 'number_match', 'generator_123', 'generator_96', 'number_match', 'generator_125', 'generator_96', 'generator_126', 'generator_127', 'order_match', 'generator_128', 'generator_97']
number opened: 2
TRIAL 17
Action chosen: (grey2, pink)
Outcome: True
partcle ids: ['generator_96', 'generator_104', 'generator_96', 'generator_97', 'generator_96', 'generator_96', 'generator_109', 'generator_110', 'generator_111', 'generator_97', 'generator_96', 'generator_114', 'generator_96', 'generator_116', 'generator_117', 'generator_118', 'generator_119', 'generator_120', 'generator_121', 'number_match', 'generator_123', 'generator_96', 'number_match', 'generator_125', 'generator_96', 'generator_126', 'generator_127', 'order_match', 'generator_128', 'generator_97']
number opened: 3
TRIAL 18
Action chosen: (pink, white)
Outcome: False
partcle ids: ['generator_130', 'generator_131', 'generator_132', 'generator_133', 'generator_130', 'generator_97', 'generator_96', 'generator_135', 'generator_136', 'generator_97', 'generator_138', 'generator_139', 'generator_133', 'generator_140', 'generator_141', 'generator_142', 'number_match', 'generator_143', 'generator_144', 'generator_145', 'generator_146', 'generator_97', 'generator_142', 'generator_148', 'generator_96', 'generator_149', 'generator_142', 'generator_150', 'generator_137', 'generator_151']
number opened: 3
TRIAL 19
Action chosen: (orange4, white)
Outcome: True
partcle ids: ['generator_152', 'number_match', 'number_match', 'generator_149', 'number_match', 'generator_153', 'generator_154', 'number_match', 'generator_138', 'generator_97', 'generator_97', 'number_match', 'generator_154', 'generator_138', 'generator_153', 'number_match', 'generator_155', 'generator_154', 'generator_149', 'generator_149', 'generator_138', 'generator_138', 'generator_155', 'generator_154', 'generator_154', 'generator_155', 'generator_138', 'generator_97', 'generator_149', 'generator_153']
number opened: 4
TRIAL 20
Action chosen: (green3, purple)
Outcome: True
partcle ids: ['number_match', 'number_match', 'number_match', 'number_match', 'number_match', 'number_match', 'number_match', 'number_match', 'number_match', 'number_match', 'number_match', 'number_match', 'number_match', 'number_match', 'number_match', 'number_match', 'number_match', 'number_match', 'number_match', 'number_match', 'number_match', 'number_match', 'number_match', 'number_match', 'number_match', 'number_match', 'number_match', 'number_match', 'number_match', 'number_match']
number opened: 5
{"attempts": 20, "unique_key_box_pairs": 20, "revisit_attempts": 0, "revisit_rate": 0.0, "attempts_before_abandoning_color_matching": 2, "color_matching_abandoned": true}
