{"Child_ID": "D005", "SoC_variant": "SoC-Full", "theta": [9, 1], "p_gen": 0.7, "true_prior": 0.02, "run_number": 13, "seed": 4399514433227207853}
TRIAL 1
Action chosen: (red, red)
Outcome: True
partcle ids: ['generator_20', 'generator_6', 'generator_21', 'similar_color_1', 'generator_22', 'similar_color_14', 'generator_23', 'similar_color_8', 'generator_24', 'generator_25', 'generator_26', 'generator_27', 'generator_28', 'similar_color_7', 'generator_29', 'generator_30', 'generator_31', 'generator_32', 'generator_33', 'generator_34', 'generator_35', 'similar_color_8', 'generator_36', 'generator_37', 'similar_color_7', 'generator_38', 'generator_39', 'similar_color_1', 'generator_40', 'similar_color_5']
number opened: 1
TRIAL 2
Action chosen: (pink, pink)
Outcome: False
partcle ids: ['generator_20', 'generator_6', 'generator_21', 'similar_color_1', 'generator_22', 'similar_color_14', 'generator_23', 'similar_color_8', 'generator_24', 'generator_25', 'generator_26', 'generator_27', 'generator_28', 'similar_color_7', 'generator_29', 'generator_30', 'generator_31', 'generator_32', 'generator_33', 'generator_34', 'generator_35', 'similar_color_8', 'generator_36', 'generator_37', 'similar_color_7', 'generator_38', 'generator_39', 'similar_color_1', 'generator_40', 'similar_color_5']
number opened: 1
TRIAL 3
Action chosen: (white, blue)
Outcome: False
partcle ids: ['generator_20', 'generator_6', 'generator_21', 'similar_color_1', 'generator_22', 'similar_color_14', 'generator_23', 'similar_color_8', 'generator_24', 'generator_25', 'generator_26', 'generator_27', 'generator_28', 'similar_color_7', 'generator_29', 'generator_30', 'generator_31', 'generator_32', 'generator_33', 'generator_34', 'generator_35', 'similar_color_8', 'generator_36', 'generator_37', 'similar_color_7', 'generator_38', 'generator_39', 'similar_color_1', 'generator_40', 'similar_color_5']
number opened: 1
TRIAL 4
Action chosen: (blue, white)
Outcome: False
partcle ids: ['generator_20', 'generator_6', 'generator_21', 'similar_color_1', 'generator_22', 'similar_color_14', 'generator_23', 'similar_color_8', 'generator_24', 'generator_25', 'generator_26', 'generator_27', 'generator_28', 'similar_color_7', 'generator_29', 'generator_30', 'generator_31', 'generator_32', 'generator_33', 'generator_34', 'generator_35', 'similar_color_8', 'generator_36', 'generator_37', 'similar_color_7', 'generator_38', 'generator_39', 'similar_color_1', 'generator_40', 'similar_color_5']
number opened: 1
TRIAL 5
Action chosen: (diamond, pink)
Outcome: False
partcle ids: ['generator_41', 'generator_37', 'generator_42', 'generator_43', 'generator_44', 'generator_45', 'generator_46', 'generator_47', 'generator_48', 'generator_38', 'generator_37', 'generator_50', 'generator_51', 'generator_52', 'generator_29', 'generator_54', 'generator_55', 'similar_color_14', 'generator_56', 'generator_57', 'generator_30', 'generator_30', 'generator_60', 'generator_61', 'generator_62', 'generator_63', 'generator_64', 'generator_39', 'generator_65', 'generator_66']
number opened: 1
TRIAL 6
Action chosen: (purple, white)
Outcome: False
partcle ids: ['generator_41', 'generator_37', 'generator_42', 'generator_43', 'generator_44', 'generator_45', 'generator_46', 'generator_47', 'generator_48', 'generator_38', 'generator_37', 'generator_50', 'generator_51', 'generator_52', 'generator_29', 'generator_54', 'generator_55', 'similar_color_14', 'generator_56', 'generator_57', 'generator_30', 'generator_30', 'generator_60', 'generator_61', 'generator_62', 'generator_63', 'generator_64', 'generator_39', 'generator_65', 'generator_66']
number opened: 1
TRIAL 7
Action chosen: (cloud, white)
Outcome: False
partcle ids: ['generator_41', 'generator_37', 'generator_42', 'generator_43', 'generator_44', 'generator_45', 'generator_46', 'generator_47', 'generator_48', 'generator_38', 'generator_37', 'generator_50', 'generator_51', 'generator_52', 'generator_29', 'generator_54', 'generator_55', 'similar_color_14', 'generator_56', 'generator_57', 'generator_30', 'generator_30', 'generator_60', 'generator_61', 'generator_62', 'generator_63', 'generator_64', 'generator_39', 'generator_65', 'generator_66']
number opened: 1
TRIAL 8
Action chosen: (orange4, white)
Outcome: True
partcle ids: ['generator_47', 'generator_68', 'generator_69', 'generator_70', 'generator_45', 'generator_63', 'generator_73', 'generator_74', 'generator_63', 'generator_76', 'generator_77', 'generator_78', 'generator_79', 'generator_80', 'generator_81', 'generator_82', 'generator_83', 'generator_84', 'generator_85', 'generator_45', 'generator_87', 'generator_88', 'generator_89', 'generator_90', 'generator_91', 'generator_92', 'generator_93', 'generator_94', 'generator_43', 'generator_60']
number opened: 2
TRIAL 9
Action chosen: (purple, purple)
Outcome: False
partcle ids: ['generator_47', 'generator_68', 'generator_69', 'generator_70', 'generator_45', 'generator_63', 'generator_73', 'generator_74', 'generator_63', 'generator_76', 'generator_77', 'generator_78', 'generator_79', 'generator_80', 'generator_81', 'generator_82', 'generator_83', 'generator_84', 'generator_85', 'generator_45', 'generator_87', 'generator_88', 'generator_89', 'generator_90', 'generator_91', 'generator_92', 'generator_93', 'generator_94', 'generator_43', 'generator_60']
number opened: 2
TRIAL 10
Action chosen: (white, pink)
Outcome: False
partcle ids: ['generator_47', 'generator_68', 'generator_69', 'generator_70', 'generator_45', 'generator_63', 'generator_73', 'generator_74', 'generator_63', 'generator_76', 'generator_77', 'generator_78', 'generator_79', 'generator_80', 'generator_81', 'generator_82', 'generator_83', 'generator_84', 'generator_85', 'generator_45', 'generator_87', 'generator_88', 'generator_89', 'generator_90', 'generator_91', 'generator_92', 'generator_93', 'generator_94', 'generator_43', 'generator_60']
number opened: 2
TRIAL 11
Action chosen: (diamond, blue)
Outcome: False
partcle ids: ['generator_47', 'generator_68', 'generator_69', 'generator_70', 'generator_45', 'generator_63', 'generator_73', 'generator_74', 'generator_63', 'generator_76', 'generator_77', 'generator_78', 'generator_79', 'generator_80', 'generator_81', 'generator_82', 'generator_83', 'generator_84', 'generator_85', 'generator_45', 'generator_87', 'generator_88', 'generator_89', 'generator_90', 'generator_91', 'generator_92', 'generator_93', 'generator_94', 'generator_43', 'generator_60']
number opened: 2
TRIAL 12
Action chosen: (diamond, pink)
Outcome: False
partcle ids: ['generator_47', 'generator_68', 'generator_69', 'generator_70', 'generator_45', 'generator_63', 'generator_73', 'generator_74', 'generator_63', 'generator_76', 'generator_77', 'generator_78', 'generator_79', 'generator_80', 'generator_81', 'generator_82', 'generator_83', 'generator_84', 'generator_85', 'generator_45', 'generator_87', 'generator_88', 'generator_89', 'generator_90', 'generator_91', 'generator_92', 'generator_93', 'generator_94', 'generator_43', 'generator_60']
number opened: 2
TRIAL 13
Action chosen: (green3, blue)
Outcome: False
partcle ids: ['generator_97', 'generator_82', 'generator_99', 'generator_81', 'generator_81', 'generator_102', 'generator_103', 'generator_104', 'generator_93', 'generator_106', 'generator_107', 'generator_108', 'generator_47', 'generator_93', 'generator_110', 'generator_108', 'generator_92', 'generator_112', 'generator_60', 'generator_114', 'generator_115', 'generator_94', 'generator_79', 'generator_117', 'generator_78', 'generator_119', 'generator_120', 'generator_92', 'generator_92', 'generator_78']
number opened: 2
TRIAL 14
Action chosen: (blue, pink)
Outcome: False
partcle ids: ['generator_97', 'generator_82', 'generator_99', 'generator_81', 'generator_81', 'generator_102', 'generator_103', 'generator_104', 'generator_93', 'generator_106', 'generator_107', 'generator_108', 'generator_47', 'generator_93', 'generator_110', 'generator_108', 'generator_92', 'generator_112', 'generator_60', 'generator_114', 'generator_115', 'generator_94', 'generator_79', 'generator_117', 'generator_78', 'generator_119', 'generator_120', 'generator_92', 'generator_92', 'generator_78']
number opened: 2
TRIAL 15
Action chosen: (cloud, blue)
Outcome: False
partcle ids: ['generator_97', 'generator_82', 'generator_99', 'generator_81', 'generator_81', 'generator_102', 'generator_103', 'generator_104', 'generator_93', 'generator_106', 'generator_107', 'generator_108', 'generator_47', 'generator_93', 'generator_110', 'generator_108', 'generator_92', 'generator_112', 'generator_60', 'generator_114', 'generator_115', 'generator_94', 'generator_79', 'generator_117', 'generator_78', 'generator_119', 'generator_120', 'generator_92', 'generator_92', 'generator_78']
number opened: 2
TRIAL 16
Action chosen: (heart, blue)
Outcome: False
partcle ids: ['generator_122', 'generator_123', 'generator_124', 'generator_125', 'generator_126', 'generator_127', 'generator_128', 'generator_79', 'generator_129', 'generator_130', 'generator_131', 'generator_60', 'generator_132', 'generator_133', 'generator_134', 'generator_135', 'generator_136', 'generator_110', 'generator_138', 'generator_139', 'generator_117', 'generator_140', 'generator_102', 'generator_120', 'generator_117', 'generator_120', 'generator_102', 'generator_145', 'generator_146', 'generator_147']
number opened: 2
TRIAL 17
Action chosen: (purple, pink)
Outcome: False
partcle ids: ['generator_122', 'generator_123', 'generator_124', 'generator_125', 'generator_126', 'generator_127', 'generator_128', 'generator_79', 'generator_129', 'generator_130', 'generator_131', 'generator_60', 'generator_132', 'generator_133', 'generator_134', 'generator_135', 'generator_136', 'generator_110', 'generator_138', 'generator_139', 'generator_117', 'generator_140', 'generator_102', 'generator_120', 'generator_117', 'generator_120', 'generator_102', 'generator_145', 'generator_146', 'generator_147']
number opened: 2
TRIAL 18
Action chosen: (purple, blue)
Outcome: False
partcle ids: ['generator_122', 'generator_123', 'generator_124', 'generator_125', 'generator_126', 'generator_127', 'generator_128', 'generator_79', 'generator_129', 'generator_130', 'generator_131', 'generator_60', 'generator_132', 'generator_133', 'generator_134', 'generator_135', 'generator_136', 'generator_110', 'generator_138', 'generator_139', 'generator_117', 'generator_140', 'generator_102', 'generator_120', 'generator_117', 'generator_120', 'generator_102', 'generator_145', 'generator_146', 'generator_147']
number opened: 2
TRIAL 19
Action chosen: (yellow5, pink)
Outcome: False
partcle ids: ['generator_122', 'generator_123', 'generator_124', 'generator_125', 'generator_126', 'generator_127', 'generator_128', 'generator_79', 'generator_129', 'generator_130', 'generator_131', 'generator_60', 'generator_132', 'generator_133', 'generator_134', 'generator_135', 'generator_136', 'generator_110', 'generator_138', 'generator_139', 'generator_117', 'generator_140', 'generator_102', 'generator_120', 'generator_117', 'generator_120', 'generator_102', 'generator_145', 'generator_146', 'generator_147']
number opened: 2
TRIAL 20
Action chosen: (heart, pink)
Outcome: False
partcle ids: ['generator_122', 'generator_123', 'generator_124', 'generator_125', 'generator_126', 'generator_127', 'generator_128', 'generator_79', 'generator_129', 'generator_130', 'generator_131', 'generator_60', 'generator_132', 'generator_133', 'generator_134', 'generator_135', 'generator_136', 'generator_110', 'generator_138', 'generator_139', 'generator_117', 'generator_140', 'generator_102', 'generator_120', 'generator_117', 'generator_120', 'generator_102', 'generator_145', 'generator_146', 'generator_147']
number opened: 2
TRIAL 21
Action chosen: (green3, pink)
Outcome: False
partcle ids: ['generator_148', 'generator_149', 'generator_150', 'generator_151', 'generator_146', 'generator_102', 'generator_102', 'generator_155', 'generator_102', 'generator_157', 'generator_158', 'generator_159', 'generator_139', 'generator_145', 'generator_145', 'generator_133', 'generator_139', 'generator_102', 'generator_166', 'generator_167', 'generator_102', 'number_match', 'generator_102', 'generator_145', 'generator_102', 'generator_110', 'generator_102', 'generator_172', 'generator_133', 'generator_145']
number opened: 2
TRIAL 22
Action chosen: (pink, blue)
Outcome: False
partcle ids: ['generator_148', 'generator_149', 'generator_150', 'generator_151', 'generator_146', 'generator_102', 'generator_102', 'generator_155', 'generator_102', 'generator_157', 'generator_158', 'generator_159', 'generator_139', 'generator_145', 'generator_145', 'generator_133', 'generator_139', 'generator_102', 'generator_166', 'generator_167', 'generator_102', 'number_match', 'generator_102', 'generator_145', 'generator_102', 'generator_110', 'generator_102', 'generator_172', 'generator_133', 'generator_145']
number opened: 2
TRIAL 23
Action chosen: (grey2, pink)
Outcome: True
partcle ids: ['generator_175', 'generator_176', 'generator_177', 'generator_178', 'generator_179', 'generator_180', 'generator_181', 'generator_182', 'number_match', 'generator_183', 'generator_184', 'generator_185', 'generator_186', 'generator_187', 'generator_188', 'generator_189', 'generator_190', 'generator_176', 'generator_188', 'generator_178', 'generator_191', 'generator_192', 'generator_193', 'generator_194', 'generator_179', 'generator_195', 'generator_175', 'generator_196', 'generator_197', 'generator_198']
number opened: 3
TRIAL 24
Action chosen: (blue, blue)
Outcome: False
partcle ids: ['generator_175', 'generator_176', 'generator_177', 'generator_178', 'generator_179', 'generator_180', 'generator_181', 'generator_182', 'number_match', 'generator_183', 'generator_184', 'generator_185', 'generator_186', 'generator_187', 'generator_188', 'generator_189', 'generator_190', 'generator_176', 'generator_188', 'generator_178', 'generator_191', 'generator_192', 'generator_193', 'generator_194', 'generator_179', 'generator_195', 'generator_175', 'generator_196', 'generator_197', 'generator_198']
number opened: 3
TRIAL 25
Action chosen: (purple, blue)
Outcome: False
partcle ids: ['generator_175', 'generator_176', 'generator_177', 'generator_178', 'generator_179', 'generator_180', 'generator_181', 'generator_182', 'number_match', 'generator_183', 'generator_184', 'generator_185', 'generator_186', 'generator_187', 'generator_188', 'generator_189', 'generator_190', 'generator_176', 'generator_188', 'generator_178', 'generator_191', 'generator_192', 'generator_193', 'generator_194', 'generator_179', 'generator_195', 'generator_175', 'generator_196', 'generator_197', 'generator_198']
number opened: 3
TRIAL 26
Action chosen: (heart, blue)
Outcome: False
partcle ids: ['generator_175', 'generator_176', 'generator_177', 'generator_178', 'generator_179', 'generator_180', 'generator_181', 'generator_182', 'number_match', 'generator_183', 'generator_184', 'generator_185', 'generator_186', 'generator_187', 'generator_188', 'generator_189', 'generator_190', 'generator_176', 'generator_188', 'generator_178', 'generator_191', 'generator_192', 'generator_193', 'generator_194', 'generator_179', 'generator_195', 'generator_175', 'generator_196', 'generator_197', 'generator_198']
number opened: 3
TRIAL 27
Action chosen: (blue, purple)
Outcome: False
partcle ids: ['generator_175', 'generator_176', 'generator_177', 'generator_178', 'generator_179', 'generator_180', 'generator_181', 'generator_182', 'number_match', 'generator_183', 'generator_184', 'generator_185', 'generator_186', 'generator_187', 'generator_188', 'generator_189', 'generator_190', 'generator_176', 'generator_188', 'generator_178', 'generator_191', 'generator_192', 'generator_193', 'generator_194', 'generator_179', 'generator_195', 'generator_175', 'generator_196', 'generator_197', 'generator_198']
number opened: 3
TRIAL 28
Action chosen: (green3, purple)
Outcome: True
partcle ids: ['generator_178', 'number_match', 'generator_199', 'generator_178', 'generator_201', 'number_match', 'generator_178', 'generator_178', 'generator_178', 'generator_202', 'generator_203', 'generator_202', 'generator_202', 'generator_178', 'number_match', 'generator_178', 'number_match', 'generator_202', 'generator_178', 'generator_202', 'number_match', 'generator_205', 'generator_178', 'generator_200', 'generator_178', 'generator_178', 'generator_178', 'number_match', 'generator_199', 'number_match']
number opened: 4
TRIAL 29
Action chosen: (triangle, blue)
Outcome: False
partcle ids: ['generator_178', 'number_match', 'generator_199', 'generator_178', 'generator_201', 'number_match', 'generator_178', 'generator_178', 'generator_178', 'generator_202', 'generator_203', 'generator_202', 'generator_202', 'generator_178', 'number_match', 'generator_178', 'number_match', 'generator_202', 'generator_178', 'generator_202', 'number_match', 'generator_205', 'generator_178', 'generator_200', 'generator_178', 'generator_178', 'generator_178', 'number_match', 'generator_199', 'number_match']
number opened: 4
TRIAL 30
Action chosen: (yellow5, blue)
Outcome: True
partcle ids: ['number_match', 'number_match', 'number_match', 'number_match', 'number_match', 'number_match', 'number_match', 'number_match', 'number_match', 'number_match', 'number_match', 'number_match', 'number_match', 'number_match', 'number_match', 'number_match', 'number_match', 'number_match', 'number_match', 'number_match', 'number_match', 'number_match', 'number_match', 'number_match', 'number_match', 'number_match', 'number_match', 'number_match', 'number_match', 'number_match']
number opened: 5
{"attempts": 30, "unique_key_box_pairs": 27, "revisit_attempts": 3, "revisit_rate": 0.10344827586206896, "attempts_before_abandoning_color_matching": 2, "color_matching_abandoned": true}
