{"Child_ID": "D004", "SoC_variant": "SoC-Full", "theta": [1, 3], "p_gen": 0.2, "true_prior": 0.02, "run_number": 71, "seed": 986075435214105194}
TRIAL 1
Action chosen: (blue, blue)
Outcome: False
partcle ids: ['order_match', 'similar_color_11', 'similar_color_3', 'shape_match', 'similar_color_14', 'similar_color_11', 'similar_color_9', 'similar_color_6', 'similar_color_8', 'generator_1', 'similar_color_8', 'generator_2', 'generator_3', 'similar_color_4', 'similar_color_1', 'generator_4', 'similar_color_5', 'similar_color_6', 'similar_color_11', 'generator_5', 'similar_color_14', 'similar_color_3', 'similar_color_10', 'generator_6', 'similar_color_4', 'similar_color_7', 'similar_color_9', 'similar_color_5', 'order_match', 'similar_color_1']
number opened: 0
TRIAL 2
Action chosen: (heart, blue)
Outcome: False
partcle ids: ['order_match', 'similar_color_11', 'similar_color_3', 'shape_match', 'similar_color_14', 'similar_color_11', 'similar_color_9', 'similar_color_6', 'similar_color_8', 'generator_1', 'similar_color_8', 'generator_2', 'generator_3', 'similar_color_4', 'similar_color_1', 'generator_4', 'similar_color_5', 'similar_color_6', 'similar_color_11', 'generator_5', 'similar_color_14', 'similar_color_3', 'similar_color_10', 'generator_6', 'similar_color_4', 'similar_color_7', 'similar_color_9', 'similar_color_5', 'order_match', 'similar_color_1']
number opened: 0
TRIAL 3
Action chosen: (green3, blue)
Outcome: False
partcle ids: ['order_match', 'similar_color_11', 'similar_color_3', 'shape_match', 'similar_color_14', 'similar_color_11', 'similar_color_9', 'similar_color_6', 'similar_color_8', 'generator_1', 'similar_color_8', 'generator_2', 'generator_3', 'similar_color_4', 'similar_color_1', 'generator_4', 'similar_color_5', 'similar_color_6', 'similar_color_11', 'generator_5', 'similar_color_14', 'similar_color_3', 'similar_color_10', 'generator_6', 'similar_color_4', 'similar_color_7', 'similar_color_9', 'similar_color_5', 'order_match', 'similar_color_1']
number opened: 0
TRIAL 4
Action chosen: (blue, blue)
Outcome: False
partcle ids: ['order_match', 'similar_color_11', 'similar_color_3', 'shape_match', 'similar_color_14', 'similar_color_11', 'similar_color_9', 'similar_color_6', 'similar_color_8', 'generator_1', 'similar_color_8', 'generator_2', 'generator_3', 'similar_color_4', 'similar_color_1', 'generator_4', 'similar_color_5', 'similar_color_6', 'similar_color_11', 'generator_5', 'similar_color_14', 'similar_color_3', 'similar_color_10', 'generator_6', 'similar_color_4', 'similar_color_7', 'similar_color_9', 'similar_color_5', 'order_match', 'similar_color_1']
number opened: 0
TRIAL 5
Action chosen: (green3, blue)
Outcome: False
partcle ids: ['order_match', 'similar_color_11', 'similar_color_3', 'shape_match', 'similar_color_14', 'similar_color_11', 'similar_color_9', 'similar_color_6', 'similar_color_8', 'generator_1', 'similar_color_8', 'generator_2', 'generator_3', 'similar_color_4', 'similar_color_1', 'generator_4', 'similar_color_5', 'similar_color_6', 'similar_color_11', 'generator_5', 'similar_color_14', 'similar_color_3', 'similar_color_10', 'generator_6', 'similar_color_4', 'similar_color_7', 'similar_color_9', 'similar_color_5', 'order_match', 'similar_color_1']
number opened: 0
TRIAL 6
Action chosen: (heart, blue)
Outcome: False
partcle ids: ['order_match', 'similar_color_11', 'similar_color_3', 'shape_match', 'similar_color_14', 'similar_color_11', 'similar_color_9', 'similar_color_6', 'similar_color_8', 'generator_1', 'similar_color_8', 'generator_2', 'generator_3', 'similar_color_4', 'similar_color_1', 'generator_4', 'similar_color_5', 'similar_color_6', 'similar_color_11', 'generator_5', 'similar_color_14', 'similar_color_3', 'similar_color_10', 'generator_6', 'similar_color_4', 'similar_color_7', 'similar_color_9', 'similar_color_5', 'order_match', 'similar_color_1']
number opened: 0
TRIAL 7
Action chosen: (blue, blue)
Outcome: False
partcle ids: ['order_match', 'similar_color_11', 'similar_color_3', 'shape_match', 'similar_color_14', 'similar_color_11', 'similar_color_9', 'similar_color_6', 'similar_color_8', 'generator_1', 'similar_color_8', 'generator_2', 'generator_3', 'similar_color_4', 'similar_color_1', 'generator_4', 'similar_color_5', 'similar_color_6', 'similar_color_11', 'generator_5', 'similar_color_14', 'similar_color_3', 'similar_color_10', 'generator_6', 'similar_color_4', 'similar_color_7', 'similar_color_9', 'similar_color_5', 'order_match', 'similar_color_1']
number opened: 0
TRIAL 8
Action chosen: (green3, blue)
Outcome: False
partcle ids: ['order_match', 'similar_color_11', 'similar_color_3', 'shape_match', 'similar_color_14', 'similar_color_11', 'similar_color_9', 'similar_color_6', 'similar_color_8', 'generator_1', 'similar_color_8', 'generator_2', 'generator_3', 'similar_color_4', 'similar_color_1', 'generator_4', 'similar_color_5', 'similar_color_6', 'similar_color_11', 'generator_5', 'similar_color_14', 'similar_color_3', 'similar_color_10', 'generator_6', 'similar_color_4', 'similar_color_7', 'similar_color_9', 'similar_color_5', 'order_match', 'similar_color_1']
number opened: 0
TRIAL 9
Action chosen: (heart, blue)
Outcome: False
partcle ids: ['order_match', 'similar_color_11', 'similar_color_3', 'shape_match', 'similar_color_14', 'similar_color_11', 'similar_color_9', 'similar_color_6', 'similar_color_8', 'generator_1', 'similar_color_8', 'generator_2', 'generator_3', 'similar_color_4', 'similar_color_1', 'generator_4', 'similar_color_5', 'similar_color_6', 'similar_color_11', 'generator_5', 'similar_color_14', 'similar_color_3', 'similar_color_10', 'generator_6', 'similar_color_4', 'similar_color_7', 'similar_color_9', 'similar_color_5', 'order_match', 'similar_color_1']
number opened: 0
TRIAL 10
Action chosen: (blue, blue)
Outcome: False
partcle ids: ['order_match', 'similar_color_11', 'similar_color_3', 'shape_match', 'similar_color_14', 'similar_color_11', 'similar_color_9', 'similar_color_6', 'similar_color_8', 'generator_1', 'similar_color_8', 'generator_2', 'generator_3', 'similar_color_4', 'similar_color_1', 'generator_4', 'similar_color_5', 'similar_color_6', 'similar_color_11', 'generator_5', 'similar_color_14', 'similar_color_3', 'similar_color_10', 'generator_6', 'similar_color_4', 'similar_color_7', 'similar_color_9', 'similar_color_5', 'order_match', 'similar_color_1']
number opened: 0
TRIAL 11
Action chosen: (heart, blue)
Outcome: False
partcle ids: ['order_match', 'similar_color_11', 'similar_color_3', 'shape_match', 'similar_color_14', 'similar_color_11', 'similar_color_9', 'similar_color_6', 'similar_color_8', 'generator_1', 'similar_color_8', 'generator_2', 'generator_3', 'similar_color_4', 'similar_color_1', 'generator_4', 'similar_color_5', 'similar_color_6', 'similar_color_11', 'generator_5', 'similar_color_14', 'similar_color_3', 'similar_color_10', 'generator_6', 'similar_color_4', 'similar_color_7', 'similar_color_9', 'similar_color_5', 'order_match', 'similar_color_1']
number opened: 0
TRIAL 12
Action chosen: (green3, blue)
Outcome: False
partcle ids: ['order_match', 'similar_color_11', 'similar_color_3', 'shape_match', 'similar_color_14', 'similar_color_11', 'similar_color_9', 'similar_color_6', 'similar_color_8', 'generator_1', 'similar_color_8', 'generator_2', 'generator_3', 'similar_color_4', 'similar_color_1', 'generator_4', 'similar_color_5', 'similar_color_6', 'similar_color_11', 'generator_5', 'similar_color_14', 'similar_color_3', 'similar_color_10', 'generator_6', 'similar_color_4', 'similar_color_7', 'similar_color_9', 'similar_color_5', 'order_match', 'similar_color_1']
number opened: 0
TRIAL 13
Action chosen: (blue, blue)
Outcome: False
partcle ids: ['order_match', 'similar_color_11', 'similar_color_3', 'shape_match', 'similar_color_14', 'similar_color_11', 'similar_color_9', 'similar_color_6', 'similar_color_8', 'generator_1', 'similar_color_8', 'generator_2', 'generator_3', 'similar_color_4', 'similar_color_1', 'generator_4', 'similar_color_5', 'similar_color_6', 'similar_color_11', 'generator_5', 'similar_color_14', 'similar_color_3', 'similar_color_10', 'generator_6', 'similar_color_4', 'similar_color_7', 'similar_color_9', 'similar_color_5', 'order_match', 'similar_color_1']
number opened: 0
TRIAL 14
Action chosen: (green3, blue)
Outcome: False
partcle ids: ['order_match', 'similar_color_11', 'similar_color_3', 'shape_match', 'similar_color_14', 'similar_color_11', 'similar_color_9', 'similar_color_6', 'similar_color_8', 'generator_1', 'similar_color_8', 'generator_2', 'generator_3', 'similar_color_4', 'similar_color_1', 'generator_4', 'similar_color_5', 'similar_color_6', 'similar_color_11', 'generator_5', 'similar_color_14', 'similar_color_3', 'similar_color_10', 'generator_6', 'similar_color_4', 'similar_color_7', 'similar_color_9', 'similar_color_5', 'order_match', 'similar_color_1']
number opened: 0
TRIAL 15
Action chosen: (heart, blue)
Outcome: False
partcle ids: ['order_match', 'similar_color_11', 'similar_color_3', 'shape_match', 'similar_color_14', 'similar_color_11', 'similar_color_9', 'similar_color_6', 'similar_color_8', 'generator_1', 'similar_color_8', 'generator_2', 'generator_3', 'similar_color_4', 'similar_color_1', 'generator_4', 'similar_color_5', 'similar_color_6', 'similar_color_11', 'generator_5', 'similar_color_14', 'similar_color_3', 'similar_color_10', 'generator_6', 'similar_color_4', 'similar_color_7', 'similar_color_9', 'similar_color_5', 'order_match', 'similar_color_1']
number opened: 0
TRIAL 16
Action chosen: (blue, blue)
Outcome: False
partcle ids: ['order_match', 'similar_color_11', 'similar_color_3', 'shape_match', 'similar_color_14', 'similar_color_11', 'similar_color_9', 'similar_color_6', 'similar_color_8', 'generator_1', 'similar_color_8', 'generator_2', 'generator_3', 'similar_color_4', 'similar_color_1', 'generator_4', 'similar_color_5', 'similar_color_6', 'similar_color_11', 'generator_5', 'similar_color_14', 'similar_color_3', 'similar_color_10', 'generator_6', 'similar_color_4', 'similar_color_7', 'similar_color_9', 'similar_color_5', 'order_match', 'similar_color_1']
number opened: 0
TRIAL 17
Action chosen: (purple, purple)
Outcome: False
partcle ids: ['order_match', 'similar_color_11', 'similar_color_3', 'shape_match', 'similar_color_14', 'similar_color_11', 'similar_color_9', 'similar_color_6', 'similar_color_8', 'generator_1', 'similar_color_8', 'generator_2', 'generator_3', 'similar_color_4', 'similar_color_1', 'generator_4', 'similar_color_5', 'similar_color_6', 'similar_color_11', 'generator_5', 'similar_color_14', 'similar_color_3', 'similar_color_10', 'generator_6', 'similar_color_4', 'similar_color_7', 'similar_color_9', 'similar_color_5', 'order_match', 'similar_color_1']
number opened: 0
TRIAL 18
Action chosen: (pink, pink)
Outcome: False
partcle ids: ['order_match', 'similar_color_11', 'similar_color_3', 'shape_match', 'similar_color_14', 'similar_color_11', 'similar_color_9', 'similar_color_6', 'similar_color_8', 'generator_1', 'similar_color_8', 'generator_2', 'generator_3', 'similar_color_4', 'similar_color_1', 'generator_4', 'similar_color_5', 'similar_color_6', 'similar_color_11', 'generator_5', 'similar_color_14', 'similar_color_3', 'similar_color_10', 'generator_6', 'similar_color_4', 'similar_color_7', 'similar_color_9', 'similar_color_5', 'order_match', 'similar_color_1']
number opened: 0
TRIAL 19
Action chosen: (pink, pink)
Outcome: False
partcle ids: ['order_match', 'similar_color_11', 'similar_color_3', 'shape_match', 'similar_color_14', 'similar_color_11', 'similar_color_9', 'similar_color_6', 'similar_color_8', 'generator_1', 'similar_color_8', 'generator_2', 'generator_3', 'similar_color_4', 'similar_color_1', 'generator_4', 'similar_color_5', 'similar_color_6', 'similar_color_11', 'generator_5', 'similar_color_14', 'similar_color_3', 'similar_color_10', 'generator_6', 'similar_color_4', 'similar_color_7', 'similar_color_9', 'similar_color_5', 'order_match', 'similar_color_1']
number opened: 0
TRIAL 20
Action chosen: (purple, purple)
Outcome: False
partcle ids: ['order_match', 'similar_color_11', 'similar_color_3', 'shape_match', 'similar_color_14', 'similar_color_11', 'similar_color_9', 'similar_color_6', 'similar_color_8', 'generator_1', 'similar_color_8', 'generator_2', 'generator_3', 'similar_color_4', 'similar_color_1', 'generator_4', 'similar_color_5', 'similar_color_6', 'similar_color_11', 'generator_5', 'similar_color_14', 'similar_color_3', 'similar_color_10', 'generator_6', 'similar_color_4', 'similar_color_7', 'similar_color_9', 'similar_color_5', 'order_match', 'similar_color_1']
number opened: 0
TRIAL 21
Action chosen: (pink, pink)
Outcome: False
partcle ids: ['order_match', 'similar_color_11', 'similar_color_3', 'shape_match', 'similar_color_14', 'similar_color_11', 'similar_color_9', 'similar_color_6', 'similar_color_8', 'generator_1', 'similar_color_8', 'generator_2', 'generator_3', 'similar_color_4', 'similar_color_1', 'generator_4', 'similar_color_5', 'similar_color_6', 'similar_color_11', 'generator_5', 'similar_color_14', 'similar_color_3', 'similar_color_10', 'generator_6', 'similar_color_4', 'similar_color_7', 'similar_color_9', 'similar_color_5', 'order_match', 'similar_color_1']
number opened: 0
TRIAL 22
Action chosen: (purple, purple)
Outcome: False
partcle ids: ['order_match', 'similar_color_11', 'similar_color_3', 'shape_match', 'similar_color_14', 'similar_color_11', 'similar_color_9', 'similar_color_6', 'similar_color_8', 'generator_1', 'similar_color_8', 'generator_2', 'generator_3', 'similar_color_4', 'similar_color_1', 'generator_4', 'similar_color_5', 'similar_color_6', 'similar_color_11', 'generator_5', 'similar_color_14', 'similar_color_3', 'similar_color_10', 'generator_6', 'similar_color_4', 'similar_color_7', 'similar_color_9', 'similar_color_5', 'order_match', 'similar_color_1']
number opened: 0
TRIAL 23
Action chosen: (pink, pink)
Outcome: False
partcle ids: ['order_match', 'similar_color_11', 'similar_color_3', 'shape_match', 'similar_color_14', 'similar_color_11', 'similar_color_9', 'similar_color_6', 'similar_color_8', 'generator_1', 'similar_color_8', 'generator_2', 'generator_3', 'similar_color_4', 'similar_color_1', 'generator_4', 'similar_color_5', 'similar_color_6', 'similar_color_11', 'generator_5', 'similar_color_14', 'similar_color_3', 'similar_color_10', 'generator_6', 'similar_color_4', 'similar_color_7', 'similar_color_9', 'similar_color_5', 'order_match', 'similar_color_1']
number opened: 0
TRIAL 24
Action chosen: (pink, pink)
Outcome: False
partcle ids: ['shape_match', 'generator_6', 'generator_7', 'order_match', 'shape_match', 'order_match', 'similar_color_5', 'similar_color_7', 'generator_2', 'similar_color_1', 'similar_color_5', 'generator_2', 'generator_2', 'generator_5', 'generator_8', 'generator_9', 'generator_6', 'generator_1', 'generator_1', 'generator_1', 'shape_match', 'order_match', 'similar_color_11', 'generator_10', 'similar_color_3', 'generator_11', 'generator_12', 'similar_color_6', 'shape_match', 'generator_2']
number opened: 0
TRIAL 25
Action chosen: (red, red)
Outcome: True
partcle ids: ['similar_color_10', 'similar_color_13', 'generator_12', 'similar_color_5', 'generator_13', 'similar_color_14', 'order_match', 'similar_color_12', 'similar_color_1', 'similar_color_9', 'similar_color_13', 'order_match', 'similar_color_14', 'generator_14', 'similar_color_11', 'generator_15', 'order_match', 'similar_color_5', 'order_match', 'generator_16', 'similar_color_11', 'generator_12', 'similar_color_6', 'similar_color_2', 'similar_color_5', 'order_match', 'generator_17', 'similar_color_5', 'similar_color_14', 'generator_18']
number opened: 1
TRIAL 26
Action chosen: (cloud, white)
Outcome: False
partcle ids: ['similar_color_10', 'similar_color_13', 'generator_12', 'similar_color_5', 'generator_13', 'similar_color_14', 'order_match', 'similar_color_12', 'similar_color_1', 'similar_color_9', 'similar_color_13', 'order_match', 'similar_color_14', 'generator_14', 'similar_color_11', 'generator_15', 'order_match', 'similar_color_5', 'order_match', 'generator_16', 'similar_color_11', 'generator_12', 'similar_color_6', 'similar_color_2', 'similar_color_5', 'order_match', 'generator_17', 'similar_color_5', 'similar_color_14', 'generator_18']
number opened: 1
TRIAL 27
Action chosen: (green3, blue)
Outcome: False
partcle ids: ['similar_color_10', 'similar_color_13', 'generator_12', 'similar_color_5', 'generator_13', 'similar_color_14', 'order_match', 'similar_color_12', 'similar_color_1', 'similar_color_9', 'similar_color_13', 'order_match', 'similar_color_14', 'generator_14', 'similar_color_11', 'generator_15', 'order_match', 'similar_color_5', 'order_match', 'generator_16', 'similar_color_11', 'generator_12', 'similar_color_6', 'similar_color_2', 'similar_color_5', 'order_match', 'generator_17', 'similar_color_5', 'similar_color_14', 'generator_18']
number opened: 1
TRIAL 28
Action chosen: (cloud, white)
Outcome: False
partcle ids: ['similar_color_10', 'similar_color_13', 'generator_12', 'similar_color_5', 'generator_13', 'similar_color_14', 'order_match', 'similar_color_12', 'similar_color_1', 'similar_color_9', 'similar_color_13', 'order_match', 'similar_color_14', 'generator_14', 'similar_color_11', 'generator_15', 'order_match', 'similar_color_5', 'order_match', 'generator_16', 'similar_color_11', 'generator_12', 'similar_color_6', 'similar_color_2', 'similar_color_5', 'order_match', 'generator_17', 'similar_color_5', 'similar_color_14', 'generator_18']
number opened: 1
TRIAL 29
Action chosen: (grey2, pink)
Outcome: True
partcle ids: ['generator_12', 'order_match', 'order_match', 'generator_20', 'order_match', 'generator_21', 'generator_22', 'generator_23', 'generator_24', 'generator_25', 'order_match', 'generator_26', 'generator_27', 'generator_28', 'generator_29', 'order_match', 'generator_30', 'generator_31', 'generator_13', 'generator_32', 'generator_33', 'generator_34', 'generator_35', 'generator_36', 'generator_37', 'generator_38', 'generator_39', 'generator_40', 'order_match', 'generator_41']
number opened: 2
TRIAL 30
Action chosen: (orange4, purple)
Outcome: False
partcle ids: ['generator_12', 'order_match', 'order_match', 'generator_20', 'order_match', 'generator_21', 'generator_22', 'generator_23', 'generator_24', 'generator_25', 'order_match', 'generator_26', 'generator_27', 'generator_28', 'generator_29', 'order_match', 'generator_30', 'generator_31', 'generator_13', 'generator_32', 'generator_33', 'generator_34', 'generator_35', 'generator_36', 'generator_37', 'generator_38', 'generator_39', 'generator_40', 'order_match', 'generator_41']
number opened: 2
TRIAL 31
Action chosen: (orange4, purple)
Outcome: False
partcle ids: ['generator_12', 'order_match', 'order_match', 'generator_20', 'order_match', 'generator_21', 'generator_22', 'generator_23', 'generator_24', 'generator_25', 'order_match', 'generator_26', 'generator_27', 'generator_28', 'generator_29', 'order_match', 'generator_30', 'generator_31', 'generator_13', 'generator_32', 'generator_33', 'generator_34', 'generator_35', 'generator_36', 'generator_37', 'generator_38', 'generator_39', 'generator_40', 'order_match', 'generator_41']
number opened: 2
TRIAL 32
Action chosen: (pink, purple)
Outcome: False
partcle ids: ['generator_12', 'order_match', 'order_match', 'generator_20', 'order_match', 'generator_21', 'generator_22', 'generator_23', 'generator_24', 'generator_25', 'order_match', 'generator_26', 'generator_27', 'generator_28', 'generator_29', 'order_match', 'generator_30', 'generator_31', 'generator_13', 'generator_32', 'generator_33', 'generator_34', 'generator_35', 'generator_36', 'generator_37', 'generator_38', 'generator_39', 'generator_40', 'order_match', 'generator_41']
number opened: 2
TRIAL 33
Action chosen: (white, blue)
Outcome: False
partcle ids: ['generator_12', 'order_match', 'order_match', 'generator_20', 'order_match', 'generator_21', 'generator_22', 'generator_23', 'generator_24', 'generator_25', 'order_match', 'generator_26', 'generator_27', 'generator_28', 'generator_29', 'order_match', 'generator_30', 'generator_31', 'generator_13', 'generator_32', 'generator_33', 'generator_34', 'generator_35', 'generator_36', 'generator_37', 'generator_38', 'generator_39', 'generator_40', 'order_match', 'generator_41']
number opened: 2
TRIAL 34
Action chosen: (orange4, purple)
Outcome: False
partcle ids: ['generator_12', 'order_match', 'order_match', 'generator_20', 'order_match', 'generator_21', 'generator_22', 'generator_23', 'generator_24', 'generator_25', 'order_match', 'generator_26', 'generator_27', 'generator_28', 'generator_29', 'order_match', 'generator_30', 'generator_31', 'generator_13', 'generator_32', 'generator_33', 'generator_34', 'generator_35', 'generator_36', 'generator_37', 'generator_38', 'generator_39', 'generator_40', 'order_match', 'generator_41']
number opened: 2
TRIAL 35
Action chosen: (pink, purple)
Outcome: False
partcle ids: ['generator_12', 'order_match', 'order_match', 'generator_20', 'order_match', 'generator_21', 'generator_22', 'generator_23', 'generator_24', 'generator_25', 'order_match', 'generator_26', 'generator_27', 'generator_28', 'generator_29', 'order_match', 'generator_30', 'generator_31', 'generator_13', 'generator_32', 'generator_33', 'generator_34', 'generator_35', 'generator_36', 'generator_37', 'generator_38', 'generator_39', 'generator_40', 'order_match', 'generator_41']
number opened: 2
TRIAL 36
Action chosen: (pink, white)
Outcome: False
partcle ids: ['generator_12', 'order_match', 'order_match', 'generator_20', 'order_match', 'generator_21', 'generator_22', 'generator_23', 'generator_24', 'generator_25', 'order_match', 'generator_26', 'generator_27', 'generator_28', 'generator_29', 'order_match', 'generator_30', 'generator_31', 'generator_13', 'generator_32', 'generator_33', 'generator_34', 'generator_35', 'generator_36', 'generator_37', 'generator_38', 'generator_39', 'generator_40', 'order_match', 'generator_41']
number opened: 2
TRIAL 37
Action chosen: (orange4, white)
Outcome: True
partcle ids: ['generator_37', 'generator_43', 'generator_44', 'generator_45', 'generator_46', 'generator_47', 'generator_37', 'generator_48', 'generator_49', 'number_match', 'generator_44', 'generator_50', 'generator_51', 'generator_37', 'generator_52', 'generator_53', 'generator_54', 'generator_55', 'generator_56', 'generator_51', 'generator_37', 'generator_40', 'generator_59', 'generator_60', 'generator_40', 'generator_61', 'generator_62', 'generator_44', 'generator_62', 'generator_45']
number opened: 3
TRIAL 38
Action chosen: (heart, purple)
Outcome: False
partcle ids: ['generator_37', 'generator_43', 'generator_44', 'generator_45', 'generator_46', 'generator_47', 'generator_37', 'generator_48', 'generator_49', 'number_match', 'generator_44', 'generator_50', 'generator_51', 'generator_37', 'generator_52', 'generator_53', 'generator_54', 'generator_55', 'generator_56', 'generator_51', 'generator_37', 'generator_40', 'generator_59', 'generator_60', 'generator_40', 'generator_61', 'generator_62', 'generator_44', 'generator_62', 'generator_45']
number opened: 3
TRIAL 39
Action chosen: (purple, blue)
Outcome: False
partcle ids: ['generator_37', 'generator_43', 'generator_44', 'generator_45', 'generator_46', 'generator_47', 'generator_37', 'generator_48', 'generator_49', 'number_match', 'generator_44', 'generator_50', 'generator_51', 'generator_37', 'generator_52', 'generator_53', 'generator_54', 'generator_55', 'generator_56', 'generator_51', 'generator_37', 'generator_40', 'generator_59', 'generator_60', 'generator_40', 'generator_61', 'generator_62', 'generator_44', 'generator_62', 'generator_45']
number opened: 3
TRIAL 40
Action chosen: (diamond, blue)
Outcome: False
partcle ids: ['generator_37', 'generator_43', 'generator_44', 'generator_45', 'generator_46', 'generator_47', 'generator_37', 'generator_48', 'generator_49', 'number_match', 'generator_44', 'generator_50', 'generator_51', 'generator_37', 'generator_52', 'generator_53', 'generator_54', 'generator_55', 'generator_56', 'generator_51', 'generator_37', 'generator_40', 'generator_59', 'generator_60', 'generator_40', 'generator_61', 'generator_62', 'generator_44', 'generator_62', 'generator_45']
number opened: 3
TRIAL 41
Action chosen: (cloud, blue)
Outcome: False
partcle ids: ['generator_37', 'generator_43', 'generator_44', 'generator_45', 'generator_46', 'generator_47', 'generator_37', 'generator_48', 'generator_49', 'number_match', 'generator_44', 'generator_50', 'generator_51', 'generator_37', 'generator_52', 'generator_53', 'generator_54', 'generator_55', 'generator_56', 'generator_51', 'generator_37', 'generator_40', 'generator_59', 'generator_60', 'generator_40', 'generator_61', 'generator_62', 'generator_44', 'generator_62', 'generator_45']
number opened: 3
TRIAL 42
Action chosen: (triangle, blue)
Outcome: False
partcle ids: ['generator_37', 'generator_43', 'generator_44', 'generator_45', 'generator_46', 'generator_47', 'generator_37', 'generator_48', 'generator_49', 'number_match', 'generator_44', 'generator_50', 'generator_51', 'generator_37', 'generator_52', 'generator_53', 'generator_54', 'generator_55', 'generator_56', 'generator_51', 'generator_37', 'generator_40', 'generator_59', 'generator_60', 'generator_40', 'generator_61', 'generator_62', 'generator_44', 'generator_62', 'generator_45']
number opened: 3
TRIAL 43
Action chosen: (purple, blue)
Outcome: False
partcle ids: ['generator_37', 'generator_43', 'generator_44', 'generator_45', 'generator_46', 'generator_47', 'generator_37', 'generator_48', 'generator_49', 'number_match', 'generator_44', 'generator_50', 'generator_51', 'generator_37', 'generator_52', 'generator_53', 'generator_54', 'generator_55', 'generator_56', 'generator_51', 'generator_37', 'generator_40', 'generator_59', 'generator_60', 'generator_40', 'generator_61', 'generator_62', 'generator_44', 'generator_62', 'generator_45']
number opened: 3
TRIAL 44
Action chosen: (diamond, blue)
Outcome: False
partcle ids: ['generator_37', 'generator_43', 'generator_44', 'generator_45', 'generator_46', 'generator_47', 'generator_37', 'generator_48', 'generator_49', 'number_match', 'generator_44', 'generator_50', 'generator_51', 'generator_37', 'generator_52', 'generator_53', 'generator_54', 'generator_55', 'generator_56', 'generator_51', 'generator_37', 'generator_40', 'generator_59', 'generator_60', 'generator_40', 'generator_61', 'generator_62', 'generator_44', 'generator_62', 'generator_45']
number opened: 3
TRIAL 45
Action chosen: (yellow5, purple)
Outcome: False
partcle ids: ['generator_37', 'generator_43', 'generator_44', 'generator_45', 'generator_46', 'generator_47', 'generator_37', 'generator_48', 'generator_49', 'number_match', 'generator_44', 'generator_50', 'generator_51', 'generator_37', 'generator_52', 'generator_53', 'generator_54', 'generator_55', 'generator_56', 'generator_51', 'generator_37', 'generator_40', 'generator_59', 'generator_60', 'generator_40', 'generator_61', 'generator_62', 'generator_44', 'generator_62', 'generator_45']
number opened: 3
TRIAL 46
Action chosen: (white, purple)
Outcome: False
partcle ids: ['generator_37', 'generator_43', 'generator_44', 'generator_45', 'generator_46', 'generator_47', 'generator_37', 'generator_48', 'generator_49', 'number_match', 'generator_44', 'generator_50', 'generator_51', 'generator_37', 'generator_52', 'generator_53', 'generator_54', 'generator_55', 'generator_56', 'generator_51', 'generator_37', 'generator_40', 'generator_59', 'generator_60', 'generator_40', 'generator_61', 'generator_62', 'generator_44', 'generator_62', 'generator_45']
number opened: 3
TRIAL 47
Action chosen: (heart, purple)
Outcome: False
partcle ids: ['generator_37', 'generator_43', 'generator_44', 'generator_45', 'generator_46', 'generator_47', 'generator_37', 'generator_48', 'generator_49', 'number_match', 'generator_44', 'generator_50', 'generator_51', 'generator_37', 'generator_52', 'generator_53', 'generator_54', 'generator_55', 'generator_56', 'generator_51', 'generator_37', 'generator_40', 'generator_59', 'generator_60', 'generator_40', 'generator_61', 'generator_62', 'generator_44', 'generator_62', 'generator_45']
number opened: 3
TRIAL 48
Action chosen: (heart, blue)
Outcome: False
partcle ids: ['generator_37', 'generator_43', 'generator_44', 'generator_45', 'generator_46', 'generator_47', 'generator_37', 'generator_48', 'generator_49', 'number_match', 'generator_44', 'generator_50', 'generator_51', 'generator_37', 'generator_52', 'generator_53', 'generator_54', 'generator_55', 'generator_56', 'generator_51', 'generator_37', 'generator_40', 'generator_59', 'generator_60', 'generator_40', 'generator_61', 'generator_62', 'generator_44', 'generator_62', 'generator_45']
number opened: 3
TRIAL 49
Action chosen: (cloud, purple)
Outcome: False
partcle ids: ['generator_37', 'generator_43', 'generator_44', 'generator_45', 'generator_46', 'generator_47', 'generator_37', 'generator_48', 'generator_49', 'number_match', 'generator_44', 'generator_50', 'generator_51', 'generator_37', 'generator_52', 'generator_53', 'generator_54', 'generator_55', 'generator_56', 'generator_51', 'generator_37', 'generator_40', 'generator_59', 'generator_60', 'generator_40', 'generator_61', 'generator_62', 'generator_44', 'generator_62', 'generator_45']
number opened: 3
TRIAL 50
Action chosen: (triangle, blue)
Outcome: False
partcle ids: ['generator_37', 'generator_43', 'generator_44', 'generator_45', 'generator_46', 'generator_47', 'generator_37', 'generator_48', 'generator_49', 'number_match', 'generator_44', 'generator_50', 'generator_51', 'generator_37', 'generator_52', 'generator_53', 'generator_54', 'generator_55', 'generator_56', 'generator_51', 'generator_37', 'generator_40', 'generator_59', 'generator_60', 'generator_40', 'generator_61', 'generator_62', 'generator_44', 'generator_62', 'generator_45']
number opened: 3
TRIAL 51
Action chosen: (purple, blue)
Outcome: False
partcle ids: ['generator_37', 'generator_43', 'generator_44', 'generator_45', 'generator_46', 'generator_47', 'generator_37', 'generator_48', 'generator_49', 'number_match', 'generator_44', 'generator_50', 'generator_51', 'generator_37', 'generator_52', 'generator_53', 'generator_54', 'generator_55', 'generator_56', 'generator_51', 'generator_37', 'generator_40', 'generator_59', 'generator_60', 'generator_40', 'generator_61', 'generator_62', 'generator_44', 'generator_62', 'generator_45']
number opened: 3
TRIAL 52
Action chosen: (yellow5, purple)
Outcome: False
partcle ids: ['generator_37', 'generator_43', 'generator_44', 'generator_45', 'generator_46', 'generator_47', 'generator_37', 'generator_48', 'generator_49', 'number_match', 'generator_44', 'generator_50', 'generator_51', 'generator_37', 'generator_52', 'generator_53', 'generator_54', 'generator_55', 'generator_56', 'generator_51', 'generator_37', 'generator_40', 'generator_59', 'generator_60', 'generator_40', 'generator_61', 'generator_62', 'generator_44', 'generator_62', 'generator_45']
number opened: 3
TRIAL 53
Action chosen: (green3, purple)
Outcome: True
partcle ids: ['generator_61', 'generator_64', 'number_match', 'generator_65', 'number_match', 'generator_66', 'number_match', 'generator_67', 'generator_66', 'number_match', 'number_match', 'generator_61', 'generator_61', 'number_match', 'number_match', 'generator_61', 'generator_64', 'number_match', 'number_match', 'generator_69', 'generator_66', 'generator_61', 'generator_68', 'number_match', 'number_match', 'generator_68', 'generator_64', 'generator_66', 'number_match', 'number_match']
number opened: 4
TRIAL 54
Action chosen: (yellow5, blue)
Outcome: True
partcle ids: ['number_match', 'number_match', 'number_match', 'number_match', 'number_match', 'number_match', 'number_match', 'number_match', 'number_match', 'number_match', 'number_match', 'number_match', 'number_match', 'number_match', 'number_match', 'number_match', 'number_match', 'number_match', 'number_match', 'number_match', 'number_match', 'number_match', 'number_match', 'number_match', 'number_match', 'number_match', 'number_match', 'number_match', 'number_match', 'number_match']
number opened: 5
{"attempts": 54, "unique_key_box_pairs": 23, "revisit_attempts": 31, "revisit_rate": 0.5849056603773585, "attempts_before_abandoning_color_matching": 1, "color_matching_abandoned": true}
