{"Child_ID": "D029", "SoC_variant": "SoC-Full", "theta": [4, 1], "p_gen": 0.8, "true_prior": 0.02, "run_number": 87, "seed": 3957613259282049440}
TRIAL 1
Action chosen: (pink, pink)
Outcome: False
partcle ids: ['generator_1', 'generator_2', 'generator_3', 'generator_4', 'generator_5', 'similar_color_3', 'generator_6', 'generator_7', 'generator_8', 'generator_9', 'generator_10', 'similar_color_12', 'color_match', 'generator_11', 'generator_12', 'generator_13', 'generator_14', 'generator_15', 'generator_16', 'generator_17', 'generator_18', 'generator_19', 'generator_20', 'similar_color_2', 'similar_color_2', 'similar_color_2', 'generator_21', 'generator_22', 'number_match', 'generator_23']
number opened: 0
TRIAL 2
Action chosen: (pink, blue)
Outcome: False
partcle ids: ['generator_1', 'generator_2', 'generator_3', 'generator_4', 'generator_5', 'similar_color_3', 'generator_6', 'generator_7', 'generator_8', 'generator_9', 'generator_10', 'similar_color_12', 'color_match', 'generator_11', 'generator_12', 'generator_13', 'generator_14', 'generator_15', 'generator_16', 'generator_17', 'generator_18', 'generator_19', 'generator_20', 'similar_color_2', 'similar_color_2', 'similar_color_2', 'generator_21', 'generator_22', 'number_match', 'generator_23']
number opened: 0
TRIAL 3
Action chosen: (yellow5, blue)
Outcome: True
partcle ids: ['generator_24', 'generator_25', 'generator_26', 'generator_27', 'generator_28', 'generator_29', 'generator_30', 'generator_31', 'generator_14', 'generator_32', 'generator_33', 'generator_34', 'generator_35', 'generator_14', 'generator_36', 'generator_37', 'generator_38', 'generator_14', 'generator_16', 'generator_41', 'generator_42', 'generator_43', 'generator_44', 'generator_45', 'generator_46', 'generator_47', 'generator_48', 'generator_49', 'generator_50', 'generator_51']
number opened: 1
TRIAL 4
Action chosen: (triangle, white)
Outcome: False
partcle ids: ['generator_24', 'generator_25', 'generator_26', 'generator_27', 'generator_28', 'generator_29', 'generator_30', 'generator_31', 'generator_14', 'generator_32', 'generator_33', 'generator_34', 'generator_35', 'generator_14', 'generator_36', 'generator_37', 'generator_38', 'generator_14', 'generator_16', 'generator_41', 'generator_42', 'generator_43', 'generator_44', 'generator_45', 'generator_46', 'generator_47', 'generator_48', 'generator_49', 'generator_50', 'generator_51']
number opened: 1
TRIAL 5
Action chosen: (green3, white)
Outcome: False
partcle ids: ['generator_24', 'generator_25', 'generator_26', 'generator_27', 'generator_28', 'generator_29', 'generator_30', 'generator_31', 'generator_14', 'generator_32', 'generator_33', 'generator_34', 'generator_35', 'generator_14', 'generator_36', 'generator_37', 'generator_38', 'generator_14', 'generator_16', 'generator_41', 'generator_42', 'generator_43', 'generator_44', 'generator_45', 'generator_46', 'generator_47', 'generator_48', 'generator_49', 'generator_50', 'generator_51']
number opened: 1
TRIAL 6
Action chosen: (diamond, pink)
Outcome: False
partcle ids: ['generator_24', 'generator_25', 'generator_26', 'generator_27', 'generator_28', 'generator_29', 'generator_30', 'generator_31', 'generator_14', 'generator_32', 'generator_33', 'generator_34', 'generator_35', 'generator_14', 'generator_36', 'generator_37', 'generator_38', 'generator_14', 'generator_16', 'generator_41', 'generator_42', 'generator_43', 'generator_44', 'generator_45', 'generator_46', 'generator_47', 'generator_48', 'generator_49', 'generator_50', 'generator_51']
number opened: 1
TRIAL 7
Action chosen: (green3, pink)
Outcome: False
partcle ids: ['generator_24', 'generator_25', 'generator_26', 'generator_27', 'generator_28', 'generator_29', 'generator_30', 'generator_31', 'generator_14', 'generator_32', 'generator_33', 'generator_34', 'generator_35', 'generator_14', 'generator_36', 'generator_37', 'generator_38', 'generator_14', 'generator_16', 'generator_41', 'generator_42', 'generator_43', 'generator_44', 'generator_45', 'generator_46', 'generator_47', 'generator_48', 'generator_49', 'generator_50', 'generator_51']
number opened: 1
TRIAL 8
Action chosen: (orange4, pink)
Outcome: False
partcle ids: ['generator_24', 'generator_25', 'generator_26', 'generator_27', 'generator_28', 'generator_29', 'generator_30', 'generator_31', 'generator_14', 'generator_32', 'generator_33', 'generator_34', 'generator_35', 'generator_14', 'generator_36', 'generator_37', 'generator_38', 'generator_14', 'generator_16', 'generator_41', 'generator_42', 'generator_43', 'generator_44', 'generator_45', 'generator_46', 'generator_47', 'generator_48', 'generator_49', 'generator_50', 'generator_51']
number opened: 1
TRIAL 9
Action chosen: (red, pink)
Outcome: False
partcle ids: ['generator_24', 'generator_25', 'generator_26', 'generator_27', 'generator_28', 'generator_29', 'generator_30', 'generator_31', 'generator_14', 'generator_32', 'generator_33', 'generator_34', 'generator_35', 'generator_14', 'generator_36', 'generator_37', 'generator_38', 'generator_14', 'generator_16', 'generator_41', 'generator_42', 'generator_43', 'generator_44', 'generator_45', 'generator_46', 'generator_47', 'generator_48', 'generator_49', 'generator_50', 'generator_51']
number opened: 1
TRIAL 10
Action chosen: (purple, red)
Outcome: False
partcle ids: ['generator_52', 'generator_44', 'generator_37', 'generator_48', 'generator_55', 'generator_56', 'generator_57', 'generator_48', 'generator_48', 'generator_60', 'generator_37', 'generator_62', 'generator_63', 'generator_50', 'generator_48', 'generator_32', 'generator_67', 'generator_46', 'generator_68', 'generator_30', 'generator_70', 'generator_71', 'generator_37', 'generator_73', 'generator_37', 'generator_75', 'generator_48', 'generator_32', 'generator_50', 'generator_79']
number opened: 1
TRIAL 11
Action chosen: (heart, pink)
Outcome: False
partcle ids: ['generator_52', 'generator_44', 'generator_37', 'generator_48', 'generator_55', 'generator_56', 'generator_57', 'generator_48', 'generator_48', 'generator_60', 'generator_37', 'generator_62', 'generator_63', 'generator_50', 'generator_48', 'generator_32', 'generator_67', 'generator_46', 'generator_68', 'generator_30', 'generator_70', 'generator_71', 'generator_37', 'generator_73', 'generator_37', 'generator_75', 'generator_48', 'generator_32', 'generator_50', 'generator_79']
number opened: 1
TRIAL 12
Action chosen: (orange4, purple)
Outcome: False
partcle ids: ['generator_52', 'generator_44', 'generator_37', 'generator_48', 'generator_55', 'generator_56', 'generator_57', 'generator_48', 'generator_48', 'generator_60', 'generator_37', 'generator_62', 'generator_63', 'generator_50', 'generator_48', 'generator_32', 'generator_67', 'generator_46', 'generator_68', 'generator_30', 'generator_70', 'generator_71', 'generator_37', 'generator_73', 'generator_37', 'generator_75', 'generator_48', 'generator_32', 'generator_50', 'generator_79']
number opened: 1
TRIAL 13
Action chosen: (triangle, pink)
Outcome: False
partcle ids: ['generator_52', 'generator_44', 'generator_37', 'generator_48', 'generator_55', 'generator_56', 'generator_57', 'generator_48', 'generator_48', 'generator_60', 'generator_37', 'generator_62', 'generator_63', 'generator_50', 'generator_48', 'generator_32', 'generator_67', 'generator_46', 'generator_68', 'generator_30', 'generator_70', 'generator_71', 'generator_37', 'generator_73', 'generator_37', 'generator_75', 'generator_48', 'generator_32', 'generator_50', 'generator_79']
number opened: 1
TRIAL 14
Action chosen: (cloud, red)
Outcome: False
partcle ids: ['generator_52', 'generator_44', 'generator_37', 'generator_48', 'generator_55', 'generator_56', 'generator_57', 'generator_48', 'generator_48', 'generator_60', 'generator_37', 'generator_62', 'generator_63', 'generator_50', 'generator_48', 'generator_32', 'generator_67', 'generator_46', 'generator_68', 'generator_30', 'generator_70', 'generator_71', 'generator_37', 'generator_73', 'generator_37', 'generator_75', 'generator_48', 'generator_32', 'generator_50', 'generator_79']
number opened: 1
TRIAL 15
Action chosen: (cloud, pink)
Outcome: False
partcle ids: ['generator_52', 'generator_44', 'generator_37', 'generator_48', 'generator_55', 'generator_56', 'generator_57', 'generator_48', 'generator_48', 'generator_60', 'generator_37', 'generator_62', 'generator_63', 'generator_50', 'generator_48', 'generator_32', 'generator_67', 'generator_46', 'generator_68', 'generator_30', 'generator_70', 'generator_71', 'generator_37', 'generator_73', 'generator_37', 'generator_75', 'generator_48', 'generator_32', 'generator_50', 'generator_79']
number opened: 1
TRIAL 16
Action chosen: (white, pink)
Outcome: False
partcle ids: ['generator_52', 'generator_44', 'generator_37', 'generator_48', 'generator_55', 'generator_56', 'generator_57', 'generator_48', 'generator_48', 'generator_60', 'generator_37', 'generator_62', 'generator_63', 'generator_50', 'generator_48', 'generator_32', 'generator_67', 'generator_46', 'generator_68', 'generator_30', 'generator_70', 'generator_71', 'generator_37', 'generator_73', 'generator_37', 'generator_75', 'generator_48', 'generator_32', 'generator_50', 'generator_79']
number opened: 1
TRIAL 17
Action chosen: (diamond, red)
Outcome: False
partcle ids: ['generator_52', 'generator_44', 'generator_37', 'generator_48', 'generator_55', 'generator_56', 'generator_57', 'generator_48', 'generator_48', 'generator_60', 'generator_37', 'generator_62', 'generator_63', 'generator_50', 'generator_48', 'generator_32', 'generator_67', 'generator_46', 'generator_68', 'generator_30', 'generator_70', 'generator_71', 'generator_37', 'generator_73', 'generator_37', 'generator_75', 'generator_48', 'generator_32', 'generator_50', 'generator_79']
number opened: 1
TRIAL 18
Action chosen: (heart, white)
Outcome: False
partcle ids: ['generator_52', 'generator_44', 'generator_37', 'generator_48', 'generator_55', 'generator_56', 'generator_57', 'generator_48', 'generator_48', 'generator_60', 'generator_37', 'generator_62', 'generator_63', 'generator_50', 'generator_48', 'generator_32', 'generator_67', 'generator_46', 'generator_68', 'generator_30', 'generator_70', 'generator_71', 'generator_37', 'generator_73', 'generator_37', 'generator_75', 'generator_48', 'generator_32', 'generator_50', 'generator_79']
number opened: 1
TRIAL 19
Action chosen: (blue, red)
Outcome: False
partcle ids: ['generator_52', 'generator_44', 'generator_37', 'generator_48', 'generator_55', 'generator_56', 'generator_57', 'generator_48', 'generator_48', 'generator_60', 'generator_37', 'generator_62', 'generator_63', 'generator_50', 'generator_48', 'generator_32', 'generator_67', 'generator_46', 'generator_68', 'generator_30', 'generator_70', 'generator_71', 'generator_37', 'generator_73', 'generator_37', 'generator_75', 'generator_48', 'generator_32', 'generator_50', 'generator_79']
number opened: 1
TRIAL 20
Action chosen: (orange4, purple)
Outcome: False
partcle ids: ['generator_52', 'generator_44', 'generator_37', 'generator_48', 'generator_55', 'generator_56', 'generator_57', 'generator_48', 'generator_48', 'generator_60', 'generator_37', 'generator_62', 'generator_63', 'generator_50', 'generator_48', 'generator_32', 'generator_67', 'generator_46', 'generator_68', 'generator_30', 'generator_70', 'generator_71', 'generator_37', 'generator_73', 'generator_37', 'generator_75', 'generator_48', 'generator_32', 'generator_50', 'generator_79']
number opened: 1
TRIAL 21
Action chosen: (blue, purple)
Outcome: False
partcle ids: ['generator_52', 'generator_44', 'generator_37', 'generator_48', 'generator_55', 'generator_56', 'generator_57', 'generator_48', 'generator_48', 'generator_60', 'generator_37', 'generator_62', 'generator_63', 'generator_50', 'generator_48', 'generator_32', 'generator_67', 'generator_46', 'generator_68', 'generator_30', 'generator_70', 'generator_71', 'generator_37', 'generator_73', 'generator_37', 'generator_75', 'generator_48', 'generator_32', 'generator_50', 'generator_79']
number opened: 1
TRIAL 22
Action chosen: (cloud, pink)
Outcome: False
partcle ids: ['generator_52', 'generator_44', 'generator_37', 'generator_48', 'generator_55', 'generator_56', 'generator_57', 'generator_48', 'generator_48', 'generator_60', 'generator_37', 'generator_62', 'generator_63', 'generator_50', 'generator_48', 'generator_32', 'generator_67', 'generator_46', 'generator_68', 'generator_30', 'generator_70', 'generator_71', 'generator_37', 'generator_73', 'generator_37', 'generator_75', 'generator_48', 'generator_32', 'generator_50', 'generator_79']
number opened: 1
TRIAL 23
Action chosen: (cloud, red)
Outcome: False
partcle ids: ['generator_52', 'generator_44', 'generator_37', 'generator_48', 'generator_55', 'generator_56', 'generator_57', 'generator_48', 'generator_48', 'generator_60', 'generator_37', 'generator_62', 'generator_63', 'generator_50', 'generator_48', 'generator_32', 'generator_67', 'generator_46', 'generator_68', 'generator_30', 'generator_70', 'generator_71', 'generator_37', 'generator_73', 'generator_37', 'generator_75', 'generator_48', 'generator_32', 'generator_50', 'generator_79']
number opened: 1
TRIAL 24
Action chosen: (grey2, purple)
Outcome: False
partcle ids: ['generator_52', 'generator_44', 'generator_37', 'generator_48', 'generator_55', 'generator_56', 'generator_57', 'generator_48', 'generator_48', 'generator_60', 'generator_37', 'generator_62', 'generator_63', 'generator_50', 'generator_48', 'generator_32', 'generator_67', 'generator_46', 'generator_68', 'generator_30', 'generator_70', 'generator_71', 'generator_37', 'generator_73', 'generator_37', 'generator_75', 'generator_48', 'generator_32', 'generator_50', 'generator_79']
number opened: 1
TRIAL 25
Action chosen: (triangle, purple)
Outcome: False
partcle ids: ['generator_52', 'generator_44', 'generator_37', 'generator_48', 'generator_55', 'generator_56', 'generator_57', 'generator_48', 'generator_48', 'generator_60', 'generator_37', 'generator_62', 'generator_63', 'generator_50', 'generator_48', 'generator_32', 'generator_67', 'generator_46', 'generator_68', 'generator_30', 'generator_70', 'generator_71', 'generator_37', 'generator_73', 'generator_37', 'generator_75', 'generator_48', 'generator_32', 'generator_50', 'generator_79']
number opened: 1
TRIAL 26
Action chosen: (purple, pink)
Outcome: False
partcle ids: ['generator_52', 'generator_44', 'generator_37', 'generator_48', 'generator_55', 'generator_56', 'generator_57', 'generator_48', 'generator_48', 'generator_60', 'generator_37', 'generator_62', 'generator_63', 'generator_50', 'generator_48', 'generator_32', 'generator_67', 'generator_46', 'generator_68', 'generator_30', 'generator_70', 'generator_71', 'generator_37', 'generator_73', 'generator_37', 'generator_75', 'generator_48', 'generator_32', 'generator_50', 'generator_79']
number opened: 1
TRIAL 27
Action chosen: (red, purple)
Outcome: False
partcle ids: ['generator_52', 'generator_44', 'generator_37', 'generator_48', 'generator_55', 'generator_56', 'generator_57', 'generator_48', 'generator_48', 'generator_60', 'generator_37', 'generator_62', 'generator_63', 'generator_50', 'generator_48', 'generator_32', 'generator_67', 'generator_46', 'generator_68', 'generator_30', 'generator_70', 'generator_71', 'generator_37', 'generator_73', 'generator_37', 'generator_75', 'generator_48', 'generator_32', 'generator_50', 'generator_79']
number opened: 1
TRIAL 28
Action chosen: (white, pink)
Outcome: False
partcle ids: ['generator_52', 'generator_44', 'generator_37', 'generator_48', 'generator_55', 'generator_56', 'generator_57', 'generator_48', 'generator_48', 'generator_60', 'generator_37', 'generator_62', 'generator_63', 'generator_50', 'generator_48', 'generator_32', 'generator_67', 'generator_46', 'generator_68', 'generator_30', 'generator_70', 'generator_71', 'generator_37', 'generator_73', 'generator_37', 'generator_75', 'generator_48', 'generator_32', 'generator_50', 'generator_79']
number opened: 1
TRIAL 29
Action chosen: (triangle, pink)
Outcome: False
partcle ids: ['generator_52', 'generator_44', 'generator_37', 'generator_48', 'generator_55', 'generator_56', 'generator_57', 'generator_48', 'generator_48', 'generator_60', 'generator_37', 'generator_62', 'generator_63', 'generator_50', 'generator_48', 'generator_32', 'generator_67', 'generator_46', 'generator_68', 'generator_30', 'generator_70', 'generator_71', 'generator_37', 'generator_73', 'generator_37', 'generator_75', 'generator_48', 'generator_32', 'generator_50', 'generator_79']
number opened: 1
TRIAL 30
Action chosen: (heart, pink)
Outcome: False
partcle ids: ['generator_52', 'generator_44', 'generator_37', 'generator_48', 'generator_55', 'generator_56', 'generator_57', 'generator_48', 'generator_48', 'generator_60', 'generator_37', 'generator_62', 'generator_63', 'generator_50', 'generator_48', 'generator_32', 'generator_67', 'generator_46', 'generator_68', 'generator_30', 'generator_70', 'generator_71', 'generator_37', 'generator_73', 'generator_37', 'generator_75', 'generator_48', 'generator_32', 'generator_50', 'generator_79']
number opened: 1
TRIAL 31
Action chosen: (cloud, pink)
Outcome: False
partcle ids: ['generator_52', 'generator_44', 'generator_37', 'generator_48', 'generator_55', 'generator_56', 'generator_57', 'generator_48', 'generator_48', 'generator_60', 'generator_37', 'generator_62', 'generator_63', 'generator_50', 'generator_48', 'generator_32', 'generator_67', 'generator_46', 'generator_68', 'generator_30', 'generator_70', 'generator_71', 'generator_37', 'generator_73', 'generator_37', 'generator_75', 'generator_48', 'generator_32', 'generator_50', 'generator_79']
number opened: 1
TRIAL 32
Action chosen: (cloud, red)
Outcome: False
partcle ids: ['generator_52', 'generator_44', 'generator_37', 'generator_48', 'generator_55', 'generator_56', 'generator_57', 'generator_48', 'generator_48', 'generator_60', 'generator_37', 'generator_62', 'generator_63', 'generator_50', 'generator_48', 'generator_32', 'generator_67', 'generator_46', 'generator_68', 'generator_30', 'generator_70', 'generator_71', 'generator_37', 'generator_73', 'generator_37', 'generator_75', 'generator_48', 'generator_32', 'generator_50', 'generator_79']
number opened: 1
TRIAL 33
Action chosen: (orange4, purple)
Outcome: False
partcle ids: ['generator_52', 'generator_44', 'generator_37', 'generator_48', 'generator_55', 'generator_56', 'generator_57', 'generator_48', 'generator_48', 'generator_60', 'generator_37', 'generator_62', 'generator_63', 'generator_50', 'generator_48', 'generator_32', 'generator_67', 'generator_46', 'generator_68', 'generator_30', 'generator_70', 'generator_71', 'generator_37', 'generator_73', 'generator_37', 'generator_75', 'generator_48', 'generator_32', 'generator_50', 'generator_79']
number opened: 1
TRIAL 34
Action chosen: (blue, red)
Outcome: False
partcle ids: ['generator_52', 'generator_44', 'generator_37', 'generator_48', 'generator_55', 'generator_56', 'generator_57', 'generator_48', 'generator_48', 'generator_60', 'generator_37', 'generator_62', 'generator_63', 'generator_50', 'generator_48', 'generator_32', 'generator_67', 'generator_46', 'generator_68', 'generator_30', 'generator_70', 'generator_71', 'generator_37', 'generator_73', 'generator_37', 'generator_75', 'generator_48', 'generator_32', 'generator_50', 'generator_79']
number opened: 1
TRIAL 35
Action chosen: (white, pink)
Outcome: False
partcle ids: ['generator_52', 'generator_44', 'generator_37', 'generator_48', 'generator_55', 'generator_56', 'generator_57', 'generator_48', 'generator_48', 'generator_60', 'generator_37', 'generator_62', 'generator_63', 'generator_50', 'generator_48', 'generator_32', 'generator_67', 'generator_46', 'generator_68', 'generator_30', 'generator_70', 'generator_71', 'generator_37', 'generator_73', 'generator_37', 'generator_75', 'generator_48', 'generator_32', 'generator_50', 'generator_79']
number opened: 1
TRIAL 36
Action chosen: (heart, white)
Outcome: False
partcle ids: ['generator_52', 'generator_44', 'generator_37', 'generator_48', 'generator_55', 'generator_56', 'generator_57', 'generator_48', 'generator_48', 'generator_60', 'generator_37', 'generator_62', 'generator_63', 'generator_50', 'generator_48', 'generator_32', 'generator_67', 'generator_46', 'generator_68', 'generator_30', 'generator_70', 'generator_71', 'generator_37', 'generator_73', 'generator_37', 'generator_75', 'generator_48', 'generator_32', 'generator_50', 'generator_79']
number opened: 1
TRIAL 37
Action chosen: (cloud, pink)
Outcome: False
partcle ids: ['generator_52', 'generator_44', 'generator_37', 'generator_48', 'generator_55', 'generator_56', 'generator_57', 'generator_48', 'generator_48', 'generator_60', 'generator_37', 'generator_62', 'generator_63', 'generator_50', 'generator_48', 'generator_32', 'generator_67', 'generator_46', 'generator_68', 'generator_30', 'generator_70', 'generator_71', 'generator_37', 'generator_73', 'generator_37', 'generator_75', 'generator_48', 'generator_32', 'generator_50', 'generator_79']
number opened: 1
TRIAL 38
Action chosen: (blue, purple)
Outcome: False
partcle ids: ['generator_52', 'generator_44', 'generator_37', 'generator_48', 'generator_55', 'generator_56', 'generator_57', 'generator_48', 'generator_48', 'generator_60', 'generator_37', 'generator_62', 'generator_63', 'generator_50', 'generator_48', 'generator_32', 'generator_67', 'generator_46', 'generator_68', 'generator_30', 'generator_70', 'generator_71', 'generator_37', 'generator_73', 'generator_37', 'generator_75', 'generator_48', 'generator_32', 'generator_50', 'generator_79']
number opened: 1
TRIAL 39
Action chosen: (triangle, purple)
Outcome: False
partcle ids: ['generator_52', 'generator_44', 'generator_37', 'generator_48', 'generator_55', 'generator_56', 'generator_57', 'generator_48', 'generator_48', 'generator_60', 'generator_37', 'generator_62', 'generator_63', 'generator_50', 'generator_48', 'generator_32', 'generator_67', 'generator_46', 'generator_68', 'generator_30', 'generator_70', 'generator_71', 'generator_37', 'generator_73', 'generator_37', 'generator_75', 'generator_48', 'generator_32', 'generator_50', 'generator_79']
number opened: 1
TRIAL 40
Action chosen: (cloud, red)
Outcome: False
partcle ids: ['generator_52', 'generator_44', 'generator_37', 'generator_48', 'generator_55', 'generator_56', 'generator_57', 'generator_48', 'generator_48', 'generator_60', 'generator_37', 'generator_62', 'generator_63', 'generator_50', 'generator_48', 'generator_32', 'generator_67', 'generator_46', 'generator_68', 'generator_30', 'generator_70', 'generator_71', 'generator_37', 'generator_73', 'generator_37', 'generator_75', 'generator_48', 'generator_32', 'generator_50', 'generator_79']
number opened: 1
TRIAL 41
Action chosen: (orange4, purple)
Outcome: False
partcle ids: ['generator_52', 'generator_44', 'generator_37', 'generator_48', 'generator_55', 'generator_56', 'generator_57', 'generator_48', 'generator_48', 'generator_60', 'generator_37', 'generator_62', 'generator_63', 'generator_50', 'generator_48', 'generator_32', 'generator_67', 'generator_46', 'generator_68', 'generator_30', 'generator_70', 'generator_71', 'generator_37', 'generator_73', 'generator_37', 'generator_75', 'generator_48', 'generator_32', 'generator_50', 'generator_79']
number opened: 1
TRIAL 42
Action chosen: (triangle, pink)
Outcome: False
partcle ids: ['generator_52', 'generator_44', 'generator_37', 'generator_48', 'generator_55', 'generator_56', 'generator_57', 'generator_48', 'generator_48', 'generator_60', 'generator_37', 'generator_62', 'generator_63', 'generator_50', 'generator_48', 'generator_32', 'generator_67', 'generator_46', 'generator_68', 'generator_30', 'generator_70', 'generator_71', 'generator_37', 'generator_73', 'generator_37', 'generator_75', 'generator_48', 'generator_32', 'generator_50', 'generator_79']
number opened: 1
TRIAL 43
Action chosen: (white, pink)
Outcome: False
partcle ids: ['generator_52', 'generator_44', 'generator_37', 'generator_48', 'generator_55', 'generator_56', 'generator_57', 'generator_48', 'generator_48', 'generator_60', 'generator_37', 'generator_62', 'generator_63', 'generator_50', 'generator_48', 'generator_32', 'generator_67', 'generator_46', 'generator_68', 'generator_30', 'generator_70', 'generator_71', 'generator_37', 'generator_73', 'generator_37', 'generator_75', 'generator_48', 'generator_32', 'generator_50', 'generator_79']
number opened: 1
TRIAL 44
Action chosen: (red, purple)
Outcome: False
partcle ids: ['generator_52', 'generator_44', 'generator_37', 'generator_48', 'generator_55', 'generator_56', 'generator_57', 'generator_48', 'generator_48', 'generator_60', 'generator_37', 'generator_62', 'generator_63', 'generator_50', 'generator_48', 'generator_32', 'generator_67', 'generator_46', 'generator_68', 'generator_30', 'generator_70', 'generator_71', 'generator_37', 'generator_73', 'generator_37', 'generator_75', 'generator_48', 'generator_32', 'generator_50', 'generator_79']
number opened: 1
TRIAL 45
Action chosen: (white, white)
Outcome: False
partcle ids: ['generator_52', 'generator_44', 'generator_37', 'generator_48', 'generator_55', 'generator_56', 'generator_57', 'generator_48', 'generator_48', 'generator_60', 'generator_37', 'generator_62', 'generator_63', 'generator_50', 'generator_48', 'generator_32', 'generator_67', 'generator_46', 'generator_68', 'generator_30', 'generator_70', 'generator_71', 'generator_37', 'generator_73', 'generator_37', 'generator_75', 'generator_48', 'generator_32', 'generator_50', 'generator_79']
number opened: 1
TRIAL 46
Action chosen: (white, red)
Outcome: False
partcle ids: ['generator_52', 'generator_44', 'generator_37', 'generator_48', 'generator_55', 'generator_56', 'generator_57', 'generator_48', 'generator_48', 'generator_60', 'generator_37', 'generator_62', 'generator_63', 'generator_50', 'generator_48', 'generator_32', 'generator_67', 'generator_46', 'generator_68', 'generator_30', 'generator_70', 'generator_71', 'generator_37', 'generator_73', 'generator_37', 'generator_75', 'generator_48', 'generator_32', 'generator_50', 'generator_79']
number opened: 1
TRIAL 47
Action chosen: (blue, red)
Outcome: False
partcle ids: ['generator_52', 'generator_44', 'generator_37', 'generator_48', 'generator_55', 'generator_56', 'generator_57', 'generator_48', 'generator_48', 'generator_60', 'generator_37', 'generator_62', 'generator_63', 'generator_50', 'generator_48', 'generator_32', 'generator_67', 'generator_46', 'generator_68', 'generator_30', 'generator_70', 'generator_71', 'generator_37', 'generator_73', 'generator_37', 'generator_75', 'generator_48', 'generator_32', 'generator_50', 'generator_79']
number opened: 1
TRIAL 48
Action chosen: (red, white)
Outcome: False
partcle ids: ['generator_52', 'generator_44', 'generator_37', 'generator_48', 'generator_55', 'generator_56', 'generator_57', 'generator_48', 'generator_48', 'generator_60', 'generator_37', 'generator_62', 'generator_63', 'generator_50', 'generator_48', 'generator_32', 'generator_67', 'generator_46', 'generator_68', 'generator_30', 'generator_70', 'generator_71', 'generator_37', 'generator_73', 'generator_37', 'generator_75', 'generator_48', 'generator_32', 'generator_50', 'generator_79']
number opened: 1
TRIAL 49
Action chosen: (blue, purple)
Outcome: False
partcle ids: ['generator_52', 'generator_44', 'generator_37', 'generator_48', 'generator_55', 'generator_56', 'generator_57', 'generator_48', 'generator_48', 'generator_60', 'generator_37', 'generator_62', 'generator_63', 'generator_50', 'generator_48', 'generator_32', 'generator_67', 'generator_46', 'generator_68', 'generator_30', 'generator_70', 'generator_71', 'generator_37', 'generator_73', 'generator_37', 'generator_75', 'generator_48', 'generator_32', 'generator_50', 'generator_79']
number opened: 1
TRIAL 50
Action chosen: (cloud, white)
Outcome: False
partcle ids: ['generator_52', 'generator_44', 'generator_37', 'generator_48', 'generator_55', 'generator_56', 'generator_57', 'generator_48', 'generator_48', 'generator_60', 'generator_37', 'generator_62', 'generator_63', 'generator_50', 'generator_48', 'generator_32', 'generator_67', 'generator_46', 'generator_68', 'generator_30', 'generator_70', 'generator_71', 'generator_37', 'generator_73', 'generator_37', 'generator_75', 'generator_48', 'generator_32', 'generator_50', 'generator_79']
number opened: 1
TRIAL 51
Action chosen: (pink, red)
Outcome: False
partcle ids: ['generator_52', 'generator_44', 'generator_37', 'generator_48', 'generator_55', 'generator_56', 'generator_57', 'generator_48', 'generator_48', 'generator_60', 'generator_37', 'generator_62', 'generator_63', 'generator_50', 'generator_48', 'generator_32', 'generator_67', 'generator_46', 'generator_68', 'generator_30', 'generator_70', 'generator_71', 'generator_37', 'generator_73', 'generator_37', 'generator_75', 'generator_48', 'generator_32', 'generator_50', 'generator_79']
number opened: 1
TRIAL 52
Action chosen: (heart, white)
Outcome: False
partcle ids: ['generator_52', 'generator_44', 'generator_37', 'generator_48', 'generator_55', 'generator_56', 'generator_57', 'generator_48', 'generator_48', 'generator_60', 'generator_37', 'generator_62', 'generator_63', 'generator_50', 'generator_48', 'generator_32', 'generator_67', 'generator_46', 'generator_68', 'generator_30', 'generator_70', 'generator_71', 'generator_37', 'generator_73', 'generator_37', 'generator_75', 'generator_48', 'generator_32', 'generator_50', 'generator_79']
number opened: 1
TRIAL 53
Action chosen: (cloud, red)
Outcome: False
partcle ids: ['generator_52', 'generator_44', 'generator_37', 'generator_48', 'generator_55', 'generator_56', 'generator_57', 'generator_48', 'generator_48', 'generator_60', 'generator_37', 'generator_62', 'generator_63', 'generator_50', 'generator_48', 'generator_32', 'generator_67', 'generator_46', 'generator_68', 'generator_30', 'generator_70', 'generator_71', 'generator_37', 'generator_73', 'generator_37', 'generator_75', 'generator_48', 'generator_32', 'generator_50', 'generator_79']
number opened: 1
TRIAL 54
Action chosen: (cloud, pink)
Outcome: False
partcle ids: ['generator_52', 'generator_44', 'generator_37', 'generator_48', 'generator_55', 'generator_56', 'generator_57', 'generator_48', 'generator_48', 'generator_60', 'generator_37', 'generator_62', 'generator_63', 'generator_50', 'generator_48', 'generator_32', 'generator_67', 'generator_46', 'generator_68', 'generator_30', 'generator_70', 'generator_71', 'generator_37', 'generator_73', 'generator_37', 'generator_75', 'generator_48', 'generator_32', 'generator_50', 'generator_79']
number opened: 1
TRIAL 55
Action chosen: (red, white)
Outcome: False
partcle ids: ['generator_52', 'generator_44', 'generator_37', 'generator_48', 'generator_55', 'generator_56', 'generator_57', 'generator_48', 'generator_48', 'generator_60', 'generator_37', 'generator_62', 'generator_63', 'generator_50', 'generator_48', 'generator_32', 'generator_67', 'generator_46', 'generator_68', 'generator_30', 'generator_70', 'generator_71', 'generator_37', 'generator_73', 'generator_37', 'generator_75', 'generator_48', 'generator_32', 'generator_50', 'generator_79']
number opened: 1
TRIAL 56
Action chosen: (blue, red)
Outcome: False
partcle ids: ['generator_52', 'generator_44', 'generator_37', 'generator_48', 'generator_55', 'generator_56', 'generator_57', 'generator_48', 'generator_48', 'generator_60', 'generator_37', 'generator_62', 'generator_63', 'generator_50', 'generator_48', 'generator_32', 'generator_67', 'generator_46', 'generator_68', 'generator_30', 'generator_70', 'generator_71', 'generator_37', 'generator_73', 'generator_37', 'generator_75', 'generator_48', 'generator_32', 'generator_50', 'generator_79']
number opened: 1
TRIAL 57
Action chosen: (blue, purple)
Outcome: False
partcle ids: ['generator_52', 'generator_44', 'generator_37', 'generator_48', 'generator_55', 'generator_56', 'generator_57', 'generator_48', 'generator_48', 'generator_60', 'generator_37', 'generator_62', 'generator_63', 'generator_50', 'generator_48', 'generator_32', 'generator_67', 'generator_46', 'generator_68', 'generator_30', 'generator_70', 'generator_71', 'generator_37', 'generator_73', 'generator_37', 'generator_75', 'generator_48', 'generator_32', 'generator_50', 'generator_79']
number opened: 1
TRIAL 58
Action chosen: (white, pink)
Outcome: False
partcle ids: ['generator_52', 'generator_44', 'generator_37', 'generator_48', 'generator_55', 'generator_56', 'generator_57', 'generator_48', 'generator_48', 'generator_60', 'generator_37', 'generator_62', 'generator_63', 'generator_50', 'generator_48', 'generator_32', 'generator_67', 'generator_46', 'generator_68', 'generator_30', 'generator_70', 'generator_71', 'generator_37', 'generator_73', 'generator_37', 'generator_75', 'generator_48', 'generator_32', 'generator_50', 'generator_79']
number opened: 1
TRIAL 59
Action chosen: (cloud, red)
Outcome: False
partcle ids: ['generator_52', 'generator_44', 'generator_37', 'generator_48', 'generator_55', 'generator_56', 'generator_57', 'generator_48', 'generator_48', 'generator_60', 'generator_37', 'generator_62', 'generator_63', 'generator_50', 'generator_48', 'generator_32', 'generator_67', 'generator_46', 'generator_68', 'generator_30', 'generator_70', 'generator_71', 'generator_37', 'generator_73', 'generator_37', 'generator_75', 'generator_48', 'generator_32', 'generator_50', 'generator_79']
number opened: 1
TRIAL 60
Action chosen: (heart, white)
Outcome: False
partcle ids: ['generator_52', 'generator_44', 'generator_37', 'generator_48', 'generator_55', 'generator_56', 'generator_57', 'generator_48', 'generator_48', 'generator_60', 'generator_37', 'generator_62', 'generator_63', 'generator_50', 'generator_48', 'generator_32', 'generator_67', 'generator_46', 'generator_68', 'generator_30', 'generator_70', 'generator_71', 'generator_37', 'generator_73', 'generator_37', 'generator_75', 'generator_48', 'generator_32', 'generator_50', 'generator_79']
number opened: 1
TRIAL 61
Action chosen: (triangle, pink)
Outcome: False
partcle ids: ['generator_52', 'generator_44', 'generator_37', 'generator_48', 'generator_55', 'generator_56', 'generator_57', 'generator_48', 'generator_48', 'generator_60', 'generator_37', 'generator_62', 'generator_63', 'generator_50', 'generator_48', 'generator_32', 'generator_67', 'generator_46', 'generator_68', 'generator_30', 'generator_70', 'generator_71', 'generator_37', 'generator_73', 'generator_37', 'generator_75', 'generator_48', 'generator_32', 'generator_50', 'generator_79']
number opened: 1
TRIAL 62
Action chosen: (cloud, pink)
Outcome: False
partcle ids: ['generator_52', 'generator_44', 'generator_37', 'generator_48', 'generator_55', 'generator_56', 'generator_57', 'generator_48', 'generator_48', 'generator_60', 'generator_37', 'generator_62', 'generator_63', 'generator_50', 'generator_48', 'generator_32', 'generator_67', 'generator_46', 'generator_68', 'generator_30', 'generator_70', 'generator_71', 'generator_37', 'generator_73', 'generator_37', 'generator_75', 'generator_48', 'generator_32', 'generator_50', 'generator_79']
number opened: 1
TRIAL 63
Action chosen: (red, white)
Outcome: False
partcle ids: ['generator_52', 'generator_44', 'generator_37', 'generator_48', 'generator_55', 'generator_56', 'generator_57', 'generator_48', 'generator_48', 'generator_60', 'generator_37', 'generator_62', 'generator_63', 'generator_50', 'generator_48', 'generator_32', 'generator_67', 'generator_46', 'generator_68', 'generator_30', 'generator_70', 'generator_71', 'generator_37', 'generator_73', 'generator_37', 'generator_75', 'generator_48', 'generator_32', 'generator_50', 'generator_79']
number opened: 1
TRIAL 64
Action chosen: (pink, red)
Outcome: False
partcle ids: ['generator_52', 'generator_44', 'generator_37', 'generator_48', 'generator_55', 'generator_56', 'generator_57', 'generator_48', 'generator_48', 'generator_60', 'generator_37', 'generator_62', 'generator_63', 'generator_50', 'generator_48', 'generator_32', 'generator_67', 'generator_46', 'generator_68', 'generator_30', 'generator_70', 'generator_71', 'generator_37', 'generator_73', 'generator_37', 'generator_75', 'generator_48', 'generator_32', 'generator_50', 'generator_79']
number opened: 1
TRIAL 65
Action chosen: (heart, pink)
Outcome: False
partcle ids: ['generator_52', 'generator_44', 'generator_37', 'generator_48', 'generator_55', 'generator_56', 'generator_57', 'generator_48', 'generator_48', 'generator_60', 'generator_37', 'generator_62', 'generator_63', 'generator_50', 'generator_48', 'generator_32', 'generator_67', 'generator_46', 'generator_68', 'generator_30', 'generator_70', 'generator_71', 'generator_37', 'generator_73', 'generator_37', 'generator_75', 'generator_48', 'generator_32', 'generator_50', 'generator_79']
number opened: 1
TRIAL 66
Action chosen: (triangle, purple)
Outcome: False
partcle ids: ['generator_52', 'generator_44', 'generator_37', 'generator_48', 'generator_55', 'generator_56', 'generator_57', 'generator_48', 'generator_48', 'generator_60', 'generator_37', 'generator_62', 'generator_63', 'generator_50', 'generator_48', 'generator_32', 'generator_67', 'generator_46', 'generator_68', 'generator_30', 'generator_70', 'generator_71', 'generator_37', 'generator_73', 'generator_37', 'generator_75', 'generator_48', 'generator_32', 'generator_50', 'generator_79']
number opened: 1
TRIAL 67
Action chosen: (cloud, red)
Outcome: False
partcle ids: ['generator_52', 'generator_44', 'generator_37', 'generator_48', 'generator_55', 'generator_56', 'generator_57', 'generator_48', 'generator_48', 'generator_60', 'generator_37', 'generator_62', 'generator_63', 'generator_50', 'generator_48', 'generator_32', 'generator_67', 'generator_46', 'generator_68', 'generator_30', 'generator_70', 'generator_71', 'generator_37', 'generator_73', 'generator_37', 'generator_75', 'generator_48', 'generator_32', 'generator_50', 'generator_79']
number opened: 1
TRIAL 68
Action chosen: (cloud, white)
Outcome: False
partcle ids: ['generator_52', 'generator_44', 'generator_37', 'generator_48', 'generator_55', 'generator_56', 'generator_57', 'generator_48', 'generator_48', 'generator_60', 'generator_37', 'generator_62', 'generator_63', 'generator_50', 'generator_48', 'generator_32', 'generator_67', 'generator_46', 'generator_68', 'generator_30', 'generator_70', 'generator_71', 'generator_37', 'generator_73', 'generator_37', 'generator_75', 'generator_48', 'generator_32', 'generator_50', 'generator_79']
number opened: 1
TRIAL 69
Action chosen: (heart, white)
Outcome: False
partcle ids: ['generator_52', 'generator_44', 'generator_37', 'generator_48', 'generator_55', 'generator_56', 'generator_57', 'generator_48', 'generator_48', 'generator_60', 'generator_37', 'generator_62', 'generator_63', 'generator_50', 'generator_48', 'generator_32', 'generator_67', 'generator_46', 'generator_68', 'generator_30', 'generator_70', 'generator_71', 'generator_37', 'generator_73', 'generator_37', 'generator_75', 'generator_48', 'generator_32', 'generator_50', 'generator_79']
number opened: 1
TRIAL 70
Action chosen: (cloud, pink)
Outcome: False
partcle ids: ['generator_52', 'generator_44', 'generator_37', 'generator_48', 'generator_55', 'generator_56', 'generator_57', 'generator_48', 'generator_48', 'generator_60', 'generator_37', 'generator_62', 'generator_63', 'generator_50', 'generator_48', 'generator_32', 'generator_67', 'generator_46', 'generator_68', 'generator_30', 'generator_70', 'generator_71', 'generator_37', 'generator_73', 'generator_37', 'generator_75', 'generator_48', 'generator_32', 'generator_50', 'generator_79']
number opened: 1
{"attempts": 70, "unique_key_box_pairs": 29, "revisit_attempts": 41, "revisit_rate": 0.5942028985507246, "attempts_before_abandoning_color_matching": 1, "color_matching_abandoned": true}
