{"Child_ID": "D029", "SoC_variant": "SoC-Full", "theta": [4, 1], "p_gen": 0.8, "true_prior": 0.02, "run_number": 76, "seed": 5495502695489922356}
TRIAL 1
Action chosen: (green3, blue)
Outcome: False
partcle ids: ['generator_1', 'generator_2', 'generator_3', 'generator_4', 'generator_5', 'generator_6', 'similar_color_13', 'generator_7', 'generator_8', 'generator_9', 'generator_10', 'generator_11', 'generator_12', 'generator_13', 'generator_14', 'generator_15', 'generator_16', 'similar_color_12', 'generator_17', 'generator_18', 'generator_19', 'generator_20', 'similar_color_8', 'generator_21', 'generator_22', 'generator_23', 'generator_24', 'generator_25', 'generator_26', 'generator_27']
number opened: 0
TRIAL 2
Action chosen: (grey2, blue)
Outcome: False
partcle ids: ['generator_1', 'generator_2', 'generator_3', 'generator_4', 'generator_5', 'generator_6', 'similar_color_13', 'generator_7', 'generator_8', 'generator_9', 'generator_10', 'generator_11', 'generator_12', 'generator_13', 'generator_14', 'generator_15', 'generator_16', 'similar_color_12', 'generator_17', 'generator_18', 'generator_19', 'generator_20', 'similar_color_8', 'generator_21', 'generator_22', 'generator_23', 'generator_24', 'generator_25', 'generator_26', 'generator_27']
number opened: 0
TRIAL 3
Action chosen: (triangle, purple)
Outcome: False
partcle ids: ['generator_1', 'generator_2', 'generator_3', 'generator_4', 'generator_5', 'generator_6', 'similar_color_13', 'generator_7', 'generator_8', 'generator_9', 'generator_10', 'generator_11', 'generator_12', 'generator_13', 'generator_14', 'generator_15', 'generator_16', 'similar_color_12', 'generator_17', 'generator_18', 'generator_19', 'generator_20', 'similar_color_8', 'generator_21', 'generator_22', 'generator_23', 'generator_24', 'generator_25', 'generator_26', 'generator_27']
number opened: 0
TRIAL 4
Action chosen: (diamond, red)
Outcome: False
partcle ids: ['generator_1', 'generator_2', 'generator_3', 'generator_4', 'generator_5', 'generator_6', 'similar_color_13', 'generator_7', 'generator_8', 'generator_9', 'generator_10', 'generator_11', 'generator_12', 'generator_13', 'generator_14', 'generator_15', 'generator_16', 'similar_color_12', 'generator_17', 'generator_18', 'generator_19', 'generator_20', 'similar_color_8', 'generator_21', 'generator_22', 'generator_23', 'generator_24', 'generator_25', 'generator_26', 'generator_27']
number opened: 0
TRIAL 5
Action chosen: (green3, white)
Outcome: False
partcle ids: ['generator_1', 'generator_2', 'generator_3', 'generator_4', 'generator_5', 'generator_6', 'similar_color_13', 'generator_7', 'generator_8', 'generator_9', 'generator_10', 'generator_11', 'generator_12', 'generator_13', 'generator_14', 'generator_15', 'generator_16', 'similar_color_12', 'generator_17', 'generator_18', 'generator_19', 'generator_20', 'similar_color_8', 'generator_21', 'generator_22', 'generator_23', 'generator_24', 'generator_25', 'generator_26', 'generator_27']
number opened: 0
TRIAL 6
Action chosen: (cloud, blue)
Outcome: False
partcle ids: ['generator_1', 'generator_2', 'generator_3', 'generator_4', 'generator_5', 'generator_6', 'similar_color_13', 'generator_7', 'generator_8', 'generator_9', 'generator_10', 'generator_11', 'generator_12', 'generator_13', 'generator_14', 'generator_15', 'generator_16', 'similar_color_12', 'generator_17', 'generator_18', 'generator_19', 'generator_20', 'similar_color_8', 'generator_21', 'generator_22', 'generator_23', 'generator_24', 'generator_25', 'generator_26', 'generator_27']
number opened: 0
TRIAL 7
Action chosen: (purple, purple)
Outcome: False
partcle ids: ['generator_1', 'generator_2', 'generator_3', 'generator_4', 'generator_5', 'generator_6', 'similar_color_13', 'generator_7', 'generator_8', 'generator_9', 'generator_10', 'generator_11', 'generator_12', 'generator_13', 'generator_14', 'generator_15', 'generator_16', 'similar_color_12', 'generator_17', 'generator_18', 'generator_19', 'generator_20', 'similar_color_8', 'generator_21', 'generator_22', 'generator_23', 'generator_24', 'generator_25', 'generator_26', 'generator_27']
number opened: 0
TRIAL 8
Action chosen: (red, white)
Outcome: False
partcle ids: ['generator_1', 'generator_2', 'generator_3', 'generator_4', 'generator_5', 'generator_6', 'similar_color_13', 'generator_7', 'generator_8', 'generator_9', 'generator_10', 'generator_11', 'generator_12', 'generator_13', 'generator_14', 'generator_15', 'generator_16', 'similar_color_12', 'generator_17', 'generator_18', 'generator_19', 'generator_20', 'similar_color_8', 'generator_21', 'generator_22', 'generator_23', 'generator_24', 'generator_25', 'generator_26', 'generator_27']
number opened: 0
TRIAL 9
Action chosen: (yellow5, white)
Outcome: False
partcle ids: ['generator_1', 'generator_2', 'generator_3', 'generator_4', 'generator_5', 'generator_6', 'similar_color_13', 'generator_7', 'generator_8', 'generator_9', 'generator_10', 'generator_11', 'generator_12', 'generator_13', 'generator_14', 'generator_15', 'generator_16', 'similar_color_12', 'generator_17', 'generator_18', 'generator_19', 'generator_20', 'similar_color_8', 'generator_21', 'generator_22', 'generator_23', 'generator_24', 'generator_25', 'generator_26', 'generator_27']
number opened: 0
TRIAL 10
Action chosen: (white, pink)
Outcome: False
partcle ids: ['generator_1', 'generator_2', 'generator_3', 'generator_4', 'generator_5', 'generator_6', 'similar_color_13', 'generator_7', 'generator_8', 'generator_9', 'generator_10', 'generator_11', 'generator_12', 'generator_13', 'generator_14', 'generator_15', 'generator_16', 'similar_color_12', 'generator_17', 'generator_18', 'generator_19', 'generator_20', 'similar_color_8', 'generator_21', 'generator_22', 'generator_23', 'generator_24', 'generator_25', 'generator_26', 'generator_27']
number opened: 0
TRIAL 11
Action chosen: (pink, purple)
Outcome: False
partcle ids: ['generator_1', 'generator_2', 'generator_3', 'generator_4', 'generator_5', 'generator_6', 'similar_color_13', 'generator_7', 'generator_8', 'generator_9', 'generator_10', 'generator_11', 'generator_12', 'generator_13', 'generator_14', 'generator_15', 'generator_16', 'similar_color_12', 'generator_17', 'generator_18', 'generator_19', 'generator_20', 'similar_color_8', 'generator_21', 'generator_22', 'generator_23', 'generator_24', 'generator_25', 'generator_26', 'generator_27']
number opened: 0
TRIAL 12
Action chosen: (pink, pink)
Outcome: False
partcle ids: ['generator_1', 'generator_2', 'generator_3', 'generator_4', 'generator_5', 'generator_6', 'similar_color_13', 'generator_7', 'generator_8', 'generator_9', 'generator_10', 'generator_11', 'generator_12', 'generator_13', 'generator_14', 'generator_15', 'generator_16', 'similar_color_12', 'generator_17', 'generator_18', 'generator_19', 'generator_20', 'similar_color_8', 'generator_21', 'generator_22', 'generator_23', 'generator_24', 'generator_25', 'generator_26', 'generator_27']
number opened: 0
TRIAL 13
Action chosen: (diamond, red)
Outcome: False
partcle ids: ['generator_1', 'generator_2', 'generator_3', 'generator_4', 'generator_5', 'generator_6', 'similar_color_13', 'generator_7', 'generator_8', 'generator_9', 'generator_10', 'generator_11', 'generator_12', 'generator_13', 'generator_14', 'generator_15', 'generator_16', 'similar_color_12', 'generator_17', 'generator_18', 'generator_19', 'generator_20', 'similar_color_8', 'generator_21', 'generator_22', 'generator_23', 'generator_24', 'generator_25', 'generator_26', 'generator_27']
number opened: 0
TRIAL 14
Action chosen: (pink, red)
Outcome: False
partcle ids: ['generator_1', 'generator_2', 'generator_3', 'generator_4', 'generator_5', 'generator_6', 'similar_color_13', 'generator_7', 'generator_8', 'generator_9', 'generator_10', 'generator_11', 'generator_12', 'generator_13', 'generator_14', 'generator_15', 'generator_16', 'similar_color_12', 'generator_17', 'generator_18', 'generator_19', 'generator_20', 'similar_color_8', 'generator_21', 'generator_22', 'generator_23', 'generator_24', 'generator_25', 'generator_26', 'generator_27']
number opened: 0
TRIAL 15
Action chosen: (grey2, red)
Outcome: False
partcle ids: ['generator_1', 'generator_2', 'generator_3', 'generator_4', 'generator_5', 'generator_6', 'similar_color_13', 'generator_7', 'generator_8', 'generator_9', 'generator_10', 'generator_11', 'generator_12', 'generator_13', 'generator_14', 'generator_15', 'generator_16', 'similar_color_12', 'generator_17', 'generator_18', 'generator_19', 'generator_20', 'similar_color_8', 'generator_21', 'generator_22', 'generator_23', 'generator_24', 'generator_25', 'generator_26', 'generator_27']
number opened: 0
TRIAL 16
Action chosen: (diamond, purple)
Outcome: False
partcle ids: ['generator_1', 'generator_2', 'generator_3', 'generator_4', 'generator_5', 'generator_6', 'similar_color_13', 'generator_7', 'generator_8', 'generator_9', 'generator_10', 'generator_11', 'generator_12', 'generator_13', 'generator_14', 'generator_15', 'generator_16', 'similar_color_12', 'generator_17', 'generator_18', 'generator_19', 'generator_20', 'similar_color_8', 'generator_21', 'generator_22', 'generator_23', 'generator_24', 'generator_25', 'generator_26', 'generator_27']
number opened: 0
TRIAL 17
Action chosen: (orange4, pink)
Outcome: False
partcle ids: ['generator_1', 'generator_2', 'generator_3', 'generator_4', 'generator_5', 'generator_6', 'similar_color_13', 'generator_7', 'generator_8', 'generator_9', 'generator_10', 'generator_11', 'generator_12', 'generator_13', 'generator_14', 'generator_15', 'generator_16', 'similar_color_12', 'generator_17', 'generator_18', 'generator_19', 'generator_20', 'similar_color_8', 'generator_21', 'generator_22', 'generator_23', 'generator_24', 'generator_25', 'generator_26', 'generator_27']
number opened: 0
TRIAL 18
Action chosen: (red, red)
Outcome: True
partcle ids: ['generator_10', 'generator_4', 'similar_color_2', 'generator_28', 'generator_4', 'generator_10', 'generator_29', 'generator_30', 'generator_4', 'similar_color_8', 'generator_32', 'generator_4', 'generator_33', 'generator_34', 'generator_4', 'generator_10', 'generator_36', 'similar_color_8', 'generator_4', 'generator_38', 'generator_39', 'generator_40', 'generator_41', 'generator_42', 'generator_43', 'generator_44', 'generator_45', 'generator_46', 'generator_4', 'generator_4']
number opened: 1
TRIAL 19
Action chosen: (grey2, blue)
Outcome: False
partcle ids: ['generator_10', 'generator_4', 'similar_color_2', 'generator_28', 'generator_4', 'generator_10', 'generator_29', 'generator_30', 'generator_4', 'similar_color_8', 'generator_32', 'generator_4', 'generator_33', 'generator_34', 'generator_4', 'generator_10', 'generator_36', 'similar_color_8', 'generator_4', 'generator_38', 'generator_39', 'generator_40', 'generator_41', 'generator_42', 'generator_43', 'generator_44', 'generator_45', 'generator_46', 'generator_4', 'generator_4']
number opened: 1
TRIAL 20
Action chosen: (pink, white)
Outcome: False
partcle ids: ['generator_10', 'generator_4', 'similar_color_2', 'generator_28', 'generator_4', 'generator_10', 'generator_29', 'generator_30', 'generator_4', 'similar_color_8', 'generator_32', 'generator_4', 'generator_33', 'generator_34', 'generator_4', 'generator_10', 'generator_36', 'similar_color_8', 'generator_4', 'generator_38', 'generator_39', 'generator_40', 'generator_41', 'generator_42', 'generator_43', 'generator_44', 'generator_45', 'generator_46', 'generator_4', 'generator_4']
number opened: 1
TRIAL 21
Action chosen: (blue, purple)
Outcome: False
partcle ids: ['generator_10', 'generator_4', 'similar_color_2', 'generator_28', 'generator_4', 'generator_10', 'generator_29', 'generator_30', 'generator_4', 'similar_color_8', 'generator_32', 'generator_4', 'generator_33', 'generator_34', 'generator_4', 'generator_10', 'generator_36', 'similar_color_8', 'generator_4', 'generator_38', 'generator_39', 'generator_40', 'generator_41', 'generator_42', 'generator_43', 'generator_44', 'generator_45', 'generator_46', 'generator_4', 'generator_4']
number opened: 1
TRIAL 22
Action chosen: (green3, blue)
Outcome: False
partcle ids: ['generator_10', 'generator_4', 'similar_color_2', 'generator_28', 'generator_4', 'generator_10', 'generator_29', 'generator_30', 'generator_4', 'similar_color_8', 'generator_32', 'generator_4', 'generator_33', 'generator_34', 'generator_4', 'generator_10', 'generator_36', 'similar_color_8', 'generator_4', 'generator_38', 'generator_39', 'generator_40', 'generator_41', 'generator_42', 'generator_43', 'generator_44', 'generator_45', 'generator_46', 'generator_4', 'generator_4']
number opened: 1
TRIAL 23
Action chosen: (grey2, white)
Outcome: False
partcle ids: ['generator_10', 'generator_4', 'similar_color_2', 'generator_28', 'generator_4', 'generator_10', 'generator_29', 'generator_30', 'generator_4', 'similar_color_8', 'generator_32', 'generator_4', 'generator_33', 'generator_34', 'generator_4', 'generator_10', 'generator_36', 'similar_color_8', 'generator_4', 'generator_38', 'generator_39', 'generator_40', 'generator_41', 'generator_42', 'generator_43', 'generator_44', 'generator_45', 'generator_46', 'generator_4', 'generator_4']
number opened: 1
TRIAL 24
Action chosen: (blue, pink)
Outcome: False
partcle ids: ['generator_10', 'generator_4', 'similar_color_2', 'generator_28', 'generator_4', 'generator_10', 'generator_29', 'generator_30', 'generator_4', 'similar_color_8', 'generator_32', 'generator_4', 'generator_33', 'generator_34', 'generator_4', 'generator_10', 'generator_36', 'similar_color_8', 'generator_4', 'generator_38', 'generator_39', 'generator_40', 'generator_41', 'generator_42', 'generator_43', 'generator_44', 'generator_45', 'generator_46', 'generator_4', 'generator_4']
number opened: 1
TRIAL 25
Action chosen: (heart, blue)
Outcome: False
partcle ids: ['generator_10', 'generator_4', 'similar_color_2', 'generator_28', 'generator_4', 'generator_10', 'generator_29', 'generator_30', 'generator_4', 'similar_color_8', 'generator_32', 'generator_4', 'generator_33', 'generator_34', 'generator_4', 'generator_10', 'generator_36', 'similar_color_8', 'generator_4', 'generator_38', 'generator_39', 'generator_40', 'generator_41', 'generator_42', 'generator_43', 'generator_44', 'generator_45', 'generator_46', 'generator_4', 'generator_4']
number opened: 1
TRIAL 26
Action chosen: (diamond, pink)
Outcome: False
partcle ids: ['generator_10', 'generator_4', 'similar_color_2', 'generator_28', 'generator_4', 'generator_10', 'generator_29', 'generator_30', 'generator_4', 'similar_color_8', 'generator_32', 'generator_4', 'generator_33', 'generator_34', 'generator_4', 'generator_10', 'generator_36', 'similar_color_8', 'generator_4', 'generator_38', 'generator_39', 'generator_40', 'generator_41', 'generator_42', 'generator_43', 'generator_44', 'generator_45', 'generator_46', 'generator_4', 'generator_4']
number opened: 1
TRIAL 27
Action chosen: (grey2, blue)
Outcome: False
partcle ids: ['generator_10', 'generator_4', 'similar_color_2', 'generator_28', 'generator_4', 'generator_10', 'generator_29', 'generator_30', 'generator_4', 'similar_color_8', 'generator_32', 'generator_4', 'generator_33', 'generator_34', 'generator_4', 'generator_10', 'generator_36', 'similar_color_8', 'generator_4', 'generator_38', 'generator_39', 'generator_40', 'generator_41', 'generator_42', 'generator_43', 'generator_44', 'generator_45', 'generator_46', 'generator_4', 'generator_4']
number opened: 1
TRIAL 28
Action chosen: (yellow5, blue)
Outcome: True
partcle ids: ['generator_49', 'generator_50', 'generator_51', 'generator_52', 'generator_29', 'generator_33', 'generator_54', 'generator_55', 'generator_33', 'generator_57', 'generator_58', 'generator_59', 'generator_60', 'generator_33', 'generator_33', 'generator_63', 'generator_33', 'generator_65', 'generator_66', 'generator_33', 'generator_33', 'generator_68', 'generator_33', 'generator_70', 'generator_33', 'generator_33', 'generator_72', 'generator_73', 'generator_74', 'generator_75']
number opened: 2
TRIAL 29
Action chosen: (purple, white)
Outcome: False
partcle ids: ['generator_49', 'generator_50', 'generator_51', 'generator_52', 'generator_29', 'generator_33', 'generator_54', 'generator_55', 'generator_33', 'generator_57', 'generator_58', 'generator_59', 'generator_60', 'generator_33', 'generator_33', 'generator_63', 'generator_33', 'generator_65', 'generator_66', 'generator_33', 'generator_33', 'generator_68', 'generator_33', 'generator_70', 'generator_33', 'generator_33', 'generator_72', 'generator_73', 'generator_74', 'generator_75']
number opened: 2
TRIAL 30
Action chosen: (heart, purple)
Outcome: False
partcle ids: ['generator_49', 'generator_50', 'generator_51', 'generator_52', 'generator_29', 'generator_33', 'generator_54', 'generator_55', 'generator_33', 'generator_57', 'generator_58', 'generator_59', 'generator_60', 'generator_33', 'generator_33', 'generator_63', 'generator_33', 'generator_65', 'generator_66', 'generator_33', 'generator_33', 'generator_68', 'generator_33', 'generator_70', 'generator_33', 'generator_33', 'generator_72', 'generator_73', 'generator_74', 'generator_75']
number opened: 2
TRIAL 31
Action chosen: (green3, purple)
Outcome: True
partcle ids: ['number_match', 'generator_76', 'generator_77', 'generator_78', 'generator_77', 'generator_79', 'generator_65', 'generator_81', 'generator_82', 'generator_83', 'generator_84', 'generator_85', 'generator_65', 'generator_87', 'generator_88', 'generator_76', 'generator_89', 'generator_63', 'generator_91', 'generator_51', 'generator_92', 'generator_63', 'generator_93', 'generator_94', 'generator_95', 'generator_96', 'generator_80', 'generator_65', 'generator_98', 'generator_99']
number opened: 3
TRIAL 32
Action chosen: (white, white)
Outcome: False
partcle ids: ['number_match', 'generator_76', 'generator_77', 'generator_78', 'generator_77', 'generator_79', 'generator_65', 'generator_81', 'generator_82', 'generator_83', 'generator_84', 'generator_85', 'generator_65', 'generator_87', 'generator_88', 'generator_76', 'generator_89', 'generator_63', 'generator_91', 'generator_51', 'generator_92', 'generator_63', 'generator_93', 'generator_94', 'generator_95', 'generator_96', 'generator_80', 'generator_65', 'generator_98', 'generator_99']
number opened: 3
TRIAL 33
Action chosen: (white, pink)
Outcome: False
partcle ids: ['number_match', 'generator_76', 'generator_77', 'generator_78', 'generator_77', 'generator_79', 'generator_65', 'generator_81', 'generator_82', 'generator_83', 'generator_84', 'generator_85', 'generator_65', 'generator_87', 'generator_88', 'generator_76', 'generator_89', 'generator_63', 'generator_91', 'generator_51', 'generator_92', 'generator_63', 'generator_93', 'generator_94', 'generator_95', 'generator_96', 'generator_80', 'generator_65', 'generator_98', 'generator_99']
number opened: 3
TRIAL 34
Action chosen: (triangle, pink)
Outcome: False
partcle ids: ['number_match', 'generator_76', 'generator_77', 'generator_78', 'generator_77', 'generator_79', 'generator_65', 'generator_81', 'generator_82', 'generator_83', 'generator_84', 'generator_85', 'generator_65', 'generator_87', 'generator_88', 'generator_76', 'generator_89', 'generator_63', 'generator_91', 'generator_51', 'generator_92', 'generator_63', 'generator_93', 'generator_94', 'generator_95', 'generator_96', 'generator_80', 'generator_65', 'generator_98', 'generator_99']
number opened: 3
TRIAL 35
Action chosen: (triangle, white)
Outcome: False
partcle ids: ['number_match', 'generator_76', 'generator_77', 'generator_78', 'generator_77', 'generator_79', 'generator_65', 'generator_81', 'generator_82', 'generator_83', 'generator_84', 'generator_85', 'generator_65', 'generator_87', 'generator_88', 'generator_76', 'generator_89', 'generator_63', 'generator_91', 'generator_51', 'generator_92', 'generator_63', 'generator_93', 'generator_94', 'generator_95', 'generator_96', 'generator_80', 'generator_65', 'generator_98', 'generator_99']
number opened: 3
TRIAL 36
Action chosen: (purple, white)
Outcome: False
partcle ids: ['number_match', 'generator_76', 'generator_77', 'generator_78', 'generator_77', 'generator_79', 'generator_65', 'generator_81', 'generator_82', 'generator_83', 'generator_84', 'generator_85', 'generator_65', 'generator_87', 'generator_88', 'generator_76', 'generator_89', 'generator_63', 'generator_91', 'generator_51', 'generator_92', 'generator_63', 'generator_93', 'generator_94', 'generator_95', 'generator_96', 'generator_80', 'generator_65', 'generator_98', 'generator_99']
number opened: 3
TRIAL 37
Action chosen: (grey2, pink)
Outcome: True
partcle ids: ['generator_100', 'number_match', 'generator_101', 'generator_100', 'number_match', 'generator_102', 'generator_101', 'generator_98', 'generator_101', 'number_match', 'number_match', 'generator_100', 'generator_101', 'generator_100', 'generator_102', 'generator_100', 'generator_105', 'generator_100', 'number_match', 'generator_102', 'generator_98', 'generator_103', 'generator_105', 'generator_98', 'generator_102', 'generator_102', 'number_match', 'generator_105', 'generator_101', 'number_match']
number opened: 4
TRIAL 38
Action chosen: (orange4, white)
Outcome: True
partcle ids: ['number_match', 'number_match', 'number_match', 'number_match', 'number_match', 'number_match', 'number_match', 'number_match', 'number_match', 'number_match', 'number_match', 'number_match', 'number_match', 'number_match', 'number_match', 'number_match', 'number_match', 'number_match', 'number_match', 'number_match', 'number_match', 'number_match', 'number_match', 'number_match', 'number_match', 'number_match', 'number_match', 'number_match', 'number_match', 'number_match']
number opened: 5
{"attempts": 38, "unique_key_box_pairs": 32, "revisit_attempts": 6, "revisit_rate": 0.16216216216216217, "attempts_before_abandoning_color_matching": 0, "color_matching_abandoned": true}
