{"Child_ID": "D029", "SoC_variant": "SoC-Full", "theta": [4, 1], "p_gen": 0.8, "true_prior": 0.02, "run_number": 90, "seed": 3221753976494779728}
TRIAL 1
Action chosen: (cloud, white)
Outcome: False
partcle ids: ['generator_1', 'generator_2', 'generator_3', 'generator_4', 'generator_5', 'generator_6', 'generator_7', 'similar_color_9', 'generator_8', 'generator_9', 'generator_10', 'generator_11', 'generator_12', 'generator_13', 'generator_14', 'similar_color_1', 'generator_15', 'similar_color_9', 'generator_16', 'generator_17', 'generator_18', 'generator_19', 'generator_20', 'generator_21', 'generator_22', 'generator_23', 'generator_24', 'generator_25', 'generator_26', 'similar_color_9']
number opened: 0
TRIAL 2
Action chosen: (heart, red)
Outcome: False
partcle ids: ['generator_1', 'generator_2', 'generator_3', 'generator_4', 'generator_5', 'generator_6', 'generator_7', 'similar_color_9', 'generator_8', 'generator_9', 'generator_10', 'generator_11', 'generator_12', 'generator_13', 'generator_14', 'similar_color_1', 'generator_15', 'similar_color_9', 'generator_16', 'generator_17', 'generator_18', 'generator_19', 'generator_20', 'generator_21', 'generator_22', 'generator_23', 'generator_24', 'generator_25', 'generator_26', 'similar_color_9']
number opened: 0
TRIAL 3
Action chosen: (white, pink)
Outcome: False
partcle ids: ['generator_1', 'generator_2', 'generator_3', 'generator_4', 'generator_5', 'generator_6', 'generator_7', 'similar_color_9', 'generator_8', 'generator_9', 'generator_10', 'generator_11', 'generator_12', 'generator_13', 'generator_14', 'similar_color_1', 'generator_15', 'similar_color_9', 'generator_16', 'generator_17', 'generator_18', 'generator_19', 'generator_20', 'generator_21', 'generator_22', 'generator_23', 'generator_24', 'generator_25', 'generator_26', 'similar_color_9']
number opened: 0
TRIAL 4
Action chosen: (green3, white)
Outcome: False
partcle ids: ['generator_1', 'generator_2', 'generator_3', 'generator_4', 'generator_5', 'generator_6', 'generator_7', 'similar_color_9', 'generator_8', 'generator_9', 'generator_10', 'generator_11', 'generator_12', 'generator_13', 'generator_14', 'similar_color_1', 'generator_15', 'similar_color_9', 'generator_16', 'generator_17', 'generator_18', 'generator_19', 'generator_20', 'generator_21', 'generator_22', 'generator_23', 'generator_24', 'generator_25', 'generator_26', 'similar_color_9']
number opened: 0
TRIAL 5
Action chosen: (diamond, white)
Outcome: False
partcle ids: ['generator_1', 'generator_2', 'generator_3', 'generator_4', 'generator_5', 'generator_6', 'generator_7', 'similar_color_9', 'generator_8', 'generator_9', 'generator_10', 'generator_11', 'generator_12', 'generator_13', 'generator_14', 'similar_color_1', 'generator_15', 'similar_color_9', 'generator_16', 'generator_17', 'generator_18', 'generator_19', 'generator_20', 'generator_21', 'generator_22', 'generator_23', 'generator_24', 'generator_25', 'generator_26', 'similar_color_9']
number opened: 0
TRIAL 6
Action chosen: (triangle, blue)
Outcome: False
partcle ids: ['generator_1', 'generator_2', 'generator_3', 'generator_4', 'generator_5', 'generator_6', 'generator_7', 'similar_color_9', 'generator_8', 'generator_9', 'generator_10', 'generator_11', 'generator_12', 'generator_13', 'generator_14', 'similar_color_1', 'generator_15', 'similar_color_9', 'generator_16', 'generator_17', 'generator_18', 'generator_19', 'generator_20', 'generator_21', 'generator_22', 'generator_23', 'generator_24', 'generator_25', 'generator_26', 'similar_color_9']
number opened: 0
TRIAL 7
Action chosen: (white, white)
Outcome: False
partcle ids: ['generator_1', 'generator_2', 'generator_3', 'generator_4', 'generator_5', 'generator_6', 'generator_7', 'similar_color_9', 'generator_8', 'generator_9', 'generator_10', 'generator_11', 'generator_12', 'generator_13', 'generator_14', 'similar_color_1', 'generator_15', 'similar_color_9', 'generator_16', 'generator_17', 'generator_18', 'generator_19', 'generator_20', 'generator_21', 'generator_22', 'generator_23', 'generator_24', 'generator_25', 'generator_26', 'similar_color_9']
number opened: 0
TRIAL 8
Action chosen: (yellow5, blue)
Outcome: True
partcle ids: ['generator_27', 'generator_28', 'generator_29', 'generator_30', 'generator_19', 'generator_32', 'generator_33', 'generator_19', 'generator_35', 'generator_36', 'generator_37', 'generator_38', 'generator_19', 'generator_40', 'generator_41', 'generator_19', 'generator_43', 'generator_44', 'generator_45', 'generator_21', 'generator_46', 'generator_47', 'generator_48', 'generator_19', 'generator_50', 'generator_51', 'generator_52', 'generator_53', 'generator_54', 'generator_55']
number opened: 1
TRIAL 9
Action chosen: (orange4, red)
Outcome: False
partcle ids: ['generator_27', 'generator_28', 'generator_29', 'generator_30', 'generator_19', 'generator_32', 'generator_33', 'generator_19', 'generator_35', 'generator_36', 'generator_37', 'generator_38', 'generator_19', 'generator_40', 'generator_41', 'generator_19', 'generator_43', 'generator_44', 'generator_45', 'generator_21', 'generator_46', 'generator_47', 'generator_48', 'generator_19', 'generator_50', 'generator_51', 'generator_52', 'generator_53', 'generator_54', 'generator_55']
number opened: 1
TRIAL 10
Action chosen: (blue, red)
Outcome: False
partcle ids: ['generator_27', 'generator_28', 'generator_29', 'generator_30', 'generator_19', 'generator_32', 'generator_33', 'generator_19', 'generator_35', 'generator_36', 'generator_37', 'generator_38', 'generator_19', 'generator_40', 'generator_41', 'generator_19', 'generator_43', 'generator_44', 'generator_45', 'generator_21', 'generator_46', 'generator_47', 'generator_48', 'generator_19', 'generator_50', 'generator_51', 'generator_52', 'generator_53', 'generator_54', 'generator_55']
number opened: 1
TRIAL 11
Action chosen: (heart, purple)
Outcome: False
partcle ids: ['generator_27', 'generator_28', 'generator_29', 'generator_30', 'generator_19', 'generator_32', 'generator_33', 'generator_19', 'generator_35', 'generator_36', 'generator_37', 'generator_38', 'generator_19', 'generator_40', 'generator_41', 'generator_19', 'generator_43', 'generator_44', 'generator_45', 'generator_21', 'generator_46', 'generator_47', 'generator_48', 'generator_19', 'generator_50', 'generator_51', 'generator_52', 'generator_53', 'generator_54', 'generator_55']
number opened: 1
TRIAL 12
Action chosen: (pink, pink)
Outcome: False
partcle ids: ['generator_27', 'generator_28', 'generator_29', 'generator_30', 'generator_19', 'generator_32', 'generator_33', 'generator_19', 'generator_35', 'generator_36', 'generator_37', 'generator_38', 'generator_19', 'generator_40', 'generator_41', 'generator_19', 'generator_43', 'generator_44', 'generator_45', 'generator_21', 'generator_46', 'generator_47', 'generator_48', 'generator_19', 'generator_50', 'generator_51', 'generator_52', 'generator_53', 'generator_54', 'generator_55']
number opened: 1
TRIAL 13
Action chosen: (triangle, purple)
Outcome: False
partcle ids: ['generator_27', 'generator_28', 'generator_29', 'generator_30', 'generator_19', 'generator_32', 'generator_33', 'generator_19', 'generator_35', 'generator_36', 'generator_37', 'generator_38', 'generator_19', 'generator_40', 'generator_41', 'generator_19', 'generator_43', 'generator_44', 'generator_45', 'generator_21', 'generator_46', 'generator_47', 'generator_48', 'generator_19', 'generator_50', 'generator_51', 'generator_52', 'generator_53', 'generator_54', 'generator_55']
number opened: 1
TRIAL 14
Action chosen: (blue, purple)
Outcome: False
partcle ids: ['generator_27', 'generator_28', 'generator_29', 'generator_30', 'generator_19', 'generator_32', 'generator_33', 'generator_19', 'generator_35', 'generator_36', 'generator_37', 'generator_38', 'generator_19', 'generator_40', 'generator_41', 'generator_19', 'generator_43', 'generator_44', 'generator_45', 'generator_21', 'generator_46', 'generator_47', 'generator_48', 'generator_19', 'generator_50', 'generator_51', 'generator_52', 'generator_53', 'generator_54', 'generator_55']
number opened: 1
TRIAL 15
Action chosen: (grey2, pink)
Outcome: True
partcle ids: ['generator_56', 'generator_57', 'generator_54', 'generator_59', 'generator_60', 'generator_61', 'generator_62', 'generator_63', 'generator_64', 'generator_54', 'generator_54', 'generator_67', 'generator_68', 'generator_54', 'generator_54', 'generator_71', 'generator_72', 'generator_46', 'generator_29', 'generator_75', 'generator_54', 'generator_76', 'generator_54', 'generator_78', 'generator_46', 'generator_80', 'generator_81', 'generator_82', 'generator_83', 'generator_54']
number opened: 2
TRIAL 16
Action chosen: (green3, purple)
Outcome: True
partcle ids: ['generator_85', 'generator_86', 'generator_87', 'generator_54', 'generator_54', 'generator_54', 'generator_81', 'generator_91', 'generator_54', 'generator_93', 'generator_54', 'generator_54', 'generator_96', 'generator_54', 'generator_54', 'generator_99', 'generator_54', 'generator_75', 'generator_102', 'generator_86', 'generator_103', 'generator_104', 'generator_105', 'generator_54', 'generator_81', 'generator_88', 'generator_54', 'generator_99', 'generator_54', 'generator_109']
number opened: 3
TRIAL 17
Action chosen: (triangle, red)
Outcome: False
partcle ids: ['generator_85', 'generator_86', 'generator_87', 'generator_54', 'generator_54', 'generator_54', 'generator_81', 'generator_91', 'generator_54', 'generator_93', 'generator_54', 'generator_54', 'generator_96', 'generator_54', 'generator_54', 'generator_99', 'generator_54', 'generator_75', 'generator_102', 'generator_86', 'generator_103', 'generator_104', 'generator_105', 'generator_54', 'generator_81', 'generator_88', 'generator_54', 'generator_99', 'generator_54', 'generator_109']
number opened: 3
TRIAL 18
Action chosen: (heart, white)
Outcome: False
partcle ids: ['generator_110', 'generator_103', 'generator_112', 'generator_91', 'generator_103', 'generator_104', 'generator_113', 'generator_85', 'generator_104', 'generator_115', 'generator_116', 'generator_110', 'generator_75', 'generator_117', 'generator_85', 'generator_85', 'generator_75', 'generator_99', 'generator_91', 'generator_121', 'generator_122', 'generator_110', 'generator_123', 'generator_124', 'generator_99', 'generator_85', 'generator_117', 'generator_127', 'generator_125', 'generator_113']
number opened: 3
TRIAL 19
Action chosen: (purple, red)
Outcome: False
partcle ids: ['generator_110', 'generator_103', 'generator_112', 'generator_91', 'generator_103', 'generator_104', 'generator_113', 'generator_85', 'generator_104', 'generator_115', 'generator_116', 'generator_110', 'generator_75', 'generator_117', 'generator_85', 'generator_85', 'generator_75', 'generator_99', 'generator_91', 'generator_121', 'generator_122', 'generator_110', 'generator_123', 'generator_124', 'generator_99', 'generator_85', 'generator_117', 'generator_127', 'generator_125', 'generator_113']
number opened: 3
TRIAL 20
Action chosen: (purple, white)
Outcome: False
partcle ids: ['generator_110', 'generator_103', 'generator_112', 'generator_91', 'generator_103', 'generator_104', 'generator_113', 'generator_85', 'generator_104', 'generator_115', 'generator_116', 'generator_110', 'generator_75', 'generator_117', 'generator_85', 'generator_85', 'generator_75', 'generator_99', 'generator_91', 'generator_121', 'generator_122', 'generator_110', 'generator_123', 'generator_124', 'generator_99', 'generator_85', 'generator_117', 'generator_127', 'generator_125', 'generator_113']
number opened: 3
TRIAL 21
Action chosen: (pink, red)
Outcome: False
partcle ids: ['generator_110', 'generator_103', 'generator_112', 'generator_91', 'generator_103', 'generator_104', 'generator_113', 'generator_85', 'generator_104', 'generator_115', 'generator_116', 'generator_110', 'generator_75', 'generator_117', 'generator_85', 'generator_85', 'generator_75', 'generator_99', 'generator_91', 'generator_121', 'generator_122', 'generator_110', 'generator_123', 'generator_124', 'generator_99', 'generator_85', 'generator_117', 'generator_127', 'generator_125', 'generator_113']
number opened: 3
TRIAL 22
Action chosen: (cloud, red)
Outcome: False
partcle ids: ['generator_110', 'generator_103', 'generator_112', 'generator_91', 'generator_103', 'generator_104', 'generator_113', 'generator_85', 'generator_104', 'generator_115', 'generator_116', 'generator_110', 'generator_75', 'generator_117', 'generator_85', 'generator_85', 'generator_75', 'generator_99', 'generator_91', 'generator_121', 'generator_122', 'generator_110', 'generator_123', 'generator_124', 'generator_99', 'generator_85', 'generator_117', 'generator_127', 'generator_125', 'generator_113']
number opened: 3
TRIAL 23
Action chosen: (orange4, white)
Outcome: True
partcle ids: ['generator_115', 'number_match', 'generator_123', 'generator_115', 'number_match', 'generator_129', 'generator_128', 'generator_85', 'generator_115', 'generator_101', 'generator_129', 'generator_87', 'generator_130', 'generator_85', 'generator_129', 'generator_129', 'generator_115', 'generator_128', 'number_match', 'generator_101', 'generator_130', 'generator_115', 'generator_115', 'generator_130', 'generator_115', 'generator_115', 'generator_130', 'generator_115', 'generator_115', 'generator_130']
number opened: 4
TRIAL 24
Action chosen: (diamond, red)
Outcome: False
partcle ids: ['generator_115', 'number_match', 'generator_123', 'generator_115', 'number_match', 'generator_129', 'generator_128', 'generator_85', 'generator_115', 'generator_101', 'generator_129', 'generator_87', 'generator_130', 'generator_85', 'generator_129', 'generator_129', 'generator_115', 'generator_128', 'number_match', 'generator_101', 'generator_130', 'generator_115', 'generator_115', 'generator_130', 'generator_115', 'generator_115', 'generator_130', 'generator_115', 'generator_115', 'generator_130']
number opened: 4
TRIAL 25
Action chosen: (white, red)
Outcome: False
partcle ids: ['generator_115', 'number_match', 'generator_123', 'generator_115', 'number_match', 'generator_129', 'generator_128', 'generator_85', 'generator_115', 'generator_101', 'generator_129', 'generator_87', 'generator_130', 'generator_85', 'generator_129', 'generator_129', 'generator_115', 'generator_128', 'number_match', 'generator_101', 'generator_130', 'generator_115', 'generator_115', 'generator_130', 'generator_115', 'generator_115', 'generator_130', 'generator_115', 'generator_115', 'generator_130']
number opened: 4
TRIAL 26
Action chosen: (triangle, red)
Outcome: False
partcle ids: ['generator_115', 'number_match', 'generator_123', 'generator_115', 'number_match', 'generator_129', 'generator_128', 'generator_85', 'generator_115', 'generator_101', 'generator_129', 'generator_87', 'generator_130', 'generator_85', 'generator_129', 'generator_129', 'generator_115', 'generator_128', 'number_match', 'generator_101', 'generator_130', 'generator_115', 'generator_115', 'generator_130', 'generator_115', 'generator_115', 'generator_130', 'generator_115', 'generator_115', 'generator_130']
number opened: 4
TRIAL 27
Action chosen: (red, red)
Outcome: True
partcle ids: ['number_match', 'number_match', 'number_match', 'number_match', 'number_match', 'number_match', 'number_match', 'number_match', 'number_match', 'number_match', 'number_match', 'number_match', 'number_match', 'number_match', 'number_match', 'number_match', 'number_match', 'number_match', 'number_match', 'number_match', 'number_match', 'number_match', 'number_match', 'number_match', 'number_match', 'number_match', 'number_match', 'number_match', 'number_match', 'number_match']
number opened: 5
{"attempts": 27, "unique_key_box_pairs": 26, "revisit_attempts": 1, "revisit_rate": 0.038461538461538464, "attempts_before_abandoning_color_matching": 0, "color_matching_abandoned": true}
