{"Child_ID": "D029", "SoC_variant": "SoC-Full", "theta": [4, 1], "p_gen": 0.8, "true_prior": 0.02, "run_number": 73, "seed": 1481372890837494469}
TRIAL 1
Action chosen: (red, red)
Outcome: True
partcle ids: ['generator_20', 'generator_20', 'generator_24', 'generator_25', 'generator_26', 'generator_27', 'generator_28', 'generator_29', 'generator_30', 'similar_color_8', 'generator_31', 'similar_color_9', 'color_match', 'generator_32', 'generator_4', 'generator_4', 'generator_33', 'generator_34', 'generator_35', 'similar_color_9', 'generator_36', 'generator_37', 'generator_38', 'generator_39', 'generator_40', 'generator_41', 'generator_42', 'generator_43', 'generator_44', 'generator_45']
number opened: 1
TRIAL 2
Action chosen: (purple, purple)
Outcome: False
partcle ids: ['generator_20', 'generator_20', 'generator_24', 'generator_25', 'generator_26', 'generator_27', 'generator_28', 'generator_29', 'generator_30', 'similar_color_8', 'generator_31', 'similar_color_9', 'color_match', 'generator_32', 'generator_4', 'generator_4', 'generator_33', 'generator_34', 'generator_35', 'similar_color_9', 'generator_36', 'generator_37', 'generator_38', 'generator_39', 'generator_40', 'generator_41', 'generator_42', 'generator_43', 'generator_44', 'generator_45']
number opened: 1
TRIAL 3
Action chosen: (orange4, white)
Outcome: True
partcle ids: ['generator_33', 'generator_47', 'generator_48', 'generator_49', 'generator_50', 'generator_51', 'generator_52', 'generator_53', 'generator_54', 'generator_4', 'generator_56', 'generator_57', 'generator_58', 'number_match', 'generator_59', 'generator_60', 'generator_61', 'generator_62', 'generator_63', 'generator_64', 'generator_65', 'generator_66', 'generator_67', 'generator_68', 'generator_69', 'generator_70', 'generator_71', 'generator_4', 'generator_4', 'generator_74']
number opened: 2
TRIAL 4
Action chosen: (yellow5, blue)
Outcome: True
partcle ids: ['generator_75', 'generator_76', 'generator_77', 'generator_78', 'generator_79', 'generator_54', 'generator_81', 'generator_52', 'generator_82', 'generator_54', 'generator_83', 'generator_49', 'generator_84', 'generator_85', 'generator_51', 'generator_86', 'generator_51', 'generator_88', 'generator_89', 'generator_90', 'generator_90', 'generator_47', 'generator_91', 'generator_88', 'generator_92', 'generator_93', 'generator_94', 'generator_95', 'generator_96', 'generator_97']
number opened: 3
TRIAL 5
Action chosen: (blue, pink)
Outcome: False
partcle ids: ['generator_75', 'generator_76', 'generator_77', 'generator_78', 'generator_79', 'generator_54', 'generator_81', 'generator_52', 'generator_82', 'generator_54', 'generator_83', 'generator_49', 'generator_84', 'generator_85', 'generator_51', 'generator_86', 'generator_51', 'generator_88', 'generator_89', 'generator_90', 'generator_90', 'generator_47', 'generator_91', 'generator_88', 'generator_92', 'generator_93', 'generator_94', 'generator_95', 'generator_96', 'generator_97']
number opened: 3
TRIAL 6
Action chosen: (purple, pink)
Outcome: False
partcle ids: ['generator_75', 'generator_76', 'generator_77', 'generator_78', 'generator_79', 'generator_54', 'generator_81', 'generator_52', 'generator_82', 'generator_54', 'generator_83', 'generator_49', 'generator_84', 'generator_85', 'generator_51', 'generator_86', 'generator_51', 'generator_88', 'generator_89', 'generator_90', 'generator_90', 'generator_47', 'generator_91', 'generator_88', 'generator_92', 'generator_93', 'generator_94', 'generator_95', 'generator_96', 'generator_97']
number opened: 3
TRIAL 7
Action chosen: (grey2, purple)
Outcome: False
partcle ids: ['generator_75', 'generator_76', 'generator_77', 'generator_78', 'generator_79', 'generator_54', 'generator_81', 'generator_52', 'generator_82', 'generator_54', 'generator_83', 'generator_49', 'generator_84', 'generator_85', 'generator_51', 'generator_86', 'generator_51', 'generator_88', 'generator_89', 'generator_90', 'generator_90', 'generator_47', 'generator_91', 'generator_88', 'generator_92', 'generator_93', 'generator_94', 'generator_95', 'generator_96', 'generator_97']
number opened: 3
TRIAL 8
Action chosen: (diamond, pink)
Outcome: False
partcle ids: ['generator_75', 'generator_76', 'generator_77', 'generator_78', 'generator_79', 'generator_54', 'generator_81', 'generator_52', 'generator_82', 'generator_54', 'generator_83', 'generator_49', 'generator_84', 'generator_85', 'generator_51', 'generator_86', 'generator_51', 'generator_88', 'generator_89', 'generator_90', 'generator_90', 'generator_47', 'generator_91', 'generator_88', 'generator_92', 'generator_93', 'generator_94', 'generator_95', 'generator_96', 'generator_97']
number opened: 3
TRIAL 9
Action chosen: (cloud, pink)
Outcome: False
partcle ids: ['generator_75', 'generator_76', 'generator_77', 'generator_78', 'generator_79', 'generator_54', 'generator_81', 'generator_52', 'generator_82', 'generator_54', 'generator_83', 'generator_49', 'generator_84', 'generator_85', 'generator_51', 'generator_86', 'generator_51', 'generator_88', 'generator_89', 'generator_90', 'generator_90', 'generator_47', 'generator_91', 'generator_88', 'generator_92', 'generator_93', 'generator_94', 'generator_95', 'generator_96', 'generator_97']
number opened: 3
TRIAL 10
Action chosen: (cloud, purple)
Outcome: False
partcle ids: ['generator_54', 'generator_71', 'generator_77', 'generator_98', 'generator_86', 'generator_49', 'generator_93', 'generator_76', 'generator_92', 'generator_49', 'generator_100', 'generator_52', 'generator_96', 'generator_96', 'generator_52', 'generator_102', 'generator_103', 'generator_93', 'generator_86', 'generator_86', 'generator_104', 'generator_105', 'generator_106', 'generator_107', 'generator_49', 'generator_86', 'generator_108', 'generator_76', 'generator_94', 'generator_76']
number opened: 3
TRIAL 11
Action chosen: (pink, purple)
Outcome: False
partcle ids: ['generator_54', 'generator_71', 'generator_77', 'generator_98', 'generator_86', 'generator_49', 'generator_93', 'generator_76', 'generator_92', 'generator_49', 'generator_100', 'generator_52', 'generator_96', 'generator_96', 'generator_52', 'generator_102', 'generator_103', 'generator_93', 'generator_86', 'generator_86', 'generator_104', 'generator_105', 'generator_106', 'generator_107', 'generator_49', 'generator_86', 'generator_108', 'generator_76', 'generator_94', 'generator_76']
number opened: 3
TRIAL 12
Action chosen: (green3, pink)
Outcome: False
partcle ids: ['generator_54', 'generator_71', 'generator_77', 'generator_98', 'generator_86', 'generator_49', 'generator_93', 'generator_76', 'generator_92', 'generator_49', 'generator_100', 'generator_52', 'generator_96', 'generator_96', 'generator_52', 'generator_102', 'generator_103', 'generator_93', 'generator_86', 'generator_86', 'generator_104', 'generator_105', 'generator_106', 'generator_107', 'generator_49', 'generator_86', 'generator_108', 'generator_76', 'generator_94', 'generator_76']
number opened: 3
TRIAL 13
Action chosen: (triangle, pink)
Outcome: False
partcle ids: ['generator_54', 'generator_71', 'generator_77', 'generator_98', 'generator_86', 'generator_49', 'generator_93', 'generator_76', 'generator_92', 'generator_49', 'generator_100', 'generator_52', 'generator_96', 'generator_96', 'generator_52', 'generator_102', 'generator_103', 'generator_93', 'generator_86', 'generator_86', 'generator_104', 'generator_105', 'generator_106', 'generator_107', 'generator_49', 'generator_86', 'generator_108', 'generator_76', 'generator_94', 'generator_76']
number opened: 3
TRIAL 14
Action chosen: (white, pink)
Outcome: False
partcle ids: ['generator_54', 'generator_71', 'generator_77', 'generator_98', 'generator_86', 'generator_49', 'generator_93', 'generator_76', 'generator_92', 'generator_49', 'generator_100', 'generator_52', 'generator_96', 'generator_96', 'generator_52', 'generator_102', 'generator_103', 'generator_93', 'generator_86', 'generator_86', 'generator_104', 'generator_105', 'generator_106', 'generator_107', 'generator_49', 'generator_86', 'generator_108', 'generator_76', 'generator_94', 'generator_76']
number opened: 3
TRIAL 15
Action chosen: (heart, pink)
Outcome: False
partcle ids: ['generator_109', 'generator_110', 'generator_111', 'generator_49', 'generator_93', 'generator_112', 'generator_76', 'generator_52', 'generator_96', 'generator_86', 'generator_96', 'generator_78', 'generator_52', 'generator_96', 'generator_96', 'generator_96', 'generator_105', 'generator_105', 'generator_84', 'generator_111', 'generator_84', 'generator_92', 'generator_96', 'generator_84', 'generator_51', 'generator_102', 'generator_54', 'generator_96', 'generator_116', 'generator_102']
number opened: 3
TRIAL 16
Action chosen: (white, purple)
Outcome: False
partcle ids: ['generator_109', 'generator_110', 'generator_111', 'generator_49', 'generator_93', 'generator_112', 'generator_76', 'generator_52', 'generator_96', 'generator_86', 'generator_96', 'generator_78', 'generator_52', 'generator_96', 'generator_96', 'generator_96', 'generator_105', 'generator_105', 'generator_84', 'generator_111', 'generator_84', 'generator_92', 'generator_96', 'generator_84', 'generator_51', 'generator_102', 'generator_54', 'generator_96', 'generator_116', 'generator_102']
number opened: 3
TRIAL 17
Action chosen: (heart, purple)
Outcome: False
partcle ids: ['generator_109', 'generator_110', 'generator_111', 'generator_49', 'generator_93', 'generator_112', 'generator_76', 'generator_52', 'generator_96', 'generator_86', 'generator_96', 'generator_78', 'generator_52', 'generator_96', 'generator_96', 'generator_96', 'generator_105', 'generator_105', 'generator_84', 'generator_111', 'generator_84', 'generator_92', 'generator_96', 'generator_84', 'generator_51', 'generator_102', 'generator_54', 'generator_96', 'generator_116', 'generator_102']
number opened: 3
TRIAL 18
Action chosen: (green3, purple)
Outcome: True
partcle ids: ['generator_118', 'generator_91', 'number_match', 'generator_51', 'generator_119', 'generator_78', 'generator_119', 'generator_78', 'generator_51', 'generator_106', 'number_match', 'generator_91', 'generator_51', 'generator_51', 'generator_120', 'generator_118', 'generator_119', 'generator_102', 'generator_78', 'generator_91', 'generator_119', 'generator_91', 'generator_118', 'generator_51', 'generator_119', 'generator_118', 'generator_118', 'generator_51', 'generator_102', 'generator_78']
number opened: 4
TRIAL 19
Action chosen: (purple, pink)
Outcome: False
partcle ids: ['generator_118', 'generator_91', 'number_match', 'generator_51', 'generator_119', 'generator_78', 'generator_119', 'generator_78', 'generator_51', 'generator_106', 'number_match', 'generator_91', 'generator_51', 'generator_51', 'generator_120', 'generator_118', 'generator_119', 'generator_102', 'generator_78', 'generator_91', 'generator_119', 'generator_91', 'generator_118', 'generator_51', 'generator_119', 'generator_118', 'generator_118', 'generator_51', 'generator_102', 'generator_78']
number opened: 4
TRIAL 20
Action chosen: (heart, pink)
Outcome: False
partcle ids: ['generator_118', 'generator_91', 'number_match', 'generator_51', 'generator_119', 'generator_78', 'generator_119', 'generator_78', 'generator_51', 'generator_106', 'number_match', 'generator_91', 'generator_51', 'generator_51', 'generator_120', 'generator_118', 'generator_119', 'generator_102', 'generator_78', 'generator_91', 'generator_119', 'generator_91', 'generator_118', 'generator_51', 'generator_119', 'generator_118', 'generator_118', 'generator_51', 'generator_102', 'generator_78']
number opened: 4
TRIAL 21
Action chosen: (white, pink)
Outcome: False
partcle ids: ['generator_118', 'generator_91', 'number_match', 'generator_51', 'generator_119', 'generator_78', 'generator_119', 'generator_78', 'generator_51', 'generator_106', 'number_match', 'generator_91', 'generator_51', 'generator_51', 'generator_120', 'generator_118', 'generator_119', 'generator_102', 'generator_78', 'generator_91', 'generator_119', 'generator_91', 'generator_118', 'generator_51', 'generator_119', 'generator_118', 'generator_118', 'generator_51', 'generator_102', 'generator_78']
number opened: 4
TRIAL 22
Action chosen: (diamond, pink)
Outcome: False
partcle ids: ['generator_118', 'generator_91', 'number_match', 'generator_51', 'generator_119', 'generator_78', 'generator_119', 'generator_78', 'generator_51', 'generator_106', 'number_match', 'generator_91', 'generator_51', 'generator_51', 'generator_120', 'generator_118', 'generator_119', 'generator_102', 'generator_78', 'generator_91', 'generator_119', 'generator_91', 'generator_118', 'generator_51', 'generator_119', 'generator_118', 'generator_118', 'generator_51', 'generator_102', 'generator_78']
number opened: 4
TRIAL 23
Action chosen: (blue, pink)
Outcome: False
partcle ids: ['generator_118', 'generator_91', 'number_match', 'generator_51', 'generator_119', 'generator_78', 'generator_119', 'generator_78', 'generator_51', 'generator_106', 'number_match', 'generator_91', 'generator_51', 'generator_51', 'generator_120', 'generator_118', 'generator_119', 'generator_102', 'generator_78', 'generator_91', 'generator_119', 'generator_91', 'generator_118', 'generator_51', 'generator_119', 'generator_118', 'generator_118', 'generator_51', 'generator_102', 'generator_78']
number opened: 4
TRIAL 24
Action chosen: (cloud, pink)
Outcome: False
partcle ids: ['generator_118', 'generator_91', 'number_match', 'generator_51', 'generator_119', 'generator_78', 'generator_119', 'generator_78', 'generator_51', 'generator_106', 'number_match', 'generator_91', 'generator_51', 'generator_51', 'generator_120', 'generator_118', 'generator_119', 'generator_102', 'generator_78', 'generator_91', 'generator_119', 'generator_91', 'generator_118', 'generator_51', 'generator_119', 'generator_118', 'generator_118', 'generator_51', 'generator_102', 'generator_78']
number opened: 4
TRIAL 25
Action chosen: (grey2, pink)
Outcome: True
partcle ids: ['number_match', 'number_match', 'number_match', 'number_match', 'number_match', 'number_match', 'number_match', 'number_match', 'number_match', 'number_match', 'number_match', 'number_match', 'number_match', 'number_match', 'number_match', 'number_match', 'number_match', 'number_match', 'number_match', 'number_match', 'number_match', 'number_match', 'number_match', 'number_match', 'number_match', 'number_match', 'number_match', 'number_match', 'number_match', 'number_match']
number opened: 5
{"attempts": 25, "unique_key_box_pairs": 19, "revisit_attempts": 6, "revisit_rate": 0.25, "attempts_before_abandoning_color_matching": 2, "color_matching_abandoned": true}
