{"Child_ID": "D006", "SoC_variant": "SoC-Gen", "theta": [19, 1], "p_gen": 0.3, "true_prior": 0.02, "run_number": 4, "seed": 4172138210527499272}
TRIAL 1
Action chosen: (purple, purple)
Outcome: False
partcle ids: ['similar_color_11', 'generator_1', 'order_match', 'similar_color_5', 'generator_2', 'similar_color_4', 'generator_3', 'similar_color_7', 'similar_color_3', 'similar_color_10', 'generator_4', 'shape_match', 'similar_color_8', 'similar_color_14', 'color_match', 'color_match', 'shape_match', 'shape_match', 'order_match', 'similar_color_3', 'generator_5', 'similar_color_1', 'similar_color_6', 'similar_color_8', 'similar_color_7', 'similar_color_11', 'generator_6', 'generator_7', 'generator_8', 'similar_color_8']
number opened: 0
TRIAL 2
Action chosen: (red, red)
Outcome: True
partcle ids: ['similar_color_1', 'generator_9', 'order_match', 'generator_4', 'generator_4', 'generator_11', 'order_match', 'order_match', 'generator_12', 'generator_4', 'generator_13', 'generator_5', 'similar_color_1', 'generator_14', 'generator_15', 'similar_color_11', 'order_match', 'order_match', 'generator_5', 'generator_4', 'generator_16', 'generator_17', 'generator_4', 'similar_color_11', 'generator_18', 'generator_5', 'order_match', 'generator_4', 'generator_19', 'similar_color_13']
number opened: 1
TRIAL 3
Action chosen: (yellow5, blue)
Outcome: True
partcle ids: ['generator_20', 'generator_21', 'generator_22', 'generator_17', 'order_match', 'generator_25', 'generator_26', 'generator_27', 'generator_28', 'generator_29', 'generator_30', 'generator_31', 'generator_32', 'generator_33', 'generator_34', 'generator_35', 'generator_36', 'generator_37', 'generator_38', 'generator_39', 'generator_40', 'generator_4', 'order_match', 'generator_41', 'generator_42', 'generator_43', 'order_match', 'generator_17', 'generator_44', 'generator_4']
number opened: 2
TRIAL 4
Action chosen: (grey2, pink)
Outcome: True
partcle ids: ['generator_46', 'generator_4', 'generator_29', 'generator_33', 'generator_47', 'generator_48', 'generator_49', 'order_match', 'generator_50', 'generator_51', 'generator_52', 'generator_53', 'generator_54', 'generator_55', 'order_match', 'generator_56', 'number_match', 'generator_57', 'generator_56', 'generator_29', 'generator_58', 'generator_4', 'generator_60', 'generator_61', 'generator_58', 'generator_62', 'order_match', 'generator_63', 'number_match', 'generator_64']
number opened: 3
TRIAL 5
Action chosen: (cloud, purple)
Outcome: False
partcle ids: ['generator_46', 'generator_4', 'generator_29', 'generator_33', 'generator_47', 'generator_48', 'generator_49', 'order_match', 'generator_50', 'generator_51', 'generator_52', 'generator_53', 'generator_54', 'generator_55', 'order_match', 'generator_56', 'number_match', 'generator_57', 'generator_56', 'generator_29', 'generator_58', 'generator_4', 'generator_60', 'generator_61', 'generator_58', 'generator_62', 'order_match', 'generator_63', 'number_match', 'generator_64']
number opened: 3
TRIAL 6
Action chosen: (white, purple)
Outcome: False
partcle ids: ['generator_46', 'generator_4', 'generator_29', 'generator_33', 'generator_47', 'generator_48', 'generator_49', 'order_match', 'generator_50', 'generator_51', 'generator_52', 'generator_53', 'generator_54', 'generator_55', 'order_match', 'generator_56', 'number_match', 'generator_57', 'generator_56', 'generator_29', 'generator_58', 'generator_4', 'generator_60', 'generator_61', 'generator_58', 'generator_62', 'order_match', 'generator_63', 'number_match', 'generator_64']
number opened: 3
TRIAL 7
Action chosen: (green3, white)
Outcome: False
partcle ids: ['generator_60', 'generator_65', 'generator_66', 'number_match', 'generator_67', 'generator_46', 'generator_69', 'generator_70', 'generator_71', 'generator_52', 'generator_73', 'order_match', 'generator_66', 'generator_63', 'generator_69', 'generator_46', 'generator_75', 'generator_47', 'generator_76', 'generator_77', 'generator_52', 'generator_51', 'generator_78', 'generator_49', 'generator_62', 'generator_57', 'generator_46', 'generator_62', 'generator_55', 'generator_58']
number opened: 3
TRIAL 8
Action chosen: (diamond, white)
Outcome: False
partcle ids: ['generator_60', 'generator_65', 'generator_66', 'number_match', 'generator_67', 'generator_46', 'generator_69', 'generator_70', 'generator_71', 'generator_52', 'generator_73', 'order_match', 'generator_66', 'generator_63', 'generator_69', 'generator_46', 'generator_75', 'generator_47', 'generator_76', 'generator_77', 'generator_52', 'generator_51', 'generator_78', 'generator_49', 'generator_62', 'generator_57', 'generator_46', 'generator_62', 'generator_55', 'generator_58']
number opened: 3
TRIAL 9
Action chosen: (blue, purple)
Outcome: False
partcle ids: ['generator_60', 'generator_65', 'generator_66', 'number_match', 'generator_67', 'generator_46', 'generator_69', 'generator_70', 'generator_71', 'generator_52', 'generator_73', 'order_match', 'generator_66', 'generator_63', 'generator_69', 'generator_46', 'generator_75', 'generator_47', 'generator_76', 'generator_77', 'generator_52', 'generator_51', 'generator_78', 'generator_49', 'generator_62', 'generator_57', 'generator_46', 'generator_62', 'generator_55', 'generator_58']
number opened: 3
TRIAL 10
Action chosen: (heart, purple)
Outcome: False
partcle ids: ['generator_71', 'generator_73', 'generator_51', 'generator_53', 'generator_58', 'generator_49', 'generator_77', 'generator_69', 'generator_49', 'generator_73', 'generator_31', 'number_match', 'generator_69', 'generator_78', 'generator_77', 'generator_71', 'generator_55', 'generator_83', 'generator_49', 'generator_77', 'generator_71', 'generator_71', 'generator_73', 'number_match', 'generator_84', 'generator_73', 'generator_49', 'generator_85', 'generator_48', 'generator_57']
number opened: 3
TRIAL 11
Action chosen: (green3, purple)
Outcome: True
partcle ids: ['generator_71', 'generator_77', 'generator_71', 'generator_86', 'number_match', 'number_match', 'generator_87', 'generator_87', 'number_match', 'generator_87', 'generator_77', 'generator_71', 'generator_71', 'number_match', 'generator_86', 'generator_77', 'generator_88', 'generator_77', 'number_match', 'generator_89', 'generator_90', 'generator_86', 'generator_87', 'generator_86', 'generator_86', 'generator_86', 'generator_71', 'generator_77', 'generator_89', 'generator_71']
number opened: 4
TRIAL 12
Action chosen: (triangle, white)
Outcome: False
partcle ids: ['generator_71', 'generator_77', 'generator_71', 'generator_86', 'number_match', 'number_match', 'generator_87', 'generator_87', 'number_match', 'generator_87', 'generator_77', 'generator_71', 'generator_71', 'number_match', 'generator_86', 'generator_77', 'generator_88', 'generator_77', 'number_match', 'generator_89', 'generator_90', 'generator_86', 'generator_87', 'generator_86', 'generator_86', 'generator_86', 'generator_71', 'generator_77', 'generator_89', 'generator_71']
number opened: 4
TRIAL 13
Action chosen: (cloud, white)
Outcome: False
partcle ids: ['generator_71', 'generator_77', 'generator_71', 'generator_86', 'number_match', 'number_match', 'generator_87', 'generator_87', 'number_match', 'generator_87', 'generator_77', 'generator_71', 'generator_71', 'number_match', 'generator_86', 'generator_77', 'generator_88', 'generator_77', 'number_match', 'generator_89', 'generator_90', 'generator_86', 'generator_87', 'generator_86', 'generator_86', 'generator_86', 'generator_71', 'generator_77', 'generator_89', 'generator_71']
number opened: 4
TRIAL 14
Action chosen: (heart, white)
Outcome: False
partcle ids: ['generator_87', 'generator_89', 'generator_87', 'generator_90', 'generator_86', 'number_match', 'generator_89', 'number_match', 'generator_90', 'number_match', 'generator_89', 'generator_88', 'generator_89', 'generator_87', 'generator_87', 'number_match', 'generator_87', 'number_match', 'generator_87', 'generator_88', 'generator_88', 'number_match', 'generator_87', 'generator_89', 'generator_90', 'number_match', 'generator_87', 'generator_87', 'generator_89', 'generator_87']
number opened: 4
TRIAL 15
Action chosen: (white, white)
Outcome: False
partcle ids: ['generator_87', 'generator_89', 'generator_87', 'generator_90', 'generator_86', 'number_match', 'generator_89', 'number_match', 'generator_90', 'number_match', 'generator_89', 'generator_88', 'generator_89', 'generator_87', 'generator_87', 'number_match', 'generator_87', 'number_match', 'generator_87', 'generator_88', 'generator_88', 'number_match', 'generator_87', 'generator_89', 'generator_90', 'number_match', 'generator_87', 'generator_87', 'generator_89', 'generator_87']
number opened: 4
TRIAL 16
Action chosen: (orange4, white)
Outcome: True
partcle ids: ['number_match', 'number_match', 'number_match', 'number_match', 'number_match', 'number_match', 'number_match', 'number_match', 'number_match', 'number_match', 'number_match', 'number_match', 'number_match', 'number_match', 'number_match', 'number_match', 'number_match', 'number_match', 'number_match', 'number_match', 'number_match', 'number_match', 'number_match', 'number_match', 'number_match', 'number_match', 'number_match', 'number_match', 'number_match', 'number_match']
number opened: 5
{"attempts": 16, "unique_key_box_pairs": 16, "revisit_attempts": 0, "revisit_rate": 0.0, "attempts_before_abandoning_color_matching": 2, "color_matching_abandoned": true}
