{"Child_ID": "D006", "SoC_variant": "SoC-Gen", "theta": [19, 1], "p_gen": 0.3, "true_prior": 0.02, "run_number": 33, "seed": 9182197560361091269}
TRIAL 1
Action chosen: (green3, blue)
Outcome: False
partcle ids: ['shape_match', 'similar_color_13', 'similar_color_9', 'similar_color_12', 'similar_color_13', 'similar_color_14', 'similar_color_11', 'generator_1', 'similar_color_10', 'similar_color_14', 'similar_color_13', 'similar_color_13', 'shape_match', 'similar_color_2', 'similar_color_9', 'similar_color_12', 'similar_color_1', 'generator_2', 'similar_color_2', 'similar_color_13', 'similar_color_2', 'number_match', 'similar_color_12', 'generator_3', 'number_match', 'similar_color_2', 'similar_color_4', 'similar_color_8', 'similar_color_5', 'similar_color_1']
number opened: 0
TRIAL 2
Action chosen: (heart, blue)
Outcome: False
partcle ids: ['generator_4', 'similar_color_6', 'similar_color_8', 'similar_color_9', 'similar_color_7', 'similar_color_1', 'generator_5', 'number_match', 'shape_match', 'generator_6', 'similar_color_9', 'similar_color_3', 'number_match', 'shape_match', 'generator_7', 'number_match', 'similar_color_6', 'similar_color_9', 'similar_color_7', 'similar_color_12', 'similar_color_8', 'number_match', 'similar_color_6', 'similar_color_14', 'generator_8', 'color_match', 'generator_3', 'similar_color_8', 'generator_9', 'color_match']
number opened: 0
TRIAL 3
Action chosen: (blue, blue)
Outcome: False
partcle ids: ['generator_4', 'similar_color_6', 'similar_color_8', 'similar_color_9', 'similar_color_7', 'similar_color_1', 'generator_5', 'number_match', 'shape_match', 'generator_6', 'similar_color_9', 'similar_color_3', 'number_match', 'shape_match', 'generator_7', 'number_match', 'similar_color_6', 'similar_color_9', 'similar_color_7', 'similar_color_12', 'similar_color_8', 'number_match', 'similar_color_6', 'similar_color_14', 'generator_8', 'color_match', 'generator_3', 'similar_color_8', 'generator_9', 'color_match']
number opened: 0
TRIAL 4
Action chosen: (pink, pink)
Outcome: False
partcle ids: ['generator_4', 'similar_color_9', 'generator_10', 'shape_match', 'generator_8', 'similar_color_13', 'shape_match', 'generator_12', 'generator_9', 'number_match', 'generator_8', 'shape_match', 'shape_match', 'order_match', 'generator_13', 'number_match', 'similar_color_11', 'shape_match', 'generator_14', 'shape_match', 'generator_4', 'generator_3', 'shape_match', 'generator_4', 'generator_9', 'shape_match', 'generator_3', 'generator_15', 'number_match', 'generator_3']
number opened: 0
TRIAL 5
Action chosen: (heart, purple)
Outcome: False
partcle ids: ['generator_4', 'similar_color_9', 'generator_10', 'shape_match', 'generator_8', 'similar_color_13', 'shape_match', 'generator_12', 'generator_9', 'number_match', 'generator_8', 'shape_match', 'shape_match', 'order_match', 'generator_13', 'number_match', 'similar_color_11', 'shape_match', 'generator_14', 'shape_match', 'generator_4', 'generator_3', 'shape_match', 'generator_4', 'generator_9', 'shape_match', 'generator_3', 'generator_15', 'number_match', 'generator_3']
number opened: 0
TRIAL 6
Action chosen: (red, red)
Outcome: True
partcle ids: ['order_match', 'number_match', 'order_match', 'similar_color_6', 'generator_16', 'similar_color_13', 'order_match', 'generator_17', 'number_match', 'generator_18', 'generator_19', 'number_match', 'number_match', 'generator_20', 'order_match', 'similar_color_5', 'similar_color_11', 'generator_21', 'order_match', 'order_match', 'order_match', 'generator_22', 'similar_color_2', 'similar_color_7', 'number_match', 'similar_color_13', 'similar_color_11', 'similar_color_4', 'number_match', 'similar_color_6']
number opened: 1
TRIAL 7
Action chosen: (yellow5, blue)
Outcome: True
partcle ids: ['generator_23', 'generator_24', 'generator_25', 'generator_26', 'generator_27', 'generator_28', 'generator_29', 'generator_30', 'generator_31', 'generator_32', 'generator_33', 'generator_34', 'generator_35', 'generator_36', 'generator_37', 'order_match', 'generator_38', 'generator_39', 'generator_21', 'generator_41', 'generator_42', 'generator_43', 'generator_44', 'generator_45', 'generator_46', 'order_match', 'order_match', 'generator_47', 'order_match', 'generator_49']
number opened: 2
TRIAL 8
Action chosen: (grey2, pink)
Outcome: True
partcle ids: ['generator_50', 'generator_21', 'generator_51', 'number_match', 'generator_52', 'generator_53', 'number_match', 'order_match', 'order_match', 'order_match', 'order_match', 'number_match', 'generator_56', 'generator_57', 'generator_58', 'generator_59', 'generator_60', 'generator_60', 'generator_21', 'generator_57', 'generator_44', 'generator_62', 'generator_58', 'generator_58', 'generator_63', 'generator_64', 'generator_65', 'generator_66', 'order_match', 'generator_67']
number opened: 3
TRIAL 9
Action chosen: (green3, purple)
Outcome: True
partcle ids: ['number_match', 'generator_68', 'number_match', 'generator_69', 'generator_70', 'generator_68', 'generator_67', 'generator_71', 'generator_67', 'generator_56', 'generator_60', 'generator_69', 'generator_59', 'generator_71', 'generator_60', 'generator_70', 'generator_59', 'number_match', 'generator_60', 'number_match', 'number_match', 'generator_68', 'generator_68', 'generator_68', 'generator_70', 'generator_59', 'generator_67', 'generator_60', 'generator_70', 'number_match']
number opened: 4
TRIAL 10
Action chosen: (orange4, white)
Outcome: True
partcle ids: ['number_match', 'number_match', 'number_match', 'number_match', 'number_match', 'number_match', 'number_match', 'number_match', 'number_match', 'number_match', 'number_match', 'number_match', 'number_match', 'number_match', 'number_match', 'number_match', 'number_match', 'number_match', 'number_match', 'number_match', 'number_match', 'number_match', 'number_match', 'number_match', 'number_match', 'number_match', 'number_match', 'number_match', 'number_match', 'number_match']
number opened: 5
{"attempts": 10, "unique_key_box_pairs": 10, "revisit_attempts": 0, "revisit_rate": 0.0, "attempts_before_abandoning_color_matching": 0, "color_matching_abandoned": true}
