{"Child_ID": "D006", "SoC_variant": "SoC-Gen", "theta": [19, 1], "p_gen": 0.3, "true_prior": 0.02, "run_number": 77, "seed": 6315828916344493298}
TRIAL 1
Action chosen: (blue, blue)
Outcome: False
partcle ids: ['similar_color_6', 'generator_1', 'similar_color_6', 'similar_color_8', 'generator_2', 'generator_3', 'similar_color_13', 'similar_color_9', 'generator_4', 'similar_color_8', 'similar_color_8', 'generator_5', 'similar_color_6', 'similar_color_1', 'shape_match', 'similar_color_11', 'similar_color_13', 'similar_color_6', 'generator_6', 'similar_color_9', 'generator_7', 'similar_color_4', 'similar_color_8', 'generator_8', 'order_match', 'generator_9', 'similar_color_1', 'similar_color_13', 'similar_color_5', 'color_match']
number opened: 0
TRIAL 2
Action chosen: (pink, pink)
Outcome: False
partcle ids: ['generator_10', 'order_match', 'order_match', 'generator_11', 'generator_1', 'generator_12', 'generator_13', 'generator_3', 'generator_14', 'generator_15', 'order_match', 'generator_16', 'generator_4', 'generator_17', 'similar_color_4', 'generator_18', 'generator_7', 'generator_6', 'generator_6', 'generator_19', 'shape_match', 'generator_6', 'generator_7', 'similar_color_7', 'order_match', 'generator_20', 'generator_6', 'order_match', 'generator_3', 'generator_9']
number opened: 0
TRIAL 3
Action chosen: (yellow5, blue)
Outcome: True
partcle ids: ['generator_22', 'generator_23', 'generator_24', 'generator_25', 'generator_18', 'order_match', 'generator_6', 'generator_27', 'order_match', 'generator_28', 'generator_29', 'generator_30', 'generator_31', 'generator_32', 'order_match', 'generator_33', 'generator_34', 'generator_35', 'generator_6', 'generator_36', 'generator_37', 'generator_38', 'generator_6', 'generator_39', 'generator_40', 'generator_6', 'generator_41', 'generator_42', 'generator_43', 'generator_44']
number opened: 1
TRIAL 4
Action chosen: (grey2, pink)
Outcome: True
partcle ids: ['generator_45', 'generator_29', 'generator_46', 'generator_47', 'generator_6', 'generator_48', 'generator_49', 'generator_50', 'generator_51', 'generator_52', 'generator_53', 'generator_6', 'generator_54', 'generator_55', 'generator_56', 'generator_6', 'generator_57', 'generator_58', 'generator_59', 'generator_60', 'generator_61', 'generator_62', 'generator_63', 'generator_64', 'generator_65', 'generator_66', 'generator_67', 'generator_48', 'generator_68', 'generator_69']
number opened: 2
TRIAL 5
Action chosen: (pink, purple)
Outcome: False
partcle ids: ['generator_45', 'generator_29', 'generator_46', 'generator_47', 'generator_6', 'generator_48', 'generator_49', 'generator_50', 'generator_51', 'generator_52', 'generator_53', 'generator_6', 'generator_54', 'generator_55', 'generator_56', 'generator_6', 'generator_57', 'generator_58', 'generator_59', 'generator_60', 'generator_61', 'generator_62', 'generator_63', 'generator_64', 'generator_65', 'generator_66', 'generator_67', 'generator_48', 'generator_68', 'generator_69']
number opened: 2
TRIAL 6
Action chosen: (red, purple)
Outcome: False
partcle ids: ['generator_45', 'generator_29', 'generator_46', 'generator_47', 'generator_6', 'generator_48', 'generator_49', 'generator_50', 'generator_51', 'generator_52', 'generator_53', 'generator_6', 'generator_54', 'generator_55', 'generator_56', 'generator_6', 'generator_57', 'generator_58', 'generator_59', 'generator_60', 'generator_61', 'generator_62', 'generator_63', 'generator_64', 'generator_65', 'generator_66', 'generator_67', 'generator_48', 'generator_68', 'generator_69']
number opened: 2
TRIAL 7
Action chosen: (green3, white)
Outcome: False
partcle ids: ['generator_45', 'generator_29', 'generator_46', 'generator_47', 'generator_6', 'generator_48', 'generator_49', 'generator_50', 'generator_51', 'generator_52', 'generator_53', 'generator_6', 'generator_54', 'generator_55', 'generator_56', 'generator_6', 'generator_57', 'generator_58', 'generator_59', 'generator_60', 'generator_61', 'generator_62', 'generator_63', 'generator_64', 'generator_65', 'generator_66', 'generator_67', 'generator_48', 'generator_68', 'generator_69']
number opened: 2
TRIAL 8
Action chosen: (pink, red)
Outcome: False
partcle ids: ['generator_70', 'generator_61', 'generator_62', 'generator_62', 'generator_72', 'generator_49', 'generator_63', 'generator_74', 'generator_75', 'generator_53', 'generator_77', 'generator_78', 'generator_61', 'generator_45', 'generator_80', 'generator_70', 'generator_81', 'generator_53', 'generator_58', 'generator_82', 'generator_83', 'generator_61', 'generator_85', 'generator_62', 'generator_87', 'generator_63', 'generator_48', 'generator_89', 'generator_90', 'generator_61']
number opened: 2
TRIAL 9
Action chosen: (green3, red)
Outcome: False
partcle ids: ['generator_70', 'generator_61', 'generator_62', 'generator_62', 'generator_72', 'generator_49', 'generator_63', 'generator_74', 'generator_75', 'generator_53', 'generator_77', 'generator_78', 'generator_61', 'generator_45', 'generator_80', 'generator_70', 'generator_81', 'generator_53', 'generator_58', 'generator_82', 'generator_83', 'generator_61', 'generator_85', 'generator_62', 'generator_87', 'generator_63', 'generator_48', 'generator_89', 'generator_90', 'generator_61']
number opened: 2
TRIAL 10
Action chosen: (cloud, red)
Outcome: False
partcle ids: ['generator_70', 'generator_61', 'generator_62', 'generator_62', 'generator_72', 'generator_49', 'generator_63', 'generator_74', 'generator_75', 'generator_53', 'generator_77', 'generator_78', 'generator_61', 'generator_45', 'generator_80', 'generator_70', 'generator_81', 'generator_53', 'generator_58', 'generator_82', 'generator_83', 'generator_61', 'generator_85', 'generator_62', 'generator_87', 'generator_63', 'generator_48', 'generator_89', 'generator_90', 'generator_61']
number opened: 2
TRIAL 11
Action chosen: (cloud, purple)
Outcome: False
partcle ids: ['generator_92', 'generator_93', 'generator_94', 'generator_95', 'generator_77', 'generator_53', 'generator_53', 'generator_97', 'generator_98', 'generator_99', 'generator_100', 'generator_53', 'generator_83', 'generator_45', 'generator_48', 'generator_48', 'generator_53', 'generator_49', 'generator_105', 'generator_75', 'generator_77', 'generator_108', 'generator_109', 'generator_110', 'generator_45', 'generator_75', 'generator_75', 'generator_48', 'generator_75', 'generator_115']
number opened: 2
TRIAL 12
Action chosen: (white, red)
Outcome: False
partcle ids: ['generator_92', 'generator_93', 'generator_94', 'generator_95', 'generator_77', 'generator_53', 'generator_53', 'generator_97', 'generator_98', 'generator_99', 'generator_100', 'generator_53', 'generator_83', 'generator_45', 'generator_48', 'generator_48', 'generator_53', 'generator_49', 'generator_105', 'generator_75', 'generator_77', 'generator_108', 'generator_109', 'generator_110', 'generator_45', 'generator_75', 'generator_75', 'generator_48', 'generator_75', 'generator_115']
number opened: 2
TRIAL 13
Action chosen: (white, purple)
Outcome: False
partcle ids: ['generator_116', 'generator_117', 'generator_118', 'generator_119', 'generator_120', 'generator_99', 'generator_45', 'number_match', 'generator_123', 'generator_49', 'generator_45', 'generator_125', 'generator_126', 'generator_127', 'generator_45', 'generator_129', 'generator_99', 'generator_131', 'generator_94', 'generator_132', 'generator_110', 'generator_77', 'generator_134', 'generator_49', 'generator_105', 'generator_75', 'generator_94', 'generator_77', 'generator_45', 'generator_105']
number opened: 2
TRIAL 14
Action chosen: (pink, white)
Outcome: False
partcle ids: ['generator_116', 'generator_117', 'generator_118', 'generator_119', 'generator_120', 'generator_99', 'generator_45', 'number_match', 'generator_123', 'generator_49', 'generator_45', 'generator_125', 'generator_126', 'generator_127', 'generator_45', 'generator_129', 'generator_99', 'generator_131', 'generator_94', 'generator_132', 'generator_110', 'generator_77', 'generator_134', 'generator_49', 'generator_105', 'generator_75', 'generator_94', 'generator_77', 'generator_45', 'generator_105']
number opened: 2
TRIAL 15
Action chosen: (red, white)
Outcome: False
partcle ids: ['generator_116', 'generator_117', 'generator_118', 'generator_119', 'generator_120', 'generator_99', 'generator_45', 'number_match', 'generator_123', 'generator_49', 'generator_45', 'generator_125', 'generator_126', 'generator_127', 'generator_45', 'generator_129', 'generator_99', 'generator_131', 'generator_94', 'generator_132', 'generator_110', 'generator_77', 'generator_134', 'generator_49', 'generator_105', 'generator_75', 'generator_94', 'generator_77', 'generator_45', 'generator_105']
number opened: 2
TRIAL 16
Action chosen: (white, white)
Outcome: False
partcle ids: ['generator_140', 'generator_118', 'generator_134', 'generator_129', 'generator_118', 'generator_110', 'generator_110', 'generator_99', 'generator_145', 'generator_131', 'generator_146', 'generator_131', 'generator_118', 'generator_148', 'generator_149', 'generator_150', 'generator_99', 'generator_125', 'generator_99', 'generator_131', 'generator_132', 'generator_153', 'generator_118', 'generator_99', 'generator_119', 'generator_156', 'generator_157', 'generator_125', 'generator_110', 'generator_99']
number opened: 2
TRIAL 17
Action chosen: (purple, purple)
Outcome: False
partcle ids: ['generator_140', 'generator_118', 'generator_134', 'generator_129', 'generator_118', 'generator_110', 'generator_110', 'generator_99', 'generator_145', 'generator_131', 'generator_146', 'generator_131', 'generator_118', 'generator_148', 'generator_149', 'generator_150', 'generator_99', 'generator_125', 'generator_99', 'generator_131', 'generator_132', 'generator_153', 'generator_118', 'generator_99', 'generator_119', 'generator_156', 'generator_157', 'generator_125', 'generator_110', 'generator_99']
number opened: 2
TRIAL 18
Action chosen: (purple, red)
Outcome: False
partcle ids: ['generator_140', 'generator_118', 'generator_134', 'generator_129', 'generator_118', 'generator_110', 'generator_110', 'generator_99', 'generator_145', 'generator_131', 'generator_146', 'generator_131', 'generator_118', 'generator_148', 'generator_149', 'generator_150', 'generator_99', 'generator_125', 'generator_99', 'generator_131', 'generator_132', 'generator_153', 'generator_118', 'generator_99', 'generator_119', 'generator_156', 'generator_157', 'generator_125', 'generator_110', 'generator_99']
number opened: 2
TRIAL 19
Action chosen: (blue, red)
Outcome: False
partcle ids: ['generator_159', 'generator_132', 'generator_110', 'generator_148', 'generator_110', 'generator_149', 'generator_153', 'generator_110', 'generator_163', 'generator_149', 'generator_132', 'generator_166', 'generator_56', 'generator_167', 'number_match', 'generator_157', 'generator_168', 'generator_149', 'generator_153', 'generator_131', 'generator_170', 'generator_171', 'generator_172', 'generator_99', 'generator_132', 'generator_129', 'generator_175', 'generator_99', 'generator_177', 'generator_110']
number opened: 2
TRIAL 20
Action chosen: (cloud, white)
Outcome: False
partcle ids: ['generator_159', 'generator_132', 'generator_110', 'generator_148', 'generator_110', 'generator_149', 'generator_153', 'generator_110', 'generator_163', 'generator_149', 'generator_132', 'generator_166', 'generator_56', 'generator_167', 'number_match', 'generator_157', 'generator_168', 'generator_149', 'generator_153', 'generator_131', 'generator_170', 'generator_171', 'generator_172', 'generator_99', 'generator_132', 'generator_129', 'generator_175', 'generator_99', 'generator_177', 'generator_110']
number opened: 2
TRIAL 21
Action chosen: (red, red)
Outcome: True
partcle ids: ['generator_110', 'number_match', 'generator_153', 'generator_110', 'number_match', 'generator_110', 'order_match', 'generator_110', 'generator_110', 'generator_110', 'generator_183', 'generator_184', 'generator_153', 'generator_110', 'generator_110', 'generator_153', 'generator_186', 'generator_110', 'generator_153', 'generator_110', 'number_match', 'generator_153', 'generator_110', 'generator_110', 'generator_110', 'generator_192', 'generator_193', 'generator_194', 'generator_110', 'generator_110']
number opened: 3
TRIAL 22
Action chosen: (triangle, white)
Outcome: False
partcle ids: ['generator_110', 'number_match', 'generator_153', 'generator_110', 'number_match', 'generator_110', 'order_match', 'generator_110', 'generator_110', 'generator_110', 'generator_183', 'generator_184', 'generator_153', 'generator_110', 'generator_110', 'generator_153', 'generator_186', 'generator_110', 'generator_153', 'generator_110', 'number_match', 'generator_153', 'generator_110', 'generator_110', 'generator_110', 'generator_192', 'generator_193', 'generator_194', 'generator_110', 'generator_110']
number opened: 3
TRIAL 23
Action chosen: (orange4, purple)
Outcome: False
partcle ids: ['number_match', 'generator_198', 'generator_193', 'generator_193', 'generator_191', 'generator_200', 'generator_193', 'generator_201', 'generator_202', 'generator_203', 'generator_202', 'generator_200', 'generator_193', 'number_match', 'generator_193', 'generator_205', 'generator_194', 'number_match', 'generator_186', 'generator_194', 'generator_203', 'generator_208', 'generator_209', 'generator_210', 'number_match', 'number_match', 'generator_211', 'generator_193', 'generator_212', 'generator_193']
number opened: 3
TRIAL 24
Action chosen: (heart, white)
Outcome: False
partcle ids: ['number_match', 'generator_198', 'generator_193', 'generator_193', 'generator_191', 'generator_200', 'generator_193', 'generator_201', 'generator_202', 'generator_203', 'generator_202', 'generator_200', 'generator_193', 'number_match', 'generator_193', 'generator_205', 'generator_194', 'number_match', 'generator_186', 'generator_194', 'generator_203', 'generator_208', 'generator_209', 'generator_210', 'number_match', 'number_match', 'generator_211', 'generator_193', 'generator_212', 'generator_193']
number opened: 3
TRIAL 25
Action chosen: (green3, purple)
Outcome: True
partcle ids: ['generator_204', 'generator_213', 'generator_204', 'number_match', 'generator_213', 'generator_204', 'generator_204', 'generator_202', 'number_match', 'number_match', 'generator_108', 'generator_214', 'generator_215', 'generator_204', 'generator_215', 'generator_213', 'generator_213', 'generator_202', 'generator_213', 'generator_108', 'generator_216', 'generator_202', 'generator_108', 'number_match', 'generator_202', 'generator_213', 'generator_191', 'generator_213', 'number_match', 'generator_214']
number opened: 4
TRIAL 26
Action chosen: (diamond, white)
Outcome: False
partcle ids: ['generator_204', 'generator_213', 'generator_204', 'number_match', 'generator_213', 'generator_204', 'generator_204', 'generator_202', 'number_match', 'number_match', 'generator_108', 'generator_214', 'generator_215', 'generator_204', 'generator_215', 'generator_213', 'generator_213', 'generator_202', 'generator_213', 'generator_108', 'generator_216', 'generator_202', 'generator_108', 'number_match', 'generator_202', 'generator_213', 'generator_191', 'generator_213', 'number_match', 'generator_214']
number opened: 4
TRIAL 27
Action chosen: (orange4, white)
Outcome: True
partcle ids: ['number_match', 'number_match', 'number_match', 'number_match', 'number_match', 'number_match', 'number_match', 'number_match', 'number_match', 'number_match', 'number_match', 'number_match', 'number_match', 'number_match', 'number_match', 'number_match', 'number_match', 'number_match', 'number_match', 'number_match', 'number_match', 'number_match', 'number_match', 'number_match', 'number_match', 'number_match', 'number_match', 'number_match', 'number_match', 'number_match']
number opened: 5
{"attempts": 27, "unique_key_box_pairs": 27, "revisit_attempts": 0, "revisit_rate": 0.0, "attempts_before_abandoning_color_matching": 2, "color_matching_abandoned": true}
