{"Child_ID": "D006", "SoC_variant": "SoC-Gen", "theta": [19, 1], "p_gen": 0.3, "true_prior": 0.02, "run_number": 35, "seed": 3166458707685151920}
TRIAL 1
Action chosen: (pink, pink)
Outcome: False
partcle ids: ['order_match', 'order_match', 'generator_6', 'generator_6', 'similar_color_14', 'generator_5', 'similar_color_6', 'generator_5', 'generator_6', 'generator_5', 'generator_1', 'generator_9', 'generator_3', 'generator_10', 'generator_4', 'generator_8', 'generator_5', 'generator_11', 'generator_7', 'generator_12', 'generator_1', 'generator_13', 'order_match', 'generator_1', 'similar_color_3', 'generator_14', 'generator_4', 'generator_5', 'generator_8', 'shape_match']
number opened: 0
TRIAL 2
Action chosen: (red, red)
Outcome: True
partcle ids: ['order_match', 'order_match', 'generator_6', 'generator_6', 'similar_color_14', 'generator_5', 'similar_color_6', 'generator_5', 'generator_6', 'generator_5', 'generator_1', 'generator_9', 'generator_3', 'generator_10', 'generator_4', 'generator_8', 'generator_5', 'generator_11', 'generator_7', 'generator_12', 'generator_1', 'generator_13', 'order_match', 'generator_1', 'similar_color_3', 'generator_14', 'generator_4', 'generator_5', 'generator_8', 'shape_match']
number opened: 1
TRIAL 3
Action chosen: (triangle, white)
Outcome: False
partcle ids: ['order_match', 'color_match', 'similar_color_14', 'generator_15', 'generator_16', 'generator_8', 'generator_17', 'generator_8', 'generator_18', 'generator_8', 'generator_8', 'generator_13', 'generator_19', 'generator_20', 'generator_21', 'similar_color_1', 'generator_6', 'generator_22', 'order_match', 'generator_23', 'order_match', 'generator_8', 'order_match', 'generator_13', 'order_match', 'generator_13', 'generator_24', 'generator_6', 'generator_25', 'generator_8']
number opened: 1
TRIAL 4
Action chosen: (green3, white)
Outcome: False
partcle ids: ['order_match', 'color_match', 'similar_color_14', 'generator_15', 'generator_16', 'generator_8', 'generator_17', 'generator_8', 'generator_18', 'generator_8', 'generator_8', 'generator_13', 'generator_19', 'generator_20', 'generator_21', 'similar_color_1', 'generator_6', 'generator_22', 'order_match', 'generator_23', 'order_match', 'generator_8', 'order_match', 'generator_13', 'order_match', 'generator_13', 'generator_24', 'generator_6', 'generator_25', 'generator_8']
number opened: 1
TRIAL 5
Action chosen: (purple, purple)
Outcome: False
partcle ids: ['generator_26', 'generator_8', 'generator_24', 'generator_6', 'generator_28', 'generator_29', 'generator_21', 'generator_30', 'generator_16', 'generator_31', 'generator_13', 'generator_19', 'generator_13', 'generator_17', 'generator_18', 'generator_18', 'generator_6', 'generator_17', 'generator_23', 'generator_18', 'generator_23', 'generator_6', 'generator_33', 'generator_22', 'generator_16', 'generator_6', 'generator_6', 'generator_35', 'generator_17', 'generator_22']
number opened: 1
TRIAL 6
Action chosen: (pink, purple)
Outcome: False
partcle ids: ['generator_26', 'generator_8', 'generator_24', 'generator_6', 'generator_28', 'generator_29', 'generator_21', 'generator_30', 'generator_16', 'generator_31', 'generator_13', 'generator_19', 'generator_13', 'generator_17', 'generator_18', 'generator_18', 'generator_6', 'generator_17', 'generator_23', 'generator_18', 'generator_23', 'generator_6', 'generator_33', 'generator_22', 'generator_16', 'generator_6', 'generator_6', 'generator_35', 'generator_17', 'generator_22']
number opened: 1
TRIAL 7
Action chosen: (heart, pink)
Outcome: False
partcle ids: ['generator_26', 'generator_8', 'generator_24', 'generator_6', 'generator_28', 'generator_29', 'generator_21', 'generator_30', 'generator_16', 'generator_31', 'generator_13', 'generator_19', 'generator_13', 'generator_17', 'generator_18', 'generator_18', 'generator_6', 'generator_17', 'generator_23', 'generator_18', 'generator_23', 'generator_6', 'generator_33', 'generator_22', 'generator_16', 'generator_6', 'generator_6', 'generator_35', 'generator_17', 'generator_22']
number opened: 1
TRIAL 8
Action chosen: (triangle, blue)
Outcome: False
partcle ids: ['generator_36', 'generator_23', 'generator_23', 'generator_28', 'generator_23', 'generator_17', 'generator_37', 'generator_18', 'generator_8', 'number_match', 'generator_24', 'generator_23', 'generator_8', 'generator_38', 'generator_17', 'number_match', 'generator_8', 'generator_39', 'generator_24', 'generator_40', 'generator_41', 'generator_42', 'generator_17', 'generator_43', 'generator_21', 'generator_21', 'generator_17', 'generator_21', 'generator_24', 'generator_28']
number opened: 1
TRIAL 9
Action chosen: (grey2, blue)
Outcome: False
partcle ids: ['generator_36', 'generator_23', 'generator_23', 'generator_28', 'generator_23', 'generator_17', 'generator_37', 'generator_18', 'generator_8', 'number_match', 'generator_24', 'generator_23', 'generator_8', 'generator_38', 'generator_17', 'number_match', 'generator_8', 'generator_39', 'generator_24', 'generator_40', 'generator_41', 'generator_42', 'generator_17', 'generator_43', 'generator_21', 'generator_21', 'generator_17', 'generator_21', 'generator_24', 'generator_28']
number opened: 1
TRIAL 10
Action chosen: (green3, purple)
Outcome: True
partcle ids: ['generator_44', 'generator_45', 'generator_46', 'generator_43', 'generator_48', 'generator_49', 'generator_17', 'generator_17', 'generator_52', 'generator_17', 'generator_43', 'generator_53', 'generator_54', 'generator_43', 'generator_56', 'number_match', 'generator_57', 'generator_43', 'generator_59', 'generator_36', 'generator_61', 'generator_62', 'generator_63', 'generator_64', 'generator_65', 'generator_66', 'generator_67', 'generator_68', 'generator_69', 'generator_70']
number opened: 2
TRIAL 11
Action chosen: (grey2, pink)
Outcome: True
partcle ids: ['generator_71', 'generator_72', 'generator_73', 'generator_74', 'generator_75', 'generator_76', 'generator_73', 'generator_43', 'generator_77', 'generator_78', 'generator_43', 'generator_80', 'generator_81', 'generator_82', 'generator_83', 'generator_84', 'generator_43', 'generator_86', 'generator_87', 'generator_88', 'generator_81', 'generator_43', 'generator_63', 'generator_91', 'generator_92', 'generator_43', 'generator_43', 'generator_94', 'generator_95', 'generator_64']
number opened: 3
TRIAL 12
Action chosen: (blue, blue)
Outcome: False
partcle ids: ['generator_71', 'generator_72', 'generator_73', 'generator_74', 'generator_75', 'generator_76', 'generator_73', 'generator_43', 'generator_77', 'generator_78', 'generator_43', 'generator_80', 'generator_81', 'generator_82', 'generator_83', 'generator_84', 'generator_43', 'generator_86', 'generator_87', 'generator_88', 'generator_81', 'generator_43', 'generator_63', 'generator_91', 'generator_92', 'generator_43', 'generator_43', 'generator_94', 'generator_95', 'generator_64']
number opened: 3
TRIAL 13
Action chosen: (cloud, blue)
Outcome: False
partcle ids: ['generator_96', 'generator_97', 'generator_98', 'generator_86', 'generator_83', 'generator_99', 'generator_100', 'generator_101', 'generator_100', 'generator_92', 'generator_81', 'generator_103', 'generator_81', 'generator_81', 'generator_105', 'generator_63', 'generator_106', 'generator_86', 'generator_71', 'generator_108', 'generator_109', 'generator_95', 'generator_110', 'generator_111', 'generator_71', 'generator_63', 'generator_94', 'generator_76', 'generator_92', 'generator_72']
number opened: 3
TRIAL 14
Action chosen: (pink, blue)
Outcome: False
partcle ids: ['generator_96', 'generator_97', 'generator_98', 'generator_86', 'generator_83', 'generator_99', 'generator_100', 'generator_101', 'generator_100', 'generator_92', 'generator_81', 'generator_103', 'generator_81', 'generator_81', 'generator_105', 'generator_63', 'generator_106', 'generator_86', 'generator_71', 'generator_108', 'generator_109', 'generator_95', 'generator_110', 'generator_111', 'generator_71', 'generator_63', 'generator_94', 'generator_76', 'generator_92', 'generator_72']
number opened: 3
TRIAL 15
Action chosen: (white, white)
Outcome: False
partcle ids: ['generator_96', 'generator_97', 'generator_98', 'generator_86', 'generator_83', 'generator_99', 'generator_100', 'generator_101', 'generator_100', 'generator_92', 'generator_81', 'generator_103', 'generator_81', 'generator_81', 'generator_105', 'generator_63', 'generator_106', 'generator_86', 'generator_71', 'generator_108', 'generator_109', 'generator_95', 'generator_110', 'generator_111', 'generator_71', 'generator_63', 'generator_94', 'generator_76', 'generator_92', 'generator_72']
number opened: 3
TRIAL 16
Action chosen: (blue, white)
Outcome: False
partcle ids: ['generator_115', 'generator_116', 'generator_96', 'generator_76', 'generator_118', 'generator_111', 'generator_106', 'generator_109', 'generator_111', 'generator_109', 'generator_96', 'generator_109', 'generator_99', 'generator_122', 'generator_111', 'generator_123', 'generator_101', 'generator_111', 'generator_110', 'generator_124', 'generator_106', 'generator_125', 'generator_126', 'number_match', 'generator_79', 'generator_105', 'generator_76', 'generator_127', 'generator_106', 'generator_83']
number opened: 3
TRIAL 17
Action chosen: (purple, blue)
Outcome: False
partcle ids: ['generator_115', 'generator_116', 'generator_96', 'generator_76', 'generator_118', 'generator_111', 'generator_106', 'generator_109', 'generator_111', 'generator_109', 'generator_96', 'generator_109', 'generator_99', 'generator_122', 'generator_111', 'generator_123', 'generator_101', 'generator_111', 'generator_110', 'generator_124', 'generator_106', 'generator_125', 'generator_126', 'number_match', 'generator_79', 'generator_105', 'generator_76', 'generator_127', 'generator_106', 'generator_83']
number opened: 3
TRIAL 18
Action chosen: (purple, white)
Outcome: False
partcle ids: ['generator_115', 'generator_116', 'generator_96', 'generator_76', 'generator_118', 'generator_111', 'generator_106', 'generator_109', 'generator_111', 'generator_109', 'generator_96', 'generator_109', 'generator_99', 'generator_122', 'generator_111', 'generator_123', 'generator_101', 'generator_111', 'generator_110', 'generator_124', 'generator_106', 'generator_125', 'generator_126', 'number_match', 'generator_79', 'generator_105', 'generator_76', 'generator_127', 'generator_106', 'generator_83']
number opened: 3
TRIAL 19
Action chosen: (yellow5, blue)
Outcome: True
partcle ids: ['number_match', 'generator_129', 'generator_109', 'number_match', 'generator_109', 'generator_109', 'number_match', 'generator_130', 'generator_125', 'generator_77', 'generator_109', 'generator_77', 'generator_109', 'generator_109', 'generator_125', 'generator_109', 'generator_125', 'generator_130', 'generator_77', 'generator_109', 'number_match', 'generator_109', 'generator_125', 'generator_109', 'generator_109', 'generator_77', 'number_match', 'generator_109', 'generator_125', 'generator_125']
number opened: 4
TRIAL 20
Action chosen: (pink, white)
Outcome: False
partcle ids: ['number_match', 'generator_129', 'generator_109', 'number_match', 'generator_109', 'generator_109', 'number_match', 'generator_130', 'generator_125', 'generator_77', 'generator_109', 'generator_77', 'generator_109', 'generator_109', 'generator_125', 'generator_109', 'generator_125', 'generator_130', 'generator_77', 'generator_109', 'number_match', 'generator_109', 'generator_125', 'generator_109', 'generator_109', 'generator_77', 'number_match', 'generator_109', 'generator_125', 'generator_125']
number opened: 4
TRIAL 21
Action chosen: (cloud, white)
Outcome: False
partcle ids: ['generator_77', 'generator_77', 'generator_77', 'number_match', 'generator_63', 'generator_125', 'number_match', 'generator_130', 'generator_92', 'generator_130', 'generator_129', 'number_match', 'number_match', 'generator_130', 'number_match', 'generator_77', 'generator_63', 'number_match', 'generator_77', 'number_match', 'generator_130', 'number_match', 'generator_130', 'number_match', 'number_match', 'generator_109', 'generator_77', 'generator_130', 'generator_130', 'generator_130']
number opened: 4
TRIAL 22
Action chosen: (orange4, white)
Outcome: True
partcle ids: ['number_match', 'number_match', 'number_match', 'number_match', 'number_match', 'number_match', 'number_match', 'number_match', 'number_match', 'number_match', 'number_match', 'number_match', 'number_match', 'number_match', 'number_match', 'number_match', 'number_match', 'number_match', 'number_match', 'number_match', 'number_match', 'number_match', 'number_match', 'number_match', 'number_match', 'number_match', 'number_match', 'number_match', 'number_match', 'number_match']
number opened: 5
{"attempts": 22, "unique_key_box_pairs": 22, "revisit_attempts": 0, "revisit_rate": 0.0, "attempts_before_abandoning_color_matching": 2, "color_matching_abandoned": true}
