{"Child_ID": "D026", "SoC_variant": "SoC-Gen", "theta": [19, 1], "p_gen": 0.8, "true_prior": 0.02, "run_number": 94, "seed": 7963212843287872164}
TRIAL 1
Action chosen: (red, red)
Outcome: True
partcle ids: ['generator_26', 'generator_22', 'generator_24', 'generator_27', 'generator_28', 'generator_29', 'generator_22', 'generator_30', 'generator_31', 'generator_32', 'generator_33', 'number_match', 'generator_34', 'generator_35', 'generator_36', 'similar_color_13', 'generator_37', 'generator_38', 'generator_39', 'generator_40', 'generator_41', 'generator_42', 'generator_43', 'generator_24', 'similar_color_4', 'generator_44', 'generator_45', 'generator_46', 'generator_37', 'similar_color_3']
number opened: 1
TRIAL 2
Action chosen: (grey2, white)
Outcome: False
partcle ids: ['generator_26', 'generator_22', 'generator_24', 'generator_27', 'generator_28', 'generator_29', 'generator_22', 'generator_30', 'generator_31', 'generator_32', 'generator_33', 'number_match', 'generator_34', 'generator_35', 'generator_36', 'similar_color_13', 'generator_37', 'generator_38', 'generator_39', 'generator_40', 'generator_41', 'generator_42', 'generator_43', 'generator_24', 'similar_color_4', 'generator_44', 'generator_45', 'generator_46', 'generator_37', 'similar_color_3']
number opened: 1
TRIAL 3
Action chosen: (diamond, purple)
Outcome: False
partcle ids: ['generator_26', 'generator_22', 'generator_24', 'generator_27', 'generator_28', 'generator_29', 'generator_22', 'generator_30', 'generator_31', 'generator_32', 'generator_33', 'number_match', 'generator_34', 'generator_35', 'generator_36', 'similar_color_13', 'generator_37', 'generator_38', 'generator_39', 'generator_40', 'generator_41', 'generator_42', 'generator_43', 'generator_24', 'similar_color_4', 'generator_44', 'generator_45', 'generator_46', 'generator_37', 'similar_color_3']
number opened: 1
TRIAL 4
Action chosen: (green3, pink)
Outcome: False
partcle ids: ['generator_47', 'generator_48', 'generator_49', 'order_match', 'generator_50', 'generator_38', 'generator_31', 'generator_52', 'generator_53', 'generator_29', 'generator_55', 'similar_color_14', 'generator_56', 'generator_57', 'number_match', 'generator_58', 'generator_59', 'generator_29', 'generator_60', 'generator_61', 'generator_31', 'generator_62', 'generator_63', 'generator_64', 'generator_65', 'generator_66', 'generator_31', 'generator_29', 'generator_68', 'generator_69']
number opened: 1
TRIAL 5
Action chosen: (purple, blue)
Outcome: False
partcle ids: ['generator_47', 'generator_48', 'generator_49', 'order_match', 'generator_50', 'generator_38', 'generator_31', 'generator_52', 'generator_53', 'generator_29', 'generator_55', 'similar_color_14', 'generator_56', 'generator_57', 'number_match', 'generator_58', 'generator_59', 'generator_29', 'generator_60', 'generator_61', 'generator_31', 'generator_62', 'generator_63', 'generator_64', 'generator_65', 'generator_66', 'generator_31', 'generator_29', 'generator_68', 'generator_69']
number opened: 1
TRIAL 6
Action chosen: (triangle, blue)
Outcome: False
partcle ids: ['generator_47', 'generator_48', 'generator_49', 'order_match', 'generator_50', 'generator_38', 'generator_31', 'generator_52', 'generator_53', 'generator_29', 'generator_55', 'similar_color_14', 'generator_56', 'generator_57', 'number_match', 'generator_58', 'generator_59', 'generator_29', 'generator_60', 'generator_61', 'generator_31', 'generator_62', 'generator_63', 'generator_64', 'generator_65', 'generator_66', 'generator_31', 'generator_29', 'generator_68', 'generator_69']
number opened: 1
TRIAL 7
Action chosen: (orange4, purple)
Outcome: False
partcle ids: ['generator_47', 'generator_48', 'generator_49', 'order_match', 'generator_50', 'generator_38', 'generator_31', 'generator_52', 'generator_53', 'generator_29', 'generator_55', 'similar_color_14', 'generator_56', 'generator_57', 'number_match', 'generator_58', 'generator_59', 'generator_29', 'generator_60', 'generator_61', 'generator_31', 'generator_62', 'generator_63', 'generator_64', 'generator_65', 'generator_66', 'generator_31', 'generator_29', 'generator_68', 'generator_69']
number opened: 1
TRIAL 8
Action chosen: (cloud, purple)
Outcome: False
partcle ids: ['generator_61', 'generator_71', 'generator_72', 'generator_50', 'generator_53', 'generator_61', 'generator_63', 'generator_63', 'generator_77', 'generator_62', 'similar_color_9', 'generator_62', 'generator_80', 'generator_63', 'generator_82', 'generator_62', 'generator_52', 'generator_50', 'generator_84', 'generator_52', 'generator_85', 'generator_86', 'generator_60', 'generator_87', 'generator_88', 'generator_89', 'generator_90', 'generator_53', 'generator_62', 'generator_52']
number opened: 1
TRIAL 9
Action chosen: (yellow5, purple)
Outcome: False
partcle ids: ['generator_61', 'generator_71', 'generator_72', 'generator_50', 'generator_53', 'generator_61', 'generator_63', 'generator_63', 'generator_77', 'generator_62', 'similar_color_9', 'generator_62', 'generator_80', 'generator_63', 'generator_82', 'generator_62', 'generator_52', 'generator_50', 'generator_84', 'generator_52', 'generator_85', 'generator_86', 'generator_60', 'generator_87', 'generator_88', 'generator_89', 'generator_90', 'generator_53', 'generator_62', 'generator_52']
number opened: 1
TRIAL 10
Action chosen: (heart, purple)
Outcome: False
partcle ids: ['generator_61', 'generator_71', 'generator_72', 'generator_50', 'generator_53', 'generator_61', 'generator_63', 'generator_63', 'generator_77', 'generator_62', 'similar_color_9', 'generator_62', 'generator_80', 'generator_63', 'generator_82', 'generator_62', 'generator_52', 'generator_50', 'generator_84', 'generator_52', 'generator_85', 'generator_86', 'generator_60', 'generator_87', 'generator_88', 'generator_89', 'generator_90', 'generator_53', 'generator_62', 'generator_52']
number opened: 1
TRIAL 11
Action chosen: (grey2, purple)
Outcome: False
partcle ids: ['generator_88', 'generator_50', 'generator_50', 'generator_97', 'generator_84', 'generator_50', 'generator_100', 'generator_101', 'generator_80', 'generator_102', 'generator_103', 'generator_90', 'generator_71', 'generator_106', 'generator_107', 'generator_50', 'similar_color_9', 'generator_50', 'generator_109', 'generator_85', 'generator_50', 'generator_71', 'generator_71', 'generator_86', 'generator_87', 'generator_63', 'generator_112', 'generator_113', 'generator_86', 'generator_50']
number opened: 1
TRIAL 12
Action chosen: (white, purple)
Outcome: False
partcle ids: ['generator_88', 'generator_50', 'generator_50', 'generator_97', 'generator_84', 'generator_50', 'generator_100', 'generator_101', 'generator_80', 'generator_102', 'generator_103', 'generator_90', 'generator_71', 'generator_106', 'generator_107', 'generator_50', 'similar_color_9', 'generator_50', 'generator_109', 'generator_85', 'generator_50', 'generator_71', 'generator_71', 'generator_86', 'generator_87', 'generator_63', 'generator_112', 'generator_113', 'generator_86', 'generator_50']
number opened: 1
TRIAL 13
Action chosen: (pink, purple)
Outcome: False
partcle ids: ['generator_88', 'generator_50', 'generator_50', 'generator_97', 'generator_84', 'generator_50', 'generator_100', 'generator_101', 'generator_80', 'generator_102', 'generator_103', 'generator_90', 'generator_71', 'generator_106', 'generator_107', 'generator_50', 'similar_color_9', 'generator_50', 'generator_109', 'generator_85', 'generator_50', 'generator_71', 'generator_71', 'generator_86', 'generator_87', 'generator_63', 'generator_112', 'generator_113', 'generator_86', 'generator_50']
number opened: 1
TRIAL 14
Action chosen: (purple, white)
Outcome: False
partcle ids: ['generator_90', 'generator_63', 'generator_117', 'generator_101', 'generator_102', 'generator_100', 'generator_102', 'generator_120', 'generator_90', 'generator_100', 'generator_85', 'generator_124', 'generator_125', 'generator_84', 'generator_87', 'generator_128', 'generator_129', 'generator_130', 'generator_102', 'generator_132', 'generator_103', 'generator_134', 'generator_84', 'generator_136', 'generator_84', 'generator_101', 'generator_138', 'generator_84', 'generator_101', 'generator_141']
number opened: 1
TRIAL 15
Action chosen: (purple, purple)
Outcome: False
partcle ids: ['generator_90', 'generator_63', 'generator_117', 'generator_101', 'generator_102', 'generator_100', 'generator_102', 'generator_120', 'generator_90', 'generator_100', 'generator_85', 'generator_124', 'generator_125', 'generator_84', 'generator_87', 'generator_128', 'generator_129', 'generator_130', 'generator_102', 'generator_132', 'generator_103', 'generator_134', 'generator_84', 'generator_136', 'generator_84', 'generator_101', 'generator_138', 'generator_84', 'generator_101', 'generator_141']
number opened: 1
TRIAL 16
Action chosen: (orange4, pink)
Outcome: False
partcle ids: ['generator_90', 'generator_63', 'generator_117', 'generator_101', 'generator_102', 'generator_100', 'generator_102', 'generator_120', 'generator_90', 'generator_100', 'generator_85', 'generator_124', 'generator_125', 'generator_84', 'generator_87', 'generator_128', 'generator_129', 'generator_130', 'generator_102', 'generator_132', 'generator_103', 'generator_134', 'generator_84', 'generator_136', 'generator_84', 'generator_101', 'generator_138', 'generator_84', 'generator_101', 'generator_141']
number opened: 1
TRIAL 17
Action chosen: (green3, purple)
Outcome: True
partcle ids: ['generator_142', 'generator_143', 'generator_144', 'generator_145', 'generator_120', 'generator_146', 'generator_147', 'generator_148', 'generator_90', 'generator_150', 'generator_85', 'generator_152', 'generator_90', 'generator_153', 'generator_90', 'generator_155', 'generator_156', 'generator_128', 'generator_158', 'generator_159', 'generator_85', 'generator_161', 'generator_162', 'generator_120', 'generator_164', 'generator_165', 'generator_85', 'generator_90', 'generator_168', 'generator_90']
number opened: 2
TRIAL 18
Action chosen: (blue, pink)
Outcome: False
partcle ids: ['generator_142', 'generator_143', 'generator_144', 'generator_145', 'generator_120', 'generator_146', 'generator_147', 'generator_148', 'generator_90', 'generator_150', 'generator_85', 'generator_152', 'generator_90', 'generator_153', 'generator_90', 'generator_155', 'generator_156', 'generator_128', 'generator_158', 'generator_159', 'generator_85', 'generator_161', 'generator_162', 'generator_120', 'generator_164', 'generator_165', 'generator_85', 'generator_90', 'generator_168', 'generator_90']
number opened: 2
TRIAL 19
Action chosen: (white, white)
Outcome: False
partcle ids: ['generator_142', 'generator_143', 'generator_144', 'generator_145', 'generator_120', 'generator_146', 'generator_147', 'generator_148', 'generator_90', 'generator_150', 'generator_85', 'generator_152', 'generator_90', 'generator_153', 'generator_90', 'generator_155', 'generator_156', 'generator_128', 'generator_158', 'generator_159', 'generator_85', 'generator_161', 'generator_162', 'generator_120', 'generator_164', 'generator_165', 'generator_85', 'generator_90', 'generator_168', 'generator_90']
number opened: 2
TRIAL 20
Action chosen: (cloud, blue)
Outcome: False
partcle ids: ['generator_170', 'generator_171', 'generator_172', 'generator_144', 'generator_173', 'generator_174', 'generator_175', 'generator_176', 'generator_177', 'generator_178', 'generator_179', 'generator_180', 'generator_144', 'generator_153', 'generator_153', 'generator_148', 'number_match', 'generator_150', 'generator_184', 'generator_185', 'generator_186', 'generator_161', 'generator_159', 'generator_153', 'generator_156', 'generator_144', 'generator_192', 'generator_155', 'generator_193', 'generator_194']
number opened: 2
TRIAL 21
Action chosen: (cloud, pink)
Outcome: False
partcle ids: ['generator_170', 'generator_171', 'generator_172', 'generator_144', 'generator_173', 'generator_174', 'generator_175', 'generator_176', 'generator_177', 'generator_178', 'generator_179', 'generator_180', 'generator_144', 'generator_153', 'generator_153', 'generator_148', 'number_match', 'generator_150', 'generator_184', 'generator_185', 'generator_186', 'generator_161', 'generator_159', 'generator_153', 'generator_156', 'generator_144', 'generator_192', 'generator_155', 'generator_193', 'generator_194']
number opened: 2
TRIAL 22
Action chosen: (cloud, white)
Outcome: False
partcle ids: ['generator_170', 'generator_171', 'generator_172', 'generator_144', 'generator_173', 'generator_174', 'generator_175', 'generator_176', 'generator_177', 'generator_178', 'generator_179', 'generator_180', 'generator_144', 'generator_153', 'generator_153', 'generator_148', 'number_match', 'generator_150', 'generator_184', 'generator_185', 'generator_186', 'generator_161', 'generator_159', 'generator_153', 'generator_156', 'generator_144', 'generator_192', 'generator_155', 'generator_193', 'generator_194']
number opened: 2
TRIAL 23
Action chosen: (heart, blue)
Outcome: False
partcle ids: ['generator_195', 'generator_156', 'generator_174', 'generator_150', 'generator_199', 'generator_200', 'generator_201', 'generator_202', 'generator_155', 'generator_204', 'generator_192', 'generator_156', 'generator_207', 'generator_178', 'generator_171', 'generator_210', 'generator_174', 'generator_178', 'generator_212', 'generator_213', 'generator_173', 'generator_215', 'generator_173', 'generator_173', 'generator_218', 'generator_150', 'generator_174', 'generator_156', 'number_match', 'generator_223']
number opened: 2
TRIAL 24
Action chosen: (purple, pink)
Outcome: False
partcle ids: ['generator_195', 'generator_156', 'generator_174', 'generator_150', 'generator_199', 'generator_200', 'generator_201', 'generator_202', 'generator_155', 'generator_204', 'generator_192', 'generator_156', 'generator_207', 'generator_178', 'generator_171', 'generator_210', 'generator_174', 'generator_178', 'generator_212', 'generator_213', 'generator_173', 'generator_215', 'generator_173', 'generator_173', 'generator_218', 'generator_150', 'generator_174', 'generator_156', 'number_match', 'generator_223']
number opened: 2
TRIAL 25
Action chosen: (heart, white)
Outcome: False
partcle ids: ['generator_195', 'generator_156', 'generator_174', 'generator_150', 'generator_199', 'generator_200', 'generator_201', 'generator_202', 'generator_155', 'generator_204', 'generator_192', 'generator_156', 'generator_207', 'generator_178', 'generator_171', 'generator_210', 'generator_174', 'generator_178', 'generator_212', 'generator_213', 'generator_173', 'generator_215', 'generator_173', 'generator_173', 'generator_218', 'generator_150', 'generator_174', 'generator_156', 'number_match', 'generator_223']
number opened: 2
TRIAL 26
Action chosen: (orange4, white)
Outcome: True
partcle ids: ['generator_224', 'generator_225', 'generator_226', 'generator_227', 'generator_178', 'generator_178', 'generator_229', 'generator_230', 'generator_231', 'generator_172', 'generator_232', 'generator_208', 'generator_233', 'generator_90', 'generator_234', 'generator_235', 'generator_236', 'generator_237', 'generator_155', 'generator_238', 'generator_239', 'generator_240', 'generator_234', 'generator_241', 'generator_242', 'generator_243', 'generator_244', 'generator_227', 'generator_245', 'generator_246']
number opened: 3
TRIAL 27
Action chosen: (pink, blue)
Outcome: False
partcle ids: ['generator_224', 'generator_225', 'generator_226', 'generator_227', 'generator_178', 'generator_178', 'generator_229', 'generator_230', 'generator_231', 'generator_172', 'generator_232', 'generator_208', 'generator_233', 'generator_90', 'generator_234', 'generator_235', 'generator_236', 'generator_237', 'generator_155', 'generator_238', 'generator_239', 'generator_240', 'generator_234', 'generator_241', 'generator_242', 'generator_243', 'generator_244', 'generator_227', 'generator_245', 'generator_246']
number opened: 3
TRIAL 28
Action chosen: (blue, blue)
Outcome: False
partcle ids: ['generator_224', 'generator_225', 'generator_226', 'generator_227', 'generator_178', 'generator_178', 'generator_229', 'generator_230', 'generator_231', 'generator_172', 'generator_232', 'generator_208', 'generator_233', 'generator_90', 'generator_234', 'generator_235', 'generator_236', 'generator_237', 'generator_155', 'generator_238', 'generator_239', 'generator_240', 'generator_234', 'generator_241', 'generator_242', 'generator_243', 'generator_244', 'generator_227', 'generator_245', 'generator_246']
number opened: 3
TRIAL 29
Action chosen: (heart, pink)
Outcome: False
partcle ids: ['generator_224', 'generator_225', 'generator_226', 'generator_227', 'generator_178', 'generator_178', 'generator_229', 'generator_230', 'generator_231', 'generator_172', 'generator_232', 'generator_208', 'generator_233', 'generator_90', 'generator_234', 'generator_235', 'generator_236', 'generator_237', 'generator_155', 'generator_238', 'generator_239', 'generator_240', 'generator_234', 'generator_241', 'generator_242', 'generator_243', 'generator_244', 'generator_227', 'generator_245', 'generator_246']
number opened: 3
TRIAL 30
Action chosen: (pink, pink)
Outcome: False
partcle ids: ['generator_247', 'generator_248', 'generator_241', 'generator_249', 'generator_240', 'generator_244', 'generator_251', 'generator_252', 'generator_252', 'generator_253', 'generator_208', 'generator_236', 'generator_178', 'generator_226', 'generator_256', 'generator_230', 'generator_251', 'generator_257', 'generator_258', 'generator_259', 'generator_152', 'generator_221', 'generator_241', 'generator_236', 'generator_262', 'generator_253', 'generator_236', 'generator_230', 'generator_231', 'generator_263']
number opened: 3
TRIAL 31
Action chosen: (grey2, blue)
Outcome: False
partcle ids: ['generator_247', 'generator_248', 'generator_241', 'generator_249', 'generator_240', 'generator_244', 'generator_251', 'generator_252', 'generator_252', 'generator_253', 'generator_208', 'generator_236', 'generator_178', 'generator_226', 'generator_256', 'generator_230', 'generator_251', 'generator_257', 'generator_258', 'generator_259', 'generator_152', 'generator_221', 'generator_241', 'generator_236', 'generator_262', 'generator_253', 'generator_236', 'generator_230', 'generator_231', 'generator_263']
number opened: 3
TRIAL 32
Action chosen: (yellow5, blue)
Outcome: True
partcle ids: ['generator_236', 'generator_264', 'generator_236', 'generator_236', 'generator_256', 'generator_236', 'number_match', 'generator_256', 'number_match', 'generator_172', 'generator_172', 'generator_266', 'generator_236', 'generator_256', 'generator_247', 'generator_236', 'generator_236', 'generator_256', 'generator_256', 'generator_247', 'number_match', 'generator_247', 'generator_264', 'generator_264', 'generator_236', 'generator_247', 'generator_236', 'generator_236', 'number_match', 'number_match']
number opened: 4
TRIAL 33
Action chosen: (diamond, pink)
Outcome: False
partcle ids: ['generator_236', 'generator_264', 'generator_236', 'generator_236', 'generator_256', 'generator_236', 'number_match', 'generator_256', 'number_match', 'generator_172', 'generator_172', 'generator_266', 'generator_236', 'generator_256', 'generator_247', 'generator_236', 'generator_236', 'generator_256', 'generator_256', 'generator_247', 'number_match', 'generator_247', 'generator_264', 'generator_264', 'generator_236', 'generator_247', 'generator_236', 'generator_236', 'number_match', 'number_match']
number opened: 4
TRIAL 34
Action chosen: (grey2, pink)
Outcome: True
partcle ids: ['number_match', 'number_match', 'number_match', 'number_match', 'number_match', 'number_match', 'number_match', 'number_match', 'number_match', 'number_match', 'number_match', 'number_match', 'number_match', 'number_match', 'number_match', 'number_match', 'number_match', 'number_match', 'number_match', 'number_match', 'number_match', 'number_match', 'number_match', 'number_match', 'number_match', 'number_match', 'number_match', 'number_match', 'number_match', 'number_match']
number opened: 5
{"attempts": 34, "unique_key_box_pairs": 34, "revisit_attempts": 0, "revisit_rate": 0.0, "attempts_before_abandoning_color_matching": 1, "color_matching_abandoned": true}
