{"Child_ID": "D026", "SoC_variant": "SoC-Gen", "theta": [19, 1], "p_gen": 0.8, "true_prior": 0.02, "run_number": 80, "seed": 6137629179609534353}
TRIAL 1
Action chosen: (pink, pink)
Outcome: False
partcle ids: ['generator_1', 'generator_2', 'similar_color_9', 'similar_color_2', 'generator_3', 'generator_4', 'generator_5', 'generator_6', 'generator_7', 'generator_8', 'generator_9', 'generator_10', 'generator_11', 'generator_12', 'generator_13', 'generator_14', 'similar_color_5', 'generator_15', 'order_match', 'generator_16', 'similar_color_14', 'generator_17', 'generator_18', 'similar_color_11', 'generator_19', 'generator_20', 'generator_21', 'generator_22', 'generator_23', 'generator_24']
number opened: 0
TRIAL 2
Action chosen: (grey2, blue)
Outcome: False
partcle ids: ['generator_1', 'generator_2', 'similar_color_9', 'similar_color_2', 'generator_3', 'generator_4', 'generator_5', 'generator_6', 'generator_7', 'generator_8', 'generator_9', 'generator_10', 'generator_11', 'generator_12', 'generator_13', 'generator_14', 'similar_color_5', 'generator_15', 'order_match', 'generator_16', 'similar_color_14', 'generator_17', 'generator_18', 'similar_color_11', 'generator_19', 'generator_20', 'generator_21', 'generator_22', 'generator_23', 'generator_24']
number opened: 0
TRIAL 3
Action chosen: (heart, white)
Outcome: False
partcle ids: ['generator_17', 'generator_26', 'generator_27', 'generator_28', 'generator_5', 'generator_29', 'generator_30', 'generator_31', 'generator_2', 'generator_33', 'generator_18', 'generator_15', 'generator_35', 'generator_36', 'generator_37', 'generator_5', 'generator_38', 'generator_39', 'order_match', 'generator_40', 'generator_41', 'generator_15', 'generator_42', 'generator_43', 'generator_44', 'generator_45', 'generator_46', 'generator_47', 'generator_48', 'generator_49']
number opened: 0
TRIAL 4
Action chosen: (triangle, purple)
Outcome: False
partcle ids: ['generator_17', 'generator_26', 'generator_27', 'generator_28', 'generator_5', 'generator_29', 'generator_30', 'generator_31', 'generator_2', 'generator_33', 'generator_18', 'generator_15', 'generator_35', 'generator_36', 'generator_37', 'generator_5', 'generator_38', 'generator_39', 'order_match', 'generator_40', 'generator_41', 'generator_15', 'generator_42', 'generator_43', 'generator_44', 'generator_45', 'generator_46', 'generator_47', 'generator_48', 'generator_49']
number opened: 0
TRIAL 5
Action chosen: (orange4, blue)
Outcome: False
partcle ids: ['generator_17', 'generator_26', 'generator_27', 'generator_28', 'generator_5', 'generator_29', 'generator_30', 'generator_31', 'generator_2', 'generator_33', 'generator_18', 'generator_15', 'generator_35', 'generator_36', 'generator_37', 'generator_5', 'generator_38', 'generator_39', 'order_match', 'generator_40', 'generator_41', 'generator_15', 'generator_42', 'generator_43', 'generator_44', 'generator_45', 'generator_46', 'generator_47', 'generator_48', 'generator_49']
number opened: 0
TRIAL 6
Action chosen: (white, white)
Outcome: False
partcle ids: ['generator_17', 'generator_26', 'generator_27', 'generator_28', 'generator_5', 'generator_29', 'generator_30', 'generator_31', 'generator_2', 'generator_33', 'generator_18', 'generator_15', 'generator_35', 'generator_36', 'generator_37', 'generator_5', 'generator_38', 'generator_39', 'order_match', 'generator_40', 'generator_41', 'generator_15', 'generator_42', 'generator_43', 'generator_44', 'generator_45', 'generator_46', 'generator_47', 'generator_48', 'generator_49']
number opened: 0
TRIAL 7
Action chosen: (triangle, red)
Outcome: False
partcle ids: ['generator_49', 'generator_5', 'generator_46', 'generator_51', 'generator_52', 'generator_31', 'generator_54', 'generator_55', 'generator_27', 'generator_41', 'generator_57', 'generator_27', 'generator_58', 'generator_59', 'generator_27', 'generator_60', 'generator_61', 'generator_62', 'generator_30', 'generator_27', 'generator_31', 'generator_41', 'generator_29', 'order_match', 'generator_46', 'generator_66', 'generator_49', 'generator_49', 'generator_46', 'generator_69']
number opened: 0
TRIAL 8
Action chosen: (blue, purple)
Outcome: False
partcle ids: ['generator_49', 'generator_5', 'generator_46', 'generator_51', 'generator_52', 'generator_31', 'generator_54', 'generator_55', 'generator_27', 'generator_41', 'generator_57', 'generator_27', 'generator_58', 'generator_59', 'generator_27', 'generator_60', 'generator_61', 'generator_62', 'generator_30', 'generator_27', 'generator_31', 'generator_41', 'generator_29', 'order_match', 'generator_46', 'generator_66', 'generator_49', 'generator_49', 'generator_46', 'generator_69']
number opened: 0
TRIAL 9
Action chosen: (yellow5, red)
Outcome: False
partcle ids: ['generator_49', 'generator_5', 'generator_46', 'generator_51', 'generator_52', 'generator_31', 'generator_54', 'generator_55', 'generator_27', 'generator_41', 'generator_57', 'generator_27', 'generator_58', 'generator_59', 'generator_27', 'generator_60', 'generator_61', 'generator_62', 'generator_30', 'generator_27', 'generator_31', 'generator_41', 'generator_29', 'order_match', 'generator_46', 'generator_66', 'generator_49', 'generator_49', 'generator_46', 'generator_69']
number opened: 0
TRIAL 10
Action chosen: (diamond, purple)
Outcome: False
partcle ids: ['generator_49', 'generator_5', 'generator_46', 'generator_51', 'generator_52', 'generator_31', 'generator_54', 'generator_55', 'generator_27', 'generator_41', 'generator_57', 'generator_27', 'generator_58', 'generator_59', 'generator_27', 'generator_60', 'generator_61', 'generator_62', 'generator_30', 'generator_27', 'generator_31', 'generator_41', 'generator_29', 'order_match', 'generator_46', 'generator_66', 'generator_49', 'generator_49', 'generator_46', 'generator_69']
number opened: 0
TRIAL 11
Action chosen: (red, purple)
Outcome: False
partcle ids: ['generator_70', 'generator_60', 'generator_72', 'generator_60', 'generator_57', 'generator_61', 'generator_55', 'generator_57', 'generator_75', 'generator_41', 'generator_76', 'generator_54', 'generator_54', 'generator_78', 'generator_69', 'generator_80', 'generator_81', 'generator_82', 'generator_83', 'generator_41', 'generator_5', 'generator_86', 'generator_41', 'generator_55', 'generator_87', 'generator_55', 'generator_69', 'generator_61', 'generator_5', 'generator_91']
number opened: 0
TRIAL 12
Action chosen: (blue, blue)
Outcome: False
partcle ids: ['generator_70', 'generator_60', 'generator_72', 'generator_60', 'generator_57', 'generator_61', 'generator_55', 'generator_57', 'generator_75', 'generator_41', 'generator_76', 'generator_54', 'generator_54', 'generator_78', 'generator_69', 'generator_80', 'generator_81', 'generator_82', 'generator_83', 'generator_41', 'generator_5', 'generator_86', 'generator_41', 'generator_55', 'generator_87', 'generator_55', 'generator_69', 'generator_61', 'generator_5', 'generator_91']
number opened: 0
TRIAL 13
Action chosen: (yellow5, purple)
Outcome: False
partcle ids: ['generator_70', 'generator_60', 'generator_72', 'generator_60', 'generator_57', 'generator_61', 'generator_55', 'generator_57', 'generator_75', 'generator_41', 'generator_76', 'generator_54', 'generator_54', 'generator_78', 'generator_69', 'generator_80', 'generator_81', 'generator_82', 'generator_83', 'generator_41', 'generator_5', 'generator_86', 'generator_41', 'generator_55', 'generator_87', 'generator_55', 'generator_69', 'generator_61', 'generator_5', 'generator_91']
number opened: 0
TRIAL 14
Action chosen: (diamond, pink)
Outcome: False
partcle ids: ['generator_91', 'generator_93', 'generator_94', 'generator_69', 'generator_87', 'generator_91', 'generator_95', 'generator_87', 'generator_5', 'generator_91', 'generator_69', 'generator_70', 'generator_69', 'generator_99', 'generator_78', 'generator_69', 'generator_101', 'generator_102', 'generator_103', 'generator_82', 'generator_91', 'generator_57', 'generator_105', 'generator_106', 'generator_107', 'generator_108', 'generator_109', 'generator_5', 'generator_87', 'generator_112']
number opened: 0
TRIAL 15
Action chosen: (orange4, pink)
Outcome: False
partcle ids: ['generator_91', 'generator_93', 'generator_94', 'generator_69', 'generator_87', 'generator_91', 'generator_95', 'generator_87', 'generator_5', 'generator_91', 'generator_69', 'generator_70', 'generator_69', 'generator_99', 'generator_78', 'generator_69', 'generator_101', 'generator_102', 'generator_103', 'generator_82', 'generator_91', 'generator_57', 'generator_105', 'generator_106', 'generator_107', 'generator_108', 'generator_109', 'generator_5', 'generator_87', 'generator_112']
number opened: 0
TRIAL 16
Action chosen: (purple, red)
Outcome: False
partcle ids: ['generator_91', 'generator_93', 'generator_94', 'generator_69', 'generator_87', 'generator_91', 'generator_95', 'generator_87', 'generator_5', 'generator_91', 'generator_69', 'generator_70', 'generator_69', 'generator_99', 'generator_78', 'generator_69', 'generator_101', 'generator_102', 'generator_103', 'generator_82', 'generator_91', 'generator_57', 'generator_105', 'generator_106', 'generator_107', 'generator_108', 'generator_109', 'generator_5', 'generator_87', 'generator_112']
number opened: 0
TRIAL 17
Action chosen: (pink, blue)
Outcome: False
partcle ids: ['generator_91', 'generator_93', 'generator_94', 'generator_69', 'generator_87', 'generator_91', 'generator_95', 'generator_87', 'generator_5', 'generator_91', 'generator_69', 'generator_70', 'generator_69', 'generator_99', 'generator_78', 'generator_69', 'generator_101', 'generator_102', 'generator_103', 'generator_82', 'generator_91', 'generator_57', 'generator_105', 'generator_106', 'generator_107', 'generator_108', 'generator_109', 'generator_5', 'generator_87', 'generator_112']
number opened: 0
TRIAL 18
Action chosen: (heart, purple)
Outcome: False
partcle ids: ['generator_93', 'generator_113', 'generator_114', 'generator_108', 'generator_115', 'generator_116', 'generator_117', 'generator_94', 'generator_119', 'generator_108', 'generator_112', 'generator_122', 'generator_112', 'generator_103', 'generator_124', 'generator_125', 'generator_112', 'generator_107', 'generator_107', 'generator_112', 'generator_109', 'generator_57', 'generator_109', 'generator_107', 'generator_109', 'generator_134', 'generator_94', 'generator_136', 'generator_137', 'generator_138']
number opened: 0
TRIAL 19
Action chosen: (pink, white)
Outcome: False
partcle ids: ['generator_93', 'generator_113', 'generator_114', 'generator_108', 'generator_115', 'generator_116', 'generator_117', 'generator_94', 'generator_119', 'generator_108', 'generator_112', 'generator_122', 'generator_112', 'generator_103', 'generator_124', 'generator_125', 'generator_112', 'generator_107', 'generator_107', 'generator_112', 'generator_109', 'generator_57', 'generator_109', 'generator_107', 'generator_109', 'generator_134', 'generator_94', 'generator_136', 'generator_137', 'generator_138']
number opened: 0
TRIAL 20
Action chosen: (triangle, white)
Outcome: False
partcle ids: ['generator_93', 'generator_113', 'generator_114', 'generator_108', 'generator_115', 'generator_116', 'generator_117', 'generator_94', 'generator_119', 'generator_108', 'generator_112', 'generator_122', 'generator_112', 'generator_103', 'generator_124', 'generator_125', 'generator_112', 'generator_107', 'generator_107', 'generator_112', 'generator_109', 'generator_57', 'generator_109', 'generator_107', 'generator_109', 'generator_134', 'generator_94', 'generator_136', 'generator_137', 'generator_138']
number opened: 0
TRIAL 21
Action chosen: (pink, red)
Outcome: False
partcle ids: ['generator_93', 'generator_113', 'generator_114', 'generator_108', 'generator_115', 'generator_116', 'generator_117', 'generator_94', 'generator_119', 'generator_108', 'generator_112', 'generator_122', 'generator_112', 'generator_103', 'generator_124', 'generator_125', 'generator_112', 'generator_107', 'generator_107', 'generator_112', 'generator_109', 'generator_57', 'generator_109', 'generator_107', 'generator_109', 'generator_134', 'generator_94', 'generator_136', 'generator_137', 'generator_138']
number opened: 0
TRIAL 22
Action chosen: (green3, blue)
Outcome: False
partcle ids: ['generator_93', 'generator_57', 'generator_141', 'generator_138', 'generator_137', 'generator_137', 'generator_125', 'generator_57', 'generator_145', 'generator_138', 'generator_103', 'generator_147', 'generator_115', 'generator_57', 'generator_150', 'generator_93', 'generator_152', 'generator_108', 'generator_154', 'generator_57', 'generator_57', 'generator_93', 'generator_157', 'generator_113', 'generator_137', 'generator_57', 'generator_160', 'generator_103', 'generator_125', 'generator_138']
number opened: 0
TRIAL 23
Action chosen: (diamond, white)
Outcome: False
partcle ids: ['generator_93', 'generator_57', 'generator_141', 'generator_138', 'generator_137', 'generator_137', 'generator_125', 'generator_57', 'generator_145', 'generator_138', 'generator_103', 'generator_147', 'generator_115', 'generator_57', 'generator_150', 'generator_93', 'generator_152', 'generator_108', 'generator_154', 'generator_57', 'generator_57', 'generator_93', 'generator_157', 'generator_113', 'generator_137', 'generator_57', 'generator_160', 'generator_103', 'generator_125', 'generator_138']
number opened: 0
TRIAL 24
Action chosen: (purple, blue)
Outcome: False
partcle ids: ['generator_93', 'generator_57', 'generator_141', 'generator_138', 'generator_137', 'generator_137', 'generator_125', 'generator_57', 'generator_145', 'generator_138', 'generator_103', 'generator_147', 'generator_115', 'generator_57', 'generator_150', 'generator_93', 'generator_152', 'generator_108', 'generator_154', 'generator_57', 'generator_57', 'generator_93', 'generator_157', 'generator_113', 'generator_137', 'generator_57', 'generator_160', 'generator_103', 'generator_125', 'generator_138']
number opened: 0
TRIAL 25
Action chosen: (pink, purple)
Outcome: False
partcle ids: ['generator_163', 'generator_164', 'generator_165', 'generator_166', 'generator_167', 'generator_152', 'generator_168', 'generator_141', 'generator_169', 'generator_170', 'generator_171', 'generator_138', 'generator_141', 'generator_141', 'generator_174', 'generator_138', 'generator_138', 'generator_160', 'generator_157', 'generator_154', 'number_match', 'generator_160', 'generator_179', 'generator_154', 'generator_138', 'generator_154', 'generator_57', 'generator_157', 'generator_184', 'generator_57']
number opened: 0
TRIAL 26
Action chosen: (blue, pink)
Outcome: False
partcle ids: ['generator_163', 'generator_164', 'generator_165', 'generator_166', 'generator_167', 'generator_152', 'generator_168', 'generator_141', 'generator_169', 'generator_170', 'generator_171', 'generator_138', 'generator_141', 'generator_141', 'generator_174', 'generator_138', 'generator_138', 'generator_160', 'generator_157', 'generator_154', 'number_match', 'generator_160', 'generator_179', 'generator_154', 'generator_138', 'generator_154', 'generator_57', 'generator_157', 'generator_184', 'generator_57']
number opened: 0
TRIAL 27
Action chosen: (diamond, blue)
Outcome: False
partcle ids: ['generator_163', 'generator_164', 'generator_165', 'generator_166', 'generator_167', 'generator_152', 'generator_168', 'generator_141', 'generator_169', 'generator_170', 'generator_171', 'generator_138', 'generator_141', 'generator_141', 'generator_174', 'generator_138', 'generator_138', 'generator_160', 'generator_157', 'generator_154', 'number_match', 'generator_160', 'generator_179', 'generator_154', 'generator_138', 'generator_154', 'generator_57', 'generator_157', 'generator_184', 'generator_57']
number opened: 0
TRIAL 28
Action chosen: (grey2, white)
Outcome: False
partcle ids: ['generator_184', 'number_match', 'generator_138', 'number_match', 'generator_184', 'generator_191', 'generator_57', 'generator_174', 'generator_192', 'generator_152', 'generator_184', 'generator_195', 'generator_196', 'generator_166', 'generator_197', 'generator_154', 'generator_199', 'generator_57', 'generator_166', 'generator_202', 'generator_138', 'generator_57', 'generator_174', 'generator_57', 'generator_169', 'generator_141', 'generator_206', 'generator_207', 'generator_184', 'generator_160']
number opened: 0
TRIAL 29
Action chosen: (cloud, red)
Outcome: False
partcle ids: ['generator_184', 'number_match', 'generator_138', 'number_match', 'generator_184', 'generator_191', 'generator_57', 'generator_174', 'generator_192', 'generator_152', 'generator_184', 'generator_195', 'generator_196', 'generator_166', 'generator_197', 'generator_154', 'generator_199', 'generator_57', 'generator_166', 'generator_202', 'generator_138', 'generator_57', 'generator_174', 'generator_57', 'generator_169', 'generator_141', 'generator_206', 'generator_207', 'generator_184', 'generator_160']
number opened: 0
TRIAL 30
Action chosen: (heart, pink)
Outcome: False
partcle ids: ['generator_184', 'number_match', 'generator_138', 'number_match', 'generator_184', 'generator_191', 'generator_57', 'generator_174', 'generator_192', 'generator_152', 'generator_184', 'generator_195', 'generator_196', 'generator_166', 'generator_197', 'generator_154', 'generator_199', 'generator_57', 'generator_166', 'generator_202', 'generator_138', 'generator_57', 'generator_174', 'generator_57', 'generator_169', 'generator_141', 'generator_206', 'generator_207', 'generator_184', 'generator_160']
number opened: 0
TRIAL 31
Action chosen: (diamond, white)
Outcome: False
partcle ids: ['generator_208', 'number_match', 'generator_174', 'generator_169', 'generator_211', 'generator_212', 'generator_191', 'generator_214', 'number_match', 'generator_216', 'generator_169', 'generator_207', 'generator_152', 'generator_191', 'generator_220', 'generator_152', 'generator_206', 'number_match', 'generator_184', 'generator_224', 'generator_225', 'generator_226', 'generator_197', 'number_match', 'generator_228', 'generator_229', 'generator_152', 'number_match', 'number_match', 'generator_232']
number opened: 0
TRIAL 32
Action chosen: (grey2, pink)
Outcome: True
partcle ids: ['generator_169', 'number_match', 'number_match', 'number_match', 'number_match', 'generator_237', 'generator_238', 'generator_239', 'number_match', 'generator_226', 'generator_242', 'generator_224', 'generator_228', 'generator_224', 'generator_246', 'generator_226', 'number_match', 'generator_228', 'generator_250', 'generator_169', 'number_match', 'number_match', 'generator_253', 'generator_254', 'generator_255', 'generator_224', 'generator_169', 'generator_258', 'number_match', 'generator_260']
number opened: 1
TRIAL 33
Action chosen: (red, red)
Outcome: True
partcle ids: ['number_match', 'number_match', 'generator_169', 'generator_258', 'number_match', 'generator_265', 'number_match', 'number_match', 'generator_169', 'generator_269', 'generator_258', 'generator_271', 'generator_272', 'generator_273', 'number_match', 'number_match', 'generator_258', 'generator_276', 'generator_277', 'number_match', 'generator_169', 'generator_280', 'generator_265', 'generator_281', 'generator_282', 'generator_169', 'generator_283', 'generator_284', 'number_match', 'number_match']
number opened: 2
TRIAL 34
Action chosen: (green3, purple)
Outcome: True
partcle ids: ['generator_287', 'generator_288', 'generator_284', 'generator_284', 'generator_290', 'generator_291', 'generator_280', 'generator_293', 'generator_294', 'number_match', 'generator_295', 'generator_296', 'number_match', 'generator_280', 'number_match', 'generator_284', 'generator_299', 'generator_300', 'generator_301', 'generator_288', 'generator_302', 'number_match', 'number_match', 'number_match', 'generator_306', 'number_match', 'generator_308', 'number_match', 'generator_310', 'generator_311']
number opened: 3
TRIAL 35
Action chosen: (orange4, white)
Outcome: True
partcle ids: ['generator_311', 'generator_312', 'generator_311', 'number_match', 'number_match', 'generator_311', 'generator_313', 'generator_314', 'generator_291', 'generator_315', 'generator_310', 'generator_314', 'generator_310', 'generator_313', 'generator_291', 'generator_312', 'generator_291', 'generator_291', 'number_match', 'generator_313', 'generator_316', 'generator_291', 'generator_313', 'generator_315', 'generator_314', 'generator_291', 'generator_314', 'generator_310', 'generator_310', 'number_match']
number opened: 4
TRIAL 36
Action chosen: (diamond, blue)
Outcome: False
partcle ids: ['generator_311', 'generator_312', 'generator_311', 'number_match', 'number_match', 'generator_311', 'generator_313', 'generator_314', 'generator_291', 'generator_315', 'generator_310', 'generator_314', 'generator_310', 'generator_313', 'generator_291', 'generator_312', 'generator_291', 'generator_291', 'number_match', 'generator_313', 'generator_316', 'generator_291', 'generator_313', 'generator_315', 'generator_314', 'generator_291', 'generator_314', 'generator_310', 'generator_310', 'number_match']
number opened: 4
TRIAL 37
Action chosen: (pink, blue)
Outcome: False
partcle ids: ['generator_311', 'generator_312', 'generator_311', 'number_match', 'number_match', 'generator_311', 'generator_313', 'generator_314', 'generator_291', 'generator_315', 'generator_310', 'generator_314', 'generator_310', 'generator_313', 'generator_291', 'generator_312', 'generator_291', 'generator_291', 'number_match', 'generator_313', 'generator_316', 'generator_291', 'generator_313', 'generator_315', 'generator_314', 'generator_291', 'generator_314', 'generator_310', 'generator_310', 'number_match']
number opened: 4
TRIAL 38
Action chosen: (blue, blue)
Outcome: False
partcle ids: ['generator_311', 'generator_312', 'generator_311', 'number_match', 'number_match', 'generator_311', 'generator_313', 'generator_314', 'generator_291', 'generator_315', 'generator_310', 'generator_314', 'generator_310', 'generator_313', 'generator_291', 'generator_312', 'generator_291', 'generator_291', 'number_match', 'generator_313', 'generator_316', 'generator_291', 'generator_313', 'generator_315', 'generator_314', 'generator_291', 'generator_314', 'generator_310', 'generator_310', 'number_match']
number opened: 4
TRIAL 39
Action chosen: (yellow5, blue)
Outcome: True
partcle ids: ['number_match', 'number_match', 'number_match', 'number_match', 'number_match', 'number_match', 'number_match', 'number_match', 'number_match', 'number_match', 'number_match', 'number_match', 'number_match', 'number_match', 'number_match', 'number_match', 'number_match', 'number_match', 'number_match', 'number_match', 'number_match', 'number_match', 'number_match', 'number_match', 'number_match', 'number_match', 'number_match', 'number_match', 'number_match', 'number_match']
number opened: 5
{"attempts": 39, "unique_key_box_pairs": 35, "revisit_attempts": 4, "revisit_rate": 0.10526315789473684, "attempts_before_abandoning_color_matching": 1, "color_matching_abandoned": true}
