{"Child_ID": "D026", "SoC_variant": "SoC-Gen", "theta": [19, 1], "p_gen": 0.8, "true_prior": 0.02, "run_number": 69, "seed": 2689265155899327698}
TRIAL 1
Action chosen: (pink, pink)
Outcome: False
partcle ids: ['generator_1', 'order_match', 'similar_color_9', 'generator_2', 'generator_3', 'generator_4', 'generator_5', 'similar_color_13', 'generator_6', 'generator_7', 'generator_8', 'similar_color_4', 'generator_9', 'generator_10', 'generator_11', 'generator_12', 'generator_13', 'generator_14', 'generator_15', 'generator_16', 'generator_17', 'generator_18', 'generator_19', 'generator_20', 'generator_21', 'generator_22', 'similar_color_3', 'generator_23', 'generator_24', 'generator_25']
number opened: 0
TRIAL 2
Action chosen: (yellow5, pink)
Outcome: False
partcle ids: ['generator_1', 'order_match', 'similar_color_9', 'generator_2', 'generator_3', 'generator_4', 'generator_5', 'similar_color_13', 'generator_6', 'generator_7', 'generator_8', 'similar_color_4', 'generator_9', 'generator_10', 'generator_11', 'generator_12', 'generator_13', 'generator_14', 'generator_15', 'generator_16', 'generator_17', 'generator_18', 'generator_19', 'generator_20', 'generator_21', 'generator_22', 'similar_color_3', 'generator_23', 'generator_24', 'generator_25']
number opened: 0
TRIAL 3
Action chosen: (triangle, pink)
Outcome: False
partcle ids: ['generator_26', 'generator_27', 'generator_28', 'generator_15', 'generator_30', 'generator_31', 'generator_32', 'generator_33', 'generator_34', 'generator_20', 'generator_35', 'generator_36', 'generator_37', 'generator_1', 'generator_39', 'generator_40', 'generator_41', 'order_match', 'generator_42', 'generator_23', 'generator_44', 'generator_17', 'generator_45', 'generator_46', 'generator_4', 'generator_47', 'generator_48', 'generator_22', 'generator_49', 'generator_50']
number opened: 0
TRIAL 4
Action chosen: (blue, white)
Outcome: False
partcle ids: ['generator_26', 'generator_27', 'generator_28', 'generator_15', 'generator_30', 'generator_31', 'generator_32', 'generator_33', 'generator_34', 'generator_20', 'generator_35', 'generator_36', 'generator_37', 'generator_1', 'generator_39', 'generator_40', 'generator_41', 'order_match', 'generator_42', 'generator_23', 'generator_44', 'generator_17', 'generator_45', 'generator_46', 'generator_4', 'generator_47', 'generator_48', 'generator_22', 'generator_49', 'generator_50']
number opened: 0
TRIAL 5
Action chosen: (orange4, purple)
Outcome: False
partcle ids: ['generator_26', 'generator_27', 'generator_28', 'generator_15', 'generator_30', 'generator_31', 'generator_32', 'generator_33', 'generator_34', 'generator_20', 'generator_35', 'generator_36', 'generator_37', 'generator_1', 'generator_39', 'generator_40', 'generator_41', 'order_match', 'generator_42', 'generator_23', 'generator_44', 'generator_17', 'generator_45', 'generator_46', 'generator_4', 'generator_47', 'generator_48', 'generator_22', 'generator_49', 'generator_50']
number opened: 0
TRIAL 6
Action chosen: (diamond, pink)
Outcome: False
partcle ids: ['generator_26', 'generator_27', 'generator_28', 'generator_15', 'generator_30', 'generator_31', 'generator_32', 'generator_33', 'generator_34', 'generator_20', 'generator_35', 'generator_36', 'generator_37', 'generator_1', 'generator_39', 'generator_40', 'generator_41', 'order_match', 'generator_42', 'generator_23', 'generator_44', 'generator_17', 'generator_45', 'generator_46', 'generator_4', 'generator_47', 'generator_48', 'generator_22', 'generator_49', 'generator_50']
number opened: 0
TRIAL 7
Action chosen: (green3, blue)
Outcome: False
partcle ids: ['generator_51', 'generator_52', 'generator_26', 'generator_23', 'generator_26', 'generator_54', 'generator_26', 'generator_56', 'generator_57', 'generator_58', 'generator_49', 'generator_27', 'generator_59', 'generator_60', 'generator_61', 'generator_62', 'generator_23', 'generator_23', 'generator_64', 'generator_36', 'generator_33', 'generator_37', 'generator_17', 'generator_67', 'generator_27', 'generator_68', 'generator_33', 'generator_69', 'generator_70', 'generator_36']
number opened: 0
TRIAL 8
Action chosen: (cloud, purple)
Outcome: False
partcle ids: ['generator_51', 'generator_52', 'generator_26', 'generator_23', 'generator_26', 'generator_54', 'generator_26', 'generator_56', 'generator_57', 'generator_58', 'generator_49', 'generator_27', 'generator_59', 'generator_60', 'generator_61', 'generator_62', 'generator_23', 'generator_23', 'generator_64', 'generator_36', 'generator_33', 'generator_37', 'generator_17', 'generator_67', 'generator_27', 'generator_68', 'generator_33', 'generator_69', 'generator_70', 'generator_36']
number opened: 0
TRIAL 9
Action chosen: (yellow5, purple)
Outcome: False
partcle ids: ['generator_51', 'generator_52', 'generator_26', 'generator_23', 'generator_26', 'generator_54', 'generator_26', 'generator_56', 'generator_57', 'generator_58', 'generator_49', 'generator_27', 'generator_59', 'generator_60', 'generator_61', 'generator_62', 'generator_23', 'generator_23', 'generator_64', 'generator_36', 'generator_33', 'generator_37', 'generator_17', 'generator_67', 'generator_27', 'generator_68', 'generator_33', 'generator_69', 'generator_70', 'generator_36']
number opened: 0
TRIAL 10
Action chosen: (orange4, white)
Outcome: True
partcle ids: ['generator_36', 'generator_73', 'generator_54', 'generator_75', 'generator_57', 'generator_57', 'generator_78', 'generator_36', 'generator_80', 'generator_36', 'generator_82', 'generator_54', 'generator_84', 'generator_85', 'generator_86', 'generator_57', 'generator_88', 'generator_89', 'generator_57', 'generator_91', 'generator_36', 'generator_93', 'generator_94', 'generator_36', 'generator_36', 'generator_97', 'generator_36', 'generator_99', 'generator_54', 'generator_57']
number opened: 1
TRIAL 11
Action chosen: (grey2, red)
Outcome: False
partcle ids: ['generator_36', 'generator_73', 'generator_54', 'generator_75', 'generator_57', 'generator_57', 'generator_78', 'generator_36', 'generator_80', 'generator_36', 'generator_82', 'generator_54', 'generator_84', 'generator_85', 'generator_86', 'generator_57', 'generator_88', 'generator_89', 'generator_57', 'generator_91', 'generator_36', 'generator_93', 'generator_94', 'generator_36', 'generator_36', 'generator_97', 'generator_36', 'generator_99', 'generator_54', 'generator_57']
number opened: 1
TRIAL 12
Action chosen: (green3, pink)
Outcome: False
partcle ids: ['generator_99', 'generator_88', 'generator_104', 'generator_105', 'generator_106', 'generator_107', 'generator_108', 'generator_84', 'generator_110', 'generator_111', 'generator_85', 'generator_73', 'generator_99', 'generator_115', 'generator_116', 'generator_117', 'generator_85', 'generator_119', 'generator_73', 'generator_121', 'generator_84', 'generator_123', 'generator_124', 'generator_97', 'generator_125', 'generator_88', 'generator_88', 'generator_128', 'generator_93', 'generator_130']
number opened: 1
TRIAL 13
Action chosen: (white, red)
Outcome: False
partcle ids: ['generator_99', 'generator_88', 'generator_104', 'generator_105', 'generator_106', 'generator_107', 'generator_108', 'generator_84', 'generator_110', 'generator_111', 'generator_85', 'generator_73', 'generator_99', 'generator_115', 'generator_116', 'generator_117', 'generator_85', 'generator_119', 'generator_73', 'generator_121', 'generator_84', 'generator_123', 'generator_124', 'generator_97', 'generator_125', 'generator_88', 'generator_88', 'generator_128', 'generator_93', 'generator_130']
number opened: 1
TRIAL 14
Action chosen: (blue, purple)
Outcome: False
partcle ids: ['generator_99', 'generator_88', 'generator_104', 'generator_105', 'generator_106', 'generator_107', 'generator_108', 'generator_84', 'generator_110', 'generator_111', 'generator_85', 'generator_73', 'generator_99', 'generator_115', 'generator_116', 'generator_117', 'generator_85', 'generator_119', 'generator_73', 'generator_121', 'generator_84', 'generator_123', 'generator_124', 'generator_97', 'generator_125', 'generator_88', 'generator_88', 'generator_128', 'generator_93', 'generator_130']
number opened: 1
TRIAL 15
Action chosen: (green3, purple)
Outcome: True
partcle ids: ['generator_131', 'generator_132', 'generator_133', 'generator_134', 'generator_135', 'generator_136', 'generator_125', 'generator_138', 'generator_139', 'generator_140', 'generator_141', 'generator_142', 'generator_143', 'generator_105', 'generator_145', 'generator_84', 'generator_147', 'generator_148', 'generator_149', 'generator_150', 'generator_84', 'generator_152', 'generator_110', 'generator_154', 'generator_84', 'generator_110', 'generator_84', 'generator_158', 'generator_159', 'generator_160']
number opened: 2
TRIAL 16
Action chosen: (blue, pink)
Outcome: False
partcle ids: ['generator_131', 'generator_132', 'generator_133', 'generator_134', 'generator_135', 'generator_136', 'generator_125', 'generator_138', 'generator_139', 'generator_140', 'generator_141', 'generator_142', 'generator_143', 'generator_105', 'generator_145', 'generator_84', 'generator_147', 'generator_148', 'generator_149', 'generator_150', 'generator_84', 'generator_152', 'generator_110', 'generator_154', 'generator_84', 'generator_110', 'generator_84', 'generator_158', 'generator_159', 'generator_160']
number opened: 2
TRIAL 17
Action chosen: (grey2, pink)
Outcome: True
partcle ids: ['generator_149', 'generator_162', 'generator_163', 'generator_164', 'generator_165', 'generator_166', 'generator_167', 'generator_168', 'generator_150', 'generator_170', 'generator_149', 'generator_150', 'generator_171', 'generator_172', 'generator_173', 'generator_174', 'generator_175', 'generator_176', 'generator_177', 'generator_171', 'generator_167', 'generator_178', 'generator_170', 'generator_179', 'generator_180', 'generator_178', 'generator_181', 'generator_149', 'generator_183', 'generator_135']
number opened: 3
TRIAL 18
Action chosen: (heart, blue)
Outcome: False
partcle ids: ['generator_149', 'generator_162', 'generator_163', 'generator_164', 'generator_165', 'generator_166', 'generator_167', 'generator_168', 'generator_150', 'generator_170', 'generator_149', 'generator_150', 'generator_171', 'generator_172', 'generator_173', 'generator_174', 'generator_175', 'generator_176', 'generator_177', 'generator_171', 'generator_167', 'generator_178', 'generator_170', 'generator_179', 'generator_180', 'generator_178', 'generator_181', 'generator_149', 'generator_183', 'generator_135']
number opened: 3
TRIAL 19
Action chosen: (triangle, red)
Outcome: False
partcle ids: ['generator_149', 'generator_162', 'generator_163', 'generator_164', 'generator_165', 'generator_166', 'generator_167', 'generator_168', 'generator_150', 'generator_170', 'generator_149', 'generator_150', 'generator_171', 'generator_172', 'generator_173', 'generator_174', 'generator_175', 'generator_176', 'generator_177', 'generator_171', 'generator_167', 'generator_178', 'generator_170', 'generator_179', 'generator_180', 'generator_178', 'generator_181', 'generator_149', 'generator_183', 'generator_135']
number opened: 3
TRIAL 20
Action chosen: (pink, blue)
Outcome: False
partcle ids: ['generator_178', 'generator_170', 'generator_178', 'generator_185', 'generator_150', 'generator_165', 'generator_171', 'generator_171', 'generator_175', 'generator_185', 'generator_187', 'generator_188', 'generator_189', 'generator_190', 'generator_191', 'generator_190', 'generator_166', 'generator_171', 'generator_150', 'generator_193', 'generator_178', 'generator_194', 'generator_180', 'generator_150', 'generator_196', 'generator_180', 'generator_197', 'generator_150', 'generator_198', 'generator_199']
number opened: 3
TRIAL 21
Action chosen: (blue, blue)
Outcome: False
partcle ids: ['generator_178', 'generator_170', 'generator_178', 'generator_185', 'generator_150', 'generator_165', 'generator_171', 'generator_171', 'generator_175', 'generator_185', 'generator_187', 'generator_188', 'generator_189', 'generator_190', 'generator_191', 'generator_190', 'generator_166', 'generator_171', 'generator_150', 'generator_193', 'generator_178', 'generator_194', 'generator_180', 'generator_150', 'generator_196', 'generator_180', 'generator_197', 'generator_150', 'generator_198', 'generator_199']
number opened: 3
TRIAL 22
Action chosen: (triangle, blue)
Outcome: False
partcle ids: ['generator_178', 'generator_170', 'generator_178', 'generator_185', 'generator_150', 'generator_165', 'generator_171', 'generator_171', 'generator_175', 'generator_185', 'generator_187', 'generator_188', 'generator_189', 'generator_190', 'generator_191', 'generator_190', 'generator_166', 'generator_171', 'generator_150', 'generator_193', 'generator_178', 'generator_194', 'generator_180', 'generator_150', 'generator_196', 'generator_180', 'generator_197', 'generator_150', 'generator_198', 'generator_199']
number opened: 3
TRIAL 23
Action chosen: (cloud, blue)
Outcome: False
partcle ids: ['generator_198', 'generator_191', 'generator_200', 'generator_201', 'generator_202', 'generator_175', 'generator_196', 'generator_198', 'generator_204', 'generator_175', 'generator_197', 'generator_180', 'generator_191', 'generator_207', 'generator_180', 'generator_209', 'generator_180', 'generator_180', 'generator_210', 'generator_199', 'generator_211', 'generator_191', 'generator_211', 'generator_207', 'generator_180', 'generator_213', 'generator_175', 'generator_191', 'generator_166', 'generator_193']
number opened: 3
TRIAL 24
Action chosen: (diamond, blue)
Outcome: False
partcle ids: ['generator_198', 'generator_191', 'generator_200', 'generator_201', 'generator_202', 'generator_175', 'generator_196', 'generator_198', 'generator_204', 'generator_175', 'generator_197', 'generator_180', 'generator_191', 'generator_207', 'generator_180', 'generator_209', 'generator_180', 'generator_180', 'generator_210', 'generator_199', 'generator_211', 'generator_191', 'generator_211', 'generator_207', 'generator_180', 'generator_213', 'generator_175', 'generator_191', 'generator_166', 'generator_193']
number opened: 3
TRIAL 25
Action chosen: (white, blue)
Outcome: False
partcle ids: ['generator_198', 'generator_191', 'generator_200', 'generator_201', 'generator_202', 'generator_175', 'generator_196', 'generator_198', 'generator_204', 'generator_175', 'generator_197', 'generator_180', 'generator_191', 'generator_207', 'generator_180', 'generator_209', 'generator_180', 'generator_180', 'generator_210', 'generator_199', 'generator_211', 'generator_191', 'generator_211', 'generator_207', 'generator_180', 'generator_213', 'generator_175', 'generator_191', 'generator_166', 'generator_193']
number opened: 3
TRIAL 26
Action chosen: (purple, blue)
Outcome: False
partcle ids: ['generator_214', 'generator_166', 'generator_199', 'generator_207', 'generator_207', 'generator_194', 'generator_198', 'generator_215', 'generator_213', 'generator_216', 'generator_217', 'generator_199', 'generator_196', 'generator_200', 'generator_216', 'generator_218', 'generator_150', 'generator_166', 'generator_207', 'generator_134', 'generator_191', 'generator_196', 'generator_190', 'generator_196', 'generator_220', 'generator_207', 'generator_181', 'generator_197', 'generator_207', 'generator_196']
number opened: 3
TRIAL 27
Action chosen: (yellow5, blue)
Outcome: True
partcle ids: ['generator_207', 'generator_222', 'generator_222', 'generator_207', 'generator_196', 'generator_207', 'generator_223', 'generator_196', 'generator_223', 'generator_207', 'generator_223', 'generator_207', 'generator_207', 'number_match', 'generator_197', 'generator_222', 'generator_207', 'generator_223', 'generator_207', 'generator_196', 'number_match', 'number_match', 'number_match', 'generator_207', 'generator_207', 'generator_197', 'generator_207', 'generator_207', 'generator_166', 'generator_207']
number opened: 4
TRIAL 28
Action chosen: (cloud, red)
Outcome: False
partcle ids: ['generator_207', 'generator_222', 'generator_222', 'generator_207', 'generator_196', 'generator_207', 'generator_223', 'generator_196', 'generator_223', 'generator_207', 'generator_223', 'generator_207', 'generator_207', 'number_match', 'generator_197', 'generator_222', 'generator_207', 'generator_223', 'generator_207', 'generator_196', 'number_match', 'number_match', 'number_match', 'generator_207', 'generator_207', 'generator_197', 'generator_207', 'generator_207', 'generator_166', 'generator_207']
number opened: 4
TRIAL 29
Action chosen: (red, red)
Outcome: True
partcle ids: ['number_match', 'number_match', 'number_match', 'number_match', 'number_match', 'number_match', 'number_match', 'number_match', 'number_match', 'number_match', 'number_match', 'number_match', 'number_match', 'number_match', 'number_match', 'number_match', 'number_match', 'number_match', 'number_match', 'number_match', 'number_match', 'number_match', 'number_match', 'number_match', 'number_match', 'number_match', 'number_match', 'number_match', 'number_match', 'number_match']
number opened: 5
{"attempts": 29, "unique_key_box_pairs": 29, "revisit_attempts": 0, "revisit_rate": 0.0, "attempts_before_abandoning_color_matching": 1, "color_matching_abandoned": true}
