{"Child_ID": "D026", "SoC_variant": "SoC-Gen", "theta": [19, 1], "p_gen": 0.8, "true_prior": 0.02, "run_number": 62, "seed": 438056666315378813}
TRIAL 1
Action chosen: (pink, pink)
Outcome: False
partcle ids: ['generator_1', 'generator_2', 'generator_3', 'generator_4', 'generator_5', 'generator_6', 'generator_7', 'generator_8', 'similar_color_9', 'generator_9', 'generator_10', 'generator_11', 'generator_12', 'generator_13', 'generator_14', 'generator_15', 'similar_color_12', 'generator_16', 'generator_17', 'generator_18', 'generator_19', 'similar_color_7', 'generator_20', 'generator_21', 'generator_22', 'generator_23', 'generator_24', 'similar_color_3', 'generator_25', 'generator_26']
number opened: 0
TRIAL 2
Action chosen: (orange4, purple)
Outcome: False
partcle ids: ['generator_1', 'generator_2', 'generator_3', 'generator_4', 'generator_5', 'generator_6', 'generator_7', 'generator_8', 'similar_color_9', 'generator_9', 'generator_10', 'generator_11', 'generator_12', 'generator_13', 'generator_14', 'generator_15', 'similar_color_12', 'generator_16', 'generator_17', 'generator_18', 'generator_19', 'similar_color_7', 'generator_20', 'generator_21', 'generator_22', 'generator_23', 'generator_24', 'similar_color_3', 'generator_25', 'generator_26']
number opened: 0
TRIAL 3
Action chosen: (heart, blue)
Outcome: False
partcle ids: ['generator_1', 'generator_2', 'generator_3', 'generator_4', 'generator_5', 'generator_6', 'generator_7', 'generator_8', 'similar_color_9', 'generator_9', 'generator_10', 'generator_11', 'generator_12', 'generator_13', 'generator_14', 'generator_15', 'similar_color_12', 'generator_16', 'generator_17', 'generator_18', 'generator_19', 'similar_color_7', 'generator_20', 'generator_21', 'generator_22', 'generator_23', 'generator_24', 'similar_color_3', 'generator_25', 'generator_26']
number opened: 0
TRIAL 4
Action chosen: (triangle, blue)
Outcome: False
partcle ids: ['generator_11', 'generator_16', 'generator_22', 'generator_28', 'generator_29', 'generator_11', 'generator_11', 'generator_17', 'generator_19', 'generator_33', 'generator_34', 'generator_8', 'generator_35', 'generator_18', 'generator_37', 'generator_23', 'generator_16', 'generator_39', 'generator_40', 'generator_41', 'generator_42', 'generator_43', 'generator_44', 'generator_16', 'generator_45', 'generator_8', 'generator_8', 'generator_47', 'generator_48', 'generator_49']
number opened: 0
TRIAL 5
Action chosen: (yellow5, blue)
Outcome: True
partcle ids: ['generator_50', 'generator_11', 'generator_51', 'generator_16', 'generator_53', 'generator_54', 'generator_55', 'generator_56', 'generator_57', 'generator_58', 'generator_59', 'generator_60', 'generator_16', 'generator_62', 'generator_63', 'generator_64', 'generator_11', 'generator_16', 'generator_49', 'generator_68', 'generator_69', 'generator_70', 'generator_43', 'generator_72', 'generator_73', 'generator_74', 'generator_75', 'generator_76', 'generator_77', 'generator_78']
number opened: 1
TRIAL 6
Action chosen: (pink, red)
Outcome: False
partcle ids: ['generator_50', 'generator_11', 'generator_51', 'generator_16', 'generator_53', 'generator_54', 'generator_55', 'generator_56', 'generator_57', 'generator_58', 'generator_59', 'generator_60', 'generator_16', 'generator_62', 'generator_63', 'generator_64', 'generator_11', 'generator_16', 'generator_49', 'generator_68', 'generator_69', 'generator_70', 'generator_43', 'generator_72', 'generator_73', 'generator_74', 'generator_75', 'generator_76', 'generator_77', 'generator_78']
number opened: 1
TRIAL 7
Action chosen: (white, purple)
Outcome: False
partcle ids: ['generator_50', 'generator_11', 'generator_51', 'generator_16', 'generator_53', 'generator_54', 'generator_55', 'generator_56', 'generator_57', 'generator_58', 'generator_59', 'generator_60', 'generator_16', 'generator_62', 'generator_63', 'generator_64', 'generator_11', 'generator_16', 'generator_49', 'generator_68', 'generator_69', 'generator_70', 'generator_43', 'generator_72', 'generator_73', 'generator_74', 'generator_75', 'generator_76', 'generator_77', 'generator_78']
number opened: 1
TRIAL 8
Action chosen: (heart, white)
Outcome: False
partcle ids: ['generator_50', 'generator_11', 'generator_51', 'generator_16', 'generator_53', 'generator_54', 'generator_55', 'generator_56', 'generator_57', 'generator_58', 'generator_59', 'generator_60', 'generator_16', 'generator_62', 'generator_63', 'generator_64', 'generator_11', 'generator_16', 'generator_49', 'generator_68', 'generator_69', 'generator_70', 'generator_43', 'generator_72', 'generator_73', 'generator_74', 'generator_75', 'generator_76', 'generator_77', 'generator_78']
number opened: 1
TRIAL 9
Action chosen: (triangle, white)
Outcome: False
partcle ids: ['generator_79', 'generator_80', 'generator_81', 'generator_82', 'generator_83', 'generator_84', 'generator_85', 'generator_60', 'generator_87', 'generator_88', 'generator_57', 'generator_90', 'generator_91', 'generator_92', 'generator_93', 'generator_94', 'generator_95', 'generator_77', 'generator_58', 'generator_98', 'generator_76', 'generator_100', 'generator_101', 'generator_49', 'generator_60', 'generator_103', 'generator_49', 'generator_49', 'generator_106', 'generator_62']
number opened: 1
TRIAL 10
Action chosen: (pink, purple)
Outcome: False
partcle ids: ['generator_79', 'generator_80', 'generator_81', 'generator_82', 'generator_83', 'generator_84', 'generator_85', 'generator_60', 'generator_87', 'generator_88', 'generator_57', 'generator_90', 'generator_91', 'generator_92', 'generator_93', 'generator_94', 'generator_95', 'generator_77', 'generator_58', 'generator_98', 'generator_76', 'generator_100', 'generator_101', 'generator_49', 'generator_60', 'generator_103', 'generator_49', 'generator_49', 'generator_106', 'generator_62']
number opened: 1
TRIAL 11
Action chosen: (grey2, purple)
Outcome: False
partcle ids: ['generator_79', 'generator_80', 'generator_81', 'generator_82', 'generator_83', 'generator_84', 'generator_85', 'generator_60', 'generator_87', 'generator_88', 'generator_57', 'generator_90', 'generator_91', 'generator_92', 'generator_93', 'generator_94', 'generator_95', 'generator_77', 'generator_58', 'generator_98', 'generator_76', 'generator_100', 'generator_101', 'generator_49', 'generator_60', 'generator_103', 'generator_49', 'generator_49', 'generator_106', 'generator_62']
number opened: 1
TRIAL 12
Action chosen: (orange4, white)
Outcome: True
partcle ids: ['generator_108', 'generator_109', 'generator_93', 'generator_111', 'generator_112', 'generator_113', 'generator_76', 'generator_115', 'generator_81', 'generator_93', 'generator_77', 'generator_118', 'generator_119', 'generator_120', 'generator_121', 'generator_122', 'generator_93', 'generator_124', 'generator_125', 'generator_126', 'generator_127', 'generator_93', 'generator_129', 'generator_130', 'generator_131', 'generator_76', 'generator_133', 'generator_134', 'generator_135', 'generator_136']
number opened: 2
TRIAL 13
Action chosen: (grey2, pink)
Outcome: True
partcle ids: ['generator_137', 'generator_93', 'generator_139', 'generator_140', 'generator_126', 'generator_124', 'generator_124', 'generator_142', 'generator_93', 'generator_140', 'generator_144', 'generator_93', 'generator_145', 'generator_146', 'generator_147', 'generator_148', 'generator_149', 'generator_93', 'generator_149', 'generator_147', 'generator_150', 'generator_112', 'generator_152', 'generator_153', 'generator_93', 'generator_93', 'generator_155', 'generator_156', 'generator_157', 'generator_158']
number opened: 3
TRIAL 14
Action chosen: (red, purple)
Outcome: False
partcle ids: ['generator_137', 'generator_93', 'generator_139', 'generator_140', 'generator_126', 'generator_124', 'generator_124', 'generator_142', 'generator_93', 'generator_140', 'generator_144', 'generator_93', 'generator_145', 'generator_146', 'generator_147', 'generator_148', 'generator_149', 'generator_93', 'generator_149', 'generator_147', 'generator_150', 'generator_112', 'generator_152', 'generator_153', 'generator_93', 'generator_93', 'generator_155', 'generator_156', 'generator_157', 'generator_158']
number opened: 3
TRIAL 15
Action chosen: (heart, purple)
Outcome: False
partcle ids: ['generator_137', 'generator_93', 'generator_139', 'generator_140', 'generator_126', 'generator_124', 'generator_124', 'generator_142', 'generator_93', 'generator_140', 'generator_144', 'generator_93', 'generator_145', 'generator_146', 'generator_147', 'generator_148', 'generator_149', 'generator_93', 'generator_149', 'generator_147', 'generator_150', 'generator_112', 'generator_152', 'generator_153', 'generator_93', 'generator_93', 'generator_155', 'generator_156', 'generator_157', 'generator_158']
number opened: 3
TRIAL 16
Action chosen: (triangle, purple)
Outcome: False
partcle ids: ['generator_156', 'generator_159', 'generator_146', 'generator_161', 'generator_131', 'generator_126', 'generator_149', 'generator_162', 'generator_156', 'generator_156', 'generator_126', 'generator_164', 'generator_165', 'generator_149', 'generator_149', 'generator_149', 'generator_155', 'generator_168', 'generator_158', 'generator_170', 'generator_171', 'generator_157', 'generator_172', 'generator_126', 'generator_139', 'generator_112', 'generator_148', 'generator_155', 'generator_162', 'generator_174']
number opened: 3
TRIAL 17
Action chosen: (purple, purple)
Outcome: False
partcle ids: ['generator_156', 'generator_159', 'generator_146', 'generator_161', 'generator_131', 'generator_126', 'generator_149', 'generator_162', 'generator_156', 'generator_156', 'generator_126', 'generator_164', 'generator_165', 'generator_149', 'generator_149', 'generator_149', 'generator_155', 'generator_168', 'generator_158', 'generator_170', 'generator_171', 'generator_157', 'generator_172', 'generator_126', 'generator_139', 'generator_112', 'generator_148', 'generator_155', 'generator_162', 'generator_174']
number opened: 3
TRIAL 18
Action chosen: (cloud, red)
Outcome: False
partcle ids: ['generator_156', 'generator_159', 'generator_146', 'generator_161', 'generator_131', 'generator_126', 'generator_149', 'generator_162', 'generator_156', 'generator_156', 'generator_126', 'generator_164', 'generator_165', 'generator_149', 'generator_149', 'generator_149', 'generator_155', 'generator_168', 'generator_158', 'generator_170', 'generator_171', 'generator_157', 'generator_172', 'generator_126', 'generator_139', 'generator_112', 'generator_148', 'generator_155', 'generator_162', 'generator_174']
number opened: 3
TRIAL 19
Action chosen: (cloud, purple)
Outcome: False
partcle ids: ['generator_175', 'generator_161', 'generator_159', 'generator_176', 'generator_177', 'generator_178', 'generator_171', 'generator_131', 'generator_171', 'generator_171', 'generator_157', 'generator_131', 'generator_184', 'generator_171', 'generator_157', 'generator_172', 'generator_156', 'generator_146', 'generator_171', 'generator_175', 'generator_188', 'generator_156', 'generator_131', 'generator_190', 'generator_161', 'generator_172', 'generator_192', 'generator_144', 'generator_171', 'generator_139']
number opened: 3
TRIAL 20
Action chosen: (diamond, purple)
Outcome: False
partcle ids: ['generator_175', 'generator_161', 'generator_159', 'generator_176', 'generator_177', 'generator_178', 'generator_171', 'generator_131', 'generator_171', 'generator_171', 'generator_157', 'generator_131', 'generator_184', 'generator_171', 'generator_157', 'generator_172', 'generator_156', 'generator_146', 'generator_171', 'generator_175', 'generator_188', 'generator_156', 'generator_131', 'generator_190', 'generator_161', 'generator_172', 'generator_192', 'generator_144', 'generator_171', 'generator_139']
number opened: 3
TRIAL 21
Action chosen: (blue, purple)
Outcome: False
partcle ids: ['generator_179', 'generator_74', 'generator_144', 'generator_131', 'generator_138', 'generator_172', 'generator_131', 'generator_131', 'generator_172', 'generator_131', 'generator_161', 'generator_126', 'generator_177', 'generator_197', 'generator_137', 'generator_159', 'generator_131', 'generator_197', 'generator_159', 'number_match', 'generator_190', 'generator_199', 'generator_148', 'generator_137', 'generator_172', 'generator_131', 'generator_200', 'generator_172', 'generator_172', 'generator_159']
number opened: 3
TRIAL 22
Action chosen: (green3, purple)
Outcome: True
partcle ids: ['generator_179', 'generator_74', 'generator_144', 'generator_131', 'generator_138', 'generator_172', 'generator_131', 'generator_131', 'generator_172', 'generator_131', 'generator_161', 'generator_126', 'generator_177', 'generator_197', 'generator_137', 'generator_159', 'generator_131', 'generator_197', 'generator_159', 'number_match', 'generator_190', 'generator_199', 'generator_148', 'generator_137', 'generator_172', 'generator_131', 'generator_200', 'generator_172', 'generator_172', 'generator_159']
number opened: 4
TRIAL 23
Action chosen: (triangle, red)
Outcome: False
partcle ids: ['generator_172', 'generator_202', 'generator_159', 'number_match', 'generator_203', 'generator_131', 'generator_146', 'generator_159', 'generator_159', 'generator_172', 'generator_172', 'generator_159', 'generator_172', 'generator_172', 'generator_159', 'generator_172', 'generator_146', 'generator_159', 'generator_146', 'generator_177', 'generator_172', 'generator_131', 'generator_159', 'generator_172', 'generator_202', 'generator_172', 'generator_172', 'generator_203', 'generator_159', 'generator_172']
number opened: 4
TRIAL 24
Action chosen: (blue, red)
Outcome: False
partcle ids: ['generator_172', 'generator_202', 'generator_159', 'number_match', 'generator_203', 'generator_131', 'generator_146', 'generator_159', 'generator_159', 'generator_172', 'generator_172', 'generator_159', 'generator_172', 'generator_172', 'generator_159', 'generator_172', 'generator_146', 'generator_159', 'generator_146', 'generator_177', 'generator_172', 'generator_131', 'generator_159', 'generator_172', 'generator_202', 'generator_172', 'generator_172', 'generator_203', 'generator_159', 'generator_172']
number opened: 4
TRIAL 25
Action chosen: (diamond, red)
Outcome: False
partcle ids: ['number_match', 'generator_203', 'generator_146', 'generator_131', 'generator_203', 'generator_146', 'generator_146', 'generator_203', 'generator_202', 'generator_170', 'generator_172', 'number_match', 'generator_203', 'generator_146', 'generator_203', 'number_match', 'generator_202', 'generator_146', 'number_match', 'generator_203', 'generator_202', 'generator_203', 'generator_146', 'generator_146', 'generator_159', 'generator_172', 'generator_146', 'generator_202', 'number_match', 'generator_170']
number opened: 4
TRIAL 26
Action chosen: (white, red)
Outcome: False
partcle ids: ['number_match', 'generator_203', 'generator_146', 'generator_131', 'generator_203', 'generator_146', 'generator_146', 'generator_203', 'generator_202', 'generator_170', 'generator_172', 'number_match', 'generator_203', 'generator_146', 'generator_203', 'number_match', 'generator_202', 'generator_146', 'number_match', 'generator_203', 'generator_202', 'generator_203', 'generator_146', 'generator_146', 'generator_159', 'generator_172', 'generator_146', 'generator_202', 'number_match', 'generator_170']
number opened: 4
TRIAL 27
Action chosen: (heart, red)
Outcome: False
partcle ids: ['number_match', 'generator_203', 'generator_146', 'generator_131', 'generator_203', 'generator_146', 'generator_146', 'generator_203', 'generator_202', 'generator_170', 'generator_172', 'number_match', 'generator_203', 'generator_146', 'generator_203', 'number_match', 'generator_202', 'generator_146', 'number_match', 'generator_203', 'generator_202', 'generator_203', 'generator_146', 'generator_146', 'generator_159', 'generator_172', 'generator_146', 'generator_202', 'number_match', 'generator_170']
number opened: 4
TRIAL 28
Action chosen: (red, red)
Outcome: True
partcle ids: ['number_match', 'number_match', 'number_match', 'number_match', 'number_match', 'number_match', 'number_match', 'number_match', 'number_match', 'number_match', 'number_match', 'number_match', 'number_match', 'number_match', 'number_match', 'number_match', 'number_match', 'number_match', 'number_match', 'number_match', 'number_match', 'number_match', 'number_match', 'number_match', 'number_match', 'number_match', 'number_match', 'number_match', 'number_match', 'number_match']
number opened: 5
{"attempts": 28, "unique_key_box_pairs": 28, "revisit_attempts": 0, "revisit_rate": 0.0, "attempts_before_abandoning_color_matching": 1, "color_matching_abandoned": true}
