{"Child_ID": "D026", "SoC_variant": "SoC-Gen", "theta": [19, 1], "p_gen": 0.8, "true_prior": 0.02, "run_number": 37, "seed": 6167787863281721109}
TRIAL 1
Action chosen: (pink, pink)
Outcome: False
partcle ids: ['generator_1', 'similar_color_10', 'generator_2', 'generator_3', 'generator_4', 'generator_5', 'generator_6', 'similar_color_4', 'generator_7', 'generator_8', 'generator_9', 'generator_10', 'generator_11', 'generator_12', 'generator_13', 'generator_14', 'generator_15', 'generator_16', 'generator_17', 'generator_18', 'generator_19', 'generator_20', 'generator_21', 'generator_22', 'generator_23', 'similar_color_7', 'similar_color_1', 'generator_24', 'generator_25', 'generator_26']
number opened: 0
TRIAL 2
Action chosen: (pink, purple)
Outcome: False
partcle ids: ['generator_1', 'similar_color_10', 'generator_2', 'generator_3', 'generator_4', 'generator_5', 'generator_6', 'similar_color_4', 'generator_7', 'generator_8', 'generator_9', 'generator_10', 'generator_11', 'generator_12', 'generator_13', 'generator_14', 'generator_15', 'generator_16', 'generator_17', 'generator_18', 'generator_19', 'generator_20', 'generator_21', 'generator_22', 'generator_23', 'similar_color_7', 'similar_color_1', 'generator_24', 'generator_25', 'generator_26']
number opened: 0
TRIAL 3
Action chosen: (yellow5, purple)
Outcome: False
partcle ids: ['generator_1', 'similar_color_10', 'generator_2', 'generator_3', 'generator_4', 'generator_5', 'generator_6', 'similar_color_4', 'generator_7', 'generator_8', 'generator_9', 'generator_10', 'generator_11', 'generator_12', 'generator_13', 'generator_14', 'generator_15', 'generator_16', 'generator_17', 'generator_18', 'generator_19', 'generator_20', 'generator_21', 'generator_22', 'generator_23', 'similar_color_7', 'similar_color_1', 'generator_24', 'generator_25', 'generator_26']
number opened: 0
TRIAL 4
Action chosen: (diamond, white)
Outcome: False
partcle ids: ['generator_5', 'generator_12', 'generator_27', 'generator_5', 'generator_15', 'generator_28', 'generator_18', 'generator_6', 'generator_31', 'generator_10', 'generator_33', 'generator_18', 'generator_16', 'generator_13', 'generator_1', 'generator_36', 'generator_37', 'generator_15', 'generator_39', 'generator_40', 'generator_10', 'generator_41', 'generator_42', 'generator_43', 'generator_26', 'generator_18', 'generator_46', 'generator_47', 'generator_48', 'generator_49']
number opened: 0
TRIAL 5
Action chosen: (green3, purple)
Outcome: True
partcle ids: ['generator_50', 'generator_6', 'generator_51', 'generator_36', 'generator_53', 'generator_54', 'generator_18', 'generator_56', 'generator_57', 'generator_58', 'generator_59', 'generator_16', 'generator_61', 'generator_62', 'generator_16', 'generator_64', 'generator_65', 'generator_66', 'generator_36', 'generator_68', 'generator_69', 'generator_70', 'generator_71', 'generator_72', 'generator_73', 'generator_74', 'generator_16', 'generator_76', 'generator_16', 'generator_78']
number opened: 1
TRIAL 6
Action chosen: (blue, pink)
Outcome: False
partcle ids: ['generator_50', 'generator_6', 'generator_51', 'generator_36', 'generator_53', 'generator_54', 'generator_18', 'generator_56', 'generator_57', 'generator_58', 'generator_59', 'generator_16', 'generator_61', 'generator_62', 'generator_16', 'generator_64', 'generator_65', 'generator_66', 'generator_36', 'generator_68', 'generator_69', 'generator_70', 'generator_71', 'generator_72', 'generator_73', 'generator_74', 'generator_16', 'generator_76', 'generator_16', 'generator_78']
number opened: 1
TRIAL 7
Action chosen: (purple, red)
Outcome: False
partcle ids: ['generator_50', 'generator_6', 'generator_51', 'generator_36', 'generator_53', 'generator_54', 'generator_18', 'generator_56', 'generator_57', 'generator_58', 'generator_59', 'generator_16', 'generator_61', 'generator_62', 'generator_16', 'generator_64', 'generator_65', 'generator_66', 'generator_36', 'generator_68', 'generator_69', 'generator_70', 'generator_71', 'generator_72', 'generator_73', 'generator_74', 'generator_16', 'generator_76', 'generator_16', 'generator_78']
number opened: 1
TRIAL 8
Action chosen: (purple, pink)
Outcome: False
partcle ids: ['generator_74', 'generator_58', 'generator_70', 'generator_82', 'generator_83', 'generator_84', 'generator_85', 'generator_54', 'generator_87', 'generator_88', 'generator_89', 'generator_72', 'generator_56', 'generator_92', 'generator_93', 'generator_61', 'generator_95', 'generator_96', 'generator_61', 'generator_98', 'generator_99', 'generator_100', 'generator_101', 'generator_102', 'generator_103', 'generator_104', 'generator_105', 'generator_106', 'generator_107', 'generator_108']
number opened: 1
TRIAL 9
Action chosen: (yellow5, blue)
Outcome: True
partcle ids: ['generator_109', 'generator_110', 'generator_111', 'generator_112', 'generator_105', 'generator_84', 'generator_115', 'generator_116', 'generator_117', 'generator_118', 'generator_82', 'generator_84', 'generator_82', 'generator_122', 'generator_123', 'generator_124', 'generator_125', 'generator_126', 'generator_82', 'generator_105', 'generator_129', 'generator_105', 'generator_84', 'generator_132', 'generator_133', 'generator_134', 'generator_135', 'generator_136', 'generator_137', 'generator_105']
number opened: 2
TRIAL 10
Action chosen: (pink, red)
Outcome: False
partcle ids: ['generator_109', 'generator_110', 'generator_111', 'generator_112', 'generator_105', 'generator_84', 'generator_115', 'generator_116', 'generator_117', 'generator_118', 'generator_82', 'generator_84', 'generator_82', 'generator_122', 'generator_123', 'generator_124', 'generator_125', 'generator_126', 'generator_82', 'generator_105', 'generator_129', 'generator_105', 'generator_84', 'generator_132', 'generator_133', 'generator_134', 'generator_135', 'generator_136', 'generator_137', 'generator_105']
number opened: 2
TRIAL 11
Action chosen: (diamond, pink)
Outcome: False
partcle ids: ['generator_109', 'generator_110', 'generator_111', 'generator_112', 'generator_105', 'generator_84', 'generator_115', 'generator_116', 'generator_117', 'generator_118', 'generator_82', 'generator_84', 'generator_82', 'generator_122', 'generator_123', 'generator_124', 'generator_125', 'generator_126', 'generator_82', 'generator_105', 'generator_129', 'generator_105', 'generator_84', 'generator_132', 'generator_133', 'generator_134', 'generator_135', 'generator_136', 'generator_137', 'generator_105']
number opened: 2
TRIAL 12
Action chosen: (cloud, pink)
Outcome: False
partcle ids: ['generator_139', 'generator_140', 'generator_141', 'generator_129', 'generator_122', 'generator_129', 'generator_132', 'generator_110', 'generator_111', 'generator_148', 'generator_149', 'generator_150', 'generator_105', 'generator_112', 'generator_152', 'generator_153', 'generator_154', 'generator_155', 'generator_122', 'generator_129', 'generator_157', 'generator_123', 'generator_159', 'generator_160', 'generator_111', 'generator_132', 'generator_163', 'generator_118', 'generator_134', 'generator_166']
number opened: 2
TRIAL 13
Action chosen: (heart, pink)
Outcome: False
partcle ids: ['generator_139', 'generator_140', 'generator_141', 'generator_129', 'generator_122', 'generator_129', 'generator_132', 'generator_110', 'generator_111', 'generator_148', 'generator_149', 'generator_150', 'generator_105', 'generator_112', 'generator_152', 'generator_153', 'generator_154', 'generator_155', 'generator_122', 'generator_129', 'generator_157', 'generator_123', 'generator_159', 'generator_160', 'generator_111', 'generator_132', 'generator_163', 'generator_118', 'generator_134', 'generator_166']
number opened: 2
TRIAL 14
Action chosen: (triangle, pink)
Outcome: False
partcle ids: ['generator_139', 'generator_140', 'generator_141', 'generator_129', 'generator_122', 'generator_129', 'generator_132', 'generator_110', 'generator_111', 'generator_148', 'generator_149', 'generator_150', 'generator_105', 'generator_112', 'generator_152', 'generator_153', 'generator_154', 'generator_155', 'generator_122', 'generator_129', 'generator_157', 'generator_123', 'generator_159', 'generator_160', 'generator_111', 'generator_132', 'generator_163', 'generator_118', 'generator_134', 'generator_166']
number opened: 2
TRIAL 15
Action chosen: (white, pink)
Outcome: False
partcle ids: ['generator_140', 'generator_168', 'generator_123', 'generator_118', 'generator_118', 'generator_155', 'generator_172', 'generator_112', 'generator_112', 'generator_175', 'generator_118', 'generator_177', 'generator_178', 'generator_118', 'generator_180', 'generator_157', 'generator_118', 'generator_183', 'generator_184', 'generator_141', 'generator_153', 'generator_186', 'generator_187', 'generator_188', 'generator_110', 'generator_190', 'generator_118', 'generator_192', 'generator_123', 'generator_154']
number opened: 2
TRIAL 16
Action chosen: (orange4, pink)
Outcome: False
partcle ids: ['generator_140', 'generator_168', 'generator_123', 'generator_118', 'generator_118', 'generator_155', 'generator_172', 'generator_112', 'generator_112', 'generator_175', 'generator_118', 'generator_177', 'generator_178', 'generator_118', 'generator_180', 'generator_157', 'generator_118', 'generator_183', 'generator_184', 'generator_141', 'generator_153', 'generator_186', 'generator_187', 'generator_188', 'generator_110', 'generator_190', 'generator_118', 'generator_192', 'generator_123', 'generator_154']
number opened: 2
TRIAL 17
Action chosen: (red, red)
Outcome: True
partcle ids: ['generator_168', 'generator_168', 'generator_197', 'generator_168', 'generator_199', 'generator_200', 'generator_168', 'generator_202', 'generator_203', 'generator_204', 'generator_205', 'generator_206', 'generator_207', 'generator_203', 'generator_207', 'generator_208', 'generator_168', 'generator_210', 'generator_169', 'generator_211', 'generator_212', 'number_match', 'generator_213', 'generator_212', 'generator_214', 'generator_168', 'generator_210', 'generator_215', 'generator_202', 'generator_110']
number opened: 3
TRIAL 18
Action chosen: (grey2, pink)
Outcome: True
partcle ids: ['generator_216', 'generator_217', 'generator_218', 'number_match', 'generator_219', 'generator_168', 'generator_217', 'generator_218', 'generator_220', 'generator_219', 'generator_220', 'generator_219', 'generator_216', 'generator_168', 'generator_218', 'number_match', 'generator_218', 'generator_216', 'number_match', 'generator_218', 'generator_220', 'generator_168', 'generator_216', 'generator_221', 'generator_221', 'number_match', 'generator_168', 'generator_221', 'generator_168', 'generator_216']
number opened: 4
TRIAL 19
Action chosen: (white, white)
Outcome: False
partcle ids: ['generator_216', 'generator_217', 'generator_218', 'number_match', 'generator_219', 'generator_168', 'generator_217', 'generator_218', 'generator_220', 'generator_219', 'generator_220', 'generator_219', 'generator_216', 'generator_168', 'generator_218', 'number_match', 'generator_218', 'generator_216', 'number_match', 'generator_218', 'generator_220', 'generator_168', 'generator_216', 'generator_221', 'generator_221', 'number_match', 'generator_168', 'generator_221', 'generator_168', 'generator_216']
number opened: 4
TRIAL 20
Action chosen: (triangle, white)
Outcome: False
partcle ids: ['generator_216', 'generator_217', 'generator_218', 'number_match', 'generator_219', 'generator_168', 'generator_217', 'generator_218', 'generator_220', 'generator_219', 'generator_220', 'generator_219', 'generator_216', 'generator_168', 'generator_218', 'number_match', 'generator_218', 'generator_216', 'number_match', 'generator_218', 'generator_220', 'generator_168', 'generator_216', 'generator_221', 'generator_221', 'number_match', 'generator_168', 'generator_221', 'generator_168', 'generator_216']
number opened: 4
TRIAL 21
Action chosen: (purple, white)
Outcome: False
partcle ids: ['generator_216', 'generator_217', 'generator_218', 'number_match', 'generator_219', 'generator_168', 'generator_217', 'generator_218', 'generator_220', 'generator_219', 'generator_220', 'generator_219', 'generator_216', 'generator_168', 'generator_218', 'number_match', 'generator_218', 'generator_216', 'number_match', 'generator_218', 'generator_220', 'generator_168', 'generator_216', 'generator_221', 'generator_221', 'number_match', 'generator_168', 'generator_221', 'generator_168', 'generator_216']
number opened: 4
TRIAL 22
Action chosen: (orange4, white)
Outcome: True
partcle ids: ['number_match', 'number_match', 'number_match', 'number_match', 'number_match', 'number_match', 'number_match', 'number_match', 'number_match', 'number_match', 'number_match', 'number_match', 'number_match', 'number_match', 'number_match', 'number_match', 'number_match', 'number_match', 'number_match', 'number_match', 'number_match', 'number_match', 'number_match', 'number_match', 'number_match', 'number_match', 'number_match', 'number_match', 'number_match', 'number_match']
number opened: 5
{"attempts": 22, "unique_key_box_pairs": 22, "revisit_attempts": 0, "revisit_rate": 0.0, "attempts_before_abandoning_color_matching": 1, "color_matching_abandoned": true}
