{"Child_ID": "D026", "SoC_variant": "SoC-Gen", "theta": [19, 1], "p_gen": 0.8, "true_prior": 0.02, "run_number": 47, "seed": 7463610043085072170}
TRIAL 1
Action chosen: (red, red)
Outcome: True
partcle ids: ['generator_27', 'generator_28', 'generator_29', 'generator_1', 'generator_30', 'generator_31', 'generator_32', 'color_match', 'generator_33', 'generator_34', 'generator_35', 'generator_36', 'generator_37', 'generator_38', 'generator_39', 'similar_color_10', 'generator_40', 'number_match', 'generator_1', 'generator_41', 'generator_42', 'generator_43', 'generator_44', 'generator_45', 'generator_46', 'generator_47', 'generator_48', 'generator_49', 'generator_50', 'generator_51']
number opened: 1
TRIAL 2
Action chosen: (blue, blue)
Outcome: False
partcle ids: ['generator_27', 'generator_28', 'generator_29', 'generator_1', 'generator_30', 'generator_31', 'generator_32', 'color_match', 'generator_33', 'generator_34', 'generator_35', 'generator_36', 'generator_37', 'generator_38', 'generator_39', 'similar_color_10', 'generator_40', 'number_match', 'generator_1', 'generator_41', 'generator_42', 'generator_43', 'generator_44', 'generator_45', 'generator_46', 'generator_47', 'generator_48', 'generator_49', 'generator_50', 'generator_51']
number opened: 1
TRIAL 3
Action chosen: (grey2, purple)
Outcome: False
partcle ids: ['generator_27', 'generator_28', 'generator_29', 'generator_1', 'generator_30', 'generator_31', 'generator_32', 'color_match', 'generator_33', 'generator_34', 'generator_35', 'generator_36', 'generator_37', 'generator_38', 'generator_39', 'similar_color_10', 'generator_40', 'number_match', 'generator_1', 'generator_41', 'generator_42', 'generator_43', 'generator_44', 'generator_45', 'generator_46', 'generator_47', 'generator_48', 'generator_49', 'generator_50', 'generator_51']
number opened: 1
TRIAL 4
Action chosen: (white, white)
Outcome: False
partcle ids: ['generator_27', 'generator_28', 'generator_29', 'generator_1', 'generator_30', 'generator_31', 'generator_32', 'color_match', 'generator_33', 'generator_34', 'generator_35', 'generator_36', 'generator_37', 'generator_38', 'generator_39', 'similar_color_10', 'generator_40', 'number_match', 'generator_1', 'generator_41', 'generator_42', 'generator_43', 'generator_44', 'generator_45', 'generator_46', 'generator_47', 'generator_48', 'generator_49', 'generator_50', 'generator_51']
number opened: 1
TRIAL 5
Action chosen: (green3, white)
Outcome: False
partcle ids: ['generator_28', 'generator_53', 'generator_54', 'generator_55', 'generator_56', 'generator_33', 'generator_58', 'generator_30', 'generator_33', 'generator_27', 'generator_51', 'generator_60', 'generator_61', 'generator_40', 'generator_28', 'generator_63', 'generator_64', 'generator_65', 'generator_66', 'generator_67', 'generator_68', 'generator_69', 'generator_70', 'generator_71', 'generator_72', 'generator_50', 'generator_73', 'generator_74', 'generator_36', 'generator_76']
number opened: 1
TRIAL 6
Action chosen: (purple, purple)
Outcome: False
partcle ids: ['generator_28', 'generator_53', 'generator_54', 'generator_55', 'generator_56', 'generator_33', 'generator_58', 'generator_30', 'generator_33', 'generator_27', 'generator_51', 'generator_60', 'generator_61', 'generator_40', 'generator_28', 'generator_63', 'generator_64', 'generator_65', 'generator_66', 'generator_67', 'generator_68', 'generator_69', 'generator_70', 'generator_71', 'generator_72', 'generator_50', 'generator_73', 'generator_74', 'generator_36', 'generator_76']
number opened: 1
TRIAL 7
Action chosen: (diamond, pink)
Outcome: False
partcle ids: ['generator_28', 'generator_53', 'generator_54', 'generator_55', 'generator_56', 'generator_33', 'generator_58', 'generator_30', 'generator_33', 'generator_27', 'generator_51', 'generator_60', 'generator_61', 'generator_40', 'generator_28', 'generator_63', 'generator_64', 'generator_65', 'generator_66', 'generator_67', 'generator_68', 'generator_69', 'generator_70', 'generator_71', 'generator_72', 'generator_50', 'generator_73', 'generator_74', 'generator_36', 'generator_76']
number opened: 1
TRIAL 8
Action chosen: (diamond, purple)
Outcome: False
partcle ids: ['generator_28', 'generator_53', 'generator_54', 'generator_55', 'generator_56', 'generator_33', 'generator_58', 'generator_30', 'generator_33', 'generator_27', 'generator_51', 'generator_60', 'generator_61', 'generator_40', 'generator_28', 'generator_63', 'generator_64', 'generator_65', 'generator_66', 'generator_67', 'generator_68', 'generator_69', 'generator_70', 'generator_71', 'generator_72', 'generator_50', 'generator_73', 'generator_74', 'generator_36', 'generator_76']
number opened: 1
TRIAL 9
Action chosen: (diamond, blue)
Outcome: False
partcle ids: ['generator_77', 'generator_76', 'generator_79', 'generator_80', 'generator_27', 'generator_55', 'generator_83', 'generator_54', 'generator_85', 'generator_36', 'generator_72', 'generator_88', 'generator_89', 'generator_90', 'generator_27', 'generator_63', 'generator_92', 'generator_76', 'generator_27', 'generator_51', 'generator_56', 'generator_51', 'generator_96', 'generator_54', 'generator_27', 'generator_58', 'generator_99', 'generator_100', 'generator_76', 'generator_101']
number opened: 1
TRIAL 10
Action chosen: (triangle, blue)
Outcome: False
partcle ids: ['generator_77', 'generator_76', 'generator_79', 'generator_80', 'generator_27', 'generator_55', 'generator_83', 'generator_54', 'generator_85', 'generator_36', 'generator_72', 'generator_88', 'generator_89', 'generator_90', 'generator_27', 'generator_63', 'generator_92', 'generator_76', 'generator_27', 'generator_51', 'generator_56', 'generator_51', 'generator_96', 'generator_54', 'generator_27', 'generator_58', 'generator_99', 'generator_100', 'generator_76', 'generator_101']
number opened: 1
TRIAL 11
Action chosen: (cloud, pink)
Outcome: False
partcle ids: ['generator_77', 'generator_76', 'generator_79', 'generator_80', 'generator_27', 'generator_55', 'generator_83', 'generator_54', 'generator_85', 'generator_36', 'generator_72', 'generator_88', 'generator_89', 'generator_90', 'generator_27', 'generator_63', 'generator_92', 'generator_76', 'generator_27', 'generator_51', 'generator_56', 'generator_51', 'generator_96', 'generator_54', 'generator_27', 'generator_58', 'generator_99', 'generator_100', 'generator_76', 'generator_101']
number opened: 1
TRIAL 12
Action chosen: (green3, purple)
Outcome: True
partcle ids: ['generator_76', 'generator_103', 'generator_104', 'generator_100', 'generator_100', 'generator_100', 'generator_108', 'generator_109', 'generator_110', 'generator_76', 'generator_99', 'generator_113', 'generator_114', 'generator_115', 'generator_116', 'generator_117', 'generator_118', 'generator_76', 'generator_76', 'generator_120', 'generator_121', 'generator_76', 'generator_123', 'generator_76', 'generator_99', 'generator_99', 'generator_76', 'generator_76', 'generator_76', 'generator_130']
number opened: 2
TRIAL 13
Action chosen: (blue, pink)
Outcome: False
partcle ids: ['generator_76', 'generator_103', 'generator_104', 'generator_100', 'generator_100', 'generator_100', 'generator_108', 'generator_109', 'generator_110', 'generator_76', 'generator_99', 'generator_113', 'generator_114', 'generator_115', 'generator_116', 'generator_117', 'generator_118', 'generator_76', 'generator_76', 'generator_120', 'generator_121', 'generator_76', 'generator_123', 'generator_76', 'generator_99', 'generator_99', 'generator_76', 'generator_76', 'generator_76', 'generator_130']
number opened: 2
TRIAL 14
Action chosen: (purple, pink)
Outcome: False
partcle ids: ['generator_131', 'generator_120', 'generator_132', 'generator_108', 'generator_123', 'generator_135', 'generator_117', 'generator_116', 'generator_116', 'generator_120', 'generator_99', 'generator_116', 'generator_110', 'generator_108', 'generator_99', 'generator_145', 'generator_103', 'generator_110', 'generator_99', 'generator_110', 'generator_108', 'generator_103', 'generator_99', 'generator_120', 'generator_153', 'generator_99', 'generator_109', 'generator_116', 'generator_109', 'generator_99']
number opened: 2
TRIAL 15
Action chosen: (cloud, white)
Outcome: False
partcle ids: ['generator_131', 'generator_120', 'generator_132', 'generator_108', 'generator_123', 'generator_135', 'generator_117', 'generator_116', 'generator_116', 'generator_120', 'generator_99', 'generator_116', 'generator_110', 'generator_108', 'generator_99', 'generator_145', 'generator_103', 'generator_110', 'generator_99', 'generator_110', 'generator_108', 'generator_103', 'generator_99', 'generator_120', 'generator_153', 'generator_99', 'generator_109', 'generator_116', 'generator_109', 'generator_99']
number opened: 2
TRIAL 16
Action chosen: (blue, white)
Outcome: False
partcle ids: ['generator_109', 'generator_131', 'generator_153', 'generator_159', 'generator_109', 'generator_109', 'generator_117', 'generator_163', 'generator_131', 'generator_132', 'generator_117', 'generator_123', 'generator_145', 'generator_169', 'generator_170', 'generator_145', 'generator_171', 'generator_172', 'generator_153', 'generator_110', 'generator_175', 'generator_131', 'generator_110', 'generator_117', 'generator_179', 'generator_117', 'generator_109', 'generator_99', 'generator_110', 'generator_110']
number opened: 2
TRIAL 17
Action chosen: (heart, white)
Outcome: False
partcle ids: ['generator_109', 'generator_131', 'generator_153', 'generator_159', 'generator_109', 'generator_109', 'generator_117', 'generator_163', 'generator_131', 'generator_132', 'generator_117', 'generator_123', 'generator_145', 'generator_169', 'generator_170', 'generator_145', 'generator_171', 'generator_172', 'generator_153', 'generator_110', 'generator_175', 'generator_131', 'generator_110', 'generator_117', 'generator_179', 'generator_117', 'generator_109', 'generator_99', 'generator_110', 'generator_110']
number opened: 2
TRIAL 18
Action chosen: (grey2, white)
Outcome: False
partcle ids: ['generator_109', 'generator_131', 'generator_153', 'generator_159', 'generator_109', 'generator_109', 'generator_117', 'generator_163', 'generator_131', 'generator_132', 'generator_117', 'generator_123', 'generator_145', 'generator_169', 'generator_170', 'generator_145', 'generator_171', 'generator_172', 'generator_153', 'generator_110', 'generator_175', 'generator_131', 'generator_110', 'generator_117', 'generator_179', 'generator_117', 'generator_109', 'generator_99', 'generator_110', 'generator_110']
number opened: 2
TRIAL 19
Action chosen: (white, pink)
Outcome: False
partcle ids: ['generator_179', 'generator_171', 'generator_185', 'generator_186', 'generator_171', 'generator_188', 'generator_99', 'generator_190', 'generator_163', 'generator_117', 'generator_171', 'generator_99', 'generator_194', 'generator_195', 'generator_132', 'generator_149', 'generator_172', 'generator_198', 'generator_132', 'generator_171', 'generator_145', 'generator_202', 'generator_132', 'generator_204', 'generator_205', 'generator_206', 'generator_171', 'generator_208', 'generator_195', 'generator_209']
number opened: 2
TRIAL 20
Action chosen: (orange4, pink)
Outcome: False
partcle ids: ['generator_179', 'generator_171', 'generator_185', 'generator_186', 'generator_171', 'generator_188', 'generator_99', 'generator_190', 'generator_163', 'generator_117', 'generator_171', 'generator_99', 'generator_194', 'generator_195', 'generator_132', 'generator_149', 'generator_172', 'generator_198', 'generator_132', 'generator_171', 'generator_145', 'generator_202', 'generator_132', 'generator_204', 'generator_205', 'generator_206', 'generator_171', 'generator_208', 'generator_195', 'generator_209']
number opened: 2
TRIAL 21
Action chosen: (heart, pink)
Outcome: False
partcle ids: ['generator_179', 'generator_171', 'generator_185', 'generator_186', 'generator_171', 'generator_188', 'generator_99', 'generator_190', 'generator_163', 'generator_117', 'generator_171', 'generator_99', 'generator_194', 'generator_195', 'generator_132', 'generator_149', 'generator_172', 'generator_198', 'generator_132', 'generator_171', 'generator_145', 'generator_202', 'generator_132', 'generator_204', 'generator_205', 'generator_206', 'generator_171', 'generator_208', 'generator_195', 'generator_209']
number opened: 2
TRIAL 22
Action chosen: (triangle, pink)
Outcome: False
partcle ids: ['generator_195', 'generator_211', 'generator_212', 'generator_163', 'generator_188', 'generator_208', 'generator_216', 'generator_188', 'generator_163', 'generator_219', 'generator_185', 'generator_195', 'generator_206', 'generator_223', 'generator_224', 'generator_163', 'generator_226', 'generator_205', 'generator_179', 'generator_179', 'generator_205', 'generator_195', 'generator_205', 'generator_232', 'generator_163', 'generator_188', 'generator_163', 'generator_236', 'generator_237', 'generator_238']
number opened: 2
TRIAL 23
Action chosen: (yellow5, pink)
Outcome: False
partcle ids: ['generator_195', 'generator_211', 'generator_212', 'generator_163', 'generator_188', 'generator_208', 'generator_216', 'generator_188', 'generator_163', 'generator_219', 'generator_185', 'generator_195', 'generator_206', 'generator_223', 'generator_224', 'generator_163', 'generator_226', 'generator_205', 'generator_179', 'generator_179', 'generator_205', 'generator_195', 'generator_205', 'generator_232', 'generator_163', 'generator_188', 'generator_163', 'generator_236', 'generator_237', 'generator_238']
number opened: 2
TRIAL 24
Action chosen: (orange4, white)
Outcome: True
partcle ids: ['generator_179', 'generator_240', 'generator_233', 'generator_236', 'generator_242', 'generator_219', 'generator_115', 'generator_244', 'generator_245', 'generator_206', 'number_match', 'generator_165', 'generator_219', 'generator_179', 'generator_102', 'generator_249', 'generator_250', 'generator_251', 'generator_219', 'generator_252', 'number_match', 'generator_206', 'generator_206', 'generator_236', 'generator_242', 'generator_179', 'generator_256', 'generator_257', 'generator_223', 'generator_259']
number opened: 3
TRIAL 25
Action chosen: (pink, pink)
Outcome: False
partcle ids: ['generator_179', 'generator_240', 'generator_233', 'generator_236', 'generator_242', 'generator_219', 'generator_115', 'generator_244', 'generator_245', 'generator_206', 'number_match', 'generator_165', 'generator_219', 'generator_179', 'generator_102', 'generator_249', 'generator_250', 'generator_251', 'generator_219', 'generator_252', 'number_match', 'generator_206', 'generator_206', 'generator_236', 'generator_242', 'generator_179', 'generator_256', 'generator_257', 'generator_223', 'generator_259']
number opened: 3
TRIAL 26
Action chosen: (grey2, pink)
Outcome: True
partcle ids: ['generator_236', 'generator_260', 'generator_242', 'number_match', 'generator_260', 'generator_262', 'generator_242', 'generator_264', 'generator_242', 'generator_264', 'number_match', 'generator_236', 'number_match', 'generator_236', 'generator_260', 'number_match', 'generator_242', 'generator_260', 'generator_242', 'generator_236', 'generator_242', 'generator_236', 'generator_242', 'generator_236', 'generator_260', 'generator_242', 'generator_236', 'generator_236', 'generator_264', 'generator_264']
number opened: 4
TRIAL 27
Action chosen: (heart, blue)
Outcome: False
partcle ids: ['generator_236', 'generator_260', 'generator_242', 'number_match', 'generator_260', 'generator_262', 'generator_242', 'generator_264', 'generator_242', 'generator_264', 'number_match', 'generator_236', 'number_match', 'generator_236', 'generator_260', 'number_match', 'generator_242', 'generator_260', 'generator_242', 'generator_236', 'generator_242', 'generator_236', 'generator_242', 'generator_236', 'generator_260', 'generator_242', 'generator_236', 'generator_236', 'generator_264', 'generator_264']
number opened: 4
TRIAL 28
Action chosen: (pink, blue)
Outcome: False
partcle ids: ['generator_236', 'generator_260', 'generator_242', 'number_match', 'generator_260', 'generator_262', 'generator_242', 'generator_264', 'generator_242', 'generator_264', 'number_match', 'generator_236', 'number_match', 'generator_236', 'generator_260', 'number_match', 'generator_242', 'generator_260', 'generator_242', 'generator_236', 'generator_242', 'generator_236', 'generator_242', 'generator_236', 'generator_260', 'generator_242', 'generator_236', 'generator_236', 'generator_264', 'generator_264']
number opened: 4
TRIAL 29
Action chosen: (white, blue)
Outcome: False
partcle ids: ['number_match', 'generator_264', 'generator_262', 'generator_264', 'number_match', 'generator_264', 'number_match', 'generator_264', 'generator_263', 'generator_264', 'number_match', 'generator_262', 'number_match', 'generator_236', 'generator_262', 'generator_262', 'generator_264', 'number_match', 'number_match', 'generator_242', 'number_match', 'number_match', 'number_match', 'number_match', 'generator_260', 'generator_265', 'generator_264', 'generator_264', 'generator_264', 'generator_264']
number opened: 4
TRIAL 30
Action chosen: (yellow5, blue)
Outcome: True
partcle ids: ['number_match', 'number_match', 'number_match', 'number_match', 'number_match', 'number_match', 'number_match', 'number_match', 'number_match', 'number_match', 'number_match', 'number_match', 'number_match', 'number_match', 'number_match', 'number_match', 'number_match', 'number_match', 'number_match', 'number_match', 'number_match', 'number_match', 'number_match', 'number_match', 'number_match', 'number_match', 'number_match', 'number_match', 'number_match', 'number_match']
number opened: 5
{"attempts": 30, "unique_key_box_pairs": 30, "revisit_attempts": 0, "revisit_rate": 0.0, "attempts_before_abandoning_color_matching": 2, "color_matching_abandoned": true}
