{"Child_ID": "D091", "SoC_variant": "SoC-Full", "theta": [1, 2], "p_gen": 0.6, "true_prior": 0.02, "run_number": 59, "seed": 3209823279495922816}
TRIAL 1
Action chosen: (purple, purple)
Outcome: False
partcle ids: ['similar_color_10', 'generator_1', 'generator_2', 'order_match', 'generator_3', 'generator_4', 'similar_color_7', 'shape_match', 'generator_5', 'number_match', 'generator_6', 'similar_color_8', 'generator_7', 'generator_8', 'similar_color_13', 'similar_color_6', 'generator_9', 'similar_color_2', 'similar_color_10', 'generator_10', 'generator_11', 'similar_color_6', 'similar_color_9', 'similar_color_13', 'generator_12', 'generator_13', 'generator_14', 'generator_15', 'similar_color_2', 'similar_color_9']
number opened: 0
TRIAL 2
Action chosen: (pink, pink)
Outcome: False
partcle ids: ['similar_color_10', 'generator_1', 'generator_2', 'order_match', 'generator_3', 'generator_4', 'similar_color_7', 'shape_match', 'generator_5', 'number_match', 'generator_6', 'similar_color_8', 'generator_7', 'generator_8', 'similar_color_13', 'similar_color_6', 'generator_9', 'similar_color_2', 'similar_color_10', 'generator_10', 'generator_11', 'similar_color_6', 'similar_color_9', 'similar_color_13', 'generator_12', 'generator_13', 'generator_14', 'generator_15', 'similar_color_2', 'similar_color_9']
number opened: 0
TRIAL 3
Action chosen: (red, red)
Outcome: True
partcle ids: ['similar_color_13', 'generator_16', 'generator_17', 'generator_15', 'generator_18', 'similar_color_2', 'generator_19', 'similar_color_6', 'generator_20', 'generator_21', 'generator_22', 'generator_23', 'generator_24', 'generator_25', 'generator_26', 'generator_15', 'similar_color_13', 'generator_15', 'generator_28', 'generator_29', 'similar_color_7', 'similar_color_14', 'generator_30', 'similar_color_4', 'similar_color_12', 'similar_color_2', 'similar_color_7', 'generator_31', 'generator_32', 'similar_color_2']
number opened: 1
TRIAL 4
Action chosen: (purple, purple)
Outcome: False
partcle ids: ['similar_color_13', 'generator_16', 'generator_17', 'generator_15', 'generator_18', 'similar_color_2', 'generator_19', 'similar_color_6', 'generator_20', 'generator_21', 'generator_22', 'generator_23', 'generator_24', 'generator_25', 'generator_26', 'generator_15', 'similar_color_13', 'generator_15', 'generator_28', 'generator_29', 'similar_color_7', 'similar_color_14', 'generator_30', 'similar_color_4', 'similar_color_12', 'similar_color_2', 'similar_color_7', 'generator_31', 'generator_32', 'similar_color_2']
number opened: 1
TRIAL 5
Action chosen: (pink, pink)
Outcome: False
partcle ids: ['similar_color_13', 'generator_16', 'generator_17', 'generator_15', 'generator_18', 'similar_color_2', 'generator_19', 'similar_color_6', 'generator_20', 'generator_21', 'generator_22', 'generator_23', 'generator_24', 'generator_25', 'generator_26', 'generator_15', 'similar_color_13', 'generator_15', 'generator_28', 'generator_29', 'similar_color_7', 'similar_color_14', 'generator_30', 'similar_color_4', 'similar_color_12', 'similar_color_2', 'similar_color_7', 'generator_31', 'generator_32', 'similar_color_2']
number opened: 1
TRIAL 6
Action chosen: (pink, pink)
Outcome: False
partcle ids: ['similar_color_13', 'generator_16', 'generator_17', 'generator_15', 'generator_18', 'similar_color_2', 'generator_19', 'similar_color_6', 'generator_20', 'generator_21', 'generator_22', 'generator_23', 'generator_24', 'generator_25', 'generator_26', 'generator_15', 'similar_color_13', 'generator_15', 'generator_28', 'generator_29', 'similar_color_7', 'similar_color_14', 'generator_30', 'similar_color_4', 'similar_color_12', 'similar_color_2', 'similar_color_7', 'generator_31', 'generator_32', 'similar_color_2']
number opened: 1
TRIAL 7
Action chosen: (cloud, white)
Outcome: False
partcle ids: ['similar_color_13', 'generator_16', 'generator_17', 'generator_15', 'generator_18', 'similar_color_2', 'generator_19', 'similar_color_6', 'generator_20', 'generator_21', 'generator_22', 'generator_23', 'generator_24', 'generator_25', 'generator_26', 'generator_15', 'similar_color_13', 'generator_15', 'generator_28', 'generator_29', 'similar_color_7', 'similar_color_14', 'generator_30', 'similar_color_4', 'similar_color_12', 'similar_color_2', 'similar_color_7', 'generator_31', 'generator_32', 'similar_color_2']
number opened: 1
TRIAL 8
Action chosen: (pink, pink)
Outcome: False
partcle ids: ['similar_color_13', 'generator_16', 'generator_17', 'generator_15', 'generator_18', 'similar_color_2', 'generator_19', 'similar_color_6', 'generator_20', 'generator_21', 'generator_22', 'generator_23', 'generator_24', 'generator_25', 'generator_26', 'generator_15', 'similar_color_13', 'generator_15', 'generator_28', 'generator_29', 'similar_color_7', 'similar_color_14', 'generator_30', 'similar_color_4', 'similar_color_12', 'similar_color_2', 'similar_color_7', 'generator_31', 'generator_32', 'similar_color_2']
number opened: 1
TRIAL 9
Action chosen: (cloud, white)
Outcome: False
partcle ids: ['similar_color_13', 'generator_16', 'generator_17', 'generator_15', 'generator_18', 'similar_color_2', 'generator_19', 'similar_color_6', 'generator_20', 'generator_21', 'generator_22', 'generator_23', 'generator_24', 'generator_25', 'generator_26', 'generator_15', 'similar_color_13', 'generator_15', 'generator_28', 'generator_29', 'similar_color_7', 'similar_color_14', 'generator_30', 'similar_color_4', 'similar_color_12', 'similar_color_2', 'similar_color_7', 'generator_31', 'generator_32', 'similar_color_2']
number opened: 1
TRIAL 10
Action chosen: (yellow5, pink)
Outcome: False
partcle ids: ['similar_color_13', 'generator_16', 'generator_17', 'generator_15', 'generator_18', 'similar_color_2', 'generator_19', 'similar_color_6', 'generator_20', 'generator_21', 'generator_22', 'generator_23', 'generator_24', 'generator_25', 'generator_26', 'generator_15', 'similar_color_13', 'generator_15', 'generator_28', 'generator_29', 'similar_color_7', 'similar_color_14', 'generator_30', 'similar_color_4', 'similar_color_12', 'similar_color_2', 'similar_color_7', 'generator_31', 'generator_32', 'similar_color_2']
number opened: 1
TRIAL 11
Action chosen: (blue, purple)
Outcome: False
partcle ids: ['similar_color_13', 'generator_16', 'generator_17', 'generator_15', 'generator_18', 'similar_color_2', 'generator_19', 'similar_color_6', 'generator_20', 'generator_21', 'generator_22', 'generator_23', 'generator_24', 'generator_25', 'generator_26', 'generator_15', 'similar_color_13', 'generator_15', 'generator_28', 'generator_29', 'similar_color_7', 'similar_color_14', 'generator_30', 'similar_color_4', 'similar_color_12', 'similar_color_2', 'similar_color_7', 'generator_31', 'generator_32', 'similar_color_2']
number opened: 1
TRIAL 12
Action chosen: (pink, pink)
Outcome: False
partcle ids: ['similar_color_13', 'generator_16', 'generator_17', 'generator_15', 'generator_18', 'similar_color_2', 'generator_19', 'similar_color_6', 'generator_20', 'generator_21', 'generator_22', 'generator_23', 'generator_24', 'generator_25', 'generator_26', 'generator_15', 'similar_color_13', 'generator_15', 'generator_28', 'generator_29', 'similar_color_7', 'similar_color_14', 'generator_30', 'similar_color_4', 'similar_color_12', 'similar_color_2', 'similar_color_7', 'generator_31', 'generator_32', 'similar_color_2']
number opened: 1
TRIAL 13
Action chosen: (cloud, white)
Outcome: False
partcle ids: ['similar_color_13', 'generator_16', 'generator_17', 'generator_15', 'generator_18', 'similar_color_2', 'generator_19', 'similar_color_6', 'generator_20', 'generator_21', 'generator_22', 'generator_23', 'generator_24', 'generator_25', 'generator_26', 'generator_15', 'similar_color_13', 'generator_15', 'generator_28', 'generator_29', 'similar_color_7', 'similar_color_14', 'generator_30', 'similar_color_4', 'similar_color_12', 'similar_color_2', 'similar_color_7', 'generator_31', 'generator_32', 'similar_color_2']
number opened: 1
TRIAL 14
Action chosen: (diamond, white)
Outcome: False
partcle ids: ['similar_color_13', 'generator_16', 'generator_17', 'generator_15', 'generator_18', 'similar_color_2', 'generator_19', 'similar_color_6', 'generator_20', 'generator_21', 'generator_22', 'generator_23', 'generator_24', 'generator_25', 'generator_26', 'generator_15', 'similar_color_13', 'generator_15', 'generator_28', 'generator_29', 'similar_color_7', 'similar_color_14', 'generator_30', 'similar_color_4', 'similar_color_12', 'similar_color_2', 'similar_color_7', 'generator_31', 'generator_32', 'similar_color_2']
number opened: 1
TRIAL 15
Action chosen: (blue, purple)
Outcome: False
partcle ids: ['similar_color_13', 'generator_16', 'generator_17', 'generator_15', 'generator_18', 'similar_color_2', 'generator_19', 'similar_color_6', 'generator_20', 'generator_21', 'generator_22', 'generator_23', 'generator_24', 'generator_25', 'generator_26', 'generator_15', 'similar_color_13', 'generator_15', 'generator_28', 'generator_29', 'similar_color_7', 'similar_color_14', 'generator_30', 'similar_color_4', 'similar_color_12', 'similar_color_2', 'similar_color_7', 'generator_31', 'generator_32', 'similar_color_2']
number opened: 1
TRIAL 16
Action chosen: (yellow5, pink)
Outcome: False
partcle ids: ['similar_color_13', 'generator_16', 'generator_17', 'generator_15', 'generator_18', 'similar_color_2', 'generator_19', 'similar_color_6', 'generator_20', 'generator_21', 'generator_22', 'generator_23', 'generator_24', 'generator_25', 'generator_26', 'generator_15', 'similar_color_13', 'generator_15', 'generator_28', 'generator_29', 'similar_color_7', 'similar_color_14', 'generator_30', 'similar_color_4', 'similar_color_12', 'similar_color_2', 'similar_color_7', 'generator_31', 'generator_32', 'similar_color_2']
number opened: 1
TRIAL 17
Action chosen: (pink, blue)
Outcome: False
partcle ids: ['similar_color_13', 'generator_16', 'generator_17', 'generator_15', 'generator_18', 'similar_color_2', 'generator_19', 'similar_color_6', 'generator_20', 'generator_21', 'generator_22', 'generator_23', 'generator_24', 'generator_25', 'generator_26', 'generator_15', 'similar_color_13', 'generator_15', 'generator_28', 'generator_29', 'similar_color_7', 'similar_color_14', 'generator_30', 'similar_color_4', 'similar_color_12', 'similar_color_2', 'similar_color_7', 'generator_31', 'generator_32', 'similar_color_2']
number opened: 1
TRIAL 18
Action chosen: (pink, pink)
Outcome: False
partcle ids: ['similar_color_13', 'generator_16', 'generator_17', 'generator_15', 'generator_18', 'similar_color_2', 'generator_19', 'similar_color_6', 'generator_20', 'generator_21', 'generator_22', 'generator_23', 'generator_24', 'generator_25', 'generator_26', 'generator_15', 'similar_color_13', 'generator_15', 'generator_28', 'generator_29', 'similar_color_7', 'similar_color_14', 'generator_30', 'similar_color_4', 'similar_color_12', 'similar_color_2', 'similar_color_7', 'generator_31', 'generator_32', 'similar_color_2']
number opened: 1
TRIAL 19
Action chosen: (blue, purple)
Outcome: False
partcle ids: ['similar_color_13', 'generator_16', 'generator_17', 'generator_15', 'generator_18', 'similar_color_2', 'generator_19', 'similar_color_6', 'generator_20', 'generator_21', 'generator_22', 'generator_23', 'generator_24', 'generator_25', 'generator_26', 'generator_15', 'similar_color_13', 'generator_15', 'generator_28', 'generator_29', 'similar_color_7', 'similar_color_14', 'generator_30', 'similar_color_4', 'similar_color_12', 'similar_color_2', 'similar_color_7', 'generator_31', 'generator_32', 'similar_color_2']
number opened: 1
TRIAL 20
Action chosen: (cloud, white)
Outcome: False
partcle ids: ['similar_color_13', 'generator_16', 'generator_17', 'generator_15', 'generator_18', 'similar_color_2', 'generator_19', 'similar_color_6', 'generator_20', 'generator_21', 'generator_22', 'generator_23', 'generator_24', 'generator_25', 'generator_26', 'generator_15', 'similar_color_13', 'generator_15', 'generator_28', 'generator_29', 'similar_color_7', 'similar_color_14', 'generator_30', 'similar_color_4', 'similar_color_12', 'similar_color_2', 'similar_color_7', 'generator_31', 'generator_32', 'similar_color_2']
number opened: 1
TRIAL 21
Action chosen: (yellow5, pink)
Outcome: False
partcle ids: ['generator_16', 'generator_22', 'generator_23', 'generator_33', 'generator_32', 'generator_34', 'generator_16', 'generator_18', 'generator_18', 'generator_36', 'generator_22', 'generator_37', 'generator_38', 'generator_39', 'generator_40', 'generator_15', 'generator_19', 'color_match', 'generator_30', 'generator_41', 'generator_31', 'generator_18', 'generator_28', 'generator_43', 'generator_44', 'generator_45', 'generator_22', 'generator_46', 'generator_47', 'generator_22']
number opened: 1
TRIAL 22
Action chosen: (triangle, pink)
Outcome: False
partcle ids: ['generator_16', 'generator_22', 'generator_23', 'generator_33', 'generator_32', 'generator_34', 'generator_16', 'generator_18', 'generator_18', 'generator_36', 'generator_22', 'generator_37', 'generator_38', 'generator_39', 'generator_40', 'generator_15', 'generator_19', 'color_match', 'generator_30', 'generator_41', 'generator_31', 'generator_18', 'generator_28', 'generator_43', 'generator_44', 'generator_45', 'generator_22', 'generator_46', 'generator_47', 'generator_22']
number opened: 1
TRIAL 23
Action chosen: (triangle, pink)
Outcome: False
partcle ids: ['generator_16', 'generator_22', 'generator_23', 'generator_33', 'generator_32', 'generator_34', 'generator_16', 'generator_18', 'generator_18', 'generator_36', 'generator_22', 'generator_37', 'generator_38', 'generator_39', 'generator_40', 'generator_15', 'generator_19', 'color_match', 'generator_30', 'generator_41', 'generator_31', 'generator_18', 'generator_28', 'generator_43', 'generator_44', 'generator_45', 'generator_22', 'generator_46', 'generator_47', 'generator_22']
number opened: 1
TRIAL 24
Action chosen: (purple, white)
Outcome: False
partcle ids: ['generator_16', 'generator_22', 'generator_23', 'generator_33', 'generator_32', 'generator_34', 'generator_16', 'generator_18', 'generator_18', 'generator_36', 'generator_22', 'generator_37', 'generator_38', 'generator_39', 'generator_40', 'generator_15', 'generator_19', 'color_match', 'generator_30', 'generator_41', 'generator_31', 'generator_18', 'generator_28', 'generator_43', 'generator_44', 'generator_45', 'generator_22', 'generator_46', 'generator_47', 'generator_22']
number opened: 1
TRIAL 25
Action chosen: (pink, purple)
Outcome: False
partcle ids: ['generator_16', 'generator_22', 'generator_23', 'generator_33', 'generator_32', 'generator_34', 'generator_16', 'generator_18', 'generator_18', 'generator_36', 'generator_22', 'generator_37', 'generator_38', 'generator_39', 'generator_40', 'generator_15', 'generator_19', 'color_match', 'generator_30', 'generator_41', 'generator_31', 'generator_18', 'generator_28', 'generator_43', 'generator_44', 'generator_45', 'generator_22', 'generator_46', 'generator_47', 'generator_22']
number opened: 1
TRIAL 26
Action chosen: (white, blue)
Outcome: False
partcle ids: ['generator_16', 'generator_22', 'generator_23', 'generator_33', 'generator_32', 'generator_34', 'generator_16', 'generator_18', 'generator_18', 'generator_36', 'generator_22', 'generator_37', 'generator_38', 'generator_39', 'generator_40', 'generator_15', 'generator_19', 'color_match', 'generator_30', 'generator_41', 'generator_31', 'generator_18', 'generator_28', 'generator_43', 'generator_44', 'generator_45', 'generator_22', 'generator_46', 'generator_47', 'generator_22']
number opened: 1
TRIAL 27
Action chosen: (triangle, pink)
Outcome: False
partcle ids: ['generator_16', 'generator_22', 'generator_23', 'generator_33', 'generator_32', 'generator_34', 'generator_16', 'generator_18', 'generator_18', 'generator_36', 'generator_22', 'generator_37', 'generator_38', 'generator_39', 'generator_40', 'generator_15', 'generator_19', 'color_match', 'generator_30', 'generator_41', 'generator_31', 'generator_18', 'generator_28', 'generator_43', 'generator_44', 'generator_45', 'generator_22', 'generator_46', 'generator_47', 'generator_22']
number opened: 1
TRIAL 28
Action chosen: (purple, white)
Outcome: False
partcle ids: ['generator_16', 'generator_22', 'generator_23', 'generator_33', 'generator_32', 'generator_34', 'generator_16', 'generator_18', 'generator_18', 'generator_36', 'generator_22', 'generator_37', 'generator_38', 'generator_39', 'generator_40', 'generator_15', 'generator_19', 'color_match', 'generator_30', 'generator_41', 'generator_31', 'generator_18', 'generator_28', 'generator_43', 'generator_44', 'generator_45', 'generator_22', 'generator_46', 'generator_47', 'generator_22']
number opened: 1
TRIAL 29
Action chosen: (cloud, white)
Outcome: False
partcle ids: ['generator_16', 'generator_22', 'generator_23', 'generator_33', 'generator_32', 'generator_34', 'generator_16', 'generator_18', 'generator_18', 'generator_36', 'generator_22', 'generator_37', 'generator_38', 'generator_39', 'generator_40', 'generator_15', 'generator_19', 'color_match', 'generator_30', 'generator_41', 'generator_31', 'generator_18', 'generator_28', 'generator_43', 'generator_44', 'generator_45', 'generator_22', 'generator_46', 'generator_47', 'generator_22']
number opened: 1
TRIAL 30
Action chosen: (blue, white)
Outcome: False
partcle ids: ['generator_16', 'generator_22', 'generator_23', 'generator_33', 'generator_32', 'generator_34', 'generator_16', 'generator_18', 'generator_18', 'generator_36', 'generator_22', 'generator_37', 'generator_38', 'generator_39', 'generator_40', 'generator_15', 'generator_19', 'color_match', 'generator_30', 'generator_41', 'generator_31', 'generator_18', 'generator_28', 'generator_43', 'generator_44', 'generator_45', 'generator_22', 'generator_46', 'generator_47', 'generator_22']
number opened: 1
TRIAL 31
Action chosen: (pink, purple)
Outcome: False
partcle ids: ['generator_16', 'generator_22', 'generator_23', 'generator_33', 'generator_32', 'generator_34', 'generator_16', 'generator_18', 'generator_18', 'generator_36', 'generator_22', 'generator_37', 'generator_38', 'generator_39', 'generator_40', 'generator_15', 'generator_19', 'color_match', 'generator_30', 'generator_41', 'generator_31', 'generator_18', 'generator_28', 'generator_43', 'generator_44', 'generator_45', 'generator_22', 'generator_46', 'generator_47', 'generator_22']
number opened: 1
TRIAL 32
Action chosen: (purple, pink)
Outcome: False
partcle ids: ['generator_16', 'generator_22', 'generator_23', 'generator_33', 'generator_32', 'generator_34', 'generator_16', 'generator_18', 'generator_18', 'generator_36', 'generator_22', 'generator_37', 'generator_38', 'generator_39', 'generator_40', 'generator_15', 'generator_19', 'color_match', 'generator_30', 'generator_41', 'generator_31', 'generator_18', 'generator_28', 'generator_43', 'generator_44', 'generator_45', 'generator_22', 'generator_46', 'generator_47', 'generator_22']
number opened: 1
TRIAL 33
Action chosen: (pink, pink)
Outcome: False
partcle ids: ['generator_16', 'generator_22', 'generator_23', 'generator_33', 'generator_32', 'generator_34', 'generator_16', 'generator_18', 'generator_18', 'generator_36', 'generator_22', 'generator_37', 'generator_38', 'generator_39', 'generator_40', 'generator_15', 'generator_19', 'color_match', 'generator_30', 'generator_41', 'generator_31', 'generator_18', 'generator_28', 'generator_43', 'generator_44', 'generator_45', 'generator_22', 'generator_46', 'generator_47', 'generator_22']
number opened: 1
TRIAL 34
Action chosen: (yellow5, purple)
Outcome: False
partcle ids: ['generator_16', 'generator_22', 'generator_23', 'generator_33', 'generator_32', 'generator_34', 'generator_16', 'generator_18', 'generator_18', 'generator_36', 'generator_22', 'generator_37', 'generator_38', 'generator_39', 'generator_40', 'generator_15', 'generator_19', 'color_match', 'generator_30', 'generator_41', 'generator_31', 'generator_18', 'generator_28', 'generator_43', 'generator_44', 'generator_45', 'generator_22', 'generator_46', 'generator_47', 'generator_22']
number opened: 1
TRIAL 35
Action chosen: (diamond, white)
Outcome: False
partcle ids: ['generator_16', 'generator_22', 'generator_23', 'generator_33', 'generator_32', 'generator_34', 'generator_16', 'generator_18', 'generator_18', 'generator_36', 'generator_22', 'generator_37', 'generator_38', 'generator_39', 'generator_40', 'generator_15', 'generator_19', 'color_match', 'generator_30', 'generator_41', 'generator_31', 'generator_18', 'generator_28', 'generator_43', 'generator_44', 'generator_45', 'generator_22', 'generator_46', 'generator_47', 'generator_22']
number opened: 1
TRIAL 36
Action chosen: (white, blue)
Outcome: False
partcle ids: ['generator_16', 'generator_22', 'generator_23', 'generator_33', 'generator_32', 'generator_34', 'generator_16', 'generator_18', 'generator_18', 'generator_36', 'generator_22', 'generator_37', 'generator_38', 'generator_39', 'generator_40', 'generator_15', 'generator_19', 'color_match', 'generator_30', 'generator_41', 'generator_31', 'generator_18', 'generator_28', 'generator_43', 'generator_44', 'generator_45', 'generator_22', 'generator_46', 'generator_47', 'generator_22']
number opened: 1
TRIAL 37
Action chosen: (triangle, pink)
Outcome: False
partcle ids: ['generator_16', 'generator_22', 'generator_23', 'generator_33', 'generator_32', 'generator_34', 'generator_16', 'generator_18', 'generator_18', 'generator_36', 'generator_22', 'generator_37', 'generator_38', 'generator_39', 'generator_40', 'generator_15', 'generator_19', 'color_match', 'generator_30', 'generator_41', 'generator_31', 'generator_18', 'generator_28', 'generator_43', 'generator_44', 'generator_45', 'generator_22', 'generator_46', 'generator_47', 'generator_22']
number opened: 1
TRIAL 38
Action chosen: (cloud, white)
Outcome: False
partcle ids: ['generator_16', 'generator_22', 'generator_23', 'generator_33', 'generator_32', 'generator_34', 'generator_16', 'generator_18', 'generator_18', 'generator_36', 'generator_22', 'generator_37', 'generator_38', 'generator_39', 'generator_40', 'generator_15', 'generator_19', 'color_match', 'generator_30', 'generator_41', 'generator_31', 'generator_18', 'generator_28', 'generator_43', 'generator_44', 'generator_45', 'generator_22', 'generator_46', 'generator_47', 'generator_22']
number opened: 1
TRIAL 39
Action chosen: (purple, white)
Outcome: False
partcle ids: ['generator_16', 'generator_22', 'generator_23', 'generator_33', 'generator_32', 'generator_34', 'generator_16', 'generator_18', 'generator_18', 'generator_36', 'generator_22', 'generator_37', 'generator_38', 'generator_39', 'generator_40', 'generator_15', 'generator_19', 'color_match', 'generator_30', 'generator_41', 'generator_31', 'generator_18', 'generator_28', 'generator_43', 'generator_44', 'generator_45', 'generator_22', 'generator_46', 'generator_47', 'generator_22']
number opened: 1
TRIAL 40
Action chosen: (pink, purple)
Outcome: False
partcle ids: ['generator_16', 'generator_22', 'generator_23', 'generator_33', 'generator_32', 'generator_34', 'generator_16', 'generator_18', 'generator_18', 'generator_36', 'generator_22', 'generator_37', 'generator_38', 'generator_39', 'generator_40', 'generator_15', 'generator_19', 'color_match', 'generator_30', 'generator_41', 'generator_31', 'generator_18', 'generator_28', 'generator_43', 'generator_44', 'generator_45', 'generator_22', 'generator_46', 'generator_47', 'generator_22']
number opened: 1
TRIAL 41
Action chosen: (blue, white)
Outcome: False
partcle ids: ['generator_16', 'generator_22', 'generator_23', 'generator_33', 'generator_32', 'generator_34', 'generator_16', 'generator_18', 'generator_18', 'generator_36', 'generator_22', 'generator_37', 'generator_38', 'generator_39', 'generator_40', 'generator_15', 'generator_19', 'color_match', 'generator_30', 'generator_41', 'generator_31', 'generator_18', 'generator_28', 'generator_43', 'generator_44', 'generator_45', 'generator_22', 'generator_46', 'generator_47', 'generator_22']
number opened: 1
TRIAL 42
Action chosen: (pink, pink)
Outcome: False
partcle ids: ['generator_16', 'generator_22', 'generator_23', 'generator_33', 'generator_32', 'generator_34', 'generator_16', 'generator_18', 'generator_18', 'generator_36', 'generator_22', 'generator_37', 'generator_38', 'generator_39', 'generator_40', 'generator_15', 'generator_19', 'color_match', 'generator_30', 'generator_41', 'generator_31', 'generator_18', 'generator_28', 'generator_43', 'generator_44', 'generator_45', 'generator_22', 'generator_46', 'generator_47', 'generator_22']
number opened: 1
TRIAL 43
Action chosen: (orange4, blue)
Outcome: False
partcle ids: ['generator_16', 'generator_22', 'generator_23', 'generator_33', 'generator_32', 'generator_34', 'generator_16', 'generator_18', 'generator_18', 'generator_36', 'generator_22', 'generator_37', 'generator_38', 'generator_39', 'generator_40', 'generator_15', 'generator_19', 'color_match', 'generator_30', 'generator_41', 'generator_31', 'generator_18', 'generator_28', 'generator_43', 'generator_44', 'generator_45', 'generator_22', 'generator_46', 'generator_47', 'generator_22']
number opened: 1
TRIAL 44
Action chosen: (diamond, white)
Outcome: False
partcle ids: ['generator_16', 'generator_22', 'generator_23', 'generator_33', 'generator_32', 'generator_34', 'generator_16', 'generator_18', 'generator_18', 'generator_36', 'generator_22', 'generator_37', 'generator_38', 'generator_39', 'generator_40', 'generator_15', 'generator_19', 'color_match', 'generator_30', 'generator_41', 'generator_31', 'generator_18', 'generator_28', 'generator_43', 'generator_44', 'generator_45', 'generator_22', 'generator_46', 'generator_47', 'generator_22']
number opened: 1
TRIAL 45
Action chosen: (cloud, white)
Outcome: False
partcle ids: ['generator_16', 'generator_22', 'generator_23', 'generator_33', 'generator_32', 'generator_34', 'generator_16', 'generator_18', 'generator_18', 'generator_36', 'generator_22', 'generator_37', 'generator_38', 'generator_39', 'generator_40', 'generator_15', 'generator_19', 'color_match', 'generator_30', 'generator_41', 'generator_31', 'generator_18', 'generator_28', 'generator_43', 'generator_44', 'generator_45', 'generator_22', 'generator_46', 'generator_47', 'generator_22']
number opened: 1
TRIAL 46
Action chosen: (white, blue)
Outcome: False
partcle ids: ['generator_16', 'generator_22', 'generator_23', 'generator_33', 'generator_32', 'generator_34', 'generator_16', 'generator_18', 'generator_18', 'generator_36', 'generator_22', 'generator_37', 'generator_38', 'generator_39', 'generator_40', 'generator_15', 'generator_19', 'color_match', 'generator_30', 'generator_41', 'generator_31', 'generator_18', 'generator_28', 'generator_43', 'generator_44', 'generator_45', 'generator_22', 'generator_46', 'generator_47', 'generator_22']
number opened: 1
TRIAL 47
Action chosen: (purple, white)
Outcome: False
partcle ids: ['generator_16', 'generator_22', 'generator_23', 'generator_33', 'generator_32', 'generator_34', 'generator_16', 'generator_18', 'generator_18', 'generator_36', 'generator_22', 'generator_37', 'generator_38', 'generator_39', 'generator_40', 'generator_15', 'generator_19', 'color_match', 'generator_30', 'generator_41', 'generator_31', 'generator_18', 'generator_28', 'generator_43', 'generator_44', 'generator_45', 'generator_22', 'generator_46', 'generator_47', 'generator_22']
number opened: 1
TRIAL 48
Action chosen: (pink, purple)
Outcome: False
partcle ids: ['generator_16', 'generator_22', 'generator_23', 'generator_33', 'generator_32', 'generator_34', 'generator_16', 'generator_18', 'generator_18', 'generator_36', 'generator_22', 'generator_37', 'generator_38', 'generator_39', 'generator_40', 'generator_15', 'generator_19', 'color_match', 'generator_30', 'generator_41', 'generator_31', 'generator_18', 'generator_28', 'generator_43', 'generator_44', 'generator_45', 'generator_22', 'generator_46', 'generator_47', 'generator_22']
number opened: 1
TRIAL 49
Action chosen: (triangle, pink)
Outcome: False
partcle ids: ['generator_16', 'generator_22', 'generator_23', 'generator_33', 'generator_32', 'generator_34', 'generator_16', 'generator_18', 'generator_18', 'generator_36', 'generator_22', 'generator_37', 'generator_38', 'generator_39', 'generator_40', 'generator_15', 'generator_19', 'color_match', 'generator_30', 'generator_41', 'generator_31', 'generator_18', 'generator_28', 'generator_43', 'generator_44', 'generator_45', 'generator_22', 'generator_46', 'generator_47', 'generator_22']
number opened: 1
TRIAL 50
Action chosen: (pink, pink)
Outcome: False
partcle ids: ['generator_16', 'generator_22', 'generator_23', 'generator_33', 'generator_32', 'generator_34', 'generator_16', 'generator_18', 'generator_18', 'generator_36', 'generator_22', 'generator_37', 'generator_38', 'generator_39', 'generator_40', 'generator_15', 'generator_19', 'color_match', 'generator_30', 'generator_41', 'generator_31', 'generator_18', 'generator_28', 'generator_43', 'generator_44', 'generator_45', 'generator_22', 'generator_46', 'generator_47', 'generator_22']
number opened: 1
TRIAL 51
Action chosen: (purple, pink)
Outcome: False
partcle ids: ['generator_16', 'generator_22', 'generator_23', 'generator_33', 'generator_32', 'generator_34', 'generator_16', 'generator_18', 'generator_18', 'generator_36', 'generator_22', 'generator_37', 'generator_38', 'generator_39', 'generator_40', 'generator_15', 'generator_19', 'color_match', 'generator_30', 'generator_41', 'generator_31', 'generator_18', 'generator_28', 'generator_43', 'generator_44', 'generator_45', 'generator_22', 'generator_46', 'generator_47', 'generator_22']
number opened: 1
TRIAL 52
Action chosen: (yellow5, purple)
Outcome: False
partcle ids: ['generator_16', 'generator_22', 'generator_23', 'generator_33', 'generator_32', 'generator_34', 'generator_16', 'generator_18', 'generator_18', 'generator_36', 'generator_22', 'generator_37', 'generator_38', 'generator_39', 'generator_40', 'generator_15', 'generator_19', 'color_match', 'generator_30', 'generator_41', 'generator_31', 'generator_18', 'generator_28', 'generator_43', 'generator_44', 'generator_45', 'generator_22', 'generator_46', 'generator_47', 'generator_22']
number opened: 1
TRIAL 53
Action chosen: (blue, white)
Outcome: False
partcle ids: ['generator_16', 'generator_22', 'generator_23', 'generator_33', 'generator_32', 'generator_34', 'generator_16', 'generator_18', 'generator_18', 'generator_36', 'generator_22', 'generator_37', 'generator_38', 'generator_39', 'generator_40', 'generator_15', 'generator_19', 'color_match', 'generator_30', 'generator_41', 'generator_31', 'generator_18', 'generator_28', 'generator_43', 'generator_44', 'generator_45', 'generator_22', 'generator_46', 'generator_47', 'generator_22']
number opened: 1
TRIAL 54
Action chosen: (cloud, white)
Outcome: False
partcle ids: ['generator_16', 'generator_22', 'generator_23', 'generator_33', 'generator_32', 'generator_34', 'generator_16', 'generator_18', 'generator_18', 'generator_36', 'generator_22', 'generator_37', 'generator_38', 'generator_39', 'generator_40', 'generator_15', 'generator_19', 'color_match', 'generator_30', 'generator_41', 'generator_31', 'generator_18', 'generator_28', 'generator_43', 'generator_44', 'generator_45', 'generator_22', 'generator_46', 'generator_47', 'generator_22']
number opened: 1
TRIAL 55
Action chosen: (diamond, white)
Outcome: False
partcle ids: ['generator_16', 'generator_22', 'generator_23', 'generator_33', 'generator_32', 'generator_34', 'generator_16', 'generator_18', 'generator_18', 'generator_36', 'generator_22', 'generator_37', 'generator_38', 'generator_39', 'generator_40', 'generator_15', 'generator_19', 'color_match', 'generator_30', 'generator_41', 'generator_31', 'generator_18', 'generator_28', 'generator_43', 'generator_44', 'generator_45', 'generator_22', 'generator_46', 'generator_47', 'generator_22']
number opened: 1
TRIAL 56
Action chosen: (pink, purple)
Outcome: False
partcle ids: ['generator_16', 'generator_22', 'generator_23', 'generator_33', 'generator_32', 'generator_34', 'generator_16', 'generator_18', 'generator_18', 'generator_36', 'generator_22', 'generator_37', 'generator_38', 'generator_39', 'generator_40', 'generator_15', 'generator_19', 'color_match', 'generator_30', 'generator_41', 'generator_31', 'generator_18', 'generator_28', 'generator_43', 'generator_44', 'generator_45', 'generator_22', 'generator_46', 'generator_47', 'generator_22']
number opened: 1
TRIAL 57
Action chosen: (orange4, blue)
Outcome: False
partcle ids: ['generator_16', 'generator_22', 'generator_23', 'generator_33', 'generator_32', 'generator_34', 'generator_16', 'generator_18', 'generator_18', 'generator_36', 'generator_22', 'generator_37', 'generator_38', 'generator_39', 'generator_40', 'generator_15', 'generator_19', 'color_match', 'generator_30', 'generator_41', 'generator_31', 'generator_18', 'generator_28', 'generator_43', 'generator_44', 'generator_45', 'generator_22', 'generator_46', 'generator_47', 'generator_22']
number opened: 1
TRIAL 58
Action chosen: (pink, pink)
Outcome: False
partcle ids: ['generator_16', 'generator_22', 'generator_23', 'generator_33', 'generator_32', 'generator_34', 'generator_16', 'generator_18', 'generator_18', 'generator_36', 'generator_22', 'generator_37', 'generator_38', 'generator_39', 'generator_40', 'generator_15', 'generator_19', 'color_match', 'generator_30', 'generator_41', 'generator_31', 'generator_18', 'generator_28', 'generator_43', 'generator_44', 'generator_45', 'generator_22', 'generator_46', 'generator_47', 'generator_22']
number opened: 1
TRIAL 59
Action chosen: (white, blue)
Outcome: False
partcle ids: ['generator_16', 'generator_22', 'generator_23', 'generator_33', 'generator_32', 'generator_34', 'generator_16', 'generator_18', 'generator_18', 'generator_36', 'generator_22', 'generator_37', 'generator_38', 'generator_39', 'generator_40', 'generator_15', 'generator_19', 'color_match', 'generator_30', 'generator_41', 'generator_31', 'generator_18', 'generator_28', 'generator_43', 'generator_44', 'generator_45', 'generator_22', 'generator_46', 'generator_47', 'generator_22']
number opened: 1
TRIAL 60
Action chosen: (blue, white)
Outcome: False
partcle ids: ['generator_16', 'generator_22', 'generator_23', 'generator_33', 'generator_32', 'generator_34', 'generator_16', 'generator_18', 'generator_18', 'generator_36', 'generator_22', 'generator_37', 'generator_38', 'generator_39', 'generator_40', 'generator_15', 'generator_19', 'color_match', 'generator_30', 'generator_41', 'generator_31', 'generator_18', 'generator_28', 'generator_43', 'generator_44', 'generator_45', 'generator_22', 'generator_46', 'generator_47', 'generator_22']
number opened: 1
TRIAL 61
Action chosen: (purple, white)
Outcome: False
partcle ids: ['generator_16', 'generator_22', 'generator_23', 'generator_33', 'generator_32', 'generator_34', 'generator_16', 'generator_18', 'generator_18', 'generator_36', 'generator_22', 'generator_37', 'generator_38', 'generator_39', 'generator_40', 'generator_15', 'generator_19', 'color_match', 'generator_30', 'generator_41', 'generator_31', 'generator_18', 'generator_28', 'generator_43', 'generator_44', 'generator_45', 'generator_22', 'generator_46', 'generator_47', 'generator_22']
number opened: 1
TRIAL 62
Action chosen: (diamond, blue)
Outcome: False
partcle ids: ['generator_16', 'generator_22', 'generator_23', 'generator_33', 'generator_32', 'generator_34', 'generator_16', 'generator_18', 'generator_18', 'generator_36', 'generator_22', 'generator_37', 'generator_38', 'generator_39', 'generator_40', 'generator_15', 'generator_19', 'color_match', 'generator_30', 'generator_41', 'generator_31', 'generator_18', 'generator_28', 'generator_43', 'generator_44', 'generator_45', 'generator_22', 'generator_46', 'generator_47', 'generator_22']
number opened: 1
TRIAL 63
Action chosen: (pink, purple)
Outcome: False
partcle ids: ['generator_16', 'generator_22', 'generator_23', 'generator_33', 'generator_32', 'generator_34', 'generator_16', 'generator_18', 'generator_18', 'generator_36', 'generator_22', 'generator_37', 'generator_38', 'generator_39', 'generator_40', 'generator_15', 'generator_19', 'color_match', 'generator_30', 'generator_41', 'generator_31', 'generator_18', 'generator_28', 'generator_43', 'generator_44', 'generator_45', 'generator_22', 'generator_46', 'generator_47', 'generator_22']
number opened: 1
TRIAL 64
Action chosen: (orange4, blue)
Outcome: False
partcle ids: ['generator_16', 'generator_22', 'generator_23', 'generator_33', 'generator_32', 'generator_34', 'generator_16', 'generator_18', 'generator_18', 'generator_36', 'generator_22', 'generator_37', 'generator_38', 'generator_39', 'generator_40', 'generator_15', 'generator_19', 'color_match', 'generator_30', 'generator_41', 'generator_31', 'generator_18', 'generator_28', 'generator_43', 'generator_44', 'generator_45', 'generator_22', 'generator_46', 'generator_47', 'generator_22']
number opened: 1
TRIAL 65
Action chosen: (diamond, white)
Outcome: False
partcle ids: ['generator_16', 'generator_22', 'generator_23', 'generator_33', 'generator_32', 'generator_34', 'generator_16', 'generator_18', 'generator_18', 'generator_36', 'generator_22', 'generator_37', 'generator_38', 'generator_39', 'generator_40', 'generator_15', 'generator_19', 'color_match', 'generator_30', 'generator_41', 'generator_31', 'generator_18', 'generator_28', 'generator_43', 'generator_44', 'generator_45', 'generator_22', 'generator_46', 'generator_47', 'generator_22']
number opened: 1
TRIAL 66
Action chosen: (pink, pink)
Outcome: False
partcle ids: ['generator_16', 'generator_22', 'generator_23', 'generator_33', 'generator_32', 'generator_34', 'generator_16', 'generator_18', 'generator_18', 'generator_36', 'generator_22', 'generator_37', 'generator_38', 'generator_39', 'generator_40', 'generator_15', 'generator_19', 'color_match', 'generator_30', 'generator_41', 'generator_31', 'generator_18', 'generator_28', 'generator_43', 'generator_44', 'generator_45', 'generator_22', 'generator_46', 'generator_47', 'generator_22']
number opened: 1
TRIAL 67
Action chosen: (triangle, pink)
Outcome: False
partcle ids: ['generator_16', 'generator_22', 'generator_23', 'generator_33', 'generator_32', 'generator_34', 'generator_16', 'generator_18', 'generator_18', 'generator_36', 'generator_22', 'generator_37', 'generator_38', 'generator_39', 'generator_40', 'generator_15', 'generator_19', 'color_match', 'generator_30', 'generator_41', 'generator_31', 'generator_18', 'generator_28', 'generator_43', 'generator_44', 'generator_45', 'generator_22', 'generator_46', 'generator_47', 'generator_22']
number opened: 1
TRIAL 68
Action chosen: (white, blue)
Outcome: False
partcle ids: ['generator_16', 'generator_22', 'generator_23', 'generator_33', 'generator_32', 'generator_34', 'generator_16', 'generator_18', 'generator_18', 'generator_36', 'generator_22', 'generator_37', 'generator_38', 'generator_39', 'generator_40', 'generator_15', 'generator_19', 'color_match', 'generator_30', 'generator_41', 'generator_31', 'generator_18', 'generator_28', 'generator_43', 'generator_44', 'generator_45', 'generator_22', 'generator_46', 'generator_47', 'generator_22']
number opened: 1
TRIAL 69
Action chosen: (orange4, purple)
Outcome: False
partcle ids: ['generator_16', 'generator_22', 'generator_23', 'generator_33', 'generator_32', 'generator_34', 'generator_16', 'generator_18', 'generator_18', 'generator_36', 'generator_22', 'generator_37', 'generator_38', 'generator_39', 'generator_40', 'generator_15', 'generator_19', 'color_match', 'generator_30', 'generator_41', 'generator_31', 'generator_18', 'generator_28', 'generator_43', 'generator_44', 'generator_45', 'generator_22', 'generator_46', 'generator_47', 'generator_22']
number opened: 1
TRIAL 70
Action chosen: (purple, white)
Outcome: False
partcle ids: ['generator_16', 'generator_22', 'generator_23', 'generator_33', 'generator_32', 'generator_34', 'generator_16', 'generator_18', 'generator_18', 'generator_36', 'generator_22', 'generator_37', 'generator_38', 'generator_39', 'generator_40', 'generator_15', 'generator_19', 'color_match', 'generator_30', 'generator_41', 'generator_31', 'generator_18', 'generator_28', 'generator_43', 'generator_44', 'generator_45', 'generator_22', 'generator_46', 'generator_47', 'generator_22']
number opened: 1
{"attempts": 70, "unique_key_box_pairs": 18, "revisit_attempts": 52, "revisit_rate": 0.7536231884057971, "attempts_before_abandoning_color_matching": 6, "color_matching_abandoned": true}
