{"Child_ID": "D091", "SoC_variant": "SoC-Full", "theta": [1, 2], "p_gen": 0.6, "true_prior": 0.02, "run_number": 97, "seed": 3329111067400248425}
TRIAL 1
Action chosen: (pink, pink)
Outcome: False
partcle ids: ['generator_1', 'generator_2', 'generator_3', 'similar_color_6', 'generator_4', 'similar_color_1', 'generator_5', 'similar_color_6', 'generator_6', 'similar_color_1', 'generator_7', 'generator_8', 'generator_9', 'similar_color_4', 'shape_match', 'similar_color_14', 'similar_color_12', 'number_match', 'color_match', 'generator_10', 'similar_color_7', 'similar_color_7', 'generator_11', 'generator_12', 'generator_13', 'generator_14', 'similar_color_13', 'generator_15', 'number_match', 'generator_16']
number opened: 0
TRIAL 2
Action chosen: (red, red)
Outcome: True
partcle ids: ['similar_color_4', 'generator_3', 'similar_color_9', 'generator_17', 'number_match', 'generator_18', 'similar_color_9', 'generator_19', 'generator_20', 'generator_21', 'generator_22', 'generator_3', 'similar_color_11', 'generator_23', 'generator_24', 'similar_color_7', 'generator_25', 'generator_26', 'generator_27', 'similar_color_9', 'number_match', 'generator_28', 'generator_29', 'generator_30', 'generator_31', 'generator_32', 'generator_33', 'generator_34', 'similar_color_12', 'similar_color_6']
number opened: 1
TRIAL 3
Action chosen: (purple, purple)
Outcome: False
partcle ids: ['similar_color_4', 'generator_3', 'similar_color_9', 'generator_17', 'number_match', 'generator_18', 'similar_color_9', 'generator_19', 'generator_20', 'generator_21', 'generator_22', 'generator_3', 'similar_color_11', 'generator_23', 'generator_24', 'similar_color_7', 'generator_25', 'generator_26', 'generator_27', 'similar_color_9', 'number_match', 'generator_28', 'generator_29', 'generator_30', 'generator_31', 'generator_32', 'generator_33', 'generator_34', 'similar_color_12', 'similar_color_6']
number opened: 1
TRIAL 4
Action chosen: (cloud, white)
Outcome: False
partcle ids: ['similar_color_4', 'generator_3', 'similar_color_9', 'generator_17', 'number_match', 'generator_18', 'similar_color_9', 'generator_19', 'generator_20', 'generator_21', 'generator_22', 'generator_3', 'similar_color_11', 'generator_23', 'generator_24', 'similar_color_7', 'generator_25', 'generator_26', 'generator_27', 'similar_color_9', 'number_match', 'generator_28', 'generator_29', 'generator_30', 'generator_31', 'generator_32', 'generator_33', 'generator_34', 'similar_color_12', 'similar_color_6']
number opened: 1
TRIAL 5
Action chosen: (yellow5, white)
Outcome: False
partcle ids: ['similar_color_4', 'generator_3', 'similar_color_9', 'generator_17', 'number_match', 'generator_18', 'similar_color_9', 'generator_19', 'generator_20', 'generator_21', 'generator_22', 'generator_3', 'similar_color_11', 'generator_23', 'generator_24', 'similar_color_7', 'generator_25', 'generator_26', 'generator_27', 'similar_color_9', 'number_match', 'generator_28', 'generator_29', 'generator_30', 'generator_31', 'generator_32', 'generator_33', 'generator_34', 'similar_color_12', 'similar_color_6']
number opened: 1
TRIAL 6
Action chosen: (grey2, pink)
Outcome: True
partcle ids: ['generator_35', 'generator_36', 'generator_37', 'generator_38', 'generator_39', 'generator_40', 'generator_41', 'generator_42', 'generator_43', 'generator_44', 'generator_33', 'generator_46', 'generator_20', 'generator_47', 'number_match', 'generator_48', 'generator_49', 'generator_50', 'generator_51', 'generator_52', 'generator_53', 'generator_54', 'generator_55', 'generator_56', 'generator_57', 'generator_58', 'generator_42', 'generator_59', 'generator_60', 'generator_61']
number opened: 2
TRIAL 7
Action chosen: (orange4, blue)
Outcome: False
partcle ids: ['generator_35', 'generator_36', 'generator_37', 'generator_38', 'generator_39', 'generator_40', 'generator_41', 'generator_42', 'generator_43', 'generator_44', 'generator_33', 'generator_46', 'generator_20', 'generator_47', 'number_match', 'generator_48', 'generator_49', 'generator_50', 'generator_51', 'generator_52', 'generator_53', 'generator_54', 'generator_55', 'generator_56', 'generator_57', 'generator_58', 'generator_42', 'generator_59', 'generator_60', 'generator_61']
number opened: 2
TRIAL 8
Action chosen: (cloud, purple)
Outcome: False
partcle ids: ['generator_35', 'generator_36', 'generator_37', 'generator_38', 'generator_39', 'generator_40', 'generator_41', 'generator_42', 'generator_43', 'generator_44', 'generator_33', 'generator_46', 'generator_20', 'generator_47', 'number_match', 'generator_48', 'generator_49', 'generator_50', 'generator_51', 'generator_52', 'generator_53', 'generator_54', 'generator_55', 'generator_56', 'generator_57', 'generator_58', 'generator_42', 'generator_59', 'generator_60', 'generator_61']
number opened: 2
TRIAL 9
Action chosen: (heart, purple)
Outcome: False
partcle ids: ['generator_35', 'generator_36', 'generator_37', 'generator_38', 'generator_39', 'generator_40', 'generator_41', 'generator_42', 'generator_43', 'generator_44', 'generator_33', 'generator_46', 'generator_20', 'generator_47', 'number_match', 'generator_48', 'generator_49', 'generator_50', 'generator_51', 'generator_52', 'generator_53', 'generator_54', 'generator_55', 'generator_56', 'generator_57', 'generator_58', 'generator_42', 'generator_59', 'generator_60', 'generator_61']
number opened: 2
TRIAL 10
Action chosen: (orange4, white)
Outcome: True
partcle ids: ['generator_62', 'generator_63', 'generator_64', 'generator_65', 'generator_66', 'generator_67', 'generator_68', 'generator_69', 'generator_65', 'generator_70', 'generator_71', 'generator_56', 'generator_44', 'generator_73', 'generator_74', 'generator_71', 'generator_75', 'generator_76', 'generator_77', 'generator_44', 'generator_67', 'generator_79', 'generator_80', 'generator_81', 'generator_82', 'generator_83', 'generator_84', 'generator_75', 'generator_85', 'generator_66']
number opened: 3
TRIAL 11
Action chosen: (heart, blue)
Outcome: False
partcle ids: ['generator_62', 'generator_63', 'generator_64', 'generator_65', 'generator_66', 'generator_67', 'generator_68', 'generator_69', 'generator_65', 'generator_70', 'generator_71', 'generator_56', 'generator_44', 'generator_73', 'generator_74', 'generator_71', 'generator_75', 'generator_76', 'generator_77', 'generator_44', 'generator_67', 'generator_79', 'generator_80', 'generator_81', 'generator_82', 'generator_83', 'generator_84', 'generator_75', 'generator_85', 'generator_66']
number opened: 3
TRIAL 12
Action chosen: (blue, purple)
Outcome: False
partcle ids: ['generator_62', 'generator_63', 'generator_64', 'generator_65', 'generator_66', 'generator_67', 'generator_68', 'generator_69', 'generator_65', 'generator_70', 'generator_71', 'generator_56', 'generator_44', 'generator_73', 'generator_74', 'generator_71', 'generator_75', 'generator_76', 'generator_77', 'generator_44', 'generator_67', 'generator_79', 'generator_80', 'generator_81', 'generator_82', 'generator_83', 'generator_84', 'generator_75', 'generator_85', 'generator_66']
number opened: 3
TRIAL 13
Action chosen: (triangle, purple)
Outcome: False
partcle ids: ['generator_62', 'generator_63', 'generator_64', 'generator_65', 'generator_66', 'generator_67', 'generator_68', 'generator_69', 'generator_65', 'generator_70', 'generator_71', 'generator_56', 'generator_44', 'generator_73', 'generator_74', 'generator_71', 'generator_75', 'generator_76', 'generator_77', 'generator_44', 'generator_67', 'generator_79', 'generator_80', 'generator_81', 'generator_82', 'generator_83', 'generator_84', 'generator_75', 'generator_85', 'generator_66']
number opened: 3
TRIAL 14
Action chosen: (cloud, blue)
Outcome: False
partcle ids: ['generator_62', 'generator_63', 'generator_64', 'generator_65', 'generator_66', 'generator_67', 'generator_68', 'generator_69', 'generator_65', 'generator_70', 'generator_71', 'generator_56', 'generator_44', 'generator_73', 'generator_74', 'generator_71', 'generator_75', 'generator_76', 'generator_77', 'generator_44', 'generator_67', 'generator_79', 'generator_80', 'generator_81', 'generator_82', 'generator_83', 'generator_84', 'generator_75', 'generator_85', 'generator_66']
number opened: 3
TRIAL 15
Action chosen: (heart, purple)
Outcome: False
partcle ids: ['generator_62', 'generator_63', 'generator_64', 'generator_65', 'generator_66', 'generator_67', 'generator_68', 'generator_69', 'generator_65', 'generator_70', 'generator_71', 'generator_56', 'generator_44', 'generator_73', 'generator_74', 'generator_71', 'generator_75', 'generator_76', 'generator_77', 'generator_44', 'generator_67', 'generator_79', 'generator_80', 'generator_81', 'generator_82', 'generator_83', 'generator_84', 'generator_75', 'generator_85', 'generator_66']
number opened: 3
TRIAL 16
Action chosen: (white, purple)
Outcome: False
partcle ids: ['generator_62', 'generator_63', 'generator_64', 'generator_65', 'generator_66', 'generator_67', 'generator_68', 'generator_69', 'generator_65', 'generator_70', 'generator_71', 'generator_56', 'generator_44', 'generator_73', 'generator_74', 'generator_71', 'generator_75', 'generator_76', 'generator_77', 'generator_44', 'generator_67', 'generator_79', 'generator_80', 'generator_81', 'generator_82', 'generator_83', 'generator_84', 'generator_75', 'generator_85', 'generator_66']
number opened: 3
TRIAL 17
Action chosen: (diamond, blue)
Outcome: False
partcle ids: ['generator_62', 'generator_63', 'generator_64', 'generator_65', 'generator_66', 'generator_67', 'generator_68', 'generator_69', 'generator_65', 'generator_70', 'generator_71', 'generator_56', 'generator_44', 'generator_73', 'generator_74', 'generator_71', 'generator_75', 'generator_76', 'generator_77', 'generator_44', 'generator_67', 'generator_79', 'generator_80', 'generator_81', 'generator_82', 'generator_83', 'generator_84', 'generator_75', 'generator_85', 'generator_66']
number opened: 3
TRIAL 18
Action chosen: (yellow5, blue)
Outcome: True
partcle ids: ['generator_86', 'generator_86', 'generator_85', 'generator_88', 'generator_85', 'generator_85', 'generator_87', 'generator_85', 'generator_90', 'generator_85', 'generator_85', 'generator_85', 'generator_86', 'generator_86', 'generator_87', 'generator_85', 'number_match', 'generator_82', 'generator_87', 'number_match', 'generator_88', 'generator_87', 'generator_85', 'number_match', 'generator_86', 'generator_75', 'generator_85', 'generator_90', 'generator_87', 'generator_90']
number opened: 4
TRIAL 19
Action chosen: (diamond, purple)
Outcome: False
partcle ids: ['generator_86', 'generator_86', 'generator_85', 'generator_88', 'generator_85', 'generator_85', 'generator_87', 'generator_85', 'generator_90', 'generator_85', 'generator_85', 'generator_85', 'generator_86', 'generator_86', 'generator_87', 'generator_85', 'number_match', 'generator_82', 'generator_87', 'number_match', 'generator_88', 'generator_87', 'generator_85', 'number_match', 'generator_86', 'generator_75', 'generator_85', 'generator_90', 'generator_87', 'generator_90']
number opened: 4
TRIAL 20
Action chosen: (purple, purple)
Outcome: False
partcle ids: ['generator_86', 'generator_86', 'generator_85', 'generator_88', 'generator_85', 'generator_85', 'generator_87', 'generator_85', 'generator_90', 'generator_85', 'generator_85', 'generator_85', 'generator_86', 'generator_86', 'generator_87', 'generator_85', 'number_match', 'generator_82', 'generator_87', 'number_match', 'generator_88', 'generator_87', 'generator_85', 'number_match', 'generator_86', 'generator_75', 'generator_85', 'generator_90', 'generator_87', 'generator_90']
number opened: 4
TRIAL 21
Action chosen: (white, purple)
Outcome: False
partcle ids: ['generator_86', 'generator_86', 'generator_85', 'generator_88', 'generator_85', 'generator_85', 'generator_87', 'generator_85', 'generator_90', 'generator_85', 'generator_85', 'generator_85', 'generator_86', 'generator_86', 'generator_87', 'generator_85', 'number_match', 'generator_82', 'generator_87', 'number_match', 'generator_88', 'generator_87', 'generator_85', 'number_match', 'generator_86', 'generator_75', 'generator_85', 'generator_90', 'generator_87', 'generator_90']
number opened: 4
TRIAL 22
Action chosen: (diamond, purple)
Outcome: False
partcle ids: ['generator_86', 'generator_86', 'generator_85', 'generator_88', 'generator_85', 'generator_85', 'generator_87', 'generator_85', 'generator_90', 'generator_85', 'generator_85', 'generator_85', 'generator_86', 'generator_86', 'generator_87', 'generator_85', 'number_match', 'generator_82', 'generator_87', 'number_match', 'generator_88', 'generator_87', 'generator_85', 'number_match', 'generator_86', 'generator_75', 'generator_85', 'generator_90', 'generator_87', 'generator_90']
number opened: 4
TRIAL 23
Action chosen: (green3, purple)
Outcome: True
partcle ids: ['number_match', 'number_match', 'number_match', 'number_match', 'number_match', 'number_match', 'number_match', 'number_match', 'number_match', 'number_match', 'number_match', 'number_match', 'number_match', 'number_match', 'number_match', 'number_match', 'number_match', 'number_match', 'number_match', 'number_match', 'number_match', 'number_match', 'number_match', 'number_match', 'number_match', 'number_match', 'number_match', 'number_match', 'number_match', 'number_match']
number opened: 5
{"attempts": 23, "unique_key_box_pairs": 19, "revisit_attempts": 4, "revisit_rate": 0.18181818181818182, "attempts_before_abandoning_color_matching": 3, "color_matching_abandoned": true}
