{"Child_ID": "D091", "SoC_variant": "SoC-Full", "theta": [1, 2], "p_gen": 0.6, "true_prior": 0.02, "run_number": 78, "seed": 2273129903148060063}
TRIAL 1
Action chosen: (pink, pink)
Outcome: False
partcle ids: ['generator_1', 'generator_2', 'similar_color_11', 'similar_color_6', 'generator_3', 'generator_4', 'generator_5', 'generator_6', 'similar_color_10', 'similar_color_2', 'similar_color_9', 'generator_7', 'generator_8', 'similar_color_13', 'generator_9', 'generator_10', 'generator_11', 'number_match', 'similar_color_9', 'generator_12', 'similar_color_5', 'generator_13', 'generator_14', 'similar_color_3', 'similar_color_3', 'similar_color_4', 'order_match', 'similar_color_2', 'similar_color_2', 'generator_15']
number opened: 0
TRIAL 2
Action chosen: (pink, pink)
Outcome: False
partcle ids: ['generator_1', 'generator_2', 'similar_color_11', 'similar_color_6', 'generator_3', 'generator_4', 'generator_5', 'generator_6', 'similar_color_10', 'similar_color_2', 'similar_color_9', 'generator_7', 'generator_8', 'similar_color_13', 'generator_9', 'generator_10', 'generator_11', 'number_match', 'similar_color_9', 'generator_12', 'similar_color_5', 'generator_13', 'generator_14', 'similar_color_3', 'similar_color_3', 'similar_color_4', 'order_match', 'similar_color_2', 'similar_color_2', 'generator_15']
number opened: 0
TRIAL 3
Action chosen: (purple, purple)
Outcome: False
partcle ids: ['generator_1', 'generator_2', 'similar_color_11', 'similar_color_6', 'generator_3', 'generator_4', 'generator_5', 'generator_6', 'similar_color_10', 'similar_color_2', 'similar_color_9', 'generator_7', 'generator_8', 'similar_color_13', 'generator_9', 'generator_10', 'generator_11', 'number_match', 'similar_color_9', 'generator_12', 'similar_color_5', 'generator_13', 'generator_14', 'similar_color_3', 'similar_color_3', 'similar_color_4', 'order_match', 'similar_color_2', 'similar_color_2', 'generator_15']
number opened: 0
TRIAL 4
Action chosen: (purple, purple)
Outcome: False
partcle ids: ['generator_1', 'generator_2', 'similar_color_11', 'similar_color_6', 'generator_3', 'generator_4', 'generator_5', 'generator_6', 'similar_color_10', 'similar_color_2', 'similar_color_9', 'generator_7', 'generator_8', 'similar_color_13', 'generator_9', 'generator_10', 'generator_11', 'number_match', 'similar_color_9', 'generator_12', 'similar_color_5', 'generator_13', 'generator_14', 'similar_color_3', 'similar_color_3', 'similar_color_4', 'order_match', 'similar_color_2', 'similar_color_2', 'generator_15']
number opened: 0
TRIAL 5
Action chosen: (red, red)
Outcome: True
partcle ids: ['generator_16', 'similar_color_10', 'generator_17', 'generator_18', 'generator_9', 'generator_19', 'generator_20', 'order_match', 'similar_color_9', 'number_match', 'generator_21', 'generator_22', 'generator_23', 'generator_24', 'generator_25', 'similar_color_1', 'generator_26', 'generator_9', 'generator_27', 'similar_color_1', 'similar_color_10', 'generator_28', 'number_match', 'similar_color_3', 'number_match', 'generator_9', 'generator_29', 'order_match', 'generator_30', 'generator_31']
number opened: 1
TRIAL 6
Action chosen: (green3, blue)
Outcome: False
partcle ids: ['generator_16', 'similar_color_10', 'generator_17', 'generator_18', 'generator_9', 'generator_19', 'generator_20', 'order_match', 'similar_color_9', 'number_match', 'generator_21', 'generator_22', 'generator_23', 'generator_24', 'generator_25', 'similar_color_1', 'generator_26', 'generator_9', 'generator_27', 'similar_color_1', 'similar_color_10', 'generator_28', 'number_match', 'similar_color_3', 'number_match', 'generator_9', 'generator_29', 'order_match', 'generator_30', 'generator_31']
number opened: 1
TRIAL 7
Action chosen: (pink, pink)
Outcome: False
partcle ids: ['generator_16', 'similar_color_10', 'generator_17', 'generator_18', 'generator_9', 'generator_19', 'generator_20', 'order_match', 'similar_color_9', 'number_match', 'generator_21', 'generator_22', 'generator_23', 'generator_24', 'generator_25', 'similar_color_1', 'generator_26', 'generator_9', 'generator_27', 'similar_color_1', 'similar_color_10', 'generator_28', 'number_match', 'similar_color_3', 'number_match', 'generator_9', 'generator_29', 'order_match', 'generator_30', 'generator_31']
number opened: 1
TRIAL 8
Action chosen: (yellow5, blue)
Outcome: True
partcle ids: ['generator_32', 'generator_33', 'generator_34', 'generator_35', 'order_match', 'generator_36', 'number_match', 'generator_37', 'generator_38', 'generator_39', 'generator_40', 'generator_41', 'generator_42', 'generator_43', 'generator_44', 'generator_45', 'generator_46', 'generator_47', 'generator_48', 'generator_49', 'generator_50', 'generator_51', 'generator_52', 'generator_53', 'generator_54', 'order_match', 'generator_55', 'generator_56', 'generator_57', 'generator_58']
number opened: 2
TRIAL 9
Action chosen: (orange4, purple)
Outcome: False
partcle ids: ['generator_32', 'generator_33', 'generator_34', 'generator_35', 'order_match', 'generator_36', 'number_match', 'generator_37', 'generator_38', 'generator_39', 'generator_40', 'generator_41', 'generator_42', 'generator_43', 'generator_44', 'generator_45', 'generator_46', 'generator_47', 'generator_48', 'generator_49', 'generator_50', 'generator_51', 'generator_52', 'generator_53', 'generator_54', 'order_match', 'generator_55', 'generator_56', 'generator_57', 'generator_58']
number opened: 2
TRIAL 10
Action chosen: (heart, purple)
Outcome: False
partcle ids: ['generator_32', 'generator_33', 'generator_34', 'generator_35', 'order_match', 'generator_36', 'number_match', 'generator_37', 'generator_38', 'generator_39', 'generator_40', 'generator_41', 'generator_42', 'generator_43', 'generator_44', 'generator_45', 'generator_46', 'generator_47', 'generator_48', 'generator_49', 'generator_50', 'generator_51', 'generator_52', 'generator_53', 'generator_54', 'order_match', 'generator_55', 'generator_56', 'generator_57', 'generator_58']
number opened: 2
TRIAL 11
Action chosen: (white, purple)
Outcome: False
partcle ids: ['generator_32', 'generator_33', 'generator_34', 'generator_35', 'order_match', 'generator_36', 'number_match', 'generator_37', 'generator_38', 'generator_39', 'generator_40', 'generator_41', 'generator_42', 'generator_43', 'generator_44', 'generator_45', 'generator_46', 'generator_47', 'generator_48', 'generator_49', 'generator_50', 'generator_51', 'generator_52', 'generator_53', 'generator_54', 'order_match', 'generator_55', 'generator_56', 'generator_57', 'generator_58']
number opened: 2
TRIAL 12
Action chosen: (diamond, purple)
Outcome: False
partcle ids: ['generator_32', 'generator_33', 'generator_34', 'generator_35', 'order_match', 'generator_36', 'number_match', 'generator_37', 'generator_38', 'generator_39', 'generator_40', 'generator_41', 'generator_42', 'generator_43', 'generator_44', 'generator_45', 'generator_46', 'generator_47', 'generator_48', 'generator_49', 'generator_50', 'generator_51', 'generator_52', 'generator_53', 'generator_54', 'order_match', 'generator_55', 'generator_56', 'generator_57', 'generator_58']
number opened: 2
TRIAL 13
Action chosen: (pink, purple)
Outcome: False
partcle ids: ['generator_32', 'generator_33', 'generator_34', 'generator_35', 'order_match', 'generator_36', 'number_match', 'generator_37', 'generator_38', 'generator_39', 'generator_40', 'generator_41', 'generator_42', 'generator_43', 'generator_44', 'generator_45', 'generator_46', 'generator_47', 'generator_48', 'generator_49', 'generator_50', 'generator_51', 'generator_52', 'generator_53', 'generator_54', 'order_match', 'generator_55', 'generator_56', 'generator_57', 'generator_58']
number opened: 2
TRIAL 14
Action chosen: (orange4, purple)
Outcome: False
partcle ids: ['generator_32', 'generator_33', 'generator_34', 'generator_35', 'order_match', 'generator_36', 'number_match', 'generator_37', 'generator_38', 'generator_39', 'generator_40', 'generator_41', 'generator_42', 'generator_43', 'generator_44', 'generator_45', 'generator_46', 'generator_47', 'generator_48', 'generator_49', 'generator_50', 'generator_51', 'generator_52', 'generator_53', 'generator_54', 'order_match', 'generator_55', 'generator_56', 'generator_57', 'generator_58']
number opened: 2
TRIAL 15
Action chosen: (heart, white)
Outcome: False
partcle ids: ['generator_32', 'generator_33', 'generator_34', 'generator_35', 'order_match', 'generator_36', 'number_match', 'generator_37', 'generator_38', 'generator_39', 'generator_40', 'generator_41', 'generator_42', 'generator_43', 'generator_44', 'generator_45', 'generator_46', 'generator_47', 'generator_48', 'generator_49', 'generator_50', 'generator_51', 'generator_52', 'generator_53', 'generator_54', 'order_match', 'generator_55', 'generator_56', 'generator_57', 'generator_58']
number opened: 2
TRIAL 16
Action chosen: (heart, purple)
Outcome: False
partcle ids: ['generator_32', 'generator_33', 'generator_34', 'generator_35', 'order_match', 'generator_36', 'number_match', 'generator_37', 'generator_38', 'generator_39', 'generator_40', 'generator_41', 'generator_42', 'generator_43', 'generator_44', 'generator_45', 'generator_46', 'generator_47', 'generator_48', 'generator_49', 'generator_50', 'generator_51', 'generator_52', 'generator_53', 'generator_54', 'order_match', 'generator_55', 'generator_56', 'generator_57', 'generator_58']
number opened: 2
TRIAL 17
Action chosen: (grey2, pink)
Outcome: True
partcle ids: ['generator_59', 'generator_60', 'generator_57', 'generator_62', 'generator_63', 'generator_57', 'generator_63', 'generator_65', 'generator_66', 'generator_67', 'generator_68', 'generator_57', 'generator_57', 'generator_69', 'generator_70', 'generator_71', 'number_match', 'generator_72', 'generator_73', 'generator_74', 'number_match', 'generator_75', 'generator_76', 'generator_57', 'generator_78', 'number_match', 'generator_79', 'generator_80', 'number_match', 'generator_81']
number opened: 3
TRIAL 18
Action chosen: (diamond, purple)
Outcome: False
partcle ids: ['generator_59', 'generator_60', 'generator_57', 'generator_62', 'generator_63', 'generator_57', 'generator_63', 'generator_65', 'generator_66', 'generator_67', 'generator_68', 'generator_57', 'generator_57', 'generator_69', 'generator_70', 'generator_71', 'number_match', 'generator_72', 'generator_73', 'generator_74', 'number_match', 'generator_75', 'generator_76', 'generator_57', 'generator_78', 'number_match', 'generator_79', 'generator_80', 'number_match', 'generator_81']
number opened: 3
TRIAL 19
Action chosen: (green3, purple)
Outcome: True
partcle ids: ['generator_82', 'generator_65', 'generator_83', 'generator_83', 'number_match', 'generator_83', 'generator_84', 'generator_83', 'generator_82', 'number_match', 'generator_82', 'generator_85', 'generator_59', 'number_match', 'generator_82', 'generator_83', 'generator_86', 'generator_65', 'generator_87', 'generator_59', 'number_match', 'generator_84', 'generator_86', 'generator_65', 'generator_84', 'generator_85', 'generator_85', 'generator_87', 'generator_85', 'generator_59']
number opened: 4
TRIAL 20
Action chosen: (triangle, white)
Outcome: False
partcle ids: ['generator_82', 'generator_65', 'generator_83', 'generator_83', 'number_match', 'generator_83', 'generator_84', 'generator_83', 'generator_82', 'number_match', 'generator_82', 'generator_85', 'generator_59', 'number_match', 'generator_82', 'generator_83', 'generator_86', 'generator_65', 'generator_87', 'generator_59', 'number_match', 'generator_84', 'generator_86', 'generator_65', 'generator_84', 'generator_85', 'generator_85', 'generator_87', 'generator_85', 'generator_59']
number opened: 4
TRIAL 21
Action chosen: (white, white)
Outcome: False
partcle ids: ['generator_82', 'generator_65', 'generator_83', 'generator_83', 'number_match', 'generator_83', 'generator_84', 'generator_83', 'generator_82', 'number_match', 'generator_82', 'generator_85', 'generator_59', 'number_match', 'generator_82', 'generator_83', 'generator_86', 'generator_65', 'generator_87', 'generator_59', 'number_match', 'generator_84', 'generator_86', 'generator_65', 'generator_84', 'generator_85', 'generator_85', 'generator_87', 'generator_85', 'generator_59']
number opened: 4
TRIAL 22
Action chosen: (heart, white)
Outcome: False
partcle ids: ['generator_82', 'generator_65', 'generator_83', 'generator_83', 'number_match', 'generator_83', 'generator_84', 'generator_83', 'generator_82', 'number_match', 'generator_82', 'generator_85', 'generator_59', 'number_match', 'generator_82', 'generator_83', 'generator_86', 'generator_65', 'generator_87', 'generator_59', 'number_match', 'generator_84', 'generator_86', 'generator_65', 'generator_84', 'generator_85', 'generator_85', 'generator_87', 'generator_85', 'generator_59']
number opened: 4
TRIAL 23
Action chosen: (orange4, white)
Outcome: True
partcle ids: ['number_match', 'number_match', 'number_match', 'number_match', 'number_match', 'number_match', 'number_match', 'number_match', 'number_match', 'number_match', 'number_match', 'number_match', 'number_match', 'number_match', 'number_match', 'number_match', 'number_match', 'number_match', 'number_match', 'number_match', 'number_match', 'number_match', 'number_match', 'number_match', 'number_match', 'number_match', 'number_match', 'number_match', 'number_match', 'number_match']
number opened: 5
{"attempts": 23, "unique_key_box_pairs": 16, "revisit_attempts": 7, "revisit_rate": 0.3181818181818182, "attempts_before_abandoning_color_matching": 5, "color_matching_abandoned": true}
