{"Child_ID": "D086", "SoC_variant": "SoC-Full", "theta": [1, 2], "p_gen": 0.9, "true_prior": 0.02, "run_number": 67, "seed": 1717994003386237468}
TRIAL 1
Action chosen: (pink, pink)
Outcome: False
partcle ids: ['generator_1', 'generator_2', 'generator_3', 'generator_4', 'similar_color_9', 'generator_5', 'generator_6', 'generator_7', 'generator_8', 'generator_9', 'generator_10', 'similar_color_7', 'generator_11', 'generator_12', 'generator_13', 'generator_14', 'generator_15', 'generator_16', 'generator_17', 'generator_18', 'generator_19', 'similar_color_3', 'generator_20', 'generator_21', 'generator_22', 'generator_23', 'generator_24', 'generator_25', 'generator_26', 'generator_27']
number opened: 0
TRIAL 2
Action chosen: (purple, purple)
Outcome: False
partcle ids: ['generator_1', 'generator_2', 'generator_3', 'generator_4', 'similar_color_9', 'generator_5', 'generator_6', 'generator_7', 'generator_8', 'generator_9', 'generator_10', 'similar_color_7', 'generator_11', 'generator_12', 'generator_13', 'generator_14', 'generator_15', 'generator_16', 'generator_17', 'generator_18', 'generator_19', 'similar_color_3', 'generator_20', 'generator_21', 'generator_22', 'generator_23', 'generator_24', 'generator_25', 'generator_26', 'generator_27']
number opened: 0
TRIAL 3
Action chosen: (cloud, blue)
Outcome: False
partcle ids: ['generator_1', 'generator_2', 'generator_3', 'generator_4', 'similar_color_9', 'generator_5', 'generator_6', 'generator_7', 'generator_8', 'generator_9', 'generator_10', 'similar_color_7', 'generator_11', 'generator_12', 'generator_13', 'generator_14', 'generator_15', 'generator_16', 'generator_17', 'generator_18', 'generator_19', 'similar_color_3', 'generator_20', 'generator_21', 'generator_22', 'generator_23', 'generator_24', 'generator_25', 'generator_26', 'generator_27']
number opened: 0
TRIAL 4
Action chosen: (heart, purple)
Outcome: False
partcle ids: ['generator_1', 'generator_2', 'generator_3', 'generator_4', 'similar_color_9', 'generator_5', 'generator_6', 'generator_7', 'generator_8', 'generator_9', 'generator_10', 'similar_color_7', 'generator_11', 'generator_12', 'generator_13', 'generator_14', 'generator_15', 'generator_16', 'generator_17', 'generator_18', 'generator_19', 'similar_color_3', 'generator_20', 'generator_21', 'generator_22', 'generator_23', 'generator_24', 'generator_25', 'generator_26', 'generator_27']
number opened: 0
TRIAL 5
Action chosen: (pink, pink)
Outcome: False
partcle ids: ['generator_1', 'generator_2', 'generator_3', 'generator_4', 'similar_color_9', 'generator_5', 'generator_6', 'generator_7', 'generator_8', 'generator_9', 'generator_10', 'similar_color_7', 'generator_11', 'generator_12', 'generator_13', 'generator_14', 'generator_15', 'generator_16', 'generator_17', 'generator_18', 'generator_19', 'similar_color_3', 'generator_20', 'generator_21', 'generator_22', 'generator_23', 'generator_24', 'generator_25', 'generator_26', 'generator_27']
number opened: 0
TRIAL 6
Action chosen: (white, white)
Outcome: False
partcle ids: ['generator_1', 'generator_2', 'generator_3', 'generator_4', 'similar_color_9', 'generator_5', 'generator_6', 'generator_7', 'generator_8', 'generator_9', 'generator_10', 'similar_color_7', 'generator_11', 'generator_12', 'generator_13', 'generator_14', 'generator_15', 'generator_16', 'generator_17', 'generator_18', 'generator_19', 'similar_color_3', 'generator_20', 'generator_21', 'generator_22', 'generator_23', 'generator_24', 'generator_25', 'generator_26', 'generator_27']
number opened: 0
TRIAL 7
Action chosen: (heart, purple)
Outcome: False
partcle ids: ['generator_1', 'generator_2', 'generator_3', 'generator_4', 'similar_color_9', 'generator_5', 'generator_6', 'generator_7', 'generator_8', 'generator_9', 'generator_10', 'similar_color_7', 'generator_11', 'generator_12', 'generator_13', 'generator_14', 'generator_15', 'generator_16', 'generator_17', 'generator_18', 'generator_19', 'similar_color_3', 'generator_20', 'generator_21', 'generator_22', 'generator_23', 'generator_24', 'generator_25', 'generator_26', 'generator_27']
number opened: 0
TRIAL 8
Action chosen: (red, red)
Outcome: True
partcle ids: ['generator_28', 'generator_29', 'generator_30', 'generator_1', 'color_match', 'generator_32', 'generator_33', 'generator_34', 'generator_8', 'generator_35', 'generator_36', 'generator_37', 'generator_38', 'generator_39', 'generator_40', 'generator_41', 'generator_42', 'generator_43', 'generator_1', 'generator_44', 'generator_45', 'generator_46', 'generator_47', 'generator_48', 'generator_49', 'generator_50', 'generator_51', 'generator_52', 'generator_21', 'generator_53']
number opened: 1
TRIAL 9
Action chosen: (grey2, purple)
Outcome: False
partcle ids: ['generator_28', 'generator_29', 'generator_30', 'generator_1', 'color_match', 'generator_32', 'generator_33', 'generator_34', 'generator_8', 'generator_35', 'generator_36', 'generator_37', 'generator_38', 'generator_39', 'generator_40', 'generator_41', 'generator_42', 'generator_43', 'generator_1', 'generator_44', 'generator_45', 'generator_46', 'generator_47', 'generator_48', 'generator_49', 'generator_50', 'generator_51', 'generator_52', 'generator_21', 'generator_53']
number opened: 1
TRIAL 10
Action chosen: (pink, blue)
Outcome: False
partcle ids: ['generator_28', 'generator_29', 'generator_30', 'generator_1', 'color_match', 'generator_32', 'generator_33', 'generator_34', 'generator_8', 'generator_35', 'generator_36', 'generator_37', 'generator_38', 'generator_39', 'generator_40', 'generator_41', 'generator_42', 'generator_43', 'generator_1', 'generator_44', 'generator_45', 'generator_46', 'generator_47', 'generator_48', 'generator_49', 'generator_50', 'generator_51', 'generator_52', 'generator_21', 'generator_53']
number opened: 1
TRIAL 11
Action chosen: (green3, purple)
Outcome: True
partcle ids: ['generator_54', 'generator_28', 'generator_55', 'generator_56', 'generator_57', 'generator_58', 'generator_43', 'generator_60', 'generator_61', 'generator_62', 'generator_63', 'generator_64', 'generator_65', 'generator_66', 'generator_67', 'generator_68', 'generator_69', 'generator_70', 'generator_71', 'generator_72', 'generator_73', 'generator_46', 'generator_63', 'generator_45', 'generator_75', 'generator_76', 'generator_43', 'generator_78', 'generator_79', 'generator_80']
number opened: 2
TRIAL 12
Action chosen: (white, pink)
Outcome: False
partcle ids: ['generator_54', 'generator_28', 'generator_55', 'generator_56', 'generator_57', 'generator_58', 'generator_43', 'generator_60', 'generator_61', 'generator_62', 'generator_63', 'generator_64', 'generator_65', 'generator_66', 'generator_67', 'generator_68', 'generator_69', 'generator_70', 'generator_71', 'generator_72', 'generator_73', 'generator_46', 'generator_63', 'generator_45', 'generator_75', 'generator_76', 'generator_43', 'generator_78', 'generator_79', 'generator_80']
number opened: 2
TRIAL 13
Action chosen: (grey2, white)
Outcome: False
partcle ids: ['generator_54', 'generator_28', 'generator_55', 'generator_56', 'generator_57', 'generator_58', 'generator_43', 'generator_60', 'generator_61', 'generator_62', 'generator_63', 'generator_64', 'generator_65', 'generator_66', 'generator_67', 'generator_68', 'generator_69', 'generator_70', 'generator_71', 'generator_72', 'generator_73', 'generator_46', 'generator_63', 'generator_45', 'generator_75', 'generator_76', 'generator_43', 'generator_78', 'generator_79', 'generator_80']
number opened: 2
TRIAL 14
Action chosen: (orange4, blue)
Outcome: False
partcle ids: ['generator_54', 'generator_28', 'generator_55', 'generator_56', 'generator_57', 'generator_58', 'generator_43', 'generator_60', 'generator_61', 'generator_62', 'generator_63', 'generator_64', 'generator_65', 'generator_66', 'generator_67', 'generator_68', 'generator_69', 'generator_70', 'generator_71', 'generator_72', 'generator_73', 'generator_46', 'generator_63', 'generator_45', 'generator_75', 'generator_76', 'generator_43', 'generator_78', 'generator_79', 'generator_80']
number opened: 2
TRIAL 15
Action chosen: (blue, blue)
Outcome: False
partcle ids: ['generator_54', 'generator_28', 'generator_55', 'generator_56', 'generator_57', 'generator_58', 'generator_43', 'generator_60', 'generator_61', 'generator_62', 'generator_63', 'generator_64', 'generator_65', 'generator_66', 'generator_67', 'generator_68', 'generator_69', 'generator_70', 'generator_71', 'generator_72', 'generator_73', 'generator_46', 'generator_63', 'generator_45', 'generator_75', 'generator_76', 'generator_43', 'generator_78', 'generator_79', 'generator_80']
number opened: 2
TRIAL 16
Action chosen: (triangle, white)
Outcome: False
partcle ids: ['generator_54', 'generator_28', 'generator_55', 'generator_56', 'generator_57', 'generator_58', 'generator_43', 'generator_60', 'generator_61', 'generator_62', 'generator_63', 'generator_64', 'generator_65', 'generator_66', 'generator_67', 'generator_68', 'generator_69', 'generator_70', 'generator_71', 'generator_72', 'generator_73', 'generator_46', 'generator_63', 'generator_45', 'generator_75', 'generator_76', 'generator_43', 'generator_78', 'generator_79', 'generator_80']
number opened: 2
TRIAL 17
Action chosen: (triangle, pink)
Outcome: False
partcle ids: ['generator_54', 'generator_28', 'generator_55', 'generator_56', 'generator_57', 'generator_58', 'generator_43', 'generator_60', 'generator_61', 'generator_62', 'generator_63', 'generator_64', 'generator_65', 'generator_66', 'generator_67', 'generator_68', 'generator_69', 'generator_70', 'generator_71', 'generator_72', 'generator_73', 'generator_46', 'generator_63', 'generator_45', 'generator_75', 'generator_76', 'generator_43', 'generator_78', 'generator_79', 'generator_80']
number opened: 2
TRIAL 18
Action chosen: (diamond, white)
Outcome: False
partcle ids: ['generator_54', 'generator_28', 'generator_55', 'generator_56', 'generator_57', 'generator_58', 'generator_43', 'generator_60', 'generator_61', 'generator_62', 'generator_63', 'generator_64', 'generator_65', 'generator_66', 'generator_67', 'generator_68', 'generator_69', 'generator_70', 'generator_71', 'generator_72', 'generator_73', 'generator_46', 'generator_63', 'generator_45', 'generator_75', 'generator_76', 'generator_43', 'generator_78', 'generator_79', 'generator_80']
number opened: 2
TRIAL 19
Action chosen: (white, pink)
Outcome: False
partcle ids: ['generator_54', 'generator_28', 'generator_55', 'generator_56', 'generator_57', 'generator_58', 'generator_43', 'generator_60', 'generator_61', 'generator_62', 'generator_63', 'generator_64', 'generator_65', 'generator_66', 'generator_67', 'generator_68', 'generator_69', 'generator_70', 'generator_71', 'generator_72', 'generator_73', 'generator_46', 'generator_63', 'generator_45', 'generator_75', 'generator_76', 'generator_43', 'generator_78', 'generator_79', 'generator_80']
number opened: 2
TRIAL 20
Action chosen: (grey2, white)
Outcome: False
partcle ids: ['generator_54', 'generator_28', 'generator_55', 'generator_56', 'generator_57', 'generator_58', 'generator_43', 'generator_60', 'generator_61', 'generator_62', 'generator_63', 'generator_64', 'generator_65', 'generator_66', 'generator_67', 'generator_68', 'generator_69', 'generator_70', 'generator_71', 'generator_72', 'generator_73', 'generator_46', 'generator_63', 'generator_45', 'generator_75', 'generator_76', 'generator_43', 'generator_78', 'generator_79', 'generator_80']
number opened: 2
TRIAL 21
Action chosen: (grey2, blue)
Outcome: False
partcle ids: ['generator_54', 'generator_28', 'generator_55', 'generator_56', 'generator_57', 'generator_58', 'generator_43', 'generator_60', 'generator_61', 'generator_62', 'generator_63', 'generator_64', 'generator_65', 'generator_66', 'generator_67', 'generator_68', 'generator_69', 'generator_70', 'generator_71', 'generator_72', 'generator_73', 'generator_46', 'generator_63', 'generator_45', 'generator_75', 'generator_76', 'generator_43', 'generator_78', 'generator_79', 'generator_80']
number opened: 2
TRIAL 22
Action chosen: (orange4, blue)
Outcome: False
partcle ids: ['generator_54', 'generator_28', 'generator_55', 'generator_56', 'generator_57', 'generator_58', 'generator_43', 'generator_60', 'generator_61', 'generator_62', 'generator_63', 'generator_64', 'generator_65', 'generator_66', 'generator_67', 'generator_68', 'generator_69', 'generator_70', 'generator_71', 'generator_72', 'generator_73', 'generator_46', 'generator_63', 'generator_45', 'generator_75', 'generator_76', 'generator_43', 'generator_78', 'generator_79', 'generator_80']
number opened: 2
TRIAL 23
Action chosen: (triangle, blue)
Outcome: False
partcle ids: ['generator_54', 'generator_28', 'generator_55', 'generator_56', 'generator_57', 'generator_58', 'generator_43', 'generator_60', 'generator_61', 'generator_62', 'generator_63', 'generator_64', 'generator_65', 'generator_66', 'generator_67', 'generator_68', 'generator_69', 'generator_70', 'generator_71', 'generator_72', 'generator_73', 'generator_46', 'generator_63', 'generator_45', 'generator_75', 'generator_76', 'generator_43', 'generator_78', 'generator_79', 'generator_80']
number opened: 2
TRIAL 24
Action chosen: (grey2, pink)
Outcome: True
partcle ids: ['generator_81', 'generator_82', 'generator_83', 'generator_84', 'generator_72', 'generator_85', 'generator_86', 'generator_87', 'generator_72', 'generator_88', 'generator_89', 'generator_90', 'generator_55', 'generator_46', 'generator_92', 'generator_82', 'generator_93', 'generator_83', 'generator_93', 'generator_81', 'generator_94', 'generator_95', 'generator_46', 'generator_96', 'generator_97', 'generator_98', 'generator_55', 'generator_100', 'generator_101', 'generator_102']
number opened: 3
TRIAL 25
Action chosen: (white, blue)
Outcome: False
partcle ids: ['generator_81', 'generator_82', 'generator_83', 'generator_84', 'generator_72', 'generator_85', 'generator_86', 'generator_87', 'generator_72', 'generator_88', 'generator_89', 'generator_90', 'generator_55', 'generator_46', 'generator_92', 'generator_82', 'generator_93', 'generator_83', 'generator_93', 'generator_81', 'generator_94', 'generator_95', 'generator_46', 'generator_96', 'generator_97', 'generator_98', 'generator_55', 'generator_100', 'generator_101', 'generator_102']
number opened: 3
TRIAL 26
Action chosen: (yellow5, blue)
Outcome: True
partcle ids: ['generator_103', 'number_match', 'generator_104', 'generator_103', 'generator_83', 'generator_89', 'generator_83', 'generator_105', 'generator_105', 'generator_55', 'generator_83', 'number_match', 'generator_83', 'generator_105', 'generator_103', 'generator_106', 'generator_89', 'generator_105', 'generator_85', 'generator_55', 'generator_55', 'generator_103', 'generator_103', 'generator_106', 'generator_105', 'generator_83', 'generator_83', 'generator_103', 'number_match', 'number_match']
number opened: 4
TRIAL 27
Action chosen: (pink, white)
Outcome: False
partcle ids: ['generator_103', 'number_match', 'generator_104', 'generator_103', 'generator_83', 'generator_89', 'generator_83', 'generator_105', 'generator_105', 'generator_55', 'generator_83', 'number_match', 'generator_83', 'generator_105', 'generator_103', 'generator_106', 'generator_89', 'generator_105', 'generator_85', 'generator_55', 'generator_55', 'generator_103', 'generator_103', 'generator_106', 'generator_105', 'generator_83', 'generator_83', 'generator_103', 'number_match', 'number_match']
number opened: 4
TRIAL 28
Action chosen: (cloud, white)
Outcome: False
partcle ids: ['generator_103', 'number_match', 'generator_104', 'generator_103', 'generator_83', 'generator_89', 'generator_83', 'generator_105', 'generator_105', 'generator_55', 'generator_83', 'number_match', 'generator_83', 'generator_105', 'generator_103', 'generator_106', 'generator_89', 'generator_105', 'generator_85', 'generator_55', 'generator_55', 'generator_103', 'generator_103', 'generator_106', 'generator_105', 'generator_83', 'generator_83', 'generator_103', 'number_match', 'number_match']
number opened: 4
TRIAL 29
Action chosen: (purple, white)
Outcome: False
partcle ids: ['generator_103', 'number_match', 'generator_104', 'generator_103', 'generator_83', 'generator_89', 'generator_83', 'generator_105', 'generator_105', 'generator_55', 'generator_83', 'number_match', 'generator_83', 'generator_105', 'generator_103', 'generator_106', 'generator_89', 'generator_105', 'generator_85', 'generator_55', 'generator_55', 'generator_103', 'generator_103', 'generator_106', 'generator_105', 'generator_83', 'generator_83', 'generator_103', 'number_match', 'number_match']
number opened: 4
TRIAL 30
Action chosen: (orange4, white)
Outcome: True
partcle ids: ['number_match', 'number_match', 'number_match', 'number_match', 'number_match', 'number_match', 'number_match', 'number_match', 'number_match', 'number_match', 'number_match', 'number_match', 'number_match', 'number_match', 'number_match', 'number_match', 'number_match', 'number_match', 'number_match', 'number_match', 'number_match', 'number_match', 'number_match', 'number_match', 'number_match', 'number_match', 'number_match', 'number_match', 'number_match', 'number_match']
number opened: 5
{"attempts": 30, "unique_key_box_pairs": 25, "revisit_attempts": 5, "revisit_rate": 0.1724137931034483, "attempts_before_abandoning_color_matching": 2, "color_matching_abandoned": true}
