{"Child_ID": "D047", "SoC_variant": "SoC-Full", "theta": [15, 1], "p_gen": 0.3, "true_prior": 0.02, "run_number": 90, "seed": 6191806680210939316}
TRIAL 1
Action chosen: (red, red)
Outcome: True
partcle ids: ['similar_color_3', 'generator_1', 'similar_color_8', 'shape_match', 'similar_color_4', 'generator_2', 'generator_3', 'generator_4', 'similar_color_7', 'similar_color_14', 'generator_5', 'generator_6', 'similar_color_1', 'similar_color_2', 'generator_7', 'similar_color_1', 'similar_color_6', 'similar_color_3', 'similar_color_12', 'shape_match', 'similar_color_4', 'generator_8', 'similar_color_10', 'color_match', 'generator_9', 'similar_color_14', 'generator_10', 'similar_color_9', 'generator_11', 'similar_color_5']
number opened: 1
TRIAL 2
Action chosen: (heart, blue)
Outcome: False
partcle ids: ['generator_12', 'generator_13', 'similar_color_8', 'similar_color_12', 'similar_color_13', 'similar_color_10', 'similar_color_4', 'similar_color_8', 'similar_color_6', 'similar_color_12', 'similar_color_6', 'similar_color_10', 'generator_14', 'similar_color_12', 'order_match', 'similar_color_14', 'generator_15', 'similar_color_11', 'similar_color_9', 'similar_color_6', 'similar_color_14', 'similar_color_14', 'similar_color_8', 'generator_16', 'generator_17', 'similar_color_8', 'generator_18', 'similar_color_13', 'similar_color_11', 'similar_color_6']
number opened: 1
TRIAL 3
Action chosen: (green3, blue)
Outcome: False
partcle ids: ['generator_12', 'generator_13', 'similar_color_8', 'similar_color_12', 'similar_color_13', 'similar_color_10', 'similar_color_4', 'similar_color_8', 'similar_color_6', 'similar_color_12', 'similar_color_6', 'similar_color_10', 'generator_14', 'similar_color_12', 'order_match', 'similar_color_14', 'generator_15', 'similar_color_11', 'similar_color_9', 'similar_color_6', 'similar_color_14', 'similar_color_14', 'similar_color_8', 'generator_16', 'generator_17', 'similar_color_8', 'generator_18', 'similar_color_13', 'similar_color_11', 'similar_color_6']
number opened: 1
TRIAL 4
Action chosen: (blue, blue)
Outcome: False
partcle ids: ['generator_17', 'generator_13', 'generator_12', 'order_match', 'generator_15', 'similar_color_8', 'generator_19', 'generator_20', 'generator_21', 'generator_22', 'order_match', 'generator_14', 'generator_23', 'generator_16', 'generator_14', 'generator_24', 'generator_15', 'generator_12', 'generator_25', 'generator_14', 'generator_12', 'generator_26', 'similar_color_8', 'generator_27', 'generator_16', 'generator_18', 'generator_13', 'generator_12', 'order_match', 'generator_15']
number opened: 1
TRIAL 5
Action chosen: (triangle, purple)
Outcome: False
partcle ids: ['generator_17', 'generator_13', 'generator_12', 'order_match', 'generator_15', 'similar_color_8', 'generator_19', 'generator_20', 'generator_21', 'generator_22', 'order_match', 'generator_14', 'generator_23', 'generator_16', 'generator_14', 'generator_24', 'generator_15', 'generator_12', 'generator_25', 'generator_14', 'generator_12', 'generator_26', 'similar_color_8', 'generator_27', 'generator_16', 'generator_18', 'generator_13', 'generator_12', 'order_match', 'generator_15']
number opened: 1
TRIAL 6
Action chosen: (green3, pink)
Outcome: False
partcle ids: ['generator_17', 'generator_13', 'generator_12', 'order_match', 'generator_15', 'similar_color_8', 'generator_19', 'generator_20', 'generator_21', 'generator_22', 'order_match', 'generator_14', 'generator_23', 'generator_16', 'generator_14', 'generator_24', 'generator_15', 'generator_12', 'generator_25', 'generator_14', 'generator_12', 'generator_26', 'similar_color_8', 'generator_27', 'generator_16', 'generator_18', 'generator_13', 'generator_12', 'order_match', 'generator_15']
number opened: 1
TRIAL 7
Action chosen: (purple, purple)
Outcome: False
partcle ids: ['generator_28', 'generator_27', 'generator_27', 'generator_29', 'order_match', 'order_match', 'order_match', 'generator_30', 'order_match', 'generator_31', 'generator_24', 'generator_16', 'generator_33', 'order_match', 'generator_34', 'generator_16', 'generator_18', 'generator_24', 'generator_24', 'generator_16', 'order_match', 'generator_35', 'generator_36', 'order_match', 'generator_27', 'generator_16', 'order_match', 'generator_15', 'order_match', 'generator_16']
number opened: 1
TRIAL 8
Action chosen: (grey2, pink)
Outcome: True
partcle ids: ['generator_39', 'generator_27', 'generator_40', 'generator_41', 'generator_42', 'generator_43', 'order_match', 'generator_45', 'order_match', 'order_match', 'order_match', 'order_match', 'order_match', 'generator_46', 'generator_47', 'order_match', 'generator_48', 'generator_49', 'order_match', 'generator_51', 'generator_52', 'generator_53', 'order_match', 'generator_55', 'order_match', 'generator_56', 'generator_57', 'order_match', 'generator_58', 'order_match']
number opened: 2
TRIAL 9
Action chosen: (yellow5, blue)
Outcome: True
partcle ids: ['number_match', 'generator_60', 'generator_61', 'generator_62', 'generator_63', 'order_match', 'generator_64', 'generator_65', 'generator_66', 'generator_67', 'generator_68', 'generator_69', 'order_match', 'generator_70', 'generator_47', 'order_match', 'order_match', 'generator_72', 'generator_73', 'number_match', 'generator_48', 'order_match', 'generator_75', 'generator_76', 'generator_48', 'order_match', 'generator_77', 'generator_47', 'order_match', 'generator_68']
number opened: 3
TRIAL 10
Action chosen: (orange4, purple)
Outcome: False
partcle ids: ['number_match', 'generator_60', 'generator_61', 'generator_62', 'generator_63', 'order_match', 'generator_64', 'generator_65', 'generator_66', 'generator_67', 'generator_68', 'generator_69', 'order_match', 'generator_70', 'generator_47', 'order_match', 'order_match', 'generator_72', 'generator_73', 'number_match', 'generator_48', 'order_match', 'generator_75', 'generator_76', 'generator_48', 'order_match', 'generator_77', 'generator_47', 'order_match', 'generator_68']
number opened: 3
TRIAL 11
Action chosen: (triangle, white)
Outcome: False
partcle ids: ['number_match', 'generator_60', 'generator_61', 'generator_62', 'generator_63', 'order_match', 'generator_64', 'generator_65', 'generator_66', 'generator_67', 'generator_68', 'generator_69', 'order_match', 'generator_70', 'generator_47', 'order_match', 'order_match', 'generator_72', 'generator_73', 'number_match', 'generator_48', 'order_match', 'generator_75', 'generator_76', 'generator_48', 'order_match', 'generator_77', 'generator_47', 'order_match', 'generator_68']
number opened: 3
TRIAL 12
Action chosen: (green3, purple)
Outcome: True
partcle ids: ['generator_79', 'generator_75', 'number_match', 'generator_80', 'number_match', 'generator_75', 'generator_82', 'generator_82', 'generator_80', 'generator_80', 'generator_80', 'generator_83', 'generator_84', 'generator_80', 'generator_79', 'generator_80', 'number_match', 'generator_80', 'generator_60', 'number_match', 'generator_60', 'generator_75', 'generator_83', 'number_match', 'generator_84', 'generator_84', 'generator_75', 'generator_79', 'generator_84', 'generator_82']
number opened: 4
TRIAL 13
Action chosen: (blue, white)
Outcome: False
partcle ids: ['generator_79', 'generator_75', 'number_match', 'generator_80', 'number_match', 'generator_75', 'generator_82', 'generator_82', 'generator_80', 'generator_80', 'generator_80', 'generator_83', 'generator_84', 'generator_80', 'generator_79', 'generator_80', 'number_match', 'generator_80', 'generator_60', 'number_match', 'generator_60', 'generator_75', 'generator_83', 'number_match', 'generator_84', 'generator_84', 'generator_75', 'generator_79', 'generator_84', 'generator_82']
number opened: 4
TRIAL 14
Action chosen: (orange4, white)
Outcome: True
partcle ids: ['number_match', 'number_match', 'number_match', 'number_match', 'number_match', 'number_match', 'number_match', 'number_match', 'number_match', 'number_match', 'number_match', 'number_match', 'number_match', 'number_match', 'number_match', 'number_match', 'number_match', 'number_match', 'number_match', 'number_match', 'number_match', 'number_match', 'number_match', 'number_match', 'number_match', 'number_match', 'number_match', 'number_match', 'number_match', 'number_match']
number opened: 5
{"attempts": 14, "unique_key_box_pairs": 14, "revisit_attempts": 0, "revisit_rate": 0.0, "attempts_before_abandoning_color_matching": 1, "color_matching_abandoned": true}
