{"Child_ID": "D047", "SoC_variant": "SoC-Full", "theta": [15, 1], "p_gen": 0.3, "true_prior": 0.02, "run_number": 13, "seed": 4718656124241851729}
TRIAL 1
Action chosen: (blue, blue)
Outcome: False
partcle ids: ['similar_color_11', 'similar_color_8', 'similar_color_1', 'order_match', 'color_match', 'generator_1', 'similar_color_3', 'similar_color_6', 'shape_match', 'similar_color_11', 'color_match', 'similar_color_6', 'similar_color_11', 'generator_2', 'similar_color_5', 'similar_color_1', 'similar_color_9', 'generator_3', 'similar_color_9', 'generator_4', 'color_match', 'similar_color_5', 'similar_color_5', 'similar_color_8', 'number_match', 'similar_color_14', 'similar_color_10', 'similar_color_14', 'similar_color_7', 'generator_5']
number opened: 0
TRIAL 2
Action chosen: (pink, pink)
Outcome: False
partcle ids: ['generator_1', 'generator_2', 'generator_6', 'generator_3', 'generator_2', 'generator_2', 'generator_7', 'generator_1', 'order_match', 'generator_8', 'generator_4', 'shape_match', 'generator_3', 'generator_10', 'shape_match', 'number_match', 'generator_4', 'order_match', 'number_match', 'shape_match', 'generator_11', 'generator_1', 'generator_12', 'generator_4', 'generator_2', 'generator_14', 'generator_3', 'shape_match', 'generator_15', 'generator_1']
number opened: 0
TRIAL 3
Action chosen: (heart, red)
Outcome: False
partcle ids: ['generator_1', 'generator_2', 'generator_6', 'generator_3', 'generator_2', 'generator_2', 'generator_7', 'generator_1', 'order_match', 'generator_8', 'generator_4', 'shape_match', 'generator_3', 'generator_10', 'shape_match', 'number_match', 'generator_4', 'order_match', 'number_match', 'shape_match', 'generator_11', 'generator_1', 'generator_12', 'generator_4', 'generator_2', 'generator_14', 'generator_3', 'shape_match', 'generator_15', 'generator_1']
number opened: 0
TRIAL 4
Action chosen: (diamond, white)
Outcome: False
partcle ids: ['generator_1', 'generator_2', 'generator_6', 'generator_3', 'generator_2', 'generator_2', 'generator_7', 'generator_1', 'order_match', 'generator_8', 'generator_4', 'shape_match', 'generator_3', 'generator_10', 'shape_match', 'number_match', 'generator_4', 'order_match', 'number_match', 'shape_match', 'generator_11', 'generator_1', 'generator_12', 'generator_4', 'generator_2', 'generator_14', 'generator_3', 'shape_match', 'generator_15', 'generator_1']
number opened: 0
TRIAL 5
Action chosen: (green3, white)
Outcome: False
partcle ids: ['generator_14', 'generator_16', 'generator_8', 'generator_10', 'generator_8', 'generator_6', 'generator_8', 'generator_10', 'generator_11', 'generator_17', 'generator_18', 'generator_10', 'generator_20', 'similar_color_10', 'generator_4', 'generator_14', 'generator_8', 'generator_11', 'number_match', 'generator_12', 'generator_4', 'generator_1', 'generator_4', 'similar_color_11', 'generator_14', 'generator_10', 'generator_14', 'generator_22', 'generator_23', 'generator_4']
number opened: 0
TRIAL 6
Action chosen: (red, pink)
Outcome: False
partcle ids: ['generator_14', 'generator_16', 'generator_8', 'generator_10', 'generator_8', 'generator_6', 'generator_8', 'generator_10', 'generator_11', 'generator_17', 'generator_18', 'generator_10', 'generator_20', 'similar_color_10', 'generator_4', 'generator_14', 'generator_8', 'generator_11', 'number_match', 'generator_12', 'generator_4', 'generator_1', 'generator_4', 'similar_color_11', 'generator_14', 'generator_10', 'generator_14', 'generator_22', 'generator_23', 'generator_4']
number opened: 0
TRIAL 7
Action chosen: (grey2, blue)
Outcome: False
partcle ids: ['similar_color_5', 'generator_24', 'generator_8', 'generator_6', 'generator_26', 'generator_22', 'generator_10', 'generator_1', 'generator_1', 'generator_8', 'generator_22', 'generator_23', 'generator_6', 'generator_28', 'number_match', 'generator_18', 'generator_12', 'generator_12', 'shape_match', 'generator_23', 'generator_30', 'generator_31', 'generator_22', 'generator_32', 'generator_23', 'generator_23', 'generator_10', 'generator_12', 'similar_color_10', 'generator_8']
number opened: 0
TRIAL 8
Action chosen: (heart, blue)
Outcome: False
partcle ids: ['similar_color_5', 'generator_24', 'generator_8', 'generator_6', 'generator_26', 'generator_22', 'generator_10', 'generator_1', 'generator_1', 'generator_8', 'generator_22', 'generator_23', 'generator_6', 'generator_28', 'number_match', 'generator_18', 'generator_12', 'generator_12', 'shape_match', 'generator_23', 'generator_30', 'generator_31', 'generator_22', 'generator_32', 'generator_23', 'generator_23', 'generator_10', 'generator_12', 'similar_color_10', 'generator_8']
number opened: 0
TRIAL 9
Action chosen: (green3, blue)
Outcome: False
partcle ids: ['similar_color_5', 'generator_24', 'generator_8', 'generator_6', 'generator_26', 'generator_22', 'generator_10', 'generator_1', 'generator_1', 'generator_8', 'generator_22', 'generator_23', 'generator_6', 'generator_28', 'number_match', 'generator_18', 'generator_12', 'generator_12', 'shape_match', 'generator_23', 'generator_30', 'generator_31', 'generator_22', 'generator_32', 'generator_23', 'generator_23', 'generator_10', 'generator_12', 'similar_color_10', 'generator_8']
number opened: 0
TRIAL 10
Action chosen: (heart, white)
Outcome: False
partcle ids: ['generator_1', 'generator_28', 'number_match', 'number_match', 'number_match', 'generator_28', 'generator_35', 'generator_36', 'generator_37', 'generator_38', 'generator_39', 'generator_40', 'generator_12', 'generator_1', 'generator_31', 'number_match', 'shape_match', 'generator_12', 'generator_12', 'similar_color_9', 'order_match', 'generator_1', 'generator_12', 'generator_41', 'generator_28', 'generator_23', 'shape_match', 'generator_42', 'generator_43', 'similar_color_10']
number opened: 0
TRIAL 11
Action chosen: (yellow5, blue)
Outcome: True
partcle ids: ['generator_44', 'generator_12', 'number_match', 'generator_46', 'generator_47', 'generator_48', 'generator_49', 'generator_12', 'generator_51', 'generator_52', 'generator_53', 'generator_54', 'generator_12', 'generator_55', 'number_match', 'generator_56', 'generator_12', 'generator_12', 'generator_58', 'generator_59', 'generator_60', 'generator_61', 'generator_62', 'generator_63', 'generator_64', 'generator_65', 'generator_66', 'generator_67', 'number_match', 'number_match']
number opened: 1
TRIAL 12
Action chosen: (orange4, white)
Outcome: True
partcle ids: ['generator_51', 'generator_69', 'generator_46', 'generator_71', 'generator_72', 'generator_73', 'generator_74', 'generator_75', 'generator_76', 'generator_77', 'generator_78', 'generator_79', 'generator_80', 'generator_81', 'generator_82', 'generator_83', 'generator_84', 'number_match', 'generator_85', 'generator_86', 'generator_87', 'generator_88', 'generator_89', 'number_match', 'generator_90', 'generator_91', 'generator_89', 'generator_92', 'generator_93', 'generator_51']
number opened: 2
TRIAL 13
Action chosen: (grey2, pink)
Outcome: True
partcle ids: ['generator_51', 'generator_51', 'generator_96', 'generator_97', 'generator_97', 'generator_98', 'generator_99', 'generator_100', 'generator_101', 'generator_102', 'generator_103', 'generator_104', 'generator_105', 'generator_106', 'generator_51', 'generator_102', 'generator_107', 'generator_108', 'generator_109', 'generator_110', 'generator_103', 'generator_111', 'number_match', 'generator_112', 'generator_106', 'generator_113', 'generator_114', 'generator_115', 'generator_69', 'generator_117']
number opened: 3
TRIAL 14
Action chosen: (white, red)
Outcome: False
partcle ids: ['generator_51', 'generator_51', 'generator_96', 'generator_97', 'generator_97', 'generator_98', 'generator_99', 'generator_100', 'generator_101', 'generator_102', 'generator_103', 'generator_104', 'generator_105', 'generator_106', 'generator_51', 'generator_102', 'generator_107', 'generator_108', 'generator_109', 'generator_110', 'generator_103', 'generator_111', 'number_match', 'generator_112', 'generator_106', 'generator_113', 'generator_114', 'generator_115', 'generator_69', 'generator_117']
number opened: 3
TRIAL 15
Action chosen: (blue, red)
Outcome: False
partcle ids: ['generator_51', 'generator_51', 'generator_96', 'generator_97', 'generator_97', 'generator_98', 'generator_99', 'generator_100', 'generator_101', 'generator_102', 'generator_103', 'generator_104', 'generator_105', 'generator_106', 'generator_51', 'generator_102', 'generator_107', 'generator_108', 'generator_109', 'generator_110', 'generator_103', 'generator_111', 'number_match', 'generator_112', 'generator_106', 'generator_113', 'generator_114', 'generator_115', 'generator_69', 'generator_117']
number opened: 3
TRIAL 16
Action chosen: (cloud, red)
Outcome: False
partcle ids: ['generator_117', 'generator_119', 'generator_109', 'generator_120', 'generator_115', 'generator_109', 'generator_122', 'generator_123', 'generator_124', 'generator_125', 'generator_112', 'generator_126', 'generator_127', 'generator_114', 'generator_128', 'generator_129', 'generator_115', 'generator_130', 'generator_100', 'generator_126', 'generator_114', 'generator_117', 'generator_131', 'generator_115', 'generator_133', 'generator_134', 'generator_135', 'generator_136', 'generator_115', 'generator_138']
number opened: 3
TRIAL 17
Action chosen: (diamond, red)
Outcome: False
partcle ids: ['generator_117', 'generator_119', 'generator_109', 'generator_120', 'generator_115', 'generator_109', 'generator_122', 'generator_123', 'generator_124', 'generator_125', 'generator_112', 'generator_126', 'generator_127', 'generator_114', 'generator_128', 'generator_129', 'generator_115', 'generator_130', 'generator_100', 'generator_126', 'generator_114', 'generator_117', 'generator_131', 'generator_115', 'generator_133', 'generator_134', 'generator_135', 'generator_136', 'generator_115', 'generator_138']
number opened: 3
TRIAL 18
Action chosen: (pink, red)
Outcome: False
partcle ids: ['generator_117', 'generator_119', 'generator_109', 'generator_120', 'generator_115', 'generator_109', 'generator_122', 'generator_123', 'generator_124', 'generator_125', 'generator_112', 'generator_126', 'generator_127', 'generator_114', 'generator_128', 'generator_129', 'generator_115', 'generator_130', 'generator_100', 'generator_126', 'generator_114', 'generator_117', 'generator_131', 'generator_115', 'generator_133', 'generator_134', 'generator_135', 'generator_136', 'generator_115', 'generator_138']
number opened: 3
TRIAL 19
Action chosen: (green3, red)
Outcome: False
partcle ids: ['generator_125', 'generator_120', 'generator_69', 'generator_105', 'generator_138', 'generator_122', 'generator_134', 'generator_122', 'generator_138', 'generator_106', 'generator_125', 'generator_127', 'generator_122', 'generator_138', 'generator_142', 'generator_129', 'number_match', 'generator_129', 'generator_120', 'generator_143', 'generator_125', 'generator_112', 'generator_129', 'generator_123', 'generator_138', 'generator_125', 'generator_145', 'generator_138', 'number_match', 'generator_104']
number opened: 3
TRIAL 20
Action chosen: (red, red)
Outcome: True
partcle ids: ['generator_105', 'generator_120', 'generator_147', 'generator_148', 'generator_138', 'generator_147', 'generator_149', 'generator_120', 'generator_105', 'generator_149', 'generator_122', 'generator_147', 'generator_136', 'generator_148', 'number_match', 'generator_105', 'generator_148', 'generator_148', 'generator_147', 'generator_105', 'generator_149', 'generator_136', 'generator_148', 'generator_138', 'generator_147', 'generator_138', 'generator_122', 'generator_147', 'generator_122', 'generator_148']
number opened: 4
TRIAL 21
Action chosen: (purple, purple)
Outcome: False
partcle ids: ['generator_105', 'generator_120', 'generator_147', 'generator_148', 'generator_138', 'generator_147', 'generator_149', 'generator_120', 'generator_105', 'generator_149', 'generator_122', 'generator_147', 'generator_136', 'generator_148', 'number_match', 'generator_105', 'generator_148', 'generator_148', 'generator_147', 'generator_105', 'generator_149', 'generator_136', 'generator_148', 'generator_138', 'generator_147', 'generator_138', 'generator_122', 'generator_147', 'generator_122', 'generator_148']
number opened: 4
TRIAL 22
Action chosen: (blue, purple)
Outcome: False
partcle ids: ['generator_105', 'generator_120', 'generator_147', 'generator_148', 'generator_138', 'generator_147', 'generator_149', 'generator_120', 'generator_105', 'generator_149', 'generator_122', 'generator_147', 'generator_136', 'generator_148', 'number_match', 'generator_105', 'generator_148', 'generator_148', 'generator_147', 'generator_105', 'generator_149', 'generator_136', 'generator_148', 'generator_138', 'generator_147', 'generator_138', 'generator_122', 'generator_147', 'generator_122', 'generator_148']
number opened: 4
TRIAL 23
Action chosen: (diamond, purple)
Outcome: False
partcle ids: ['generator_105', 'generator_120', 'generator_147', 'generator_148', 'generator_138', 'generator_147', 'generator_149', 'generator_120', 'generator_105', 'generator_149', 'generator_122', 'generator_147', 'generator_136', 'generator_148', 'number_match', 'generator_105', 'generator_148', 'generator_148', 'generator_147', 'generator_105', 'generator_149', 'generator_136', 'generator_148', 'generator_138', 'generator_147', 'generator_138', 'generator_122', 'generator_147', 'generator_122', 'generator_148']
number opened: 4
TRIAL 24
Action chosen: (cloud, purple)
Outcome: False
partcle ids: ['generator_120', 'generator_136', 'number_match', 'generator_122', 'number_match', 'generator_120', 'generator_120', 'generator_138', 'generator_122', 'generator_122', 'generator_148', 'generator_136', 'generator_136', 'generator_138', 'generator_122', 'generator_138', 'generator_122', 'generator_120', 'generator_138', 'generator_136', 'generator_122', 'generator_138', 'generator_120', 'generator_138', 'generator_136', 'generator_122', 'generator_138', 'generator_148', 'number_match', 'number_match']
number opened: 4
TRIAL 25
Action chosen: (heart, purple)
Outcome: False
partcle ids: ['generator_120', 'generator_136', 'number_match', 'generator_122', 'number_match', 'generator_120', 'generator_120', 'generator_138', 'generator_122', 'generator_122', 'generator_148', 'generator_136', 'generator_136', 'generator_138', 'generator_122', 'generator_138', 'generator_122', 'generator_120', 'generator_138', 'generator_136', 'generator_122', 'generator_138', 'generator_120', 'generator_138', 'generator_136', 'generator_122', 'generator_138', 'generator_148', 'number_match', 'number_match']
number opened: 4
TRIAL 26
Action chosen: (triangle, purple)
Outcome: False
partcle ids: ['generator_120', 'generator_136', 'number_match', 'generator_122', 'number_match', 'generator_120', 'generator_120', 'generator_138', 'generator_122', 'generator_122', 'generator_148', 'generator_136', 'generator_136', 'generator_138', 'generator_122', 'generator_138', 'generator_122', 'generator_120', 'generator_138', 'generator_136', 'generator_122', 'generator_138', 'generator_120', 'generator_138', 'generator_136', 'generator_122', 'generator_138', 'generator_148', 'number_match', 'number_match']
number opened: 4
TRIAL 27
Action chosen: (white, purple)
Outcome: False
partcle ids: ['number_match', 'generator_136', 'generator_138', 'generator_136', 'number_match', 'number_match', 'generator_136', 'generator_122', 'generator_136', 'generator_136', 'generator_136', 'generator_105', 'number_match', 'number_match', 'number_match', 'number_match', 'generator_136', 'number_match', 'generator_136', 'number_match', 'number_match', 'number_match', 'generator_136', 'generator_136', 'generator_147', 'number_match', 'generator_136', 'number_match', 'number_match', 'number_match']
number opened: 4
TRIAL 28
Action chosen: (green3, purple)
Outcome: True
partcle ids: ['number_match', 'generator_136', 'generator_138', 'generator_136', 'number_match', 'number_match', 'generator_136', 'generator_122', 'generator_136', 'generator_136', 'generator_136', 'generator_105', 'number_match', 'number_match', 'number_match', 'number_match', 'generator_136', 'number_match', 'generator_136', 'number_match', 'number_match', 'number_match', 'generator_136', 'generator_136', 'generator_147', 'number_match', 'generator_136', 'number_match', 'number_match', 'number_match']
number opened: 5
{"attempts": 28, "unique_key_box_pairs": 28, "revisit_attempts": 0, "revisit_rate": 0.0, "attempts_before_abandoning_color_matching": 2, "color_matching_abandoned": true}
