{"Child_ID": "D047", "SoC_variant": "SoC-Full", "theta": [15, 1], "p_gen": 0.3, "true_prior": 0.02, "run_number": 85, "seed": 4552594419086498485}
TRIAL 1
Action chosen: (heart, blue)
Outcome: False
partcle ids: ['similar_color_5', 'order_match', 'similar_color_3', 'generator_1', 'similar_color_11', 'similar_color_11', 'similar_color_3', 'similar_color_12', 'generator_2', 'similar_color_9', 'similar_color_3', 'similar_color_8', 'similar_color_7', 'order_match', 'generator_3', 'similar_color_5', 'similar_color_8', 'similar_color_5', 'shape_match', 'similar_color_9', 'similar_color_4', 'similar_color_6', 'generator_4', 'similar_color_6', 'similar_color_4', 'generator_5', 'similar_color_2', 'order_match', 'generator_6', 'generator_7']
number opened: 0
TRIAL 2
Action chosen: (purple, purple)
Outcome: False
partcle ids: ['generator_8', 'order_match', 'generator_9', 'generator_2', 'order_match', 'generator_10', 'generator_11', 'generator_2', 'generator_12', 'order_match', 'generator_5', 'generator_3', 'generator_4', 'order_match', 'generator_4', 'generator_7', 'generator_6', 'generator_6', 'generator_3', 'generator_14', 'order_match', 'generator_15', 'generator_16', 'generator_17', 'similar_color_7', 'order_match', 'generator_18', 'generator_5', 'generator_19', 'generator_5']
number opened: 0
TRIAL 3
Action chosen: (green3, white)
Outcome: False
partcle ids: ['generator_8', 'order_match', 'generator_9', 'generator_2', 'order_match', 'generator_10', 'generator_11', 'generator_2', 'generator_12', 'order_match', 'generator_5', 'generator_3', 'generator_4', 'order_match', 'generator_4', 'generator_7', 'generator_6', 'generator_6', 'generator_3', 'generator_14', 'order_match', 'generator_15', 'generator_16', 'generator_17', 'similar_color_7', 'order_match', 'generator_18', 'generator_5', 'generator_19', 'generator_5']
number opened: 0
TRIAL 4
Action chosen: (heart, white)
Outcome: False
partcle ids: ['generator_8', 'order_match', 'generator_9', 'generator_2', 'order_match', 'generator_10', 'generator_11', 'generator_2', 'generator_12', 'order_match', 'generator_5', 'generator_3', 'generator_4', 'order_match', 'generator_4', 'generator_7', 'generator_6', 'generator_6', 'generator_3', 'generator_14', 'order_match', 'generator_15', 'generator_16', 'generator_17', 'similar_color_7', 'order_match', 'generator_18', 'generator_5', 'generator_19', 'generator_5']
number opened: 0
TRIAL 5
Action chosen: (heart, red)
Outcome: False
partcle ids: ['generator_10', 'order_match', 'generator_4', 'generator_5', 'generator_5', 'generator_5', 'generator_5', 'generator_5', 'generator_5', 'generator_22', 'generator_23', 'generator_5', 'order_match', 'generator_24', 'generator_14', 'generator_14', 'generator_25', 'generator_5', 'generator_19', 'generator_5', 'generator_19', 'generator_9', 'similar_color_6', 'generator_30', 'generator_11', 'generator_5', 'generator_5', 'generator_31', 'generator_8', 'generator_5']
number opened: 0
TRIAL 6
Action chosen: (yellow5, purple)
Outcome: False
partcle ids: ['generator_10', 'order_match', 'generator_4', 'generator_5', 'generator_5', 'generator_5', 'generator_5', 'generator_5', 'generator_5', 'generator_22', 'generator_23', 'generator_5', 'order_match', 'generator_24', 'generator_14', 'generator_14', 'generator_25', 'generator_5', 'generator_19', 'generator_5', 'generator_19', 'generator_9', 'similar_color_6', 'generator_30', 'generator_11', 'generator_5', 'generator_5', 'generator_31', 'generator_8', 'generator_5']
number opened: 0
TRIAL 7
Action chosen: (pink, pink)
Outcome: False
partcle ids: ['generator_10', 'order_match', 'generator_4', 'generator_5', 'generator_5', 'generator_5', 'generator_5', 'generator_5', 'generator_5', 'generator_22', 'generator_23', 'generator_5', 'order_match', 'generator_24', 'generator_14', 'generator_14', 'generator_25', 'generator_5', 'generator_19', 'generator_5', 'generator_19', 'generator_9', 'similar_color_6', 'generator_30', 'generator_11', 'generator_5', 'generator_5', 'generator_31', 'generator_8', 'generator_5']
number opened: 0
TRIAL 8
Action chosen: (diamond, purple)
Outcome: False
partcle ids: ['generator_24', 'generator_14', 'generator_14', 'generator_32', 'order_match', 'generator_8', 'generator_8', 'generator_24', 'generator_24', 'generator_25', 'generator_33', 'generator_34', 'generator_14', 'order_match', 'generator_14', 'generator_36', 'generator_14', 'similar_color_8', 'generator_22', 'generator_24', 'generator_5', 'generator_37', 'shape_match', 'generator_38', 'generator_31', 'generator_39', 'generator_24', 'order_match', 'similar_color_13', 'generator_8']
number opened: 0
TRIAL 9
Action chosen: (orange4, purple)
Outcome: False
partcle ids: ['generator_24', 'generator_14', 'generator_14', 'generator_32', 'order_match', 'generator_8', 'generator_8', 'generator_24', 'generator_24', 'generator_25', 'generator_33', 'generator_34', 'generator_14', 'order_match', 'generator_14', 'generator_36', 'generator_14', 'similar_color_8', 'generator_22', 'generator_24', 'generator_5', 'generator_37', 'shape_match', 'generator_38', 'generator_31', 'generator_39', 'generator_24', 'order_match', 'similar_color_13', 'generator_8']
number opened: 0
TRIAL 10
Action chosen: (green3, blue)
Outcome: False
partcle ids: ['generator_24', 'generator_14', 'generator_14', 'generator_32', 'order_match', 'generator_8', 'generator_8', 'generator_24', 'generator_24', 'generator_25', 'generator_33', 'generator_34', 'generator_14', 'order_match', 'generator_14', 'generator_36', 'generator_14', 'similar_color_8', 'generator_22', 'generator_24', 'generator_5', 'generator_37', 'shape_match', 'generator_38', 'generator_31', 'generator_39', 'generator_24', 'order_match', 'similar_color_13', 'generator_8']
number opened: 0
TRIAL 11
Action chosen: (green3, purple)
Outcome: True
partcle ids: ['generator_41', 'generator_42', 'generator_43', 'generator_44', 'generator_45', 'generator_46', 'generator_47', 'generator_48', 'generator_49', 'generator_50', 'generator_51', 'generator_52', 'generator_53', 'generator_54', 'generator_55', 'generator_33', 'generator_57', 'generator_58', 'generator_59', 'generator_60', 'generator_61', 'generator_62', 'generator_63', 'generator_8', 'generator_65', 'generator_66', 'generator_67', 'generator_68', 'generator_69', 'generator_70']
number opened: 1
TRIAL 12
Action chosen: (orange4, blue)
Outcome: False
partcle ids: ['generator_41', 'generator_42', 'generator_43', 'generator_44', 'generator_45', 'generator_46', 'generator_47', 'generator_48', 'generator_49', 'generator_50', 'generator_51', 'generator_52', 'generator_53', 'generator_54', 'generator_55', 'generator_33', 'generator_57', 'generator_58', 'generator_59', 'generator_60', 'generator_61', 'generator_62', 'generator_63', 'generator_8', 'generator_65', 'generator_66', 'generator_67', 'generator_68', 'generator_69', 'generator_70']
number opened: 1
TRIAL 13
Action chosen: (white, pink)
Outcome: False
partcle ids: ['generator_41', 'generator_42', 'generator_43', 'generator_44', 'generator_45', 'generator_46', 'generator_47', 'generator_48', 'generator_49', 'generator_50', 'generator_51', 'generator_52', 'generator_53', 'generator_54', 'generator_55', 'generator_33', 'generator_57', 'generator_58', 'generator_59', 'generator_60', 'generator_61', 'generator_62', 'generator_63', 'generator_8', 'generator_65', 'generator_66', 'generator_67', 'generator_68', 'generator_69', 'generator_70']
number opened: 1
TRIAL 14
Action chosen: (triangle, red)
Outcome: False
partcle ids: ['generator_41', 'generator_42', 'generator_43', 'generator_44', 'generator_45', 'generator_46', 'generator_47', 'generator_48', 'generator_49', 'generator_50', 'generator_51', 'generator_52', 'generator_53', 'generator_54', 'generator_55', 'generator_33', 'generator_57', 'generator_58', 'generator_59', 'generator_60', 'generator_61', 'generator_62', 'generator_63', 'generator_8', 'generator_65', 'generator_66', 'generator_67', 'generator_68', 'generator_69', 'generator_70']
number opened: 1
TRIAL 15
Action chosen: (red, blue)
Outcome: False
partcle ids: ['generator_71', 'generator_72', 'generator_73', 'generator_74', 'generator_75', 'generator_52', 'generator_77', 'generator_78', 'generator_79', 'generator_80', 'generator_45', 'generator_45', 'generator_83', 'generator_46', 'generator_85', 'generator_86', 'generator_65', 'generator_88', 'generator_89', 'number_match', 'generator_90', 'generator_91', 'generator_92', 'number_match', 'generator_93', 'generator_94', 'generator_95', 'generator_96', 'number_match', 'generator_97']
number opened: 1
TRIAL 16
Action chosen: (red, red)
Outcome: True
partcle ids: ['generator_98', 'generator_99', 'generator_100', 'number_match', 'generator_101', 'generator_102', 'generator_103', 'generator_104', 'generator_105', 'generator_106', 'generator_107', 'generator_108', 'number_match', 'generator_110', 'generator_111', 'number_match', 'generator_113', 'generator_114', 'number_match', 'generator_116', 'generator_117', 'generator_118', 'generator_119', 'generator_120', 'generator_121', 'generator_122', 'generator_123', 'generator_110', 'generator_124', 'generator_125']
number opened: 2
TRIAL 17
Action chosen: (yellow5, blue)
Outcome: True
partcle ids: ['generator_99', 'generator_126', 'generator_127', 'generator_116', 'generator_128', 'generator_116', 'generator_129', 'generator_130', 'generator_131', 'generator_132', 'generator_133', 'generator_134', 'generator_135', 'generator_136', 'generator_137', 'generator_138', 'generator_139', 'generator_140', 'generator_141', 'generator_120', 'generator_142', 'generator_130', 'generator_143', 'generator_128', 'number_match', 'generator_144', 'generator_145', 'generator_146', 'generator_147', 'generator_120']
number opened: 3
TRIAL 18
Action chosen: (diamond, white)
Outcome: False
partcle ids: ['generator_99', 'generator_126', 'generator_127', 'generator_116', 'generator_128', 'generator_116', 'generator_129', 'generator_130', 'generator_131', 'generator_132', 'generator_133', 'generator_134', 'generator_135', 'generator_136', 'generator_137', 'generator_138', 'generator_139', 'generator_140', 'generator_141', 'generator_120', 'generator_142', 'generator_130', 'generator_143', 'generator_128', 'number_match', 'generator_144', 'generator_145', 'generator_146', 'generator_147', 'generator_120']
number opened: 3
TRIAL 19
Action chosen: (orange4, white)
Outcome: True
partcle ids: ['generator_111', 'generator_116', 'generator_149', 'generator_142', 'number_match', 'generator_150', 'generator_149', 'generator_120', 'generator_116', 'number_match', 'generator_111', 'generator_111', 'generator_142', 'generator_116', 'generator_151', 'generator_120', 'generator_120', 'generator_111', 'generator_142', 'generator_150', 'generator_120', 'generator_111', 'generator_142', 'number_match', 'generator_149', 'number_match', 'generator_150', 'generator_142', 'generator_120', 'generator_142']
number opened: 4
TRIAL 20
Action chosen: (cloud, pink)
Outcome: False
partcle ids: ['generator_111', 'generator_116', 'generator_149', 'generator_142', 'number_match', 'generator_150', 'generator_149', 'generator_120', 'generator_116', 'number_match', 'generator_111', 'generator_111', 'generator_142', 'generator_116', 'generator_151', 'generator_120', 'generator_120', 'generator_111', 'generator_142', 'generator_150', 'generator_120', 'generator_111', 'generator_142', 'number_match', 'generator_149', 'number_match', 'generator_150', 'generator_142', 'generator_120', 'generator_142']
number opened: 4
TRIAL 21
Action chosen: (diamond, pink)
Outcome: False
partcle ids: ['generator_111', 'generator_116', 'generator_149', 'generator_142', 'number_match', 'generator_150', 'generator_149', 'generator_120', 'generator_116', 'number_match', 'generator_111', 'generator_111', 'generator_142', 'generator_116', 'generator_151', 'generator_120', 'generator_120', 'generator_111', 'generator_142', 'generator_150', 'generator_120', 'generator_111', 'generator_142', 'number_match', 'generator_149', 'number_match', 'generator_150', 'generator_142', 'generator_120', 'generator_142']
number opened: 4
TRIAL 22
Action chosen: (heart, pink)
Outcome: False
partcle ids: ['generator_111', 'generator_116', 'generator_149', 'generator_142', 'number_match', 'generator_150', 'generator_149', 'generator_120', 'generator_116', 'number_match', 'generator_111', 'generator_111', 'generator_142', 'generator_116', 'generator_151', 'generator_120', 'generator_120', 'generator_111', 'generator_142', 'generator_150', 'generator_120', 'generator_111', 'generator_142', 'number_match', 'generator_149', 'number_match', 'generator_150', 'generator_142', 'generator_120', 'generator_142']
number opened: 4
TRIAL 23
Action chosen: (grey2, pink)
Outcome: True
partcle ids: ['number_match', 'number_match', 'number_match', 'number_match', 'number_match', 'number_match', 'number_match', 'number_match', 'number_match', 'number_match', 'number_match', 'number_match', 'number_match', 'number_match', 'number_match', 'number_match', 'number_match', 'number_match', 'number_match', 'number_match', 'number_match', 'number_match', 'number_match', 'number_match', 'number_match', 'number_match', 'number_match', 'number_match', 'number_match', 'number_match']
number opened: 5
{"attempts": 23, "unique_key_box_pairs": 23, "revisit_attempts": 0, "revisit_rate": 0.0, "attempts_before_abandoning_color_matching": 0, "color_matching_abandoned": true}
