{"Child_ID": "D026", "SoC_variant": "SoC-Full", "theta": [1, 3], "p_gen": 0.4, "true_prior": 0.02, "run_number": 11, "seed": 6974749672826814734}
TRIAL 1
Action chosen: (heart, blue)
Outcome: False
partcle ids: ['similar_color_4', 'generator_1', 'similar_color_8', 'generator_2', 'similar_color_2', 'similar_color_12', 'similar_color_10', 'similar_color_7', 'generator_3', 'shape_match', 'similar_color_1', 'generator_4', 'similar_color_8', 'generator_5', 'similar_color_8', 'number_match', 'similar_color_14', 'generator_6', 'number_match', 'generator_7', 'order_match', 'similar_color_3', 'generator_8', 'similar_color_2', 'generator_9', 'color_match', 'generator_10', 'similar_color_12', 'similar_color_3', 'similar_color_14']
number opened: 0
TRIAL 2
Action chosen: (pink, pink)
Outcome: False
partcle ids: ['similar_color_4', 'generator_1', 'similar_color_8', 'generator_2', 'similar_color_2', 'similar_color_12', 'similar_color_10', 'similar_color_7', 'generator_3', 'shape_match', 'similar_color_1', 'generator_4', 'similar_color_8', 'generator_5', 'similar_color_8', 'number_match', 'similar_color_14', 'generator_6', 'number_match', 'generator_7', 'order_match', 'similar_color_3', 'generator_8', 'similar_color_2', 'generator_9', 'color_match', 'generator_10', 'similar_color_12', 'similar_color_3', 'similar_color_14']
number opened: 0
TRIAL 3
Action chosen: (pink, pink)
Outcome: False
partcle ids: ['similar_color_4', 'generator_1', 'similar_color_8', 'generator_2', 'similar_color_2', 'similar_color_12', 'similar_color_10', 'similar_color_7', 'generator_3', 'shape_match', 'similar_color_1', 'generator_4', 'similar_color_8', 'generator_5', 'similar_color_8', 'number_match', 'similar_color_14', 'generator_6', 'number_match', 'generator_7', 'order_match', 'similar_color_3', 'generator_8', 'similar_color_2', 'generator_9', 'color_match', 'generator_10', 'similar_color_12', 'similar_color_3', 'similar_color_14']
number opened: 0
TRIAL 4
Action chosen: (pink, pink)
Outcome: False
partcle ids: ['similar_color_4', 'generator_1', 'similar_color_8', 'generator_2', 'similar_color_2', 'similar_color_12', 'similar_color_10', 'similar_color_7', 'generator_3', 'shape_match', 'similar_color_1', 'generator_4', 'similar_color_8', 'generator_5', 'similar_color_8', 'number_match', 'similar_color_14', 'generator_6', 'number_match', 'generator_7', 'order_match', 'similar_color_3', 'generator_8', 'similar_color_2', 'generator_9', 'color_match', 'generator_10', 'similar_color_12', 'similar_color_3', 'similar_color_14']
number opened: 0
TRIAL 5
Action chosen: (purple, purple)
Outcome: False
partcle ids: ['similar_color_4', 'generator_1', 'similar_color_8', 'generator_2', 'similar_color_2', 'similar_color_12', 'similar_color_10', 'similar_color_7', 'generator_3', 'shape_match', 'similar_color_1', 'generator_4', 'similar_color_8', 'generator_5', 'similar_color_8', 'number_match', 'similar_color_14', 'generator_6', 'number_match', 'generator_7', 'order_match', 'similar_color_3', 'generator_8', 'similar_color_2', 'generator_9', 'color_match', 'generator_10', 'similar_color_12', 'similar_color_3', 'similar_color_14']
number opened: 0
TRIAL 6
Action chosen: (purple, purple)
Outcome: False
partcle ids: ['similar_color_4', 'generator_1', 'similar_color_8', 'generator_2', 'similar_color_2', 'similar_color_12', 'similar_color_10', 'similar_color_7', 'generator_3', 'shape_match', 'similar_color_1', 'generator_4', 'similar_color_8', 'generator_5', 'similar_color_8', 'number_match', 'similar_color_14', 'generator_6', 'number_match', 'generator_7', 'order_match', 'similar_color_3', 'generator_8', 'similar_color_2', 'generator_9', 'color_match', 'generator_10', 'similar_color_12', 'similar_color_3', 'similar_color_14']
number opened: 0
TRIAL 7
Action chosen: (purple, purple)
Outcome: False
partcle ids: ['similar_color_4', 'generator_1', 'similar_color_8', 'generator_2', 'similar_color_2', 'similar_color_12', 'similar_color_10', 'similar_color_7', 'generator_3', 'shape_match', 'similar_color_1', 'generator_4', 'similar_color_8', 'generator_5', 'similar_color_8', 'number_match', 'similar_color_14', 'generator_6', 'number_match', 'generator_7', 'order_match', 'similar_color_3', 'generator_8', 'similar_color_2', 'generator_9', 'color_match', 'generator_10', 'similar_color_12', 'similar_color_3', 'similar_color_14']
number opened: 0
TRIAL 8
Action chosen: (red, red)
Outcome: True
partcle ids: ['similar_color_5', 'similar_color_1', 'similar_color_4', 'similar_color_1', 'color_match', 'generator_11', 'generator_12', 'similar_color_14', 'color_match', 'generator_13', 'generator_14', 'generator_15', 'generator_16', 'generator_17', 'generator_18', 'similar_color_12', 'generator_19', 'similar_color_8', 'similar_color_2', 'generator_20', 'generator_21', 'generator_22', 'generator_23', 'generator_24', 'generator_9', 'number_match', 'generator_26', 'generator_27', 'generator_28', 'generator_29']
number opened: 1
TRIAL 9
Action chosen: (pink, pink)
Outcome: False
partcle ids: ['similar_color_5', 'similar_color_1', 'similar_color_4', 'similar_color_1', 'color_match', 'generator_11', 'generator_12', 'similar_color_14', 'color_match', 'generator_13', 'generator_14', 'generator_15', 'generator_16', 'generator_17', 'generator_18', 'similar_color_12', 'generator_19', 'similar_color_8', 'similar_color_2', 'generator_20', 'generator_21', 'generator_22', 'generator_23', 'generator_24', 'generator_9', 'number_match', 'generator_26', 'generator_27', 'generator_28', 'generator_29']
number opened: 1
TRIAL 10
Action chosen: (purple, purple)
Outcome: False
partcle ids: ['similar_color_5', 'similar_color_1', 'similar_color_4', 'similar_color_1', 'color_match', 'generator_11', 'generator_12', 'similar_color_14', 'color_match', 'generator_13', 'generator_14', 'generator_15', 'generator_16', 'generator_17', 'generator_18', 'similar_color_12', 'generator_19', 'similar_color_8', 'similar_color_2', 'generator_20', 'generator_21', 'generator_22', 'generator_23', 'generator_24', 'generator_9', 'number_match', 'generator_26', 'generator_27', 'generator_28', 'generator_29']
number opened: 1
TRIAL 11
Action chosen: (purple, purple)
Outcome: False
partcle ids: ['similar_color_5', 'similar_color_1', 'similar_color_4', 'similar_color_1', 'color_match', 'generator_11', 'generator_12', 'similar_color_14', 'color_match', 'generator_13', 'generator_14', 'generator_15', 'generator_16', 'generator_17', 'generator_18', 'similar_color_12', 'generator_19', 'similar_color_8', 'similar_color_2', 'generator_20', 'generator_21', 'generator_22', 'generator_23', 'generator_24', 'generator_9', 'number_match', 'generator_26', 'generator_27', 'generator_28', 'generator_29']
number opened: 1
TRIAL 12
Action chosen: (purple, purple)
Outcome: False
partcle ids: ['similar_color_5', 'similar_color_1', 'similar_color_4', 'similar_color_1', 'color_match', 'generator_11', 'generator_12', 'similar_color_14', 'color_match', 'generator_13', 'generator_14', 'generator_15', 'generator_16', 'generator_17', 'generator_18', 'similar_color_12', 'generator_19', 'similar_color_8', 'similar_color_2', 'generator_20', 'generator_21', 'generator_22', 'generator_23', 'generator_24', 'generator_9', 'number_match', 'generator_26', 'generator_27', 'generator_28', 'generator_29']
number opened: 1
TRIAL 13
Action chosen: (triangle, blue)
Outcome: False
partcle ids: ['similar_color_5', 'similar_color_1', 'similar_color_4', 'similar_color_1', 'color_match', 'generator_11', 'generator_12', 'similar_color_14', 'color_match', 'generator_13', 'generator_14', 'generator_15', 'generator_16', 'generator_17', 'generator_18', 'similar_color_12', 'generator_19', 'similar_color_8', 'similar_color_2', 'generator_20', 'generator_21', 'generator_22', 'generator_23', 'generator_24', 'generator_9', 'number_match', 'generator_26', 'generator_27', 'generator_28', 'generator_29']
number opened: 1
TRIAL 14
Action chosen: (purple, purple)
Outcome: False
partcle ids: ['similar_color_5', 'similar_color_1', 'similar_color_4', 'similar_color_1', 'color_match', 'generator_11', 'generator_12', 'similar_color_14', 'color_match', 'generator_13', 'generator_14', 'generator_15', 'generator_16', 'generator_17', 'generator_18', 'similar_color_12', 'generator_19', 'similar_color_8', 'similar_color_2', 'generator_20', 'generator_21', 'generator_22', 'generator_23', 'generator_24', 'generator_9', 'number_match', 'generator_26', 'generator_27', 'generator_28', 'generator_29']
number opened: 1
TRIAL 15
Action chosen: (triangle, blue)
Outcome: False
partcle ids: ['similar_color_5', 'similar_color_1', 'similar_color_4', 'similar_color_1', 'color_match', 'generator_11', 'generator_12', 'similar_color_14', 'color_match', 'generator_13', 'generator_14', 'generator_15', 'generator_16', 'generator_17', 'generator_18', 'similar_color_12', 'generator_19', 'similar_color_8', 'similar_color_2', 'generator_20', 'generator_21', 'generator_22', 'generator_23', 'generator_24', 'generator_9', 'number_match', 'generator_26', 'generator_27', 'generator_28', 'generator_29']
number opened: 1
TRIAL 16
Action chosen: (heart, blue)
Outcome: False
partcle ids: ['similar_color_5', 'similar_color_1', 'similar_color_4', 'similar_color_1', 'color_match', 'generator_11', 'generator_12', 'similar_color_14', 'color_match', 'generator_13', 'generator_14', 'generator_15', 'generator_16', 'generator_17', 'generator_18', 'similar_color_12', 'generator_19', 'similar_color_8', 'similar_color_2', 'generator_20', 'generator_21', 'generator_22', 'generator_23', 'generator_24', 'generator_9', 'number_match', 'generator_26', 'generator_27', 'generator_28', 'generator_29']
number opened: 1
TRIAL 17
Action chosen: (orange4, pink)
Outcome: False
partcle ids: ['similar_color_5', 'similar_color_1', 'similar_color_4', 'similar_color_1', 'color_match', 'generator_11', 'generator_12', 'similar_color_14', 'color_match', 'generator_13', 'generator_14', 'generator_15', 'generator_16', 'generator_17', 'generator_18', 'similar_color_12', 'generator_19', 'similar_color_8', 'similar_color_2', 'generator_20', 'generator_21', 'generator_22', 'generator_23', 'generator_24', 'generator_9', 'number_match', 'generator_26', 'generator_27', 'generator_28', 'generator_29']
number opened: 1
TRIAL 18
Action chosen: (purple, purple)
Outcome: False
partcle ids: ['similar_color_5', 'similar_color_1', 'similar_color_4', 'similar_color_1', 'color_match', 'generator_11', 'generator_12', 'similar_color_14', 'color_match', 'generator_13', 'generator_14', 'generator_15', 'generator_16', 'generator_17', 'generator_18', 'similar_color_12', 'generator_19', 'similar_color_8', 'similar_color_2', 'generator_20', 'generator_21', 'generator_22', 'generator_23', 'generator_24', 'generator_9', 'number_match', 'generator_26', 'generator_27', 'generator_28', 'generator_29']
number opened: 1
TRIAL 19
Action chosen: (yellow5, pink)
Outcome: False
partcle ids: ['similar_color_5', 'similar_color_1', 'similar_color_4', 'similar_color_1', 'color_match', 'generator_11', 'generator_12', 'similar_color_14', 'color_match', 'generator_13', 'generator_14', 'generator_15', 'generator_16', 'generator_17', 'generator_18', 'similar_color_12', 'generator_19', 'similar_color_8', 'similar_color_2', 'generator_20', 'generator_21', 'generator_22', 'generator_23', 'generator_24', 'generator_9', 'number_match', 'generator_26', 'generator_27', 'generator_28', 'generator_29']
number opened: 1
TRIAL 20
Action chosen: (triangle, blue)
Outcome: False
partcle ids: ['similar_color_5', 'similar_color_1', 'similar_color_4', 'similar_color_1', 'color_match', 'generator_11', 'generator_12', 'similar_color_14', 'color_match', 'generator_13', 'generator_14', 'generator_15', 'generator_16', 'generator_17', 'generator_18', 'similar_color_12', 'generator_19', 'similar_color_8', 'similar_color_2', 'generator_20', 'generator_21', 'generator_22', 'generator_23', 'generator_24', 'generator_9', 'number_match', 'generator_26', 'generator_27', 'generator_28', 'generator_29']
number opened: 1
TRIAL 21
Action chosen: (orange4, pink)
Outcome: False
partcle ids: ['similar_color_5', 'similar_color_1', 'similar_color_4', 'similar_color_1', 'color_match', 'generator_11', 'generator_12', 'similar_color_14', 'color_match', 'generator_13', 'generator_14', 'generator_15', 'generator_16', 'generator_17', 'generator_18', 'similar_color_12', 'generator_19', 'similar_color_8', 'similar_color_2', 'generator_20', 'generator_21', 'generator_22', 'generator_23', 'generator_24', 'generator_9', 'number_match', 'generator_26', 'generator_27', 'generator_28', 'generator_29']
number opened: 1
TRIAL 22
Action chosen: (heart, blue)
Outcome: False
partcle ids: ['similar_color_5', 'similar_color_1', 'similar_color_4', 'similar_color_1', 'color_match', 'generator_11', 'generator_12', 'similar_color_14', 'color_match', 'generator_13', 'generator_14', 'generator_15', 'generator_16', 'generator_17', 'generator_18', 'similar_color_12', 'generator_19', 'similar_color_8', 'similar_color_2', 'generator_20', 'generator_21', 'generator_22', 'generator_23', 'generator_24', 'generator_9', 'number_match', 'generator_26', 'generator_27', 'generator_28', 'generator_29']
number opened: 1
TRIAL 23
Action chosen: (pink, pink)
Outcome: False
partcle ids: ['similar_color_5', 'similar_color_1', 'similar_color_4', 'similar_color_1', 'color_match', 'generator_11', 'generator_12', 'similar_color_14', 'color_match', 'generator_13', 'generator_14', 'generator_15', 'generator_16', 'generator_17', 'generator_18', 'similar_color_12', 'generator_19', 'similar_color_8', 'similar_color_2', 'generator_20', 'generator_21', 'generator_22', 'generator_23', 'generator_24', 'generator_9', 'number_match', 'generator_26', 'generator_27', 'generator_28', 'generator_29']
number opened: 1
TRIAL 24
Action chosen: (yellow5, pink)
Outcome: False
partcle ids: ['similar_color_5', 'similar_color_1', 'similar_color_4', 'similar_color_1', 'color_match', 'generator_11', 'generator_12', 'similar_color_14', 'color_match', 'generator_13', 'generator_14', 'generator_15', 'generator_16', 'generator_17', 'generator_18', 'similar_color_12', 'generator_19', 'similar_color_8', 'similar_color_2', 'generator_20', 'generator_21', 'generator_22', 'generator_23', 'generator_24', 'generator_9', 'number_match', 'generator_26', 'generator_27', 'generator_28', 'generator_29']
number opened: 1
TRIAL 25
Action chosen: (triangle, blue)
Outcome: False
partcle ids: ['similar_color_5', 'similar_color_1', 'similar_color_4', 'similar_color_1', 'color_match', 'generator_11', 'generator_12', 'similar_color_14', 'color_match', 'generator_13', 'generator_14', 'generator_15', 'generator_16', 'generator_17', 'generator_18', 'similar_color_12', 'generator_19', 'similar_color_8', 'similar_color_2', 'generator_20', 'generator_21', 'generator_22', 'generator_23', 'generator_24', 'generator_9', 'number_match', 'generator_26', 'generator_27', 'generator_28', 'generator_29']
number opened: 1
TRIAL 26
Action chosen: (orange4, pink)
Outcome: False
partcle ids: ['similar_color_5', 'similar_color_1', 'similar_color_4', 'similar_color_1', 'color_match', 'generator_11', 'generator_12', 'similar_color_14', 'color_match', 'generator_13', 'generator_14', 'generator_15', 'generator_16', 'generator_17', 'generator_18', 'similar_color_12', 'generator_19', 'similar_color_8', 'similar_color_2', 'generator_20', 'generator_21', 'generator_22', 'generator_23', 'generator_24', 'generator_9', 'number_match', 'generator_26', 'generator_27', 'generator_28', 'generator_29']
number opened: 1
TRIAL 27
Action chosen: (pink, pink)
Outcome: False
partcle ids: ['similar_color_5', 'similar_color_1', 'similar_color_4', 'similar_color_1', 'color_match', 'generator_11', 'generator_12', 'similar_color_14', 'color_match', 'generator_13', 'generator_14', 'generator_15', 'generator_16', 'generator_17', 'generator_18', 'similar_color_12', 'generator_19', 'similar_color_8', 'similar_color_2', 'generator_20', 'generator_21', 'generator_22', 'generator_23', 'generator_24', 'generator_9', 'number_match', 'generator_26', 'generator_27', 'generator_28', 'generator_29']
number opened: 1
TRIAL 28
Action chosen: (yellow5, pink)
Outcome: False
partcle ids: ['similar_color_5', 'similar_color_1', 'similar_color_4', 'similar_color_1', 'color_match', 'generator_11', 'generator_12', 'similar_color_14', 'color_match', 'generator_13', 'generator_14', 'generator_15', 'generator_16', 'generator_17', 'generator_18', 'similar_color_12', 'generator_19', 'similar_color_8', 'similar_color_2', 'generator_20', 'generator_21', 'generator_22', 'generator_23', 'generator_24', 'generator_9', 'number_match', 'generator_26', 'generator_27', 'generator_28', 'generator_29']
number opened: 1
TRIAL 29
Action chosen: (triangle, blue)
Outcome: False
partcle ids: ['similar_color_5', 'similar_color_1', 'similar_color_4', 'similar_color_1', 'color_match', 'generator_11', 'generator_12', 'similar_color_14', 'color_match', 'generator_13', 'generator_14', 'generator_15', 'generator_16', 'generator_17', 'generator_18', 'similar_color_12', 'generator_19', 'similar_color_8', 'similar_color_2', 'generator_20', 'generator_21', 'generator_22', 'generator_23', 'generator_24', 'generator_9', 'number_match', 'generator_26', 'generator_27', 'generator_28', 'generator_29']
number opened: 1
TRIAL 30
Action chosen: (orange4, blue)
Outcome: False
partcle ids: ['similar_color_5', 'similar_color_1', 'similar_color_4', 'similar_color_1', 'color_match', 'generator_11', 'generator_12', 'similar_color_14', 'color_match', 'generator_13', 'generator_14', 'generator_15', 'generator_16', 'generator_17', 'generator_18', 'similar_color_12', 'generator_19', 'similar_color_8', 'similar_color_2', 'generator_20', 'generator_21', 'generator_22', 'generator_23', 'generator_24', 'generator_9', 'number_match', 'generator_26', 'generator_27', 'generator_28', 'generator_29']
number opened: 1
TRIAL 31
Action chosen: (orange4, pink)
Outcome: False
partcle ids: ['similar_color_5', 'similar_color_1', 'similar_color_4', 'similar_color_1', 'color_match', 'generator_11', 'generator_12', 'similar_color_14', 'color_match', 'generator_13', 'generator_14', 'generator_15', 'generator_16', 'generator_17', 'generator_18', 'similar_color_12', 'generator_19', 'similar_color_8', 'similar_color_2', 'generator_20', 'generator_21', 'generator_22', 'generator_23', 'generator_24', 'generator_9', 'number_match', 'generator_26', 'generator_27', 'generator_28', 'generator_29']
number opened: 1
TRIAL 32
Action chosen: (heart, blue)
Outcome: False
partcle ids: ['similar_color_5', 'similar_color_1', 'similar_color_4', 'similar_color_1', 'color_match', 'generator_11', 'generator_12', 'similar_color_14', 'color_match', 'generator_13', 'generator_14', 'generator_15', 'generator_16', 'generator_17', 'generator_18', 'similar_color_12', 'generator_19', 'similar_color_8', 'similar_color_2', 'generator_20', 'generator_21', 'generator_22', 'generator_23', 'generator_24', 'generator_9', 'number_match', 'generator_26', 'generator_27', 'generator_28', 'generator_29']
number opened: 1
TRIAL 33
Action chosen: (orange4, white)
Outcome: True
partcle ids: ['generator_30', 'generator_31', 'generator_32', 'generator_33', 'generator_34', 'generator_35', 'generator_36', 'generator_37', 'generator_38', 'generator_39', 'generator_40', 'generator_41', 'generator_42', 'generator_43', 'generator_44', 'generator_45', 'generator_46', 'generator_47', 'generator_48', 'generator_49', 'generator_50', 'generator_51', 'generator_52', 'generator_41', 'generator_53', 'number_match', 'generator_54', 'generator_55', 'generator_56', 'generator_57']
number opened: 2
TRIAL 34
Action chosen: (heart, pink)
Outcome: False
partcle ids: ['generator_30', 'generator_31', 'generator_32', 'generator_33', 'generator_34', 'generator_35', 'generator_36', 'generator_37', 'generator_38', 'generator_39', 'generator_40', 'generator_41', 'generator_42', 'generator_43', 'generator_44', 'generator_45', 'generator_46', 'generator_47', 'generator_48', 'generator_49', 'generator_50', 'generator_51', 'generator_52', 'generator_41', 'generator_53', 'number_match', 'generator_54', 'generator_55', 'generator_56', 'generator_57']
number opened: 2
TRIAL 35
Action chosen: (cloud, pink)
Outcome: False
partcle ids: ['generator_30', 'generator_31', 'generator_32', 'generator_33', 'generator_34', 'generator_35', 'generator_36', 'generator_37', 'generator_38', 'generator_39', 'generator_40', 'generator_41', 'generator_42', 'generator_43', 'generator_44', 'generator_45', 'generator_46', 'generator_47', 'generator_48', 'generator_49', 'generator_50', 'generator_51', 'generator_52', 'generator_41', 'generator_53', 'number_match', 'generator_54', 'generator_55', 'generator_56', 'generator_57']
number opened: 2
TRIAL 36
Action chosen: (cloud, pink)
Outcome: False
partcle ids: ['generator_30', 'generator_31', 'generator_32', 'generator_33', 'generator_34', 'generator_35', 'generator_36', 'generator_37', 'generator_38', 'generator_39', 'generator_40', 'generator_41', 'generator_42', 'generator_43', 'generator_44', 'generator_45', 'generator_46', 'generator_47', 'generator_48', 'generator_49', 'generator_50', 'generator_51', 'generator_52', 'generator_41', 'generator_53', 'number_match', 'generator_54', 'generator_55', 'generator_56', 'generator_57']
number opened: 2
TRIAL 37
Action chosen: (white, pink)
Outcome: False
partcle ids: ['generator_30', 'generator_31', 'generator_32', 'generator_33', 'generator_34', 'generator_35', 'generator_36', 'generator_37', 'generator_38', 'generator_39', 'generator_40', 'generator_41', 'generator_42', 'generator_43', 'generator_44', 'generator_45', 'generator_46', 'generator_47', 'generator_48', 'generator_49', 'generator_50', 'generator_51', 'generator_52', 'generator_41', 'generator_53', 'number_match', 'generator_54', 'generator_55', 'generator_56', 'generator_57']
number opened: 2
TRIAL 38
Action chosen: (blue, pink)
Outcome: False
partcle ids: ['generator_30', 'generator_31', 'generator_32', 'generator_33', 'generator_34', 'generator_35', 'generator_36', 'generator_37', 'generator_38', 'generator_39', 'generator_40', 'generator_41', 'generator_42', 'generator_43', 'generator_44', 'generator_45', 'generator_46', 'generator_47', 'generator_48', 'generator_49', 'generator_50', 'generator_51', 'generator_52', 'generator_41', 'generator_53', 'number_match', 'generator_54', 'generator_55', 'generator_56', 'generator_57']
number opened: 2
TRIAL 39
Action chosen: (heart, pink)
Outcome: False
partcle ids: ['generator_30', 'generator_31', 'generator_32', 'generator_33', 'generator_34', 'generator_35', 'generator_36', 'generator_37', 'generator_38', 'generator_39', 'generator_40', 'generator_41', 'generator_42', 'generator_43', 'generator_44', 'generator_45', 'generator_46', 'generator_47', 'generator_48', 'generator_49', 'generator_50', 'generator_51', 'generator_52', 'generator_41', 'generator_53', 'number_match', 'generator_54', 'generator_55', 'generator_56', 'generator_57']
number opened: 2
TRIAL 40
Action chosen: (cloud, purple)
Outcome: False
partcle ids: ['generator_30', 'generator_31', 'generator_32', 'generator_33', 'generator_34', 'generator_35', 'generator_36', 'generator_37', 'generator_38', 'generator_39', 'generator_40', 'generator_41', 'generator_42', 'generator_43', 'generator_44', 'generator_45', 'generator_46', 'generator_47', 'generator_48', 'generator_49', 'generator_50', 'generator_51', 'generator_52', 'generator_41', 'generator_53', 'number_match', 'generator_54', 'generator_55', 'generator_56', 'generator_57']
number opened: 2
TRIAL 41
Action chosen: (white, purple)
Outcome: False
partcle ids: ['generator_30', 'generator_31', 'generator_32', 'generator_33', 'generator_34', 'generator_35', 'generator_36', 'generator_37', 'generator_38', 'generator_39', 'generator_40', 'generator_41', 'generator_42', 'generator_43', 'generator_44', 'generator_45', 'generator_46', 'generator_47', 'generator_48', 'generator_49', 'generator_50', 'generator_51', 'generator_52', 'generator_41', 'generator_53', 'number_match', 'generator_54', 'generator_55', 'generator_56', 'generator_57']
number opened: 2
TRIAL 42
Action chosen: (diamond, purple)
Outcome: False
partcle ids: ['generator_30', 'generator_31', 'generator_32', 'generator_33', 'generator_34', 'generator_35', 'generator_36', 'generator_37', 'generator_38', 'generator_39', 'generator_40', 'generator_41', 'generator_42', 'generator_43', 'generator_44', 'generator_45', 'generator_46', 'generator_47', 'generator_48', 'generator_49', 'generator_50', 'generator_51', 'generator_52', 'generator_41', 'generator_53', 'number_match', 'generator_54', 'generator_55', 'generator_56', 'generator_57']
number opened: 2
TRIAL 43
Action chosen: (green3, blue)
Outcome: False
partcle ids: ['generator_30', 'generator_31', 'generator_32', 'generator_33', 'generator_34', 'generator_35', 'generator_36', 'generator_37', 'generator_38', 'generator_39', 'generator_40', 'generator_41', 'generator_42', 'generator_43', 'generator_44', 'generator_45', 'generator_46', 'generator_47', 'generator_48', 'generator_49', 'generator_50', 'generator_51', 'generator_52', 'generator_41', 'generator_53', 'number_match', 'generator_54', 'generator_55', 'generator_56', 'generator_57']
number opened: 2
TRIAL 44
Action chosen: (heart, pink)
Outcome: False
partcle ids: ['generator_30', 'generator_31', 'generator_32', 'generator_33', 'generator_34', 'generator_35', 'generator_36', 'generator_37', 'generator_38', 'generator_39', 'generator_40', 'generator_41', 'generator_42', 'generator_43', 'generator_44', 'generator_45', 'generator_46', 'generator_47', 'generator_48', 'generator_49', 'generator_50', 'generator_51', 'generator_52', 'generator_41', 'generator_53', 'number_match', 'generator_54', 'generator_55', 'generator_56', 'generator_57']
number opened: 2
TRIAL 45
Action chosen: (white, pink)
Outcome: False
partcle ids: ['generator_30', 'generator_31', 'generator_32', 'generator_33', 'generator_34', 'generator_35', 'generator_36', 'generator_37', 'generator_38', 'generator_39', 'generator_40', 'generator_41', 'generator_42', 'generator_43', 'generator_44', 'generator_45', 'generator_46', 'generator_47', 'generator_48', 'generator_49', 'generator_50', 'generator_51', 'generator_52', 'generator_41', 'generator_53', 'number_match', 'generator_54', 'generator_55', 'generator_56', 'generator_57']
number opened: 2
TRIAL 46
Action chosen: (yellow5, pink)
Outcome: False
partcle ids: ['generator_30', 'generator_31', 'generator_32', 'generator_33', 'generator_34', 'generator_35', 'generator_36', 'generator_37', 'generator_38', 'generator_39', 'generator_40', 'generator_41', 'generator_42', 'generator_43', 'generator_44', 'generator_45', 'generator_46', 'generator_47', 'generator_48', 'generator_49', 'generator_50', 'generator_51', 'generator_52', 'generator_41', 'generator_53', 'number_match', 'generator_54', 'generator_55', 'generator_56', 'generator_57']
number opened: 2
TRIAL 47
Action chosen: (green3, purple)
Outcome: True
partcle ids: ['generator_58', 'generator_59', 'generator_60', 'generator_61', 'generator_62', 'generator_51', 'generator_64', 'generator_51', 'generator_65', 'generator_49', 'generator_67', 'generator_68', 'number_match', 'generator_49', 'generator_69', 'generator_58', 'generator_70', 'number_match', 'generator_71', 'generator_72', 'generator_62', 'number_match', 'generator_73', 'generator_74', 'generator_75', 'generator_76', 'generator_77', 'generator_78', 'number_match', 'generator_58']
number opened: 3
TRIAL 48
Action chosen: (grey2, pink)
Outcome: True
partcle ids: ['generator_80', 'generator_81', 'generator_81', 'generator_69', 'generator_82', 'generator_82', 'generator_62', 'generator_69', 'generator_80', 'generator_82', 'generator_83', 'generator_83', 'generator_62', 'generator_62', 'number_match', 'generator_80', 'generator_69', 'generator_69', 'generator_84', 'generator_84', 'generator_69', 'number_match', 'number_match', 'number_match', 'generator_80', 'number_match', 'generator_62', 'generator_83', 'generator_80', 'number_match']
number opened: 4
TRIAL 49
Action chosen: (yellow5, blue)
Outcome: True
partcle ids: ['number_match', 'number_match', 'number_match', 'number_match', 'number_match', 'number_match', 'number_match', 'number_match', 'number_match', 'number_match', 'number_match', 'number_match', 'number_match', 'number_match', 'number_match', 'number_match', 'number_match', 'number_match', 'number_match', 'number_match', 'number_match', 'number_match', 'number_match', 'number_match', 'number_match', 'number_match', 'number_match', 'number_match', 'number_match', 'number_match']
number opened: 5
{"attempts": 49, "unique_key_box_pairs": 20, "revisit_attempts": 29, "revisit_rate": 0.6041666666666666, "attempts_before_abandoning_color_matching": 0, "color_matching_abandoned": true}
