{"Child_ID": "D065", "SoC_variant": "SoC-Full", "theta": [1, 3], "p_gen": 0.3, "true_prior": 0.02, "run_number": 37, "seed": 1206175335672235022}
TRIAL 1
Action chosen: (white, white)
Outcome: False
partcle ids: ['similar_color_13', 'generator_1', 'similar_color_5', 'generator_2', 'order_match', 'color_match', 'similar_color_1', 'similar_color_14', 'color_match', 'generator_3', 'generator_4', 'number_match', 'similar_color_1', 'similar_color_14', 'similar_color_1', 'similar_color_7', 'generator_5', 'similar_color_10', 'generator_6', 'similar_color_7', 'generator_7', 'generator_8', 'similar_color_1', 'similar_color_10', 'similar_color_8', 'generator_9', 'generator_10', 'generator_11', 'similar_color_7', 'similar_color_12']
number opened: 0
TRIAL 2
Action chosen: (green3, blue)
Outcome: False
partcle ids: ['similar_color_13', 'generator_1', 'similar_color_5', 'generator_2', 'order_match', 'color_match', 'similar_color_1', 'similar_color_14', 'color_match', 'generator_3', 'generator_4', 'number_match', 'similar_color_1', 'similar_color_14', 'similar_color_1', 'similar_color_7', 'generator_5', 'similar_color_10', 'generator_6', 'similar_color_7', 'generator_7', 'generator_8', 'similar_color_1', 'similar_color_10', 'similar_color_8', 'generator_9', 'generator_10', 'generator_11', 'similar_color_7', 'similar_color_12']
number opened: 0
TRIAL 3
Action chosen: (pink, pink)
Outcome: False
partcle ids: ['similar_color_13', 'generator_1', 'similar_color_5', 'generator_2', 'order_match', 'color_match', 'similar_color_1', 'similar_color_14', 'color_match', 'generator_3', 'generator_4', 'number_match', 'similar_color_1', 'similar_color_14', 'similar_color_1', 'similar_color_7', 'generator_5', 'similar_color_10', 'generator_6', 'similar_color_7', 'generator_7', 'generator_8', 'similar_color_1', 'similar_color_10', 'similar_color_8', 'generator_9', 'generator_10', 'generator_11', 'similar_color_7', 'similar_color_12']
number opened: 0
TRIAL 4
Action chosen: (pink, pink)
Outcome: False
partcle ids: ['similar_color_13', 'generator_1', 'similar_color_5', 'generator_2', 'order_match', 'color_match', 'similar_color_1', 'similar_color_14', 'color_match', 'generator_3', 'generator_4', 'number_match', 'similar_color_1', 'similar_color_14', 'similar_color_1', 'similar_color_7', 'generator_5', 'similar_color_10', 'generator_6', 'similar_color_7', 'generator_7', 'generator_8', 'similar_color_1', 'similar_color_10', 'similar_color_8', 'generator_9', 'generator_10', 'generator_11', 'similar_color_7', 'similar_color_12']
number opened: 0
TRIAL 5
Action chosen: (pink, pink)
Outcome: False
partcle ids: ['similar_color_13', 'generator_1', 'similar_color_5', 'generator_2', 'order_match', 'color_match', 'similar_color_1', 'similar_color_14', 'color_match', 'generator_3', 'generator_4', 'number_match', 'similar_color_1', 'similar_color_14', 'similar_color_1', 'similar_color_7', 'generator_5', 'similar_color_10', 'generator_6', 'similar_color_7', 'generator_7', 'generator_8', 'similar_color_1', 'similar_color_10', 'similar_color_8', 'generator_9', 'generator_10', 'generator_11', 'similar_color_7', 'similar_color_12']
number opened: 0
TRIAL 6
Action chosen: (pink, pink)
Outcome: False
partcle ids: ['similar_color_13', 'generator_1', 'similar_color_5', 'generator_2', 'order_match', 'color_match', 'similar_color_1', 'similar_color_14', 'color_match', 'generator_3', 'generator_4', 'number_match', 'similar_color_1', 'similar_color_14', 'similar_color_1', 'similar_color_7', 'generator_5', 'similar_color_10', 'generator_6', 'similar_color_7', 'generator_7', 'generator_8', 'similar_color_1', 'similar_color_10', 'similar_color_8', 'generator_9', 'generator_10', 'generator_11', 'similar_color_7', 'similar_color_12']
number opened: 0
TRIAL 7
Action chosen: (purple, purple)
Outcome: False
partcle ids: ['similar_color_13', 'generator_1', 'similar_color_5', 'generator_2', 'order_match', 'color_match', 'similar_color_1', 'similar_color_14', 'color_match', 'generator_3', 'generator_4', 'number_match', 'similar_color_1', 'similar_color_14', 'similar_color_1', 'similar_color_7', 'generator_5', 'similar_color_10', 'generator_6', 'similar_color_7', 'generator_7', 'generator_8', 'similar_color_1', 'similar_color_10', 'similar_color_8', 'generator_9', 'generator_10', 'generator_11', 'similar_color_7', 'similar_color_12']
number opened: 0
TRIAL 8
Action chosen: (purple, purple)
Outcome: False
partcle ids: ['similar_color_13', 'generator_1', 'similar_color_5', 'generator_2', 'order_match', 'color_match', 'similar_color_1', 'similar_color_14', 'color_match', 'generator_3', 'generator_4', 'number_match', 'similar_color_1', 'similar_color_14', 'similar_color_1', 'similar_color_7', 'generator_5', 'similar_color_10', 'generator_6', 'similar_color_7', 'generator_7', 'generator_8', 'similar_color_1', 'similar_color_10', 'similar_color_8', 'generator_9', 'generator_10', 'generator_11', 'similar_color_7', 'similar_color_12']
number opened: 0
TRIAL 9
Action chosen: (purple, purple)
Outcome: False
partcle ids: ['similar_color_13', 'generator_1', 'similar_color_5', 'generator_2', 'order_match', 'color_match', 'similar_color_1', 'similar_color_14', 'color_match', 'generator_3', 'generator_4', 'number_match', 'similar_color_1', 'similar_color_14', 'similar_color_1', 'similar_color_7', 'generator_5', 'similar_color_10', 'generator_6', 'similar_color_7', 'generator_7', 'generator_8', 'similar_color_1', 'similar_color_10', 'similar_color_8', 'generator_9', 'generator_10', 'generator_11', 'similar_color_7', 'similar_color_12']
number opened: 0
TRIAL 10
Action chosen: (red, red)
Outcome: True
partcle ids: ['similar_color_6', 'generator_12', 'similar_color_14', 'similar_color_6', 'similar_color_9', 'order_match', 'order_match', 'generator_13', 'number_match', 'number_match', 'order_match', 'generator_14', 'number_match', 'similar_color_14', 'generator_15', 'similar_color_3', 'order_match', 'generator_16', 'similar_color_7', 'order_match', 'similar_color_8', 'generator_17', 'order_match', 'generator_18', 'similar_color_14', 'similar_color_8', 'generator_4', 'similar_color_7', 'generator_19', 'order_match']
number opened: 1
TRIAL 11
Action chosen: (purple, purple)
Outcome: False
partcle ids: ['similar_color_6', 'generator_12', 'similar_color_14', 'similar_color_6', 'similar_color_9', 'order_match', 'order_match', 'generator_13', 'number_match', 'number_match', 'order_match', 'generator_14', 'number_match', 'similar_color_14', 'generator_15', 'similar_color_3', 'order_match', 'generator_16', 'similar_color_7', 'order_match', 'similar_color_8', 'generator_17', 'order_match', 'generator_18', 'similar_color_14', 'similar_color_8', 'generator_4', 'similar_color_7', 'generator_19', 'order_match']
number opened: 1
TRIAL 12
Action chosen: (yellow5, blue)
Outcome: True
partcle ids: ['generator_20', 'generator_21', 'generator_22', 'generator_23', 'generator_24', 'generator_25', 'generator_26', 'generator_27', 'generator_28', 'generator_29', 'generator_30', 'order_match', 'generator_31', 'generator_32', 'generator_33', 'generator_34', 'generator_35', 'generator_36', 'number_match', 'generator_37', 'generator_38', 'generator_39', 'order_match', 'order_match', 'generator_40', 'generator_41', 'number_match', 'order_match', 'generator_42', 'generator_43']
number opened: 2
TRIAL 13
Action chosen: (grey2, pink)
Outcome: True
partcle ids: ['generator_44', 'generator_45', 'number_match', 'generator_46', 'generator_47', 'order_match', 'generator_21', 'generator_48', 'generator_49', 'generator_50', 'generator_51', 'generator_27', 'number_match', 'generator_52', 'generator_21', 'generator_54', 'generator_55', 'generator_56', 'generator_41', 'generator_57', 'generator_44', 'generator_54', 'order_match', 'generator_58', 'generator_52', 'generator_59', 'generator_58', 'generator_60', 'generator_61', 'generator_44']
number opened: 3
TRIAL 14
Action chosen: (green3, purple)
Outcome: True
partcle ids: ['generator_45', 'generator_52', 'generator_61', 'generator_61', 'generator_62', 'generator_63', 'generator_52', 'generator_63', 'generator_45', 'generator_45', 'generator_63', 'generator_62', 'generator_62', 'generator_61', 'number_match', 'number_match', 'generator_62', 'generator_61', 'generator_45', 'number_match', 'generator_45', 'generator_64', 'generator_64', 'generator_56', 'number_match', 'generator_61', 'generator_41', 'number_match', 'generator_41', 'generator_61']
number opened: 4
TRIAL 15
Action chosen: (blue, white)
Outcome: False
partcle ids: ['generator_45', 'generator_52', 'generator_61', 'generator_61', 'generator_62', 'generator_63', 'generator_52', 'generator_63', 'generator_45', 'generator_45', 'generator_63', 'generator_62', 'generator_62', 'generator_61', 'number_match', 'number_match', 'generator_62', 'generator_61', 'generator_45', 'number_match', 'generator_45', 'generator_64', 'generator_64', 'generator_56', 'number_match', 'generator_61', 'generator_41', 'number_match', 'generator_41', 'generator_61']
number opened: 4
TRIAL 16
Action chosen: (orange4, white)
Outcome: True
partcle ids: ['number_match', 'number_match', 'number_match', 'number_match', 'number_match', 'number_match', 'number_match', 'number_match', 'number_match', 'number_match', 'number_match', 'number_match', 'number_match', 'number_match', 'number_match', 'number_match', 'number_match', 'number_match', 'number_match', 'number_match', 'number_match', 'number_match', 'number_match', 'number_match', 'number_match', 'number_match', 'number_match', 'number_match', 'number_match', 'number_match']
number opened: 5
{"attempts": 16, "unique_key_box_pairs": 10, "revisit_attempts": 6, "revisit_rate": 0.4, "attempts_before_abandoning_color_matching": 1, "color_matching_abandoned": true}
