{"Child_ID": "D065", "SoC_variant": "SoC-Full", "theta": [1, 3], "p_gen": 0.3, "true_prior": 0.02, "run_number": 14, "seed": 4141229069801314482}
TRIAL 1
Action chosen: (heart, blue)
Outcome: False
partcle ids: ['similar_color_13', 'generator_1', 'color_match', 'similar_color_8', 'generator_2', 'similar_color_4', 'similar_color_4', 'generator_3', 'generator_4', 'similar_color_12', 'order_match', 'similar_color_2', 'generator_5', 'similar_color_5', 'number_match', 'similar_color_10', 'similar_color_5', 'similar_color_3', 'similar_color_12', 'generator_6', 'generator_7', 'number_match', 'generator_8', 'generator_9', 'similar_color_8', 'order_match', 'similar_color_2', 'similar_color_6', 'generator_10', 'generator_11']
number opened: 0
TRIAL 2
Action chosen: (grey2, white)
Outcome: False
partcle ids: ['similar_color_13', 'generator_1', 'color_match', 'similar_color_8', 'generator_2', 'similar_color_4', 'similar_color_4', 'generator_3', 'generator_4', 'similar_color_12', 'order_match', 'similar_color_2', 'generator_5', 'similar_color_5', 'number_match', 'similar_color_10', 'similar_color_5', 'similar_color_3', 'similar_color_12', 'generator_6', 'generator_7', 'number_match', 'generator_8', 'generator_9', 'similar_color_8', 'order_match', 'similar_color_2', 'similar_color_6', 'generator_10', 'generator_11']
number opened: 0
TRIAL 3
Action chosen: (pink, pink)
Outcome: False
partcle ids: ['similar_color_13', 'generator_1', 'color_match', 'similar_color_8', 'generator_2', 'similar_color_4', 'similar_color_4', 'generator_3', 'generator_4', 'similar_color_12', 'order_match', 'similar_color_2', 'generator_5', 'similar_color_5', 'number_match', 'similar_color_10', 'similar_color_5', 'similar_color_3', 'similar_color_12', 'generator_6', 'generator_7', 'number_match', 'generator_8', 'generator_9', 'similar_color_8', 'order_match', 'similar_color_2', 'similar_color_6', 'generator_10', 'generator_11']
number opened: 0
TRIAL 4
Action chosen: (pink, pink)
Outcome: False
partcle ids: ['similar_color_13', 'generator_1', 'color_match', 'similar_color_8', 'generator_2', 'similar_color_4', 'similar_color_4', 'generator_3', 'generator_4', 'similar_color_12', 'order_match', 'similar_color_2', 'generator_5', 'similar_color_5', 'number_match', 'similar_color_10', 'similar_color_5', 'similar_color_3', 'similar_color_12', 'generator_6', 'generator_7', 'number_match', 'generator_8', 'generator_9', 'similar_color_8', 'order_match', 'similar_color_2', 'similar_color_6', 'generator_10', 'generator_11']
number opened: 0
TRIAL 5
Action chosen: (pink, pink)
Outcome: False
partcle ids: ['similar_color_13', 'generator_1', 'color_match', 'similar_color_8', 'generator_2', 'similar_color_4', 'similar_color_4', 'generator_3', 'generator_4', 'similar_color_12', 'order_match', 'similar_color_2', 'generator_5', 'similar_color_5', 'number_match', 'similar_color_10', 'similar_color_5', 'similar_color_3', 'similar_color_12', 'generator_6', 'generator_7', 'number_match', 'generator_8', 'generator_9', 'similar_color_8', 'order_match', 'similar_color_2', 'similar_color_6', 'generator_10', 'generator_11']
number opened: 0
TRIAL 6
Action chosen: (purple, purple)
Outcome: False
partcle ids: ['similar_color_13', 'generator_1', 'color_match', 'similar_color_8', 'generator_2', 'similar_color_4', 'similar_color_4', 'generator_3', 'generator_4', 'similar_color_12', 'order_match', 'similar_color_2', 'generator_5', 'similar_color_5', 'number_match', 'similar_color_10', 'similar_color_5', 'similar_color_3', 'similar_color_12', 'generator_6', 'generator_7', 'number_match', 'generator_8', 'generator_9', 'similar_color_8', 'order_match', 'similar_color_2', 'similar_color_6', 'generator_10', 'generator_11']
number opened: 0
TRIAL 7
Action chosen: (purple, purple)
Outcome: False
partcle ids: ['similar_color_13', 'generator_1', 'color_match', 'similar_color_8', 'generator_2', 'similar_color_4', 'similar_color_4', 'generator_3', 'generator_4', 'similar_color_12', 'order_match', 'similar_color_2', 'generator_5', 'similar_color_5', 'number_match', 'similar_color_10', 'similar_color_5', 'similar_color_3', 'similar_color_12', 'generator_6', 'generator_7', 'number_match', 'generator_8', 'generator_9', 'similar_color_8', 'order_match', 'similar_color_2', 'similar_color_6', 'generator_10', 'generator_11']
number opened: 0
TRIAL 8
Action chosen: (purple, purple)
Outcome: False
partcle ids: ['similar_color_13', 'generator_1', 'color_match', 'similar_color_8', 'generator_2', 'similar_color_4', 'similar_color_4', 'generator_3', 'generator_4', 'similar_color_12', 'order_match', 'similar_color_2', 'generator_5', 'similar_color_5', 'number_match', 'similar_color_10', 'similar_color_5', 'similar_color_3', 'similar_color_12', 'generator_6', 'generator_7', 'number_match', 'generator_8', 'generator_9', 'similar_color_8', 'order_match', 'similar_color_2', 'similar_color_6', 'generator_10', 'generator_11']
number opened: 0
TRIAL 9
Action chosen: (yellow5, blue)
Outcome: True
partcle ids: ['generator_12', 'generator_13', 'generator_14', 'generator_15', 'generator_16', 'generator_17', 'number_match', 'generator_18', 'generator_19', 'generator_20', 'generator_21', 'generator_22', 'generator_23', 'generator_24', 'generator_25', 'generator_26', 'generator_27', 'generator_8', 'generator_29', 'number_match', 'generator_30', 'generator_31', 'generator_32', 'generator_33', 'order_match', 'generator_8', 'order_match', 'generator_34', 'generator_35', 'generator_36']
number opened: 1
TRIAL 10
Action chosen: (red, red)
Outcome: True
partcle ids: ['generator_37', 'generator_38', 'generator_39', 'generator_40', 'generator_41', 'generator_42', 'generator_43', 'generator_44', 'order_match', 'generator_45', 'generator_46', 'generator_47', 'generator_40', 'generator_48', 'generator_34', 'generator_49', 'order_match', 'generator_50', 'generator_51', 'generator_52', 'generator_53', 'generator_54', 'generator_55', 'number_match', 'generator_35', 'order_match', 'generator_31', 'generator_58', 'generator_59', 'generator_60']
number opened: 2
TRIAL 11
Action chosen: (white, purple)
Outcome: False
partcle ids: ['generator_37', 'generator_38', 'generator_39', 'generator_40', 'generator_41', 'generator_42', 'generator_43', 'generator_44', 'order_match', 'generator_45', 'generator_46', 'generator_47', 'generator_40', 'generator_48', 'generator_34', 'generator_49', 'order_match', 'generator_50', 'generator_51', 'generator_52', 'generator_53', 'generator_54', 'generator_55', 'number_match', 'generator_35', 'order_match', 'generator_31', 'generator_58', 'generator_59', 'generator_60']
number opened: 2
TRIAL 12
Action chosen: (grey2, pink)
Outcome: True
partcle ids: ['generator_61', 'generator_62', 'generator_63', 'order_match', 'generator_64', 'generator_65', 'generator_47', 'generator_66', 'generator_67', 'generator_68', 'generator_69', 'generator_64', 'generator_70', 'generator_47', 'generator_45', 'generator_71', 'generator_72', 'order_match', 'generator_73', 'generator_74', 'generator_75', 'generator_45', 'number_match', 'generator_76', 'generator_75', 'order_match', 'generator_77', 'generator_78', 'generator_79', 'order_match']
number opened: 3
TRIAL 13
Action chosen: (green3, white)
Outcome: False
partcle ids: ['generator_61', 'generator_62', 'generator_63', 'order_match', 'generator_64', 'generator_65', 'generator_47', 'generator_66', 'generator_67', 'generator_68', 'generator_69', 'generator_64', 'generator_70', 'generator_47', 'generator_45', 'generator_71', 'generator_72', 'order_match', 'generator_73', 'generator_74', 'generator_75', 'generator_45', 'number_match', 'generator_76', 'generator_75', 'order_match', 'generator_77', 'generator_78', 'generator_79', 'order_match']
number opened: 3
TRIAL 14
Action chosen: (heart, white)
Outcome: False
partcle ids: ['generator_61', 'generator_62', 'generator_63', 'order_match', 'generator_64', 'generator_65', 'generator_47', 'generator_66', 'generator_67', 'generator_68', 'generator_69', 'generator_64', 'generator_70', 'generator_47', 'generator_45', 'generator_71', 'generator_72', 'order_match', 'generator_73', 'generator_74', 'generator_75', 'generator_45', 'number_match', 'generator_76', 'generator_75', 'order_match', 'generator_77', 'generator_78', 'generator_79', 'order_match']
number opened: 3
TRIAL 15
Action chosen: (heart, purple)
Outcome: False
partcle ids: ['generator_61', 'generator_62', 'generator_63', 'order_match', 'generator_64', 'generator_65', 'generator_47', 'generator_66', 'generator_67', 'generator_68', 'generator_69', 'generator_64', 'generator_70', 'generator_47', 'generator_45', 'generator_71', 'generator_72', 'order_match', 'generator_73', 'generator_74', 'generator_75', 'generator_45', 'number_match', 'generator_76', 'generator_75', 'order_match', 'generator_77', 'generator_78', 'generator_79', 'order_match']
number opened: 3
TRIAL 16
Action chosen: (pink, purple)
Outcome: False
partcle ids: ['generator_61', 'generator_62', 'generator_63', 'order_match', 'generator_64', 'generator_65', 'generator_47', 'generator_66', 'generator_67', 'generator_68', 'generator_69', 'generator_64', 'generator_70', 'generator_47', 'generator_45', 'generator_71', 'generator_72', 'order_match', 'generator_73', 'generator_74', 'generator_75', 'generator_45', 'number_match', 'generator_76', 'generator_75', 'order_match', 'generator_77', 'generator_78', 'generator_79', 'order_match']
number opened: 3
TRIAL 17
Action chosen: (green3, white)
Outcome: False
partcle ids: ['generator_61', 'generator_62', 'generator_63', 'order_match', 'generator_64', 'generator_65', 'generator_47', 'generator_66', 'generator_67', 'generator_68', 'generator_69', 'generator_64', 'generator_70', 'generator_47', 'generator_45', 'generator_71', 'generator_72', 'order_match', 'generator_73', 'generator_74', 'generator_75', 'generator_45', 'number_match', 'generator_76', 'generator_75', 'order_match', 'generator_77', 'generator_78', 'generator_79', 'order_match']
number opened: 3
TRIAL 18
Action chosen: (orange4, white)
Outcome: True
partcle ids: ['generator_80', 'generator_66', 'generator_80', 'generator_63', 'generator_81', 'number_match', 'generator_82', 'generator_82', 'generator_81', 'generator_80', 'generator_83', 'generator_63', 'number_match', 'number_match', 'generator_83', 'generator_80', 'generator_84', 'generator_81', 'number_match', 'generator_80', 'generator_84', 'generator_81', 'number_match', 'generator_81', 'generator_80', 'generator_85', 'generator_81', 'generator_82', 'generator_85', 'number_match']
number opened: 4
TRIAL 19
Action chosen: (diamond, purple)
Outcome: False
partcle ids: ['generator_80', 'generator_66', 'generator_80', 'generator_63', 'generator_81', 'number_match', 'generator_82', 'generator_82', 'generator_81', 'generator_80', 'generator_83', 'generator_63', 'number_match', 'number_match', 'generator_83', 'generator_80', 'generator_84', 'generator_81', 'number_match', 'generator_80', 'generator_84', 'generator_81', 'number_match', 'generator_81', 'generator_80', 'generator_85', 'generator_81', 'generator_82', 'generator_85', 'number_match']
number opened: 4
TRIAL 20
Action chosen: (green3, purple)
Outcome: True
partcle ids: ['number_match', 'number_match', 'number_match', 'number_match', 'number_match', 'number_match', 'number_match', 'number_match', 'number_match', 'number_match', 'number_match', 'number_match', 'number_match', 'number_match', 'number_match', 'number_match', 'number_match', 'number_match', 'number_match', 'number_match', 'number_match', 'number_match', 'number_match', 'number_match', 'number_match', 'number_match', 'number_match', 'number_match', 'number_match', 'number_match']
number opened: 5
{"attempts": 20, "unique_key_box_pairs": 15, "revisit_attempts": 5, "revisit_rate": 0.2631578947368421, "attempts_before_abandoning_color_matching": 0, "color_matching_abandoned": true}
