{"Child_ID": "D025", "SoC_variant": "SoC-Gen", "theta": [19, 1], "p_gen": 0.9, "true_prior": 0.02, "run_number": 75, "seed": 5208335719529041652}
TRIAL 1
Action chosen: (red, red)
Outcome: True
partcle ids: ['generator_25', 'generator_26', 'generator_27', 'generator_28', 'generator_29', 'generator_30', 'generator_31', 'generator_32', 'generator_33', 'generator_34', 'generator_35', 'generator_36', 'generator_37', 'number_match', 'generator_38', 'generator_39', 'generator_40', 'generator_41', 'generator_42', 'generator_19', 'generator_43', 'generator_44', 'similar_color_6', 'generator_45', 'generator_46', 'generator_47', 'generator_48', 'generator_49', 'generator_50', 'generator_51']
number opened: 1
TRIAL 2
Action chosen: (orange4, pink)
Outcome: False
partcle ids: ['generator_25', 'generator_26', 'generator_27', 'generator_28', 'generator_29', 'generator_30', 'generator_31', 'generator_32', 'generator_33', 'generator_34', 'generator_35', 'generator_36', 'generator_37', 'number_match', 'generator_38', 'generator_39', 'generator_40', 'generator_41', 'generator_42', 'generator_19', 'generator_43', 'generator_44', 'similar_color_6', 'generator_45', 'generator_46', 'generator_47', 'generator_48', 'generator_49', 'generator_50', 'generator_51']
number opened: 1
TRIAL 3
Action chosen: (yellow5, blue)
Outcome: True
partcle ids: ['generator_52', 'generator_53', 'generator_54', 'generator_55', 'generator_56', 'generator_57', 'generator_58', 'generator_59', 'generator_60', 'generator_61', 'generator_62', 'generator_63', 'generator_64', 'generator_65', 'generator_66', 'generator_38', 'generator_68', 'generator_69', 'generator_70', 'generator_71', 'generator_72', 'generator_25', 'generator_74', 'generator_25', 'generator_76', 'generator_77', 'generator_78', 'generator_79', 'generator_45', 'generator_81']
number opened: 2
TRIAL 4
Action chosen: (pink, white)
Outcome: False
partcle ids: ['generator_52', 'generator_53', 'generator_54', 'generator_55', 'generator_56', 'generator_57', 'generator_58', 'generator_59', 'generator_60', 'generator_61', 'generator_62', 'generator_63', 'generator_64', 'generator_65', 'generator_66', 'generator_38', 'generator_68', 'generator_69', 'generator_70', 'generator_71', 'generator_72', 'generator_25', 'generator_74', 'generator_25', 'generator_76', 'generator_77', 'generator_78', 'generator_79', 'generator_45', 'generator_81']
number opened: 2
TRIAL 5
Action chosen: (grey2, pink)
Outcome: True
partcle ids: ['generator_82', 'generator_83', 'generator_84', 'generator_85', 'generator_86', 'generator_87', 'generator_25', 'generator_88', 'generator_89', 'generator_90', 'generator_91', 'generator_92', 'generator_93', 'generator_53', 'generator_25', 'generator_94', 'generator_95', 'generator_96', 'generator_84', 'generator_97', 'generator_98', 'generator_99', 'generator_100', 'generator_101', 'generator_52', 'generator_102', 'generator_103', 'generator_104', 'generator_105', 'generator_106']
number opened: 3
TRIAL 6
Action chosen: (orange4, white)
Outcome: True
partcle ids: ['generator_104', 'generator_92', 'generator_107', 'generator_105', 'generator_108', 'generator_90', 'generator_107', 'generator_108', 'generator_107', 'number_match', 'generator_92', 'generator_108', 'generator_92', 'generator_109', 'generator_107', 'generator_109', 'generator_96', 'generator_90', 'number_match', 'generator_96', 'generator_90', 'number_match', 'generator_108', 'generator_109', 'generator_105', 'generator_96', 'generator_96', 'generator_105', 'generator_105', 'generator_109']
number opened: 4
TRIAL 7
Action chosen: (diamond, purple)
Outcome: False
partcle ids: ['generator_104', 'generator_92', 'generator_107', 'generator_105', 'generator_108', 'generator_90', 'generator_107', 'generator_108', 'generator_107', 'number_match', 'generator_92', 'generator_108', 'generator_92', 'generator_109', 'generator_107', 'generator_109', 'generator_96', 'generator_90', 'number_match', 'generator_96', 'generator_90', 'number_match', 'generator_108', 'generator_109', 'generator_105', 'generator_96', 'generator_96', 'generator_105', 'generator_105', 'generator_109']
number opened: 4
TRIAL 8
Action chosen: (cloud, purple)
Outcome: False
partcle ids: ['generator_104', 'generator_92', 'generator_107', 'generator_105', 'generator_108', 'generator_90', 'generator_107', 'generator_108', 'generator_107', 'number_match', 'generator_92', 'generator_108', 'generator_92', 'generator_109', 'generator_107', 'generator_109', 'generator_96', 'generator_90', 'number_match', 'generator_96', 'generator_90', 'number_match', 'generator_108', 'generator_109', 'generator_105', 'generator_96', 'generator_96', 'generator_105', 'generator_105', 'generator_109']
number opened: 4
TRIAL 9
Action chosen: (blue, purple)
Outcome: False
partcle ids: ['generator_104', 'generator_92', 'generator_107', 'generator_105', 'generator_108', 'generator_90', 'generator_107', 'generator_108', 'generator_107', 'number_match', 'generator_92', 'generator_108', 'generator_92', 'generator_109', 'generator_107', 'generator_109', 'generator_96', 'generator_90', 'number_match', 'generator_96', 'generator_90', 'number_match', 'generator_108', 'generator_109', 'generator_105', 'generator_96', 'generator_96', 'generator_105', 'generator_105', 'generator_109']
number opened: 4
TRIAL 10
Action chosen: (purple, purple)
Outcome: False
partcle ids: ['generator_104', 'generator_92', 'generator_107', 'generator_105', 'generator_108', 'generator_90', 'generator_107', 'generator_108', 'generator_107', 'number_match', 'generator_92', 'generator_108', 'generator_92', 'generator_109', 'generator_107', 'generator_109', 'generator_96', 'generator_90', 'number_match', 'generator_96', 'generator_90', 'number_match', 'generator_108', 'generator_109', 'generator_105', 'generator_96', 'generator_96', 'generator_105', 'generator_105', 'generator_109']
number opened: 4
TRIAL 11
Action chosen: (triangle, purple)
Outcome: False
partcle ids: ['generator_104', 'generator_92', 'number_match', 'generator_90', 'generator_90', 'generator_92', 'generator_90', 'generator_90', 'generator_92', 'number_match', 'number_match', 'generator_105', 'number_match', 'generator_92', 'generator_92', 'generator_104', 'number_match', 'generator_90', 'generator_92', 'generator_104', 'number_match', 'generator_104', 'number_match', 'number_match', 'generator_92', 'generator_92', 'generator_92', 'number_match', 'number_match', 'generator_90']
number opened: 4
TRIAL 12
Action chosen: (green3, purple)
Outcome: True
partcle ids: ['number_match', 'number_match', 'number_match', 'number_match', 'number_match', 'number_match', 'number_match', 'number_match', 'number_match', 'number_match', 'number_match', 'number_match', 'number_match', 'number_match', 'number_match', 'number_match', 'number_match', 'number_match', 'number_match', 'number_match', 'number_match', 'number_match', 'number_match', 'number_match', 'number_match', 'number_match', 'number_match', 'number_match', 'number_match', 'number_match']
number opened: 5
{"attempts": 12, "unique_key_box_pairs": 12, "revisit_attempts": 0, "revisit_rate": 0.0, "attempts_before_abandoning_color_matching": 1, "color_matching_abandoned": true}
