{"Child_ID": "D025", "SoC_variant": "SoC-Gen", "theta": [19, 1], "p_gen": 0.9, "true_prior": 0.02, "run_number": 24, "seed": 1248193355327512548}
TRIAL 1
Action chosen: (triangle, white)
Outcome: False
partcle ids: ['generator_1', 'generator_2', 'generator_3', 'generator_4', 'generator_5', 'generator_6', 'shape_match', 'generator_7', 'generator_8', 'generator_9', 'generator_10', 'generator_11', 'generator_12', 'similar_color_8', 'generator_13', 'generator_14', 'generator_15', 'generator_16', 'generator_17', 'similar_color_6', 'generator_18', 'generator_19', 'generator_20', 'generator_21', 'generator_22', 'generator_23', 'generator_24', 'similar_color_9', 'generator_25', 'generator_26']
number opened: 0
TRIAL 2
Action chosen: (blue, blue)
Outcome: False
partcle ids: ['generator_1', 'generator_2', 'generator_3', 'generator_4', 'generator_5', 'generator_6', 'shape_match', 'generator_7', 'generator_8', 'generator_9', 'generator_10', 'generator_11', 'generator_12', 'similar_color_8', 'generator_13', 'generator_14', 'generator_15', 'generator_16', 'generator_17', 'similar_color_6', 'generator_18', 'generator_19', 'generator_20', 'generator_21', 'generator_22', 'generator_23', 'generator_24', 'similar_color_9', 'generator_25', 'generator_26']
number opened: 0
TRIAL 3
Action chosen: (grey2, purple)
Outcome: False
partcle ids: ['generator_1', 'generator_2', 'generator_3', 'generator_4', 'generator_5', 'generator_6', 'shape_match', 'generator_7', 'generator_8', 'generator_9', 'generator_10', 'generator_11', 'generator_12', 'similar_color_8', 'generator_13', 'generator_14', 'generator_15', 'generator_16', 'generator_17', 'similar_color_6', 'generator_18', 'generator_19', 'generator_20', 'generator_21', 'generator_22', 'generator_23', 'generator_24', 'similar_color_9', 'generator_25', 'generator_26']
number opened: 0
TRIAL 4
Action chosen: (heart, red)
Outcome: False
partcle ids: ['generator_1', 'generator_5', 'generator_29', 'generator_30', 'generator_31', 'generator_32', 'generator_33', 'generator_8', 'generator_35', 'generator_36', 'generator_37', 'generator_38', 'generator_39', 'generator_40', 'generator_41', 'generator_42', 'generator_43', 'generator_44', 'generator_14', 'generator_46', 'generator_47', 'generator_48', 'generator_12', 'generator_50', 'generator_26', 'generator_52', 'generator_53', 'generator_54', 'generator_55', 'generator_11']
number opened: 0
TRIAL 5
Action chosen: (pink, red)
Outcome: False
partcle ids: ['generator_1', 'generator_5', 'generator_29', 'generator_30', 'generator_31', 'generator_32', 'generator_33', 'generator_8', 'generator_35', 'generator_36', 'generator_37', 'generator_38', 'generator_39', 'generator_40', 'generator_41', 'generator_42', 'generator_43', 'generator_44', 'generator_14', 'generator_46', 'generator_47', 'generator_48', 'generator_12', 'generator_50', 'generator_26', 'generator_52', 'generator_53', 'generator_54', 'generator_55', 'generator_11']
number opened: 0
TRIAL 6
Action chosen: (green3, red)
Outcome: False
partcle ids: ['generator_1', 'generator_5', 'generator_29', 'generator_30', 'generator_31', 'generator_32', 'generator_33', 'generator_8', 'generator_35', 'generator_36', 'generator_37', 'generator_38', 'generator_39', 'generator_40', 'generator_41', 'generator_42', 'generator_43', 'generator_44', 'generator_14', 'generator_46', 'generator_47', 'generator_48', 'generator_12', 'generator_50', 'generator_26', 'generator_52', 'generator_53', 'generator_54', 'generator_55', 'generator_11']
number opened: 0
TRIAL 7
Action chosen: (green3, white)
Outcome: False
partcle ids: ['generator_1', 'generator_5', 'generator_29', 'generator_30', 'generator_31', 'generator_32', 'generator_33', 'generator_8', 'generator_35', 'generator_36', 'generator_37', 'generator_38', 'generator_39', 'generator_40', 'generator_41', 'generator_42', 'generator_43', 'generator_44', 'generator_14', 'generator_46', 'generator_47', 'generator_48', 'generator_12', 'generator_50', 'generator_26', 'generator_52', 'generator_53', 'generator_54', 'generator_55', 'generator_11']
number opened: 0
TRIAL 8
Action chosen: (white, white)
Outcome: False
partcle ids: ['generator_57', 'generator_58', 'generator_59', 'generator_60', 'generator_61', 'generator_62', 'generator_37', 'generator_63', 'generator_64', 'generator_41', 'generator_66', 'generator_67', 'generator_37', 'generator_69', 'generator_70', 'generator_37', 'generator_47', 'generator_47', 'generator_74', 'generator_33', 'generator_76', 'generator_77', 'generator_50', 'generator_78', 'generator_48', 'generator_80', 'number_match', 'generator_81', 'generator_82', 'generator_37']
number opened: 0
TRIAL 9
Action chosen: (orange4, purple)
Outcome: False
partcle ids: ['generator_57', 'generator_58', 'generator_59', 'generator_60', 'generator_61', 'generator_62', 'generator_37', 'generator_63', 'generator_64', 'generator_41', 'generator_66', 'generator_67', 'generator_37', 'generator_69', 'generator_70', 'generator_37', 'generator_47', 'generator_47', 'generator_74', 'generator_33', 'generator_76', 'generator_77', 'generator_50', 'generator_78', 'generator_48', 'generator_80', 'number_match', 'generator_81', 'generator_82', 'generator_37']
number opened: 0
TRIAL 10
Action chosen: (cloud, pink)
Outcome: False
partcle ids: ['generator_57', 'generator_58', 'generator_59', 'generator_60', 'generator_61', 'generator_62', 'generator_37', 'generator_63', 'generator_64', 'generator_41', 'generator_66', 'generator_67', 'generator_37', 'generator_69', 'generator_70', 'generator_37', 'generator_47', 'generator_47', 'generator_74', 'generator_33', 'generator_76', 'generator_77', 'generator_50', 'generator_78', 'generator_48', 'generator_80', 'number_match', 'generator_81', 'generator_82', 'generator_37']
number opened: 0
TRIAL 11
Action chosen: (grey2, pink)
Outcome: True
partcle ids: ['generator_84', 'generator_85', 'generator_82', 'generator_47', 'generator_88', 'generator_47', 'generator_90', 'generator_91', 'number_match', 'generator_92', 'generator_93', 'generator_94', 'generator_95', 'generator_96', 'number_match', 'generator_47', 'generator_47', 'generator_47', 'generator_47', 'generator_102', 'generator_103', 'generator_104', 'generator_47', 'generator_106', 'generator_82', 'generator_108', 'generator_109', 'generator_47', 'generator_111', 'generator_112']
number opened: 1
TRIAL 12
Action chosen: (orange4, white)
Outcome: True
partcle ids: ['generator_47', 'generator_114', 'generator_115', 'generator_47', 'generator_47', 'generator_118', 'generator_47', 'generator_120', 'generator_121', 'generator_122', 'generator_47', 'generator_124', 'generator_125', 'generator_126', 'generator_127', 'generator_128', 'generator_129', 'generator_130', 'generator_131', 'generator_132', 'generator_133', 'generator_134', 'generator_47', 'generator_136', 'generator_137', 'generator_138', 'generator_139', 'generator_140', 'generator_141', 'generator_142']
number opened: 2
TRIAL 13
Action chosen: (green3, blue)
Outcome: False
partcle ids: ['generator_47', 'generator_114', 'generator_115', 'generator_47', 'generator_47', 'generator_118', 'generator_47', 'generator_120', 'generator_121', 'generator_122', 'generator_47', 'generator_124', 'generator_125', 'generator_126', 'generator_127', 'generator_128', 'generator_129', 'generator_130', 'generator_131', 'generator_132', 'generator_133', 'generator_134', 'generator_47', 'generator_136', 'generator_137', 'generator_138', 'generator_139', 'generator_140', 'generator_141', 'generator_142']
number opened: 2
TRIAL 14
Action chosen: (blue, red)
Outcome: False
partcle ids: ['generator_47', 'generator_114', 'generator_115', 'generator_47', 'generator_47', 'generator_118', 'generator_47', 'generator_120', 'generator_121', 'generator_122', 'generator_47', 'generator_124', 'generator_125', 'generator_126', 'generator_127', 'generator_128', 'generator_129', 'generator_130', 'generator_131', 'generator_132', 'generator_133', 'generator_134', 'generator_47', 'generator_136', 'generator_137', 'generator_138', 'generator_139', 'generator_140', 'generator_141', 'generator_142']
number opened: 2
TRIAL 15
Action chosen: (yellow5, red)
Outcome: False
partcle ids: ['generator_143', 'generator_120', 'generator_118', 'generator_146', 'generator_122', 'generator_125', 'generator_149', 'generator_118', 'generator_114', 'generator_122', 'generator_128', 'generator_128', 'generator_91', 'generator_141', 'generator_138', 'generator_139', 'generator_157', 'generator_128', 'generator_120', 'generator_129', 'generator_128', 'generator_161', 'generator_129', 'generator_118', 'generator_164', 'generator_128', 'generator_166', 'generator_122', 'generator_168', 'generator_169']
number opened: 2
TRIAL 16
Action chosen: (yellow5, blue)
Outcome: True
partcle ids: ['generator_128', 'generator_171', 'generator_128', 'generator_169', 'generator_174', 'generator_128', 'generator_176', 'generator_122', 'generator_178', 'generator_128', 'generator_180', 'generator_128', 'generator_182', 'generator_183', 'generator_139', 'generator_185', 'generator_186', 'generator_187', 'generator_122', 'generator_128', 'generator_189', 'generator_189', 'generator_128', 'generator_191', 'generator_187', 'generator_192', 'generator_191', 'generator_172', 'generator_128', 'generator_193']
number opened: 3
TRIAL 17
Action chosen: (diamond, red)
Outcome: False
partcle ids: ['generator_128', 'generator_171', 'generator_128', 'generator_169', 'generator_174', 'generator_128', 'generator_176', 'generator_122', 'generator_178', 'generator_128', 'generator_180', 'generator_128', 'generator_182', 'generator_183', 'generator_139', 'generator_185', 'generator_186', 'generator_187', 'generator_122', 'generator_128', 'generator_189', 'generator_189', 'generator_128', 'generator_191', 'generator_187', 'generator_192', 'generator_191', 'generator_172', 'generator_128', 'generator_193']
number opened: 3
TRIAL 18
Action chosen: (white, red)
Outcome: False
partcle ids: ['generator_128', 'generator_171', 'generator_128', 'generator_169', 'generator_174', 'generator_128', 'generator_176', 'generator_122', 'generator_178', 'generator_128', 'generator_180', 'generator_128', 'generator_182', 'generator_183', 'generator_139', 'generator_185', 'generator_186', 'generator_187', 'generator_122', 'generator_128', 'generator_189', 'generator_189', 'generator_128', 'generator_191', 'generator_187', 'generator_192', 'generator_191', 'generator_172', 'generator_128', 'generator_193']
number opened: 3
TRIAL 19
Action chosen: (red, red)
Outcome: True
partcle ids: ['number_match', 'generator_194', 'generator_195', 'generator_183', 'generator_139', 'generator_196', 'generator_139', 'generator_180', 'generator_197', 'generator_196', 'generator_183', 'generator_194', 'generator_183', 'generator_194', 'generator_194', 'generator_183', 'generator_195', 'generator_194', 'generator_197', 'generator_187', 'generator_195', 'generator_183', 'generator_183', 'generator_197', 'generator_180', 'generator_195', 'generator_195', 'generator_197', 'generator_180', 'generator_183']
number opened: 4
TRIAL 20
Action chosen: (purple, purple)
Outcome: False
partcle ids: ['number_match', 'generator_194', 'generator_195', 'generator_183', 'generator_139', 'generator_196', 'generator_139', 'generator_180', 'generator_197', 'generator_196', 'generator_183', 'generator_194', 'generator_183', 'generator_194', 'generator_194', 'generator_183', 'generator_195', 'generator_194', 'generator_197', 'generator_187', 'generator_195', 'generator_183', 'generator_183', 'generator_197', 'generator_180', 'generator_195', 'generator_195', 'generator_197', 'generator_180', 'generator_183']
number opened: 4
TRIAL 21
Action chosen: (diamond, purple)
Outcome: False
partcle ids: ['number_match', 'generator_194', 'generator_195', 'generator_183', 'generator_139', 'generator_196', 'generator_139', 'generator_180', 'generator_197', 'generator_196', 'generator_183', 'generator_194', 'generator_183', 'generator_194', 'generator_194', 'generator_183', 'generator_195', 'generator_194', 'generator_197', 'generator_187', 'generator_195', 'generator_183', 'generator_183', 'generator_197', 'generator_180', 'generator_195', 'generator_195', 'generator_197', 'generator_180', 'generator_183']
number opened: 4
TRIAL 22
Action chosen: (pink, purple)
Outcome: False
partcle ids: ['generator_180', 'number_match', 'generator_196', 'generator_139', 'generator_197', 'generator_187', 'generator_197', 'generator_196', 'number_match', 'generator_139', 'number_match', 'generator_187', 'generator_196', 'generator_180', 'generator_187', 'generator_196', 'generator_180', 'generator_197', 'generator_197', 'generator_197', 'number_match', 'generator_196', 'generator_183', 'generator_187', 'generator_196', 'generator_139', 'generator_187', 'generator_187', 'generator_187', 'generator_180']
number opened: 4
TRIAL 23
Action chosen: (triangle, purple)
Outcome: False
partcle ids: ['generator_180', 'number_match', 'generator_196', 'generator_139', 'generator_197', 'generator_187', 'generator_197', 'generator_196', 'number_match', 'generator_139', 'number_match', 'generator_187', 'generator_196', 'generator_180', 'generator_187', 'generator_196', 'generator_180', 'generator_197', 'generator_197', 'generator_197', 'number_match', 'generator_196', 'generator_183', 'generator_187', 'generator_196', 'generator_139', 'generator_187', 'generator_187', 'generator_187', 'generator_180']
number opened: 4
TRIAL 24
Action chosen: (heart, purple)
Outcome: False
partcle ids: ['generator_180', 'number_match', 'generator_196', 'generator_139', 'generator_197', 'generator_187', 'generator_197', 'generator_196', 'number_match', 'generator_139', 'number_match', 'generator_187', 'generator_196', 'generator_180', 'generator_187', 'generator_196', 'generator_180', 'generator_197', 'generator_197', 'generator_197', 'number_match', 'generator_196', 'generator_183', 'generator_187', 'generator_196', 'generator_139', 'generator_187', 'generator_187', 'generator_187', 'generator_180']
number opened: 4
TRIAL 25
Action chosen: (cloud, purple)
Outcome: False
partcle ids: ['number_match', 'number_match', 'number_match', 'generator_180', 'generator_139', 'generator_139', 'generator_197', 'generator_180', 'number_match', 'generator_180', 'generator_139', 'generator_183', 'generator_139', 'generator_180', 'number_match', 'generator_139', 'number_match', 'number_match', 'number_match', 'generator_139', 'generator_180', 'generator_180', 'number_match', 'generator_139', 'generator_180', 'number_match', 'generator_139', 'generator_139', 'generator_183', 'generator_139']
number opened: 4
TRIAL 26
Action chosen: (green3, purple)
Outcome: True
partcle ids: ['number_match', 'number_match', 'number_match', 'number_match', 'number_match', 'number_match', 'number_match', 'number_match', 'number_match', 'number_match', 'number_match', 'number_match', 'number_match', 'number_match', 'number_match', 'number_match', 'number_match', 'number_match', 'number_match', 'number_match', 'number_match', 'number_match', 'number_match', 'number_match', 'number_match', 'number_match', 'number_match', 'number_match', 'number_match', 'number_match']
number opened: 5
{"attempts": 26, "unique_key_box_pairs": 26, "revisit_attempts": 0, "revisit_rate": 0.0, "attempts_before_abandoning_color_matching": 0, "color_matching_abandoned": true}
