{"Child_ID": "D025", "SoC_variant": "SoC-Gen", "theta": [19, 1], "p_gen": 0.9, "true_prior": 0.02, "run_number": 3, "seed": 8635761682337047668}
TRIAL 1
Action chosen: (blue, pink)
Outcome: False
partcle ids: ['generator_1', 'generator_2', 'generator_3', 'generator_4', 'generator_5', 'generator_6', 'generator_7', 'shape_match', 'generator_8', 'generator_9', 'generator_10', 'generator_11', 'generator_12', 'generator_13', 'generator_14', 'color_match', 'generator_15', 'generator_16', 'generator_17', 'generator_18', 'generator_19', 'generator_20', 'generator_21', 'generator_22', 'generator_23', 'generator_24', 'generator_25', 'generator_26', 'generator_27', 'similar_color_4']
number opened: 0
TRIAL 2
Action chosen: (white, purple)
Outcome: False
partcle ids: ['generator_1', 'generator_2', 'generator_3', 'generator_4', 'generator_5', 'generator_6', 'generator_7', 'shape_match', 'generator_8', 'generator_9', 'generator_10', 'generator_11', 'generator_12', 'generator_13', 'generator_14', 'color_match', 'generator_15', 'generator_16', 'generator_17', 'generator_18', 'generator_19', 'generator_20', 'generator_21', 'generator_22', 'generator_23', 'generator_24', 'generator_25', 'generator_26', 'generator_27', 'similar_color_4']
number opened: 0
TRIAL 3
Action chosen: (purple, purple)
Outcome: False
partcle ids: ['generator_1', 'generator_2', 'generator_3', 'generator_4', 'generator_5', 'generator_6', 'generator_7', 'shape_match', 'generator_8', 'generator_9', 'generator_10', 'generator_11', 'generator_12', 'generator_13', 'generator_14', 'color_match', 'generator_15', 'generator_16', 'generator_17', 'generator_18', 'generator_19', 'generator_20', 'generator_21', 'generator_22', 'generator_23', 'generator_24', 'generator_25', 'generator_26', 'generator_27', 'similar_color_4']
number opened: 0
TRIAL 4
Action chosen: (cloud, blue)
Outcome: False
partcle ids: ['generator_9', 'generator_3', 'generator_30', 'generator_14', 'generator_21', 'generator_32', 'generator_21', 'generator_34', 'generator_35', 'generator_36', 'generator_37', 'generator_38', 'generator_39', 'generator_11', 'generator_41', 'generator_42', 'generator_43', 'generator_3', 'generator_11', 'generator_45', 'generator_46', 'generator_47', 'generator_11', 'generator_15', 'generator_3', 'generator_49', 'generator_50', 'generator_51', 'generator_52', 'generator_14']
number opened: 0
TRIAL 5
Action chosen: (blue, purple)
Outcome: False
partcle ids: ['generator_9', 'generator_3', 'generator_30', 'generator_14', 'generator_21', 'generator_32', 'generator_21', 'generator_34', 'generator_35', 'generator_36', 'generator_37', 'generator_38', 'generator_39', 'generator_11', 'generator_41', 'generator_42', 'generator_43', 'generator_3', 'generator_11', 'generator_45', 'generator_46', 'generator_47', 'generator_11', 'generator_15', 'generator_3', 'generator_49', 'generator_50', 'generator_51', 'generator_52', 'generator_14']
number opened: 0
TRIAL 6
Action chosen: (heart, white)
Outcome: False
partcle ids: ['generator_9', 'generator_3', 'generator_30', 'generator_14', 'generator_21', 'generator_32', 'generator_21', 'generator_34', 'generator_35', 'generator_36', 'generator_37', 'generator_38', 'generator_39', 'generator_11', 'generator_41', 'generator_42', 'generator_43', 'generator_3', 'generator_11', 'generator_45', 'generator_46', 'generator_47', 'generator_11', 'generator_15', 'generator_3', 'generator_49', 'generator_50', 'generator_51', 'generator_52', 'generator_14']
number opened: 0
TRIAL 7
Action chosen: (orange4, pink)
Outcome: False
partcle ids: ['generator_54', 'generator_38', 'generator_56', 'generator_57', 'generator_35', 'generator_58', 'generator_59', 'generator_42', 'generator_61', 'generator_35', 'generator_21', 'generator_37', 'generator_37', 'generator_65', 'generator_35', 'generator_67', 'generator_68', 'generator_42', 'generator_70', 'generator_71', 'generator_72', 'generator_49', 'generator_74', 'generator_75', 'generator_76', 'generator_51', 'generator_78', 'generator_79', 'generator_80', 'generator_51']
number opened: 0
TRIAL 8
Action chosen: (heart, purple)
Outcome: False
partcle ids: ['generator_54', 'generator_38', 'generator_56', 'generator_57', 'generator_35', 'generator_58', 'generator_59', 'generator_42', 'generator_61', 'generator_35', 'generator_21', 'generator_37', 'generator_37', 'generator_65', 'generator_35', 'generator_67', 'generator_68', 'generator_42', 'generator_70', 'generator_71', 'generator_72', 'generator_49', 'generator_74', 'generator_75', 'generator_76', 'generator_51', 'generator_78', 'generator_79', 'generator_80', 'generator_51']
number opened: 0
TRIAL 9
Action chosen: (heart, red)
Outcome: False
partcle ids: ['generator_54', 'generator_38', 'generator_56', 'generator_57', 'generator_35', 'generator_58', 'generator_59', 'generator_42', 'generator_61', 'generator_35', 'generator_21', 'generator_37', 'generator_37', 'generator_65', 'generator_35', 'generator_67', 'generator_68', 'generator_42', 'generator_70', 'generator_71', 'generator_72', 'generator_49', 'generator_74', 'generator_75', 'generator_76', 'generator_51', 'generator_78', 'generator_79', 'generator_80', 'generator_51']
number opened: 0
TRIAL 10
Action chosen: (blue, white)
Outcome: False
partcle ids: ['generator_54', 'generator_38', 'generator_56', 'generator_57', 'generator_35', 'generator_58', 'generator_59', 'generator_42', 'generator_61', 'generator_35', 'generator_21', 'generator_37', 'generator_37', 'generator_65', 'generator_35', 'generator_67', 'generator_68', 'generator_42', 'generator_70', 'generator_71', 'generator_72', 'generator_49', 'generator_74', 'generator_75', 'generator_76', 'generator_51', 'generator_78', 'generator_79', 'generator_80', 'generator_51']
number opened: 0
TRIAL 11
Action chosen: (triangle, blue)
Outcome: False
partcle ids: ['generator_35', 'generator_82', 'generator_83', 'generator_84', 'generator_85', 'generator_37', 'generator_87', 'generator_51', 'generator_89', 'generator_21', 'generator_54', 'generator_21', 'generator_92', 'generator_93', 'generator_79', 'generator_94', 'generator_37', 'generator_96', 'generator_54', 'generator_68', 'generator_37', 'generator_99', 'generator_68', 'generator_58', 'generator_56', 'generator_56', 'generator_75', 'generator_105', 'generator_54', 'generator_107']
number opened: 0
TRIAL 12
Action chosen: (diamond, pink)
Outcome: False
partcle ids: ['generator_35', 'generator_82', 'generator_83', 'generator_84', 'generator_85', 'generator_37', 'generator_87', 'generator_51', 'generator_89', 'generator_21', 'generator_54', 'generator_21', 'generator_92', 'generator_93', 'generator_79', 'generator_94', 'generator_37', 'generator_96', 'generator_54', 'generator_68', 'generator_37', 'generator_99', 'generator_68', 'generator_58', 'generator_56', 'generator_56', 'generator_75', 'generator_105', 'generator_54', 'generator_107']
number opened: 0
TRIAL 13
Action chosen: (yellow5, purple)
Outcome: False
partcle ids: ['generator_35', 'generator_82', 'generator_83', 'generator_84', 'generator_85', 'generator_37', 'generator_87', 'generator_51', 'generator_89', 'generator_21', 'generator_54', 'generator_21', 'generator_92', 'generator_93', 'generator_79', 'generator_94', 'generator_37', 'generator_96', 'generator_54', 'generator_68', 'generator_37', 'generator_99', 'generator_68', 'generator_58', 'generator_56', 'generator_56', 'generator_75', 'generator_105', 'generator_54', 'generator_107']
number opened: 0
TRIAL 14
Action chosen: (green3, purple)
Outcome: True
partcle ids: ['generator_108', 'generator_109', 'generator_68', 'generator_111', 'generator_68', 'generator_113', 'generator_114', 'generator_68', 'generator_116', 'generator_96', 'generator_68', 'generator_119', 'generator_120', 'generator_96', 'generator_96', 'generator_96', 'generator_124', 'generator_107', 'generator_68', 'generator_68', 'generator_127', 'generator_128', 'generator_107', 'generator_130', 'generator_131', 'generator_132', 'generator_68', 'generator_134', 'generator_68', 'generator_68']
number opened: 1
TRIAL 15
Action chosen: (red, pink)
Outcome: False
partcle ids: ['generator_108', 'generator_109', 'generator_68', 'generator_111', 'generator_68', 'generator_113', 'generator_114', 'generator_68', 'generator_116', 'generator_96', 'generator_68', 'generator_119', 'generator_120', 'generator_96', 'generator_96', 'generator_96', 'generator_124', 'generator_107', 'generator_68', 'generator_68', 'generator_127', 'generator_128', 'generator_107', 'generator_130', 'generator_131', 'generator_132', 'generator_68', 'generator_134', 'generator_68', 'generator_68']
number opened: 1
TRIAL 16
Action chosen: (red, white)
Outcome: False
partcle ids: ['generator_107', 'generator_138', 'generator_113', 'generator_140', 'generator_109', 'generator_142', 'generator_127', 'generator_107', 'generator_109', 'generator_132', 'generator_113', 'generator_107', 'generator_149', 'generator_107', 'generator_151', 'generator_107', 'generator_153', 'generator_154', 'generator_130', 'generator_114', 'generator_109', 'generator_158', 'generator_107', 'generator_113', 'generator_111', 'generator_114', 'generator_162', 'generator_163', 'generator_114', 'generator_165']
number opened: 1
TRIAL 17
Action chosen: (red, blue)
Outcome: False
partcle ids: ['generator_107', 'generator_138', 'generator_113', 'generator_140', 'generator_109', 'generator_142', 'generator_127', 'generator_107', 'generator_109', 'generator_132', 'generator_113', 'generator_107', 'generator_149', 'generator_107', 'generator_151', 'generator_107', 'generator_153', 'generator_154', 'generator_130', 'generator_114', 'generator_109', 'generator_158', 'generator_107', 'generator_113', 'generator_111', 'generator_114', 'generator_162', 'generator_163', 'generator_114', 'generator_165']
number opened: 1
TRIAL 18
Action chosen: (diamond, white)
Outcome: False
partcle ids: ['generator_166', 'generator_154', 'generator_165', 'generator_169', 'generator_170', 'generator_171', 'generator_165', 'generator_130', 'generator_174', 'generator_175', 'generator_176', 'generator_177', 'generator_142', 'generator_113', 'generator_165', 'generator_181', 'generator_165', 'generator_154', 'generator_142', 'generator_151', 'generator_186', 'generator_165', 'generator_188', 'generator_158', 'generator_158', 'generator_140', 'generator_192', 'generator_193', 'generator_194', 'generator_154']
number opened: 1
TRIAL 19
Action chosen: (purple, pink)
Outcome: False
partcle ids: ['generator_166', 'generator_154', 'generator_165', 'generator_169', 'generator_170', 'generator_171', 'generator_165', 'generator_130', 'generator_174', 'generator_175', 'generator_176', 'generator_177', 'generator_142', 'generator_113', 'generator_165', 'generator_181', 'generator_165', 'generator_154', 'generator_142', 'generator_151', 'generator_186', 'generator_165', 'generator_188', 'generator_158', 'generator_158', 'generator_140', 'generator_192', 'generator_193', 'generator_194', 'generator_154']
number opened: 1
TRIAL 20
Action chosen: (heart, pink)
Outcome: False
partcle ids: ['generator_166', 'generator_154', 'generator_165', 'generator_169', 'generator_170', 'generator_171', 'generator_165', 'generator_130', 'generator_174', 'generator_175', 'generator_176', 'generator_177', 'generator_142', 'generator_113', 'generator_165', 'generator_181', 'generator_165', 'generator_154', 'generator_142', 'generator_151', 'generator_186', 'generator_165', 'generator_188', 'generator_158', 'generator_158', 'generator_140', 'generator_192', 'generator_193', 'generator_194', 'generator_154']
number opened: 1
TRIAL 21
Action chosen: (purple, white)
Outcome: False
partcle ids: ['generator_151', 'generator_192', 'generator_198', 'generator_165', 'generator_200', 'generator_130', 'generator_170', 'generator_166', 'generator_204', 'generator_205', 'generator_130', 'generator_207', 'generator_208', 'generator_170', 'generator_210', 'generator_211', 'generator_113', 'generator_212', 'generator_213', 'generator_214', 'generator_175', 'generator_177', 'generator_216', 'generator_151', 'generator_218', 'generator_219', 'generator_130', 'generator_221', 'generator_222', 'generator_165']
number opened: 1
TRIAL 22
Action chosen: (cloud, white)
Outcome: False
partcle ids: ['generator_151', 'generator_192', 'generator_198', 'generator_165', 'generator_200', 'generator_130', 'generator_170', 'generator_166', 'generator_204', 'generator_205', 'generator_130', 'generator_207', 'generator_208', 'generator_170', 'generator_210', 'generator_211', 'generator_113', 'generator_212', 'generator_213', 'generator_214', 'generator_175', 'generator_177', 'generator_216', 'generator_151', 'generator_218', 'generator_219', 'generator_130', 'generator_221', 'generator_222', 'generator_165']
number opened: 1
TRIAL 23
Action chosen: (red, red)
Outcome: True
partcle ids: ['generator_130', 'generator_130', 'generator_226', 'generator_130', 'generator_228', 'generator_130', 'generator_221', 'generator_231', 'generator_228', 'generator_130', 'generator_130', 'generator_130', 'generator_235', 'generator_130', 'generator_237', 'generator_130', 'generator_130', 'generator_130', 'generator_241', 'generator_242', 'generator_130', 'generator_244', 'generator_130', 'generator_246', 'generator_247', 'generator_248', 'generator_249', 'generator_250', 'generator_130', 'generator_130']
number opened: 2
TRIAL 24
Action chosen: (orange4, white)
Outcome: True
partcle ids: ['generator_130', 'generator_130', 'generator_226', 'generator_130', 'generator_228', 'generator_130', 'generator_221', 'generator_231', 'generator_228', 'generator_130', 'generator_130', 'generator_130', 'generator_235', 'generator_130', 'generator_237', 'generator_130', 'generator_130', 'generator_130', 'generator_241', 'generator_242', 'generator_130', 'generator_244', 'generator_130', 'generator_246', 'generator_247', 'generator_248', 'generator_249', 'generator_250', 'generator_130', 'generator_130']
number opened: 3
TRIAL 25
Action chosen: (heart, blue)
Outcome: False
partcle ids: ['generator_130', 'generator_130', 'generator_226', 'generator_130', 'generator_228', 'generator_130', 'generator_221', 'generator_231', 'generator_228', 'generator_130', 'generator_130', 'generator_130', 'generator_235', 'generator_130', 'generator_237', 'generator_130', 'generator_130', 'generator_130', 'generator_241', 'generator_242', 'generator_130', 'generator_244', 'generator_130', 'generator_246', 'generator_247', 'generator_248', 'generator_249', 'generator_250', 'generator_130', 'generator_130']
number opened: 3
TRIAL 26
Action chosen: (blue, pink)
Outcome: False
partcle ids: ['generator_130', 'generator_130', 'generator_226', 'generator_130', 'generator_228', 'generator_130', 'generator_221', 'generator_231', 'generator_228', 'generator_130', 'generator_130', 'generator_130', 'generator_235', 'generator_130', 'generator_237', 'generator_130', 'generator_130', 'generator_130', 'generator_241', 'generator_242', 'generator_130', 'generator_244', 'generator_130', 'generator_246', 'generator_247', 'generator_248', 'generator_249', 'generator_250', 'generator_130', 'generator_130']
number opened: 3
TRIAL 27
Action chosen: (grey2, blue)
Outcome: False
partcle ids: ['generator_130', 'generator_130', 'generator_226', 'generator_130', 'generator_228', 'generator_130', 'generator_221', 'generator_231', 'generator_228', 'generator_130', 'generator_130', 'generator_130', 'generator_235', 'generator_130', 'generator_237', 'generator_130', 'generator_130', 'generator_130', 'generator_241', 'generator_242', 'generator_130', 'generator_244', 'generator_130', 'generator_246', 'generator_247', 'generator_248', 'generator_249', 'generator_250', 'generator_130', 'generator_130']
number opened: 3
TRIAL 28
Action chosen: (heart, blue)
Outcome: False
partcle ids: ['generator_130', 'generator_130', 'generator_226', 'generator_130', 'generator_228', 'generator_130', 'generator_221', 'generator_231', 'generator_228', 'generator_130', 'generator_130', 'generator_130', 'generator_235', 'generator_130', 'generator_237', 'generator_130', 'generator_130', 'generator_130', 'generator_241', 'generator_242', 'generator_130', 'generator_244', 'generator_130', 'generator_246', 'generator_247', 'generator_248', 'generator_249', 'generator_250', 'generator_130', 'generator_130']
number opened: 3
TRIAL 29
Action chosen: (grey2, blue)
Outcome: False
partcle ids: ['generator_130', 'generator_130', 'generator_226', 'generator_130', 'generator_228', 'generator_130', 'generator_221', 'generator_231', 'generator_228', 'generator_130', 'generator_130', 'generator_130', 'generator_235', 'generator_130', 'generator_237', 'generator_130', 'generator_130', 'generator_130', 'generator_241', 'generator_242', 'generator_130', 'generator_244', 'generator_130', 'generator_246', 'generator_247', 'generator_248', 'generator_249', 'generator_250', 'generator_130', 'generator_130']
number opened: 3
TRIAL 30
Action chosen: (blue, pink)
Outcome: False
partcle ids: ['generator_130', 'generator_130', 'generator_226', 'generator_130', 'generator_228', 'generator_130', 'generator_221', 'generator_231', 'generator_228', 'generator_130', 'generator_130', 'generator_130', 'generator_235', 'generator_130', 'generator_237', 'generator_130', 'generator_130', 'generator_130', 'generator_241', 'generator_242', 'generator_130', 'generator_244', 'generator_130', 'generator_246', 'generator_247', 'generator_248', 'generator_249', 'generator_250', 'generator_130', 'generator_130']
number opened: 3
TRIAL 31
Action chosen: (grey2, blue)
Outcome: False
partcle ids: ['generator_130', 'generator_130', 'generator_226', 'generator_130', 'generator_228', 'generator_130', 'generator_221', 'generator_231', 'generator_228', 'generator_130', 'generator_130', 'generator_130', 'generator_235', 'generator_130', 'generator_237', 'generator_130', 'generator_130', 'generator_130', 'generator_241', 'generator_242', 'generator_130', 'generator_244', 'generator_130', 'generator_246', 'generator_247', 'generator_248', 'generator_249', 'generator_250', 'generator_130', 'generator_130']
number opened: 3
TRIAL 32
Action chosen: (blue, pink)
Outcome: False
partcle ids: ['generator_130', 'generator_130', 'generator_226', 'generator_130', 'generator_228', 'generator_130', 'generator_221', 'generator_231', 'generator_228', 'generator_130', 'generator_130', 'generator_130', 'generator_235', 'generator_130', 'generator_237', 'generator_130', 'generator_130', 'generator_130', 'generator_241', 'generator_242', 'generator_130', 'generator_244', 'generator_130', 'generator_246', 'generator_247', 'generator_248', 'generator_249', 'generator_250', 'generator_130', 'generator_130']
number opened: 3
TRIAL 33
Action chosen: (grey2, blue)
Outcome: False
partcle ids: ['generator_130', 'generator_130', 'generator_226', 'generator_130', 'generator_228', 'generator_130', 'generator_221', 'generator_231', 'generator_228', 'generator_130', 'generator_130', 'generator_130', 'generator_235', 'generator_130', 'generator_237', 'generator_130', 'generator_130', 'generator_130', 'generator_241', 'generator_242', 'generator_130', 'generator_244', 'generator_130', 'generator_246', 'generator_247', 'generator_248', 'generator_249', 'generator_250', 'generator_130', 'generator_130']
number opened: 3
TRIAL 34
Action chosen: (grey2, blue)
Outcome: False
partcle ids: ['generator_130', 'generator_130', 'generator_226', 'generator_130', 'generator_228', 'generator_130', 'generator_221', 'generator_231', 'generator_228', 'generator_130', 'generator_130', 'generator_130', 'generator_235', 'generator_130', 'generator_237', 'generator_130', 'generator_130', 'generator_130', 'generator_241', 'generator_242', 'generator_130', 'generator_244', 'generator_130', 'generator_246', 'generator_247', 'generator_248', 'generator_249', 'generator_250', 'generator_130', 'generator_130']
number opened: 3
TRIAL 35
Action chosen: (heart, blue)
Outcome: False
partcle ids: ['generator_130', 'generator_130', 'generator_226', 'generator_130', 'generator_228', 'generator_130', 'generator_221', 'generator_231', 'generator_228', 'generator_130', 'generator_130', 'generator_130', 'generator_235', 'generator_130', 'generator_237', 'generator_130', 'generator_130', 'generator_130', 'generator_241', 'generator_242', 'generator_130', 'generator_244', 'generator_130', 'generator_246', 'generator_247', 'generator_248', 'generator_249', 'generator_250', 'generator_130', 'generator_130']
number opened: 3
TRIAL 36
Action chosen: (grey2, blue)
Outcome: False
partcle ids: ['generator_130', 'generator_130', 'generator_226', 'generator_130', 'generator_228', 'generator_130', 'generator_221', 'generator_231', 'generator_228', 'generator_130', 'generator_130', 'generator_130', 'generator_235', 'generator_130', 'generator_237', 'generator_130', 'generator_130', 'generator_130', 'generator_241', 'generator_242', 'generator_130', 'generator_244', 'generator_130', 'generator_246', 'generator_247', 'generator_248', 'generator_249', 'generator_250', 'generator_130', 'generator_130']
number opened: 3
TRIAL 37
Action chosen: (blue, pink)
Outcome: False
partcle ids: ['generator_130', 'generator_130', 'generator_226', 'generator_130', 'generator_228', 'generator_130', 'generator_221', 'generator_231', 'generator_228', 'generator_130', 'generator_130', 'generator_130', 'generator_235', 'generator_130', 'generator_237', 'generator_130', 'generator_130', 'generator_130', 'generator_241', 'generator_242', 'generator_130', 'generator_244', 'generator_130', 'generator_246', 'generator_247', 'generator_248', 'generator_249', 'generator_250', 'generator_130', 'generator_130']
number opened: 3
TRIAL 38
Action chosen: (triangle, pink)
Outcome: False
partcle ids: ['generator_130', 'generator_130', 'generator_226', 'generator_130', 'generator_228', 'generator_130', 'generator_221', 'generator_231', 'generator_228', 'generator_130', 'generator_130', 'generator_130', 'generator_235', 'generator_130', 'generator_237', 'generator_130', 'generator_130', 'generator_130', 'generator_241', 'generator_242', 'generator_130', 'generator_244', 'generator_130', 'generator_246', 'generator_247', 'generator_248', 'generator_249', 'generator_250', 'generator_130', 'generator_130']
number opened: 3
TRIAL 39
Action chosen: (blue, pink)
Outcome: False
partcle ids: ['generator_130', 'generator_130', 'generator_226', 'generator_130', 'generator_228', 'generator_130', 'generator_221', 'generator_231', 'generator_228', 'generator_130', 'generator_130', 'generator_130', 'generator_235', 'generator_130', 'generator_237', 'generator_130', 'generator_130', 'generator_130', 'generator_241', 'generator_242', 'generator_130', 'generator_244', 'generator_130', 'generator_246', 'generator_247', 'generator_248', 'generator_249', 'generator_250', 'generator_130', 'generator_130']
number opened: 3
TRIAL 40
Action chosen: (triangle, pink)
Outcome: False
partcle ids: ['generator_130', 'generator_130', 'generator_226', 'generator_130', 'generator_228', 'generator_130', 'generator_221', 'generator_231', 'generator_228', 'generator_130', 'generator_130', 'generator_130', 'generator_235', 'generator_130', 'generator_237', 'generator_130', 'generator_130', 'generator_130', 'generator_241', 'generator_242', 'generator_130', 'generator_244', 'generator_130', 'generator_246', 'generator_247', 'generator_248', 'generator_249', 'generator_250', 'generator_130', 'generator_130']
number opened: 3
TRIAL 41
Action chosen: (blue, pink)
Outcome: False
partcle ids: ['generator_130', 'generator_130', 'generator_226', 'generator_130', 'generator_228', 'generator_130', 'generator_221', 'generator_231', 'generator_228', 'generator_130', 'generator_130', 'generator_130', 'generator_235', 'generator_130', 'generator_237', 'generator_130', 'generator_130', 'generator_130', 'generator_241', 'generator_242', 'generator_130', 'generator_244', 'generator_130', 'generator_246', 'generator_247', 'generator_248', 'generator_249', 'generator_250', 'generator_130', 'generator_130']
number opened: 3
TRIAL 42
Action chosen: (triangle, pink)
Outcome: False
partcle ids: ['generator_130', 'generator_130', 'generator_226', 'generator_130', 'generator_228', 'generator_130', 'generator_221', 'generator_231', 'generator_228', 'generator_130', 'generator_130', 'generator_130', 'generator_235', 'generator_130', 'generator_237', 'generator_130', 'generator_130', 'generator_130', 'generator_241', 'generator_242', 'generator_130', 'generator_244', 'generator_130', 'generator_246', 'generator_247', 'generator_248', 'generator_249', 'generator_250', 'generator_130', 'generator_130']
number opened: 3
TRIAL 43
Action chosen: (heart, blue)
Outcome: False
partcle ids: ['generator_130', 'generator_130', 'generator_226', 'generator_130', 'generator_228', 'generator_130', 'generator_221', 'generator_231', 'generator_228', 'generator_130', 'generator_130', 'generator_130', 'generator_235', 'generator_130', 'generator_237', 'generator_130', 'generator_130', 'generator_130', 'generator_241', 'generator_242', 'generator_130', 'generator_244', 'generator_130', 'generator_246', 'generator_247', 'generator_248', 'generator_249', 'generator_250', 'generator_130', 'generator_130']
number opened: 3
TRIAL 44
Action chosen: (grey2, blue)
Outcome: False
partcle ids: ['generator_130', 'generator_130', 'generator_226', 'generator_130', 'generator_228', 'generator_130', 'generator_221', 'generator_231', 'generator_228', 'generator_130', 'generator_130', 'generator_130', 'generator_235', 'generator_130', 'generator_237', 'generator_130', 'generator_130', 'generator_130', 'generator_241', 'generator_242', 'generator_130', 'generator_244', 'generator_130', 'generator_246', 'generator_247', 'generator_248', 'generator_249', 'generator_250', 'generator_130', 'generator_130']
number opened: 3
TRIAL 45
Action chosen: (blue, pink)
Outcome: False
partcle ids: ['generator_130', 'generator_130', 'generator_226', 'generator_130', 'generator_228', 'generator_130', 'generator_221', 'generator_231', 'generator_228', 'generator_130', 'generator_130', 'generator_130', 'generator_235', 'generator_130', 'generator_237', 'generator_130', 'generator_130', 'generator_130', 'generator_241', 'generator_242', 'generator_130', 'generator_244', 'generator_130', 'generator_246', 'generator_247', 'generator_248', 'generator_249', 'generator_250', 'generator_130', 'generator_130']
number opened: 3
TRIAL 46
Action chosen: (grey2, blue)
Outcome: False
partcle ids: ['generator_130', 'generator_130', 'generator_226', 'generator_130', 'generator_228', 'generator_130', 'generator_221', 'generator_231', 'generator_228', 'generator_130', 'generator_130', 'generator_130', 'generator_235', 'generator_130', 'generator_237', 'generator_130', 'generator_130', 'generator_130', 'generator_241', 'generator_242', 'generator_130', 'generator_244', 'generator_130', 'generator_246', 'generator_247', 'generator_248', 'generator_249', 'generator_250', 'generator_130', 'generator_130']
number opened: 3
TRIAL 47
Action chosen: (heart, blue)
Outcome: False
partcle ids: ['generator_130', 'generator_130', 'generator_226', 'generator_130', 'generator_228', 'generator_130', 'generator_221', 'generator_231', 'generator_228', 'generator_130', 'generator_130', 'generator_130', 'generator_235', 'generator_130', 'generator_237', 'generator_130', 'generator_130', 'generator_130', 'generator_241', 'generator_242', 'generator_130', 'generator_244', 'generator_130', 'generator_246', 'generator_247', 'generator_248', 'generator_249', 'generator_250', 'generator_130', 'generator_130']
number opened: 3
TRIAL 48
Action chosen: (triangle, pink)
Outcome: False
partcle ids: ['generator_130', 'generator_130', 'generator_226', 'generator_130', 'generator_228', 'generator_130', 'generator_221', 'generator_231', 'generator_228', 'generator_130', 'generator_130', 'generator_130', 'generator_235', 'generator_130', 'generator_237', 'generator_130', 'generator_130', 'generator_130', 'generator_241', 'generator_242', 'generator_130', 'generator_244', 'generator_130', 'generator_246', 'generator_247', 'generator_248', 'generator_249', 'generator_250', 'generator_130', 'generator_130']
number opened: 3
TRIAL 49
Action chosen: (heart, blue)
Outcome: False
partcle ids: ['generator_130', 'generator_130', 'generator_226', 'generator_130', 'generator_228', 'generator_130', 'generator_221', 'generator_231', 'generator_228', 'generator_130', 'generator_130', 'generator_130', 'generator_235', 'generator_130', 'generator_237', 'generator_130', 'generator_130', 'generator_130', 'generator_241', 'generator_242', 'generator_130', 'generator_244', 'generator_130', 'generator_246', 'generator_247', 'generator_248', 'generator_249', 'generator_250', 'generator_130', 'generator_130']
number opened: 3
TRIAL 50
Action chosen: (grey2, blue)
Outcome: False
partcle ids: ['generator_130', 'generator_130', 'generator_226', 'generator_130', 'generator_228', 'generator_130', 'generator_221', 'generator_231', 'generator_228', 'generator_130', 'generator_130', 'generator_130', 'generator_235', 'generator_130', 'generator_237', 'generator_130', 'generator_130', 'generator_130', 'generator_241', 'generator_242', 'generator_130', 'generator_244', 'generator_130', 'generator_246', 'generator_247', 'generator_248', 'generator_249', 'generator_250', 'generator_130', 'generator_130']
number opened: 3
TRIAL 51
Action chosen: (heart, blue)
Outcome: False
partcle ids: ['generator_130', 'generator_130', 'generator_226', 'generator_130', 'generator_228', 'generator_130', 'generator_221', 'generator_231', 'generator_228', 'generator_130', 'generator_130', 'generator_130', 'generator_235', 'generator_130', 'generator_237', 'generator_130', 'generator_130', 'generator_130', 'generator_241', 'generator_242', 'generator_130', 'generator_244', 'generator_130', 'generator_246', 'generator_247', 'generator_248', 'generator_249', 'generator_250', 'generator_130', 'generator_130']
number opened: 3
TRIAL 52
Action chosen: (triangle, pink)
Outcome: False
partcle ids: ['generator_130', 'generator_130', 'generator_226', 'generator_130', 'generator_228', 'generator_130', 'generator_221', 'generator_231', 'generator_228', 'generator_130', 'generator_130', 'generator_130', 'generator_235', 'generator_130', 'generator_237', 'generator_130', 'generator_130', 'generator_130', 'generator_241', 'generator_242', 'generator_130', 'generator_244', 'generator_130', 'generator_246', 'generator_247', 'generator_248', 'generator_249', 'generator_250', 'generator_130', 'generator_130']
number opened: 3
TRIAL 53
Action chosen: (heart, blue)
Outcome: False
partcle ids: ['generator_130', 'generator_130', 'generator_226', 'generator_130', 'generator_228', 'generator_130', 'generator_221', 'generator_231', 'generator_228', 'generator_130', 'generator_130', 'generator_130', 'generator_235', 'generator_130', 'generator_237', 'generator_130', 'generator_130', 'generator_130', 'generator_241', 'generator_242', 'generator_130', 'generator_244', 'generator_130', 'generator_246', 'generator_247', 'generator_248', 'generator_249', 'generator_250', 'generator_130', 'generator_130']
number opened: 3
TRIAL 54
Action chosen: (triangle, pink)
Outcome: False
partcle ids: ['generator_130', 'generator_130', 'generator_226', 'generator_130', 'generator_228', 'generator_130', 'generator_221', 'generator_231', 'generator_228', 'generator_130', 'generator_130', 'generator_130', 'generator_235', 'generator_130', 'generator_237', 'generator_130', 'generator_130', 'generator_130', 'generator_241', 'generator_242', 'generator_130', 'generator_244', 'generator_130', 'generator_246', 'generator_247', 'generator_248', 'generator_249', 'generator_250', 'generator_130', 'generator_130']
number opened: 3
TRIAL 55
Action chosen: (heart, blue)
Outcome: False
partcle ids: ['generator_130', 'generator_130', 'generator_226', 'generator_130', 'generator_228', 'generator_130', 'generator_221', 'generator_231', 'generator_228', 'generator_130', 'generator_130', 'generator_130', 'generator_235', 'generator_130', 'generator_237', 'generator_130', 'generator_130', 'generator_130', 'generator_241', 'generator_242', 'generator_130', 'generator_244', 'generator_130', 'generator_246', 'generator_247', 'generator_248', 'generator_249', 'generator_250', 'generator_130', 'generator_130']
number opened: 3
TRIAL 56
Action chosen: (grey2, blue)
Outcome: False
partcle ids: ['generator_130', 'generator_130', 'generator_226', 'generator_130', 'generator_228', 'generator_130', 'generator_221', 'generator_231', 'generator_228', 'generator_130', 'generator_130', 'generator_130', 'generator_235', 'generator_130', 'generator_237', 'generator_130', 'generator_130', 'generator_130', 'generator_241', 'generator_242', 'generator_130', 'generator_244', 'generator_130', 'generator_246', 'generator_247', 'generator_248', 'generator_249', 'generator_250', 'generator_130', 'generator_130']
number opened: 3
TRIAL 57
Action chosen: (blue, pink)
Outcome: False
partcle ids: ['generator_130', 'generator_130', 'generator_226', 'generator_130', 'generator_228', 'generator_130', 'generator_221', 'generator_231', 'generator_228', 'generator_130', 'generator_130', 'generator_130', 'generator_235', 'generator_130', 'generator_237', 'generator_130', 'generator_130', 'generator_130', 'generator_241', 'generator_242', 'generator_130', 'generator_244', 'generator_130', 'generator_246', 'generator_247', 'generator_248', 'generator_249', 'generator_250', 'generator_130', 'generator_130']
number opened: 3
TRIAL 58
Action chosen: (triangle, pink)
Outcome: False
partcle ids: ['generator_130', 'generator_130', 'generator_226', 'generator_130', 'generator_228', 'generator_130', 'generator_221', 'generator_231', 'generator_228', 'generator_130', 'generator_130', 'generator_130', 'generator_235', 'generator_130', 'generator_237', 'generator_130', 'generator_130', 'generator_130', 'generator_241', 'generator_242', 'generator_130', 'generator_244', 'generator_130', 'generator_246', 'generator_247', 'generator_248', 'generator_249', 'generator_250', 'generator_130', 'generator_130']
number opened: 3
TRIAL 59
Action chosen: (blue, pink)
Outcome: False
partcle ids: ['generator_130', 'generator_130', 'generator_226', 'generator_130', 'generator_228', 'generator_130', 'generator_221', 'generator_231', 'generator_228', 'generator_130', 'generator_130', 'generator_130', 'generator_235', 'generator_130', 'generator_237', 'generator_130', 'generator_130', 'generator_130', 'generator_241', 'generator_242', 'generator_130', 'generator_244', 'generator_130', 'generator_246', 'generator_247', 'generator_248', 'generator_249', 'generator_250', 'generator_130', 'generator_130']
number opened: 3
TRIAL 60
Action chosen: (grey2, blue)
Outcome: False
partcle ids: ['generator_130', 'generator_130', 'generator_226', 'generator_130', 'generator_228', 'generator_130', 'generator_221', 'generator_231', 'generator_228', 'generator_130', 'generator_130', 'generator_130', 'generator_235', 'generator_130', 'generator_237', 'generator_130', 'generator_130', 'generator_130', 'generator_241', 'generator_242', 'generator_130', 'generator_244', 'generator_130', 'generator_246', 'generator_247', 'generator_248', 'generator_249', 'generator_250', 'generator_130', 'generator_130']
number opened: 3
TRIAL 61
Action chosen: (heart, blue)
Outcome: False
partcle ids: ['generator_130', 'generator_130', 'generator_226', 'generator_130', 'generator_228', 'generator_130', 'generator_221', 'generator_231', 'generator_228', 'generator_130', 'generator_130', 'generator_130', 'generator_235', 'generator_130', 'generator_237', 'generator_130', 'generator_130', 'generator_130', 'generator_241', 'generator_242', 'generator_130', 'generator_244', 'generator_130', 'generator_246', 'generator_247', 'generator_248', 'generator_249', 'generator_250', 'generator_130', 'generator_130']
number opened: 3
TRIAL 62
Action chosen: (grey2, blue)
Outcome: False
partcle ids: ['generator_130', 'generator_130', 'generator_226', 'generator_130', 'generator_228', 'generator_130', 'generator_221', 'generator_231', 'generator_228', 'generator_130', 'generator_130', 'generator_130', 'generator_235', 'generator_130', 'generator_237', 'generator_130', 'generator_130', 'generator_130', 'generator_241', 'generator_242', 'generator_130', 'generator_244', 'generator_130', 'generator_246', 'generator_247', 'generator_248', 'generator_249', 'generator_250', 'generator_130', 'generator_130']
number opened: 3
TRIAL 63
Action chosen: (blue, pink)
Outcome: False
partcle ids: ['generator_130', 'generator_130', 'generator_226', 'generator_130', 'generator_228', 'generator_130', 'generator_221', 'generator_231', 'generator_228', 'generator_130', 'generator_130', 'generator_130', 'generator_235', 'generator_130', 'generator_237', 'generator_130', 'generator_130', 'generator_130', 'generator_241', 'generator_242', 'generator_130', 'generator_244', 'generator_130', 'generator_246', 'generator_247', 'generator_248', 'generator_249', 'generator_250', 'generator_130', 'generator_130']
number opened: 3
TRIAL 64
Action chosen: (triangle, pink)
Outcome: False
partcle ids: ['generator_130', 'generator_130', 'generator_226', 'generator_130', 'generator_228', 'generator_130', 'generator_221', 'generator_231', 'generator_228', 'generator_130', 'generator_130', 'generator_130', 'generator_235', 'generator_130', 'generator_237', 'generator_130', 'generator_130', 'generator_130', 'generator_241', 'generator_242', 'generator_130', 'generator_244', 'generator_130', 'generator_246', 'generator_247', 'generator_248', 'generator_249', 'generator_250', 'generator_130', 'generator_130']
number opened: 3
TRIAL 65
Action chosen: (blue, pink)
Outcome: False
partcle ids: ['generator_130', 'generator_130', 'generator_226', 'generator_130', 'generator_228', 'generator_130', 'generator_221', 'generator_231', 'generator_228', 'generator_130', 'generator_130', 'generator_130', 'generator_235', 'generator_130', 'generator_237', 'generator_130', 'generator_130', 'generator_130', 'generator_241', 'generator_242', 'generator_130', 'generator_244', 'generator_130', 'generator_246', 'generator_247', 'generator_248', 'generator_249', 'generator_250', 'generator_130', 'generator_130']
number opened: 3
TRIAL 66
Action chosen: (grey2, blue)
Outcome: False
partcle ids: ['generator_130', 'generator_130', 'generator_226', 'generator_130', 'generator_228', 'generator_130', 'generator_221', 'generator_231', 'generator_228', 'generator_130', 'generator_130', 'generator_130', 'generator_235', 'generator_130', 'generator_237', 'generator_130', 'generator_130', 'generator_130', 'generator_241', 'generator_242', 'generator_130', 'generator_244', 'generator_130', 'generator_246', 'generator_247', 'generator_248', 'generator_249', 'generator_250', 'generator_130', 'generator_130']
number opened: 3
TRIAL 67
Action chosen: (blue, pink)
Outcome: False
partcle ids: ['generator_130', 'generator_130', 'generator_226', 'generator_130', 'generator_228', 'generator_130', 'generator_221', 'generator_231', 'generator_228', 'generator_130', 'generator_130', 'generator_130', 'generator_235', 'generator_130', 'generator_237', 'generator_130', 'generator_130', 'generator_130', 'generator_241', 'generator_242', 'generator_130', 'generator_244', 'generator_130', 'generator_246', 'generator_247', 'generator_248', 'generator_249', 'generator_250', 'generator_130', 'generator_130']
number opened: 3
TRIAL 68
Action chosen: (triangle, pink)
Outcome: False
partcle ids: ['generator_130', 'generator_130', 'generator_226', 'generator_130', 'generator_228', 'generator_130', 'generator_221', 'generator_231', 'generator_228', 'generator_130', 'generator_130', 'generator_130', 'generator_235', 'generator_130', 'generator_237', 'generator_130', 'generator_130', 'generator_130', 'generator_241', 'generator_242', 'generator_130', 'generator_244', 'generator_130', 'generator_246', 'generator_247', 'generator_248', 'generator_249', 'generator_250', 'generator_130', 'generator_130']
number opened: 3
TRIAL 69
Action chosen: (blue, pink)
Outcome: False
partcle ids: ['generator_130', 'generator_130', 'generator_226', 'generator_130', 'generator_228', 'generator_130', 'generator_221', 'generator_231', 'generator_228', 'generator_130', 'generator_130', 'generator_130', 'generator_235', 'generator_130', 'generator_237', 'generator_130', 'generator_130', 'generator_130', 'generator_241', 'generator_242', 'generator_130', 'generator_244', 'generator_130', 'generator_246', 'generator_247', 'generator_248', 'generator_249', 'generator_250', 'generator_130', 'generator_130']
number opened: 3
TRIAL 70
Action chosen: (grey2, blue)
Outcome: False
partcle ids: ['generator_130', 'generator_130', 'generator_226', 'generator_130', 'generator_228', 'generator_130', 'generator_221', 'generator_231', 'generator_228', 'generator_130', 'generator_130', 'generator_130', 'generator_235', 'generator_130', 'generator_237', 'generator_130', 'generator_130', 'generator_130', 'generator_241', 'generator_242', 'generator_130', 'generator_244', 'generator_130', 'generator_246', 'generator_247', 'generator_248', 'generator_249', 'generator_250', 'generator_130', 'generator_130']
number opened: 3
{"attempts": 70, "unique_key_box_pairs": 27, "revisit_attempts": 43, "revisit_rate": 0.6231884057971014, "attempts_before_abandoning_color_matching": 0, "color_matching_abandoned": true}
