{"Child_ID": "D106", "SoC_variant": "SoC-Full", "theta": [9, 1], "p_gen": 0.4, "true_prior": 0.02, "run_number": 12, "seed": 3495156843054464947}
TRIAL 1
Action chosen: (blue, blue)
Outcome: False
partcle ids: ['generator_1', 'generator_2', 'order_match', 'similar_color_5', 'similar_color_8', 'similar_color_12', 'generator_3', 'order_match', 'similar_color_14', 'generator_4', 'similar_color_12', 'generator_5', 'similar_color_8', 'similar_color_6', 'similar_color_6', 'shape_match', 'similar_color_11', 'similar_color_7', 'similar_color_5', 'color_match', 'similar_color_5', 'generator_6', 'similar_color_10', 'similar_color_14', 'generator_7', 'similar_color_6', 'generator_8', 'color_match', 'generator_9', 'similar_color_4']
number opened: 0
TRIAL 2
Action chosen: (pink, pink)
Outcome: False
partcle ids: ['generator_10', 'generator_11', 'generator_3', 'generator_12', 'generator_13', 'similar_color_10', 'generator_4', 'generator_4', 'generator_14', 'generator_15', 'shape_match', 'generator_16', 'similar_color_4', 'similar_color_10', 'generator_3', 'order_match', 'generator_3', 'generator_17', 'similar_color_2', 'generator_9', 'generator_2', 'generator_18', 'generator_6', 'order_match', 'generator_19', 'generator_20', 'generator_4', 'generator_2', 'similar_color_4', 'similar_color_10']
number opened: 0
TRIAL 3
Action chosen: (purple, purple)
Outcome: False
partcle ids: ['generator_10', 'generator_11', 'generator_3', 'generator_12', 'generator_13', 'similar_color_10', 'generator_4', 'generator_4', 'generator_14', 'generator_15', 'shape_match', 'generator_16', 'similar_color_4', 'similar_color_10', 'generator_3', 'order_match', 'generator_3', 'generator_17', 'similar_color_2', 'generator_9', 'generator_2', 'generator_18', 'generator_6', 'order_match', 'generator_19', 'generator_20', 'generator_4', 'generator_2', 'similar_color_4', 'similar_color_10']
number opened: 0
TRIAL 4
Action chosen: (orange4, purple)
Outcome: False
partcle ids: ['generator_10', 'generator_11', 'generator_3', 'generator_12', 'generator_13', 'similar_color_10', 'generator_4', 'generator_4', 'generator_14', 'generator_15', 'shape_match', 'generator_16', 'similar_color_4', 'similar_color_10', 'generator_3', 'order_match', 'generator_3', 'generator_17', 'similar_color_2', 'generator_9', 'generator_2', 'generator_18', 'generator_6', 'order_match', 'generator_19', 'generator_20', 'generator_4', 'generator_2', 'similar_color_4', 'similar_color_10']
number opened: 0
TRIAL 5
Action chosen: (blue, white)
Outcome: False
partcle ids: ['generator_10', 'generator_11', 'generator_3', 'generator_12', 'generator_13', 'similar_color_10', 'generator_4', 'generator_4', 'generator_14', 'generator_15', 'shape_match', 'generator_16', 'similar_color_4', 'similar_color_10', 'generator_3', 'order_match', 'generator_3', 'generator_17', 'similar_color_2', 'generator_9', 'generator_2', 'generator_18', 'generator_6', 'order_match', 'generator_19', 'generator_20', 'generator_4', 'generator_2', 'similar_color_4', 'similar_color_10']
number opened: 0
TRIAL 6
Action chosen: (cloud, pink)
Outcome: False
partcle ids: ['generator_21', 'generator_17', 'generator_9', 'generator_2', 'generator_16', 'generator_22', 'generator_12', 'generator_19', 'generator_14', 'generator_23', 'generator_16', 'generator_16', 'generator_18', 'generator_14', 'generator_16', 'generator_20', 'generator_24', 'generator_14', 'generator_17', 'generator_2', 'generator_25', 'generator_26', 'generator_27', 'generator_10', 'generator_20', 'generator_28', 'generator_16', 'generator_29', 'generator_30', 'generator_15']
number opened: 0
TRIAL 7
Action chosen: (triangle, red)
Outcome: False
partcle ids: ['generator_21', 'generator_17', 'generator_9', 'generator_2', 'generator_16', 'generator_22', 'generator_12', 'generator_19', 'generator_14', 'generator_23', 'generator_16', 'generator_16', 'generator_18', 'generator_14', 'generator_16', 'generator_20', 'generator_24', 'generator_14', 'generator_17', 'generator_2', 'generator_25', 'generator_26', 'generator_27', 'generator_10', 'generator_20', 'generator_28', 'generator_16', 'generator_29', 'generator_30', 'generator_15']
number opened: 0
TRIAL 8
Action chosen: (diamond, purple)
Outcome: False
partcle ids: ['generator_21', 'generator_17', 'generator_9', 'generator_2', 'generator_16', 'generator_22', 'generator_12', 'generator_19', 'generator_14', 'generator_23', 'generator_16', 'generator_16', 'generator_18', 'generator_14', 'generator_16', 'generator_20', 'generator_24', 'generator_14', 'generator_17', 'generator_2', 'generator_25', 'generator_26', 'generator_27', 'generator_10', 'generator_20', 'generator_28', 'generator_16', 'generator_29', 'generator_30', 'generator_15']
number opened: 0
TRIAL 9
Action chosen: (purple, white)
Outcome: False
partcle ids: ['generator_21', 'generator_17', 'generator_9', 'generator_2', 'generator_16', 'generator_22', 'generator_12', 'generator_19', 'generator_14', 'generator_23', 'generator_16', 'generator_16', 'generator_18', 'generator_14', 'generator_16', 'generator_20', 'generator_24', 'generator_14', 'generator_17', 'generator_2', 'generator_25', 'generator_26', 'generator_27', 'generator_10', 'generator_20', 'generator_28', 'generator_16', 'generator_29', 'generator_30', 'generator_15']
number opened: 0
TRIAL 10
Action chosen: (pink, white)
Outcome: False
partcle ids: ['generator_21', 'generator_17', 'generator_9', 'generator_2', 'generator_16', 'generator_22', 'generator_12', 'generator_19', 'generator_14', 'generator_23', 'generator_16', 'generator_16', 'generator_18', 'generator_14', 'generator_16', 'generator_20', 'generator_24', 'generator_14', 'generator_17', 'generator_2', 'generator_25', 'generator_26', 'generator_27', 'generator_10', 'generator_20', 'generator_28', 'generator_16', 'generator_29', 'generator_30', 'generator_15']
number opened: 0
TRIAL 11
Action chosen: (green3, purple)
Outcome: True
partcle ids: ['generator_19', 'generator_32', 'generator_33', 'generator_34', 'generator_21', 'generator_35', 'generator_36', 'generator_37', 'generator_38', 'generator_19', 'generator_40', 'generator_41', 'generator_42', 'generator_21', 'generator_44', 'generator_45', 'generator_46', 'generator_47', 'generator_48', 'generator_49', 'generator_50', 'generator_51', 'generator_52', 'generator_53', 'generator_54', 'generator_55', 'generator_56', 'generator_57', 'generator_58', 'generator_59']
number opened: 1
TRIAL 12
Action chosen: (red, red)
Outcome: True
partcle ids: ['generator_60', 'generator_61', 'generator_62', 'generator_63', 'generator_33', 'generator_65', 'generator_66', 'generator_67', 'generator_33', 'generator_69', 'generator_51', 'generator_58', 'generator_51', 'generator_58', 'generator_74', 'generator_58', 'generator_76', 'generator_77', 'generator_78', 'generator_79', 'generator_32', 'generator_81', 'generator_33', 'generator_83', 'generator_51', 'generator_85', 'generator_61', 'generator_86', 'generator_51', 'generator_51']
number opened: 2
TRIAL 13
Action chosen: (white, white)
Outcome: False
partcle ids: ['generator_60', 'generator_61', 'generator_62', 'generator_63', 'generator_33', 'generator_65', 'generator_66', 'generator_67', 'generator_33', 'generator_69', 'generator_51', 'generator_58', 'generator_51', 'generator_58', 'generator_74', 'generator_58', 'generator_76', 'generator_77', 'generator_78', 'generator_79', 'generator_32', 'generator_81', 'generator_33', 'generator_83', 'generator_51', 'generator_85', 'generator_61', 'generator_86', 'generator_51', 'generator_51']
number opened: 2
TRIAL 14
Action chosen: (triangle, white)
Outcome: False
partcle ids: ['generator_60', 'generator_61', 'generator_62', 'generator_63', 'generator_33', 'generator_65', 'generator_66', 'generator_67', 'generator_33', 'generator_69', 'generator_51', 'generator_58', 'generator_51', 'generator_58', 'generator_74', 'generator_58', 'generator_76', 'generator_77', 'generator_78', 'generator_79', 'generator_32', 'generator_81', 'generator_33', 'generator_83', 'generator_51', 'generator_85', 'generator_61', 'generator_86', 'generator_51', 'generator_51']
number opened: 2
TRIAL 15
Action chosen: (diamond, pink)
Outcome: False
partcle ids: ['generator_88', 'generator_60', 'generator_76', 'generator_91', 'generator_92', 'generator_93', 'generator_94', 'generator_95', 'generator_96', 'generator_79', 'generator_98', 'generator_99', 'generator_100', 'generator_85', 'generator_60', 'generator_74', 'generator_104', 'generator_81', 'generator_106', 'generator_107', 'generator_79', 'generator_109', 'generator_60', 'generator_111', 'generator_112', 'generator_113', 'generator_114', 'generator_115', 'generator_116', 'generator_79']
number opened: 2
TRIAL 16
Action chosen: (grey2, blue)
Outcome: False
partcle ids: ['generator_88', 'generator_60', 'generator_76', 'generator_91', 'generator_92', 'generator_93', 'generator_94', 'generator_95', 'generator_96', 'generator_79', 'generator_98', 'generator_99', 'generator_100', 'generator_85', 'generator_60', 'generator_74', 'generator_104', 'generator_81', 'generator_106', 'generator_107', 'generator_79', 'generator_109', 'generator_60', 'generator_111', 'generator_112', 'generator_113', 'generator_114', 'generator_115', 'generator_116', 'generator_79']
number opened: 2
TRIAL 17
Action chosen: (cloud, white)
Outcome: False
partcle ids: ['generator_88', 'generator_60', 'generator_76', 'generator_91', 'generator_92', 'generator_93', 'generator_94', 'generator_95', 'generator_96', 'generator_79', 'generator_98', 'generator_99', 'generator_100', 'generator_85', 'generator_60', 'generator_74', 'generator_104', 'generator_81', 'generator_106', 'generator_107', 'generator_79', 'generator_109', 'generator_60', 'generator_111', 'generator_112', 'generator_113', 'generator_114', 'generator_115', 'generator_116', 'generator_79']
number opened: 2
TRIAL 18
Action chosen: (pink, blue)
Outcome: False
partcle ids: ['generator_88', 'generator_60', 'generator_76', 'generator_91', 'generator_92', 'generator_93', 'generator_94', 'generator_95', 'generator_96', 'generator_79', 'generator_98', 'generator_99', 'generator_100', 'generator_85', 'generator_60', 'generator_74', 'generator_104', 'generator_81', 'generator_106', 'generator_107', 'generator_79', 'generator_109', 'generator_60', 'generator_111', 'generator_112', 'generator_113', 'generator_114', 'generator_115', 'generator_116', 'generator_79']
number opened: 2
TRIAL 19
Action chosen: (yellow5, white)
Outcome: False
partcle ids: ['generator_91', 'number_match', 'generator_99', 'generator_119', 'generator_120', 'generator_107', 'generator_121', 'generator_76', 'generator_99', 'generator_85', 'generator_125', 'number_match', 'generator_85', 'generator_91', 'generator_128', 'generator_129', 'generator_109', 'generator_131', 'generator_132', 'generator_133', 'generator_134', 'generator_135', 'generator_94', 'generator_74', 'generator_92', 'generator_137', 'generator_138', 'generator_139', 'generator_140', 'generator_85']
number opened: 2
TRIAL 20
Action chosen: (yellow5, blue)
Outcome: True
partcle ids: ['generator_142', 'generator_143', 'generator_144', 'generator_145', 'generator_85', 'generator_147', 'generator_148', 'generator_149', 'generator_85', 'generator_107', 'generator_85', 'generator_152', 'generator_85', 'generator_107', 'generator_85', 'generator_156', 'generator_85', 'generator_157', 'generator_158', 'generator_159', 'generator_160', 'generator_161', 'generator_101', 'generator_85', 'generator_112', 'generator_85', 'generator_85', 'generator_101', 'generator_161', 'generator_164']
number opened: 3
TRIAL 21
Action chosen: (purple, pink)
Outcome: False
partcle ids: ['generator_142', 'generator_143', 'generator_144', 'generator_145', 'generator_85', 'generator_147', 'generator_148', 'generator_149', 'generator_85', 'generator_107', 'generator_85', 'generator_152', 'generator_85', 'generator_107', 'generator_85', 'generator_156', 'generator_85', 'generator_157', 'generator_158', 'generator_159', 'generator_160', 'generator_161', 'generator_101', 'generator_85', 'generator_112', 'generator_85', 'generator_85', 'generator_101', 'generator_161', 'generator_164']
number opened: 3
TRIAL 22
Action chosen: (cloud, white)
Outcome: False
partcle ids: ['generator_142', 'generator_143', 'generator_144', 'generator_145', 'generator_85', 'generator_147', 'generator_148', 'generator_149', 'generator_85', 'generator_107', 'generator_85', 'generator_152', 'generator_85', 'generator_107', 'generator_85', 'generator_156', 'generator_85', 'generator_157', 'generator_158', 'generator_159', 'generator_160', 'generator_161', 'generator_101', 'generator_85', 'generator_112', 'generator_85', 'generator_85', 'generator_101', 'generator_161', 'generator_164']
number opened: 3
TRIAL 23
Action chosen: (orange4, white)
Outcome: True
partcle ids: ['number_match', 'generator_165', 'generator_145', 'generator_166', 'generator_142', 'generator_85', 'number_match', 'generator_147', 'generator_167', 'generator_145', 'generator_167', 'generator_167', 'generator_142', 'number_match', 'generator_165', 'generator_147', 'generator_167', 'generator_142', 'generator_142', 'generator_167', 'generator_147', 'generator_147', 'generator_166', 'generator_142', 'generator_145', 'number_match', 'generator_166', 'generator_142', 'generator_145', 'generator_145']
number opened: 4
TRIAL 24
Action chosen: (triangle, pink)
Outcome: False
partcle ids: ['number_match', 'generator_165', 'generator_145', 'generator_166', 'generator_142', 'generator_85', 'number_match', 'generator_147', 'generator_167', 'generator_145', 'generator_167', 'generator_167', 'generator_142', 'number_match', 'generator_165', 'generator_147', 'generator_167', 'generator_142', 'generator_142', 'generator_167', 'generator_147', 'generator_147', 'generator_166', 'generator_142', 'generator_145', 'number_match', 'generator_166', 'generator_142', 'generator_145', 'generator_145']
number opened: 4
TRIAL 25
Action chosen: (blue, pink)
Outcome: False
partcle ids: ['number_match', 'generator_165', 'generator_145', 'generator_166', 'generator_142', 'generator_85', 'number_match', 'generator_147', 'generator_167', 'generator_145', 'generator_167', 'generator_167', 'generator_142', 'number_match', 'generator_165', 'generator_147', 'generator_167', 'generator_142', 'generator_142', 'generator_167', 'generator_147', 'generator_147', 'generator_166', 'generator_142', 'generator_145', 'number_match', 'generator_166', 'generator_142', 'generator_145', 'generator_145']
number opened: 4
TRIAL 26
Action chosen: (heart, pink)
Outcome: False
partcle ids: ['number_match', 'generator_165', 'generator_145', 'generator_166', 'generator_142', 'generator_85', 'number_match', 'generator_147', 'generator_167', 'generator_145', 'generator_167', 'generator_167', 'generator_142', 'number_match', 'generator_165', 'generator_147', 'generator_167', 'generator_142', 'generator_142', 'generator_167', 'generator_147', 'generator_147', 'generator_166', 'generator_142', 'generator_145', 'number_match', 'generator_166', 'generator_142', 'generator_145', 'generator_145']
number opened: 4
TRIAL 27
Action chosen: (grey2, pink)
Outcome: True
partcle ids: ['number_match', 'number_match', 'number_match', 'number_match', 'number_match', 'number_match', 'number_match', 'number_match', 'number_match', 'number_match', 'number_match', 'number_match', 'number_match', 'number_match', 'number_match', 'number_match', 'number_match', 'number_match', 'number_match', 'number_match', 'number_match', 'number_match', 'number_match', 'number_match', 'number_match', 'number_match', 'number_match', 'number_match', 'number_match', 'number_match']
number opened: 5
{"attempts": 27, "unique_key_box_pairs": 26, "revisit_attempts": 1, "revisit_rate": 0.038461538461538464, "attempts_before_abandoning_color_matching": 3, "color_matching_abandoned": true}
