{"Child_ID": "D106", "SoC_variant": "SoC-Full", "theta": [9, 1], "p_gen": 0.4, "true_prior": 0.02, "run_number": 40, "seed": 6630191916273952126}
TRIAL 1
Action chosen: (pink, pink)
Outcome: False
partcle ids: ['order_match', 'similar_color_12', 'generator_1', 'generator_2', 'generator_3', 'similar_color_14', 'similar_color_8', 'generator_4', 'order_match', 'similar_color_5', 'color_match', 'similar_color_13', 'generator_5', 'similar_color_4', 'similar_color_14', 'similar_color_12', 'similar_color_1', 'similar_color_12', 'generator_6', 'similar_color_12', 'similar_color_5', 'similar_color_3', 'generator_7', 'generator_8', 'similar_color_14', 'similar_color_10', 'generator_9', 'generator_10', 'similar_color_5', 'generator_11']
number opened: 0
TRIAL 2
Action chosen: (red, red)
Outcome: True
partcle ids: ['generator_12', 'similar_color_8', 'generator_13', 'order_match', 'generator_14', 'order_match', 'order_match', 'generator_15', 'similar_color_13', 'generator_16', 'order_match', 'generator_17', 'generator_18', 'similar_color_7', 'similar_color_14', 'generator_19', 'similar_color_14', 'similar_color_2', 'similar_color_1', 'generator_20', 'generator_21', 'similar_color_11', 'color_match', 'generator_22', 'generator_23', 'order_match', 'order_match', 'order_match', 'generator_24', 'similar_color_7']
number opened: 1
TRIAL 3
Action chosen: (purple, purple)
Outcome: False
partcle ids: ['generator_12', 'similar_color_8', 'generator_13', 'order_match', 'generator_14', 'order_match', 'order_match', 'generator_15', 'similar_color_13', 'generator_16', 'order_match', 'generator_17', 'generator_18', 'similar_color_7', 'similar_color_14', 'generator_19', 'similar_color_14', 'similar_color_2', 'similar_color_1', 'generator_20', 'generator_21', 'similar_color_11', 'color_match', 'generator_22', 'generator_23', 'order_match', 'order_match', 'order_match', 'generator_24', 'similar_color_7']
number opened: 1
TRIAL 4
Action chosen: (green3, white)
Outcome: False
partcle ids: ['generator_12', 'similar_color_8', 'generator_13', 'order_match', 'generator_14', 'order_match', 'order_match', 'generator_15', 'similar_color_13', 'generator_16', 'order_match', 'generator_17', 'generator_18', 'similar_color_7', 'similar_color_14', 'generator_19', 'similar_color_14', 'similar_color_2', 'similar_color_1', 'generator_20', 'generator_21', 'similar_color_11', 'color_match', 'generator_22', 'generator_23', 'order_match', 'order_match', 'order_match', 'generator_24', 'similar_color_7']
number opened: 1
TRIAL 5
Action chosen: (triangle, blue)
Outcome: False
partcle ids: ['generator_25', 'generator_17', 'generator_21', 'order_match', 'generator_26', 'generator_27', 'generator_28', 'generator_29', 'generator_21', 'generator_20', 'generator_12', 'generator_31', 'generator_17', 'generator_19', 'similar_color_13', 'generator_12', 'generator_32', 'generator_21', 'generator_17', 'generator_18', 'generator_33', 'generator_34', 'generator_17', 'generator_17', 'generator_35', 'generator_17', 'generator_37', 'generator_38', 'generator_18', 'generator_18']
number opened: 1
TRIAL 6
Action chosen: (white, purple)
Outcome: False
partcle ids: ['generator_25', 'generator_17', 'generator_21', 'order_match', 'generator_26', 'generator_27', 'generator_28', 'generator_29', 'generator_21', 'generator_20', 'generator_12', 'generator_31', 'generator_17', 'generator_19', 'similar_color_13', 'generator_12', 'generator_32', 'generator_21', 'generator_17', 'generator_18', 'generator_33', 'generator_34', 'generator_17', 'generator_17', 'generator_35', 'generator_17', 'generator_37', 'generator_38', 'generator_18', 'generator_18']
number opened: 1
TRIAL 7
Action chosen: (white, white)
Outcome: False
partcle ids: ['generator_25', 'generator_17', 'generator_21', 'order_match', 'generator_26', 'generator_27', 'generator_28', 'generator_29', 'generator_21', 'generator_20', 'generator_12', 'generator_31', 'generator_17', 'generator_19', 'similar_color_13', 'generator_12', 'generator_32', 'generator_21', 'generator_17', 'generator_18', 'generator_33', 'generator_34', 'generator_17', 'generator_17', 'generator_35', 'generator_17', 'generator_37', 'generator_38', 'generator_18', 'generator_18']
number opened: 1
TRIAL 8
Action chosen: (green3, blue)
Outcome: False
partcle ids: ['generator_25', 'generator_17', 'generator_21', 'order_match', 'generator_26', 'generator_27', 'generator_28', 'generator_29', 'generator_21', 'generator_20', 'generator_12', 'generator_31', 'generator_17', 'generator_19', 'similar_color_13', 'generator_12', 'generator_32', 'generator_21', 'generator_17', 'generator_18', 'generator_33', 'generator_34', 'generator_17', 'generator_17', 'generator_35', 'generator_17', 'generator_37', 'generator_38', 'generator_18', 'generator_18']
number opened: 1
TRIAL 9
Action chosen: (triangle, white)
Outcome: False
partcle ids: ['generator_33', 'generator_27', 'order_match', 'generator_29', 'generator_37', 'generator_40', 'generator_41', 'generator_27', 'generator_42', 'generator_20', 'generator_38', 'generator_43', 'order_match', 'generator_19', 'generator_27', 'generator_29', 'generator_29', 'generator_33', 'generator_21', 'generator_12', 'generator_12', 'order_match', 'generator_45', 'generator_46', 'generator_33', 'generator_21', 'generator_47', 'generator_17', 'generator_48', 'generator_33']
number opened: 1
TRIAL 10
Action chosen: (cloud, white)
Outcome: False
partcle ids: ['generator_33', 'generator_27', 'order_match', 'generator_29', 'generator_37', 'generator_40', 'generator_41', 'generator_27', 'generator_42', 'generator_20', 'generator_38', 'generator_43', 'order_match', 'generator_19', 'generator_27', 'generator_29', 'generator_29', 'generator_33', 'generator_21', 'generator_12', 'generator_12', 'order_match', 'generator_45', 'generator_46', 'generator_33', 'generator_21', 'generator_47', 'generator_17', 'generator_48', 'generator_33']
number opened: 1
TRIAL 11
Action chosen: (cloud, purple)
Outcome: False
partcle ids: ['generator_33', 'generator_27', 'order_match', 'generator_29', 'generator_37', 'generator_40', 'generator_41', 'generator_27', 'generator_42', 'generator_20', 'generator_38', 'generator_43', 'order_match', 'generator_19', 'generator_27', 'generator_29', 'generator_29', 'generator_33', 'generator_21', 'generator_12', 'generator_12', 'order_match', 'generator_45', 'generator_46', 'generator_33', 'generator_21', 'generator_47', 'generator_17', 'generator_48', 'generator_33']
number opened: 1
TRIAL 12
Action chosen: (green3, white)
Outcome: False
partcle ids: ['generator_33', 'generator_27', 'order_match', 'generator_29', 'generator_37', 'generator_40', 'generator_41', 'generator_27', 'generator_42', 'generator_20', 'generator_38', 'generator_43', 'order_match', 'generator_19', 'generator_27', 'generator_29', 'generator_29', 'generator_33', 'generator_21', 'generator_12', 'generator_12', 'order_match', 'generator_45', 'generator_46', 'generator_33', 'generator_21', 'generator_47', 'generator_17', 'generator_48', 'generator_33']
number opened: 1
TRIAL 13
Action chosen: (orange4, blue)
Outcome: False
partcle ids: ['generator_33', 'generator_27', 'order_match', 'generator_29', 'generator_37', 'generator_40', 'generator_41', 'generator_27', 'generator_42', 'generator_20', 'generator_38', 'generator_43', 'order_match', 'generator_19', 'generator_27', 'generator_29', 'generator_29', 'generator_33', 'generator_21', 'generator_12', 'generator_12', 'order_match', 'generator_45', 'generator_46', 'generator_33', 'generator_21', 'generator_47', 'generator_17', 'generator_48', 'generator_33']
number opened: 1
TRIAL 14
Action chosen: (heart, white)
Outcome: False
partcle ids: ['generator_33', 'generator_27', 'order_match', 'generator_29', 'generator_37', 'generator_40', 'generator_41', 'generator_27', 'generator_42', 'generator_20', 'generator_38', 'generator_43', 'order_match', 'generator_19', 'generator_27', 'generator_29', 'generator_29', 'generator_33', 'generator_21', 'generator_12', 'generator_12', 'order_match', 'generator_45', 'generator_46', 'generator_33', 'generator_21', 'generator_47', 'generator_17', 'generator_48', 'generator_33']
number opened: 1
TRIAL 15
Action chosen: (green3, pink)
Outcome: False
partcle ids: ['generator_33', 'generator_27', 'order_match', 'generator_29', 'generator_37', 'generator_40', 'generator_41', 'generator_27', 'generator_42', 'generator_20', 'generator_38', 'generator_43', 'order_match', 'generator_19', 'generator_27', 'generator_29', 'generator_29', 'generator_33', 'generator_21', 'generator_12', 'generator_12', 'order_match', 'generator_45', 'generator_46', 'generator_33', 'generator_21', 'generator_47', 'generator_17', 'generator_48', 'generator_33']
number opened: 1
TRIAL 16
Action chosen: (diamond, white)
Outcome: False
partcle ids: ['generator_33', 'generator_27', 'order_match', 'generator_29', 'generator_37', 'generator_40', 'generator_41', 'generator_27', 'generator_42', 'generator_20', 'generator_38', 'generator_43', 'order_match', 'generator_19', 'generator_27', 'generator_29', 'generator_29', 'generator_33', 'generator_21', 'generator_12', 'generator_12', 'order_match', 'generator_45', 'generator_46', 'generator_33', 'generator_21', 'generator_47', 'generator_17', 'generator_48', 'generator_33']
number opened: 1
TRIAL 17
Action chosen: (cloud, white)
Outcome: False
partcle ids: ['generator_49', 'generator_50', 'generator_42', 'generator_51', 'generator_52', 'generator_46', 'generator_41', 'generator_20', 'generator_27', 'generator_12', 'generator_40', 'generator_54', 'generator_21', 'generator_56', 'generator_57', 'generator_20', 'generator_42', 'generator_58', 'generator_59', 'order_match', 'generator_60', 'generator_38', 'similar_color_6', 'generator_21', 'similar_color_2', 'generator_61', 'generator_47', 'generator_62', 'order_match', 'generator_42']
number opened: 1
TRIAL 18
Action chosen: (triangle, purple)
Outcome: False
partcle ids: ['generator_49', 'generator_50', 'generator_42', 'generator_51', 'generator_52', 'generator_46', 'generator_41', 'generator_20', 'generator_27', 'generator_12', 'generator_40', 'generator_54', 'generator_21', 'generator_56', 'generator_57', 'generator_20', 'generator_42', 'generator_58', 'generator_59', 'order_match', 'generator_60', 'generator_38', 'similar_color_6', 'generator_21', 'similar_color_2', 'generator_61', 'generator_47', 'generator_62', 'order_match', 'generator_42']
number opened: 1
TRIAL 19
Action chosen: (green3, white)
Outcome: False
partcle ids: ['generator_49', 'generator_50', 'generator_42', 'generator_51', 'generator_52', 'generator_46', 'generator_41', 'generator_20', 'generator_27', 'generator_12', 'generator_40', 'generator_54', 'generator_21', 'generator_56', 'generator_57', 'generator_20', 'generator_42', 'generator_58', 'generator_59', 'order_match', 'generator_60', 'generator_38', 'similar_color_6', 'generator_21', 'similar_color_2', 'generator_61', 'generator_47', 'generator_62', 'order_match', 'generator_42']
number opened: 1
TRIAL 20
Action chosen: (white, purple)
Outcome: False
partcle ids: ['generator_49', 'generator_50', 'generator_42', 'generator_51', 'generator_52', 'generator_46', 'generator_41', 'generator_20', 'generator_27', 'generator_12', 'generator_40', 'generator_54', 'generator_21', 'generator_56', 'generator_57', 'generator_20', 'generator_42', 'generator_58', 'generator_59', 'order_match', 'generator_60', 'generator_38', 'similar_color_6', 'generator_21', 'similar_color_2', 'generator_61', 'generator_47', 'generator_62', 'order_match', 'generator_42']
number opened: 1
TRIAL 21
Action chosen: (purple, purple)
Outcome: False
partcle ids: ['generator_49', 'generator_50', 'generator_42', 'generator_51', 'generator_52', 'generator_46', 'generator_41', 'generator_20', 'generator_27', 'generator_12', 'generator_40', 'generator_54', 'generator_21', 'generator_56', 'generator_57', 'generator_20', 'generator_42', 'generator_58', 'generator_59', 'order_match', 'generator_60', 'generator_38', 'similar_color_6', 'generator_21', 'similar_color_2', 'generator_61', 'generator_47', 'generator_62', 'order_match', 'generator_42']
number opened: 1
TRIAL 22
Action chosen: (diamond, blue)
Outcome: False
partcle ids: ['generator_49', 'generator_50', 'generator_42', 'generator_51', 'generator_52', 'generator_46', 'generator_41', 'generator_20', 'generator_27', 'generator_12', 'generator_40', 'generator_54', 'generator_21', 'generator_56', 'generator_57', 'generator_20', 'generator_42', 'generator_58', 'generator_59', 'order_match', 'generator_60', 'generator_38', 'similar_color_6', 'generator_21', 'similar_color_2', 'generator_61', 'generator_47', 'generator_62', 'order_match', 'generator_42']
number opened: 1
TRIAL 23
Action chosen: (blue, blue)
Outcome: False
partcle ids: ['generator_49', 'generator_50', 'generator_42', 'generator_51', 'generator_52', 'generator_46', 'generator_41', 'generator_20', 'generator_27', 'generator_12', 'generator_40', 'generator_54', 'generator_21', 'generator_56', 'generator_57', 'generator_20', 'generator_42', 'generator_58', 'generator_59', 'order_match', 'generator_60', 'generator_38', 'similar_color_6', 'generator_21', 'similar_color_2', 'generator_61', 'generator_47', 'generator_62', 'order_match', 'generator_42']
number opened: 1
TRIAL 24
Action chosen: (cloud, blue)
Outcome: False
partcle ids: ['generator_49', 'generator_50', 'generator_42', 'generator_51', 'generator_52', 'generator_46', 'generator_41', 'generator_20', 'generator_27', 'generator_12', 'generator_40', 'generator_54', 'generator_21', 'generator_56', 'generator_57', 'generator_20', 'generator_42', 'generator_58', 'generator_59', 'order_match', 'generator_60', 'generator_38', 'similar_color_6', 'generator_21', 'similar_color_2', 'generator_61', 'generator_47', 'generator_62', 'order_match', 'generator_42']
number opened: 1
TRIAL 25
Action chosen: (heart, pink)
Outcome: False
partcle ids: ['generator_49', 'generator_50', 'generator_42', 'generator_51', 'generator_52', 'generator_46', 'generator_41', 'generator_20', 'generator_27', 'generator_12', 'generator_40', 'generator_54', 'generator_21', 'generator_56', 'generator_57', 'generator_20', 'generator_42', 'generator_58', 'generator_59', 'order_match', 'generator_60', 'generator_38', 'similar_color_6', 'generator_21', 'similar_color_2', 'generator_61', 'generator_47', 'generator_62', 'order_match', 'generator_42']
number opened: 1
TRIAL 26
Action chosen: (grey2, pink)
Outcome: True
partcle ids: ['generator_54', 'order_match', 'generator_64', 'generator_54', 'generator_66', 'generator_67', 'generator_54', 'generator_69', 'generator_70', 'generator_54', 'generator_54', 'generator_73', 'generator_74', 'generator_54', 'generator_76', 'number_match', 'generator_54', 'generator_54', 'generator_79', 'generator_80', 'generator_81', 'generator_82', 'generator_54', 'generator_83', 'generator_54', 'generator_54', 'generator_86', 'generator_54', 'generator_88', 'generator_54']
number opened: 2
TRIAL 27
Action chosen: (pink, blue)
Outcome: False
partcle ids: ['generator_54', 'order_match', 'generator_64', 'generator_54', 'generator_66', 'generator_67', 'generator_54', 'generator_69', 'generator_70', 'generator_54', 'generator_54', 'generator_73', 'generator_74', 'generator_54', 'generator_76', 'number_match', 'generator_54', 'generator_54', 'generator_79', 'generator_80', 'generator_81', 'generator_82', 'generator_54', 'generator_83', 'generator_54', 'generator_54', 'generator_86', 'generator_54', 'generator_88', 'generator_54']
number opened: 2
TRIAL 28
Action chosen: (orange4, purple)
Outcome: False
partcle ids: ['generator_54', 'order_match', 'generator_64', 'generator_54', 'generator_66', 'generator_67', 'generator_54', 'generator_69', 'generator_70', 'generator_54', 'generator_54', 'generator_73', 'generator_74', 'generator_54', 'generator_76', 'number_match', 'generator_54', 'generator_54', 'generator_79', 'generator_80', 'generator_81', 'generator_82', 'generator_54', 'generator_83', 'generator_54', 'generator_54', 'generator_86', 'generator_54', 'generator_88', 'generator_54']
number opened: 2
TRIAL 29
Action chosen: (orange4, white)
Outcome: True
partcle ids: ['generator_90', 'generator_91', 'generator_92', 'generator_67', 'generator_67', 'generator_95', 'generator_96', 'generator_97', 'generator_54', 'number_match', 'generator_99', 'generator_100', 'generator_101', 'generator_54', 'generator_103', 'generator_54', 'number_match', 'generator_105', 'generator_106', 'generator_99', 'generator_54', 'generator_94', 'generator_108', 'generator_109', 'generator_67', 'generator_111', 'generator_112', 'generator_113', 'generator_114', 'generator_67']
number opened: 3
TRIAL 30
Action chosen: (diamond, purple)
Outcome: False
partcle ids: ['generator_90', 'generator_91', 'generator_92', 'generator_67', 'generator_67', 'generator_95', 'generator_96', 'generator_97', 'generator_54', 'number_match', 'generator_99', 'generator_100', 'generator_101', 'generator_54', 'generator_103', 'generator_54', 'number_match', 'generator_105', 'generator_106', 'generator_99', 'generator_54', 'generator_94', 'generator_108', 'generator_109', 'generator_67', 'generator_111', 'generator_112', 'generator_113', 'generator_114', 'generator_67']
number opened: 3
TRIAL 31
Action chosen: (yellow5, blue)
Outcome: True
partcle ids: ['generator_116', 'number_match', 'number_match', 'number_match', 'number_match', 'generator_114', 'generator_95', 'number_match', 'generator_96', 'generator_95', 'generator_116', 'generator_119', 'generator_114', 'generator_96', 'generator_95', 'generator_116', 'generator_95', 'generator_116', 'number_match', 'number_match', 'generator_96', 'generator_95', 'generator_119', 'generator_120', 'generator_120', 'number_match', 'generator_114', 'generator_116', 'generator_95', 'generator_116']
number opened: 4
TRIAL 32
Action chosen: (green3, purple)
Outcome: True
partcle ids: ['number_match', 'number_match', 'number_match', 'number_match', 'number_match', 'number_match', 'number_match', 'number_match', 'number_match', 'number_match', 'number_match', 'number_match', 'number_match', 'number_match', 'number_match', 'number_match', 'number_match', 'number_match', 'number_match', 'number_match', 'number_match', 'number_match', 'number_match', 'number_match', 'number_match', 'number_match', 'number_match', 'number_match', 'number_match', 'number_match']
number opened: 5
{"attempts": 32, "unique_key_box_pairs": 27, "revisit_attempts": 5, "revisit_rate": 0.16129032258064516, "attempts_before_abandoning_color_matching": 3, "color_matching_abandoned": true}
