{"Child_ID": "D106", "SoC_variant": "SoC-Full", "theta": [9, 1], "p_gen": 0.4, "true_prior": 0.02, "run_number": 23, "seed": 8197923400948824053}
TRIAL 1
Action chosen: (purple, purple)
Outcome: False
partcle ids: ['generator_1', 'shape_match', 'similar_color_3', 'similar_color_9', 'generator_2', 'similar_color_8', 'similar_color_11', 'similar_color_7', 'generator_3', 'generator_4', 'shape_match', 'similar_color_2', 'similar_color_14', 'generator_5', 'generator_6', 'similar_color_5', 'order_match', 'similar_color_1', 'generator_7', 'similar_color_9', 'generator_8', 'similar_color_11', 'order_match', 'generator_9', 'similar_color_6', 'generator_10', 'generator_11', 'generator_12', 'similar_color_6', 'shape_match']
number opened: 0
TRIAL 2
Action chosen: (pink, white)
Outcome: False
partcle ids: ['generator_1', 'shape_match', 'similar_color_3', 'similar_color_9', 'generator_2', 'similar_color_8', 'similar_color_11', 'similar_color_7', 'generator_3', 'generator_4', 'shape_match', 'similar_color_2', 'similar_color_14', 'generator_5', 'generator_6', 'similar_color_5', 'order_match', 'similar_color_1', 'generator_7', 'similar_color_9', 'generator_8', 'similar_color_11', 'order_match', 'generator_9', 'similar_color_6', 'generator_10', 'generator_11', 'generator_12', 'similar_color_6', 'shape_match']
number opened: 0
TRIAL 3
Action chosen: (red, red)
Outcome: True
partcle ids: ['order_match', 'order_match', 'generator_13', 'generator_14', 'order_match', 'similar_color_2', 'generator_15', 'generator_16', 'generator_17', 'order_match', 'generator_18', 'order_match', 'generator_19', 'generator_20', 'similar_color_10', 'similar_color_8', 'generator_21', 'order_match', 'generator_22', 'generator_23', 'generator_24', 'similar_color_2', 'order_match', 'generator_25', 'similar_color_10', 'similar_color_14', 'similar_color_1', 'generator_26', 'order_match', 'order_match']
number opened: 1
TRIAL 4
Action chosen: (grey2, pink)
Outcome: True
partcle ids: ['generator_27', 'generator_28', 'generator_29', 'generator_30', 'generator_31', 'generator_32', 'generator_33', 'generator_34', 'generator_35', 'generator_36', 'generator_37', 'generator_38', 'generator_39', 'generator_40', 'generator_41', 'order_match', 'generator_43', 'generator_44', 'generator_45', 'number_match', 'generator_46', 'generator_47', 'generator_48', 'generator_49', 'order_match', 'generator_50', 'generator_51', 'order_match', 'generator_52', 'generator_53']
number opened: 2
TRIAL 5
Action chosen: (orange4, purple)
Outcome: False
partcle ids: ['generator_27', 'generator_28', 'generator_29', 'generator_30', 'generator_31', 'generator_32', 'generator_33', 'generator_34', 'generator_35', 'generator_36', 'generator_37', 'generator_38', 'generator_39', 'generator_40', 'generator_41', 'order_match', 'generator_43', 'generator_44', 'generator_45', 'number_match', 'generator_46', 'generator_47', 'generator_48', 'generator_49', 'order_match', 'generator_50', 'generator_51', 'order_match', 'generator_52', 'generator_53']
number opened: 2
TRIAL 6
Action chosen: (green3, purple)
Outcome: True
partcle ids: ['generator_54', 'generator_55', 'generator_56', 'generator_57', 'generator_58', 'generator_51', 'generator_60', 'generator_29', 'generator_61', 'generator_29', 'generator_62', 'generator_63', 'generator_64', 'generator_65', 'generator_29', 'generator_67', 'generator_68', 'generator_69', 'generator_51', 'generator_70', 'generator_71', 'generator_39', 'generator_72', 'generator_73', 'generator_74', 'generator_58', 'generator_75', 'generator_76', 'generator_77', 'generator_78']
number opened: 3
TRIAL 7
Action chosen: (pink, blue)
Outcome: False
partcle ids: ['generator_54', 'generator_55', 'generator_56', 'generator_57', 'generator_58', 'generator_51', 'generator_60', 'generator_29', 'generator_61', 'generator_29', 'generator_62', 'generator_63', 'generator_64', 'generator_65', 'generator_29', 'generator_67', 'generator_68', 'generator_69', 'generator_51', 'generator_70', 'generator_71', 'generator_39', 'generator_72', 'generator_73', 'generator_74', 'generator_58', 'generator_75', 'generator_76', 'generator_77', 'generator_78']
number opened: 3
TRIAL 8
Action chosen: (orange4, white)
Outcome: True
partcle ids: ['generator_57', 'generator_61', 'generator_57', 'generator_61', 'number_match', 'generator_61', 'generator_79', 'generator_51', 'generator_51', 'generator_73', 'number_match', 'generator_57', 'number_match', 'generator_64', 'generator_61', 'generator_61', 'generator_64', 'generator_73', 'number_match', 'number_match', 'generator_61', 'generator_64', 'generator_61', 'generator_81', 'generator_64', 'generator_64', 'generator_57', 'generator_51', 'generator_64', 'generator_64']
number opened: 4
TRIAL 9
Action chosen: (cloud, blue)
Outcome: False
partcle ids: ['generator_57', 'generator_61', 'generator_57', 'generator_61', 'number_match', 'generator_61', 'generator_79', 'generator_51', 'generator_51', 'generator_73', 'number_match', 'generator_57', 'number_match', 'generator_64', 'generator_61', 'generator_61', 'generator_64', 'generator_73', 'number_match', 'number_match', 'generator_61', 'generator_64', 'generator_61', 'generator_81', 'generator_64', 'generator_64', 'generator_57', 'generator_51', 'generator_64', 'generator_64']
number opened: 4
TRIAL 10
Action chosen: (white, blue)
Outcome: False
partcle ids: ['generator_57', 'generator_61', 'generator_57', 'generator_61', 'number_match', 'generator_61', 'generator_79', 'generator_51', 'generator_51', 'generator_73', 'number_match', 'generator_57', 'number_match', 'generator_64', 'generator_61', 'generator_61', 'generator_64', 'generator_73', 'number_match', 'number_match', 'generator_61', 'generator_64', 'generator_61', 'generator_81', 'generator_64', 'generator_64', 'generator_57', 'generator_51', 'generator_64', 'generator_64']
number opened: 4
TRIAL 11
Action chosen: (yellow5, blue)
Outcome: True
partcle ids: ['number_match', 'number_match', 'number_match', 'number_match', 'number_match', 'number_match', 'number_match', 'number_match', 'number_match', 'number_match', 'number_match', 'number_match', 'number_match', 'number_match', 'number_match', 'number_match', 'number_match', 'number_match', 'number_match', 'number_match', 'number_match', 'number_match', 'number_match', 'number_match', 'number_match', 'number_match', 'number_match', 'number_match', 'number_match', 'number_match']
number opened: 5
{"attempts": 11, "unique_key_box_pairs": 11, "revisit_attempts": 0, "revisit_rate": 0.0, "attempts_before_abandoning_color_matching": 1, "color_matching_abandoned": true}
