{"Child_ID": "D035", "SoC_variant": "SoC-Full", "theta": [9, 1], "p_gen": 0.7, "true_prior": 0.02, "run_number": 73, "seed": 6213290724814971089}
TRIAL 1
Action chosen: (red, red)
Outcome: True
partcle ids: ['generator_23', 'generator_24', 'similar_color_1', 'similar_color_8', 'generator_25', 'generator_26', 'generator_27', 'similar_color_2', 'similar_color_13', 'similar_color_9', 'similar_color_12', 'similar_color_11', 'generator_28', 'similar_color_9', 'generator_29', 'generator_30', 'generator_31', 'generator_32', 'generator_33', 'generator_34', 'generator_35', 'similar_color_1', 'generator_36', 'similar_color_8', 'number_match', 'generator_37', 'similar_color_9', 'number_match', 'generator_14', 'similar_color_13']
number opened: 1
TRIAL 2
Action chosen: (pink, pink)
Outcome: False
partcle ids: ['generator_23', 'generator_24', 'similar_color_1', 'similar_color_8', 'generator_25', 'generator_26', 'generator_27', 'similar_color_2', 'similar_color_13', 'similar_color_9', 'similar_color_12', 'similar_color_11', 'generator_28', 'similar_color_9', 'generator_29', 'generator_30', 'generator_31', 'generator_32', 'generator_33', 'generator_34', 'generator_35', 'similar_color_1', 'generator_36', 'similar_color_8', 'number_match', 'generator_37', 'similar_color_9', 'number_match', 'generator_14', 'similar_color_13']
number opened: 1
TRIAL 3
Action chosen: (cloud, purple)
Outcome: False
partcle ids: ['generator_23', 'generator_24', 'similar_color_1', 'similar_color_8', 'generator_25', 'generator_26', 'generator_27', 'similar_color_2', 'similar_color_13', 'similar_color_9', 'similar_color_12', 'similar_color_11', 'generator_28', 'similar_color_9', 'generator_29', 'generator_30', 'generator_31', 'generator_32', 'generator_33', 'generator_34', 'generator_35', 'similar_color_1', 'generator_36', 'similar_color_8', 'number_match', 'generator_37', 'similar_color_9', 'number_match', 'generator_14', 'similar_color_13']
number opened: 1
TRIAL 4
Action chosen: (green3, purple)
Outcome: True
partcle ids: ['generator_38', 'generator_39', 'generator_40', 'generator_41', 'generator_42', 'generator_43', 'generator_44', 'generator_45', 'generator_46', 'generator_47', 'generator_48', 'generator_49', 'generator_50', 'generator_51', 'generator_52', 'generator_53', 'generator_54', 'generator_55', 'generator_32', 'generator_32', 'generator_56', 'generator_57', 'generator_58', 'generator_53', 'generator_59', 'generator_60', 'generator_61', 'generator_62', 'generator_63', 'generator_64']
number opened: 2
TRIAL 5
Action chosen: (diamond, pink)
Outcome: False
partcle ids: ['generator_38', 'generator_39', 'generator_40', 'generator_41', 'generator_42', 'generator_43', 'generator_44', 'generator_45', 'generator_46', 'generator_47', 'generator_48', 'generator_49', 'generator_50', 'generator_51', 'generator_52', 'generator_53', 'generator_54', 'generator_55', 'generator_32', 'generator_32', 'generator_56', 'generator_57', 'generator_58', 'generator_53', 'generator_59', 'generator_60', 'generator_61', 'generator_62', 'generator_63', 'generator_64']
number opened: 2
TRIAL 6
Action chosen: (cloud, blue)
Outcome: False
partcle ids: ['generator_38', 'generator_39', 'generator_40', 'generator_41', 'generator_42', 'generator_43', 'generator_44', 'generator_45', 'generator_46', 'generator_47', 'generator_48', 'generator_49', 'generator_50', 'generator_51', 'generator_52', 'generator_53', 'generator_54', 'generator_55', 'generator_32', 'generator_32', 'generator_56', 'generator_57', 'generator_58', 'generator_53', 'generator_59', 'generator_60', 'generator_61', 'generator_62', 'generator_63', 'generator_64']
number opened: 2
TRIAL 7
Action chosen: (orange4, pink)
Outcome: False
partcle ids: ['generator_38', 'generator_39', 'generator_40', 'generator_41', 'generator_42', 'generator_43', 'generator_44', 'generator_45', 'generator_46', 'generator_47', 'generator_48', 'generator_49', 'generator_50', 'generator_51', 'generator_52', 'generator_53', 'generator_54', 'generator_55', 'generator_32', 'generator_32', 'generator_56', 'generator_57', 'generator_58', 'generator_53', 'generator_59', 'generator_60', 'generator_61', 'generator_62', 'generator_63', 'generator_64']
number opened: 2
TRIAL 8
Action chosen: (orange4, blue)
Outcome: False
partcle ids: ['generator_65', 'generator_66', 'generator_60', 'generator_40', 'generator_67', 'generator_60', 'generator_40', 'generator_69', 'generator_54', 'generator_71', 'generator_72', 'generator_54', 'generator_74', 'generator_75', 'generator_76', 'generator_55', 'generator_78', 'generator_79', 'generator_80', 'generator_68', 'generator_81', 'generator_82', 'generator_83', 'generator_84', 'generator_52', 'generator_46', 'generator_54', 'generator_41', 'generator_88', 'generator_89']
number opened: 2
TRIAL 9
Action chosen: (pink, blue)
Outcome: False
partcle ids: ['generator_65', 'generator_66', 'generator_60', 'generator_40', 'generator_67', 'generator_60', 'generator_40', 'generator_69', 'generator_54', 'generator_71', 'generator_72', 'generator_54', 'generator_74', 'generator_75', 'generator_76', 'generator_55', 'generator_78', 'generator_79', 'generator_80', 'generator_68', 'generator_81', 'generator_82', 'generator_83', 'generator_84', 'generator_52', 'generator_46', 'generator_54', 'generator_41', 'generator_88', 'generator_89']
number opened: 2
TRIAL 10
Action chosen: (blue, blue)
Outcome: False
partcle ids: ['generator_65', 'generator_66', 'generator_60', 'generator_40', 'generator_67', 'generator_60', 'generator_40', 'generator_69', 'generator_54', 'generator_71', 'generator_72', 'generator_54', 'generator_74', 'generator_75', 'generator_76', 'generator_55', 'generator_78', 'generator_79', 'generator_80', 'generator_68', 'generator_81', 'generator_82', 'generator_83', 'generator_84', 'generator_52', 'generator_46', 'generator_54', 'generator_41', 'generator_88', 'generator_89']
number opened: 2
TRIAL 11
Action chosen: (white, blue)
Outcome: False
partcle ids: ['generator_65', 'generator_66', 'generator_60', 'generator_40', 'generator_67', 'generator_60', 'generator_40', 'generator_69', 'generator_54', 'generator_71', 'generator_72', 'generator_54', 'generator_74', 'generator_75', 'generator_76', 'generator_55', 'generator_78', 'generator_79', 'generator_80', 'generator_68', 'generator_81', 'generator_82', 'generator_83', 'generator_84', 'generator_52', 'generator_46', 'generator_54', 'generator_41', 'generator_88', 'generator_89']
number opened: 2
TRIAL 12
Action chosen: (diamond, blue)
Outcome: False
partcle ids: ['generator_65', 'generator_66', 'generator_60', 'generator_40', 'generator_67', 'generator_60', 'generator_40', 'generator_69', 'generator_54', 'generator_71', 'generator_72', 'generator_54', 'generator_74', 'generator_75', 'generator_76', 'generator_55', 'generator_78', 'generator_79', 'generator_80', 'generator_68', 'generator_81', 'generator_82', 'generator_83', 'generator_84', 'generator_52', 'generator_46', 'generator_54', 'generator_41', 'generator_88', 'generator_89']
number opened: 2
TRIAL 13
Action chosen: (heart, blue)
Outcome: False
partcle ids: ['generator_90', 'generator_68', 'generator_71', 'generator_71', 'generator_93', 'generator_60', 'generator_95', 'generator_96', 'generator_60', 'generator_32', 'generator_83', 'generator_99', 'generator_82', 'generator_100', 'generator_60', 'generator_102', 'generator_83', 'generator_68', 'generator_84', 'generator_60', 'generator_69', 'generator_60', 'generator_109', 'generator_76', 'generator_54', 'generator_112', 'generator_76', 'generator_114', 'generator_79', 'generator_115']
number opened: 2
TRIAL 14
Action chosen: (heart, white)
Outcome: False
partcle ids: ['generator_90', 'generator_68', 'generator_71', 'generator_71', 'generator_93', 'generator_60', 'generator_95', 'generator_96', 'generator_60', 'generator_32', 'generator_83', 'generator_99', 'generator_82', 'generator_100', 'generator_60', 'generator_102', 'generator_83', 'generator_68', 'generator_84', 'generator_60', 'generator_69', 'generator_60', 'generator_109', 'generator_76', 'generator_54', 'generator_112', 'generator_76', 'generator_114', 'generator_79', 'generator_115']
number opened: 2
TRIAL 15
Action chosen: (yellow5, pink)
Outcome: False
partcle ids: ['generator_90', 'generator_68', 'generator_71', 'generator_71', 'generator_93', 'generator_60', 'generator_95', 'generator_96', 'generator_60', 'generator_32', 'generator_83', 'generator_99', 'generator_82', 'generator_100', 'generator_60', 'generator_102', 'generator_83', 'generator_68', 'generator_84', 'generator_60', 'generator_69', 'generator_60', 'generator_109', 'generator_76', 'generator_54', 'generator_112', 'generator_76', 'generator_114', 'generator_79', 'generator_115']
number opened: 2
TRIAL 16
Action chosen: (triangle, blue)
Outcome: False
partcle ids: ['generator_90', 'generator_68', 'generator_71', 'generator_71', 'generator_93', 'generator_60', 'generator_95', 'generator_96', 'generator_60', 'generator_32', 'generator_83', 'generator_99', 'generator_82', 'generator_100', 'generator_60', 'generator_102', 'generator_83', 'generator_68', 'generator_84', 'generator_60', 'generator_69', 'generator_60', 'generator_109', 'generator_76', 'generator_54', 'generator_112', 'generator_76', 'generator_114', 'generator_79', 'generator_115']
number opened: 2
TRIAL 17
Action chosen: (cloud, white)
Outcome: False
partcle ids: ['generator_74', 'generator_102', 'generator_117', 'generator_84', 'generator_119', 'generator_120', 'generator_83', 'generator_54', 'generator_123', 'generator_124', 'generator_125', 'generator_95', 'generator_127', 'generator_128', 'generator_95', 'generator_102', 'generator_84', 'generator_131', 'generator_132', 'generator_32', 'generator_134', 'generator_135', 'generator_136', 'generator_84', 'generator_138', 'generator_132', 'generator_139', 'generator_140', 'generator_141', 'generator_114']
number opened: 2
TRIAL 18
Action chosen: (pink, white)
Outcome: False
partcle ids: ['generator_74', 'generator_102', 'generator_117', 'generator_84', 'generator_119', 'generator_120', 'generator_83', 'generator_54', 'generator_123', 'generator_124', 'generator_125', 'generator_95', 'generator_127', 'generator_128', 'generator_95', 'generator_102', 'generator_84', 'generator_131', 'generator_132', 'generator_32', 'generator_134', 'generator_135', 'generator_136', 'generator_84', 'generator_138', 'generator_132', 'generator_139', 'generator_140', 'generator_141', 'generator_114']
number opened: 2
TRIAL 19
Action chosen: (orange4, white)
Outcome: True
partcle ids: ['generator_143', 'generator_144', 'generator_145', 'generator_146', 'generator_147', 'generator_61', 'generator_148', 'generator_149', 'generator_150', 'generator_151', 'generator_152', 'generator_153', 'generator_55', 'generator_154', 'generator_83', 'generator_155', 'number_match', 'generator_156', 'generator_157', 'generator_95', 'generator_159', 'generator_160', 'generator_135', 'generator_128', 'generator_162', 'generator_163', 'generator_146', 'generator_95', 'generator_162', 'generator_165']
number opened: 3
TRIAL 20
Action chosen: (cloud, pink)
Outcome: False
partcle ids: ['generator_143', 'generator_144', 'generator_145', 'generator_146', 'generator_147', 'generator_61', 'generator_148', 'generator_149', 'generator_150', 'generator_151', 'generator_152', 'generator_153', 'generator_55', 'generator_154', 'generator_83', 'generator_155', 'number_match', 'generator_156', 'generator_157', 'generator_95', 'generator_159', 'generator_160', 'generator_135', 'generator_128', 'generator_162', 'generator_163', 'generator_146', 'generator_95', 'generator_162', 'generator_165']
number opened: 3
TRIAL 21
Action chosen: (grey2, blue)
Outcome: False
partcle ids: ['generator_143', 'generator_144', 'generator_145', 'generator_146', 'generator_147', 'generator_61', 'generator_148', 'generator_149', 'generator_150', 'generator_151', 'generator_152', 'generator_153', 'generator_55', 'generator_154', 'generator_83', 'generator_155', 'number_match', 'generator_156', 'generator_157', 'generator_95', 'generator_159', 'generator_160', 'generator_135', 'generator_128', 'generator_162', 'generator_163', 'generator_146', 'generator_95', 'generator_162', 'generator_165']
number opened: 3
TRIAL 22
Action chosen: (heart, pink)
Outcome: False
partcle ids: ['generator_143', 'generator_144', 'generator_145', 'generator_146', 'generator_147', 'generator_61', 'generator_148', 'generator_149', 'generator_150', 'generator_151', 'generator_152', 'generator_153', 'generator_55', 'generator_154', 'generator_83', 'generator_155', 'number_match', 'generator_156', 'generator_157', 'generator_95', 'generator_159', 'generator_160', 'generator_135', 'generator_128', 'generator_162', 'generator_163', 'generator_146', 'generator_95', 'generator_162', 'generator_165']
number opened: 3
TRIAL 23
Action chosen: (triangle, pink)
Outcome: False
partcle ids: ['generator_143', 'generator_144', 'generator_145', 'generator_146', 'generator_147', 'generator_61', 'generator_148', 'generator_149', 'generator_150', 'generator_151', 'generator_152', 'generator_153', 'generator_55', 'generator_154', 'generator_83', 'generator_155', 'number_match', 'generator_156', 'generator_157', 'generator_95', 'generator_159', 'generator_160', 'generator_135', 'generator_128', 'generator_162', 'generator_163', 'generator_146', 'generator_95', 'generator_162', 'generator_165']
number opened: 3
TRIAL 24
Action chosen: (white, pink)
Outcome: False
partcle ids: ['generator_153', 'generator_165', 'generator_156', 'generator_166', 'generator_165', 'generator_146', 'generator_83', 'generator_165', 'generator_157', 'generator_162', 'generator_83', 'generator_167', 'generator_168', 'generator_169', 'generator_144', 'generator_148', 'generator_149', 'generator_145', 'generator_83', 'generator_170', 'generator_171', 'generator_128', 'generator_173', 'generator_146', 'generator_174', 'generator_175', 'generator_176', 'generator_177', 'generator_178', 'generator_57']
number opened: 3
TRIAL 25
Action chosen: (blue, pink)
Outcome: False
partcle ids: ['generator_153', 'generator_165', 'generator_156', 'generator_166', 'generator_165', 'generator_146', 'generator_83', 'generator_165', 'generator_157', 'generator_162', 'generator_83', 'generator_167', 'generator_168', 'generator_169', 'generator_144', 'generator_148', 'generator_149', 'generator_145', 'generator_83', 'generator_170', 'generator_171', 'generator_128', 'generator_173', 'generator_146', 'generator_174', 'generator_175', 'generator_176', 'generator_177', 'generator_178', 'generator_57']
number opened: 3
TRIAL 26
Action chosen: (triangle, blue)
Outcome: False
partcle ids: ['generator_153', 'generator_165', 'generator_156', 'generator_166', 'generator_165', 'generator_146', 'generator_83', 'generator_165', 'generator_157', 'generator_162', 'generator_83', 'generator_167', 'generator_168', 'generator_169', 'generator_144', 'generator_148', 'generator_149', 'generator_145', 'generator_83', 'generator_170', 'generator_171', 'generator_128', 'generator_173', 'generator_146', 'generator_174', 'generator_175', 'generator_176', 'generator_177', 'generator_178', 'generator_57']
number opened: 3
TRIAL 27
Action chosen: (purple, blue)
Outcome: False
partcle ids: ['generator_153', 'generator_165', 'generator_156', 'generator_166', 'generator_165', 'generator_146', 'generator_83', 'generator_165', 'generator_157', 'generator_162', 'generator_83', 'generator_167', 'generator_168', 'generator_169', 'generator_144', 'generator_148', 'generator_149', 'generator_145', 'generator_83', 'generator_170', 'generator_171', 'generator_128', 'generator_173', 'generator_146', 'generator_174', 'generator_175', 'generator_176', 'generator_177', 'generator_178', 'generator_57']
number opened: 3
TRIAL 28
Action chosen: (diamond, pink)
Outcome: False
partcle ids: ['generator_153', 'generator_165', 'generator_156', 'generator_166', 'generator_165', 'generator_146', 'generator_83', 'generator_165', 'generator_157', 'generator_162', 'generator_83', 'generator_167', 'generator_168', 'generator_169', 'generator_144', 'generator_148', 'generator_149', 'generator_145', 'generator_83', 'generator_170', 'generator_171', 'generator_128', 'generator_173', 'generator_146', 'generator_174', 'generator_175', 'generator_176', 'generator_177', 'generator_178', 'generator_57']
number opened: 3
TRIAL 29
Action chosen: (heart, blue)
Outcome: False
partcle ids: ['generator_153', 'generator_165', 'generator_156', 'generator_166', 'generator_165', 'generator_146', 'generator_83', 'generator_165', 'generator_157', 'generator_162', 'generator_83', 'generator_167', 'generator_168', 'generator_169', 'generator_144', 'generator_148', 'generator_149', 'generator_145', 'generator_83', 'generator_170', 'generator_171', 'generator_128', 'generator_173', 'generator_146', 'generator_174', 'generator_175', 'generator_176', 'generator_177', 'generator_178', 'generator_57']
number opened: 3
TRIAL 30
Action chosen: (triangle, pink)
Outcome: False
partcle ids: ['generator_153', 'generator_165', 'generator_156', 'generator_166', 'generator_165', 'generator_146', 'generator_83', 'generator_165', 'generator_157', 'generator_162', 'generator_83', 'generator_167', 'generator_168', 'generator_169', 'generator_144', 'generator_148', 'generator_149', 'generator_145', 'generator_83', 'generator_170', 'generator_171', 'generator_128', 'generator_173', 'generator_146', 'generator_174', 'generator_175', 'generator_176', 'generator_177', 'generator_178', 'generator_57']
number opened: 3
TRIAL 31
Action chosen: (purple, pink)
Outcome: False
partcle ids: ['generator_179', 'generator_160', 'generator_180', 'generator_178', 'generator_151', 'generator_144', 'generator_128', 'generator_157', 'generator_83', 'generator_149', 'generator_144', 'generator_173', 'generator_167', 'generator_185', 'generator_186', 'generator_153', 'generator_157', 'generator_174', 'generator_188', 'generator_189', 'generator_157', 'generator_190', 'generator_173', 'generator_149', 'generator_192', 'generator_144', 'generator_174', 'generator_194', 'generator_83', 'generator_151']
number opened: 3
TRIAL 32
Action chosen: (grey2, pink)
Outcome: True
partcle ids: ['generator_157', 'generator_195', 'generator_167', 'generator_195', 'number_match', 'generator_188', 'generator_196', 'generator_167', 'generator_195', 'generator_188', 'generator_83', 'generator_190', 'generator_195', 'generator_190', 'generator_167', 'generator_83', 'generator_195', 'number_match', 'number_match', 'generator_83', 'generator_83', 'generator_197', 'generator_167', 'generator_188', 'generator_195', 'generator_83', 'generator_188', 'generator_157', 'generator_157', 'generator_196']
number opened: 4
TRIAL 33
Action chosen: (blue, blue)
Outcome: False
partcle ids: ['generator_157', 'generator_195', 'generator_167', 'generator_195', 'number_match', 'generator_188', 'generator_196', 'generator_167', 'generator_195', 'generator_188', 'generator_83', 'generator_190', 'generator_195', 'generator_190', 'generator_167', 'generator_83', 'generator_195', 'number_match', 'number_match', 'generator_83', 'generator_83', 'generator_197', 'generator_167', 'generator_188', 'generator_195', 'generator_83', 'generator_188', 'generator_157', 'generator_157', 'generator_196']
number opened: 4
TRIAL 34
Action chosen: (triangle, blue)
Outcome: False
partcle ids: ['generator_157', 'generator_195', 'generator_167', 'generator_195', 'number_match', 'generator_188', 'generator_196', 'generator_167', 'generator_195', 'generator_188', 'generator_83', 'generator_190', 'generator_195', 'generator_190', 'generator_167', 'generator_83', 'generator_195', 'number_match', 'number_match', 'generator_83', 'generator_83', 'generator_197', 'generator_167', 'generator_188', 'generator_195', 'generator_83', 'generator_188', 'generator_157', 'generator_157', 'generator_196']
number opened: 4
TRIAL 35
Action chosen: (purple, blue)
Outcome: False
partcle ids: ['generator_157', 'generator_195', 'generator_167', 'generator_195', 'number_match', 'generator_188', 'generator_196', 'generator_167', 'generator_195', 'generator_188', 'generator_83', 'generator_190', 'generator_195', 'generator_190', 'generator_167', 'generator_83', 'generator_195', 'number_match', 'number_match', 'generator_83', 'generator_83', 'generator_197', 'generator_167', 'generator_188', 'generator_195', 'generator_83', 'generator_188', 'generator_157', 'generator_157', 'generator_196']
number opened: 4
TRIAL 36
Action chosen: (heart, blue)
Outcome: False
partcle ids: ['generator_157', 'generator_195', 'generator_167', 'generator_195', 'number_match', 'generator_188', 'generator_196', 'generator_167', 'generator_195', 'generator_188', 'generator_83', 'generator_190', 'generator_195', 'generator_190', 'generator_167', 'generator_83', 'generator_195', 'number_match', 'number_match', 'generator_83', 'generator_83', 'generator_197', 'generator_167', 'generator_188', 'generator_195', 'generator_83', 'generator_188', 'generator_157', 'generator_157', 'generator_196']
number opened: 4
TRIAL 37
Action chosen: (yellow5, blue)
Outcome: True
partcle ids: ['number_match', 'number_match', 'number_match', 'number_match', 'number_match', 'number_match', 'number_match', 'number_match', 'number_match', 'number_match', 'number_match', 'number_match', 'number_match', 'number_match', 'number_match', 'number_match', 'number_match', 'number_match', 'number_match', 'number_match', 'number_match', 'number_match', 'number_match', 'number_match', 'number_match', 'number_match', 'number_match', 'number_match', 'number_match', 'number_match']
number opened: 5
{"attempts": 37, "unique_key_box_pairs": 29, "revisit_attempts": 8, "revisit_rate": 0.2222222222222222, "attempts_before_abandoning_color_matching": 2, "color_matching_abandoned": true}
