{"Child_ID": "D032", "SoC_variant": "SoC-Full", "theta": [1, 3], "p_gen": 0.3, "true_prior": 0.02, "run_number": 47, "seed": 8437648785851206961}
TRIAL 1
Action chosen: (blue, blue)
Outcome: False
partcle ids: ['generator_1', 'similar_color_10', 'similar_color_6', 'generator_2', 'similar_color_12', 'generator_3', 'similar_color_7', 'color_match', 'similar_color_10', 'color_match', 'similar_color_9', 'generator_4', 'similar_color_4', 'similar_color_8', 'similar_color_9', 'similar_color_13', 'generator_5', 'similar_color_2', 'similar_color_1', 'generator_6', 'generator_7', 'generator_8', 'similar_color_3', 'similar_color_11', 'similar_color_13', 'similar_color_14', 'similar_color_5', 'similar_color_7', 'generator_9', 'generator_10']
number opened: 0
TRIAL 2
Action chosen: (blue, blue)
Outcome: False
partcle ids: ['generator_1', 'similar_color_10', 'similar_color_6', 'generator_2', 'similar_color_12', 'generator_3', 'similar_color_7', 'color_match', 'similar_color_10', 'color_match', 'similar_color_9', 'generator_4', 'similar_color_4', 'similar_color_8', 'similar_color_9', 'similar_color_13', 'generator_5', 'similar_color_2', 'similar_color_1', 'generator_6', 'generator_7', 'generator_8', 'similar_color_3', 'similar_color_11', 'similar_color_13', 'similar_color_14', 'similar_color_5', 'similar_color_7', 'generator_9', 'generator_10']
number opened: 0
TRIAL 3
Action chosen: (green3, blue)
Outcome: False
partcle ids: ['generator_1', 'similar_color_10', 'similar_color_6', 'generator_2', 'similar_color_12', 'generator_3', 'similar_color_7', 'color_match', 'similar_color_10', 'color_match', 'similar_color_9', 'generator_4', 'similar_color_4', 'similar_color_8', 'similar_color_9', 'similar_color_13', 'generator_5', 'similar_color_2', 'similar_color_1', 'generator_6', 'generator_7', 'generator_8', 'similar_color_3', 'similar_color_11', 'similar_color_13', 'similar_color_14', 'similar_color_5', 'similar_color_7', 'generator_9', 'generator_10']
number opened: 0
TRIAL 4
Action chosen: (blue, blue)
Outcome: False
partcle ids: ['generator_1', 'similar_color_10', 'similar_color_6', 'generator_2', 'similar_color_12', 'generator_3', 'similar_color_7', 'color_match', 'similar_color_10', 'color_match', 'similar_color_9', 'generator_4', 'similar_color_4', 'similar_color_8', 'similar_color_9', 'similar_color_13', 'generator_5', 'similar_color_2', 'similar_color_1', 'generator_6', 'generator_7', 'generator_8', 'similar_color_3', 'similar_color_11', 'similar_color_13', 'similar_color_14', 'similar_color_5', 'similar_color_7', 'generator_9', 'generator_10']
number opened: 0
TRIAL 5
Action chosen: (green3, blue)
Outcome: False
partcle ids: ['generator_1', 'similar_color_10', 'similar_color_6', 'generator_2', 'similar_color_12', 'generator_3', 'similar_color_7', 'color_match', 'similar_color_10', 'color_match', 'similar_color_9', 'generator_4', 'similar_color_4', 'similar_color_8', 'similar_color_9', 'similar_color_13', 'generator_5', 'similar_color_2', 'similar_color_1', 'generator_6', 'generator_7', 'generator_8', 'similar_color_3', 'similar_color_11', 'similar_color_13', 'similar_color_14', 'similar_color_5', 'similar_color_7', 'generator_9', 'generator_10']
number opened: 0
TRIAL 6
Action chosen: (heart, blue)
Outcome: False
partcle ids: ['generator_1', 'similar_color_10', 'similar_color_6', 'generator_2', 'similar_color_12', 'generator_3', 'similar_color_7', 'color_match', 'similar_color_10', 'color_match', 'similar_color_9', 'generator_4', 'similar_color_4', 'similar_color_8', 'similar_color_9', 'similar_color_13', 'generator_5', 'similar_color_2', 'similar_color_1', 'generator_6', 'generator_7', 'generator_8', 'similar_color_3', 'similar_color_11', 'similar_color_13', 'similar_color_14', 'similar_color_5', 'similar_color_7', 'generator_9', 'generator_10']
number opened: 0
TRIAL 7
Action chosen: (blue, blue)
Outcome: False
partcle ids: ['generator_1', 'similar_color_10', 'similar_color_6', 'generator_2', 'similar_color_12', 'generator_3', 'similar_color_7', 'color_match', 'similar_color_10', 'color_match', 'similar_color_9', 'generator_4', 'similar_color_4', 'similar_color_8', 'similar_color_9', 'similar_color_13', 'generator_5', 'similar_color_2', 'similar_color_1', 'generator_6', 'generator_7', 'generator_8', 'similar_color_3', 'similar_color_11', 'similar_color_13', 'similar_color_14', 'similar_color_5', 'similar_color_7', 'generator_9', 'generator_10']
number opened: 0
TRIAL 8
Action chosen: (green3, blue)
Outcome: False
partcle ids: ['generator_1', 'similar_color_10', 'similar_color_6', 'generator_2', 'similar_color_12', 'generator_3', 'similar_color_7', 'color_match', 'similar_color_10', 'color_match', 'similar_color_9', 'generator_4', 'similar_color_4', 'similar_color_8', 'similar_color_9', 'similar_color_13', 'generator_5', 'similar_color_2', 'similar_color_1', 'generator_6', 'generator_7', 'generator_8', 'similar_color_3', 'similar_color_11', 'similar_color_13', 'similar_color_14', 'similar_color_5', 'similar_color_7', 'generator_9', 'generator_10']
number opened: 0
TRIAL 9
Action chosen: (pink, pink)
Outcome: False
partcle ids: ['generator_1', 'similar_color_10', 'similar_color_6', 'generator_2', 'similar_color_12', 'generator_3', 'similar_color_7', 'color_match', 'similar_color_10', 'color_match', 'similar_color_9', 'generator_4', 'similar_color_4', 'similar_color_8', 'similar_color_9', 'similar_color_13', 'generator_5', 'similar_color_2', 'similar_color_1', 'generator_6', 'generator_7', 'generator_8', 'similar_color_3', 'similar_color_11', 'similar_color_13', 'similar_color_14', 'similar_color_5', 'similar_color_7', 'generator_9', 'generator_10']
number opened: 0
TRIAL 10
Action chosen: (pink, pink)
Outcome: False
partcle ids: ['generator_1', 'similar_color_10', 'similar_color_6', 'generator_2', 'similar_color_12', 'generator_3', 'similar_color_7', 'color_match', 'similar_color_10', 'color_match', 'similar_color_9', 'generator_4', 'similar_color_4', 'similar_color_8', 'similar_color_9', 'similar_color_13', 'generator_5', 'similar_color_2', 'similar_color_1', 'generator_6', 'generator_7', 'generator_8', 'similar_color_3', 'similar_color_11', 'similar_color_13', 'similar_color_14', 'similar_color_5', 'similar_color_7', 'generator_9', 'generator_10']
number opened: 0
TRIAL 11
Action chosen: (pink, pink)
Outcome: False
partcle ids: ['generator_1', 'similar_color_10', 'similar_color_6', 'generator_2', 'similar_color_12', 'generator_3', 'similar_color_7', 'color_match', 'similar_color_10', 'color_match', 'similar_color_9', 'generator_4', 'similar_color_4', 'similar_color_8', 'similar_color_9', 'similar_color_13', 'generator_5', 'similar_color_2', 'similar_color_1', 'generator_6', 'generator_7', 'generator_8', 'similar_color_3', 'similar_color_11', 'similar_color_13', 'similar_color_14', 'similar_color_5', 'similar_color_7', 'generator_9', 'generator_10']
number opened: 0
TRIAL 12
Action chosen: (pink, pink)
Outcome: False
partcle ids: ['generator_1', 'similar_color_10', 'similar_color_6', 'generator_2', 'similar_color_12', 'generator_3', 'similar_color_7', 'color_match', 'similar_color_10', 'color_match', 'similar_color_9', 'generator_4', 'similar_color_4', 'similar_color_8', 'similar_color_9', 'similar_color_13', 'generator_5', 'similar_color_2', 'similar_color_1', 'generator_6', 'generator_7', 'generator_8', 'similar_color_3', 'similar_color_11', 'similar_color_13', 'similar_color_14', 'similar_color_5', 'similar_color_7', 'generator_9', 'generator_10']
number opened: 0
TRIAL 13
Action chosen: (pink, pink)
Outcome: False
partcle ids: ['generator_1', 'similar_color_10', 'similar_color_6', 'generator_2', 'similar_color_12', 'generator_3', 'similar_color_7', 'color_match', 'similar_color_10', 'color_match', 'similar_color_9', 'generator_4', 'similar_color_4', 'similar_color_8', 'similar_color_9', 'similar_color_13', 'generator_5', 'similar_color_2', 'similar_color_1', 'generator_6', 'generator_7', 'generator_8', 'similar_color_3', 'similar_color_11', 'similar_color_13', 'similar_color_14', 'similar_color_5', 'similar_color_7', 'generator_9', 'generator_10']
number opened: 0
TRIAL 14
Action chosen: (pink, pink)
Outcome: False
partcle ids: ['generator_1', 'similar_color_10', 'similar_color_6', 'generator_2', 'similar_color_12', 'generator_3', 'similar_color_7', 'color_match', 'similar_color_10', 'color_match', 'similar_color_9', 'generator_4', 'similar_color_4', 'similar_color_8', 'similar_color_9', 'similar_color_13', 'generator_5', 'similar_color_2', 'similar_color_1', 'generator_6', 'generator_7', 'generator_8', 'similar_color_3', 'similar_color_11', 'similar_color_13', 'similar_color_14', 'similar_color_5', 'similar_color_7', 'generator_9', 'generator_10']
number opened: 0
TRIAL 15
Action chosen: (red, red)
Outcome: True
partcle ids: ['generator_11', 'similar_color_5', 'similar_color_7', 'generator_12', 'similar_color_11', 'number_match', 'similar_color_13', 'generator_13', 'generator_14', 'generator_15', 'similar_color_10', 'similar_color_4', 'generator_16', 'similar_color_2', 'similar_color_9', 'similar_color_13', 'similar_color_7', 'generator_17', 'similar_color_4', 'similar_color_4', 'similar_color_8', 'generator_18', 'generator_19', 'similar_color_13', 'generator_2', 'generator_2', 'generator_20', 'similar_color_7', 'generator_21', 'color_match']
number opened: 1
TRIAL 16
Action chosen: (pink, pink)
Outcome: False
partcle ids: ['generator_11', 'similar_color_5', 'similar_color_7', 'generator_12', 'similar_color_11', 'number_match', 'similar_color_13', 'generator_13', 'generator_14', 'generator_15', 'similar_color_10', 'similar_color_4', 'generator_16', 'similar_color_2', 'similar_color_9', 'similar_color_13', 'similar_color_7', 'generator_17', 'similar_color_4', 'similar_color_4', 'similar_color_8', 'generator_18', 'generator_19', 'similar_color_13', 'generator_2', 'generator_2', 'generator_20', 'similar_color_7', 'generator_21', 'color_match']
number opened: 1
TRIAL 17
Action chosen: (pink, pink)
Outcome: False
partcle ids: ['generator_11', 'similar_color_5', 'similar_color_7', 'generator_12', 'similar_color_11', 'number_match', 'similar_color_13', 'generator_13', 'generator_14', 'generator_15', 'similar_color_10', 'similar_color_4', 'generator_16', 'similar_color_2', 'similar_color_9', 'similar_color_13', 'similar_color_7', 'generator_17', 'similar_color_4', 'similar_color_4', 'similar_color_8', 'generator_18', 'generator_19', 'similar_color_13', 'generator_2', 'generator_2', 'generator_20', 'similar_color_7', 'generator_21', 'color_match']
number opened: 1
TRIAL 18
Action chosen: (pink, pink)
Outcome: False
partcle ids: ['generator_11', 'similar_color_5', 'similar_color_7', 'generator_12', 'similar_color_11', 'number_match', 'similar_color_13', 'generator_13', 'generator_14', 'generator_15', 'similar_color_10', 'similar_color_4', 'generator_16', 'similar_color_2', 'similar_color_9', 'similar_color_13', 'similar_color_7', 'generator_17', 'similar_color_4', 'similar_color_4', 'similar_color_8', 'generator_18', 'generator_19', 'similar_color_13', 'generator_2', 'generator_2', 'generator_20', 'similar_color_7', 'generator_21', 'color_match']
number opened: 1
TRIAL 19
Action chosen: (pink, pink)
Outcome: False
partcle ids: ['generator_11', 'similar_color_5', 'similar_color_7', 'generator_12', 'similar_color_11', 'number_match', 'similar_color_13', 'generator_13', 'generator_14', 'generator_15', 'similar_color_10', 'similar_color_4', 'generator_16', 'similar_color_2', 'similar_color_9', 'similar_color_13', 'similar_color_7', 'generator_17', 'similar_color_4', 'similar_color_4', 'similar_color_8', 'generator_18', 'generator_19', 'similar_color_13', 'generator_2', 'generator_2', 'generator_20', 'similar_color_7', 'generator_21', 'color_match']
number opened: 1
TRIAL 20
Action chosen: (purple, purple)
Outcome: False
partcle ids: ['generator_11', 'similar_color_5', 'similar_color_7', 'generator_12', 'similar_color_11', 'number_match', 'similar_color_13', 'generator_13', 'generator_14', 'generator_15', 'similar_color_10', 'similar_color_4', 'generator_16', 'similar_color_2', 'similar_color_9', 'similar_color_13', 'similar_color_7', 'generator_17', 'similar_color_4', 'similar_color_4', 'similar_color_8', 'generator_18', 'generator_19', 'similar_color_13', 'generator_2', 'generator_2', 'generator_20', 'similar_color_7', 'generator_21', 'color_match']
number opened: 1
TRIAL 21
Action chosen: (purple, purple)
Outcome: False
partcle ids: ['generator_11', 'similar_color_5', 'similar_color_7', 'generator_12', 'similar_color_11', 'number_match', 'similar_color_13', 'generator_13', 'generator_14', 'generator_15', 'similar_color_10', 'similar_color_4', 'generator_16', 'similar_color_2', 'similar_color_9', 'similar_color_13', 'similar_color_7', 'generator_17', 'similar_color_4', 'similar_color_4', 'similar_color_8', 'generator_18', 'generator_19', 'similar_color_13', 'generator_2', 'generator_2', 'generator_20', 'similar_color_7', 'generator_21', 'color_match']
number opened: 1
TRIAL 22
Action chosen: (purple, purple)
Outcome: False
partcle ids: ['generator_11', 'similar_color_5', 'similar_color_7', 'generator_12', 'similar_color_11', 'number_match', 'similar_color_13', 'generator_13', 'generator_14', 'generator_15', 'similar_color_10', 'similar_color_4', 'generator_16', 'similar_color_2', 'similar_color_9', 'similar_color_13', 'similar_color_7', 'generator_17', 'similar_color_4', 'similar_color_4', 'similar_color_8', 'generator_18', 'generator_19', 'similar_color_13', 'generator_2', 'generator_2', 'generator_20', 'similar_color_7', 'generator_21', 'color_match']
number opened: 1
TRIAL 23
Action chosen: (yellow5, purple)
Outcome: False
partcle ids: ['generator_11', 'similar_color_5', 'similar_color_7', 'generator_12', 'similar_color_11', 'number_match', 'similar_color_13', 'generator_13', 'generator_14', 'generator_15', 'similar_color_10', 'similar_color_4', 'generator_16', 'similar_color_2', 'similar_color_9', 'similar_color_13', 'similar_color_7', 'generator_17', 'similar_color_4', 'similar_color_4', 'similar_color_8', 'generator_18', 'generator_19', 'similar_color_13', 'generator_2', 'generator_2', 'generator_20', 'similar_color_7', 'generator_21', 'color_match']
number opened: 1
TRIAL 24
Action chosen: (purple, purple)
Outcome: False
partcle ids: ['generator_11', 'similar_color_5', 'similar_color_7', 'generator_12', 'similar_color_11', 'number_match', 'similar_color_13', 'generator_13', 'generator_14', 'generator_15', 'similar_color_10', 'similar_color_4', 'generator_16', 'similar_color_2', 'similar_color_9', 'similar_color_13', 'similar_color_7', 'generator_17', 'similar_color_4', 'similar_color_4', 'similar_color_8', 'generator_18', 'generator_19', 'similar_color_13', 'generator_2', 'generator_2', 'generator_20', 'similar_color_7', 'generator_21', 'color_match']
number opened: 1
TRIAL 25
Action chosen: (yellow5, purple)
Outcome: False
partcle ids: ['generator_11', 'similar_color_5', 'similar_color_7', 'generator_12', 'similar_color_11', 'number_match', 'similar_color_13', 'generator_13', 'generator_14', 'generator_15', 'similar_color_10', 'similar_color_4', 'generator_16', 'similar_color_2', 'similar_color_9', 'similar_color_13', 'similar_color_7', 'generator_17', 'similar_color_4', 'similar_color_4', 'similar_color_8', 'generator_18', 'generator_19', 'similar_color_13', 'generator_2', 'generator_2', 'generator_20', 'similar_color_7', 'generator_21', 'color_match']
number opened: 1
TRIAL 26
Action chosen: (purple, pink)
Outcome: False
partcle ids: ['generator_11', 'similar_color_5', 'similar_color_7', 'generator_12', 'similar_color_11', 'number_match', 'similar_color_13', 'generator_13', 'generator_14', 'generator_15', 'similar_color_10', 'similar_color_4', 'generator_16', 'similar_color_2', 'similar_color_9', 'similar_color_13', 'similar_color_7', 'generator_17', 'similar_color_4', 'similar_color_4', 'similar_color_8', 'generator_18', 'generator_19', 'similar_color_13', 'generator_2', 'generator_2', 'generator_20', 'similar_color_7', 'generator_21', 'color_match']
number opened: 1
TRIAL 27
Action chosen: (purple, purple)
Outcome: False
partcle ids: ['generator_11', 'similar_color_5', 'similar_color_7', 'generator_12', 'similar_color_11', 'number_match', 'similar_color_13', 'generator_13', 'generator_14', 'generator_15', 'similar_color_10', 'similar_color_4', 'generator_16', 'similar_color_2', 'similar_color_9', 'similar_color_13', 'similar_color_7', 'generator_17', 'similar_color_4', 'similar_color_4', 'similar_color_8', 'generator_18', 'generator_19', 'similar_color_13', 'generator_2', 'generator_2', 'generator_20', 'similar_color_7', 'generator_21', 'color_match']
number opened: 1
TRIAL 28
Action chosen: (yellow5, purple)
Outcome: False
partcle ids: ['generator_11', 'similar_color_5', 'similar_color_7', 'generator_12', 'similar_color_11', 'number_match', 'similar_color_13', 'generator_13', 'generator_14', 'generator_15', 'similar_color_10', 'similar_color_4', 'generator_16', 'similar_color_2', 'similar_color_9', 'similar_color_13', 'similar_color_7', 'generator_17', 'similar_color_4', 'similar_color_4', 'similar_color_8', 'generator_18', 'generator_19', 'similar_color_13', 'generator_2', 'generator_2', 'generator_20', 'similar_color_7', 'generator_21', 'color_match']
number opened: 1
TRIAL 29
Action chosen: (cloud, blue)
Outcome: False
partcle ids: ['generator_11', 'similar_color_5', 'similar_color_7', 'generator_12', 'similar_color_11', 'number_match', 'similar_color_13', 'generator_13', 'generator_14', 'generator_15', 'similar_color_10', 'similar_color_4', 'generator_16', 'similar_color_2', 'similar_color_9', 'similar_color_13', 'similar_color_7', 'generator_17', 'similar_color_4', 'similar_color_4', 'similar_color_8', 'generator_18', 'generator_19', 'similar_color_13', 'generator_2', 'generator_2', 'generator_20', 'similar_color_7', 'generator_21', 'color_match']
number opened: 1
TRIAL 30
Action chosen: (purple, purple)
Outcome: False
partcle ids: ['generator_11', 'similar_color_5', 'similar_color_7', 'generator_12', 'similar_color_11', 'number_match', 'similar_color_13', 'generator_13', 'generator_14', 'generator_15', 'similar_color_10', 'similar_color_4', 'generator_16', 'similar_color_2', 'similar_color_9', 'similar_color_13', 'similar_color_7', 'generator_17', 'similar_color_4', 'similar_color_4', 'similar_color_8', 'generator_18', 'generator_19', 'similar_color_13', 'generator_2', 'generator_2', 'generator_20', 'similar_color_7', 'generator_21', 'color_match']
number opened: 1
TRIAL 31
Action chosen: (purple, pink)
Outcome: False
partcle ids: ['generator_11', 'similar_color_5', 'similar_color_7', 'generator_12', 'similar_color_11', 'number_match', 'similar_color_13', 'generator_13', 'generator_14', 'generator_15', 'similar_color_10', 'similar_color_4', 'generator_16', 'similar_color_2', 'similar_color_9', 'similar_color_13', 'similar_color_7', 'generator_17', 'similar_color_4', 'similar_color_4', 'similar_color_8', 'generator_18', 'generator_19', 'similar_color_13', 'generator_2', 'generator_2', 'generator_20', 'similar_color_7', 'generator_21', 'color_match']
number opened: 1
TRIAL 32
Action chosen: (yellow5, purple)
Outcome: False
partcle ids: ['generator_11', 'similar_color_5', 'similar_color_7', 'generator_12', 'similar_color_11', 'number_match', 'similar_color_13', 'generator_13', 'generator_14', 'generator_15', 'similar_color_10', 'similar_color_4', 'generator_16', 'similar_color_2', 'similar_color_9', 'similar_color_13', 'similar_color_7', 'generator_17', 'similar_color_4', 'similar_color_4', 'similar_color_8', 'generator_18', 'generator_19', 'similar_color_13', 'generator_2', 'generator_2', 'generator_20', 'similar_color_7', 'generator_21', 'color_match']
number opened: 1
TRIAL 33
Action chosen: (diamond, white)
Outcome: False
partcle ids: ['generator_11', 'similar_color_5', 'similar_color_7', 'generator_12', 'similar_color_11', 'number_match', 'similar_color_13', 'generator_13', 'generator_14', 'generator_15', 'similar_color_10', 'similar_color_4', 'generator_16', 'similar_color_2', 'similar_color_9', 'similar_color_13', 'similar_color_7', 'generator_17', 'similar_color_4', 'similar_color_4', 'similar_color_8', 'generator_18', 'generator_19', 'similar_color_13', 'generator_2', 'generator_2', 'generator_20', 'similar_color_7', 'generator_21', 'color_match']
number opened: 1
TRIAL 34
Action chosen: (cloud, blue)
Outcome: False
partcle ids: ['generator_11', 'similar_color_5', 'similar_color_7', 'generator_12', 'similar_color_11', 'number_match', 'similar_color_13', 'generator_13', 'generator_14', 'generator_15', 'similar_color_10', 'similar_color_4', 'generator_16', 'similar_color_2', 'similar_color_9', 'similar_color_13', 'similar_color_7', 'generator_17', 'similar_color_4', 'similar_color_4', 'similar_color_8', 'generator_18', 'generator_19', 'similar_color_13', 'generator_2', 'generator_2', 'generator_20', 'similar_color_7', 'generator_21', 'color_match']
number opened: 1
TRIAL 35
Action chosen: (purple, purple)
Outcome: False
partcle ids: ['generator_11', 'similar_color_5', 'similar_color_7', 'generator_12', 'similar_color_11', 'number_match', 'similar_color_13', 'generator_13', 'generator_14', 'generator_15', 'similar_color_10', 'similar_color_4', 'generator_16', 'similar_color_2', 'similar_color_9', 'similar_color_13', 'similar_color_7', 'generator_17', 'similar_color_4', 'similar_color_4', 'similar_color_8', 'generator_18', 'generator_19', 'similar_color_13', 'generator_2', 'generator_2', 'generator_20', 'similar_color_7', 'generator_21', 'color_match']
number opened: 1
TRIAL 36
Action chosen: (yellow5, purple)
Outcome: False
partcle ids: ['generator_11', 'similar_color_5', 'similar_color_7', 'generator_12', 'similar_color_11', 'number_match', 'similar_color_13', 'generator_13', 'generator_14', 'generator_15', 'similar_color_10', 'similar_color_4', 'generator_16', 'similar_color_2', 'similar_color_9', 'similar_color_13', 'similar_color_7', 'generator_17', 'similar_color_4', 'similar_color_4', 'similar_color_8', 'generator_18', 'generator_19', 'similar_color_13', 'generator_2', 'generator_2', 'generator_20', 'similar_color_7', 'generator_21', 'color_match']
number opened: 1
TRIAL 37
Action chosen: (yellow5, pink)
Outcome: False
partcle ids: ['generator_11', 'similar_color_5', 'similar_color_7', 'generator_12', 'similar_color_11', 'number_match', 'similar_color_13', 'generator_13', 'generator_14', 'generator_15', 'similar_color_10', 'similar_color_4', 'generator_16', 'similar_color_2', 'similar_color_9', 'similar_color_13', 'similar_color_7', 'generator_17', 'similar_color_4', 'similar_color_4', 'similar_color_8', 'generator_18', 'generator_19', 'similar_color_13', 'generator_2', 'generator_2', 'generator_20', 'similar_color_7', 'generator_21', 'color_match']
number opened: 1
TRIAL 38
Action chosen: (purple, pink)
Outcome: False
partcle ids: ['generator_11', 'similar_color_5', 'similar_color_7', 'generator_12', 'similar_color_11', 'number_match', 'similar_color_13', 'generator_13', 'generator_14', 'generator_15', 'similar_color_10', 'similar_color_4', 'generator_16', 'similar_color_2', 'similar_color_9', 'similar_color_13', 'similar_color_7', 'generator_17', 'similar_color_4', 'similar_color_4', 'similar_color_8', 'generator_18', 'generator_19', 'similar_color_13', 'generator_2', 'generator_2', 'generator_20', 'similar_color_7', 'generator_21', 'color_match']
number opened: 1
TRIAL 39
Action chosen: (green3, blue)
Outcome: False
partcle ids: ['generator_11', 'similar_color_5', 'similar_color_7', 'generator_12', 'similar_color_11', 'number_match', 'similar_color_13', 'generator_13', 'generator_14', 'generator_15', 'similar_color_10', 'similar_color_4', 'generator_16', 'similar_color_2', 'similar_color_9', 'similar_color_13', 'similar_color_7', 'generator_17', 'similar_color_4', 'similar_color_4', 'similar_color_8', 'generator_18', 'generator_19', 'similar_color_13', 'generator_2', 'generator_2', 'generator_20', 'similar_color_7', 'generator_21', 'color_match']
number opened: 1
TRIAL 40
Action chosen: (purple, purple)
Outcome: False
partcle ids: ['number_match', 'generator_22', 'generator_23', 'generator_2', 'generator_15', 'similar_color_13', 'similar_color_3', 'generator_25', 'generator_12', 'generator_11', 'generator_15', 'generator_18', 'generator_26', 'generator_15', 'number_match', 'generator_20', 'generator_27', 'generator_18', 'generator_29', 'generator_14', 'generator_30', 'generator_31', 'number_match', 'similar_color_4', 'generator_13', 'generator_32', 'generator_15', 'generator_11', 'similar_color_7', 'generator_33']
number opened: 1
TRIAL 41
Action chosen: (yellow5, pink)
Outcome: False
partcle ids: ['number_match', 'generator_22', 'generator_23', 'generator_2', 'generator_15', 'similar_color_13', 'similar_color_3', 'generator_25', 'generator_12', 'generator_11', 'generator_15', 'generator_18', 'generator_26', 'generator_15', 'number_match', 'generator_20', 'generator_27', 'generator_18', 'generator_29', 'generator_14', 'generator_30', 'generator_31', 'number_match', 'similar_color_4', 'generator_13', 'generator_32', 'generator_15', 'generator_11', 'similar_color_7', 'generator_33']
number opened: 1
TRIAL 42
Action chosen: (white, purple)
Outcome: False
partcle ids: ['number_match', 'generator_22', 'generator_23', 'generator_2', 'generator_15', 'similar_color_13', 'similar_color_3', 'generator_25', 'generator_12', 'generator_11', 'generator_15', 'generator_18', 'generator_26', 'generator_15', 'number_match', 'generator_20', 'generator_27', 'generator_18', 'generator_29', 'generator_14', 'generator_30', 'generator_31', 'number_match', 'similar_color_4', 'generator_13', 'generator_32', 'generator_15', 'generator_11', 'similar_color_7', 'generator_33']
number opened: 1
TRIAL 43
Action chosen: (cloud, blue)
Outcome: False
partcle ids: ['number_match', 'generator_22', 'generator_23', 'generator_2', 'generator_15', 'similar_color_13', 'similar_color_3', 'generator_25', 'generator_12', 'generator_11', 'generator_15', 'generator_18', 'generator_26', 'generator_15', 'number_match', 'generator_20', 'generator_27', 'generator_18', 'generator_29', 'generator_14', 'generator_30', 'generator_31', 'number_match', 'similar_color_4', 'generator_13', 'generator_32', 'generator_15', 'generator_11', 'similar_color_7', 'generator_33']
number opened: 1
TRIAL 44
Action chosen: (white, purple)
Outcome: False
partcle ids: ['number_match', 'generator_22', 'generator_23', 'generator_2', 'generator_15', 'similar_color_13', 'similar_color_3', 'generator_25', 'generator_12', 'generator_11', 'generator_15', 'generator_18', 'generator_26', 'generator_15', 'number_match', 'generator_20', 'generator_27', 'generator_18', 'generator_29', 'generator_14', 'generator_30', 'generator_31', 'number_match', 'similar_color_4', 'generator_13', 'generator_32', 'generator_15', 'generator_11', 'similar_color_7', 'generator_33']
number opened: 1
TRIAL 45
Action chosen: (orange4, white)
Outcome: True
partcle ids: ['generator_34', 'generator_35', 'generator_36', 'number_match', 'generator_38', 'generator_39', 'generator_40', 'generator_27', 'generator_41', 'generator_42', 'generator_27', 'generator_44', 'generator_45', 'generator_46', 'generator_47', 'generator_48', 'generator_49', 'generator_27', 'generator_50', 'generator_51', 'generator_52', 'generator_53', 'generator_54', 'generator_55', 'generator_56', 'generator_57', 'generator_58', 'generator_59', 'generator_60', 'generator_61']
number opened: 2
TRIAL 46
Action chosen: (cloud, purple)
Outcome: False
partcle ids: ['generator_34', 'generator_35', 'generator_36', 'number_match', 'generator_38', 'generator_39', 'generator_40', 'generator_27', 'generator_41', 'generator_42', 'generator_27', 'generator_44', 'generator_45', 'generator_46', 'generator_47', 'generator_48', 'generator_49', 'generator_27', 'generator_50', 'generator_51', 'generator_52', 'generator_53', 'generator_54', 'generator_55', 'generator_56', 'generator_57', 'generator_58', 'generator_59', 'generator_60', 'generator_61']
number opened: 2
TRIAL 47
Action chosen: (pink, purple)
Outcome: False
partcle ids: ['generator_34', 'generator_35', 'generator_36', 'number_match', 'generator_38', 'generator_39', 'generator_40', 'generator_27', 'generator_41', 'generator_42', 'generator_27', 'generator_44', 'generator_45', 'generator_46', 'generator_47', 'generator_48', 'generator_49', 'generator_27', 'generator_50', 'generator_51', 'generator_52', 'generator_53', 'generator_54', 'generator_55', 'generator_56', 'generator_57', 'generator_58', 'generator_59', 'generator_60', 'generator_61']
number opened: 2
TRIAL 48
Action chosen: (green3, purple)
Outcome: True
partcle ids: ['generator_39', 'generator_63', 'generator_64', 'generator_54', 'generator_38', 'generator_63', 'generator_38', 'generator_67', 'generator_68', 'generator_64', 'generator_69', 'number_match', 'generator_70', 'number_match', 'generator_39', 'generator_72', 'generator_39', 'generator_74', 'generator_67', 'generator_57', 'generator_38', 'generator_54', 'generator_77', 'generator_78', 'generator_79', 'generator_39', 'generator_39', 'generator_77', 'generator_57', 'generator_39']
number opened: 3
TRIAL 49
Action chosen: (pink, blue)
Outcome: False
partcle ids: ['generator_39', 'generator_63', 'generator_64', 'generator_54', 'generator_38', 'generator_63', 'generator_38', 'generator_67', 'generator_68', 'generator_64', 'generator_69', 'number_match', 'generator_70', 'number_match', 'generator_39', 'generator_72', 'generator_39', 'generator_74', 'generator_67', 'generator_57', 'generator_38', 'generator_54', 'generator_77', 'generator_78', 'generator_79', 'generator_39', 'generator_39', 'generator_77', 'generator_57', 'generator_39']
number opened: 3
TRIAL 50
Action chosen: (yellow5, blue)
Outcome: True
partcle ids: ['generator_83', 'number_match', 'generator_84', 'generator_84', 'generator_69', 'generator_38', 'number_match', 'generator_84', 'number_match', 'generator_69', 'generator_84', 'generator_83', 'generator_83', 'generator_38', 'generator_38', 'generator_86', 'generator_38', 'number_match', 'generator_84', 'generator_84', 'generator_87', 'generator_69', 'generator_86', 'generator_87', 'number_match', 'generator_38', 'generator_69', 'generator_38', 'number_match', 'generator_69']
number opened: 4
TRIAL 51
Action chosen: (grey2, pink)
Outcome: True
partcle ids: ['number_match', 'number_match', 'number_match', 'number_match', 'number_match', 'number_match', 'number_match', 'number_match', 'number_match', 'number_match', 'number_match', 'number_match', 'number_match', 'number_match', 'number_match', 'number_match', 'number_match', 'number_match', 'number_match', 'number_match', 'number_match', 'number_match', 'number_match', 'number_match', 'number_match', 'number_match', 'number_match', 'number_match', 'number_match', 'number_match']
number opened: 5
{"attempts": 51, "unique_key_box_pairs": 19, "revisit_attempts": 32, "revisit_rate": 0.64, "attempts_before_abandoning_color_matching": 2, "color_matching_abandoned": true}
