{"Child_ID": "D039", "SoC_variant": "SoC-Gen", "theta": [19, 1], "p_gen": 0.3, "true_prior": 0.02, "run_number": 21, "seed": 5550188068066528393}
TRIAL 1
Action chosen: (pink, pink)
Outcome: False
partcle ids: ['generator_1', 'color_match', 'number_match', 'similar_color_4', 'generator_2', 'similar_color_5', 'generator_3', 'similar_color_6', 'similar_color_3', 'order_match', 'similar_color_8', 'similar_color_10', 'similar_color_10', 'similar_color_4', 'similar_color_13', 'similar_color_11', 'similar_color_14', 'generator_4', 'generator_5', 'generator_6', 'similar_color_10', 'generator_7', 'generator_8', 'generator_9', 'color_match', 'shape_match', 'generator_10', 'shape_match', 'generator_11', 'similar_color_11']
number opened: 0
TRIAL 2
Action chosen: (cloud, pink)
Outcome: False
partcle ids: ['generator_12', 'generator_6', 'generator_13', 'generator_2', 'generator_4', 'generator_4', 'generator_14', 'generator_15', 'generator_2', 'generator_6', 'generator_5', 'generator_16', 'generator_4', 'generator_6', 'similar_color_12', 'generator_9', 'generator_5', 'generator_6', 'generator_4', 'generator_9', 'generator_17', 'generator_18', 'generator_10', 'generator_11', 'generator_6', 'generator_19', 'generator_10', 'generator_2', 'generator_20', 'generator_21']
number opened: 0
TRIAL 3
Action chosen: (green3, red)
Outcome: False
partcle ids: ['generator_12', 'generator_6', 'generator_13', 'generator_2', 'generator_4', 'generator_4', 'generator_14', 'generator_15', 'generator_2', 'generator_6', 'generator_5', 'generator_16', 'generator_4', 'generator_6', 'similar_color_12', 'generator_9', 'generator_5', 'generator_6', 'generator_4', 'generator_9', 'generator_17', 'generator_18', 'generator_10', 'generator_11', 'generator_6', 'generator_19', 'generator_10', 'generator_2', 'generator_20', 'generator_21']
number opened: 0
TRIAL 4
Action chosen: (purple, red)
Outcome: False
partcle ids: ['generator_12', 'generator_6', 'generator_13', 'generator_2', 'generator_4', 'generator_4', 'generator_14', 'generator_15', 'generator_2', 'generator_6', 'generator_5', 'generator_16', 'generator_4', 'generator_6', 'similar_color_12', 'generator_9', 'generator_5', 'generator_6', 'generator_4', 'generator_9', 'generator_17', 'generator_18', 'generator_10', 'generator_11', 'generator_6', 'generator_19', 'generator_10', 'generator_2', 'generator_20', 'generator_21']
number opened: 0
TRIAL 5
Action chosen: (grey2, white)
Outcome: False
partcle ids: ['generator_18', 'generator_12', 'generator_22', 'generator_23', 'generator_24', 'generator_25', 'generator_14', 'generator_20', 'generator_13', 'generator_27', 'generator_6', 'generator_18', 'generator_14', 'generator_19', 'generator_19', 'similar_color_12', 'generator_19', 'generator_21', 'generator_14', 'generator_19', 'order_match', 'generator_29', 'color_match', 'generator_20', 'generator_11', 'generator_21', 'generator_10', 'generator_30', 'generator_12', 'generator_6']
number opened: 0
TRIAL 6
Action chosen: (diamond, white)
Outcome: False
partcle ids: ['generator_18', 'generator_12', 'generator_22', 'generator_23', 'generator_24', 'generator_25', 'generator_14', 'generator_20', 'generator_13', 'generator_27', 'generator_6', 'generator_18', 'generator_14', 'generator_19', 'generator_19', 'similar_color_12', 'generator_19', 'generator_21', 'generator_14', 'generator_19', 'order_match', 'generator_29', 'color_match', 'generator_20', 'generator_11', 'generator_21', 'generator_10', 'generator_30', 'generator_12', 'generator_6']
number opened: 0
TRIAL 7
Action chosen: (triangle, pink)
Outcome: False
partcle ids: ['generator_18', 'generator_12', 'generator_22', 'generator_23', 'generator_24', 'generator_25', 'generator_14', 'generator_20', 'generator_13', 'generator_27', 'generator_6', 'generator_18', 'generator_14', 'generator_19', 'generator_19', 'similar_color_12', 'generator_19', 'generator_21', 'generator_14', 'generator_19', 'order_match', 'generator_29', 'color_match', 'generator_20', 'generator_11', 'generator_21', 'generator_10', 'generator_30', 'generator_12', 'generator_6']
number opened: 0
TRIAL 8
Action chosen: (yellow5, pink)
Outcome: False
partcle ids: ['generator_11', 'generator_11', 'generator_18', 'generator_31', 'order_match', 'generator_12', 'generator_30', 'generator_10', 'generator_34', 'order_match', 'generator_10', 'generator_18', 'generator_18', 'generator_23', 'generator_13', 'generator_18', 'number_match', 'generator_35', 'similar_color_12', 'generator_6', 'generator_18', 'similar_color_12', 'generator_11', 'number_match', 'generator_10', 'generator_36', 'order_match', 'generator_18', 'order_match', 'generator_22']
number opened: 0
TRIAL 9
Action chosen: (yellow5, blue)
Outcome: True
partcle ids: ['order_match', 'generator_39', 'generator_40', 'generator_10', 'generator_42', 'generator_43', 'number_match', 'order_match', 'generator_45', 'generator_46', 'generator_47', 'order_match', 'order_match', 'generator_50', 'generator_51', 'order_match', 'generator_53', 'order_match', 'generator_54', 'generator_55', 'generator_56', 'number_match', 'generator_57', 'order_match', 'generator_13', 'generator_13', 'generator_59', 'generator_60', 'generator_61', 'order_match']
number opened: 1
TRIAL 10
Action chosen: (green3, white)
Outcome: False
partcle ids: ['order_match', 'generator_39', 'generator_40', 'generator_10', 'generator_42', 'generator_43', 'number_match', 'order_match', 'generator_45', 'generator_46', 'generator_47', 'order_match', 'order_match', 'generator_50', 'generator_51', 'order_match', 'generator_53', 'order_match', 'generator_54', 'generator_55', 'generator_56', 'number_match', 'generator_57', 'order_match', 'generator_13', 'generator_13', 'generator_59', 'generator_60', 'generator_61', 'order_match']
number opened: 1
TRIAL 11
Action chosen: (white, red)
Outcome: False
partcle ids: ['order_match', 'generator_39', 'generator_40', 'generator_10', 'generator_42', 'generator_43', 'number_match', 'order_match', 'generator_45', 'generator_46', 'generator_47', 'order_match', 'order_match', 'generator_50', 'generator_51', 'order_match', 'generator_53', 'order_match', 'generator_54', 'generator_55', 'generator_56', 'number_match', 'generator_57', 'order_match', 'generator_13', 'generator_13', 'generator_59', 'generator_60', 'generator_61', 'order_match']
number opened: 1
TRIAL 12
Action chosen: (orange4, white)
Outcome: True
partcle ids: ['generator_63', 'generator_47', 'generator_46', 'generator_66', 'number_match', 'generator_68', 'generator_46', 'generator_47', 'generator_71', 'generator_72', 'number_match', 'generator_74', 'generator_47', 'generator_76', 'generator_47', 'generator_63', 'generator_78', 'generator_79', 'generator_80', 'generator_81', 'generator_46', 'generator_83', 'generator_46', 'generator_85', 'generator_47', 'generator_46', 'generator_88', 'number_match', 'generator_90', 'generator_91']
number opened: 2
TRIAL 13
Action chosen: (green3, purple)
Outcome: True
partcle ids: ['generator_92', 'generator_93', 'generator_94', 'generator_95', 'generator_47', 'generator_47', 'generator_47', 'generator_47', 'generator_99', 'generator_47', 'generator_79', 'generator_101', 'generator_102', 'generator_74', 'number_match', 'generator_104', 'generator_47', 'generator_47', 'generator_101', 'generator_79', 'generator_106', 'generator_107', 'generator_108', 'generator_109', 'generator_47', 'generator_111', 'number_match', 'generator_47', 'generator_47', 'generator_47']
number opened: 3
TRIAL 14
Action chosen: (triangle, red)
Outcome: False
partcle ids: ['generator_92', 'generator_93', 'generator_94', 'generator_95', 'generator_47', 'generator_47', 'generator_47', 'generator_47', 'generator_99', 'generator_47', 'generator_79', 'generator_101', 'generator_102', 'generator_74', 'number_match', 'generator_104', 'generator_47', 'generator_47', 'generator_101', 'generator_79', 'generator_106', 'generator_107', 'generator_108', 'generator_109', 'generator_47', 'generator_111', 'number_match', 'generator_47', 'generator_47', 'generator_47']
number opened: 3
TRIAL 15
Action chosen: (heart, pink)
Outcome: False
partcle ids: ['generator_98', 'generator_94', 'generator_116', 'generator_114', 'generator_117', 'generator_118', 'generator_108', 'generator_107', 'generator_104', 'generator_93', 'generator_121', 'generator_95', 'generator_92', 'generator_116', 'generator_47', 'generator_124', 'generator_107', 'generator_95', 'generator_127', 'generator_104', 'generator_102', 'number_match', 'generator_97', 'generator_93', 'generator_128', 'generator_106', 'generator_104', 'generator_129', 'generator_47', 'generator_92']
number opened: 3
TRIAL 16
Action chosen: (white, pink)
Outcome: False
partcle ids: ['generator_98', 'generator_94', 'generator_116', 'generator_114', 'generator_117', 'generator_118', 'generator_108', 'generator_107', 'generator_104', 'generator_93', 'generator_121', 'generator_95', 'generator_92', 'generator_116', 'generator_47', 'generator_124', 'generator_107', 'generator_95', 'generator_127', 'generator_104', 'generator_102', 'number_match', 'generator_97', 'generator_93', 'generator_128', 'generator_106', 'generator_104', 'generator_129', 'generator_47', 'generator_92']
number opened: 3
TRIAL 17
Action chosen: (purple, pink)
Outcome: False
partcle ids: ['generator_98', 'generator_94', 'generator_116', 'generator_114', 'generator_117', 'generator_118', 'generator_108', 'generator_107', 'generator_104', 'generator_93', 'generator_121', 'generator_95', 'generator_92', 'generator_116', 'generator_47', 'generator_124', 'generator_107', 'generator_95', 'generator_127', 'generator_104', 'generator_102', 'number_match', 'generator_97', 'generator_93', 'generator_128', 'generator_106', 'generator_104', 'generator_129', 'generator_47', 'generator_92']
number opened: 3
TRIAL 18
Action chosen: (grey2, pink)
Outcome: True
partcle ids: ['generator_131', 'generator_93', 'generator_93', 'generator_102', 'generator_102', 'generator_93', 'generator_131', 'generator_131', 'number_match', 'generator_93', 'generator_131', 'generator_93', 'generator_93', 'generator_102', 'generator_93', 'generator_93', 'number_match', 'generator_102', 'number_match', 'generator_131', 'generator_93', 'generator_102', 'number_match', 'generator_102', 'generator_102', 'generator_93', 'generator_102', 'generator_134', 'number_match', 'generator_134']
number opened: 4
TRIAL 19
Action chosen: (heart, red)
Outcome: False
partcle ids: ['generator_131', 'generator_93', 'generator_93', 'generator_102', 'generator_102', 'generator_93', 'generator_131', 'generator_131', 'number_match', 'generator_93', 'generator_131', 'generator_93', 'generator_93', 'generator_102', 'generator_93', 'generator_93', 'number_match', 'generator_102', 'number_match', 'generator_131', 'generator_93', 'generator_102', 'number_match', 'generator_102', 'generator_102', 'generator_93', 'generator_102', 'generator_134', 'number_match', 'generator_134']
number opened: 4
TRIAL 20
Action chosen: (cloud, red)
Outcome: False
partcle ids: ['number_match', 'number_match', 'generator_131', 'generator_134', 'generator_134', 'generator_135', 'generator_102', 'generator_134', 'generator_134', 'generator_131', 'number_match', 'generator_135', 'generator_135', 'generator_131', 'number_match', 'generator_135', 'number_match', 'generator_98', 'generator_134', 'generator_131', 'generator_134', 'generator_134', 'generator_135', 'generator_102', 'number_match', 'generator_134', 'generator_131', 'generator_134', 'generator_131', 'generator_131']
number opened: 4
TRIAL 21
Action chosen: (blue, red)
Outcome: False
partcle ids: ['number_match', 'number_match', 'generator_131', 'generator_134', 'generator_134', 'generator_135', 'generator_102', 'generator_134', 'generator_134', 'generator_131', 'number_match', 'generator_135', 'generator_135', 'generator_131', 'number_match', 'generator_135', 'number_match', 'generator_98', 'generator_134', 'generator_131', 'generator_134', 'generator_134', 'generator_135', 'generator_102', 'number_match', 'generator_134', 'generator_131', 'generator_134', 'generator_131', 'generator_131']
number opened: 4
TRIAL 22
Action chosen: (pink, red)
Outcome: False
partcle ids: ['number_match', 'number_match', 'generator_131', 'generator_134', 'generator_134', 'generator_135', 'generator_102', 'generator_134', 'generator_134', 'generator_131', 'number_match', 'generator_135', 'generator_135', 'generator_131', 'number_match', 'generator_135', 'number_match', 'generator_98', 'generator_134', 'generator_131', 'generator_134', 'generator_134', 'generator_135', 'generator_102', 'number_match', 'generator_134', 'generator_131', 'generator_134', 'generator_131', 'generator_131']
number opened: 4
TRIAL 23
Action chosen: (red, red)
Outcome: True
partcle ids: ['number_match', 'number_match', 'number_match', 'number_match', 'number_match', 'number_match', 'number_match', 'number_match', 'number_match', 'number_match', 'number_match', 'number_match', 'number_match', 'number_match', 'number_match', 'number_match', 'number_match', 'number_match', 'number_match', 'number_match', 'number_match', 'number_match', 'number_match', 'number_match', 'number_match', 'number_match', 'number_match', 'number_match', 'number_match', 'number_match']
number opened: 5
{"attempts": 23, "unique_key_box_pairs": 23, "revisit_attempts": 0, "revisit_rate": 0.0, "attempts_before_abandoning_color_matching": 1, "color_matching_abandoned": true}
