{"Child_ID": "D039", "SoC_variant": "SoC-Gen", "theta": [19, 1], "p_gen": 0.3, "true_prior": 0.02, "run_number": 13, "seed": 7332950672286312197}
TRIAL 1
Action chosen: (heart, blue)
Outcome: False
partcle ids: ['similar_color_8', 'similar_color_1', 'color_match', 'generator_1', 'shape_match', 'similar_color_9', 'generator_2', 'shape_match', 'similar_color_1', 'generator_3', 'similar_color_5', 'similar_color_10', 'similar_color_12', 'similar_color_3', 'similar_color_3', 'generator_4', 'similar_color_6', 'similar_color_11', 'similar_color_11', 'similar_color_8', 'similar_color_8', 'similar_color_4', 'similar_color_7', 'similar_color_3', 'similar_color_3', 'similar_color_3', 'similar_color_11', 'generator_5', 'shape_match', 'similar_color_14']
number opened: 0
TRIAL 2
Action chosen: (blue, blue)
Outcome: False
partcle ids: ['similar_color_8', 'similar_color_1', 'color_match', 'generator_1', 'shape_match', 'similar_color_9', 'generator_2', 'shape_match', 'similar_color_1', 'generator_3', 'similar_color_5', 'similar_color_10', 'similar_color_12', 'similar_color_3', 'similar_color_3', 'generator_4', 'similar_color_6', 'similar_color_11', 'similar_color_11', 'similar_color_8', 'similar_color_8', 'similar_color_4', 'similar_color_7', 'similar_color_3', 'similar_color_3', 'similar_color_3', 'similar_color_11', 'generator_5', 'shape_match', 'similar_color_14']
number opened: 0
TRIAL 3
Action chosen: (red, red)
Outcome: True
partcle ids: ['similar_color_11', 'similar_color_14', 'generator_6', 'generator_7', 'generator_8', 'similar_color_10', 'similar_color_11', 'similar_color_10', 'generator_9', 'similar_color_11', 'generator_10', 'similar_color_14', 'similar_color_14', 'generator_11', 'similar_color_11', 'similar_color_12', 'generator_12', 'similar_color_12', 'similar_color_13', 'similar_color_8', 'similar_color_14', 'similar_color_1', 'generator_13', 'similar_color_11', 'similar_color_12', 'generator_15', 'similar_color_10', 'similar_color_13', 'similar_color_11', 'similar_color_14']
number opened: 1
TRIAL 4
Action chosen: (yellow5, white)
Outcome: False
partcle ids: ['similar_color_11', 'similar_color_14', 'generator_6', 'generator_7', 'generator_8', 'similar_color_10', 'similar_color_11', 'similar_color_10', 'generator_9', 'similar_color_11', 'generator_10', 'similar_color_14', 'similar_color_14', 'generator_11', 'similar_color_11', 'similar_color_12', 'generator_12', 'similar_color_12', 'similar_color_13', 'similar_color_8', 'similar_color_14', 'similar_color_1', 'generator_13', 'similar_color_11', 'similar_color_12', 'generator_15', 'similar_color_10', 'similar_color_13', 'similar_color_11', 'similar_color_14']
number opened: 1
TRIAL 5
Action chosen: (cloud, white)
Outcome: False
partcle ids: ['similar_color_11', 'similar_color_14', 'generator_6', 'generator_7', 'generator_8', 'similar_color_10', 'similar_color_11', 'similar_color_10', 'generator_9', 'similar_color_11', 'generator_10', 'similar_color_14', 'similar_color_14', 'generator_11', 'similar_color_11', 'similar_color_12', 'generator_12', 'similar_color_12', 'similar_color_13', 'similar_color_8', 'similar_color_14', 'similar_color_1', 'generator_13', 'similar_color_11', 'similar_color_12', 'generator_15', 'similar_color_10', 'similar_color_13', 'similar_color_11', 'similar_color_14']
number opened: 1
TRIAL 6
Action chosen: (purple, purple)
Outcome: False
partcle ids: ['generator_8', 'generator_9', 'generator_7', 'generator_15', 'generator_8', 'similar_color_7', 'order_match', 'similar_color_1', 'generator_15', 'generator_15', 'generator_15', 'generator_8', 'generator_8', 'generator_8', 'generator_7', 'generator_15', 'number_match', 'generator_17', 'generator_8', 'generator_18', 'generator_19', 'generator_8', 'generator_13', 'generator_9', 'generator_13', 'similar_color_13', 'generator_20', 'generator_9', 'generator_7', 'generator_7']
number opened: 1
TRIAL 7
Action chosen: (white, purple)
Outcome: False
partcle ids: ['generator_8', 'generator_9', 'generator_7', 'generator_15', 'generator_8', 'similar_color_7', 'order_match', 'similar_color_1', 'generator_15', 'generator_15', 'generator_15', 'generator_8', 'generator_8', 'generator_8', 'generator_7', 'generator_15', 'number_match', 'generator_17', 'generator_8', 'generator_18', 'generator_19', 'generator_8', 'generator_13', 'generator_9', 'generator_13', 'similar_color_13', 'generator_20', 'generator_9', 'generator_7', 'generator_7']
number opened: 1
TRIAL 8
Action chosen: (orange4, white)
Outcome: True
partcle ids: ['generator_23', 'generator_24', 'generator_25', 'generator_26', 'generator_27', 'generator_28', 'generator_29', 'generator_13', 'generator_31', 'generator_32', 'generator_33', 'generator_34', 'generator_35', 'generator_13', 'generator_37', 'generator_38', 'generator_39', 'generator_40', 'generator_41', 'number_match', 'generator_28', 'generator_42', 'generator_13', 'generator_44', 'generator_19', 'generator_46', 'generator_47', 'generator_13', 'generator_49', 'generator_7']
number opened: 2
TRIAL 9
Action chosen: (pink, blue)
Outcome: False
partcle ids: ['generator_23', 'generator_24', 'generator_25', 'generator_26', 'generator_27', 'generator_28', 'generator_29', 'generator_13', 'generator_31', 'generator_32', 'generator_33', 'generator_34', 'generator_35', 'generator_13', 'generator_37', 'generator_38', 'generator_39', 'generator_40', 'generator_41', 'number_match', 'generator_28', 'generator_42', 'generator_13', 'generator_44', 'generator_19', 'generator_46', 'generator_47', 'generator_13', 'generator_49', 'generator_7']
number opened: 2
TRIAL 10
Action chosen: (diamond, purple)
Outcome: False
partcle ids: ['generator_23', 'generator_24', 'generator_25', 'generator_26', 'generator_27', 'generator_28', 'generator_29', 'generator_13', 'generator_31', 'generator_32', 'generator_33', 'generator_34', 'generator_35', 'generator_13', 'generator_37', 'generator_38', 'generator_39', 'generator_40', 'generator_41', 'number_match', 'generator_28', 'generator_42', 'generator_13', 'generator_44', 'generator_19', 'generator_46', 'generator_47', 'generator_13', 'generator_49', 'generator_7']
number opened: 2
TRIAL 11
Action chosen: (cloud, purple)
Outcome: False
partcle ids: ['generator_47', 'generator_29', 'generator_25', 'generator_54', 'number_match', 'generator_39', 'generator_7', 'generator_58', 'generator_25', 'generator_60', 'generator_61', 'generator_29', 'generator_63', 'generator_64', 'generator_19', 'number_match', 'generator_25', 'generator_33', 'generator_42', 'generator_42', 'generator_70', 'generator_33', 'generator_72', 'generator_39', 'generator_19', 'generator_75', 'generator_42', 'generator_39', 'generator_39', 'generator_79']
number opened: 2
TRIAL 12
Action chosen: (cloud, blue)
Outcome: False
partcle ids: ['generator_47', 'generator_29', 'generator_25', 'generator_54', 'number_match', 'generator_39', 'generator_7', 'generator_58', 'generator_25', 'generator_60', 'generator_61', 'generator_29', 'generator_63', 'generator_64', 'generator_19', 'number_match', 'generator_25', 'generator_33', 'generator_42', 'generator_42', 'generator_70', 'generator_33', 'generator_72', 'generator_39', 'generator_19', 'generator_75', 'generator_42', 'generator_39', 'generator_39', 'generator_79']
number opened: 2
TRIAL 13
Action chosen: (yellow5, blue)
Outcome: True
partcle ids: ['generator_58', 'generator_81', 'generator_82', 'generator_33', 'generator_58', 'generator_85', 'generator_33', 'generator_58', 'generator_87', 'number_match', 'generator_89', 'generator_90', 'generator_33', 'generator_91', 'generator_92', 'number_match', 'generator_93', 'generator_94', 'generator_95', 'generator_96', 'generator_97', 'generator_98', 'generator_99', 'generator_33', 'generator_100', 'generator_101', 'generator_102', 'generator_68', 'generator_7', 'generator_104']
number opened: 3
TRIAL 14
Action chosen: (pink, purple)
Outcome: False
partcle ids: ['generator_58', 'generator_81', 'generator_82', 'generator_33', 'generator_58', 'generator_85', 'generator_33', 'generator_58', 'generator_87', 'number_match', 'generator_89', 'generator_90', 'generator_33', 'generator_91', 'generator_92', 'number_match', 'generator_93', 'generator_94', 'generator_95', 'generator_96', 'generator_97', 'generator_98', 'generator_99', 'generator_33', 'generator_100', 'generator_101', 'generator_102', 'generator_68', 'generator_7', 'generator_104']
number opened: 3
TRIAL 15
Action chosen: (green3, purple)
Outcome: True
partcle ids: ['generator_90', 'number_match', 'generator_90', 'generator_90', 'generator_92', 'number_match', 'generator_105', 'generator_90', 'generator_90', 'generator_106', 'generator_92', 'generator_81', 'generator_81', 'generator_92', 'generator_107', 'generator_107', 'generator_81', 'generator_105', 'generator_90', 'generator_106', 'generator_108', 'generator_81', 'generator_81', 'generator_81', 'generator_109', 'generator_90', 'generator_90', 'generator_105', 'number_match', 'generator_107']
number opened: 4
TRIAL 16
Action chosen: (cloud, pink)
Outcome: False
partcle ids: ['generator_90', 'number_match', 'generator_90', 'generator_90', 'generator_92', 'number_match', 'generator_105', 'generator_90', 'generator_90', 'generator_106', 'generator_92', 'generator_81', 'generator_81', 'generator_92', 'generator_107', 'generator_107', 'generator_81', 'generator_105', 'generator_90', 'generator_106', 'generator_108', 'generator_81', 'generator_81', 'generator_81', 'generator_109', 'generator_90', 'generator_90', 'generator_105', 'number_match', 'generator_107']
number opened: 4
TRIAL 17
Action chosen: (heart, pink)
Outcome: False
partcle ids: ['generator_90', 'number_match', 'generator_90', 'generator_90', 'generator_92', 'number_match', 'generator_105', 'generator_90', 'generator_90', 'generator_106', 'generator_92', 'generator_81', 'generator_81', 'generator_92', 'generator_107', 'generator_107', 'generator_81', 'generator_105', 'generator_90', 'generator_106', 'generator_108', 'generator_81', 'generator_81', 'generator_81', 'generator_109', 'generator_90', 'generator_90', 'generator_105', 'number_match', 'generator_107']
number opened: 4
TRIAL 18
Action chosen: (triangle, pink)
Outcome: False
partcle ids: ['generator_106', 'generator_105', 'number_match', 'generator_106', 'generator_106', 'generator_105', 'generator_106', 'generator_106', 'generator_106', 'number_match', 'generator_107', 'generator_109', 'generator_106', 'generator_109', 'number_match', 'number_match', 'generator_107', 'generator_108', 'number_match', 'generator_109', 'generator_90', 'generator_105', 'generator_105', 'number_match', 'generator_105', 'generator_105', 'number_match', 'generator_107', 'generator_109', 'generator_109']
number opened: 4
TRIAL 19
Action chosen: (grey2, pink)
Outcome: True
partcle ids: ['number_match', 'number_match', 'number_match', 'number_match', 'number_match', 'number_match', 'number_match', 'number_match', 'number_match', 'number_match', 'number_match', 'number_match', 'number_match', 'number_match', 'number_match', 'number_match', 'number_match', 'number_match', 'number_match', 'number_match', 'number_match', 'number_match', 'number_match', 'number_match', 'number_match', 'number_match', 'number_match', 'number_match', 'number_match', 'number_match']
number opened: 5
{"attempts": 19, "unique_key_box_pairs": 19, "revisit_attempts": 0, "revisit_rate": 0.0, "attempts_before_abandoning_color_matching": 0, "color_matching_abandoned": true}
