{"Child_ID": "D051", "SoC_variant": "SoC-Full", "theta": [6, 1], "p_gen": 0.6, "true_prior": 0.02, "run_number": 89, "seed": 8365938107518731898}
TRIAL 1
Action chosen: (purple, purple)
Outcome: False
partcle ids: ['shape_match', 'order_match', 'generator_1', 'generator_2', 'shape_match', 'similar_color_11', 'similar_color_1', 'similar_color_7', 'generator_3', 'similar_color_8', 'similar_color_6', 'generator_4', 'color_match', 'shape_match', 'generator_5', 'generator_6', 'generator_7', 'generator_8', 'generator_9', 'generator_10', 'generator_11', 'generator_12', 'similar_color_12', 'similar_color_8', 'generator_13', 'similar_color_4', 'similar_color_7', 'similar_color_5', 'generator_14', 'similar_color_13']
number opened: 0
TRIAL 2
Action chosen: (red, red)
Outcome: True
partcle ids: ['generator_15', 'generator_1', 'generator_16', 'similar_color_9', 'generator_1', 'order_match', 'generator_17', 'generator_18', 'similar_color_4', 'generator_19', 'similar_color_4', 'generator_20', 'order_match', 'generator_21', 'generator_22', 'generator_23', 'generator_24', 'generator_1', 'similar_color_8', 'generator_25', 'generator_26', 'generator_27', 'generator_28', 'generator_29', 'generator_30', 'generator_1', 'similar_color_13', 'generator_31', 'generator_32', 'generator_33']
number opened: 1
TRIAL 3
Action chosen: (grey2, white)
Outcome: False
partcle ids: ['generator_15', 'generator_1', 'generator_16', 'similar_color_9', 'generator_1', 'order_match', 'generator_17', 'generator_18', 'similar_color_4', 'generator_19', 'similar_color_4', 'generator_20', 'order_match', 'generator_21', 'generator_22', 'generator_23', 'generator_24', 'generator_1', 'similar_color_8', 'generator_25', 'generator_26', 'generator_27', 'generator_28', 'generator_29', 'generator_30', 'generator_1', 'similar_color_13', 'generator_31', 'generator_32', 'generator_33']
number opened: 1
TRIAL 4
Action chosen: (green3, white)
Outcome: False
partcle ids: ['generator_15', 'generator_1', 'generator_16', 'similar_color_9', 'generator_1', 'order_match', 'generator_17', 'generator_18', 'similar_color_4', 'generator_19', 'similar_color_4', 'generator_20', 'order_match', 'generator_21', 'generator_22', 'generator_23', 'generator_24', 'generator_1', 'similar_color_8', 'generator_25', 'generator_26', 'generator_27', 'generator_28', 'generator_29', 'generator_30', 'generator_1', 'similar_color_13', 'generator_31', 'generator_32', 'generator_33']
number opened: 1
TRIAL 5
Action chosen: (diamond, white)
Outcome: False
partcle ids: ['generator_15', 'generator_1', 'generator_16', 'similar_color_9', 'generator_1', 'order_match', 'generator_17', 'generator_18', 'similar_color_4', 'generator_19', 'similar_color_4', 'generator_20', 'order_match', 'generator_21', 'generator_22', 'generator_23', 'generator_24', 'generator_1', 'similar_color_8', 'generator_25', 'generator_26', 'generator_27', 'generator_28', 'generator_29', 'generator_30', 'generator_1', 'similar_color_13', 'generator_31', 'generator_32', 'generator_33']
number opened: 1
TRIAL 6
Action chosen: (cloud, blue)
Outcome: False
partcle ids: ['generator_15', 'generator_1', 'generator_16', 'similar_color_9', 'generator_1', 'order_match', 'generator_17', 'generator_18', 'similar_color_4', 'generator_19', 'similar_color_4', 'generator_20', 'order_match', 'generator_21', 'generator_22', 'generator_23', 'generator_24', 'generator_1', 'similar_color_8', 'generator_25', 'generator_26', 'generator_27', 'generator_28', 'generator_29', 'generator_30', 'generator_1', 'similar_color_13', 'generator_31', 'generator_32', 'generator_33']
number opened: 1
TRIAL 7
Action chosen: (purple, purple)
Outcome: False
partcle ids: ['generator_34', 'generator_26', 'generator_25', 'order_match', 'generator_26', 'generator_37', 'generator_17', 'generator_38', 'generator_20', 'generator_39', 'generator_32', 'generator_40', 'generator_41', 'generator_18', 'generator_42', 'generator_21', 'generator_43', 'generator_15', 'generator_26', 'generator_44', 'generator_45', 'similar_color_11', 'generator_46', 'generator_47', 'generator_48', 'generator_49', 'generator_27', 'generator_1', 'generator_50', 'generator_22']
number opened: 1
TRIAL 8
Action chosen: (pink, purple)
Outcome: False
partcle ids: ['generator_34', 'generator_26', 'generator_25', 'order_match', 'generator_26', 'generator_37', 'generator_17', 'generator_38', 'generator_20', 'generator_39', 'generator_32', 'generator_40', 'generator_41', 'generator_18', 'generator_42', 'generator_21', 'generator_43', 'generator_15', 'generator_26', 'generator_44', 'generator_45', 'similar_color_11', 'generator_46', 'generator_47', 'generator_48', 'generator_49', 'generator_27', 'generator_1', 'generator_50', 'generator_22']
number opened: 1
TRIAL 9
Action chosen: (yellow5, white)
Outcome: False
partcle ids: ['generator_34', 'generator_26', 'generator_25', 'order_match', 'generator_26', 'generator_37', 'generator_17', 'generator_38', 'generator_20', 'generator_39', 'generator_32', 'generator_40', 'generator_41', 'generator_18', 'generator_42', 'generator_21', 'generator_43', 'generator_15', 'generator_26', 'generator_44', 'generator_45', 'similar_color_11', 'generator_46', 'generator_47', 'generator_48', 'generator_49', 'generator_27', 'generator_1', 'generator_50', 'generator_22']
number opened: 1
TRIAL 10
Action chosen: (cloud, pink)
Outcome: False
partcle ids: ['generator_34', 'generator_26', 'generator_25', 'order_match', 'generator_26', 'generator_37', 'generator_17', 'generator_38', 'generator_20', 'generator_39', 'generator_32', 'generator_40', 'generator_41', 'generator_18', 'generator_42', 'generator_21', 'generator_43', 'generator_15', 'generator_26', 'generator_44', 'generator_45', 'similar_color_11', 'generator_46', 'generator_47', 'generator_48', 'generator_49', 'generator_27', 'generator_1', 'generator_50', 'generator_22']
number opened: 1
TRIAL 11
Action chosen: (orange4, pink)
Outcome: False
partcle ids: ['generator_34', 'generator_26', 'generator_25', 'order_match', 'generator_26', 'generator_37', 'generator_17', 'generator_38', 'generator_20', 'generator_39', 'generator_32', 'generator_40', 'generator_41', 'generator_18', 'generator_42', 'generator_21', 'generator_43', 'generator_15', 'generator_26', 'generator_44', 'generator_45', 'similar_color_11', 'generator_46', 'generator_47', 'generator_48', 'generator_49', 'generator_27', 'generator_1', 'generator_50', 'generator_22']
number opened: 1
TRIAL 12
Action chosen: (purple, white)
Outcome: False
partcle ids: ['generator_34', 'generator_26', 'generator_25', 'order_match', 'generator_26', 'generator_37', 'generator_17', 'generator_38', 'generator_20', 'generator_39', 'generator_32', 'generator_40', 'generator_41', 'generator_18', 'generator_42', 'generator_21', 'generator_43', 'generator_15', 'generator_26', 'generator_44', 'generator_45', 'similar_color_11', 'generator_46', 'generator_47', 'generator_48', 'generator_49', 'generator_27', 'generator_1', 'generator_50', 'generator_22']
number opened: 1
TRIAL 13
Action chosen: (grey2, blue)
Outcome: False
partcle ids: ['generator_25', 'generator_51', 'generator_25', 'generator_1', 'generator_44', 'generator_46', 'similar_color_5', 'generator_52', 'generator_1', 'generator_53', 'generator_25', 'generator_1', 'order_match', 'generator_55', 'generator_26', 'generator_56', 'generator_47', 'generator_47', 'generator_47', 'generator_44', 'generator_57', 'generator_58', 'generator_45', 'generator_25', 'generator_25', 'generator_59', 'generator_26', 'generator_34', 'generator_60', 'generator_34']
number opened: 1
TRIAL 14
Action chosen: (blue, white)
Outcome: False
partcle ids: ['generator_25', 'generator_51', 'generator_25', 'generator_1', 'generator_44', 'generator_46', 'similar_color_5', 'generator_52', 'generator_1', 'generator_53', 'generator_25', 'generator_1', 'order_match', 'generator_55', 'generator_26', 'generator_56', 'generator_47', 'generator_47', 'generator_47', 'generator_44', 'generator_57', 'generator_58', 'generator_45', 'generator_25', 'generator_25', 'generator_59', 'generator_26', 'generator_34', 'generator_60', 'generator_34']
number opened: 1
TRIAL 15
Action chosen: (blue, purple)
Outcome: False
partcle ids: ['generator_25', 'generator_51', 'generator_25', 'generator_1', 'generator_44', 'generator_46', 'similar_color_5', 'generator_52', 'generator_1', 'generator_53', 'generator_25', 'generator_1', 'order_match', 'generator_55', 'generator_26', 'generator_56', 'generator_47', 'generator_47', 'generator_47', 'generator_44', 'generator_57', 'generator_58', 'generator_45', 'generator_25', 'generator_25', 'generator_59', 'generator_26', 'generator_34', 'generator_60', 'generator_34']
number opened: 1
TRIAL 16
Action chosen: (green3, pink)
Outcome: False
partcle ids: ['generator_25', 'generator_51', 'generator_25', 'generator_1', 'generator_44', 'generator_46', 'similar_color_5', 'generator_52', 'generator_1', 'generator_53', 'generator_25', 'generator_1', 'order_match', 'generator_55', 'generator_26', 'generator_56', 'generator_47', 'generator_47', 'generator_47', 'generator_44', 'generator_57', 'generator_58', 'generator_45', 'generator_25', 'generator_25', 'generator_59', 'generator_26', 'generator_34', 'generator_60', 'generator_34']
number opened: 1
TRIAL 17
Action chosen: (triangle, white)
Outcome: False
partcle ids: ['generator_25', 'generator_51', 'generator_25', 'generator_1', 'generator_44', 'generator_46', 'similar_color_5', 'generator_52', 'generator_1', 'generator_53', 'generator_25', 'generator_1', 'order_match', 'generator_55', 'generator_26', 'generator_56', 'generator_47', 'generator_47', 'generator_47', 'generator_44', 'generator_57', 'generator_58', 'generator_45', 'generator_25', 'generator_25', 'generator_59', 'generator_26', 'generator_34', 'generator_60', 'generator_34']
number opened: 1
TRIAL 18
Action chosen: (diamond, purple)
Outcome: False
partcle ids: ['generator_25', 'generator_51', 'generator_25', 'generator_1', 'generator_44', 'generator_46', 'similar_color_5', 'generator_52', 'generator_1', 'generator_53', 'generator_25', 'generator_1', 'order_match', 'generator_55', 'generator_26', 'generator_56', 'generator_47', 'generator_47', 'generator_47', 'generator_44', 'generator_57', 'generator_58', 'generator_45', 'generator_25', 'generator_25', 'generator_59', 'generator_26', 'generator_34', 'generator_60', 'generator_34']
number opened: 1
TRIAL 19
Action chosen: (yellow5, blue)
Outcome: True
partcle ids: ['generator_61', 'generator_62', 'generator_63', 'generator_64', 'generator_65', 'generator_66', 'generator_67', 'generator_68', 'generator_56', 'generator_70', 'generator_56', 'generator_72', 'generator_73', 'generator_74', 'generator_75', 'generator_76', 'generator_77', 'order_match', 'generator_78', 'generator_79', 'generator_80', 'generator_81', 'generator_82', 'generator_83', 'generator_47', 'generator_84', 'generator_85', 'generator_86', 'generator_87', 'generator_88']
number opened: 2
TRIAL 20
Action chosen: (diamond, pink)
Outcome: False
partcle ids: ['generator_61', 'generator_62', 'generator_63', 'generator_64', 'generator_65', 'generator_66', 'generator_67', 'generator_68', 'generator_56', 'generator_70', 'generator_56', 'generator_72', 'generator_73', 'generator_74', 'generator_75', 'generator_76', 'generator_77', 'order_match', 'generator_78', 'generator_79', 'generator_80', 'generator_81', 'generator_82', 'generator_83', 'generator_47', 'generator_84', 'generator_85', 'generator_86', 'generator_87', 'generator_88']
number opened: 2
TRIAL 21
Action chosen: (white, white)
Outcome: False
partcle ids: ['generator_61', 'generator_62', 'generator_63', 'generator_64', 'generator_65', 'generator_66', 'generator_67', 'generator_68', 'generator_56', 'generator_70', 'generator_56', 'generator_72', 'generator_73', 'generator_74', 'generator_75', 'generator_76', 'generator_77', 'order_match', 'generator_78', 'generator_79', 'generator_80', 'generator_81', 'generator_82', 'generator_83', 'generator_47', 'generator_84', 'generator_85', 'generator_86', 'generator_87', 'generator_88']
number opened: 2
TRIAL 22
Action chosen: (heart, pink)
Outcome: False
partcle ids: ['generator_61', 'generator_62', 'generator_63', 'generator_64', 'generator_65', 'generator_66', 'generator_67', 'generator_68', 'generator_56', 'generator_70', 'generator_56', 'generator_72', 'generator_73', 'generator_74', 'generator_75', 'generator_76', 'generator_77', 'order_match', 'generator_78', 'generator_79', 'generator_80', 'generator_81', 'generator_82', 'generator_83', 'generator_47', 'generator_84', 'generator_85', 'generator_86', 'generator_87', 'generator_88']
number opened: 2
TRIAL 23
Action chosen: (green3, white)
Outcome: False
partcle ids: ['generator_61', 'generator_62', 'generator_63', 'generator_64', 'generator_65', 'generator_66', 'generator_67', 'generator_68', 'generator_56', 'generator_70', 'generator_56', 'generator_72', 'generator_73', 'generator_74', 'generator_75', 'generator_76', 'generator_77', 'order_match', 'generator_78', 'generator_79', 'generator_80', 'generator_81', 'generator_82', 'generator_83', 'generator_47', 'generator_84', 'generator_85', 'generator_86', 'generator_87', 'generator_88']
number opened: 2
TRIAL 24
Action chosen: (cloud, purple)
Outcome: False
partcle ids: ['generator_61', 'generator_62', 'generator_63', 'generator_64', 'generator_65', 'generator_66', 'generator_67', 'generator_68', 'generator_56', 'generator_70', 'generator_56', 'generator_72', 'generator_73', 'generator_74', 'generator_75', 'generator_76', 'generator_77', 'order_match', 'generator_78', 'generator_79', 'generator_80', 'generator_81', 'generator_82', 'generator_83', 'generator_47', 'generator_84', 'generator_85', 'generator_86', 'generator_87', 'generator_88']
number opened: 2
TRIAL 25
Action chosen: (triangle, pink)
Outcome: False
partcle ids: ['generator_61', 'generator_62', 'generator_63', 'generator_64', 'generator_65', 'generator_66', 'generator_67', 'generator_68', 'generator_56', 'generator_70', 'generator_56', 'generator_72', 'generator_73', 'generator_74', 'generator_75', 'generator_76', 'generator_77', 'order_match', 'generator_78', 'generator_79', 'generator_80', 'generator_81', 'generator_82', 'generator_83', 'generator_47', 'generator_84', 'generator_85', 'generator_86', 'generator_87', 'generator_88']
number opened: 2
TRIAL 26
Action chosen: (orange4, white)
Outcome: True
partcle ids: ['generator_89', 'generator_90', 'generator_91', 'generator_89', 'generator_92', 'generator_93', 'generator_94', 'number_match', 'generator_75', 'generator_75', 'generator_75', 'generator_75', 'generator_97', 'generator_98', 'generator_99', 'generator_100', 'generator_83', 'number_match', 'generator_102', 'generator_103', 'generator_104', 'generator_105', 'generator_96', 'generator_75', 'generator_75', 'generator_86', 'generator_90', 'generator_109', 'generator_110', 'generator_111']
number opened: 3
TRIAL 27
Action chosen: (grey2, pink)
Outcome: True
partcle ids: ['generator_112', 'generator_113', 'number_match', 'generator_75', 'number_match', 'generator_115', 'generator_115', 'generator_115', 'generator_116', 'generator_113', 'generator_75', 'generator_115', 'number_match', 'generator_117', 'number_match', 'number_match', 'generator_114', 'generator_117', 'generator_75', 'generator_118', 'number_match', 'generator_118', 'number_match', 'generator_112', 'generator_117', 'number_match', 'generator_115', 'number_match', 'generator_115', 'generator_115']
number opened: 4
TRIAL 28
Action chosen: (green3, purple)
Outcome: True
partcle ids: ['number_match', 'number_match', 'number_match', 'number_match', 'number_match', 'number_match', 'number_match', 'number_match', 'number_match', 'number_match', 'number_match', 'number_match', 'number_match', 'number_match', 'number_match', 'number_match', 'number_match', 'number_match', 'number_match', 'number_match', 'number_match', 'number_match', 'number_match', 'number_match', 'number_match', 'number_match', 'number_match', 'number_match', 'number_match', 'number_match']
number opened: 5
{"attempts": 28, "unique_key_box_pairs": 26, "revisit_attempts": 2, "revisit_rate": 0.07407407407407407, "attempts_before_abandoning_color_matching": 2, "color_matching_abandoned": true}
