{"Child_ID": "D051", "SoC_variant": "SoC-Full", "theta": [6, 1], "p_gen": 0.6, "true_prior": 0.02, "run_number": 60, "seed": 955318093378539154}
TRIAL 1
Action chosen: (purple, purple)
Outcome: False
partcle ids: ['generator_1', 'similar_color_8', 'similar_color_5', 'similar_color_8', 'similar_color_7', 'similar_color_8', 'similar_color_11', 'generator_2', 'order_match', 'generator_3', 'number_match', 'generator_4', 'generator_5', 'generator_6', 'generator_7', 'generator_8', 'generator_9', 'generator_10', 'similar_color_2', 'similar_color_2', 'generator_11', 'generator_12', 'generator_13', 'generator_14', 'generator_15', 'generator_16', 'shape_match', 'generator_17', 'color_match', 'generator_18']
number opened: 0
TRIAL 2
Action chosen: (green3, purple)
Outcome: True
partcle ids: ['generator_19', 'generator_20', 'generator_21', 'generator_22', 'generator_23', 'generator_24', 'generator_25', 'generator_9', 'generator_26', 'generator_27', 'generator_28', 'generator_29', 'generator_3', 'generator_30', 'generator_31', 'generator_32', 'generator_33', 'generator_34', 'generator_35', 'generator_36', 'generator_37', 'generator_38', 'generator_39', 'generator_40', 'generator_41', 'generator_42', 'generator_43', 'generator_44', 'generator_45', 'generator_46']
number opened: 1
TRIAL 3
Action chosen: (grey2, red)
Outcome: False
partcle ids: ['generator_19', 'generator_20', 'generator_21', 'generator_22', 'generator_23', 'generator_24', 'generator_25', 'generator_9', 'generator_26', 'generator_27', 'generator_28', 'generator_29', 'generator_3', 'generator_30', 'generator_31', 'generator_32', 'generator_33', 'generator_34', 'generator_35', 'generator_36', 'generator_37', 'generator_38', 'generator_39', 'generator_40', 'generator_41', 'generator_42', 'generator_43', 'generator_44', 'generator_45', 'generator_46']
number opened: 1
TRIAL 4
Action chosen: (purple, white)
Outcome: False
partcle ids: ['generator_19', 'generator_20', 'generator_21', 'generator_22', 'generator_23', 'generator_24', 'generator_25', 'generator_9', 'generator_26', 'generator_27', 'generator_28', 'generator_29', 'generator_3', 'generator_30', 'generator_31', 'generator_32', 'generator_33', 'generator_34', 'generator_35', 'generator_36', 'generator_37', 'generator_38', 'generator_39', 'generator_40', 'generator_41', 'generator_42', 'generator_43', 'generator_44', 'generator_45', 'generator_46']
number opened: 1
TRIAL 5
Action chosen: (yellow5, blue)
Outcome: True
partcle ids: ['generator_47', 'generator_48', 'generator_49', 'generator_50', 'generator_25', 'generator_52', 'generator_53', 'generator_54', 'generator_55', 'generator_56', 'generator_57', 'generator_58', 'generator_59', 'generator_60', 'generator_61', 'generator_62', 'generator_63', 'generator_64', 'generator_65', 'generator_66', 'generator_67', 'generator_68', 'generator_69', 'generator_70', 'generator_71', 'generator_72', 'generator_73', 'generator_74', 'generator_66', 'generator_75']
number opened: 2
TRIAL 6
Action chosen: (triangle, red)
Outcome: False
partcle ids: ['generator_47', 'generator_48', 'generator_49', 'generator_50', 'generator_25', 'generator_52', 'generator_53', 'generator_54', 'generator_55', 'generator_56', 'generator_57', 'generator_58', 'generator_59', 'generator_60', 'generator_61', 'generator_62', 'generator_63', 'generator_64', 'generator_65', 'generator_66', 'generator_67', 'generator_68', 'generator_69', 'generator_70', 'generator_71', 'generator_72', 'generator_73', 'generator_74', 'generator_66', 'generator_75']
number opened: 2
TRIAL 7
Action chosen: (orange4, red)
Outcome: False
partcle ids: ['generator_47', 'generator_48', 'generator_49', 'generator_50', 'generator_25', 'generator_52', 'generator_53', 'generator_54', 'generator_55', 'generator_56', 'generator_57', 'generator_58', 'generator_59', 'generator_60', 'generator_61', 'generator_62', 'generator_63', 'generator_64', 'generator_65', 'generator_66', 'generator_67', 'generator_68', 'generator_69', 'generator_70', 'generator_71', 'generator_72', 'generator_73', 'generator_74', 'generator_66', 'generator_75']
number opened: 2
TRIAL 8
Action chosen: (white, red)
Outcome: False
partcle ids: ['generator_47', 'generator_48', 'generator_49', 'generator_50', 'generator_25', 'generator_52', 'generator_53', 'generator_54', 'generator_55', 'generator_56', 'generator_57', 'generator_58', 'generator_59', 'generator_60', 'generator_61', 'generator_62', 'generator_63', 'generator_64', 'generator_65', 'generator_66', 'generator_67', 'generator_68', 'generator_69', 'generator_70', 'generator_71', 'generator_72', 'generator_73', 'generator_74', 'generator_66', 'generator_75']
number opened: 2
TRIAL 9
Action chosen: (orange4, pink)
Outcome: False
partcle ids: ['generator_76', 'generator_77', 'generator_78', 'generator_61', 'generator_80', 'generator_72', 'generator_82', 'generator_83', 'generator_84', 'generator_85', 'generator_63', 'generator_60', 'generator_61', 'generator_88', 'generator_89', 'generator_90', 'generator_52', 'generator_92', 'generator_93', 'generator_62', 'generator_94', 'generator_95', 'generator_96', 'generator_52', 'generator_52', 'generator_60', 'generator_55', 'generator_101', 'generator_60', 'generator_103']
number opened: 2
TRIAL 10
Action chosen: (orange4, white)
Outcome: True
partcle ids: ['generator_104', 'generator_105', 'generator_106', 'generator_107', 'generator_108', 'generator_109', 'generator_110', 'generator_111', 'generator_109', 'generator_92', 'generator_107', 'generator_113', 'generator_114', 'generator_63', 'generator_115', 'generator_116', 'generator_117', 'generator_62', 'generator_119', 'generator_120', 'generator_121', 'generator_63', 'generator_122', 'generator_52', 'generator_123', 'generator_109', 'generator_111', 'generator_124', 'generator_52', 'generator_126']
number opened: 3
TRIAL 11
Action chosen: (purple, red)
Outcome: False
partcle ids: ['generator_104', 'generator_105', 'generator_106', 'generator_107', 'generator_108', 'generator_109', 'generator_110', 'generator_111', 'generator_109', 'generator_92', 'generator_107', 'generator_113', 'generator_114', 'generator_63', 'generator_115', 'generator_116', 'generator_117', 'generator_62', 'generator_119', 'generator_120', 'generator_121', 'generator_63', 'generator_122', 'generator_52', 'generator_123', 'generator_109', 'generator_111', 'generator_124', 'generator_52', 'generator_126']
number opened: 3
TRIAL 12
Action chosen: (red, red)
Outcome: True
partcle ids: ['generator_63', 'generator_127', 'generator_52', 'number_match', 'generator_128', 'generator_93', 'generator_93', 'number_match', 'generator_129', 'generator_63', 'generator_52', 'generator_130', 'generator_63', 'number_match', 'generator_129', 'generator_63', 'generator_63', 'number_match', 'generator_93', 'generator_127', 'generator_63', 'generator_63', 'generator_108', 'generator_129', 'generator_52', 'generator_129', 'generator_128', 'generator_52', 'generator_127', 'generator_128']
number opened: 4
TRIAL 13
Action chosen: (white, pink)
Outcome: False
partcle ids: ['generator_63', 'generator_127', 'generator_52', 'number_match', 'generator_128', 'generator_93', 'generator_93', 'number_match', 'generator_129', 'generator_63', 'generator_52', 'generator_130', 'generator_63', 'number_match', 'generator_129', 'generator_63', 'generator_63', 'number_match', 'generator_93', 'generator_127', 'generator_63', 'generator_63', 'generator_108', 'generator_129', 'generator_52', 'generator_129', 'generator_128', 'generator_52', 'generator_127', 'generator_128']
number opened: 4
TRIAL 14
Action chosen: (grey2, pink)
Outcome: True
partcle ids: ['number_match', 'number_match', 'number_match', 'number_match', 'number_match', 'number_match', 'number_match', 'number_match', 'number_match', 'number_match', 'number_match', 'number_match', 'number_match', 'number_match', 'number_match', 'number_match', 'number_match', 'number_match', 'number_match', 'number_match', 'number_match', 'number_match', 'number_match', 'number_match', 'number_match', 'number_match', 'number_match', 'number_match', 'number_match', 'number_match']
number opened: 5
{"attempts": 14, "unique_key_box_pairs": 14, "revisit_attempts": 0, "revisit_rate": 0.0, "attempts_before_abandoning_color_matching": 1, "color_matching_abandoned": true}
