{"Child_ID": "D079", "SoC_variant": "SoC-Full", "theta": [1, 3], "p_gen": 0.9, "true_prior": 0.02, "run_number": 26, "seed": 7377326938436050677}
TRIAL 1
Action chosen: (pink, white)
Outcome: False
partcle ids: ['generator_1', 'generator_2', 'generator_3', 'generator_4', 'generator_5', 'generator_6', 'similar_color_9', 'generator_7', 'generator_8', 'generator_9', 'generator_10', 'generator_11', 'generator_12', 'generator_13', 'generator_14', 'generator_15', 'generator_16', 'generator_17', 'generator_18', 'generator_19', 'generator_20', 'generator_21', 'similar_color_12', 'generator_22', 'generator_23', 'generator_24', 'generator_25', 'generator_26', 'generator_27', 'generator_28']
number opened: 0
TRIAL 2
Action chosen: (cloud, purple)
Outcome: False
partcle ids: ['generator_1', 'generator_2', 'generator_3', 'generator_4', 'generator_5', 'generator_6', 'similar_color_9', 'generator_7', 'generator_8', 'generator_9', 'generator_10', 'generator_11', 'generator_12', 'generator_13', 'generator_14', 'generator_15', 'generator_16', 'generator_17', 'generator_18', 'generator_19', 'generator_20', 'generator_21', 'similar_color_12', 'generator_22', 'generator_23', 'generator_24', 'generator_25', 'generator_26', 'generator_27', 'generator_28']
number opened: 0
TRIAL 3
Action chosen: (green3, blue)
Outcome: False
partcle ids: ['generator_1', 'generator_2', 'generator_3', 'generator_4', 'generator_5', 'generator_6', 'similar_color_9', 'generator_7', 'generator_8', 'generator_9', 'generator_10', 'generator_11', 'generator_12', 'generator_13', 'generator_14', 'generator_15', 'generator_16', 'generator_17', 'generator_18', 'generator_19', 'generator_20', 'generator_21', 'similar_color_12', 'generator_22', 'generator_23', 'generator_24', 'generator_25', 'generator_26', 'generator_27', 'generator_28']
number opened: 0
TRIAL 4
Action chosen: (blue, white)
Outcome: False
partcle ids: ['generator_1', 'generator_2', 'generator_3', 'generator_4', 'generator_5', 'generator_6', 'similar_color_9', 'generator_7', 'generator_8', 'generator_9', 'generator_10', 'generator_11', 'generator_12', 'generator_13', 'generator_14', 'generator_15', 'generator_16', 'generator_17', 'generator_18', 'generator_19', 'generator_20', 'generator_21', 'similar_color_12', 'generator_22', 'generator_23', 'generator_24', 'generator_25', 'generator_26', 'generator_27', 'generator_28']
number opened: 0
TRIAL 5
Action chosen: (cloud, purple)
Outcome: False
partcle ids: ['generator_1', 'generator_2', 'generator_3', 'generator_4', 'generator_5', 'generator_6', 'similar_color_9', 'generator_7', 'generator_8', 'generator_9', 'generator_10', 'generator_11', 'generator_12', 'generator_13', 'generator_14', 'generator_15', 'generator_16', 'generator_17', 'generator_18', 'generator_19', 'generator_20', 'generator_21', 'similar_color_12', 'generator_22', 'generator_23', 'generator_24', 'generator_25', 'generator_26', 'generator_27', 'generator_28']
number opened: 0
TRIAL 6
Action chosen: (pink, white)
Outcome: False
partcle ids: ['generator_1', 'generator_2', 'generator_3', 'generator_4', 'generator_5', 'generator_6', 'similar_color_9', 'generator_7', 'generator_8', 'generator_9', 'generator_10', 'generator_11', 'generator_12', 'generator_13', 'generator_14', 'generator_15', 'generator_16', 'generator_17', 'generator_18', 'generator_19', 'generator_20', 'generator_21', 'similar_color_12', 'generator_22', 'generator_23', 'generator_24', 'generator_25', 'generator_26', 'generator_27', 'generator_28']
number opened: 0
TRIAL 7
Action chosen: (diamond, white)
Outcome: False
partcle ids: ['generator_1', 'generator_2', 'generator_3', 'generator_4', 'generator_5', 'generator_6', 'similar_color_9', 'generator_7', 'generator_8', 'generator_9', 'generator_10', 'generator_11', 'generator_12', 'generator_13', 'generator_14', 'generator_15', 'generator_16', 'generator_17', 'generator_18', 'generator_19', 'generator_20', 'generator_21', 'similar_color_12', 'generator_22', 'generator_23', 'generator_24', 'generator_25', 'generator_26', 'generator_27', 'generator_28']
number opened: 0
TRIAL 8
Action chosen: (yellow5, blue)
Outcome: True
partcle ids: ['generator_29', 'generator_30', 'generator_31', 'generator_32', 'generator_33', 'generator_34', 'generator_35', 'generator_22', 'generator_22', 'generator_38', 'generator_39', 'generator_40', 'generator_41', 'generator_25', 'generator_43', 'generator_44', 'generator_45', 'generator_46', 'generator_14', 'generator_48', 'generator_49', 'generator_50', 'generator_51', 'generator_52', 'generator_53', 'generator_54', 'generator_55', 'generator_56', 'generator_57', 'generator_58']
number opened: 1
TRIAL 9
Action chosen: (diamond, red)
Outcome: False
partcle ids: ['generator_29', 'generator_30', 'generator_31', 'generator_32', 'generator_33', 'generator_34', 'generator_35', 'generator_22', 'generator_22', 'generator_38', 'generator_39', 'generator_40', 'generator_41', 'generator_25', 'generator_43', 'generator_44', 'generator_45', 'generator_46', 'generator_14', 'generator_48', 'generator_49', 'generator_50', 'generator_51', 'generator_52', 'generator_53', 'generator_54', 'generator_55', 'generator_56', 'generator_57', 'generator_58']
number opened: 1
TRIAL 10
Action chosen: (triangle, red)
Outcome: False
partcle ids: ['generator_29', 'generator_30', 'generator_31', 'generator_32', 'generator_33', 'generator_34', 'generator_35', 'generator_22', 'generator_22', 'generator_38', 'generator_39', 'generator_40', 'generator_41', 'generator_25', 'generator_43', 'generator_44', 'generator_45', 'generator_46', 'generator_14', 'generator_48', 'generator_49', 'generator_50', 'generator_51', 'generator_52', 'generator_53', 'generator_54', 'generator_55', 'generator_56', 'generator_57', 'generator_58']
number opened: 1
TRIAL 11
Action chosen: (diamond, pink)
Outcome: False
partcle ids: ['generator_29', 'generator_30', 'generator_31', 'generator_32', 'generator_33', 'generator_34', 'generator_35', 'generator_22', 'generator_22', 'generator_38', 'generator_39', 'generator_40', 'generator_41', 'generator_25', 'generator_43', 'generator_44', 'generator_45', 'generator_46', 'generator_14', 'generator_48', 'generator_49', 'generator_50', 'generator_51', 'generator_52', 'generator_53', 'generator_54', 'generator_55', 'generator_56', 'generator_57', 'generator_58']
number opened: 1
TRIAL 12
Action chosen: (heart, red)
Outcome: False
partcle ids: ['generator_29', 'generator_30', 'generator_31', 'generator_32', 'generator_33', 'generator_34', 'generator_35', 'generator_22', 'generator_22', 'generator_38', 'generator_39', 'generator_40', 'generator_41', 'generator_25', 'generator_43', 'generator_44', 'generator_45', 'generator_46', 'generator_14', 'generator_48', 'generator_49', 'generator_50', 'generator_51', 'generator_52', 'generator_53', 'generator_54', 'generator_55', 'generator_56', 'generator_57', 'generator_58']
number opened: 1
TRIAL 13
Action chosen: (heart, purple)
Outcome: False
partcle ids: ['generator_29', 'generator_30', 'generator_31', 'generator_32', 'generator_33', 'generator_34', 'generator_35', 'generator_22', 'generator_22', 'generator_38', 'generator_39', 'generator_40', 'generator_41', 'generator_25', 'generator_43', 'generator_44', 'generator_45', 'generator_46', 'generator_14', 'generator_48', 'generator_49', 'generator_50', 'generator_51', 'generator_52', 'generator_53', 'generator_54', 'generator_55', 'generator_56', 'generator_57', 'generator_58']
number opened: 1
TRIAL 14
Action chosen: (pink, purple)
Outcome: False
partcle ids: ['generator_29', 'generator_30', 'generator_31', 'generator_32', 'generator_33', 'generator_34', 'generator_35', 'generator_22', 'generator_22', 'generator_38', 'generator_39', 'generator_40', 'generator_41', 'generator_25', 'generator_43', 'generator_44', 'generator_45', 'generator_46', 'generator_14', 'generator_48', 'generator_49', 'generator_50', 'generator_51', 'generator_52', 'generator_53', 'generator_54', 'generator_55', 'generator_56', 'generator_57', 'generator_58']
number opened: 1
TRIAL 15
Action chosen: (diamond, red)
Outcome: False
partcle ids: ['generator_29', 'generator_30', 'generator_31', 'generator_32', 'generator_33', 'generator_34', 'generator_35', 'generator_22', 'generator_22', 'generator_38', 'generator_39', 'generator_40', 'generator_41', 'generator_25', 'generator_43', 'generator_44', 'generator_45', 'generator_46', 'generator_14', 'generator_48', 'generator_49', 'generator_50', 'generator_51', 'generator_52', 'generator_53', 'generator_54', 'generator_55', 'generator_56', 'generator_57', 'generator_58']
number opened: 1
TRIAL 16
Action chosen: (triangle, red)
Outcome: False
partcle ids: ['generator_29', 'generator_30', 'generator_31', 'generator_32', 'generator_33', 'generator_34', 'generator_35', 'generator_22', 'generator_22', 'generator_38', 'generator_39', 'generator_40', 'generator_41', 'generator_25', 'generator_43', 'generator_44', 'generator_45', 'generator_46', 'generator_14', 'generator_48', 'generator_49', 'generator_50', 'generator_51', 'generator_52', 'generator_53', 'generator_54', 'generator_55', 'generator_56', 'generator_57', 'generator_58']
number opened: 1
TRIAL 17
Action chosen: (triangle, pink)
Outcome: False
partcle ids: ['generator_29', 'generator_30', 'generator_31', 'generator_32', 'generator_33', 'generator_34', 'generator_35', 'generator_22', 'generator_22', 'generator_38', 'generator_39', 'generator_40', 'generator_41', 'generator_25', 'generator_43', 'generator_44', 'generator_45', 'generator_46', 'generator_14', 'generator_48', 'generator_49', 'generator_50', 'generator_51', 'generator_52', 'generator_53', 'generator_54', 'generator_55', 'generator_56', 'generator_57', 'generator_58']
number opened: 1
TRIAL 18
Action chosen: (heart, red)
Outcome: False
partcle ids: ['generator_29', 'generator_30', 'generator_31', 'generator_32', 'generator_33', 'generator_34', 'generator_35', 'generator_22', 'generator_22', 'generator_38', 'generator_39', 'generator_40', 'generator_41', 'generator_25', 'generator_43', 'generator_44', 'generator_45', 'generator_46', 'generator_14', 'generator_48', 'generator_49', 'generator_50', 'generator_51', 'generator_52', 'generator_53', 'generator_54', 'generator_55', 'generator_56', 'generator_57', 'generator_58']
number opened: 1
TRIAL 19
Action chosen: (diamond, pink)
Outcome: False
partcle ids: ['generator_29', 'generator_30', 'generator_31', 'generator_32', 'generator_33', 'generator_34', 'generator_35', 'generator_22', 'generator_22', 'generator_38', 'generator_39', 'generator_40', 'generator_41', 'generator_25', 'generator_43', 'generator_44', 'generator_45', 'generator_46', 'generator_14', 'generator_48', 'generator_49', 'generator_50', 'generator_51', 'generator_52', 'generator_53', 'generator_54', 'generator_55', 'generator_56', 'generator_57', 'generator_58']
number opened: 1
TRIAL 20
Action chosen: (purple, white)
Outcome: False
partcle ids: ['generator_29', 'generator_30', 'generator_31', 'generator_32', 'generator_33', 'generator_34', 'generator_35', 'generator_22', 'generator_22', 'generator_38', 'generator_39', 'generator_40', 'generator_41', 'generator_25', 'generator_43', 'generator_44', 'generator_45', 'generator_46', 'generator_14', 'generator_48', 'generator_49', 'generator_50', 'generator_51', 'generator_52', 'generator_53', 'generator_54', 'generator_55', 'generator_56', 'generator_57', 'generator_58']
number opened: 1
TRIAL 21
Action chosen: (white, purple)
Outcome: False
partcle ids: ['generator_29', 'generator_30', 'generator_31', 'generator_32', 'generator_33', 'generator_34', 'generator_35', 'generator_22', 'generator_22', 'generator_38', 'generator_39', 'generator_40', 'generator_41', 'generator_25', 'generator_43', 'generator_44', 'generator_45', 'generator_46', 'generator_14', 'generator_48', 'generator_49', 'generator_50', 'generator_51', 'generator_52', 'generator_53', 'generator_54', 'generator_55', 'generator_56', 'generator_57', 'generator_58']
number opened: 1
TRIAL 22
Action chosen: (grey2, pink)
Outcome: True
partcle ids: ['generator_59', 'generator_34', 'generator_61', 'generator_40', 'generator_34', 'generator_64', 'generator_65', 'generator_66', 'generator_67', 'generator_68', 'generator_69', 'generator_70', 'generator_71', 'generator_40', 'generator_72', 'generator_73', 'generator_74', 'generator_75', 'generator_76', 'generator_77', 'generator_78', 'generator_79', 'generator_34', 'generator_81', 'generator_82', 'generator_83', 'generator_84', 'generator_85', 'generator_86', 'generator_31']
number opened: 2
TRIAL 23
Action chosen: (red, white)
Outcome: False
partcle ids: ['generator_59', 'generator_34', 'generator_61', 'generator_40', 'generator_34', 'generator_64', 'generator_65', 'generator_66', 'generator_67', 'generator_68', 'generator_69', 'generator_70', 'generator_71', 'generator_40', 'generator_72', 'generator_73', 'generator_74', 'generator_75', 'generator_76', 'generator_77', 'generator_78', 'generator_79', 'generator_34', 'generator_81', 'generator_82', 'generator_83', 'generator_84', 'generator_85', 'generator_86', 'generator_31']
number opened: 2
TRIAL 24
Action chosen: (pink, purple)
Outcome: False
partcle ids: ['generator_59', 'generator_34', 'generator_61', 'generator_40', 'generator_34', 'generator_64', 'generator_65', 'generator_66', 'generator_67', 'generator_68', 'generator_69', 'generator_70', 'generator_71', 'generator_40', 'generator_72', 'generator_73', 'generator_74', 'generator_75', 'generator_76', 'generator_77', 'generator_78', 'generator_79', 'generator_34', 'generator_81', 'generator_82', 'generator_83', 'generator_84', 'generator_85', 'generator_86', 'generator_31']
number opened: 2
TRIAL 25
Action chosen: (orange4, white)
Outcome: True
partcle ids: ['number_match', 'generator_71', 'generator_87', 'generator_76', 'generator_89', 'generator_90', 'generator_91', 'generator_82', 'generator_92', 'generator_90', 'generator_83', 'generator_93', 'generator_94', 'generator_95', 'generator_96', 'generator_97', 'generator_98', 'generator_88', 'generator_99', 'generator_76', 'generator_95', 'generator_101', 'generator_71', 'generator_103', 'generator_82', 'generator_105', 'generator_85', 'generator_106', 'generator_59', 'generator_76']
number opened: 3
TRIAL 26
Action chosen: (white, red)
Outcome: False
partcle ids: ['number_match', 'generator_71', 'generator_87', 'generator_76', 'generator_89', 'generator_90', 'generator_91', 'generator_82', 'generator_92', 'generator_90', 'generator_83', 'generator_93', 'generator_94', 'generator_95', 'generator_96', 'generator_97', 'generator_98', 'generator_88', 'generator_99', 'generator_76', 'generator_95', 'generator_101', 'generator_71', 'generator_103', 'generator_82', 'generator_105', 'generator_85', 'generator_106', 'generator_59', 'generator_76']
number opened: 3
TRIAL 27
Action chosen: (blue, purple)
Outcome: False
partcle ids: ['number_match', 'generator_71', 'generator_87', 'generator_76', 'generator_89', 'generator_90', 'generator_91', 'generator_82', 'generator_92', 'generator_90', 'generator_83', 'generator_93', 'generator_94', 'generator_95', 'generator_96', 'generator_97', 'generator_98', 'generator_88', 'generator_99', 'generator_76', 'generator_95', 'generator_101', 'generator_71', 'generator_103', 'generator_82', 'generator_105', 'generator_85', 'generator_106', 'generator_59', 'generator_76']
number opened: 3
TRIAL 28
Action chosen: (green3, purple)
Outcome: True
partcle ids: ['generator_109', 'generator_109', 'generator_97', 'generator_97', 'number_match', 'generator_109', 'generator_109', 'generator_110', 'generator_109', 'generator_109', 'generator_109', 'generator_110', 'number_match', 'generator_88', 'generator_88', 'number_match', 'generator_111', 'generator_110', 'generator_97', 'generator_91', 'generator_91', 'generator_109', 'generator_110', 'generator_110', 'generator_91', 'generator_112', 'generator_97', 'generator_88', 'number_match', 'generator_97']
number opened: 4
TRIAL 29
Action chosen: (blue, red)
Outcome: False
partcle ids: ['generator_109', 'generator_109', 'generator_97', 'generator_97', 'number_match', 'generator_109', 'generator_109', 'generator_110', 'generator_109', 'generator_109', 'generator_109', 'generator_110', 'number_match', 'generator_88', 'generator_88', 'number_match', 'generator_111', 'generator_110', 'generator_97', 'generator_91', 'generator_91', 'generator_109', 'generator_110', 'generator_110', 'generator_91', 'generator_112', 'generator_97', 'generator_88', 'number_match', 'generator_97']
number opened: 4
TRIAL 30
Action chosen: (triangle, red)
Outcome: False
partcle ids: ['generator_109', 'generator_109', 'generator_97', 'generator_97', 'number_match', 'generator_109', 'generator_109', 'generator_110', 'generator_109', 'generator_109', 'generator_109', 'generator_110', 'number_match', 'generator_88', 'generator_88', 'number_match', 'generator_111', 'generator_110', 'generator_97', 'generator_91', 'generator_91', 'generator_109', 'generator_110', 'generator_110', 'generator_91', 'generator_112', 'generator_97', 'generator_88', 'number_match', 'generator_97']
number opened: 4
TRIAL 31
Action chosen: (cloud, red)
Outcome: False
partcle ids: ['generator_109', 'generator_109', 'generator_97', 'generator_97', 'number_match', 'generator_109', 'generator_109', 'generator_110', 'generator_109', 'generator_109', 'generator_109', 'generator_110', 'number_match', 'generator_88', 'generator_88', 'number_match', 'generator_111', 'generator_110', 'generator_97', 'generator_91', 'generator_91', 'generator_109', 'generator_110', 'generator_110', 'generator_91', 'generator_112', 'generator_97', 'generator_88', 'number_match', 'generator_97']
number opened: 4
TRIAL 32
Action chosen: (red, red)
Outcome: True
partcle ids: ['number_match', 'number_match', 'number_match', 'number_match', 'number_match', 'number_match', 'number_match', 'number_match', 'number_match', 'number_match', 'number_match', 'number_match', 'number_match', 'number_match', 'number_match', 'number_match', 'number_match', 'number_match', 'number_match', 'number_match', 'number_match', 'number_match', 'number_match', 'number_match', 'number_match', 'number_match', 'number_match', 'number_match', 'number_match', 'number_match']
number opened: 5
{"attempts": 32, "unique_key_box_pairs": 24, "revisit_attempts": 8, "revisit_rate": 0.25806451612903225, "attempts_before_abandoning_color_matching": 0, "color_matching_abandoned": true}
