{"Child_ID": "D037", "SoC_variant": "SoC-Gen", "theta": [19, 1], "p_gen": 0.9, "true_prior": 0.02, "run_number": 95, "seed": 5111458636819585492}
TRIAL 1
Action chosen: (purple, purple)
Outcome: False
partcle ids: ['generator_1', 'similar_color_6', 'generator_2', 'generator_3', 'generator_4', 'generator_5', 'generator_6', 'generator_7', 'shape_match', 'generator_8', 'generator_9', 'generator_10', 'generator_11', 'generator_12', 'generator_13', 'generator_14', 'generator_15', 'color_match', 'generator_16', 'generator_17', 'generator_18', 'generator_19', 'generator_20', 'generator_21', 'generator_22', 'generator_23', 'generator_24', 'generator_25', 'generator_26', 'generator_27']
number opened: 0
TRIAL 2
Action chosen: (white, purple)
Outcome: False
partcle ids: ['generator_1', 'similar_color_6', 'generator_2', 'generator_3', 'generator_4', 'generator_5', 'generator_6', 'generator_7', 'shape_match', 'generator_8', 'generator_9', 'generator_10', 'generator_11', 'generator_12', 'generator_13', 'generator_14', 'generator_15', 'color_match', 'generator_16', 'generator_17', 'generator_18', 'generator_19', 'generator_20', 'generator_21', 'generator_22', 'generator_23', 'generator_24', 'generator_25', 'generator_26', 'generator_27']
number opened: 0
TRIAL 3
Action chosen: (green3, red)
Outcome: False
partcle ids: ['generator_1', 'similar_color_6', 'generator_2', 'generator_3', 'generator_4', 'generator_5', 'generator_6', 'generator_7', 'shape_match', 'generator_8', 'generator_9', 'generator_10', 'generator_11', 'generator_12', 'generator_13', 'generator_14', 'generator_15', 'color_match', 'generator_16', 'generator_17', 'generator_18', 'generator_19', 'generator_20', 'generator_21', 'generator_22', 'generator_23', 'generator_24', 'generator_25', 'generator_26', 'generator_27']
number opened: 0
TRIAL 4
Action chosen: (white, blue)
Outcome: False
partcle ids: ['generator_23', 'generator_28', 'generator_29', 'generator_30', 'generator_31', 'generator_32', 'generator_5', 'generator_34', 'order_match', 'generator_35', 'generator_36', 'generator_37', 'generator_38', 'generator_39', 'generator_40', 'generator_41', 'generator_42', 'generator_20', 'generator_44', 'generator_45', 'generator_46', 'generator_47', 'generator_48', 'generator_49', 'generator_50', 'generator_14', 'generator_52', 'similar_color_12', 'generator_21', 'generator_53']
number opened: 0
TRIAL 5
Action chosen: (grey2, purple)
Outcome: False
partcle ids: ['generator_23', 'generator_28', 'generator_29', 'generator_30', 'generator_31', 'generator_32', 'generator_5', 'generator_34', 'order_match', 'generator_35', 'generator_36', 'generator_37', 'generator_38', 'generator_39', 'generator_40', 'generator_41', 'generator_42', 'generator_20', 'generator_44', 'generator_45', 'generator_46', 'generator_47', 'generator_48', 'generator_49', 'generator_50', 'generator_14', 'generator_52', 'similar_color_12', 'generator_21', 'generator_53']
number opened: 0
TRIAL 6
Action chosen: (diamond, white)
Outcome: False
partcle ids: ['generator_23', 'generator_28', 'generator_29', 'generator_30', 'generator_31', 'generator_32', 'generator_5', 'generator_34', 'order_match', 'generator_35', 'generator_36', 'generator_37', 'generator_38', 'generator_39', 'generator_40', 'generator_41', 'generator_42', 'generator_20', 'generator_44', 'generator_45', 'generator_46', 'generator_47', 'generator_48', 'generator_49', 'generator_50', 'generator_14', 'generator_52', 'similar_color_12', 'generator_21', 'generator_53']
number opened: 0
TRIAL 7
Action chosen: (red, red)
Outcome: True
partcle ids: ['generator_54', 'generator_46', 'generator_46', 'generator_57', 'generator_58', 'generator_46', 'generator_60', 'generator_61', 'generator_46', 'generator_63', 'generator_50', 'similar_color_5', 'similar_color_7', 'generator_46', 'generator_65', 'generator_66', 'generator_67', 'generator_68', 'generator_69', 'generator_50', 'similar_color_1', 'generator_21', 'generator_71', 'generator_72', 'generator_21', 'generator_74', 'generator_75', 'generator_76', 'generator_77', 'generator_78']
number opened: 1
TRIAL 8
Action chosen: (triangle, white)
Outcome: False
partcle ids: ['generator_54', 'generator_46', 'generator_46', 'generator_57', 'generator_58', 'generator_46', 'generator_60', 'generator_61', 'generator_46', 'generator_63', 'generator_50', 'similar_color_5', 'similar_color_7', 'generator_46', 'generator_65', 'generator_66', 'generator_67', 'generator_68', 'generator_69', 'generator_50', 'similar_color_1', 'generator_21', 'generator_71', 'generator_72', 'generator_21', 'generator_74', 'generator_75', 'generator_76', 'generator_77', 'generator_78']
number opened: 1
TRIAL 9
Action chosen: (diamond, purple)
Outcome: False
partcle ids: ['generator_54', 'generator_46', 'generator_46', 'generator_57', 'generator_58', 'generator_46', 'generator_60', 'generator_61', 'generator_46', 'generator_63', 'generator_50', 'similar_color_5', 'similar_color_7', 'generator_46', 'generator_65', 'generator_66', 'generator_67', 'generator_68', 'generator_69', 'generator_50', 'similar_color_1', 'generator_21', 'generator_71', 'generator_72', 'generator_21', 'generator_74', 'generator_75', 'generator_76', 'generator_77', 'generator_78']
number opened: 1
TRIAL 10
Action chosen: (heart, blue)
Outcome: False
partcle ids: ['generator_79', 'generator_80', 'generator_54', 'generator_82', 'generator_57', 'generator_60', 'generator_85', 'generator_86', 'generator_87', 'generator_88', 'generator_21', 'generator_90', 'generator_63', 'generator_54', 'generator_93', 'generator_68', 'generator_95', 'generator_96', 'generator_97', 'generator_98', 'generator_72', 'generator_100', 'generator_101', 'generator_102', 'generator_60', 'generator_103', 'generator_104', 'generator_105', 'generator_68', 'generator_107']
number opened: 1
TRIAL 11
Action chosen: (diamond, blue)
Outcome: False
partcle ids: ['generator_79', 'generator_80', 'generator_54', 'generator_82', 'generator_57', 'generator_60', 'generator_85', 'generator_86', 'generator_87', 'generator_88', 'generator_21', 'generator_90', 'generator_63', 'generator_54', 'generator_93', 'generator_68', 'generator_95', 'generator_96', 'generator_97', 'generator_98', 'generator_72', 'generator_100', 'generator_101', 'generator_102', 'generator_60', 'generator_103', 'generator_104', 'generator_105', 'generator_68', 'generator_107']
number opened: 1
TRIAL 12
Action chosen: (orange4, white)
Outcome: True
partcle ids: ['generator_93', 'generator_109', 'generator_110', 'generator_111', 'generator_112', 'generator_103', 'generator_114', 'generator_115', 'generator_116', 'generator_117', 'generator_118', 'generator_119', 'generator_120', 'generator_121', 'generator_122', 'generator_123', 'generator_124', 'generator_125', 'generator_93', 'generator_127', 'generator_128', 'generator_129', 'generator_130', 'generator_131', 'generator_132', 'generator_133', 'generator_103', 'generator_72', 'generator_136', 'generator_93']
number opened: 2
TRIAL 13
Action chosen: (diamond, pink)
Outcome: False
partcle ids: ['generator_93', 'generator_109', 'generator_110', 'generator_111', 'generator_112', 'generator_103', 'generator_114', 'generator_115', 'generator_116', 'generator_117', 'generator_118', 'generator_119', 'generator_120', 'generator_121', 'generator_122', 'generator_123', 'generator_124', 'generator_125', 'generator_93', 'generator_127', 'generator_128', 'generator_129', 'generator_130', 'generator_131', 'generator_132', 'generator_133', 'generator_103', 'generator_72', 'generator_136', 'generator_93']
number opened: 2
TRIAL 14
Action chosen: (green3, purple)
Outcome: True
partcle ids: ['generator_138', 'generator_132', 'generator_116', 'number_match', 'generator_132', 'generator_141', 'generator_111', 'generator_116', 'generator_143', 'generator_144', 'generator_145', 'generator_146', 'generator_147', 'generator_132', 'generator_136', 'generator_150', 'generator_145', 'generator_136', 'generator_152', 'generator_111', 'generator_154', 'generator_132', 'generator_136', 'generator_141', 'generator_156', 'generator_157', 'generator_132', 'generator_111', 'generator_119', 'generator_153']
number opened: 3
TRIAL 15
Action chosen: (white, pink)
Outcome: False
partcle ids: ['generator_138', 'generator_132', 'generator_116', 'number_match', 'generator_132', 'generator_141', 'generator_111', 'generator_116', 'generator_143', 'generator_144', 'generator_145', 'generator_146', 'generator_147', 'generator_132', 'generator_136', 'generator_150', 'generator_145', 'generator_136', 'generator_152', 'generator_111', 'generator_154', 'generator_132', 'generator_136', 'generator_141', 'generator_156', 'generator_157', 'generator_132', 'generator_111', 'generator_119', 'generator_153']
number opened: 3
TRIAL 16
Action chosen: (yellow5, pink)
Outcome: False
partcle ids: ['generator_138', 'generator_132', 'generator_116', 'number_match', 'generator_132', 'generator_141', 'generator_111', 'generator_116', 'generator_143', 'generator_144', 'generator_145', 'generator_146', 'generator_147', 'generator_132', 'generator_136', 'generator_150', 'generator_145', 'generator_136', 'generator_152', 'generator_111', 'generator_154', 'generator_132', 'generator_136', 'generator_141', 'generator_156', 'generator_157', 'generator_132', 'generator_111', 'generator_119', 'generator_153']
number opened: 3
TRIAL 17
Action chosen: (purple, blue)
Outcome: False
partcle ids: ['generator_147', 'generator_145', 'generator_158', 'generator_119', 'generator_141', 'generator_145', 'generator_156', 'generator_163', 'number_match', 'generator_156', 'generator_164', 'generator_145', 'generator_165', 'generator_150', 'generator_141', 'generator_156', 'generator_145', 'generator_119', 'generator_154', 'generator_156', 'generator_141', 'generator_145', 'generator_119', 'generator_145', 'generator_170', 'generator_171', 'generator_150', 'generator_165', 'generator_172', 'generator_170']
number opened: 3
TRIAL 18
Action chosen: (triangle, pink)
Outcome: False
partcle ids: ['generator_147', 'generator_145', 'generator_158', 'generator_119', 'generator_141', 'generator_145', 'generator_156', 'generator_163', 'number_match', 'generator_156', 'generator_164', 'generator_145', 'generator_165', 'generator_150', 'generator_141', 'generator_156', 'generator_145', 'generator_119', 'generator_154', 'generator_156', 'generator_141', 'generator_145', 'generator_119', 'generator_145', 'generator_170', 'generator_171', 'generator_150', 'generator_165', 'generator_172', 'generator_170']
number opened: 3
TRIAL 19
Action chosen: (heart, pink)
Outcome: False
partcle ids: ['generator_173', 'generator_174', 'generator_150', 'generator_170', 'generator_170', 'generator_177', 'generator_170', 'generator_150', 'generator_170', 'generator_171', 'generator_172', 'generator_171', 'generator_180', 'generator_165', 'generator_154', 'generator_181', 'generator_154', 'generator_172', 'generator_177', 'number_match', 'generator_164', 'generator_147', 'generator_150', 'generator_183', 'generator_150', 'generator_175', 'generator_170', 'generator_154', 'generator_170', 'generator_146']
number opened: 3
TRIAL 20
Action chosen: (grey2, pink)
Outcome: True
partcle ids: ['generator_170', 'generator_170', 'number_match', 'generator_170', 'generator_144', 'generator_186', 'generator_170', 'number_match', 'generator_170', 'generator_170', 'generator_144', 'generator_170', 'generator_170', 'generator_170', 'generator_164', 'generator_144', 'generator_186', 'generator_164', 'generator_170', 'generator_164', 'generator_170', 'number_match', 'generator_186', 'generator_170', 'generator_170', 'generator_170', 'generator_164', 'number_match', 'generator_144', 'number_match']
number opened: 4
TRIAL 21
Action chosen: (triangle, blue)
Outcome: False
partcle ids: ['generator_170', 'generator_170', 'number_match', 'generator_170', 'generator_144', 'generator_186', 'generator_170', 'number_match', 'generator_170', 'generator_170', 'generator_144', 'generator_170', 'generator_170', 'generator_170', 'generator_164', 'generator_144', 'generator_186', 'generator_164', 'generator_170', 'generator_164', 'generator_170', 'number_match', 'generator_186', 'generator_170', 'generator_170', 'generator_170', 'generator_164', 'number_match', 'generator_144', 'number_match']
number opened: 4
TRIAL 22
Action chosen: (yellow5, blue)
Outcome: True
partcle ids: ['number_match', 'number_match', 'number_match', 'number_match', 'number_match', 'number_match', 'number_match', 'number_match', 'number_match', 'number_match', 'number_match', 'number_match', 'number_match', 'number_match', 'number_match', 'number_match', 'number_match', 'number_match', 'number_match', 'number_match', 'number_match', 'number_match', 'number_match', 'number_match', 'number_match', 'number_match', 'number_match', 'number_match', 'number_match', 'number_match']
number opened: 5
{"attempts": 22, "unique_key_box_pairs": 22, "revisit_attempts": 0, "revisit_rate": 0.0, "attempts_before_abandoning_color_matching": 1, "color_matching_abandoned": true}
