{"Child_ID": "D037", "SoC_variant": "SoC-Gen", "theta": [19, 1], "p_gen": 0.9, "true_prior": 0.02, "run_number": 26, "seed": 4892127349901441912}
TRIAL 1
Action chosen: (red, red)
Outcome: True
partcle ids: ['generator_27', 'generator_28', 'generator_29', 'generator_30', 'generator_31', 'generator_32', 'generator_33', 'similar_color_3', 'generator_34', 'generator_35', 'generator_36', 'generator_37', 'generator_38', 'generator_39', 'generator_40', 'generator_41', 'number_match', 'generator_42', 'generator_43', 'generator_44', 'generator_45', 'generator_46', 'generator_47', 'generator_48', 'generator_49', 'similar_color_5', 'generator_50', 'generator_51', 'generator_8', 'generator_52']
number opened: 1
TRIAL 2
Action chosen: (cloud, pink)
Outcome: False
partcle ids: ['generator_27', 'generator_28', 'generator_29', 'generator_30', 'generator_31', 'generator_32', 'generator_33', 'similar_color_3', 'generator_34', 'generator_35', 'generator_36', 'generator_37', 'generator_38', 'generator_39', 'generator_40', 'generator_41', 'number_match', 'generator_42', 'generator_43', 'generator_44', 'generator_45', 'generator_46', 'generator_47', 'generator_48', 'generator_49', 'similar_color_5', 'generator_50', 'generator_51', 'generator_8', 'generator_52']
number opened: 1
TRIAL 3
Action chosen: (yellow5, pink)
Outcome: False
partcle ids: ['generator_27', 'generator_28', 'generator_29', 'generator_30', 'generator_31', 'generator_32', 'generator_33', 'similar_color_3', 'generator_34', 'generator_35', 'generator_36', 'generator_37', 'generator_38', 'generator_39', 'generator_40', 'generator_41', 'number_match', 'generator_42', 'generator_43', 'generator_44', 'generator_45', 'generator_46', 'generator_47', 'generator_48', 'generator_49', 'similar_color_5', 'generator_50', 'generator_51', 'generator_8', 'generator_52']
number opened: 1
TRIAL 4
Action chosen: (orange4, blue)
Outcome: False
partcle ids: ['generator_27', 'generator_28', 'generator_29', 'generator_30', 'generator_31', 'generator_32', 'generator_33', 'similar_color_3', 'generator_34', 'generator_35', 'generator_36', 'generator_37', 'generator_38', 'generator_39', 'generator_40', 'generator_41', 'number_match', 'generator_42', 'generator_43', 'generator_44', 'generator_45', 'generator_46', 'generator_47', 'generator_48', 'generator_49', 'similar_color_5', 'generator_50', 'generator_51', 'generator_8', 'generator_52']
number opened: 1
TRIAL 5
Action chosen: (green3, purple)
Outcome: True
partcle ids: ['generator_53', 'generator_54', 'generator_55', 'generator_56', 'generator_57', 'generator_58', 'generator_59', 'generator_60', 'generator_61', 'generator_62', 'generator_63', 'generator_64', 'generator_65', 'generator_66', 'generator_67', 'generator_68', 'generator_69', 'generator_70', 'generator_71', 'generator_72', 'generator_73', 'generator_74', 'generator_75', 'generator_76', 'generator_77', 'generator_78', 'generator_51', 'generator_80', 'number_match', 'generator_81']
number opened: 2
TRIAL 6
Action chosen: (grey2, blue)
Outcome: False
partcle ids: ['generator_53', 'generator_54', 'generator_55', 'generator_56', 'generator_57', 'generator_58', 'generator_59', 'generator_60', 'generator_61', 'generator_62', 'generator_63', 'generator_64', 'generator_65', 'generator_66', 'generator_67', 'generator_68', 'generator_69', 'generator_70', 'generator_71', 'generator_72', 'generator_73', 'generator_74', 'generator_75', 'generator_76', 'generator_77', 'generator_78', 'generator_51', 'generator_80', 'number_match', 'generator_81']
number opened: 2
TRIAL 7
Action chosen: (triangle, blue)
Outcome: False
partcle ids: ['generator_53', 'generator_54', 'generator_55', 'generator_56', 'generator_57', 'generator_58', 'generator_59', 'generator_60', 'generator_61', 'generator_62', 'generator_63', 'generator_64', 'generator_65', 'generator_66', 'generator_67', 'generator_68', 'generator_69', 'generator_70', 'generator_71', 'generator_72', 'generator_73', 'generator_74', 'generator_75', 'generator_76', 'generator_77', 'generator_78', 'generator_51', 'generator_80', 'number_match', 'generator_81']
number opened: 2
TRIAL 8
Action chosen: (white, blue)
Outcome: False
partcle ids: ['generator_53', 'generator_54', 'generator_55', 'generator_56', 'generator_57', 'generator_58', 'generator_59', 'generator_60', 'generator_61', 'generator_62', 'generator_63', 'generator_64', 'generator_65', 'generator_66', 'generator_67', 'generator_68', 'generator_69', 'generator_70', 'generator_71', 'generator_72', 'generator_73', 'generator_74', 'generator_75', 'generator_76', 'generator_77', 'generator_78', 'generator_51', 'generator_80', 'number_match', 'generator_81']
number opened: 2
TRIAL 9
Action chosen: (diamond, white)
Outcome: False
partcle ids: ['generator_77', 'generator_60', 'generator_84', 'generator_85', 'generator_86', 'number_match', 'generator_87', 'generator_60', 'number_match', 'generator_89', 'generator_90', 'generator_91', 'generator_69', 'generator_61', 'generator_94', 'generator_64', 'generator_96', 'generator_97', 'generator_61', 'generator_61', 'generator_64', 'generator_101', 'generator_102', 'generator_61', 'generator_104', 'generator_77', 'generator_106', 'generator_107', 'generator_56', 'generator_65']
number opened: 2
TRIAL 10
Action chosen: (triangle, white)
Outcome: False
partcle ids: ['generator_77', 'generator_60', 'generator_84', 'generator_85', 'generator_86', 'number_match', 'generator_87', 'generator_60', 'number_match', 'generator_89', 'generator_90', 'generator_91', 'generator_69', 'generator_61', 'generator_94', 'generator_64', 'generator_96', 'generator_97', 'generator_61', 'generator_61', 'generator_64', 'generator_101', 'generator_102', 'generator_61', 'generator_104', 'generator_77', 'generator_106', 'generator_107', 'generator_56', 'generator_65']
number opened: 2
TRIAL 11
Action chosen: (heart, blue)
Outcome: False
partcle ids: ['generator_77', 'generator_60', 'generator_84', 'generator_85', 'generator_86', 'number_match', 'generator_87', 'generator_60', 'number_match', 'generator_89', 'generator_90', 'generator_91', 'generator_69', 'generator_61', 'generator_94', 'generator_64', 'generator_96', 'generator_97', 'generator_61', 'generator_61', 'generator_64', 'generator_101', 'generator_102', 'generator_61', 'generator_104', 'generator_77', 'generator_106', 'generator_107', 'generator_56', 'generator_65']
number opened: 2
TRIAL 12
Action chosen: (blue, white)
Outcome: False
partcle ids: ['generator_109', 'generator_52', 'generator_110', 'generator_111', 'generator_112', 'generator_113', 'generator_114', 'generator_115', 'number_match', 'generator_69', 'generator_64', 'generator_119', 'number_match', 'generator_121', 'generator_122', 'generator_65', 'generator_124', 'generator_125', 'generator_126', 'generator_127', 'generator_128', 'generator_129', 'generator_130', 'generator_85', 'number_match', 'generator_133', 'generator_90', 'generator_135', 'generator_136', 'number_match']
number opened: 2
TRIAL 13
Action chosen: (grey2, pink)
Outcome: True
partcle ids: ['generator_127', 'generator_119', 'generator_121', 'generator_140', 'generator_141', 'generator_127', 'generator_121', 'generator_143', 'generator_144', 'generator_145', 'generator_146', 'generator_147', 'generator_148', 'generator_139', 'generator_149', 'generator_150', 'generator_151', 'generator_152', 'generator_153', 'generator_154', 'generator_155', 'generator_156', 'generator_66', 'generator_157', 'generator_119', 'number_match', 'generator_159', 'generator_121', 'generator_114', 'generator_160']
number opened: 3
TRIAL 14
Action chosen: (yellow5, blue)
Outcome: True
partcle ids: ['generator_148', 'generator_161', 'generator_154', 'number_match', 'generator_151', 'number_match', 'generator_154', 'generator_154', 'generator_154', 'generator_154', 'generator_154', 'generator_160', 'generator_151', 'generator_148', 'generator_151', 'number_match', 'generator_161', 'generator_148', 'generator_145', 'generator_148', 'generator_154', 'generator_154', 'number_match', 'generator_151', 'generator_148', 'generator_160', 'generator_148', 'generator_148', 'generator_154', 'number_match']
number opened: 4
TRIAL 15
Action chosen: (pink, white)
Outcome: False
partcle ids: ['generator_148', 'generator_161', 'generator_154', 'number_match', 'generator_151', 'number_match', 'generator_154', 'generator_154', 'generator_154', 'generator_154', 'generator_154', 'generator_160', 'generator_151', 'generator_148', 'generator_151', 'number_match', 'generator_161', 'generator_148', 'generator_145', 'generator_148', 'generator_154', 'generator_154', 'number_match', 'generator_151', 'generator_148', 'generator_160', 'generator_148', 'generator_148', 'generator_154', 'number_match']
number opened: 4
TRIAL 16
Action chosen: (cloud, white)
Outcome: False
partcle ids: ['generator_148', 'generator_161', 'generator_154', 'number_match', 'generator_151', 'number_match', 'generator_154', 'generator_154', 'generator_154', 'generator_154', 'generator_154', 'generator_160', 'generator_151', 'generator_148', 'generator_151', 'number_match', 'generator_161', 'generator_148', 'generator_145', 'generator_148', 'generator_154', 'generator_154', 'number_match', 'generator_151', 'generator_148', 'generator_160', 'generator_148', 'generator_148', 'generator_154', 'number_match']
number opened: 4
TRIAL 17
Action chosen: (orange4, white)
Outcome: True
partcle ids: ['number_match', 'number_match', 'number_match', 'number_match', 'number_match', 'number_match', 'number_match', 'number_match', 'number_match', 'number_match', 'number_match', 'number_match', 'number_match', 'number_match', 'number_match', 'number_match', 'number_match', 'number_match', 'number_match', 'number_match', 'number_match', 'number_match', 'number_match', 'number_match', 'number_match', 'number_match', 'number_match', 'number_match', 'number_match', 'number_match']
number opened: 5
{"attempts": 17, "unique_key_box_pairs": 17, "revisit_attempts": 0, "revisit_rate": 0.0, "attempts_before_abandoning_color_matching": 1, "color_matching_abandoned": true}
