{"Child_ID": "D037", "SoC_variant": "SoC-Gen", "theta": [19, 1], "p_gen": 0.9, "true_prior": 0.02, "run_number": 20, "seed": 5845421302167689492}
TRIAL 1
Action chosen: (diamond, white)
Outcome: False
partcle ids: ['generator_1', 'generator_2', 'generator_3', 'generator_4', 'generator_5', 'generator_6', 'generator_7', 'generator_8', 'generator_9', 'similar_color_4', 'generator_10', 'generator_11', 'generator_12', 'generator_13', 'generator_14', 'generator_15', 'generator_16', 'generator_17', 'generator_18', 'generator_19', 'generator_20', 'generator_21', 'generator_22', 'shape_match', 'generator_23', 'generator_24', 'generator_25', 'generator_26', 'generator_27', 'generator_28']
number opened: 0
TRIAL 2
Action chosen: (red, red)
Outcome: True
partcle ids: ['generator_29', 'generator_30', 'generator_31', 'generator_32', 'generator_33', 'generator_34', 'generator_35', 'generator_36', 'generator_37', 'generator_38', 'generator_39', 'generator_40', 'generator_41', 'generator_42', 'generator_43', 'generator_44', 'generator_45', 'generator_46', 'generator_7', 'generator_48', 'generator_49', 'generator_50', 'generator_51', 'generator_52', 'generator_53', 'generator_54', 'similar_color_1', 'generator_27', 'generator_55', 'generator_56']
number opened: 1
TRIAL 3
Action chosen: (green3, white)
Outcome: False
partcle ids: ['generator_29', 'generator_30', 'generator_31', 'generator_32', 'generator_33', 'generator_34', 'generator_35', 'generator_36', 'generator_37', 'generator_38', 'generator_39', 'generator_40', 'generator_41', 'generator_42', 'generator_43', 'generator_44', 'generator_45', 'generator_46', 'generator_7', 'generator_48', 'generator_49', 'generator_50', 'generator_51', 'generator_52', 'generator_53', 'generator_54', 'similar_color_1', 'generator_27', 'generator_55', 'generator_56']
number opened: 1
TRIAL 4
Action chosen: (triangle, pink)
Outcome: False
partcle ids: ['generator_29', 'generator_30', 'generator_31', 'generator_32', 'generator_33', 'generator_34', 'generator_35', 'generator_36', 'generator_37', 'generator_38', 'generator_39', 'generator_40', 'generator_41', 'generator_42', 'generator_43', 'generator_44', 'generator_45', 'generator_46', 'generator_7', 'generator_48', 'generator_49', 'generator_50', 'generator_51', 'generator_52', 'generator_53', 'generator_54', 'similar_color_1', 'generator_27', 'generator_55', 'generator_56']
number opened: 1
TRIAL 5
Action chosen: (orange4, pink)
Outcome: False
partcle ids: ['generator_29', 'generator_30', 'generator_31', 'generator_32', 'generator_33', 'generator_34', 'generator_35', 'generator_36', 'generator_37', 'generator_38', 'generator_39', 'generator_40', 'generator_41', 'generator_42', 'generator_43', 'generator_44', 'generator_45', 'generator_46', 'generator_7', 'generator_48', 'generator_49', 'generator_50', 'generator_51', 'generator_52', 'generator_53', 'generator_54', 'similar_color_1', 'generator_27', 'generator_55', 'generator_56']
number opened: 1
TRIAL 6
Action chosen: (grey2, blue)
Outcome: False
partcle ids: ['generator_57', 'generator_48', 'generator_59', 'generator_46', 'generator_60', 'generator_61', 'generator_62', 'generator_63', 'generator_51', 'generator_50', 'generator_36', 'generator_43', 'generator_54', 'generator_69', 'generator_70', 'generator_71', 'generator_72', 'generator_73', 'generator_74', 'generator_34', 'generator_76', 'generator_77', 'generator_78', 'generator_79', 'generator_80', 'generator_33', 'generator_34', 'generator_33', 'generator_83', 'generator_84']
number opened: 1
TRIAL 7
Action chosen: (cloud, white)
Outcome: False
partcle ids: ['generator_57', 'generator_48', 'generator_59', 'generator_46', 'generator_60', 'generator_61', 'generator_62', 'generator_63', 'generator_51', 'generator_50', 'generator_36', 'generator_43', 'generator_54', 'generator_69', 'generator_70', 'generator_71', 'generator_72', 'generator_73', 'generator_74', 'generator_34', 'generator_76', 'generator_77', 'generator_78', 'generator_79', 'generator_80', 'generator_33', 'generator_34', 'generator_33', 'generator_83', 'generator_84']
number opened: 1
TRIAL 8
Action chosen: (green3, purple)
Outcome: True
partcle ids: ['generator_85', 'generator_86', 'generator_87', 'generator_73', 'generator_89', 'generator_90', 'generator_89', 'generator_91', 'generator_92', 'generator_93', 'generator_94', 'generator_95', 'generator_60', 'generator_97', 'generator_98', 'generator_48', 'generator_43', 'generator_101', 'generator_43', 'generator_103', 'generator_104', 'generator_105', 'generator_106', 'generator_43', 'generator_54', 'generator_109', 'generator_110', 'generator_111', 'generator_85', 'generator_112']
number opened: 2
TRIAL 9
Action chosen: (white, white)
Outcome: False
partcle ids: ['generator_85', 'generator_86', 'generator_87', 'generator_73', 'generator_89', 'generator_90', 'generator_89', 'generator_91', 'generator_92', 'generator_93', 'generator_94', 'generator_95', 'generator_60', 'generator_97', 'generator_98', 'generator_48', 'generator_43', 'generator_101', 'generator_43', 'generator_103', 'generator_104', 'generator_105', 'generator_106', 'generator_43', 'generator_54', 'generator_109', 'generator_110', 'generator_111', 'generator_85', 'generator_112']
number opened: 2
TRIAL 10
Action chosen: (yellow5, pink)
Outcome: False
partcle ids: ['generator_85', 'generator_86', 'generator_87', 'generator_73', 'generator_89', 'generator_90', 'generator_89', 'generator_91', 'generator_92', 'generator_93', 'generator_94', 'generator_95', 'generator_60', 'generator_97', 'generator_98', 'generator_48', 'generator_43', 'generator_101', 'generator_43', 'generator_103', 'generator_104', 'generator_105', 'generator_106', 'generator_43', 'generator_54', 'generator_109', 'generator_110', 'generator_111', 'generator_85', 'generator_112']
number opened: 2
TRIAL 11
Action chosen: (diamond, pink)
Outcome: False
partcle ids: ['generator_85', 'generator_85', 'generator_112', 'generator_115', 'generator_116', 'generator_95', 'generator_86', 'generator_118', 'generator_119', 'generator_120', 'generator_121', 'generator_87', 'generator_123', 'generator_92', 'generator_86', 'generator_92', 'generator_125', 'generator_126', 'generator_85', 'generator_103', 'generator_119', 'generator_128', 'generator_86', 'generator_85', 'generator_131', 'generator_103', 'generator_110', 'generator_134', 'generator_104', 'generator_92']
number opened: 2
TRIAL 12
Action chosen: (white, blue)
Outcome: False
partcle ids: ['generator_85', 'generator_85', 'generator_112', 'generator_115', 'generator_116', 'generator_95', 'generator_86', 'generator_118', 'generator_119', 'generator_120', 'generator_121', 'generator_87', 'generator_123', 'generator_92', 'generator_86', 'generator_92', 'generator_125', 'generator_126', 'generator_85', 'generator_103', 'generator_119', 'generator_128', 'generator_86', 'generator_85', 'generator_131', 'generator_103', 'generator_110', 'generator_134', 'generator_104', 'generator_92']
number opened: 2
TRIAL 13
Action chosen: (purple, pink)
Outcome: False
partcle ids: ['generator_85', 'generator_85', 'generator_112', 'generator_115', 'generator_116', 'generator_95', 'generator_86', 'generator_118', 'generator_119', 'generator_120', 'generator_121', 'generator_87', 'generator_123', 'generator_92', 'generator_86', 'generator_92', 'generator_125', 'generator_126', 'generator_85', 'generator_103', 'generator_119', 'generator_128', 'generator_86', 'generator_85', 'generator_131', 'generator_103', 'generator_110', 'generator_134', 'generator_104', 'generator_92']
number opened: 2
TRIAL 14
Action chosen: (yellow5, white)
Outcome: False
partcle ids: ['generator_137', 'generator_138', 'generator_103', 'generator_103', 'generator_128', 'generator_142', 'generator_110', 'generator_125', 'generator_145', 'generator_103', 'generator_147', 'generator_134', 'generator_95', 'generator_150', 'generator_103', 'generator_152', 'generator_153', 'generator_154', 'generator_155', 'generator_156', 'generator_157', 'generator_103', 'generator_134', 'generator_110', 'generator_161', 'generator_103', 'generator_163', 'generator_164', 'generator_121', 'generator_165']
number opened: 2
TRIAL 15
Action chosen: (diamond, blue)
Outcome: False
partcle ids: ['generator_137', 'generator_138', 'generator_103', 'generator_103', 'generator_128', 'generator_142', 'generator_110', 'generator_125', 'generator_145', 'generator_103', 'generator_147', 'generator_134', 'generator_95', 'generator_150', 'generator_103', 'generator_152', 'generator_153', 'generator_154', 'generator_155', 'generator_156', 'generator_157', 'generator_103', 'generator_134', 'generator_110', 'generator_161', 'generator_103', 'generator_163', 'generator_164', 'generator_121', 'generator_165']
number opened: 2
TRIAL 16
Action chosen: (cloud, blue)
Outcome: False
partcle ids: ['generator_145', 'generator_154', 'generator_157', 'generator_168', 'generator_125', 'generator_157', 'generator_170', 'generator_171', 'generator_138', 'generator_161', 'generator_142', 'generator_174', 'generator_175', 'number_match', 'generator_164', 'generator_142', 'generator_177', 'generator_147', 'generator_179', 'generator_180', 'generator_181', 'generator_182', 'generator_147', 'generator_138', 'generator_185', 'generator_157', 'generator_187', 'generator_137', 'generator_154', 'generator_145']
number opened: 2
TRIAL 17
Action chosen: (white, pink)
Outcome: False
partcle ids: ['generator_145', 'generator_154', 'generator_157', 'generator_168', 'generator_125', 'generator_157', 'generator_170', 'generator_171', 'generator_138', 'generator_161', 'generator_142', 'generator_174', 'generator_175', 'number_match', 'generator_164', 'generator_142', 'generator_177', 'generator_147', 'generator_179', 'generator_180', 'generator_181', 'generator_182', 'generator_147', 'generator_138', 'generator_185', 'generator_157', 'generator_187', 'generator_137', 'generator_154', 'generator_145']
number opened: 2
TRIAL 18
Action chosen: (orange4, white)
Outcome: True
partcle ids: ['generator_191', 'generator_192', 'generator_193', 'generator_194', 'generator_195', 'generator_196', 'generator_197', 'generator_171', 'generator_164', 'generator_200', 'generator_125', 'generator_187', 'generator_196', 'generator_203', 'generator_125', 'generator_204', 'number_match', 'generator_205', 'generator_206', 'generator_207', 'generator_208', 'generator_171', 'generator_171', 'generator_209', 'generator_209', 'generator_164', 'generator_171', 'generator_211', 'generator_185', 'number_match']
number opened: 3
TRIAL 19
Action chosen: (grey2, pink)
Outcome: True
partcle ids: ['generator_213', 'generator_192', 'generator_209', 'generator_213', 'number_match', 'number_match', 'generator_213', 'generator_171', 'generator_192', 'generator_213', 'number_match', 'generator_209', 'generator_171', 'generator_209', 'generator_171', 'generator_213', 'generator_215', 'generator_171', 'generator_171', 'generator_209', 'generator_171', 'generator_213', 'generator_171', 'generator_192', 'generator_171', 'generator_209', 'generator_171', 'generator_171', 'generator_209', 'number_match']
number opened: 4
TRIAL 20
Action chosen: (purple, blue)
Outcome: False
partcle ids: ['generator_213', 'generator_192', 'generator_209', 'generator_213', 'number_match', 'number_match', 'generator_213', 'generator_171', 'generator_192', 'generator_213', 'number_match', 'generator_209', 'generator_171', 'generator_209', 'generator_171', 'generator_213', 'generator_215', 'generator_171', 'generator_171', 'generator_209', 'generator_171', 'generator_213', 'generator_171', 'generator_192', 'generator_171', 'generator_209', 'generator_171', 'generator_171', 'generator_209', 'number_match']
number opened: 4
TRIAL 21
Action chosen: (blue, blue)
Outcome: False
partcle ids: ['generator_213', 'generator_192', 'generator_209', 'generator_213', 'number_match', 'number_match', 'generator_213', 'generator_171', 'generator_192', 'generator_213', 'number_match', 'generator_209', 'generator_171', 'generator_209', 'generator_171', 'generator_213', 'generator_215', 'generator_171', 'generator_171', 'generator_209', 'generator_171', 'generator_213', 'generator_171', 'generator_192', 'generator_171', 'generator_209', 'generator_171', 'generator_171', 'generator_209', 'number_match']
number opened: 4
TRIAL 22
Action chosen: (triangle, blue)
Outcome: False
partcle ids: ['generator_192', 'number_match', 'generator_192', 'number_match', 'generator_213', 'number_match', 'generator_192', 'number_match', 'generator_209', 'generator_192', 'number_match', 'number_match', 'generator_192', 'generator_215', 'generator_215', 'number_match', 'generator_106', 'generator_215', 'number_match', 'number_match', 'number_match', 'generator_215', 'number_match', 'number_match', 'generator_209', 'generator_215', 'number_match', 'number_match', 'generator_192', 'generator_192']
number opened: 4
TRIAL 23
Action chosen: (yellow5, blue)
Outcome: True
partcle ids: ['number_match', 'number_match', 'number_match', 'number_match', 'number_match', 'number_match', 'number_match', 'number_match', 'number_match', 'number_match', 'number_match', 'number_match', 'number_match', 'number_match', 'number_match', 'number_match', 'number_match', 'number_match', 'number_match', 'number_match', 'number_match', 'number_match', 'number_match', 'number_match', 'number_match', 'number_match', 'number_match', 'number_match', 'number_match', 'number_match']
number opened: 5
{"attempts": 23, "unique_key_box_pairs": 23, "revisit_attempts": 0, "revisit_rate": 0.0, "attempts_before_abandoning_color_matching": 0, "color_matching_abandoned": true}
