{"Child_ID": "D058", "SoC_variant": "SoC-Full", "theta": [1, 3], "p_gen": 0.9, "true_prior": 0.02, "run_number": 39, "seed": 4846505551354861916}
TRIAL 1
Action chosen: (red, red)
Outcome: True
partcle ids: ['generator_28', 'generator_29', 'generator_6', 'generator_30', 'generator_31', 'generator_32', 'generator_33', 'generator_34', 'generator_35', 'generator_36', 'generator_37', 'generator_38', 'generator_39', 'generator_40', 'generator_41', 'generator_42', 'generator_43', 'generator_5', 'generator_44', 'generator_45', 'generator_46', 'generator_47', 'generator_48', 'generator_49', 'generator_50', 'number_match', 'generator_51', 'similar_color_6', 'generator_52', 'generator_53']
number opened: 1
TRIAL 2
Action chosen: (yellow5, white)
Outcome: False
partcle ids: ['generator_28', 'generator_29', 'generator_6', 'generator_30', 'generator_31', 'generator_32', 'generator_33', 'generator_34', 'generator_35', 'generator_36', 'generator_37', 'generator_38', 'generator_39', 'generator_40', 'generator_41', 'generator_42', 'generator_43', 'generator_5', 'generator_44', 'generator_45', 'generator_46', 'generator_47', 'generator_48', 'generator_49', 'generator_50', 'number_match', 'generator_51', 'similar_color_6', 'generator_52', 'generator_53']
number opened: 1
TRIAL 3
Action chosen: (pink, white)
Outcome: False
partcle ids: ['generator_28', 'generator_29', 'generator_6', 'generator_30', 'generator_31', 'generator_32', 'generator_33', 'generator_34', 'generator_35', 'generator_36', 'generator_37', 'generator_38', 'generator_39', 'generator_40', 'generator_41', 'generator_42', 'generator_43', 'generator_5', 'generator_44', 'generator_45', 'generator_46', 'generator_47', 'generator_48', 'generator_49', 'generator_50', 'number_match', 'generator_51', 'similar_color_6', 'generator_52', 'generator_53']
number opened: 1
TRIAL 4
Action chosen: (yellow5, white)
Outcome: False
partcle ids: ['generator_28', 'generator_29', 'generator_6', 'generator_30', 'generator_31', 'generator_32', 'generator_33', 'generator_34', 'generator_35', 'generator_36', 'generator_37', 'generator_38', 'generator_39', 'generator_40', 'generator_41', 'generator_42', 'generator_43', 'generator_5', 'generator_44', 'generator_45', 'generator_46', 'generator_47', 'generator_48', 'generator_49', 'generator_50', 'number_match', 'generator_51', 'similar_color_6', 'generator_52', 'generator_53']
number opened: 1
TRIAL 5
Action chosen: (grey2, blue)
Outcome: False
partcle ids: ['generator_28', 'generator_29', 'generator_6', 'generator_30', 'generator_31', 'generator_32', 'generator_33', 'generator_34', 'generator_35', 'generator_36', 'generator_37', 'generator_38', 'generator_39', 'generator_40', 'generator_41', 'generator_42', 'generator_43', 'generator_5', 'generator_44', 'generator_45', 'generator_46', 'generator_47', 'generator_48', 'generator_49', 'generator_50', 'number_match', 'generator_51', 'similar_color_6', 'generator_52', 'generator_53']
number opened: 1
TRIAL 6
Action chosen: (green3, purple)
Outcome: True
partcle ids: ['generator_54', 'generator_55', 'generator_56', 'generator_57', 'generator_51', 'generator_59', 'generator_60', 'generator_61', 'generator_62', 'generator_45', 'generator_64', 'generator_65', 'generator_66', 'generator_67', 'generator_68', 'generator_69', 'generator_70', 'generator_71', 'generator_72', 'generator_73', 'generator_74', 'generator_75', 'generator_37', 'generator_76', 'generator_77', 'generator_78', 'generator_79', 'generator_80', 'generator_81', 'generator_82']
number opened: 2
TRIAL 7
Action chosen: (diamond, pink)
Outcome: False
partcle ids: ['generator_54', 'generator_55', 'generator_56', 'generator_57', 'generator_51', 'generator_59', 'generator_60', 'generator_61', 'generator_62', 'generator_45', 'generator_64', 'generator_65', 'generator_66', 'generator_67', 'generator_68', 'generator_69', 'generator_70', 'generator_71', 'generator_72', 'generator_73', 'generator_74', 'generator_75', 'generator_37', 'generator_76', 'generator_77', 'generator_78', 'generator_79', 'generator_80', 'generator_81', 'generator_82']
number opened: 2
TRIAL 8
Action chosen: (orange4, white)
Outcome: True
partcle ids: ['generator_83', 'generator_84', 'generator_85', 'generator_86', 'generator_87', 'generator_88', 'generator_87', 'generator_89', 'generator_90', 'generator_81', 'generator_91', 'generator_92', 'generator_93', 'generator_94', 'generator_84', 'generator_95', 'generator_96', 'generator_97', 'generator_98', 'generator_99', 'generator_96', 'generator_100', 'generator_85', 'generator_101', 'generator_102', 'generator_103', 'generator_104', 'generator_54', 'generator_103', 'generator_105']
number opened: 3
TRIAL 9
Action chosen: (heart, pink)
Outcome: False
partcle ids: ['generator_83', 'generator_84', 'generator_85', 'generator_86', 'generator_87', 'generator_88', 'generator_87', 'generator_89', 'generator_90', 'generator_81', 'generator_91', 'generator_92', 'generator_93', 'generator_94', 'generator_84', 'generator_95', 'generator_96', 'generator_97', 'generator_98', 'generator_99', 'generator_96', 'generator_100', 'generator_85', 'generator_101', 'generator_102', 'generator_103', 'generator_104', 'generator_54', 'generator_103', 'generator_105']
number opened: 3
TRIAL 10
Action chosen: (purple, pink)
Outcome: False
partcle ids: ['generator_83', 'generator_84', 'generator_85', 'generator_86', 'generator_87', 'generator_88', 'generator_87', 'generator_89', 'generator_90', 'generator_81', 'generator_91', 'generator_92', 'generator_93', 'generator_94', 'generator_84', 'generator_95', 'generator_96', 'generator_97', 'generator_98', 'generator_99', 'generator_96', 'generator_100', 'generator_85', 'generator_101', 'generator_102', 'generator_103', 'generator_104', 'generator_54', 'generator_103', 'generator_105']
number opened: 3
TRIAL 11
Action chosen: (purple, blue)
Outcome: False
partcle ids: ['generator_83', 'generator_84', 'generator_85', 'generator_86', 'generator_87', 'generator_88', 'generator_87', 'generator_89', 'generator_90', 'generator_81', 'generator_91', 'generator_92', 'generator_93', 'generator_94', 'generator_84', 'generator_95', 'generator_96', 'generator_97', 'generator_98', 'generator_99', 'generator_96', 'generator_100', 'generator_85', 'generator_101', 'generator_102', 'generator_103', 'generator_104', 'generator_54', 'generator_103', 'generator_105']
number opened: 3
TRIAL 12
Action chosen: (yellow5, blue)
Outcome: True
partcle ids: ['generator_84', 'number_match', 'generator_99', 'number_match', 'generator_84', 'generator_107', 'generator_108', 'generator_106', 'generator_107', 'number_match', 'generator_84', 'generator_84', 'generator_107', 'generator_103', 'generator_103', 'generator_109', 'generator_103', 'number_match', 'number_match', 'generator_107', 'generator_83', 'generator_107', 'generator_84', 'generator_107', 'generator_84', 'number_match', 'number_match', 'generator_99', 'generator_84', 'generator_107']
number opened: 4
TRIAL 13
Action chosen: (blue, pink)
Outcome: False
partcle ids: ['generator_84', 'number_match', 'generator_99', 'number_match', 'generator_84', 'generator_107', 'generator_108', 'generator_106', 'generator_107', 'number_match', 'generator_84', 'generator_84', 'generator_107', 'generator_103', 'generator_103', 'generator_109', 'generator_103', 'number_match', 'number_match', 'generator_107', 'generator_83', 'generator_107', 'generator_84', 'generator_107', 'generator_84', 'number_match', 'number_match', 'generator_99', 'generator_84', 'generator_107']
number opened: 4
TRIAL 14
Action chosen: (pink, pink)
Outcome: False
partcle ids: ['generator_84', 'number_match', 'generator_99', 'number_match', 'generator_84', 'generator_107', 'generator_108', 'generator_106', 'generator_107', 'number_match', 'generator_84', 'generator_84', 'generator_107', 'generator_103', 'generator_103', 'generator_109', 'generator_103', 'number_match', 'number_match', 'generator_107', 'generator_83', 'generator_107', 'generator_84', 'generator_107', 'generator_84', 'number_match', 'number_match', 'generator_99', 'generator_84', 'generator_107']
number opened: 4
TRIAL 15
Action chosen: (grey2, pink)
Outcome: True
partcle ids: ['number_match', 'number_match', 'number_match', 'number_match', 'number_match', 'number_match', 'number_match', 'number_match', 'number_match', 'number_match', 'number_match', 'number_match', 'number_match', 'number_match', 'number_match', 'number_match', 'number_match', 'number_match', 'number_match', 'number_match', 'number_match', 'number_match', 'number_match', 'number_match', 'number_match', 'number_match', 'number_match', 'number_match', 'number_match', 'number_match']
number opened: 5
{"attempts": 15, "unique_key_box_pairs": 14, "revisit_attempts": 1, "revisit_rate": 0.07142857142857142, "attempts_before_abandoning_color_matching": 1, "color_matching_abandoned": true}
