{"Child_ID": "D058", "SoC_variant": "SoC-Full", "theta": [1, 3], "p_gen": 0.9, "true_prior": 0.02, "run_number": 72, "seed": 6835382731436055637}
TRIAL 1
Action chosen: (purple, purple)
Outcome: False
partcle ids: ['generator_1', 'generator_2', 'generator_3', 'shape_match', 'generator_4', 'generator_5', 'similar_color_12', 'similar_color_5', 'generator_6', 'generator_7', 'generator_8', 'generator_9', 'generator_10', 'generator_11', 'generator_12', 'generator_13', 'generator_14', 'generator_15', 'generator_16', 'generator_17', 'generator_18', 'generator_19', 'generator_20', 'generator_21', 'generator_22', 'generator_23', 'similar_color_14', 'generator_24', 'generator_25', 'generator_26']
number opened: 0
TRIAL 2
Action chosen: (pink, purple)
Outcome: False
partcle ids: ['generator_1', 'generator_2', 'generator_3', 'shape_match', 'generator_4', 'generator_5', 'similar_color_12', 'similar_color_5', 'generator_6', 'generator_7', 'generator_8', 'generator_9', 'generator_10', 'generator_11', 'generator_12', 'generator_13', 'generator_14', 'generator_15', 'generator_16', 'generator_17', 'generator_18', 'generator_19', 'generator_20', 'generator_21', 'generator_22', 'generator_23', 'similar_color_14', 'generator_24', 'generator_25', 'generator_26']
number opened: 0
TRIAL 3
Action chosen: (grey2, white)
Outcome: False
partcle ids: ['generator_1', 'generator_2', 'generator_3', 'shape_match', 'generator_4', 'generator_5', 'similar_color_12', 'similar_color_5', 'generator_6', 'generator_7', 'generator_8', 'generator_9', 'generator_10', 'generator_11', 'generator_12', 'generator_13', 'generator_14', 'generator_15', 'generator_16', 'generator_17', 'generator_18', 'generator_19', 'generator_20', 'generator_21', 'generator_22', 'generator_23', 'similar_color_14', 'generator_24', 'generator_25', 'generator_26']
number opened: 0
TRIAL 4
Action chosen: (purple, purple)
Outcome: False
partcle ids: ['generator_1', 'generator_2', 'generator_3', 'shape_match', 'generator_4', 'generator_5', 'similar_color_12', 'similar_color_5', 'generator_6', 'generator_7', 'generator_8', 'generator_9', 'generator_10', 'generator_11', 'generator_12', 'generator_13', 'generator_14', 'generator_15', 'generator_16', 'generator_17', 'generator_18', 'generator_19', 'generator_20', 'generator_21', 'generator_22', 'generator_23', 'similar_color_14', 'generator_24', 'generator_25', 'generator_26']
number opened: 0
TRIAL 5
Action chosen: (pink, purple)
Outcome: False
partcle ids: ['generator_1', 'generator_2', 'generator_3', 'shape_match', 'generator_4', 'generator_5', 'similar_color_12', 'similar_color_5', 'generator_6', 'generator_7', 'generator_8', 'generator_9', 'generator_10', 'generator_11', 'generator_12', 'generator_13', 'generator_14', 'generator_15', 'generator_16', 'generator_17', 'generator_18', 'generator_19', 'generator_20', 'generator_21', 'generator_22', 'generator_23', 'similar_color_14', 'generator_24', 'generator_25', 'generator_26']
number opened: 0
TRIAL 6
Action chosen: (heart, blue)
Outcome: False
partcle ids: ['generator_1', 'generator_2', 'generator_3', 'shape_match', 'generator_4', 'generator_5', 'similar_color_12', 'similar_color_5', 'generator_6', 'generator_7', 'generator_8', 'generator_9', 'generator_10', 'generator_11', 'generator_12', 'generator_13', 'generator_14', 'generator_15', 'generator_16', 'generator_17', 'generator_18', 'generator_19', 'generator_20', 'generator_21', 'generator_22', 'generator_23', 'similar_color_14', 'generator_24', 'generator_25', 'generator_26']
number opened: 0
TRIAL 7
Action chosen: (red, red)
Outcome: True
partcle ids: ['generator_6', 'generator_27', 'similar_color_5', 'generator_28', 'generator_29', 'generator_6', 'generator_30', 'generator_31', 'generator_32', 'generator_33', 'generator_34', 'order_match', 'generator_35', 'generator_36', 'generator_37', 'generator_38', 'generator_39', 'generator_25', 'generator_41', 'generator_42', 'generator_43', 'generator_44', 'generator_45', 'generator_25', 'generator_46', 'generator_47', 'generator_48', 'generator_49', 'generator_50', 'generator_51']
number opened: 1
TRIAL 8
Action chosen: (green3, blue)
Outcome: False
partcle ids: ['generator_6', 'generator_27', 'similar_color_5', 'generator_28', 'generator_29', 'generator_6', 'generator_30', 'generator_31', 'generator_32', 'generator_33', 'generator_34', 'order_match', 'generator_35', 'generator_36', 'generator_37', 'generator_38', 'generator_39', 'generator_25', 'generator_41', 'generator_42', 'generator_43', 'generator_44', 'generator_45', 'generator_25', 'generator_46', 'generator_47', 'generator_48', 'generator_49', 'generator_50', 'generator_51']
number opened: 1
TRIAL 9
Action chosen: (cloud, white)
Outcome: False
partcle ids: ['generator_6', 'generator_27', 'similar_color_5', 'generator_28', 'generator_29', 'generator_6', 'generator_30', 'generator_31', 'generator_32', 'generator_33', 'generator_34', 'order_match', 'generator_35', 'generator_36', 'generator_37', 'generator_38', 'generator_39', 'generator_25', 'generator_41', 'generator_42', 'generator_43', 'generator_44', 'generator_45', 'generator_25', 'generator_46', 'generator_47', 'generator_48', 'generator_49', 'generator_50', 'generator_51']
number opened: 1
TRIAL 10
Action chosen: (white, pink)
Outcome: False
partcle ids: ['generator_6', 'generator_27', 'similar_color_5', 'generator_28', 'generator_29', 'generator_6', 'generator_30', 'generator_31', 'generator_32', 'generator_33', 'generator_34', 'order_match', 'generator_35', 'generator_36', 'generator_37', 'generator_38', 'generator_39', 'generator_25', 'generator_41', 'generator_42', 'generator_43', 'generator_44', 'generator_45', 'generator_25', 'generator_46', 'generator_47', 'generator_48', 'generator_49', 'generator_50', 'generator_51']
number opened: 1
TRIAL 11
Action chosen: (grey2, pink)
Outcome: True
partcle ids: ['generator_52', 'generator_53', 'generator_25', 'number_match', 'generator_55', 'generator_56', 'generator_57', 'generator_58', 'generator_59', 'generator_60', 'generator_61', 'generator_62', 'generator_63', 'generator_64', 'generator_65', 'generator_66', 'generator_67', 'generator_25', 'generator_69', 'generator_70', 'generator_71', 'generator_72', 'generator_73', 'generator_74', 'generator_75', 'generator_76', 'generator_48', 'generator_77', 'generator_78', 'generator_79']
number opened: 2
TRIAL 12
Action chosen: (green3, purple)
Outcome: True
partcle ids: ['generator_80', 'generator_81', 'generator_82', 'generator_83', 'generator_84', 'generator_81', 'generator_85', 'generator_86', 'generator_87', 'generator_88', 'generator_89', 'generator_90', 'generator_56', 'generator_25', 'generator_91', 'generator_92', 'generator_25', 'generator_59', 'generator_91', 'generator_70', 'generator_94', 'generator_25', 'generator_96', 'generator_97', 'generator_73', 'generator_98', 'generator_61', 'generator_99', 'generator_94', 'generator_100']
number opened: 3
TRIAL 13
Action chosen: (orange4, blue)
Outcome: False
partcle ids: ['generator_80', 'generator_81', 'generator_82', 'generator_83', 'generator_84', 'generator_81', 'generator_85', 'generator_86', 'generator_87', 'generator_88', 'generator_89', 'generator_90', 'generator_56', 'generator_25', 'generator_91', 'generator_92', 'generator_25', 'generator_59', 'generator_91', 'generator_70', 'generator_94', 'generator_25', 'generator_96', 'generator_97', 'generator_73', 'generator_98', 'generator_61', 'generator_99', 'generator_94', 'generator_100']
number opened: 3
TRIAL 14
Action chosen: (white, blue)
Outcome: False
partcle ids: ['generator_80', 'generator_81', 'generator_82', 'generator_83', 'generator_84', 'generator_81', 'generator_85', 'generator_86', 'generator_87', 'generator_88', 'generator_89', 'generator_90', 'generator_56', 'generator_25', 'generator_91', 'generator_92', 'generator_25', 'generator_59', 'generator_91', 'generator_70', 'generator_94', 'generator_25', 'generator_96', 'generator_97', 'generator_73', 'generator_98', 'generator_61', 'generator_99', 'generator_94', 'generator_100']
number opened: 3
TRIAL 15
Action chosen: (yellow5, blue)
Outcome: True
partcle ids: ['generator_98', 'generator_90', 'generator_85', 'number_match', 'generator_98', 'generator_98', 'generator_93', 'generator_85', 'generator_101', 'number_match', 'generator_61', 'generator_93', 'generator_102', 'number_match', 'number_match', 'generator_61', 'generator_85', 'generator_85', 'generator_101', 'generator_90', 'generator_101', 'generator_101', 'generator_90', 'number_match', 'generator_83', 'generator_83', 'generator_85', 'generator_90', 'generator_102', 'generator_61']
number opened: 4
TRIAL 16
Action chosen: (orange4, white)
Outcome: True
partcle ids: ['number_match', 'number_match', 'number_match', 'number_match', 'number_match', 'number_match', 'number_match', 'number_match', 'number_match', 'number_match', 'number_match', 'number_match', 'number_match', 'number_match', 'number_match', 'number_match', 'number_match', 'number_match', 'number_match', 'number_match', 'number_match', 'number_match', 'number_match', 'number_match', 'number_match', 'number_match', 'number_match', 'number_match', 'number_match', 'number_match']
number opened: 5
{"attempts": 16, "unique_key_box_pairs": 14, "revisit_attempts": 2, "revisit_rate": 0.13333333333333333, "attempts_before_abandoning_color_matching": 1, "color_matching_abandoned": true}
