{"Child_ID": "D110", "SoC_variant": "SoC-Full", "theta": [1, 1], "p_gen": 0.2, "true_prior": 0.02, "run_number": 73, "seed": 8949742730109397197}
TRIAL 1
Action chosen: (heart, blue)
Outcome: False
partcle ids: ['order_match', 'similar_color_4', 'generator_1', 'similar_color_14', 'similar_color_4', 'generator_2', 'similar_color_1', 'generator_3', 'similar_color_1', 'similar_color_5', 'similar_color_5', 'color_match', 'shape_match', 'similar_color_6', 'order_match', 'similar_color_7', 'similar_color_9', 'similar_color_1', 'similar_color_2', 'similar_color_5', 'generator_4', 'similar_color_6', 'generator_5', 'similar_color_10', 'similar_color_12', 'similar_color_1', 'similar_color_4', 'similar_color_5', 'similar_color_5', 'similar_color_7']
number opened: 0
TRIAL 2
Action chosen: (heart, blue)
Outcome: False
partcle ids: ['order_match', 'similar_color_4', 'generator_1', 'similar_color_14', 'similar_color_4', 'generator_2', 'similar_color_1', 'generator_3', 'similar_color_1', 'similar_color_5', 'similar_color_5', 'color_match', 'shape_match', 'similar_color_6', 'order_match', 'similar_color_7', 'similar_color_9', 'similar_color_1', 'similar_color_2', 'similar_color_5', 'generator_4', 'similar_color_6', 'generator_5', 'similar_color_10', 'similar_color_12', 'similar_color_1', 'similar_color_4', 'similar_color_5', 'similar_color_5', 'similar_color_7']
number opened: 0
TRIAL 3
Action chosen: (blue, blue)
Outcome: False
partcle ids: ['order_match', 'similar_color_4', 'generator_1', 'similar_color_14', 'similar_color_4', 'generator_2', 'similar_color_1', 'generator_3', 'similar_color_1', 'similar_color_5', 'similar_color_5', 'color_match', 'shape_match', 'similar_color_6', 'order_match', 'similar_color_7', 'similar_color_9', 'similar_color_1', 'similar_color_2', 'similar_color_5', 'generator_4', 'similar_color_6', 'generator_5', 'similar_color_10', 'similar_color_12', 'similar_color_1', 'similar_color_4', 'similar_color_5', 'similar_color_5', 'similar_color_7']
number opened: 0
TRIAL 4
Action chosen: (white, white)
Outcome: False
partcle ids: ['order_match', 'similar_color_4', 'generator_1', 'similar_color_14', 'similar_color_4', 'generator_2', 'similar_color_1', 'generator_3', 'similar_color_1', 'similar_color_5', 'similar_color_5', 'color_match', 'shape_match', 'similar_color_6', 'order_match', 'similar_color_7', 'similar_color_9', 'similar_color_1', 'similar_color_2', 'similar_color_5', 'generator_4', 'similar_color_6', 'generator_5', 'similar_color_10', 'similar_color_12', 'similar_color_1', 'similar_color_4', 'similar_color_5', 'similar_color_5', 'similar_color_7']
number opened: 0
TRIAL 5
Action chosen: (heart, blue)
Outcome: False
partcle ids: ['order_match', 'similar_color_4', 'generator_1', 'similar_color_14', 'similar_color_4', 'generator_2', 'similar_color_1', 'generator_3', 'similar_color_1', 'similar_color_5', 'similar_color_5', 'color_match', 'shape_match', 'similar_color_6', 'order_match', 'similar_color_7', 'similar_color_9', 'similar_color_1', 'similar_color_2', 'similar_color_5', 'generator_4', 'similar_color_6', 'generator_5', 'similar_color_10', 'similar_color_12', 'similar_color_1', 'similar_color_4', 'similar_color_5', 'similar_color_5', 'similar_color_7']
number opened: 0
TRIAL 6
Action chosen: (purple, purple)
Outcome: False
partcle ids: ['order_match', 'similar_color_4', 'generator_1', 'similar_color_14', 'similar_color_4', 'generator_2', 'similar_color_1', 'generator_3', 'similar_color_1', 'similar_color_5', 'similar_color_5', 'color_match', 'shape_match', 'similar_color_6', 'order_match', 'similar_color_7', 'similar_color_9', 'similar_color_1', 'similar_color_2', 'similar_color_5', 'generator_4', 'similar_color_6', 'generator_5', 'similar_color_10', 'similar_color_12', 'similar_color_1', 'similar_color_4', 'similar_color_5', 'similar_color_5', 'similar_color_7']
number opened: 0
TRIAL 7
Action chosen: (purple, purple)
Outcome: False
partcle ids: ['order_match', 'similar_color_4', 'generator_1', 'similar_color_14', 'similar_color_4', 'generator_2', 'similar_color_1', 'generator_3', 'similar_color_1', 'similar_color_5', 'similar_color_5', 'color_match', 'shape_match', 'similar_color_6', 'order_match', 'similar_color_7', 'similar_color_9', 'similar_color_1', 'similar_color_2', 'similar_color_5', 'generator_4', 'similar_color_6', 'generator_5', 'similar_color_10', 'similar_color_12', 'similar_color_1', 'similar_color_4', 'similar_color_5', 'similar_color_5', 'similar_color_7']
number opened: 0
TRIAL 8
Action chosen: (purple, purple)
Outcome: False
partcle ids: ['order_match', 'similar_color_4', 'generator_1', 'similar_color_14', 'similar_color_4', 'generator_2', 'similar_color_1', 'generator_3', 'similar_color_1', 'similar_color_5', 'similar_color_5', 'color_match', 'shape_match', 'similar_color_6', 'order_match', 'similar_color_7', 'similar_color_9', 'similar_color_1', 'similar_color_2', 'similar_color_5', 'generator_4', 'similar_color_6', 'generator_5', 'similar_color_10', 'similar_color_12', 'similar_color_1', 'similar_color_4', 'similar_color_5', 'similar_color_5', 'similar_color_7']
number opened: 0
TRIAL 9
Action chosen: (purple, purple)
Outcome: False
partcle ids: ['shape_match', 'similar_color_6', 'shape_match', 'generator_3', 'generator_2', 'order_match', 'generator_6', 'generator_7', 'shape_match', 'generator_8', 'generator_3', 'shape_match', 'similar_color_14', 'shape_match', 'generator_9', 'similar_color_10', 'generator_4', 'similar_color_4', 'generator_10', 'generator_11', 'generator_3', 'generator_2', 'similar_color_12', 'generator_1', 'generator_12', 'generator_4', 'generator_2', 'similar_color_12', 'similar_color_6', 'similar_color_14']
number opened: 0
TRIAL 10
Action chosen: (red, red)
Outcome: True
partcle ids: ['color_match', 'generator_13', 'similar_color_13', 'similar_color_6', 'similar_color_10', 'similar_color_8', 'similar_color_13', 'similar_color_11', 'similar_color_13', 'order_match', 'similar_color_9', 'similar_color_10', 'similar_color_6', 'generator_14', 'similar_color_14', 'generator_15', 'order_match', 'similar_color_12', 'similar_color_10', 'generator_16', 'similar_color_11', 'generator_17', 'similar_color_12', 'similar_color_10', 'similar_color_12', 'similar_color_7', 'similar_color_9', 'similar_color_12', 'similar_color_2', 'similar_color_11']
number opened: 1
TRIAL 11
Action chosen: (blue, blue)
Outcome: False
partcle ids: ['color_match', 'generator_13', 'similar_color_13', 'similar_color_6', 'similar_color_10', 'similar_color_8', 'similar_color_13', 'similar_color_11', 'similar_color_13', 'order_match', 'similar_color_9', 'similar_color_10', 'similar_color_6', 'generator_14', 'similar_color_14', 'generator_15', 'order_match', 'similar_color_12', 'similar_color_10', 'generator_16', 'similar_color_11', 'generator_17', 'similar_color_12', 'similar_color_10', 'similar_color_12', 'similar_color_7', 'similar_color_9', 'similar_color_12', 'similar_color_2', 'similar_color_11']
number opened: 1
TRIAL 12
Action chosen: (triangle, white)
Outcome: False
partcle ids: ['color_match', 'generator_13', 'similar_color_13', 'similar_color_6', 'similar_color_10', 'similar_color_8', 'similar_color_13', 'similar_color_11', 'similar_color_13', 'order_match', 'similar_color_9', 'similar_color_10', 'similar_color_6', 'generator_14', 'similar_color_14', 'generator_15', 'order_match', 'similar_color_12', 'similar_color_10', 'generator_16', 'similar_color_11', 'generator_17', 'similar_color_12', 'similar_color_10', 'similar_color_12', 'similar_color_7', 'similar_color_9', 'similar_color_12', 'similar_color_2', 'similar_color_11']
number opened: 1
TRIAL 13
Action chosen: (yellow5, white)
Outcome: False
partcle ids: ['color_match', 'generator_13', 'similar_color_13', 'similar_color_6', 'similar_color_10', 'similar_color_8', 'similar_color_13', 'similar_color_11', 'similar_color_13', 'order_match', 'similar_color_9', 'similar_color_10', 'similar_color_6', 'generator_14', 'similar_color_14', 'generator_15', 'order_match', 'similar_color_12', 'similar_color_10', 'generator_16', 'similar_color_11', 'generator_17', 'similar_color_12', 'similar_color_10', 'similar_color_12', 'similar_color_7', 'similar_color_9', 'similar_color_12', 'similar_color_2', 'similar_color_11']
number opened: 1
TRIAL 14
Action chosen: (green3, blue)
Outcome: False
partcle ids: ['color_match', 'generator_13', 'similar_color_13', 'similar_color_6', 'similar_color_10', 'similar_color_8', 'similar_color_13', 'similar_color_11', 'similar_color_13', 'order_match', 'similar_color_9', 'similar_color_10', 'similar_color_6', 'generator_14', 'similar_color_14', 'generator_15', 'order_match', 'similar_color_12', 'similar_color_10', 'generator_16', 'similar_color_11', 'generator_17', 'similar_color_12', 'similar_color_10', 'similar_color_12', 'similar_color_7', 'similar_color_9', 'similar_color_12', 'similar_color_2', 'similar_color_11']
number opened: 1
TRIAL 15
Action chosen: (green3, blue)
Outcome: False
partcle ids: ['color_match', 'generator_13', 'similar_color_13', 'similar_color_6', 'similar_color_10', 'similar_color_8', 'similar_color_13', 'similar_color_11', 'similar_color_13', 'order_match', 'similar_color_9', 'similar_color_10', 'similar_color_6', 'generator_14', 'similar_color_14', 'generator_15', 'order_match', 'similar_color_12', 'similar_color_10', 'generator_16', 'similar_color_11', 'generator_17', 'similar_color_12', 'similar_color_10', 'similar_color_12', 'similar_color_7', 'similar_color_9', 'similar_color_12', 'similar_color_2', 'similar_color_11']
number opened: 1
TRIAL 16
Action chosen: (green3, blue)
Outcome: False
partcle ids: ['color_match', 'generator_13', 'similar_color_13', 'similar_color_6', 'similar_color_10', 'similar_color_8', 'similar_color_13', 'similar_color_11', 'similar_color_13', 'order_match', 'similar_color_9', 'similar_color_10', 'similar_color_6', 'generator_14', 'similar_color_14', 'generator_15', 'order_match', 'similar_color_12', 'similar_color_10', 'generator_16', 'similar_color_11', 'generator_17', 'similar_color_12', 'similar_color_10', 'similar_color_12', 'similar_color_7', 'similar_color_9', 'similar_color_12', 'similar_color_2', 'similar_color_11']
number opened: 1
TRIAL 17
Action chosen: (green3, blue)
Outcome: False
partcle ids: ['color_match', 'generator_13', 'similar_color_13', 'similar_color_6', 'similar_color_10', 'similar_color_8', 'similar_color_13', 'similar_color_11', 'similar_color_13', 'order_match', 'similar_color_9', 'similar_color_10', 'similar_color_6', 'generator_14', 'similar_color_14', 'generator_15', 'order_match', 'similar_color_12', 'similar_color_10', 'generator_16', 'similar_color_11', 'generator_17', 'similar_color_12', 'similar_color_10', 'similar_color_12', 'similar_color_7', 'similar_color_9', 'similar_color_12', 'similar_color_2', 'similar_color_11']
number opened: 1
TRIAL 18
Action chosen: (green3, blue)
Outcome: False
partcle ids: ['color_match', 'generator_13', 'similar_color_13', 'similar_color_6', 'similar_color_10', 'similar_color_8', 'similar_color_13', 'similar_color_11', 'similar_color_13', 'order_match', 'similar_color_9', 'similar_color_10', 'similar_color_6', 'generator_14', 'similar_color_14', 'generator_15', 'order_match', 'similar_color_12', 'similar_color_10', 'generator_16', 'similar_color_11', 'generator_17', 'similar_color_12', 'similar_color_10', 'similar_color_12', 'similar_color_7', 'similar_color_9', 'similar_color_12', 'similar_color_2', 'similar_color_11']
number opened: 1
TRIAL 19
Action chosen: (blue, blue)
Outcome: False
partcle ids: ['color_match', 'generator_13', 'similar_color_13', 'similar_color_6', 'similar_color_10', 'similar_color_8', 'similar_color_13', 'similar_color_11', 'similar_color_13', 'order_match', 'similar_color_9', 'similar_color_10', 'similar_color_6', 'generator_14', 'similar_color_14', 'generator_15', 'order_match', 'similar_color_12', 'similar_color_10', 'generator_16', 'similar_color_11', 'generator_17', 'similar_color_12', 'similar_color_10', 'similar_color_12', 'similar_color_7', 'similar_color_9', 'similar_color_12', 'similar_color_2', 'similar_color_11']
number opened: 1
TRIAL 20
Action chosen: (green3, blue)
Outcome: False
partcle ids: ['color_match', 'generator_13', 'similar_color_13', 'similar_color_6', 'similar_color_10', 'similar_color_8', 'similar_color_13', 'similar_color_11', 'similar_color_13', 'order_match', 'similar_color_9', 'similar_color_10', 'similar_color_6', 'generator_14', 'similar_color_14', 'generator_15', 'order_match', 'similar_color_12', 'similar_color_10', 'generator_16', 'similar_color_11', 'generator_17', 'similar_color_12', 'similar_color_10', 'similar_color_12', 'similar_color_7', 'similar_color_9', 'similar_color_12', 'similar_color_2', 'similar_color_11']
number opened: 1
TRIAL 21
Action chosen: (blue, blue)
Outcome: False
partcle ids: ['color_match', 'generator_13', 'similar_color_13', 'similar_color_6', 'similar_color_10', 'similar_color_8', 'similar_color_13', 'similar_color_11', 'similar_color_13', 'order_match', 'similar_color_9', 'similar_color_10', 'similar_color_6', 'generator_14', 'similar_color_14', 'generator_15', 'order_match', 'similar_color_12', 'similar_color_10', 'generator_16', 'similar_color_11', 'generator_17', 'similar_color_12', 'similar_color_10', 'similar_color_12', 'similar_color_7', 'similar_color_9', 'similar_color_12', 'similar_color_2', 'similar_color_11']
number opened: 1
TRIAL 22
Action chosen: (green3, blue)
Outcome: False
partcle ids: ['color_match', 'generator_13', 'similar_color_13', 'similar_color_6', 'similar_color_10', 'similar_color_8', 'similar_color_13', 'similar_color_11', 'similar_color_13', 'order_match', 'similar_color_9', 'similar_color_10', 'similar_color_6', 'generator_14', 'similar_color_14', 'generator_15', 'order_match', 'similar_color_12', 'similar_color_10', 'generator_16', 'similar_color_11', 'generator_17', 'similar_color_12', 'similar_color_10', 'similar_color_12', 'similar_color_7', 'similar_color_9', 'similar_color_12', 'similar_color_2', 'similar_color_11']
number opened: 1
TRIAL 23
Action chosen: (pink, pink)
Outcome: False
partcle ids: ['color_match', 'order_match', 'generator_13', 'generator_18', 'similar_color_10', 'generator_16', 'generator_16', 'similar_color_2', 'similar_color_2', 'generator_19', 'similar_color_9', 'order_match', 'similar_color_4', 'generator_13', 'generator_15', 'generator_13', 'order_match', 'generator_13', 'generator_14', 'similar_color_6', 'generator_14', 'similar_color_14', 'similar_color_2', 'order_match', 'order_match', 'similar_color_14', 'similar_color_6', 'generator_14', 'similar_color_14', 'generator_16']
number opened: 1
TRIAL 24
Action chosen: (pink, pink)
Outcome: False
partcle ids: ['color_match', 'order_match', 'generator_13', 'generator_18', 'similar_color_10', 'generator_16', 'generator_16', 'similar_color_2', 'similar_color_2', 'generator_19', 'similar_color_9', 'order_match', 'similar_color_4', 'generator_13', 'generator_15', 'generator_13', 'order_match', 'generator_13', 'generator_14', 'similar_color_6', 'generator_14', 'similar_color_14', 'similar_color_2', 'order_match', 'order_match', 'similar_color_14', 'similar_color_6', 'generator_14', 'similar_color_14', 'generator_16']
number opened: 1
TRIAL 25
Action chosen: (pink, pink)
Outcome: False
partcle ids: ['color_match', 'order_match', 'generator_13', 'generator_18', 'similar_color_10', 'generator_16', 'generator_16', 'similar_color_2', 'similar_color_2', 'generator_19', 'similar_color_9', 'order_match', 'similar_color_4', 'generator_13', 'generator_15', 'generator_13', 'order_match', 'generator_13', 'generator_14', 'similar_color_6', 'generator_14', 'similar_color_14', 'similar_color_2', 'order_match', 'order_match', 'similar_color_14', 'similar_color_6', 'generator_14', 'similar_color_14', 'generator_16']
number opened: 1
TRIAL 26
Action chosen: (purple, purple)
Outcome: False
partcle ids: ['color_match', 'order_match', 'generator_13', 'generator_18', 'similar_color_10', 'generator_16', 'generator_16', 'similar_color_2', 'similar_color_2', 'generator_19', 'similar_color_9', 'order_match', 'similar_color_4', 'generator_13', 'generator_15', 'generator_13', 'order_match', 'generator_13', 'generator_14', 'similar_color_6', 'generator_14', 'similar_color_14', 'similar_color_2', 'order_match', 'order_match', 'similar_color_14', 'similar_color_6', 'generator_14', 'similar_color_14', 'generator_16']
number opened: 1
TRIAL 27
Action chosen: (purple, purple)
Outcome: False
partcle ids: ['color_match', 'order_match', 'generator_13', 'generator_18', 'similar_color_10', 'generator_16', 'generator_16', 'similar_color_2', 'similar_color_2', 'generator_19', 'similar_color_9', 'order_match', 'similar_color_4', 'generator_13', 'generator_15', 'generator_13', 'order_match', 'generator_13', 'generator_14', 'similar_color_6', 'generator_14', 'similar_color_14', 'similar_color_2', 'order_match', 'order_match', 'similar_color_14', 'similar_color_6', 'generator_14', 'similar_color_14', 'generator_16']
number opened: 1
TRIAL 28
Action chosen: (cloud, white)
Outcome: False
partcle ids: ['color_match', 'order_match', 'generator_13', 'generator_18', 'similar_color_10', 'generator_16', 'generator_16', 'similar_color_2', 'similar_color_2', 'generator_19', 'similar_color_9', 'order_match', 'similar_color_4', 'generator_13', 'generator_15', 'generator_13', 'order_match', 'generator_13', 'generator_14', 'similar_color_6', 'generator_14', 'similar_color_14', 'similar_color_2', 'order_match', 'order_match', 'similar_color_14', 'similar_color_6', 'generator_14', 'similar_color_14', 'generator_16']
number opened: 1
TRIAL 29
Action chosen: (grey2, pink)
Outcome: True
partcle ids: ['order_match', 'generator_20', 'generator_21', 'order_match', 'generator_22', 'generator_23', 'order_match', 'generator_25', 'generator_26', 'order_match', 'generator_27', 'order_match', 'order_match', 'generator_29', 'generator_30', 'generator_31', 'order_match', 'generator_32', 'generator_33', 'generator_34', 'generator_35', 'order_match', 'order_match', 'generator_36', 'generator_37', 'generator_38', 'order_match', 'generator_39', 'generator_40', 'generator_41']
number opened: 2
TRIAL 30
Action chosen: (green3, white)
Outcome: False
partcle ids: ['order_match', 'generator_20', 'generator_21', 'order_match', 'generator_22', 'generator_23', 'order_match', 'generator_25', 'generator_26', 'order_match', 'generator_27', 'order_match', 'order_match', 'generator_29', 'generator_30', 'generator_31', 'order_match', 'generator_32', 'generator_33', 'generator_34', 'generator_35', 'order_match', 'order_match', 'generator_36', 'generator_37', 'generator_38', 'order_match', 'generator_39', 'generator_40', 'generator_41']
number opened: 2
TRIAL 31
Action chosen: (orange4, purple)
Outcome: False
partcle ids: ['order_match', 'generator_20', 'generator_21', 'order_match', 'generator_22', 'generator_23', 'order_match', 'generator_25', 'generator_26', 'order_match', 'generator_27', 'order_match', 'order_match', 'generator_29', 'generator_30', 'generator_31', 'order_match', 'generator_32', 'generator_33', 'generator_34', 'generator_35', 'order_match', 'order_match', 'generator_36', 'generator_37', 'generator_38', 'order_match', 'generator_39', 'generator_40', 'generator_41']
number opened: 2
TRIAL 32
Action chosen: (white, blue)
Outcome: False
partcle ids: ['order_match', 'generator_20', 'generator_21', 'order_match', 'generator_22', 'generator_23', 'order_match', 'generator_25', 'generator_26', 'order_match', 'generator_27', 'order_match', 'order_match', 'generator_29', 'generator_30', 'generator_31', 'order_match', 'generator_32', 'generator_33', 'generator_34', 'generator_35', 'order_match', 'order_match', 'generator_36', 'generator_37', 'generator_38', 'order_match', 'generator_39', 'generator_40', 'generator_41']
number opened: 2
TRIAL 33
Action chosen: (diamond, blue)
Outcome: False
partcle ids: ['order_match', 'generator_20', 'generator_21', 'order_match', 'generator_22', 'generator_23', 'order_match', 'generator_25', 'generator_26', 'order_match', 'generator_27', 'order_match', 'order_match', 'generator_29', 'generator_30', 'generator_31', 'order_match', 'generator_32', 'generator_33', 'generator_34', 'generator_35', 'order_match', 'order_match', 'generator_36', 'generator_37', 'generator_38', 'order_match', 'generator_39', 'generator_40', 'generator_41']
number opened: 2
TRIAL 34
Action chosen: (orange4, blue)
Outcome: False
partcle ids: ['order_match', 'generator_20', 'generator_21', 'order_match', 'generator_22', 'generator_23', 'order_match', 'generator_25', 'generator_26', 'order_match', 'generator_27', 'order_match', 'order_match', 'generator_29', 'generator_30', 'generator_31', 'order_match', 'generator_32', 'generator_33', 'generator_34', 'generator_35', 'order_match', 'order_match', 'generator_36', 'generator_37', 'generator_38', 'order_match', 'generator_39', 'generator_40', 'generator_41']
number opened: 2
TRIAL 35
Action chosen: (green3, purple)
Outcome: True
partcle ids: ['generator_38', 'generator_43', 'generator_44', 'generator_38', 'generator_34', 'generator_38', 'number_match', 'generator_36', 'generator_48', 'generator_49', 'generator_50', 'generator_51', 'generator_52', 'generator_53', 'generator_30', 'generator_49', 'generator_54', 'generator_26', 'generator_34', 'generator_55', 'generator_38', 'generator_38', 'number_match', 'generator_30', 'generator_48', 'generator_58', 'generator_59', 'generator_60', 'generator_61', 'generator_26']
number opened: 3
TRIAL 36
Action chosen: (yellow5, blue)
Outcome: True
partcle ids: ['number_match', 'generator_63', 'generator_59', 'number_match', 'generator_59', 'generator_50', 'generator_64', 'generator_38', 'number_match', 'generator_38', 'number_match', 'generator_43', 'generator_59', 'generator_38', 'generator_43', 'generator_63', 'generator_38', 'generator_38', 'number_match', 'generator_64', 'generator_58', 'generator_38', 'generator_65', 'number_match', 'generator_38', 'generator_50', 'generator_38', 'generator_63', 'generator_58', 'generator_64']
number opened: 4
TRIAL 37
Action chosen: (heart, white)
Outcome: False
partcle ids: ['number_match', 'generator_63', 'generator_59', 'number_match', 'generator_59', 'generator_50', 'generator_64', 'generator_38', 'number_match', 'generator_38', 'number_match', 'generator_43', 'generator_59', 'generator_38', 'generator_43', 'generator_63', 'generator_38', 'generator_38', 'number_match', 'generator_64', 'generator_58', 'generator_38', 'generator_65', 'number_match', 'generator_38', 'generator_50', 'generator_38', 'generator_63', 'generator_58', 'generator_64']
number opened: 4
TRIAL 38
Action chosen: (orange4, white)
Outcome: True
partcle ids: ['number_match', 'number_match', 'number_match', 'number_match', 'number_match', 'number_match', 'number_match', 'number_match', 'number_match', 'number_match', 'number_match', 'number_match', 'number_match', 'number_match', 'number_match', 'number_match', 'number_match', 'number_match', 'number_match', 'number_match', 'number_match', 'number_match', 'number_match', 'number_match', 'number_match', 'number_match', 'number_match', 'number_match', 'number_match', 'number_match']
number opened: 5
{"attempts": 38, "unique_key_box_pairs": 20, "revisit_attempts": 18, "revisit_rate": 0.4864864864864865, "attempts_before_abandoning_color_matching": 0, "color_matching_abandoned": true}
