{"Child_ID": "D110", "SoC_variant": "SoC-Full", "theta": [1, 1], "p_gen": 0.2, "true_prior": 0.02, "run_number": 71, "seed": 6202994324898962189}
TRIAL 1
Action chosen: (heart, blue)
Outcome: False
partcle ids: ['similar_color_13', 'similar_color_8', 'similar_color_5', 'similar_color_5', 'order_match', 'generator_1', 'similar_color_1', 'generator_2', 'similar_color_13', 'similar_color_5', 'shape_match', 'shape_match', 'similar_color_7', 'similar_color_7', 'similar_color_6', 'generator_3', 'number_match', 'similar_color_3', 'similar_color_14', 'generator_4', 'similar_color_14', 'similar_color_1', 'shape_match', 'similar_color_1', 'similar_color_11', 'generator_5', 'generator_6', 'similar_color_6', 'similar_color_14', 'generator_7']
number opened: 0
TRIAL 2
Action chosen: (green3, blue)
Outcome: False
partcle ids: ['similar_color_13', 'similar_color_8', 'similar_color_5', 'similar_color_5', 'order_match', 'generator_1', 'similar_color_1', 'generator_2', 'similar_color_13', 'similar_color_5', 'shape_match', 'shape_match', 'similar_color_7', 'similar_color_7', 'similar_color_6', 'generator_3', 'number_match', 'similar_color_3', 'similar_color_14', 'generator_4', 'similar_color_14', 'similar_color_1', 'shape_match', 'similar_color_1', 'similar_color_11', 'generator_5', 'generator_6', 'similar_color_6', 'similar_color_14', 'generator_7']
number opened: 0
TRIAL 3
Action chosen: (pink, pink)
Outcome: False
partcle ids: ['similar_color_13', 'similar_color_8', 'similar_color_5', 'similar_color_5', 'order_match', 'generator_1', 'similar_color_1', 'generator_2', 'similar_color_13', 'similar_color_5', 'shape_match', 'shape_match', 'similar_color_7', 'similar_color_7', 'similar_color_6', 'generator_3', 'number_match', 'similar_color_3', 'similar_color_14', 'generator_4', 'similar_color_14', 'similar_color_1', 'shape_match', 'similar_color_1', 'similar_color_11', 'generator_5', 'generator_6', 'similar_color_6', 'similar_color_14', 'generator_7']
number opened: 0
TRIAL 4
Action chosen: (pink, pink)
Outcome: False
partcle ids: ['similar_color_13', 'similar_color_8', 'similar_color_5', 'similar_color_5', 'order_match', 'generator_1', 'similar_color_1', 'generator_2', 'similar_color_13', 'similar_color_5', 'shape_match', 'shape_match', 'similar_color_7', 'similar_color_7', 'similar_color_6', 'generator_3', 'number_match', 'similar_color_3', 'similar_color_14', 'generator_4', 'similar_color_14', 'similar_color_1', 'shape_match', 'similar_color_1', 'similar_color_11', 'generator_5', 'generator_6', 'similar_color_6', 'similar_color_14', 'generator_7']
number opened: 0
TRIAL 5
Action chosen: (purple, purple)
Outcome: False
partcle ids: ['similar_color_13', 'similar_color_8', 'similar_color_5', 'similar_color_5', 'order_match', 'generator_1', 'similar_color_1', 'generator_2', 'similar_color_13', 'similar_color_5', 'shape_match', 'shape_match', 'similar_color_7', 'similar_color_7', 'similar_color_6', 'generator_3', 'number_match', 'similar_color_3', 'similar_color_14', 'generator_4', 'similar_color_14', 'similar_color_1', 'shape_match', 'similar_color_1', 'similar_color_11', 'generator_5', 'generator_6', 'similar_color_6', 'similar_color_14', 'generator_7']
number opened: 0
TRIAL 6
Action chosen: (red, red)
Outcome: True
partcle ids: ['similar_color_13', 'color_match', 'similar_color_1', 'similar_color_14', 'order_match', 'similar_color_4', 'number_match', 'similar_color_10', 'similar_color_9', 'order_match', 'generator_8', 'generator_9', 'order_match', 'number_match', 'similar_color_14', 'similar_color_8', 'order_match', 'similar_color_3', 'similar_color_9', 'generator_10', 'similar_color_3', 'number_match', 'number_match', 'number_match', 'generator_11', 'order_match', 'similar_color_9', 'similar_color_4', 'similar_color_3', 'generator_12']
number opened: 1
TRIAL 7
Action chosen: (grey2, pink)
Outcome: True
partcle ids: ['generator_13', 'generator_14', 'generator_8', 'generator_15', 'generator_8', 'order_match', 'order_match', 'generator_16', 'generator_17', 'generator_18', 'generator_19', 'generator_20', 'generator_21', 'generator_22', 'generator_23', 'generator_24', 'generator_25', 'generator_26', 'number_match', 'order_match', 'generator_27', 'generator_28', 'generator_18', 'generator_29', 'generator_30', 'generator_31', 'generator_32', 'generator_33', 'generator_34', 'generator_35']
number opened: 2
TRIAL 8
Action chosen: (pink, blue)
Outcome: False
partcle ids: ['generator_13', 'generator_14', 'generator_8', 'generator_15', 'generator_8', 'order_match', 'order_match', 'generator_16', 'generator_17', 'generator_18', 'generator_19', 'generator_20', 'generator_21', 'generator_22', 'generator_23', 'generator_24', 'generator_25', 'generator_26', 'number_match', 'order_match', 'generator_27', 'generator_28', 'generator_18', 'generator_29', 'generator_30', 'generator_31', 'generator_32', 'generator_33', 'generator_34', 'generator_35']
number opened: 2
TRIAL 9
Action chosen: (orange4, purple)
Outcome: False
partcle ids: ['generator_13', 'generator_14', 'generator_8', 'generator_15', 'generator_8', 'order_match', 'order_match', 'generator_16', 'generator_17', 'generator_18', 'generator_19', 'generator_20', 'generator_21', 'generator_22', 'generator_23', 'generator_24', 'generator_25', 'generator_26', 'number_match', 'order_match', 'generator_27', 'generator_28', 'generator_18', 'generator_29', 'generator_30', 'generator_31', 'generator_32', 'generator_33', 'generator_34', 'generator_35']
number opened: 2
TRIAL 10
Action chosen: (purple, blue)
Outcome: False
partcle ids: ['generator_13', 'generator_14', 'generator_8', 'generator_15', 'generator_8', 'order_match', 'order_match', 'generator_16', 'generator_17', 'generator_18', 'generator_19', 'generator_20', 'generator_21', 'generator_22', 'generator_23', 'generator_24', 'generator_25', 'generator_26', 'number_match', 'order_match', 'generator_27', 'generator_28', 'generator_18', 'generator_29', 'generator_30', 'generator_31', 'generator_32', 'generator_33', 'generator_34', 'generator_35']
number opened: 2
TRIAL 11
Action chosen: (triangle, blue)
Outcome: False
partcle ids: ['generator_13', 'generator_14', 'generator_8', 'generator_15', 'generator_8', 'order_match', 'order_match', 'generator_16', 'generator_17', 'generator_18', 'generator_19', 'generator_20', 'generator_21', 'generator_22', 'generator_23', 'generator_24', 'generator_25', 'generator_26', 'number_match', 'order_match', 'generator_27', 'generator_28', 'generator_18', 'generator_29', 'generator_30', 'generator_31', 'generator_32', 'generator_33', 'generator_34', 'generator_35']
number opened: 2
TRIAL 12
Action chosen: (yellow5, blue)
Outcome: True
partcle ids: ['order_match', 'generator_36', 'generator_37', 'generator_38', 'order_match', 'order_match', 'generator_39', 'generator_40', 'generator_21', 'generator_41', 'generator_42', 'generator_39', 'generator_21', 'generator_43', 'generator_44', 'order_match', 'generator_45', 'order_match', 'generator_46', 'generator_47', 'order_match', 'generator_48', 'generator_49', 'generator_21', 'generator_50', 'generator_51', 'generator_52', 'generator_53', 'generator_54', 'generator_54']
number opened: 3
TRIAL 13
Action chosen: (green3, white)
Outcome: False
partcle ids: ['order_match', 'generator_36', 'generator_37', 'generator_38', 'order_match', 'order_match', 'generator_39', 'generator_40', 'generator_21', 'generator_41', 'generator_42', 'generator_39', 'generator_21', 'generator_43', 'generator_44', 'order_match', 'generator_45', 'order_match', 'generator_46', 'generator_47', 'order_match', 'generator_48', 'generator_49', 'generator_21', 'generator_50', 'generator_51', 'generator_52', 'generator_53', 'generator_54', 'generator_54']
number opened: 3
TRIAL 14
Action chosen: (purple, purple)
Outcome: False
partcle ids: ['order_match', 'generator_36', 'generator_37', 'generator_38', 'order_match', 'order_match', 'generator_39', 'generator_40', 'generator_21', 'generator_41', 'generator_42', 'generator_39', 'generator_21', 'generator_43', 'generator_44', 'order_match', 'generator_45', 'order_match', 'generator_46', 'generator_47', 'order_match', 'generator_48', 'generator_49', 'generator_21', 'generator_50', 'generator_51', 'generator_52', 'generator_53', 'generator_54', 'generator_54']
number opened: 3
TRIAL 15
Action chosen: (pink, white)
Outcome: False
partcle ids: ['order_match', 'generator_36', 'generator_37', 'generator_38', 'order_match', 'order_match', 'generator_39', 'generator_40', 'generator_21', 'generator_41', 'generator_42', 'generator_39', 'generator_21', 'generator_43', 'generator_44', 'order_match', 'generator_45', 'order_match', 'generator_46', 'generator_47', 'order_match', 'generator_48', 'generator_49', 'generator_21', 'generator_50', 'generator_51', 'generator_52', 'generator_53', 'generator_54', 'generator_54']
number opened: 3
TRIAL 16
Action chosen: (orange4, white)
Outcome: True
partcle ids: ['generator_46', 'generator_55', 'generator_48', 'number_match', 'generator_41', 'generator_55', 'generator_46', 'generator_46', 'generator_45', 'generator_55', 'generator_48', 'generator_56', 'generator_48', 'generator_45', 'generator_48', 'generator_48', 'generator_41', 'generator_45', 'generator_48', 'generator_48', 'generator_45', 'generator_41', 'generator_57', 'generator_46', 'generator_56', 'generator_46', 'generator_55', 'generator_45', 'generator_45', 'generator_55']
number opened: 4
TRIAL 17
Action chosen: (heart, purple)
Outcome: False
partcle ids: ['generator_46', 'generator_55', 'generator_48', 'number_match', 'generator_41', 'generator_55', 'generator_46', 'generator_46', 'generator_45', 'generator_55', 'generator_48', 'generator_56', 'generator_48', 'generator_45', 'generator_48', 'generator_48', 'generator_41', 'generator_45', 'generator_48', 'generator_48', 'generator_45', 'generator_41', 'generator_57', 'generator_46', 'generator_56', 'generator_46', 'generator_55', 'generator_45', 'generator_45', 'generator_55']
number opened: 4
TRIAL 18
Action chosen: (blue, purple)
Outcome: False
partcle ids: ['generator_46', 'generator_55', 'generator_48', 'number_match', 'generator_41', 'generator_55', 'generator_46', 'generator_46', 'generator_45', 'generator_55', 'generator_48', 'generator_56', 'generator_48', 'generator_45', 'generator_48', 'generator_48', 'generator_41', 'generator_45', 'generator_48', 'generator_48', 'generator_45', 'generator_41', 'generator_57', 'generator_46', 'generator_56', 'generator_46', 'generator_55', 'generator_45', 'generator_45', 'generator_55']
number opened: 4
TRIAL 19
Action chosen: (pink, purple)
Outcome: False
partcle ids: ['generator_46', 'generator_55', 'generator_48', 'number_match', 'generator_41', 'generator_55', 'generator_46', 'generator_46', 'generator_45', 'generator_55', 'generator_48', 'generator_56', 'generator_48', 'generator_45', 'generator_48', 'generator_48', 'generator_41', 'generator_45', 'generator_48', 'generator_48', 'generator_45', 'generator_41', 'generator_57', 'generator_46', 'generator_56', 'generator_46', 'generator_55', 'generator_45', 'generator_45', 'generator_55']
number opened: 4
TRIAL 20
Action chosen: (diamond, purple)
Outcome: False
partcle ids: ['generator_46', 'generator_55', 'generator_48', 'number_match', 'generator_41', 'generator_55', 'generator_46', 'generator_46', 'generator_45', 'generator_55', 'generator_48', 'generator_56', 'generator_48', 'generator_45', 'generator_48', 'generator_48', 'generator_41', 'generator_45', 'generator_48', 'generator_48', 'generator_45', 'generator_41', 'generator_57', 'generator_46', 'generator_56', 'generator_46', 'generator_55', 'generator_45', 'generator_45', 'generator_55']
number opened: 4
TRIAL 21
Action chosen: (white, purple)
Outcome: False
partcle ids: ['generator_46', 'generator_55', 'generator_48', 'number_match', 'generator_41', 'generator_55', 'generator_46', 'generator_46', 'generator_45', 'generator_55', 'generator_48', 'generator_56', 'generator_48', 'generator_45', 'generator_48', 'generator_48', 'generator_41', 'generator_45', 'generator_48', 'generator_48', 'generator_45', 'generator_41', 'generator_57', 'generator_46', 'generator_56', 'generator_46', 'generator_55', 'generator_45', 'generator_45', 'generator_55']
number opened: 4
TRIAL 22
Action chosen: (triangle, purple)
Outcome: False
partcle ids: ['generator_46', 'generator_55', 'generator_48', 'number_match', 'generator_41', 'generator_55', 'generator_46', 'generator_46', 'generator_45', 'generator_55', 'generator_48', 'generator_56', 'generator_48', 'generator_45', 'generator_48', 'generator_48', 'generator_41', 'generator_45', 'generator_48', 'generator_48', 'generator_45', 'generator_41', 'generator_57', 'generator_46', 'generator_56', 'generator_46', 'generator_55', 'generator_45', 'generator_45', 'generator_55']
number opened: 4
TRIAL 23
Action chosen: (heart, purple)
Outcome: False
partcle ids: ['generator_46', 'generator_55', 'generator_48', 'number_match', 'generator_41', 'generator_55', 'generator_46', 'generator_46', 'generator_45', 'generator_55', 'generator_48', 'generator_56', 'generator_48', 'generator_45', 'generator_48', 'generator_48', 'generator_41', 'generator_45', 'generator_48', 'generator_48', 'generator_45', 'generator_41', 'generator_57', 'generator_46', 'generator_56', 'generator_46', 'generator_55', 'generator_45', 'generator_45', 'generator_55']
number opened: 4
TRIAL 24
Action chosen: (blue, purple)
Outcome: False
partcle ids: ['number_match', 'generator_57', 'generator_46', 'number_match', 'generator_56', 'generator_57', 'generator_46', 'generator_57', 'generator_57', 'generator_57', 'generator_57', 'generator_57', 'generator_57', 'generator_46', 'generator_41', 'generator_46', 'generator_56', 'number_match', 'generator_41', 'generator_57', 'generator_41', 'generator_48', 'number_match', 'generator_46', 'number_match', 'generator_41', 'generator_55', 'generator_46', 'generator_57', 'generator_56']
number opened: 4
TRIAL 25
Action chosen: (cloud, purple)
Outcome: False
partcle ids: ['number_match', 'generator_57', 'generator_46', 'number_match', 'generator_56', 'generator_57', 'generator_46', 'generator_57', 'generator_57', 'generator_57', 'generator_57', 'generator_57', 'generator_57', 'generator_46', 'generator_41', 'generator_46', 'generator_56', 'number_match', 'generator_41', 'generator_57', 'generator_41', 'generator_48', 'number_match', 'generator_46', 'number_match', 'generator_41', 'generator_55', 'generator_46', 'generator_57', 'generator_56']
number opened: 4
TRIAL 26
Action chosen: (diamond, purple)
Outcome: False
partcle ids: ['number_match', 'generator_57', 'generator_46', 'number_match', 'generator_56', 'generator_57', 'generator_46', 'generator_57', 'generator_57', 'generator_57', 'generator_57', 'generator_57', 'generator_57', 'generator_46', 'generator_41', 'generator_46', 'generator_56', 'number_match', 'generator_41', 'generator_57', 'generator_41', 'generator_48', 'number_match', 'generator_46', 'number_match', 'generator_41', 'generator_55', 'generator_46', 'generator_57', 'generator_56']
number opened: 4
TRIAL 27
Action chosen: (green3, purple)
Outcome: True
partcle ids: ['number_match', 'number_match', 'number_match', 'number_match', 'number_match', 'number_match', 'number_match', 'number_match', 'number_match', 'number_match', 'number_match', 'number_match', 'number_match', 'number_match', 'number_match', 'number_match', 'number_match', 'number_match', 'number_match', 'number_match', 'number_match', 'number_match', 'number_match', 'number_match', 'number_match', 'number_match', 'number_match', 'number_match', 'number_match', 'number_match']
number opened: 5
{"attempts": 27, "unique_key_box_pairs": 22, "revisit_attempts": 5, "revisit_rate": 0.19230769230769232, "attempts_before_abandoning_color_matching": 0, "color_matching_abandoned": true}
