{"Child_ID": "D063", "SoC_variant": "SoC-Full", "theta": [1, 3], "p_gen": 0.9, "true_prior": 0.02, "run_number": 85, "seed": 2769291699474004213}
TRIAL 1
Action chosen: (purple, purple)
Outcome: False
partcle ids: ['generator_1', 'generator_2', 'generator_3', 'similar_color_12', 'generator_4', 'generator_5', 'generator_6', 'number_match', 'generator_7', 'similar_color_3', 'generator_8', 'generator_9', 'generator_10', 'generator_11', 'generator_12', 'generator_13', 'number_match', 'generator_14', 'generator_15', 'generator_16', 'similar_color_5', 'generator_17', 'generator_18', 'generator_19', 'generator_20', 'generator_21', 'generator_22', 'generator_23', 'generator_24', 'generator_25']
number opened: 0
TRIAL 2
Action chosen: (red, blue)
Outcome: False
partcle ids: ['generator_1', 'generator_2', 'generator_3', 'similar_color_12', 'generator_4', 'generator_5', 'generator_6', 'number_match', 'generator_7', 'similar_color_3', 'generator_8', 'generator_9', 'generator_10', 'generator_11', 'generator_12', 'generator_13', 'number_match', 'generator_14', 'generator_15', 'generator_16', 'similar_color_5', 'generator_17', 'generator_18', 'generator_19', 'generator_20', 'generator_21', 'generator_22', 'generator_23', 'generator_24', 'generator_25']
number opened: 0
TRIAL 3
Action chosen: (grey2, red)
Outcome: False
partcle ids: ['generator_1', 'generator_2', 'generator_3', 'similar_color_12', 'generator_4', 'generator_5', 'generator_6', 'number_match', 'generator_7', 'similar_color_3', 'generator_8', 'generator_9', 'generator_10', 'generator_11', 'generator_12', 'generator_13', 'number_match', 'generator_14', 'generator_15', 'generator_16', 'similar_color_5', 'generator_17', 'generator_18', 'generator_19', 'generator_20', 'generator_21', 'generator_22', 'generator_23', 'generator_24', 'generator_25']
number opened: 0
TRIAL 4
Action chosen: (red, red)
Outcome: True
partcle ids: ['generator_26', 'generator_27', 'generator_28', 'similar_color_4', 'generator_29', 'generator_30', 'generator_31', 'generator_32', 'generator_33', 'generator_34', 'generator_35', 'generator_36', 'generator_37', 'generator_38', 'generator_39', 'generator_40', 'generator_41', 'generator_42', 'generator_43', 'generator_44', 'generator_45', 'generator_46', 'generator_47', 'generator_48', 'generator_49', 'generator_50', 'number_match', 'generator_51', 'generator_52', 'generator_53']
number opened: 1
TRIAL 5
Action chosen: (triangle, pink)
Outcome: False
partcle ids: ['generator_26', 'generator_27', 'generator_28', 'similar_color_4', 'generator_29', 'generator_30', 'generator_31', 'generator_32', 'generator_33', 'generator_34', 'generator_35', 'generator_36', 'generator_37', 'generator_38', 'generator_39', 'generator_40', 'generator_41', 'generator_42', 'generator_43', 'generator_44', 'generator_45', 'generator_46', 'generator_47', 'generator_48', 'generator_49', 'generator_50', 'number_match', 'generator_51', 'generator_52', 'generator_53']
number opened: 1
TRIAL 6
Action chosen: (green3, blue)
Outcome: False
partcle ids: ['generator_26', 'generator_27', 'generator_28', 'similar_color_4', 'generator_29', 'generator_30', 'generator_31', 'generator_32', 'generator_33', 'generator_34', 'generator_35', 'generator_36', 'generator_37', 'generator_38', 'generator_39', 'generator_40', 'generator_41', 'generator_42', 'generator_43', 'generator_44', 'generator_45', 'generator_46', 'generator_47', 'generator_48', 'generator_49', 'generator_50', 'number_match', 'generator_51', 'generator_52', 'generator_53']
number opened: 1
TRIAL 7
Action chosen: (yellow5, blue)
Outcome: True
partcle ids: ['generator_32', 'generator_55', 'generator_56', 'generator_57', 'generator_58', 'generator_52', 'generator_60', 'generator_61', 'generator_62', 'generator_63', 'generator_64', 'generator_65', 'generator_66', 'generator_67', 'generator_68', 'generator_69', 'generator_70', 'generator_45', 'generator_72', 'generator_73', 'generator_74', 'generator_75', 'generator_76', 'generator_77', 'generator_78', 'generator_79', 'generator_80', 'generator_52', 'generator_81', 'generator_82']
number opened: 2
TRIAL 8
Action chosen: (diamond, white)
Outcome: False
partcle ids: ['generator_32', 'generator_55', 'generator_56', 'generator_57', 'generator_58', 'generator_52', 'generator_60', 'generator_61', 'generator_62', 'generator_63', 'generator_64', 'generator_65', 'generator_66', 'generator_67', 'generator_68', 'generator_69', 'generator_70', 'generator_45', 'generator_72', 'generator_73', 'generator_74', 'generator_75', 'generator_76', 'generator_77', 'generator_78', 'generator_79', 'generator_80', 'generator_52', 'generator_81', 'generator_82']
number opened: 2
TRIAL 9
Action chosen: (cloud, purple)
Outcome: False
partcle ids: ['generator_32', 'generator_55', 'generator_56', 'generator_57', 'generator_58', 'generator_52', 'generator_60', 'generator_61', 'generator_62', 'generator_63', 'generator_64', 'generator_65', 'generator_66', 'generator_67', 'generator_68', 'generator_69', 'generator_70', 'generator_45', 'generator_72', 'generator_73', 'generator_74', 'generator_75', 'generator_76', 'generator_77', 'generator_78', 'generator_79', 'generator_80', 'generator_52', 'generator_81', 'generator_82']
number opened: 2
TRIAL 10
Action chosen: (pink, pink)
Outcome: False
partcle ids: ['generator_32', 'generator_55', 'generator_56', 'generator_57', 'generator_58', 'generator_52', 'generator_60', 'generator_61', 'generator_62', 'generator_63', 'generator_64', 'generator_65', 'generator_66', 'generator_67', 'generator_68', 'generator_69', 'generator_70', 'generator_45', 'generator_72', 'generator_73', 'generator_74', 'generator_75', 'generator_76', 'generator_77', 'generator_78', 'generator_79', 'generator_80', 'generator_52', 'generator_81', 'generator_82']
number opened: 2
TRIAL 11
Action chosen: (diamond, purple)
Outcome: False
partcle ids: ['generator_32', 'generator_55', 'generator_56', 'generator_57', 'generator_58', 'generator_52', 'generator_60', 'generator_61', 'generator_62', 'generator_63', 'generator_64', 'generator_65', 'generator_66', 'generator_67', 'generator_68', 'generator_69', 'generator_70', 'generator_45', 'generator_72', 'generator_73', 'generator_74', 'generator_75', 'generator_76', 'generator_77', 'generator_78', 'generator_79', 'generator_80', 'generator_52', 'generator_81', 'generator_82']
number opened: 2
TRIAL 12
Action chosen: (white, white)
Outcome: False
partcle ids: ['generator_32', 'generator_55', 'generator_56', 'generator_57', 'generator_58', 'generator_52', 'generator_60', 'generator_61', 'generator_62', 'generator_63', 'generator_64', 'generator_65', 'generator_66', 'generator_67', 'generator_68', 'generator_69', 'generator_70', 'generator_45', 'generator_72', 'generator_73', 'generator_74', 'generator_75', 'generator_76', 'generator_77', 'generator_78', 'generator_79', 'generator_80', 'generator_52', 'generator_81', 'generator_82']
number opened: 2
TRIAL 13
Action chosen: (triangle, white)
Outcome: False
partcle ids: ['generator_32', 'generator_55', 'generator_56', 'generator_57', 'generator_58', 'generator_52', 'generator_60', 'generator_61', 'generator_62', 'generator_63', 'generator_64', 'generator_65', 'generator_66', 'generator_67', 'generator_68', 'generator_69', 'generator_70', 'generator_45', 'generator_72', 'generator_73', 'generator_74', 'generator_75', 'generator_76', 'generator_77', 'generator_78', 'generator_79', 'generator_80', 'generator_52', 'generator_81', 'generator_82']
number opened: 2
TRIAL 14
Action chosen: (diamond, white)
Outcome: False
partcle ids: ['generator_32', 'generator_55', 'generator_56', 'generator_57', 'generator_58', 'generator_52', 'generator_60', 'generator_61', 'generator_62', 'generator_63', 'generator_64', 'generator_65', 'generator_66', 'generator_67', 'generator_68', 'generator_69', 'generator_70', 'generator_45', 'generator_72', 'generator_73', 'generator_74', 'generator_75', 'generator_76', 'generator_77', 'generator_78', 'generator_79', 'generator_80', 'generator_52', 'generator_81', 'generator_82']
number opened: 2
TRIAL 15
Action chosen: (blue, white)
Outcome: False
partcle ids: ['generator_32', 'generator_55', 'generator_56', 'generator_57', 'generator_58', 'generator_52', 'generator_60', 'generator_61', 'generator_62', 'generator_63', 'generator_64', 'generator_65', 'generator_66', 'generator_67', 'generator_68', 'generator_69', 'generator_70', 'generator_45', 'generator_72', 'generator_73', 'generator_74', 'generator_75', 'generator_76', 'generator_77', 'generator_78', 'generator_79', 'generator_80', 'generator_52', 'generator_81', 'generator_82']
number opened: 2
TRIAL 16
Action chosen: (white, pink)
Outcome: False
partcle ids: ['generator_32', 'generator_55', 'generator_56', 'generator_57', 'generator_58', 'generator_52', 'generator_60', 'generator_61', 'generator_62', 'generator_63', 'generator_64', 'generator_65', 'generator_66', 'generator_67', 'generator_68', 'generator_69', 'generator_70', 'generator_45', 'generator_72', 'generator_73', 'generator_74', 'generator_75', 'generator_76', 'generator_77', 'generator_78', 'generator_79', 'generator_80', 'generator_52', 'generator_81', 'generator_82']
number opened: 2
TRIAL 17
Action chosen: (pink, purple)
Outcome: False
partcle ids: ['generator_32', 'generator_55', 'generator_56', 'generator_57', 'generator_58', 'generator_52', 'generator_60', 'generator_61', 'generator_62', 'generator_63', 'generator_64', 'generator_65', 'generator_66', 'generator_67', 'generator_68', 'generator_69', 'generator_70', 'generator_45', 'generator_72', 'generator_73', 'generator_74', 'generator_75', 'generator_76', 'generator_77', 'generator_78', 'generator_79', 'generator_80', 'generator_52', 'generator_81', 'generator_82']
number opened: 2
TRIAL 18
Action chosen: (orange4, pink)
Outcome: False
partcle ids: ['generator_32', 'generator_55', 'generator_56', 'generator_57', 'generator_58', 'generator_52', 'generator_60', 'generator_61', 'generator_62', 'generator_63', 'generator_64', 'generator_65', 'generator_66', 'generator_67', 'generator_68', 'generator_69', 'generator_70', 'generator_45', 'generator_72', 'generator_73', 'generator_74', 'generator_75', 'generator_76', 'generator_77', 'generator_78', 'generator_79', 'generator_80', 'generator_52', 'generator_81', 'generator_82']
number opened: 2
TRIAL 19
Action chosen: (diamond, white)
Outcome: False
partcle ids: ['generator_32', 'generator_55', 'generator_56', 'generator_57', 'generator_58', 'generator_52', 'generator_60', 'generator_61', 'generator_62', 'generator_63', 'generator_64', 'generator_65', 'generator_66', 'generator_67', 'generator_68', 'generator_69', 'generator_70', 'generator_45', 'generator_72', 'generator_73', 'generator_74', 'generator_75', 'generator_76', 'generator_77', 'generator_78', 'generator_79', 'generator_80', 'generator_52', 'generator_81', 'generator_82']
number opened: 2
TRIAL 20
Action chosen: (white, white)
Outcome: False
partcle ids: ['generator_32', 'generator_55', 'generator_56', 'generator_57', 'generator_58', 'generator_52', 'generator_60', 'generator_61', 'generator_62', 'generator_63', 'generator_64', 'generator_65', 'generator_66', 'generator_67', 'generator_68', 'generator_69', 'generator_70', 'generator_45', 'generator_72', 'generator_73', 'generator_74', 'generator_75', 'generator_76', 'generator_77', 'generator_78', 'generator_79', 'generator_80', 'generator_52', 'generator_81', 'generator_82']
number opened: 2
TRIAL 21
Action chosen: (diamond, purple)
Outcome: False
partcle ids: ['generator_32', 'generator_55', 'generator_56', 'generator_57', 'generator_58', 'generator_52', 'generator_60', 'generator_61', 'generator_62', 'generator_63', 'generator_64', 'generator_65', 'generator_66', 'generator_67', 'generator_68', 'generator_69', 'generator_70', 'generator_45', 'generator_72', 'generator_73', 'generator_74', 'generator_75', 'generator_76', 'generator_77', 'generator_78', 'generator_79', 'generator_80', 'generator_52', 'generator_81', 'generator_82']
number opened: 2
TRIAL 22
Action chosen: (cloud, white)
Outcome: False
partcle ids: ['generator_32', 'generator_55', 'generator_56', 'generator_57', 'generator_58', 'generator_52', 'generator_60', 'generator_61', 'generator_62', 'generator_63', 'generator_64', 'generator_65', 'generator_66', 'generator_67', 'generator_68', 'generator_69', 'generator_70', 'generator_45', 'generator_72', 'generator_73', 'generator_74', 'generator_75', 'generator_76', 'generator_77', 'generator_78', 'generator_79', 'generator_80', 'generator_52', 'generator_81', 'generator_82']
number opened: 2
TRIAL 23
Action chosen: (pink, pink)
Outcome: False
partcle ids: ['generator_32', 'generator_55', 'generator_56', 'generator_57', 'generator_58', 'generator_52', 'generator_60', 'generator_61', 'generator_62', 'generator_63', 'generator_64', 'generator_65', 'generator_66', 'generator_67', 'generator_68', 'generator_69', 'generator_70', 'generator_45', 'generator_72', 'generator_73', 'generator_74', 'generator_75', 'generator_76', 'generator_77', 'generator_78', 'generator_79', 'generator_80', 'generator_52', 'generator_81', 'generator_82']
number opened: 2
TRIAL 24
Action chosen: (blue, white)
Outcome: False
partcle ids: ['generator_32', 'generator_55', 'generator_56', 'generator_57', 'generator_58', 'generator_52', 'generator_60', 'generator_61', 'generator_62', 'generator_63', 'generator_64', 'generator_65', 'generator_66', 'generator_67', 'generator_68', 'generator_69', 'generator_70', 'generator_45', 'generator_72', 'generator_73', 'generator_74', 'generator_75', 'generator_76', 'generator_77', 'generator_78', 'generator_79', 'generator_80', 'generator_52', 'generator_81', 'generator_82']
number opened: 2
TRIAL 25
Action chosen: (green3, white)
Outcome: False
partcle ids: ['generator_32', 'generator_55', 'generator_56', 'generator_57', 'generator_58', 'generator_52', 'generator_60', 'generator_61', 'generator_62', 'generator_63', 'generator_64', 'generator_65', 'generator_66', 'generator_67', 'generator_68', 'generator_69', 'generator_70', 'generator_45', 'generator_72', 'generator_73', 'generator_74', 'generator_75', 'generator_76', 'generator_77', 'generator_78', 'generator_79', 'generator_80', 'generator_52', 'generator_81', 'generator_82']
number opened: 2
TRIAL 26
Action chosen: (pink, purple)
Outcome: False
partcle ids: ['generator_32', 'generator_55', 'generator_56', 'generator_57', 'generator_58', 'generator_52', 'generator_60', 'generator_61', 'generator_62', 'generator_63', 'generator_64', 'generator_65', 'generator_66', 'generator_67', 'generator_68', 'generator_69', 'generator_70', 'generator_45', 'generator_72', 'generator_73', 'generator_74', 'generator_75', 'generator_76', 'generator_77', 'generator_78', 'generator_79', 'generator_80', 'generator_52', 'generator_81', 'generator_82']
number opened: 2
TRIAL 27
Action chosen: (grey2, pink)
Outcome: True
partcle ids: ['generator_56', 'generator_76', 'generator_85', 'generator_76', 'generator_86', 'generator_76', 'generator_88', 'generator_89', 'generator_76', 'generator_76', 'generator_91', 'generator_88', 'generator_76', 'generator_76', 'generator_93', 'generator_88', 'generator_94', 'generator_95', 'generator_96', 'generator_97', 'generator_76', 'generator_99', 'number_match', 'generator_100', 'generator_101', 'generator_102', 'generator_103', 'generator_76', 'generator_105', 'generator_106']
number opened: 3
TRIAL 28
Action chosen: (triangle, purple)
Outcome: False
partcle ids: ['generator_56', 'generator_76', 'generator_85', 'generator_76', 'generator_86', 'generator_76', 'generator_88', 'generator_89', 'generator_76', 'generator_76', 'generator_91', 'generator_88', 'generator_76', 'generator_76', 'generator_93', 'generator_88', 'generator_94', 'generator_95', 'generator_96', 'generator_97', 'generator_76', 'generator_99', 'number_match', 'generator_100', 'generator_101', 'generator_102', 'generator_103', 'generator_76', 'generator_105', 'generator_106']
number opened: 3
TRIAL 29
Action chosen: (triangle, purple)
Outcome: False
partcle ids: ['generator_56', 'generator_76', 'generator_85', 'generator_76', 'generator_86', 'generator_76', 'generator_88', 'generator_89', 'generator_76', 'generator_76', 'generator_91', 'generator_88', 'generator_76', 'generator_76', 'generator_93', 'generator_88', 'generator_94', 'generator_95', 'generator_96', 'generator_97', 'generator_76', 'generator_99', 'number_match', 'generator_100', 'generator_101', 'generator_102', 'generator_103', 'generator_76', 'generator_105', 'generator_106']
number opened: 3
TRIAL 30
Action chosen: (triangle, purple)
Outcome: False
partcle ids: ['generator_56', 'generator_76', 'generator_85', 'generator_76', 'generator_86', 'generator_76', 'generator_88', 'generator_89', 'generator_76', 'generator_76', 'generator_91', 'generator_88', 'generator_76', 'generator_76', 'generator_93', 'generator_88', 'generator_94', 'generator_95', 'generator_96', 'generator_97', 'generator_76', 'generator_99', 'number_match', 'generator_100', 'generator_101', 'generator_102', 'generator_103', 'generator_76', 'generator_105', 'generator_106']
number opened: 3
TRIAL 31
Action chosen: (orange4, purple)
Outcome: False
partcle ids: ['generator_56', 'generator_76', 'generator_85', 'generator_76', 'generator_86', 'generator_76', 'generator_88', 'generator_89', 'generator_76', 'generator_76', 'generator_91', 'generator_88', 'generator_76', 'generator_76', 'generator_93', 'generator_88', 'generator_94', 'generator_95', 'generator_96', 'generator_97', 'generator_76', 'generator_99', 'number_match', 'generator_100', 'generator_101', 'generator_102', 'generator_103', 'generator_76', 'generator_105', 'generator_106']
number opened: 3
TRIAL 32
Action chosen: (blue, purple)
Outcome: False
partcle ids: ['generator_56', 'generator_76', 'generator_85', 'generator_76', 'generator_86', 'generator_76', 'generator_88', 'generator_89', 'generator_76', 'generator_76', 'generator_91', 'generator_88', 'generator_76', 'generator_76', 'generator_93', 'generator_88', 'generator_94', 'generator_95', 'generator_96', 'generator_97', 'generator_76', 'generator_99', 'number_match', 'generator_100', 'generator_101', 'generator_102', 'generator_103', 'generator_76', 'generator_105', 'generator_106']
number opened: 3
TRIAL 33
Action chosen: (orange4, white)
Outcome: True
partcle ids: ['generator_105', 'generator_91', 'generator_107', 'generator_108', 'generator_109', 'generator_91', 'generator_105', 'generator_105', 'generator_105', 'generator_91', 'number_match', 'number_match', 'number_match', 'number_match', 'number_match', 'generator_109', 'number_match', 'generator_107', 'generator_105', 'generator_105', 'generator_111', 'generator_109', 'generator_105', 'generator_91', 'generator_105', 'generator_112', 'generator_105', 'generator_105', 'generator_109', 'generator_109']
number opened: 4
TRIAL 34
Action chosen: (white, purple)
Outcome: False
partcle ids: ['generator_105', 'generator_91', 'generator_107', 'generator_108', 'generator_109', 'generator_91', 'generator_105', 'generator_105', 'generator_105', 'generator_91', 'number_match', 'number_match', 'number_match', 'number_match', 'number_match', 'generator_109', 'number_match', 'generator_107', 'generator_105', 'generator_105', 'generator_111', 'generator_109', 'generator_105', 'generator_91', 'generator_105', 'generator_112', 'generator_105', 'generator_105', 'generator_109', 'generator_109']
number opened: 4
TRIAL 35
Action chosen: (green3, purple)
Outcome: True
partcle ids: ['number_match', 'number_match', 'number_match', 'number_match', 'number_match', 'number_match', 'number_match', 'number_match', 'number_match', 'number_match', 'number_match', 'number_match', 'number_match', 'number_match', 'number_match', 'number_match', 'number_match', 'number_match', 'number_match', 'number_match', 'number_match', 'number_match', 'number_match', 'number_match', 'number_match', 'number_match', 'number_match', 'number_match', 'number_match', 'number_match']
number opened: 5
{"attempts": 35, "unique_key_box_pairs": 26, "revisit_attempts": 9, "revisit_rate": 0.2647058823529412, "attempts_before_abandoning_color_matching": 1, "color_matching_abandoned": true}
