{"Child_ID": "D003", "SoC_variant": "SoC-Gen", "theta": [19, 1], "p_gen": 0.4, "true_prior": 0.02, "run_number": 22, "seed": 9207181134652523796}
TRIAL 1
Action chosen: (green3, blue)
Outcome: False
partcle ids: ['similar_color_12', 'generator_1', 'similar_color_4', 'generator_2', 'similar_color_7', 'similar_color_13', 'generator_3', 'similar_color_8', 'similar_color_12', 'similar_color_7', 'similar_color_2', 'similar_color_12', 'similar_color_9', 'generator_4', 'similar_color_8', 'similar_color_5', 'generator_5', 'similar_color_11', 'similar_color_14', 'similar_color_13', 'generator_6', 'similar_color_13', 'shape_match', 'generator_7', 'generator_8', 'similar_color_6', 'similar_color_11', 'similar_color_6', 'generator_9', 'similar_color_8']
number opened: 0
TRIAL 2
Action chosen: (blue, blue)
Outcome: False
partcle ids: ['generator_9', 'generator_6', 'generator_10', 'generator_5', 'similar_color_2', 'generator_6', 'similar_color_4', 'generator_5', 'similar_color_5', 'generator_6', 'generator_3', 'generator_3', 'generator_1', 'similar_color_5', 'generator_4', 'shape_match', 'generator_9', 'generator_9', 'generator_13', 'generator_14', 'generator_15', 'generator_3', 'order_match', 'generator_1', 'order_match', 'shape_match', 'similar_color_9', 'generator_8', 'generator_16', 'generator_1']
number opened: 0
TRIAL 3
Action chosen: (pink, pink)
Outcome: False
partcle ids: ['generator_9', 'generator_6', 'generator_10', 'generator_5', 'similar_color_2', 'generator_6', 'similar_color_4', 'generator_5', 'similar_color_5', 'generator_6', 'generator_3', 'generator_3', 'generator_1', 'similar_color_5', 'generator_4', 'shape_match', 'generator_9', 'generator_9', 'generator_13', 'generator_14', 'generator_15', 'generator_3', 'order_match', 'generator_1', 'order_match', 'shape_match', 'similar_color_9', 'generator_8', 'generator_16', 'generator_1']
number opened: 0
TRIAL 4
Action chosen: (cloud, pink)
Outcome: False
partcle ids: ['generator_9', 'generator_6', 'generator_10', 'generator_5', 'similar_color_2', 'generator_6', 'similar_color_4', 'generator_5', 'similar_color_5', 'generator_6', 'generator_3', 'generator_3', 'generator_1', 'similar_color_5', 'generator_4', 'shape_match', 'generator_9', 'generator_9', 'generator_13', 'generator_14', 'generator_15', 'generator_3', 'order_match', 'generator_1', 'order_match', 'shape_match', 'similar_color_9', 'generator_8', 'generator_16', 'generator_1']
number opened: 0
TRIAL 5
Action chosen: (yellow5, purple)
Outcome: False
partcle ids: ['generator_9', 'generator_17', 'generator_9', 'generator_15', 'generator_15', 'generator_4', 'generator_18', 'generator_10', 'generator_15', 'generator_9', 'generator_20', 'generator_3', 'generator_1', 'order_match', 'generator_21', 'generator_15', 'order_match', 'generator_9', 'generator_23', 'generator_24', 'generator_9', 'generator_1', 'order_match', 'generator_9', 'generator_9', 'generator_25', 'generator_9', 'generator_4', 'generator_26', 'generator_15']
number opened: 0
TRIAL 6
Action chosen: (orange4, blue)
Outcome: False
partcle ids: ['generator_9', 'generator_17', 'generator_9', 'generator_15', 'generator_15', 'generator_4', 'generator_18', 'generator_10', 'generator_15', 'generator_9', 'generator_20', 'generator_3', 'generator_1', 'order_match', 'generator_21', 'generator_15', 'order_match', 'generator_9', 'generator_23', 'generator_24', 'generator_9', 'generator_1', 'order_match', 'generator_9', 'generator_9', 'generator_25', 'generator_9', 'generator_4', 'generator_26', 'generator_15']
number opened: 0
TRIAL 7
Action chosen: (orange4, purple)
Outcome: False
partcle ids: ['generator_1', 'generator_15', 'generator_25', 'generator_4', 'generator_25', 'order_match', 'generator_1', 'generator_18', 'generator_15', 'generator_29', 'generator_3', 'generator_4', 'generator_1', 'generator_26', 'generator_1', 'generator_30', 'generator_25', 'generator_1', 'generator_21', 'generator_25', 'generator_1', 'generator_25', 'generator_31', 'generator_15', 'generator_24', 'generator_26', 'generator_32', 'generator_25', 'generator_33', 'generator_34']
number opened: 0
TRIAL 8
Action chosen: (diamond, purple)
Outcome: False
partcle ids: ['generator_1', 'generator_15', 'generator_25', 'generator_4', 'generator_25', 'order_match', 'generator_1', 'generator_18', 'generator_15', 'generator_29', 'generator_3', 'generator_4', 'generator_1', 'generator_26', 'generator_1', 'generator_30', 'generator_25', 'generator_1', 'generator_21', 'generator_25', 'generator_1', 'generator_25', 'generator_31', 'generator_15', 'generator_24', 'generator_26', 'generator_32', 'generator_25', 'generator_33', 'generator_34']
number opened: 0
TRIAL 9
Action chosen: (yellow5, red)
Outcome: False
partcle ids: ['generator_30', 'generator_32', 'generator_34', 'generator_35', 'generator_24', 'generator_36', 'generator_32', 'generator_4', 'generator_26', 'generator_26', 'generator_34', 'generator_30', 'generator_40', 'generator_4', 'generator_32', 'generator_32', 'generator_30', 'generator_41', 'generator_4', 'generator_4', 'generator_43', 'generator_44', 'generator_45', 'generator_4', 'number_match', 'generator_26', 'generator_26', 'generator_4', 'order_match', 'generator_34']
number opened: 0
TRIAL 10
Action chosen: (purple, pink)
Outcome: False
partcle ids: ['generator_30', 'generator_32', 'generator_34', 'generator_35', 'generator_24', 'generator_36', 'generator_32', 'generator_4', 'generator_26', 'generator_26', 'generator_34', 'generator_30', 'generator_40', 'generator_4', 'generator_32', 'generator_32', 'generator_30', 'generator_41', 'generator_4', 'generator_4', 'generator_43', 'generator_44', 'generator_45', 'generator_4', 'number_match', 'generator_26', 'generator_26', 'generator_4', 'order_match', 'generator_34']
number opened: 0
TRIAL 11
Action chosen: (heart, pink)
Outcome: False
partcle ids: ['generator_45', 'generator_26', 'generator_26', 'generator_44', 'generator_48', 'generator_41', 'generator_41', 'number_match', 'generator_26', 'order_match', 'generator_24', 'generator_45', 'generator_26', 'generator_40', 'generator_52', 'generator_30', 'generator_30', 'generator_26', 'generator_54', 'order_match', 'number_match', 'generator_55', 'generator_56', 'generator_26', 'order_match', 'generator_24', 'generator_26', 'generator_26', 'generator_57', 'number_match']
number opened: 0
TRIAL 12
Action chosen: (blue, purple)
Outcome: False
partcle ids: ['generator_45', 'generator_26', 'generator_26', 'generator_44', 'generator_48', 'generator_41', 'generator_41', 'number_match', 'generator_26', 'order_match', 'generator_24', 'generator_45', 'generator_26', 'generator_40', 'generator_52', 'generator_30', 'generator_30', 'generator_26', 'generator_54', 'order_match', 'number_match', 'generator_55', 'generator_56', 'generator_26', 'order_match', 'generator_24', 'generator_26', 'generator_26', 'generator_57', 'number_match']
number opened: 0
TRIAL 13
Action chosen: (red, red)
Outcome: True
partcle ids: ['order_match', 'generator_54', 'generator_58', 'generator_54', 'generator_59', 'order_match', 'order_match', 'generator_60', 'generator_54', 'generator_40', 'number_match', 'order_match', 'generator_63', 'generator_64', 'number_match', 'generator_40', 'generator_66', 'generator_54', 'number_match', 'order_match', 'number_match', 'generator_67', 'generator_68', 'generator_40', 'number_match', 'generator_70', 'number_match', 'order_match', 'number_match', 'order_match']
number opened: 1
TRIAL 14
Action chosen: (grey2, pink)
Outcome: True
partcle ids: ['order_match', 'generator_54', 'generator_58', 'generator_54', 'generator_59', 'order_match', 'order_match', 'generator_60', 'generator_54', 'generator_40', 'number_match', 'order_match', 'generator_63', 'generator_64', 'number_match', 'generator_40', 'generator_66', 'generator_54', 'number_match', 'order_match', 'number_match', 'generator_67', 'generator_68', 'generator_40', 'number_match', 'generator_70', 'number_match', 'order_match', 'number_match', 'order_match']
number opened: 2
TRIAL 15
Action chosen: (green3, purple)
Outcome: True
partcle ids: ['generator_71', 'generator_72', 'generator_73', 'generator_74', 'generator_75', 'generator_76', 'generator_77', 'generator_78', 'generator_79', 'generator_80', 'generator_81', 'generator_82', 'generator_73', 'generator_79', 'generator_81', 'generator_83', 'generator_84', 'generator_85', 'generator_86', 'generator_87', 'generator_88', 'generator_89', 'generator_90', 'generator_91', 'generator_92', 'generator_93', 'generator_75', 'generator_91', 'generator_94', 'generator_95']
number opened: 3
TRIAL 16
Action chosen: (heart, white)
Outcome: False
partcle ids: ['generator_71', 'generator_72', 'generator_73', 'generator_74', 'generator_75', 'generator_76', 'generator_77', 'generator_78', 'generator_79', 'generator_80', 'generator_81', 'generator_82', 'generator_73', 'generator_79', 'generator_81', 'generator_83', 'generator_84', 'generator_85', 'generator_86', 'generator_87', 'generator_88', 'generator_89', 'generator_90', 'generator_91', 'generator_92', 'generator_93', 'generator_75', 'generator_91', 'generator_94', 'generator_95']
number opened: 3
TRIAL 17
Action chosen: (diamond, blue)
Outcome: False
partcle ids: ['generator_71', 'generator_72', 'generator_73', 'generator_74', 'generator_75', 'generator_76', 'generator_77', 'generator_78', 'generator_79', 'generator_80', 'generator_81', 'generator_82', 'generator_73', 'generator_79', 'generator_81', 'generator_83', 'generator_84', 'generator_85', 'generator_86', 'generator_87', 'generator_88', 'generator_89', 'generator_90', 'generator_91', 'generator_92', 'generator_93', 'generator_75', 'generator_91', 'generator_94', 'generator_95']
number opened: 3
TRIAL 18
Action chosen: (pink, blue)
Outcome: False
partcle ids: ['generator_71', 'generator_72', 'generator_73', 'generator_74', 'generator_75', 'generator_76', 'generator_77', 'generator_78', 'generator_79', 'generator_80', 'generator_81', 'generator_82', 'generator_73', 'generator_79', 'generator_81', 'generator_83', 'generator_84', 'generator_85', 'generator_86', 'generator_87', 'generator_88', 'generator_89', 'generator_90', 'generator_91', 'generator_92', 'generator_93', 'generator_75', 'generator_91', 'generator_94', 'generator_95']
number opened: 3
TRIAL 19
Action chosen: (yellow5, white)
Outcome: False
partcle ids: ['generator_96', 'generator_91', 'generator_97', 'generator_98', 'generator_99', 'generator_95', 'generator_100', 'generator_101', 'generator_96', 'generator_102', 'generator_91', 'generator_104', 'number_match', 'generator_88', 'generator_91', 'generator_105', 'generator_97', 'generator_106', 'generator_107', 'generator_108', 'generator_109', 'generator_85', 'generator_111', 'generator_112', 'generator_85', 'generator_113', 'generator_114', 'generator_89', 'generator_93', 'generator_91']
number opened: 3
TRIAL 20
Action chosen: (triangle, blue)
Outcome: False
partcle ids: ['generator_96', 'generator_91', 'generator_97', 'generator_98', 'generator_99', 'generator_95', 'generator_100', 'generator_101', 'generator_96', 'generator_102', 'generator_91', 'generator_104', 'number_match', 'generator_88', 'generator_91', 'generator_105', 'generator_97', 'generator_106', 'generator_107', 'generator_108', 'generator_109', 'generator_85', 'generator_111', 'generator_112', 'generator_85', 'generator_113', 'generator_114', 'generator_89', 'generator_93', 'generator_91']
number opened: 3
TRIAL 21
Action chosen: (heart, blue)
Outcome: False
partcle ids: ['generator_96', 'generator_91', 'generator_97', 'generator_98', 'generator_99', 'generator_95', 'generator_100', 'generator_101', 'generator_96', 'generator_102', 'generator_91', 'generator_104', 'number_match', 'generator_88', 'generator_91', 'generator_105', 'generator_97', 'generator_106', 'generator_107', 'generator_108', 'generator_109', 'generator_85', 'generator_111', 'generator_112', 'generator_85', 'generator_113', 'generator_114', 'generator_89', 'generator_93', 'generator_91']
number opened: 3
TRIAL 22
Action chosen: (yellow5, blue)
Outcome: True
partcle ids: ['generator_117', 'generator_97', 'generator_88', 'generator_97', 'generator_117', 'generator_118', 'generator_97', 'generator_118', 'generator_117', 'generator_118', 'generator_97', 'generator_97', 'number_match', 'generator_88', 'generator_101', 'generator_88', 'generator_108', 'generator_108', 'number_match', 'generator_119', 'generator_97', 'generator_88', 'generator_101', 'generator_97', 'generator_117', 'generator_108', 'generator_101', 'generator_119', 'generator_118', 'number_match']
number opened: 4
TRIAL 23
Action chosen: (white, white)
Outcome: False
partcle ids: ['generator_117', 'generator_97', 'generator_88', 'generator_97', 'generator_117', 'generator_118', 'generator_97', 'generator_118', 'generator_117', 'generator_118', 'generator_97', 'generator_97', 'number_match', 'generator_88', 'generator_101', 'generator_88', 'generator_108', 'generator_108', 'number_match', 'generator_119', 'generator_97', 'generator_88', 'generator_101', 'generator_97', 'generator_117', 'generator_108', 'generator_101', 'generator_119', 'generator_118', 'number_match']
number opened: 4
TRIAL 24
Action chosen: (diamond, white)
Outcome: False
partcle ids: ['generator_117', 'generator_97', 'generator_88', 'generator_97', 'generator_117', 'generator_118', 'generator_97', 'generator_118', 'generator_117', 'generator_118', 'generator_97', 'generator_97', 'number_match', 'generator_88', 'generator_101', 'generator_88', 'generator_108', 'generator_108', 'number_match', 'generator_119', 'generator_97', 'generator_88', 'generator_101', 'generator_97', 'generator_117', 'generator_108', 'generator_101', 'generator_119', 'generator_118', 'number_match']
number opened: 4
TRIAL 25
Action chosen: (triangle, white)
Outcome: False
partcle ids: ['generator_117', 'generator_97', 'generator_88', 'generator_97', 'generator_117', 'generator_118', 'generator_97', 'generator_118', 'generator_117', 'generator_118', 'generator_97', 'generator_97', 'number_match', 'generator_88', 'generator_101', 'generator_88', 'generator_108', 'generator_108', 'number_match', 'generator_119', 'generator_97', 'generator_88', 'generator_101', 'generator_97', 'generator_117', 'generator_108', 'generator_101', 'generator_119', 'generator_118', 'number_match']
number opened: 4
TRIAL 26
Action chosen: (pink, white)
Outcome: False
partcle ids: ['number_match', 'generator_108', 'generator_119', 'generator_119', 'number_match', 'generator_108', 'generator_101', 'generator_101', 'generator_108', 'generator_101', 'generator_108', 'number_match', 'generator_119', 'generator_101', 'generator_119', 'generator_108', 'number_match', 'generator_117', 'generator_119', 'number_match', 'generator_108', 'generator_101', 'generator_108', 'generator_119', 'generator_108', 'generator_119', 'generator_108', 'generator_108', 'generator_108', 'generator_118']
number opened: 4
TRIAL 27
Action chosen: (blue, white)
Outcome: False
partcle ids: ['number_match', 'generator_108', 'generator_119', 'generator_119', 'number_match', 'generator_108', 'generator_101', 'generator_101', 'generator_108', 'generator_101', 'generator_108', 'number_match', 'generator_119', 'generator_101', 'generator_119', 'generator_108', 'number_match', 'generator_117', 'generator_119', 'number_match', 'generator_108', 'generator_101', 'generator_108', 'generator_119', 'generator_108', 'generator_119', 'generator_108', 'generator_108', 'generator_108', 'generator_118']
number opened: 4
TRIAL 28
Action chosen: (cloud, white)
Outcome: False
partcle ids: ['number_match', 'generator_101', 'number_match', 'generator_97', 'generator_101', 'generator_101', 'number_match', 'number_match', 'generator_119', 'number_match', 'generator_101', 'generator_81', 'generator_97', 'number_match', 'number_match', 'generator_101', 'generator_101', 'generator_119', 'generator_119', 'number_match', 'number_match', 'number_match', 'number_match', 'generator_101', 'number_match', 'generator_101', 'number_match', 'number_match', 'generator_101', 'number_match']
number opened: 4
TRIAL 29
Action chosen: (orange4, white)
Outcome: True
partcle ids: ['number_match', 'generator_101', 'number_match', 'generator_97', 'generator_101', 'generator_101', 'number_match', 'number_match', 'generator_119', 'number_match', 'generator_101', 'generator_81', 'generator_97', 'number_match', 'number_match', 'generator_101', 'generator_101', 'generator_119', 'generator_119', 'number_match', 'number_match', 'number_match', 'number_match', 'generator_101', 'number_match', 'generator_101', 'number_match', 'number_match', 'generator_101', 'number_match']
number opened: 5
{"attempts": 29, "unique_key_box_pairs": 29, "revisit_attempts": 0, "revisit_rate": 0.0, "attempts_before_abandoning_color_matching": 0, "color_matching_abandoned": true}
