{"Child_ID": "D103", "SoC_variant": "SoC-Full", "theta": [1, 3], "p_gen": 0.3, "true_prior": 0.02, "run_number": 43, "seed": 4858667045627898313}
TRIAL 1
Action chosen: (heart, blue)
Outcome: False
partcle ids: ['similar_color_3', 'generator_1', 'similar_color_13', 'number_match', 'similar_color_1', 'color_match', 'similar_color_5', 'similar_color_12', 'similar_color_9', 'similar_color_8', 'similar_color_5', 'similar_color_10', 'generator_2', 'generator_3', 'generator_4', 'generator_5', 'similar_color_3', 'similar_color_3', 'similar_color_13', 'shape_match', 'similar_color_2', 'similar_color_13', 'similar_color_2', 'color_match', 'generator_6', 'similar_color_5', 'number_match', 'generator_7', 'similar_color_8', 'order_match']
number opened: 0
TRIAL 2
Action chosen: (heart, blue)
Outcome: False
partcle ids: ['similar_color_3', 'generator_1', 'similar_color_13', 'number_match', 'similar_color_1', 'color_match', 'similar_color_5', 'similar_color_12', 'similar_color_9', 'similar_color_8', 'similar_color_5', 'similar_color_10', 'generator_2', 'generator_3', 'generator_4', 'generator_5', 'similar_color_3', 'similar_color_3', 'similar_color_13', 'shape_match', 'similar_color_2', 'similar_color_13', 'similar_color_2', 'color_match', 'generator_6', 'similar_color_5', 'number_match', 'generator_7', 'similar_color_8', 'order_match']
number opened: 0
TRIAL 3
Action chosen: (grey2, white)
Outcome: False
partcle ids: ['similar_color_3', 'generator_1', 'similar_color_13', 'number_match', 'similar_color_1', 'color_match', 'similar_color_5', 'similar_color_12', 'similar_color_9', 'similar_color_8', 'similar_color_5', 'similar_color_10', 'generator_2', 'generator_3', 'generator_4', 'generator_5', 'similar_color_3', 'similar_color_3', 'similar_color_13', 'shape_match', 'similar_color_2', 'similar_color_13', 'similar_color_2', 'color_match', 'generator_6', 'similar_color_5', 'number_match', 'generator_7', 'similar_color_8', 'order_match']
number opened: 0
TRIAL 4
Action chosen: (purple, purple)
Outcome: False
partcle ids: ['similar_color_3', 'generator_1', 'similar_color_13', 'number_match', 'similar_color_1', 'color_match', 'similar_color_5', 'similar_color_12', 'similar_color_9', 'similar_color_8', 'similar_color_5', 'similar_color_10', 'generator_2', 'generator_3', 'generator_4', 'generator_5', 'similar_color_3', 'similar_color_3', 'similar_color_13', 'shape_match', 'similar_color_2', 'similar_color_13', 'similar_color_2', 'color_match', 'generator_6', 'similar_color_5', 'number_match', 'generator_7', 'similar_color_8', 'order_match']
number opened: 0
TRIAL 5
Action chosen: (purple, purple)
Outcome: False
partcle ids: ['similar_color_3', 'generator_1', 'similar_color_13', 'number_match', 'similar_color_1', 'color_match', 'similar_color_5', 'similar_color_12', 'similar_color_9', 'similar_color_8', 'similar_color_5', 'similar_color_10', 'generator_2', 'generator_3', 'generator_4', 'generator_5', 'similar_color_3', 'similar_color_3', 'similar_color_13', 'shape_match', 'similar_color_2', 'similar_color_13', 'similar_color_2', 'color_match', 'generator_6', 'similar_color_5', 'number_match', 'generator_7', 'similar_color_8', 'order_match']
number opened: 0
TRIAL 6
Action chosen: (purple, purple)
Outcome: False
partcle ids: ['similar_color_3', 'generator_1', 'similar_color_13', 'number_match', 'similar_color_1', 'color_match', 'similar_color_5', 'similar_color_12', 'similar_color_9', 'similar_color_8', 'similar_color_5', 'similar_color_10', 'generator_2', 'generator_3', 'generator_4', 'generator_5', 'similar_color_3', 'similar_color_3', 'similar_color_13', 'shape_match', 'similar_color_2', 'similar_color_13', 'similar_color_2', 'color_match', 'generator_6', 'similar_color_5', 'number_match', 'generator_7', 'similar_color_8', 'order_match']
number opened: 0
TRIAL 7
Action chosen: (purple, purple)
Outcome: False
partcle ids: ['similar_color_3', 'generator_1', 'similar_color_13', 'number_match', 'similar_color_1', 'color_match', 'similar_color_5', 'similar_color_12', 'similar_color_9', 'similar_color_8', 'similar_color_5', 'similar_color_10', 'generator_2', 'generator_3', 'generator_4', 'generator_5', 'similar_color_3', 'similar_color_3', 'similar_color_13', 'shape_match', 'similar_color_2', 'similar_color_13', 'similar_color_2', 'color_match', 'generator_6', 'similar_color_5', 'number_match', 'generator_7', 'similar_color_8', 'order_match']
number opened: 0
TRIAL 8
Action chosen: (purple, purple)
Outcome: False
partcle ids: ['similar_color_3', 'generator_1', 'similar_color_13', 'number_match', 'similar_color_1', 'color_match', 'similar_color_5', 'similar_color_12', 'similar_color_9', 'similar_color_8', 'similar_color_5', 'similar_color_10', 'generator_2', 'generator_3', 'generator_4', 'generator_5', 'similar_color_3', 'similar_color_3', 'similar_color_13', 'shape_match', 'similar_color_2', 'similar_color_13', 'similar_color_2', 'color_match', 'generator_6', 'similar_color_5', 'number_match', 'generator_7', 'similar_color_8', 'order_match']
number opened: 0
TRIAL 9
Action chosen: (pink, pink)
Outcome: False
partcle ids: ['similar_color_3', 'generator_1', 'similar_color_13', 'number_match', 'similar_color_1', 'color_match', 'similar_color_5', 'similar_color_12', 'similar_color_9', 'similar_color_8', 'similar_color_5', 'similar_color_10', 'generator_2', 'generator_3', 'generator_4', 'generator_5', 'similar_color_3', 'similar_color_3', 'similar_color_13', 'shape_match', 'similar_color_2', 'similar_color_13', 'similar_color_2', 'color_match', 'generator_6', 'similar_color_5', 'number_match', 'generator_7', 'similar_color_8', 'order_match']
number opened: 0
TRIAL 10
Action chosen: (pink, pink)
Outcome: False
partcle ids: ['similar_color_3', 'generator_1', 'similar_color_13', 'number_match', 'similar_color_1', 'color_match', 'similar_color_5', 'similar_color_12', 'similar_color_9', 'similar_color_8', 'similar_color_5', 'similar_color_10', 'generator_2', 'generator_3', 'generator_4', 'generator_5', 'similar_color_3', 'similar_color_3', 'similar_color_13', 'shape_match', 'similar_color_2', 'similar_color_13', 'similar_color_2', 'color_match', 'generator_6', 'similar_color_5', 'number_match', 'generator_7', 'similar_color_8', 'order_match']
number opened: 0
TRIAL 11
Action chosen: (pink, pink)
Outcome: False
partcle ids: ['similar_color_3', 'generator_1', 'similar_color_13', 'number_match', 'similar_color_1', 'color_match', 'similar_color_5', 'similar_color_12', 'similar_color_9', 'similar_color_8', 'similar_color_5', 'similar_color_10', 'generator_2', 'generator_3', 'generator_4', 'generator_5', 'similar_color_3', 'similar_color_3', 'similar_color_13', 'shape_match', 'similar_color_2', 'similar_color_13', 'similar_color_2', 'color_match', 'generator_6', 'similar_color_5', 'number_match', 'generator_7', 'similar_color_8', 'order_match']
number opened: 0
TRIAL 12
Action chosen: (red, red)
Outcome: True
partcle ids: ['generator_8', 'generator_9', 'similar_color_13', 'similar_color_6', 'order_match', 'generator_10', 'generator_11', 'similar_color_10', 'number_match', 'similar_color_2', 'similar_color_1', 'number_match', 'number_match', 'similar_color_14', 'generator_12', 'number_match', 'number_match', 'generator_13', 'order_match', 'similar_color_7', 'generator_14', 'number_match', 'generator_15', 'color_match', 'generator_16', 'order_match', 'similar_color_11', 'generator_17', 'similar_color_11', 'order_match']
number opened: 1
TRIAL 13
Action chosen: (yellow5, blue)
Outcome: True
partcle ids: ['order_match', 'generator_18', 'generator_19', 'generator_20', 'generator_21', 'generator_22', 'generator_23', 'generator_24', 'generator_25', 'generator_26', 'generator_27', 'generator_28', 'order_match', 'generator_29', 'generator_14', 'order_match', 'generator_31', 'generator_32', 'generator_33', 'generator_34', 'order_match', 'generator_35', 'generator_36', 'generator_37', 'generator_38', 'generator_39', 'order_match', 'number_match', 'number_match', 'generator_23']
number opened: 2
TRIAL 14
Action chosen: (green3, white)
Outcome: False
partcle ids: ['order_match', 'generator_18', 'generator_19', 'generator_20', 'generator_21', 'generator_22', 'generator_23', 'generator_24', 'generator_25', 'generator_26', 'generator_27', 'generator_28', 'order_match', 'generator_29', 'generator_14', 'order_match', 'generator_31', 'generator_32', 'generator_33', 'generator_34', 'order_match', 'generator_35', 'generator_36', 'generator_37', 'generator_38', 'generator_39', 'order_match', 'number_match', 'number_match', 'generator_23']
number opened: 2
TRIAL 15
Action chosen: (orange4, white)
Outcome: True
partcle ids: ['generator_40', 'generator_41', 'number_match', 'generator_42', 'number_match', 'generator_44', 'generator_45', 'generator_23', 'generator_22', 'generator_47', 'generator_48', 'number_match', 'number_match', 'generator_50', 'generator_51', 'generator_22', 'generator_52', 'generator_23', 'generator_54', 'generator_55', 'generator_56', 'generator_57', 'generator_54', 'generator_21', 'generator_58', 'generator_59', 'generator_60', 'generator_41', 'generator_48', 'generator_61']
number opened: 3
TRIAL 16
Action chosen: (grey2, pink)
Outcome: True
partcle ids: ['generator_62', 'number_match', 'generator_62', 'number_match', 'generator_57', 'generator_54', 'generator_62', 'generator_57', 'generator_54', 'generator_60', 'number_match', 'generator_57', 'generator_60', 'generator_60', 'number_match', 'generator_60', 'generator_57', 'generator_54', 'generator_62', 'number_match', 'generator_54', 'generator_64', 'generator_65', 'number_match', 'generator_57', 'generator_62', 'number_match', 'generator_62', 'generator_64', 'generator_65']
number opened: 4
TRIAL 17
Action chosen: (green3, purple)
Outcome: True
partcle ids: ['number_match', 'number_match', 'number_match', 'number_match', 'number_match', 'number_match', 'number_match', 'number_match', 'number_match', 'number_match', 'number_match', 'number_match', 'number_match', 'number_match', 'number_match', 'number_match', 'number_match', 'number_match', 'number_match', 'number_match', 'number_match', 'number_match', 'number_match', 'number_match', 'number_match', 'number_match', 'number_match', 'number_match', 'number_match', 'number_match']
number opened: 5
{"attempts": 17, "unique_key_box_pairs": 10, "revisit_attempts": 7, "revisit_rate": 0.4375, "attempts_before_abandoning_color_matching": 0, "color_matching_abandoned": true}
