{"Child_ID": "D103", "SoC_variant": "SoC-Full", "theta": [1, 3], "p_gen": 0.3, "true_prior": 0.02, "run_number": 17, "seed": 3986474021787297511}
TRIAL 1
Action chosen: (green3, blue)
Outcome: False
partcle ids: ['similar_color_14', 'similar_color_14', 'similar_color_13', 'generator_1', 'number_match', 'generator_2', 'similar_color_11', 'generator_3', 'generator_4', 'color_match', 'similar_color_7', 'shape_match', 'similar_color_5', 'color_match', 'generator_5', 'similar_color_3', 'similar_color_9', 'similar_color_1', 'similar_color_13', 'similar_color_1', 'generator_6', 'generator_7', 'similar_color_4', 'similar_color_12', 'number_match', 'similar_color_10', 'similar_color_3', 'similar_color_13', 'similar_color_12', 'similar_color_12']
number opened: 0
TRIAL 2
Action chosen: (green3, blue)
Outcome: False
partcle ids: ['similar_color_14', 'similar_color_14', 'similar_color_13', 'generator_1', 'number_match', 'generator_2', 'similar_color_11', 'generator_3', 'generator_4', 'color_match', 'similar_color_7', 'shape_match', 'similar_color_5', 'color_match', 'generator_5', 'similar_color_3', 'similar_color_9', 'similar_color_1', 'similar_color_13', 'similar_color_1', 'generator_6', 'generator_7', 'similar_color_4', 'similar_color_12', 'number_match', 'similar_color_10', 'similar_color_3', 'similar_color_13', 'similar_color_12', 'similar_color_12']
number opened: 0
TRIAL 3
Action chosen: (green3, blue)
Outcome: False
partcle ids: ['similar_color_14', 'similar_color_14', 'similar_color_13', 'generator_1', 'number_match', 'generator_2', 'similar_color_11', 'generator_3', 'generator_4', 'color_match', 'similar_color_7', 'shape_match', 'similar_color_5', 'color_match', 'generator_5', 'similar_color_3', 'similar_color_9', 'similar_color_1', 'similar_color_13', 'similar_color_1', 'generator_6', 'generator_7', 'similar_color_4', 'similar_color_12', 'number_match', 'similar_color_10', 'similar_color_3', 'similar_color_13', 'similar_color_12', 'similar_color_12']
number opened: 0
TRIAL 4
Action chosen: (heart, blue)
Outcome: False
partcle ids: ['similar_color_14', 'similar_color_14', 'similar_color_13', 'generator_1', 'number_match', 'generator_2', 'similar_color_11', 'generator_3', 'generator_4', 'color_match', 'similar_color_7', 'shape_match', 'similar_color_5', 'color_match', 'generator_5', 'similar_color_3', 'similar_color_9', 'similar_color_1', 'similar_color_13', 'similar_color_1', 'generator_6', 'generator_7', 'similar_color_4', 'similar_color_12', 'number_match', 'similar_color_10', 'similar_color_3', 'similar_color_13', 'similar_color_12', 'similar_color_12']
number opened: 0
TRIAL 5
Action chosen: (green3, blue)
Outcome: False
partcle ids: ['similar_color_14', 'similar_color_14', 'similar_color_13', 'generator_1', 'number_match', 'generator_2', 'similar_color_11', 'generator_3', 'generator_4', 'color_match', 'similar_color_7', 'shape_match', 'similar_color_5', 'color_match', 'generator_5', 'similar_color_3', 'similar_color_9', 'similar_color_1', 'similar_color_13', 'similar_color_1', 'generator_6', 'generator_7', 'similar_color_4', 'similar_color_12', 'number_match', 'similar_color_10', 'similar_color_3', 'similar_color_13', 'similar_color_12', 'similar_color_12']
number opened: 0
TRIAL 6
Action chosen: (white, white)
Outcome: False
partcle ids: ['similar_color_14', 'similar_color_14', 'similar_color_13', 'generator_1', 'number_match', 'generator_2', 'similar_color_11', 'generator_3', 'generator_4', 'color_match', 'similar_color_7', 'shape_match', 'similar_color_5', 'color_match', 'generator_5', 'similar_color_3', 'similar_color_9', 'similar_color_1', 'similar_color_13', 'similar_color_1', 'generator_6', 'generator_7', 'similar_color_4', 'similar_color_12', 'number_match', 'similar_color_10', 'similar_color_3', 'similar_color_13', 'similar_color_12', 'similar_color_12']
number opened: 0
TRIAL 7
Action chosen: (purple, purple)
Outcome: False
partcle ids: ['similar_color_14', 'similar_color_14', 'similar_color_13', 'generator_1', 'number_match', 'generator_2', 'similar_color_11', 'generator_3', 'generator_4', 'color_match', 'similar_color_7', 'shape_match', 'similar_color_5', 'color_match', 'generator_5', 'similar_color_3', 'similar_color_9', 'similar_color_1', 'similar_color_13', 'similar_color_1', 'generator_6', 'generator_7', 'similar_color_4', 'similar_color_12', 'number_match', 'similar_color_10', 'similar_color_3', 'similar_color_13', 'similar_color_12', 'similar_color_12']
number opened: 0
TRIAL 8
Action chosen: (pink, pink)
Outcome: False
partcle ids: ['similar_color_14', 'similar_color_14', 'similar_color_13', 'generator_1', 'number_match', 'generator_2', 'similar_color_11', 'generator_3', 'generator_4', 'color_match', 'similar_color_7', 'shape_match', 'similar_color_5', 'color_match', 'generator_5', 'similar_color_3', 'similar_color_9', 'similar_color_1', 'similar_color_13', 'similar_color_1', 'generator_6', 'generator_7', 'similar_color_4', 'similar_color_12', 'number_match', 'similar_color_10', 'similar_color_3', 'similar_color_13', 'similar_color_12', 'similar_color_12']
number opened: 0
TRIAL 9
Action chosen: (purple, purple)
Outcome: False
partcle ids: ['similar_color_14', 'similar_color_14', 'similar_color_13', 'generator_1', 'number_match', 'generator_2', 'similar_color_11', 'generator_3', 'generator_4', 'color_match', 'similar_color_7', 'shape_match', 'similar_color_5', 'color_match', 'generator_5', 'similar_color_3', 'similar_color_9', 'similar_color_1', 'similar_color_13', 'similar_color_1', 'generator_6', 'generator_7', 'similar_color_4', 'similar_color_12', 'number_match', 'similar_color_10', 'similar_color_3', 'similar_color_13', 'similar_color_12', 'similar_color_12']
number opened: 0
TRIAL 10
Action chosen: (pink, pink)
Outcome: False
partcle ids: ['similar_color_14', 'similar_color_14', 'similar_color_13', 'generator_1', 'number_match', 'generator_2', 'similar_color_11', 'generator_3', 'generator_4', 'color_match', 'similar_color_7', 'shape_match', 'similar_color_5', 'color_match', 'generator_5', 'similar_color_3', 'similar_color_9', 'similar_color_1', 'similar_color_13', 'similar_color_1', 'generator_6', 'generator_7', 'similar_color_4', 'similar_color_12', 'number_match', 'similar_color_10', 'similar_color_3', 'similar_color_13', 'similar_color_12', 'similar_color_12']
number opened: 0
TRIAL 11
Action chosen: (pink, pink)
Outcome: False
partcle ids: ['similar_color_14', 'similar_color_14', 'similar_color_13', 'generator_1', 'number_match', 'generator_2', 'similar_color_11', 'generator_3', 'generator_4', 'color_match', 'similar_color_7', 'shape_match', 'similar_color_5', 'color_match', 'generator_5', 'similar_color_3', 'similar_color_9', 'similar_color_1', 'similar_color_13', 'similar_color_1', 'generator_6', 'generator_7', 'similar_color_4', 'similar_color_12', 'number_match', 'similar_color_10', 'similar_color_3', 'similar_color_13', 'similar_color_12', 'similar_color_12']
number opened: 0
TRIAL 12
Action chosen: (pink, pink)
Outcome: False
partcle ids: ['similar_color_14', 'similar_color_14', 'similar_color_13', 'generator_1', 'number_match', 'generator_2', 'similar_color_11', 'generator_3', 'generator_4', 'color_match', 'similar_color_7', 'shape_match', 'similar_color_5', 'color_match', 'generator_5', 'similar_color_3', 'similar_color_9', 'similar_color_1', 'similar_color_13', 'similar_color_1', 'generator_6', 'generator_7', 'similar_color_4', 'similar_color_12', 'number_match', 'similar_color_10', 'similar_color_3', 'similar_color_13', 'similar_color_12', 'similar_color_12']
number opened: 0
TRIAL 13
Action chosen: (pink, pink)
Outcome: False
partcle ids: ['similar_color_14', 'similar_color_14', 'similar_color_13', 'generator_1', 'number_match', 'generator_2', 'similar_color_11', 'generator_3', 'generator_4', 'color_match', 'similar_color_7', 'shape_match', 'similar_color_5', 'color_match', 'generator_5', 'similar_color_3', 'similar_color_9', 'similar_color_1', 'similar_color_13', 'similar_color_1', 'generator_6', 'generator_7', 'similar_color_4', 'similar_color_12', 'number_match', 'similar_color_10', 'similar_color_3', 'similar_color_13', 'similar_color_12', 'similar_color_12']
number opened: 0
TRIAL 14
Action chosen: (purple, purple)
Outcome: False
partcle ids: ['similar_color_14', 'similar_color_14', 'similar_color_13', 'generator_1', 'number_match', 'generator_2', 'similar_color_11', 'generator_3', 'generator_4', 'color_match', 'similar_color_7', 'shape_match', 'similar_color_5', 'color_match', 'generator_5', 'similar_color_3', 'similar_color_9', 'similar_color_1', 'similar_color_13', 'similar_color_1', 'generator_6', 'generator_7', 'similar_color_4', 'similar_color_12', 'number_match', 'similar_color_10', 'similar_color_3', 'similar_color_13', 'similar_color_12', 'similar_color_12']
number opened: 0
TRIAL 15
Action chosen: (red, red)
Outcome: True
partcle ids: ['similar_color_4', 'generator_8', 'similar_color_9', 'generator_9', 'generator_10', 'similar_color_2', 'generator_4', 'order_match', 'similar_color_13', 'similar_color_7', 'similar_color_7', 'similar_color_11', 'similar_color_2', 'number_match', 'generator_11', 'generator_12', 'number_match', 'generator_13', 'generator_14', 'similar_color_9', 'similar_color_9', 'generator_4', 'generator_15', 'number_match', 'similar_color_9', 'generator_4', 'generator_16', 'similar_color_6', 'number_match', 'generator_17']
number opened: 1
TRIAL 16
Action chosen: (pink, pink)
Outcome: False
partcle ids: ['similar_color_4', 'generator_8', 'similar_color_9', 'generator_9', 'generator_10', 'similar_color_2', 'generator_4', 'order_match', 'similar_color_13', 'similar_color_7', 'similar_color_7', 'similar_color_11', 'similar_color_2', 'number_match', 'generator_11', 'generator_12', 'number_match', 'generator_13', 'generator_14', 'similar_color_9', 'similar_color_9', 'generator_4', 'generator_15', 'number_match', 'similar_color_9', 'generator_4', 'generator_16', 'similar_color_6', 'number_match', 'generator_17']
number opened: 1
TRIAL 17
Action chosen: (purple, purple)
Outcome: False
partcle ids: ['similar_color_4', 'generator_8', 'similar_color_9', 'generator_9', 'generator_10', 'similar_color_2', 'generator_4', 'order_match', 'similar_color_13', 'similar_color_7', 'similar_color_7', 'similar_color_11', 'similar_color_2', 'number_match', 'generator_11', 'generator_12', 'number_match', 'generator_13', 'generator_14', 'similar_color_9', 'similar_color_9', 'generator_4', 'generator_15', 'number_match', 'similar_color_9', 'generator_4', 'generator_16', 'similar_color_6', 'number_match', 'generator_17']
number opened: 1
TRIAL 18
Action chosen: (purple, purple)
Outcome: False
partcle ids: ['similar_color_4', 'generator_8', 'similar_color_9', 'generator_9', 'generator_10', 'similar_color_2', 'generator_4', 'order_match', 'similar_color_13', 'similar_color_7', 'similar_color_7', 'similar_color_11', 'similar_color_2', 'number_match', 'generator_11', 'generator_12', 'number_match', 'generator_13', 'generator_14', 'similar_color_9', 'similar_color_9', 'generator_4', 'generator_15', 'number_match', 'similar_color_9', 'generator_4', 'generator_16', 'similar_color_6', 'number_match', 'generator_17']
number opened: 1
TRIAL 19
Action chosen: (yellow5, white)
Outcome: False
partcle ids: ['similar_color_4', 'generator_8', 'similar_color_9', 'generator_9', 'generator_10', 'similar_color_2', 'generator_4', 'order_match', 'similar_color_13', 'similar_color_7', 'similar_color_7', 'similar_color_11', 'similar_color_2', 'number_match', 'generator_11', 'generator_12', 'number_match', 'generator_13', 'generator_14', 'similar_color_9', 'similar_color_9', 'generator_4', 'generator_15', 'number_match', 'similar_color_9', 'generator_4', 'generator_16', 'similar_color_6', 'number_match', 'generator_17']
number opened: 1
TRIAL 20
Action chosen: (purple, purple)
Outcome: False
partcle ids: ['similar_color_4', 'generator_8', 'similar_color_9', 'generator_9', 'generator_10', 'similar_color_2', 'generator_4', 'order_match', 'similar_color_13', 'similar_color_7', 'similar_color_7', 'similar_color_11', 'similar_color_2', 'number_match', 'generator_11', 'generator_12', 'number_match', 'generator_13', 'generator_14', 'similar_color_9', 'similar_color_9', 'generator_4', 'generator_15', 'number_match', 'similar_color_9', 'generator_4', 'generator_16', 'similar_color_6', 'number_match', 'generator_17']
number opened: 1
TRIAL 21
Action chosen: (yellow5, blue)
Outcome: True
partcle ids: ['generator_18', 'order_match', 'generator_19', 'number_match', 'generator_20', 'generator_21', 'generator_22', 'generator_23', 'generator_24', 'generator_25', 'generator_26', 'generator_27', 'generator_28', 'generator_29', 'generator_30', 'generator_31', 'generator_32', 'generator_33', 'generator_34', 'order_match', 'generator_35', 'number_match', 'generator_36', 'generator_37', 'generator_38', 'generator_39', 'generator_40', 'generator_41', 'generator_42', 'order_match']
number opened: 2
TRIAL 22
Action chosen: (grey2, pink)
Outcome: True
partcle ids: ['generator_43', 'generator_44', 'generator_45', 'generator_37', 'generator_46', 'generator_47', 'generator_44', 'generator_48', 'generator_49', 'generator_40', 'generator_50', 'order_match', 'generator_51', 'generator_52', 'order_match', 'order_match', 'generator_52', 'order_match', 'generator_55', 'generator_50', 'generator_47', 'generator_56', 'generator_57', 'generator_58', 'order_match', 'generator_59', 'generator_27', 'generator_60', 'generator_37', 'generator_27']
number opened: 3
TRIAL 23
Action chosen: (orange4, purple)
Outcome: False
partcle ids: ['generator_43', 'generator_44', 'generator_45', 'generator_37', 'generator_46', 'generator_47', 'generator_44', 'generator_48', 'generator_49', 'generator_40', 'generator_50', 'order_match', 'generator_51', 'generator_52', 'order_match', 'order_match', 'generator_52', 'order_match', 'generator_55', 'generator_50', 'generator_47', 'generator_56', 'generator_57', 'generator_58', 'order_match', 'generator_59', 'generator_27', 'generator_60', 'generator_37', 'generator_27']
number opened: 3
TRIAL 24
Action chosen: (triangle, white)
Outcome: False
partcle ids: ['generator_43', 'generator_44', 'generator_45', 'generator_37', 'generator_46', 'generator_47', 'generator_44', 'generator_48', 'generator_49', 'generator_40', 'generator_50', 'order_match', 'generator_51', 'generator_52', 'order_match', 'order_match', 'generator_52', 'order_match', 'generator_55', 'generator_50', 'generator_47', 'generator_56', 'generator_57', 'generator_58', 'order_match', 'generator_59', 'generator_27', 'generator_60', 'generator_37', 'generator_27']
number opened: 3
TRIAL 25
Action chosen: (orange4, white)
Outcome: True
partcle ids: ['generator_47', 'number_match', 'number_match', 'generator_47', 'generator_61', 'generator_55', 'generator_56', 'generator_56', 'generator_62', 'generator_56', 'generator_55', 'generator_55', 'generator_55', 'generator_51', 'generator_63', 'generator_55', 'generator_47', 'generator_56', 'generator_55', 'number_match', 'generator_56', 'generator_51', 'generator_62', 'generator_56', 'generator_61', 'generator_63', 'generator_63', 'generator_47', 'generator_55', 'generator_51']
number opened: 4
TRIAL 26
Action chosen: (pink, purple)
Outcome: False
partcle ids: ['generator_47', 'number_match', 'number_match', 'generator_47', 'generator_61', 'generator_55', 'generator_56', 'generator_56', 'generator_62', 'generator_56', 'generator_55', 'generator_55', 'generator_55', 'generator_51', 'generator_63', 'generator_55', 'generator_47', 'generator_56', 'generator_55', 'number_match', 'generator_56', 'generator_51', 'generator_62', 'generator_56', 'generator_61', 'generator_63', 'generator_63', 'generator_47', 'generator_55', 'generator_51']
number opened: 4
TRIAL 27
Action chosen: (triangle, purple)
Outcome: False
partcle ids: ['generator_47', 'number_match', 'number_match', 'generator_47', 'generator_61', 'generator_55', 'generator_56', 'generator_56', 'generator_62', 'generator_56', 'generator_55', 'generator_55', 'generator_55', 'generator_51', 'generator_63', 'generator_55', 'generator_47', 'generator_56', 'generator_55', 'number_match', 'generator_56', 'generator_51', 'generator_62', 'generator_56', 'generator_61', 'generator_63', 'generator_63', 'generator_47', 'generator_55', 'generator_51']
number opened: 4
TRIAL 28
Action chosen: (diamond, purple)
Outcome: False
partcle ids: ['generator_47', 'number_match', 'number_match', 'generator_47', 'generator_61', 'generator_55', 'generator_56', 'generator_56', 'generator_62', 'generator_56', 'generator_55', 'generator_55', 'generator_55', 'generator_51', 'generator_63', 'generator_55', 'generator_47', 'generator_56', 'generator_55', 'number_match', 'generator_56', 'generator_51', 'generator_62', 'generator_56', 'generator_61', 'generator_63', 'generator_63', 'generator_47', 'generator_55', 'generator_51']
number opened: 4
TRIAL 29
Action chosen: (heart, purple)
Outcome: False
partcle ids: ['generator_47', 'number_match', 'number_match', 'generator_47', 'generator_61', 'generator_55', 'generator_56', 'generator_56', 'generator_62', 'generator_56', 'generator_55', 'generator_55', 'generator_55', 'generator_51', 'generator_63', 'generator_55', 'generator_47', 'generator_56', 'generator_55', 'number_match', 'generator_56', 'generator_51', 'generator_62', 'generator_56', 'generator_61', 'generator_63', 'generator_63', 'generator_47', 'generator_55', 'generator_51']
number opened: 4
TRIAL 30
Action chosen: (green3, purple)
Outcome: True
partcle ids: ['number_match', 'number_match', 'number_match', 'number_match', 'number_match', 'number_match', 'number_match', 'number_match', 'number_match', 'number_match', 'number_match', 'number_match', 'number_match', 'number_match', 'number_match', 'number_match', 'number_match', 'number_match', 'number_match', 'number_match', 'number_match', 'number_match', 'number_match', 'number_match', 'number_match', 'number_match', 'number_match', 'number_match', 'number_match', 'number_match']
number opened: 5
{"attempts": 30, "unique_key_box_pairs": 17, "revisit_attempts": 13, "revisit_rate": 0.4482758620689655, "attempts_before_abandoning_color_matching": 0, "color_matching_abandoned": true}
