{"Child_ID": "D103", "SoC_variant": "SoC-Full", "theta": [1, 3], "p_gen": 0.3, "true_prior": 0.02, "run_number": 2, "seed": 4736503014264708282}
TRIAL 1
Action chosen: (blue, blue)
Outcome: False
partcle ids: ['generator_1', 'generator_2', 'color_match', 'similar_color_5', 'similar_color_5', 'similar_color_6', 'generator_3', 'generator_4', 'color_match', 'similar_color_8', 'generator_5', 'number_match', 'similar_color_8', 'similar_color_4', 'similar_color_11', 'similar_color_8', 'shape_match', 'similar_color_9', 'similar_color_2', 'similar_color_11', 'similar_color_12', 'similar_color_4', 'similar_color_14', 'similar_color_2', 'similar_color_4', 'similar_color_10', 'similar_color_5', 'similar_color_9', 'similar_color_3', 'color_match']
number opened: 0
TRIAL 2
Action chosen: (heart, blue)
Outcome: False
partcle ids: ['generator_1', 'generator_2', 'color_match', 'similar_color_5', 'similar_color_5', 'similar_color_6', 'generator_3', 'generator_4', 'color_match', 'similar_color_8', 'generator_5', 'number_match', 'similar_color_8', 'similar_color_4', 'similar_color_11', 'similar_color_8', 'shape_match', 'similar_color_9', 'similar_color_2', 'similar_color_11', 'similar_color_12', 'similar_color_4', 'similar_color_14', 'similar_color_2', 'similar_color_4', 'similar_color_10', 'similar_color_5', 'similar_color_9', 'similar_color_3', 'color_match']
number opened: 0
TRIAL 3
Action chosen: (blue, blue)
Outcome: False
partcle ids: ['generator_1', 'generator_2', 'color_match', 'similar_color_5', 'similar_color_5', 'similar_color_6', 'generator_3', 'generator_4', 'color_match', 'similar_color_8', 'generator_5', 'number_match', 'similar_color_8', 'similar_color_4', 'similar_color_11', 'similar_color_8', 'shape_match', 'similar_color_9', 'similar_color_2', 'similar_color_11', 'similar_color_12', 'similar_color_4', 'similar_color_14', 'similar_color_2', 'similar_color_4', 'similar_color_10', 'similar_color_5', 'similar_color_9', 'similar_color_3', 'color_match']
number opened: 0
TRIAL 4
Action chosen: (heart, blue)
Outcome: False
partcle ids: ['generator_1', 'generator_2', 'color_match', 'similar_color_5', 'similar_color_5', 'similar_color_6', 'generator_3', 'generator_4', 'color_match', 'similar_color_8', 'generator_5', 'number_match', 'similar_color_8', 'similar_color_4', 'similar_color_11', 'similar_color_8', 'shape_match', 'similar_color_9', 'similar_color_2', 'similar_color_11', 'similar_color_12', 'similar_color_4', 'similar_color_14', 'similar_color_2', 'similar_color_4', 'similar_color_10', 'similar_color_5', 'similar_color_9', 'similar_color_3', 'color_match']
number opened: 0
TRIAL 5
Action chosen: (blue, blue)
Outcome: False
partcle ids: ['generator_1', 'generator_2', 'color_match', 'similar_color_5', 'similar_color_5', 'similar_color_6', 'generator_3', 'generator_4', 'color_match', 'similar_color_8', 'generator_5', 'number_match', 'similar_color_8', 'similar_color_4', 'similar_color_11', 'similar_color_8', 'shape_match', 'similar_color_9', 'similar_color_2', 'similar_color_11', 'similar_color_12', 'similar_color_4', 'similar_color_14', 'similar_color_2', 'similar_color_4', 'similar_color_10', 'similar_color_5', 'similar_color_9', 'similar_color_3', 'color_match']
number opened: 0
TRIAL 6
Action chosen: (heart, blue)
Outcome: False
partcle ids: ['generator_1', 'generator_2', 'color_match', 'similar_color_5', 'similar_color_5', 'similar_color_6', 'generator_3', 'generator_4', 'color_match', 'similar_color_8', 'generator_5', 'number_match', 'similar_color_8', 'similar_color_4', 'similar_color_11', 'similar_color_8', 'shape_match', 'similar_color_9', 'similar_color_2', 'similar_color_11', 'similar_color_12', 'similar_color_4', 'similar_color_14', 'similar_color_2', 'similar_color_4', 'similar_color_10', 'similar_color_5', 'similar_color_9', 'similar_color_3', 'color_match']
number opened: 0
TRIAL 7
Action chosen: (green3, blue)
Outcome: False
partcle ids: ['generator_1', 'generator_2', 'color_match', 'similar_color_5', 'similar_color_5', 'similar_color_6', 'generator_3', 'generator_4', 'color_match', 'similar_color_8', 'generator_5', 'number_match', 'similar_color_8', 'similar_color_4', 'similar_color_11', 'similar_color_8', 'shape_match', 'similar_color_9', 'similar_color_2', 'similar_color_11', 'similar_color_12', 'similar_color_4', 'similar_color_14', 'similar_color_2', 'similar_color_4', 'similar_color_10', 'similar_color_5', 'similar_color_9', 'similar_color_3', 'color_match']
number opened: 0
TRIAL 8
Action chosen: (blue, blue)
Outcome: False
partcle ids: ['generator_1', 'generator_2', 'color_match', 'similar_color_5', 'similar_color_5', 'similar_color_6', 'generator_3', 'generator_4', 'color_match', 'similar_color_8', 'generator_5', 'number_match', 'similar_color_8', 'similar_color_4', 'similar_color_11', 'similar_color_8', 'shape_match', 'similar_color_9', 'similar_color_2', 'similar_color_11', 'similar_color_12', 'similar_color_4', 'similar_color_14', 'similar_color_2', 'similar_color_4', 'similar_color_10', 'similar_color_5', 'similar_color_9', 'similar_color_3', 'color_match']
number opened: 0
TRIAL 9
Action chosen: (heart, blue)
Outcome: False
partcle ids: ['generator_1', 'generator_2', 'color_match', 'similar_color_5', 'similar_color_5', 'similar_color_6', 'generator_3', 'generator_4', 'color_match', 'similar_color_8', 'generator_5', 'number_match', 'similar_color_8', 'similar_color_4', 'similar_color_11', 'similar_color_8', 'shape_match', 'similar_color_9', 'similar_color_2', 'similar_color_11', 'similar_color_12', 'similar_color_4', 'similar_color_14', 'similar_color_2', 'similar_color_4', 'similar_color_10', 'similar_color_5', 'similar_color_9', 'similar_color_3', 'color_match']
number opened: 0
TRIAL 10
Action chosen: (blue, blue)
Outcome: False
partcle ids: ['generator_1', 'generator_2', 'color_match', 'similar_color_5', 'similar_color_5', 'similar_color_6', 'generator_3', 'generator_4', 'color_match', 'similar_color_8', 'generator_5', 'number_match', 'similar_color_8', 'similar_color_4', 'similar_color_11', 'similar_color_8', 'shape_match', 'similar_color_9', 'similar_color_2', 'similar_color_11', 'similar_color_12', 'similar_color_4', 'similar_color_14', 'similar_color_2', 'similar_color_4', 'similar_color_10', 'similar_color_5', 'similar_color_9', 'similar_color_3', 'color_match']
number opened: 0
TRIAL 11
Action chosen: (green3, blue)
Outcome: False
partcle ids: ['generator_1', 'generator_2', 'color_match', 'similar_color_5', 'similar_color_5', 'similar_color_6', 'generator_3', 'generator_4', 'color_match', 'similar_color_8', 'generator_5', 'number_match', 'similar_color_8', 'similar_color_4', 'similar_color_11', 'similar_color_8', 'shape_match', 'similar_color_9', 'similar_color_2', 'similar_color_11', 'similar_color_12', 'similar_color_4', 'similar_color_14', 'similar_color_2', 'similar_color_4', 'similar_color_10', 'similar_color_5', 'similar_color_9', 'similar_color_3', 'color_match']
number opened: 0
TRIAL 12
Action chosen: (heart, blue)
Outcome: False
partcle ids: ['generator_1', 'generator_2', 'color_match', 'similar_color_5', 'similar_color_5', 'similar_color_6', 'generator_3', 'generator_4', 'color_match', 'similar_color_8', 'generator_5', 'number_match', 'similar_color_8', 'similar_color_4', 'similar_color_11', 'similar_color_8', 'shape_match', 'similar_color_9', 'similar_color_2', 'similar_color_11', 'similar_color_12', 'similar_color_4', 'similar_color_14', 'similar_color_2', 'similar_color_4', 'similar_color_10', 'similar_color_5', 'similar_color_9', 'similar_color_3', 'color_match']
number opened: 0
TRIAL 13
Action chosen: (green3, blue)
Outcome: False
partcle ids: ['generator_1', 'generator_2', 'color_match', 'similar_color_5', 'similar_color_5', 'similar_color_6', 'generator_3', 'generator_4', 'color_match', 'similar_color_8', 'generator_5', 'number_match', 'similar_color_8', 'similar_color_4', 'similar_color_11', 'similar_color_8', 'shape_match', 'similar_color_9', 'similar_color_2', 'similar_color_11', 'similar_color_12', 'similar_color_4', 'similar_color_14', 'similar_color_2', 'similar_color_4', 'similar_color_10', 'similar_color_5', 'similar_color_9', 'similar_color_3', 'color_match']
number opened: 0
TRIAL 14
Action chosen: (blue, blue)
Outcome: False
partcle ids: ['generator_1', 'generator_2', 'color_match', 'similar_color_5', 'similar_color_5', 'similar_color_6', 'generator_3', 'generator_4', 'color_match', 'similar_color_8', 'generator_5', 'number_match', 'similar_color_8', 'similar_color_4', 'similar_color_11', 'similar_color_8', 'shape_match', 'similar_color_9', 'similar_color_2', 'similar_color_11', 'similar_color_12', 'similar_color_4', 'similar_color_14', 'similar_color_2', 'similar_color_4', 'similar_color_10', 'similar_color_5', 'similar_color_9', 'similar_color_3', 'color_match']
number opened: 0
TRIAL 15
Action chosen: (heart, blue)
Outcome: False
partcle ids: ['generator_1', 'generator_2', 'color_match', 'similar_color_5', 'similar_color_5', 'similar_color_6', 'generator_3', 'generator_4', 'color_match', 'similar_color_8', 'generator_5', 'number_match', 'similar_color_8', 'similar_color_4', 'similar_color_11', 'similar_color_8', 'shape_match', 'similar_color_9', 'similar_color_2', 'similar_color_11', 'similar_color_12', 'similar_color_4', 'similar_color_14', 'similar_color_2', 'similar_color_4', 'similar_color_10', 'similar_color_5', 'similar_color_9', 'similar_color_3', 'color_match']
number opened: 0
TRIAL 16
Action chosen: (yellow5, white)
Outcome: False
partcle ids: ['generator_1', 'generator_2', 'color_match', 'similar_color_5', 'similar_color_5', 'similar_color_6', 'generator_3', 'generator_4', 'color_match', 'similar_color_8', 'generator_5', 'number_match', 'similar_color_8', 'similar_color_4', 'similar_color_11', 'similar_color_8', 'shape_match', 'similar_color_9', 'similar_color_2', 'similar_color_11', 'similar_color_12', 'similar_color_4', 'similar_color_14', 'similar_color_2', 'similar_color_4', 'similar_color_10', 'similar_color_5', 'similar_color_9', 'similar_color_3', 'color_match']
number opened: 0
TRIAL 17
Action chosen: (yellow5, blue)
Outcome: True
partcle ids: ['generator_6', 'generator_7', 'generator_8', 'generator_5', 'generator_9', 'generator_10', 'generator_11', 'generator_12', 'generator_13', 'generator_14', 'generator_15', 'generator_16', 'generator_17', 'generator_18', 'generator_19', 'generator_20', 'generator_21', 'generator_5', 'number_match', 'generator_22', 'generator_23', 'generator_24', 'generator_25', 'generator_26', 'order_match', 'generator_27', 'generator_28', 'generator_29', 'generator_30', 'generator_31']
number opened: 1
TRIAL 18
Action chosen: (triangle, white)
Outcome: False
partcle ids: ['generator_6', 'generator_7', 'generator_8', 'generator_5', 'generator_9', 'generator_10', 'generator_11', 'generator_12', 'generator_13', 'generator_14', 'generator_15', 'generator_16', 'generator_17', 'generator_18', 'generator_19', 'generator_20', 'generator_21', 'generator_5', 'number_match', 'generator_22', 'generator_23', 'generator_24', 'generator_25', 'generator_26', 'order_match', 'generator_27', 'generator_28', 'generator_29', 'generator_30', 'generator_31']
number opened: 1
TRIAL 19
Action chosen: (red, red)
Outcome: True
partcle ids: ['generator_32', 'generator_33', 'generator_34', 'generator_35', 'generator_36', 'generator_37', 'generator_38', 'generator_39', 'generator_40', 'generator_41', 'generator_42', 'generator_43', 'generator_19', 'generator_44', 'generator_45', 'generator_46', 'generator_47', 'generator_48', 'generator_49', 'generator_50', 'generator_51', 'generator_17', 'generator_52', 'generator_53', 'generator_54', 'generator_55', 'generator_56', 'generator_57', 'generator_58', 'generator_18']
number opened: 2
TRIAL 20
Action chosen: (blue, purple)
Outcome: False
partcle ids: ['generator_32', 'generator_33', 'generator_34', 'generator_35', 'generator_36', 'generator_37', 'generator_38', 'generator_39', 'generator_40', 'generator_41', 'generator_42', 'generator_43', 'generator_19', 'generator_44', 'generator_45', 'generator_46', 'generator_47', 'generator_48', 'generator_49', 'generator_50', 'generator_51', 'generator_17', 'generator_52', 'generator_53', 'generator_54', 'generator_55', 'generator_56', 'generator_57', 'generator_58', 'generator_18']
number opened: 2
TRIAL 21
Action chosen: (diamond, pink)
Outcome: False
partcle ids: ['generator_32', 'generator_33', 'generator_34', 'generator_35', 'generator_36', 'generator_37', 'generator_38', 'generator_39', 'generator_40', 'generator_41', 'generator_42', 'generator_43', 'generator_19', 'generator_44', 'generator_45', 'generator_46', 'generator_47', 'generator_48', 'generator_49', 'generator_50', 'generator_51', 'generator_17', 'generator_52', 'generator_53', 'generator_54', 'generator_55', 'generator_56', 'generator_57', 'generator_58', 'generator_18']
number opened: 2
TRIAL 22
Action chosen: (diamond, white)
Outcome: False
partcle ids: ['generator_32', 'generator_33', 'generator_34', 'generator_35', 'generator_36', 'generator_37', 'generator_38', 'generator_39', 'generator_40', 'generator_41', 'generator_42', 'generator_43', 'generator_19', 'generator_44', 'generator_45', 'generator_46', 'generator_47', 'generator_48', 'generator_49', 'generator_50', 'generator_51', 'generator_17', 'generator_52', 'generator_53', 'generator_54', 'generator_55', 'generator_56', 'generator_57', 'generator_58', 'generator_18']
number opened: 2
TRIAL 23
Action chosen: (purple, white)
Outcome: False
partcle ids: ['generator_32', 'generator_33', 'generator_34', 'generator_35', 'generator_36', 'generator_37', 'generator_38', 'generator_39', 'generator_40', 'generator_41', 'generator_42', 'generator_43', 'generator_19', 'generator_44', 'generator_45', 'generator_46', 'generator_47', 'generator_48', 'generator_49', 'generator_50', 'generator_51', 'generator_17', 'generator_52', 'generator_53', 'generator_54', 'generator_55', 'generator_56', 'generator_57', 'generator_58', 'generator_18']
number opened: 2
TRIAL 24
Action chosen: (orange4, purple)
Outcome: False
partcle ids: ['generator_32', 'generator_33', 'generator_34', 'generator_35', 'generator_36', 'generator_37', 'generator_38', 'generator_39', 'generator_40', 'generator_41', 'generator_42', 'generator_43', 'generator_19', 'generator_44', 'generator_45', 'generator_46', 'generator_47', 'generator_48', 'generator_49', 'generator_50', 'generator_51', 'generator_17', 'generator_52', 'generator_53', 'generator_54', 'generator_55', 'generator_56', 'generator_57', 'generator_58', 'generator_18']
number opened: 2
TRIAL 25
Action chosen: (blue, purple)
Outcome: False
partcle ids: ['generator_32', 'generator_33', 'generator_34', 'generator_35', 'generator_36', 'generator_37', 'generator_38', 'generator_39', 'generator_40', 'generator_41', 'generator_42', 'generator_43', 'generator_19', 'generator_44', 'generator_45', 'generator_46', 'generator_47', 'generator_48', 'generator_49', 'generator_50', 'generator_51', 'generator_17', 'generator_52', 'generator_53', 'generator_54', 'generator_55', 'generator_56', 'generator_57', 'generator_58', 'generator_18']
number opened: 2
TRIAL 26
Action chosen: (diamond, pink)
Outcome: False
partcle ids: ['generator_32', 'generator_33', 'generator_34', 'generator_35', 'generator_36', 'generator_37', 'generator_38', 'generator_39', 'generator_40', 'generator_41', 'generator_42', 'generator_43', 'generator_19', 'generator_44', 'generator_45', 'generator_46', 'generator_47', 'generator_48', 'generator_49', 'generator_50', 'generator_51', 'generator_17', 'generator_52', 'generator_53', 'generator_54', 'generator_55', 'generator_56', 'generator_57', 'generator_58', 'generator_18']
number opened: 2
TRIAL 27
Action chosen: (diamond, white)
Outcome: False
partcle ids: ['generator_32', 'generator_33', 'generator_34', 'generator_35', 'generator_36', 'generator_37', 'generator_38', 'generator_39', 'generator_40', 'generator_41', 'generator_42', 'generator_43', 'generator_19', 'generator_44', 'generator_45', 'generator_46', 'generator_47', 'generator_48', 'generator_49', 'generator_50', 'generator_51', 'generator_17', 'generator_52', 'generator_53', 'generator_54', 'generator_55', 'generator_56', 'generator_57', 'generator_58', 'generator_18']
number opened: 2
TRIAL 28
Action chosen: (diamond, purple)
Outcome: False
partcle ids: ['generator_32', 'generator_33', 'generator_34', 'generator_35', 'generator_36', 'generator_37', 'generator_38', 'generator_39', 'generator_40', 'generator_41', 'generator_42', 'generator_43', 'generator_19', 'generator_44', 'generator_45', 'generator_46', 'generator_47', 'generator_48', 'generator_49', 'generator_50', 'generator_51', 'generator_17', 'generator_52', 'generator_53', 'generator_54', 'generator_55', 'generator_56', 'generator_57', 'generator_58', 'generator_18']
number opened: 2
TRIAL 29
Action chosen: (blue, white)
Outcome: False
partcle ids: ['generator_32', 'generator_33', 'generator_34', 'generator_35', 'generator_36', 'generator_37', 'generator_38', 'generator_39', 'generator_40', 'generator_41', 'generator_42', 'generator_43', 'generator_19', 'generator_44', 'generator_45', 'generator_46', 'generator_47', 'generator_48', 'generator_49', 'generator_50', 'generator_51', 'generator_17', 'generator_52', 'generator_53', 'generator_54', 'generator_55', 'generator_56', 'generator_57', 'generator_58', 'generator_18']
number opened: 2
TRIAL 30
Action chosen: (purple, white)
Outcome: False
partcle ids: ['generator_32', 'generator_33', 'generator_34', 'generator_35', 'generator_36', 'generator_37', 'generator_38', 'generator_39', 'generator_40', 'generator_41', 'generator_42', 'generator_43', 'generator_19', 'generator_44', 'generator_45', 'generator_46', 'generator_47', 'generator_48', 'generator_49', 'generator_50', 'generator_51', 'generator_17', 'generator_52', 'generator_53', 'generator_54', 'generator_55', 'generator_56', 'generator_57', 'generator_58', 'generator_18']
number opened: 2
TRIAL 31
Action chosen: (blue, purple)
Outcome: False
partcle ids: ['generator_32', 'generator_33', 'generator_34', 'generator_35', 'generator_36', 'generator_37', 'generator_38', 'generator_39', 'generator_40', 'generator_41', 'generator_42', 'generator_43', 'generator_19', 'generator_44', 'generator_45', 'generator_46', 'generator_47', 'generator_48', 'generator_49', 'generator_50', 'generator_51', 'generator_17', 'generator_52', 'generator_53', 'generator_54', 'generator_55', 'generator_56', 'generator_57', 'generator_58', 'generator_18']
number opened: 2
TRIAL 32
Action chosen: (orange4, purple)
Outcome: False
partcle ids: ['generator_32', 'generator_33', 'generator_34', 'generator_35', 'generator_36', 'generator_37', 'generator_38', 'generator_39', 'generator_40', 'generator_41', 'generator_42', 'generator_43', 'generator_19', 'generator_44', 'generator_45', 'generator_46', 'generator_47', 'generator_48', 'generator_49', 'generator_50', 'generator_51', 'generator_17', 'generator_52', 'generator_53', 'generator_54', 'generator_55', 'generator_56', 'generator_57', 'generator_58', 'generator_18']
number opened: 2
TRIAL 33
Action chosen: (diamond, pink)
Outcome: False
partcle ids: ['generator_32', 'generator_33', 'generator_34', 'generator_35', 'generator_36', 'generator_37', 'generator_38', 'generator_39', 'generator_40', 'generator_41', 'generator_42', 'generator_43', 'generator_19', 'generator_44', 'generator_45', 'generator_46', 'generator_47', 'generator_48', 'generator_49', 'generator_50', 'generator_51', 'generator_17', 'generator_52', 'generator_53', 'generator_54', 'generator_55', 'generator_56', 'generator_57', 'generator_58', 'generator_18']
number opened: 2
TRIAL 34
Action chosen: (diamond, white)
Outcome: False
partcle ids: ['generator_32', 'generator_33', 'generator_34', 'generator_35', 'generator_36', 'generator_37', 'generator_38', 'generator_39', 'generator_40', 'generator_41', 'generator_42', 'generator_43', 'generator_19', 'generator_44', 'generator_45', 'generator_46', 'generator_47', 'generator_48', 'generator_49', 'generator_50', 'generator_51', 'generator_17', 'generator_52', 'generator_53', 'generator_54', 'generator_55', 'generator_56', 'generator_57', 'generator_58', 'generator_18']
number opened: 2
TRIAL 35
Action chosen: (diamond, purple)
Outcome: False
partcle ids: ['generator_32', 'generator_33', 'generator_34', 'generator_35', 'generator_36', 'generator_37', 'generator_38', 'generator_39', 'generator_40', 'generator_41', 'generator_42', 'generator_43', 'generator_19', 'generator_44', 'generator_45', 'generator_46', 'generator_47', 'generator_48', 'generator_49', 'generator_50', 'generator_51', 'generator_17', 'generator_52', 'generator_53', 'generator_54', 'generator_55', 'generator_56', 'generator_57', 'generator_58', 'generator_18']
number opened: 2
TRIAL 36
Action chosen: (white, purple)
Outcome: False
partcle ids: ['generator_32', 'generator_33', 'generator_34', 'generator_35', 'generator_36', 'generator_37', 'generator_38', 'generator_39', 'generator_40', 'generator_41', 'generator_42', 'generator_43', 'generator_19', 'generator_44', 'generator_45', 'generator_46', 'generator_47', 'generator_48', 'generator_49', 'generator_50', 'generator_51', 'generator_17', 'generator_52', 'generator_53', 'generator_54', 'generator_55', 'generator_56', 'generator_57', 'generator_58', 'generator_18']
number opened: 2
TRIAL 37
Action chosen: (blue, white)
Outcome: False
partcle ids: ['generator_32', 'generator_33', 'generator_34', 'generator_35', 'generator_36', 'generator_37', 'generator_38', 'generator_39', 'generator_40', 'generator_41', 'generator_42', 'generator_43', 'generator_19', 'generator_44', 'generator_45', 'generator_46', 'generator_47', 'generator_48', 'generator_49', 'generator_50', 'generator_51', 'generator_17', 'generator_52', 'generator_53', 'generator_54', 'generator_55', 'generator_56', 'generator_57', 'generator_58', 'generator_18']
number opened: 2
TRIAL 38
Action chosen: (blue, purple)
Outcome: False
partcle ids: ['generator_32', 'generator_33', 'generator_34', 'generator_35', 'generator_36', 'generator_37', 'generator_38', 'generator_39', 'generator_40', 'generator_41', 'generator_42', 'generator_43', 'generator_19', 'generator_44', 'generator_45', 'generator_46', 'generator_47', 'generator_48', 'generator_49', 'generator_50', 'generator_51', 'generator_17', 'generator_52', 'generator_53', 'generator_54', 'generator_55', 'generator_56', 'generator_57', 'generator_58', 'generator_18']
number opened: 2
TRIAL 39
Action chosen: (orange4, purple)
Outcome: False
partcle ids: ['generator_32', 'generator_33', 'generator_34', 'generator_35', 'generator_36', 'generator_37', 'generator_38', 'generator_39', 'generator_40', 'generator_41', 'generator_42', 'generator_43', 'generator_19', 'generator_44', 'generator_45', 'generator_46', 'generator_47', 'generator_48', 'generator_49', 'generator_50', 'generator_51', 'generator_17', 'generator_52', 'generator_53', 'generator_54', 'generator_55', 'generator_56', 'generator_57', 'generator_58', 'generator_18']
number opened: 2
TRIAL 40
Action chosen: (diamond, pink)
Outcome: False
partcle ids: ['generator_32', 'generator_33', 'generator_34', 'generator_35', 'generator_36', 'generator_37', 'generator_38', 'generator_39', 'generator_40', 'generator_41', 'generator_42', 'generator_43', 'generator_19', 'generator_44', 'generator_45', 'generator_46', 'generator_47', 'generator_48', 'generator_49', 'generator_50', 'generator_51', 'generator_17', 'generator_52', 'generator_53', 'generator_54', 'generator_55', 'generator_56', 'generator_57', 'generator_58', 'generator_18']
number opened: 2
TRIAL 41
Action chosen: (purple, white)
Outcome: False
partcle ids: ['generator_32', 'generator_33', 'generator_34', 'generator_35', 'generator_36', 'generator_37', 'generator_38', 'generator_39', 'generator_40', 'generator_41', 'generator_42', 'generator_43', 'generator_19', 'generator_44', 'generator_45', 'generator_46', 'generator_47', 'generator_48', 'generator_49', 'generator_50', 'generator_51', 'generator_17', 'generator_52', 'generator_53', 'generator_54', 'generator_55', 'generator_56', 'generator_57', 'generator_58', 'generator_18']
number opened: 2
TRIAL 42
Action chosen: (purple, pink)
Outcome: False
partcle ids: ['generator_32', 'generator_33', 'generator_34', 'generator_35', 'generator_36', 'generator_37', 'generator_38', 'generator_39', 'generator_40', 'generator_41', 'generator_42', 'generator_43', 'generator_19', 'generator_44', 'generator_45', 'generator_46', 'generator_47', 'generator_48', 'generator_49', 'generator_50', 'generator_51', 'generator_17', 'generator_52', 'generator_53', 'generator_54', 'generator_55', 'generator_56', 'generator_57', 'generator_58', 'generator_18']
number opened: 2
TRIAL 43
Action chosen: (diamond, white)
Outcome: False
partcle ids: ['generator_32', 'generator_33', 'generator_34', 'generator_35', 'generator_36', 'generator_37', 'generator_38', 'generator_39', 'generator_40', 'generator_41', 'generator_42', 'generator_43', 'generator_19', 'generator_44', 'generator_45', 'generator_46', 'generator_47', 'generator_48', 'generator_49', 'generator_50', 'generator_51', 'generator_17', 'generator_52', 'generator_53', 'generator_54', 'generator_55', 'generator_56', 'generator_57', 'generator_58', 'generator_18']
number opened: 2
TRIAL 44
Action chosen: (white, purple)
Outcome: False
partcle ids: ['generator_32', 'generator_33', 'generator_34', 'generator_35', 'generator_36', 'generator_37', 'generator_38', 'generator_39', 'generator_40', 'generator_41', 'generator_42', 'generator_43', 'generator_19', 'generator_44', 'generator_45', 'generator_46', 'generator_47', 'generator_48', 'generator_49', 'generator_50', 'generator_51', 'generator_17', 'generator_52', 'generator_53', 'generator_54', 'generator_55', 'generator_56', 'generator_57', 'generator_58', 'generator_18']
number opened: 2
TRIAL 45
Action chosen: (heart, white)
Outcome: False
partcle ids: ['generator_32', 'generator_33', 'generator_34', 'generator_35', 'generator_36', 'generator_37', 'generator_38', 'generator_39', 'generator_40', 'generator_41', 'generator_42', 'generator_43', 'generator_19', 'generator_44', 'generator_45', 'generator_46', 'generator_47', 'generator_48', 'generator_49', 'generator_50', 'generator_51', 'generator_17', 'generator_52', 'generator_53', 'generator_54', 'generator_55', 'generator_56', 'generator_57', 'generator_58', 'generator_18']
number opened: 2
TRIAL 46
Action chosen: (triangle, pink)
Outcome: False
partcle ids: ['generator_32', 'generator_33', 'generator_34', 'generator_35', 'generator_36', 'generator_37', 'generator_38', 'generator_39', 'generator_40', 'generator_41', 'generator_42', 'generator_43', 'generator_19', 'generator_44', 'generator_45', 'generator_46', 'generator_47', 'generator_48', 'generator_49', 'generator_50', 'generator_51', 'generator_17', 'generator_52', 'generator_53', 'generator_54', 'generator_55', 'generator_56', 'generator_57', 'generator_58', 'generator_18']
number opened: 2
TRIAL 47
Action chosen: (blue, white)
Outcome: False
partcle ids: ['generator_32', 'generator_33', 'generator_34', 'generator_35', 'generator_36', 'generator_37', 'generator_38', 'generator_39', 'generator_40', 'generator_41', 'generator_42', 'generator_43', 'generator_19', 'generator_44', 'generator_45', 'generator_46', 'generator_47', 'generator_48', 'generator_49', 'generator_50', 'generator_51', 'generator_17', 'generator_52', 'generator_53', 'generator_54', 'generator_55', 'generator_56', 'generator_57', 'generator_58', 'generator_18']
number opened: 2
TRIAL 48
Action chosen: (diamond, pink)
Outcome: False
partcle ids: ['generator_32', 'generator_33', 'generator_34', 'generator_35', 'generator_36', 'generator_37', 'generator_38', 'generator_39', 'generator_40', 'generator_41', 'generator_42', 'generator_43', 'generator_19', 'generator_44', 'generator_45', 'generator_46', 'generator_47', 'generator_48', 'generator_49', 'generator_50', 'generator_51', 'generator_17', 'generator_52', 'generator_53', 'generator_54', 'generator_55', 'generator_56', 'generator_57', 'generator_58', 'generator_18']
number opened: 2
TRIAL 49
Action chosen: (blue, purple)
Outcome: False
partcle ids: ['generator_32', 'generator_33', 'generator_34', 'generator_35', 'generator_36', 'generator_37', 'generator_38', 'generator_39', 'generator_40', 'generator_41', 'generator_42', 'generator_43', 'generator_19', 'generator_44', 'generator_45', 'generator_46', 'generator_47', 'generator_48', 'generator_49', 'generator_50', 'generator_51', 'generator_17', 'generator_52', 'generator_53', 'generator_54', 'generator_55', 'generator_56', 'generator_57', 'generator_58', 'generator_18']
number opened: 2
TRIAL 50
Action chosen: (purple, white)
Outcome: False
partcle ids: ['generator_32', 'generator_33', 'generator_34', 'generator_35', 'generator_36', 'generator_37', 'generator_38', 'generator_39', 'generator_40', 'generator_41', 'generator_42', 'generator_43', 'generator_19', 'generator_44', 'generator_45', 'generator_46', 'generator_47', 'generator_48', 'generator_49', 'generator_50', 'generator_51', 'generator_17', 'generator_52', 'generator_53', 'generator_54', 'generator_55', 'generator_56', 'generator_57', 'generator_58', 'generator_18']
number opened: 2
TRIAL 51
Action chosen: (diamond, purple)
Outcome: False
partcle ids: ['generator_32', 'generator_33', 'generator_34', 'generator_35', 'generator_36', 'generator_37', 'generator_38', 'generator_39', 'generator_40', 'generator_41', 'generator_42', 'generator_43', 'generator_19', 'generator_44', 'generator_45', 'generator_46', 'generator_47', 'generator_48', 'generator_49', 'generator_50', 'generator_51', 'generator_17', 'generator_52', 'generator_53', 'generator_54', 'generator_55', 'generator_56', 'generator_57', 'generator_58', 'generator_18']
number opened: 2
TRIAL 52
Action chosen: (orange4, purple)
Outcome: False
partcle ids: ['generator_32', 'generator_33', 'generator_34', 'generator_35', 'generator_36', 'generator_37', 'generator_38', 'generator_39', 'generator_40', 'generator_41', 'generator_42', 'generator_43', 'generator_19', 'generator_44', 'generator_45', 'generator_46', 'generator_47', 'generator_48', 'generator_49', 'generator_50', 'generator_51', 'generator_17', 'generator_52', 'generator_53', 'generator_54', 'generator_55', 'generator_56', 'generator_57', 'generator_58', 'generator_18']
number opened: 2
TRIAL 53
Action chosen: (orange4, white)
Outcome: True
partcle ids: ['generator_59', 'generator_60', 'generator_61', 'generator_48', 'generator_48', 'generator_64', 'generator_65', 'generator_61', 'generator_66', 'generator_67', 'generator_68', 'generator_48', 'generator_69', 'generator_70', 'generator_70', 'number_match', 'generator_71', 'generator_67', 'generator_72', 'generator_73', 'generator_48', 'generator_48', 'generator_48', 'generator_67', 'generator_77', 'generator_78', 'generator_32', 'generator_71', 'generator_79', 'generator_48']
number opened: 3
TRIAL 54
Action chosen: (white, purple)
Outcome: False
partcle ids: ['generator_59', 'generator_60', 'generator_61', 'generator_48', 'generator_48', 'generator_64', 'generator_65', 'generator_61', 'generator_66', 'generator_67', 'generator_68', 'generator_48', 'generator_69', 'generator_70', 'generator_70', 'number_match', 'generator_71', 'generator_67', 'generator_72', 'generator_73', 'generator_48', 'generator_48', 'generator_48', 'generator_67', 'generator_77', 'generator_78', 'generator_32', 'generator_71', 'generator_79', 'generator_48']
number opened: 3
TRIAL 55
Action chosen: (heart, pink)
Outcome: False
partcle ids: ['generator_59', 'generator_60', 'generator_61', 'generator_48', 'generator_48', 'generator_64', 'generator_65', 'generator_61', 'generator_66', 'generator_67', 'generator_68', 'generator_48', 'generator_69', 'generator_70', 'generator_70', 'number_match', 'generator_71', 'generator_67', 'generator_72', 'generator_73', 'generator_48', 'generator_48', 'generator_48', 'generator_67', 'generator_77', 'generator_78', 'generator_32', 'generator_71', 'generator_79', 'generator_48']
number opened: 3
TRIAL 56
Action chosen: (pink, pink)
Outcome: False
partcle ids: ['generator_59', 'generator_60', 'generator_61', 'generator_48', 'generator_48', 'generator_64', 'generator_65', 'generator_61', 'generator_66', 'generator_67', 'generator_68', 'generator_48', 'generator_69', 'generator_70', 'generator_70', 'number_match', 'generator_71', 'generator_67', 'generator_72', 'generator_73', 'generator_48', 'generator_48', 'generator_48', 'generator_67', 'generator_77', 'generator_78', 'generator_32', 'generator_71', 'generator_79', 'generator_48']
number opened: 3
TRIAL 57
Action chosen: (white, purple)
Outcome: False
partcle ids: ['generator_59', 'generator_60', 'generator_61', 'generator_48', 'generator_48', 'generator_64', 'generator_65', 'generator_61', 'generator_66', 'generator_67', 'generator_68', 'generator_48', 'generator_69', 'generator_70', 'generator_70', 'number_match', 'generator_71', 'generator_67', 'generator_72', 'generator_73', 'generator_48', 'generator_48', 'generator_48', 'generator_67', 'generator_77', 'generator_78', 'generator_32', 'generator_71', 'generator_79', 'generator_48']
number opened: 3
TRIAL 58
Action chosen: (pink, pink)
Outcome: False
partcle ids: ['generator_59', 'generator_60', 'generator_61', 'generator_48', 'generator_48', 'generator_64', 'generator_65', 'generator_61', 'generator_66', 'generator_67', 'generator_68', 'generator_48', 'generator_69', 'generator_70', 'generator_70', 'number_match', 'generator_71', 'generator_67', 'generator_72', 'generator_73', 'generator_48', 'generator_48', 'generator_48', 'generator_67', 'generator_77', 'generator_78', 'generator_32', 'generator_71', 'generator_79', 'generator_48']
number opened: 3
TRIAL 59
Action chosen: (heart, pink)
Outcome: False
partcle ids: ['generator_59', 'generator_60', 'generator_61', 'generator_48', 'generator_48', 'generator_64', 'generator_65', 'generator_61', 'generator_66', 'generator_67', 'generator_68', 'generator_48', 'generator_69', 'generator_70', 'generator_70', 'number_match', 'generator_71', 'generator_67', 'generator_72', 'generator_73', 'generator_48', 'generator_48', 'generator_48', 'generator_67', 'generator_77', 'generator_78', 'generator_32', 'generator_71', 'generator_79', 'generator_48']
number opened: 3
TRIAL 60
Action chosen: (green3, purple)
Outcome: True
partcle ids: ['number_match', 'generator_81', 'generator_81', 'generator_82', 'generator_83', 'generator_84', 'generator_65', 'generator_61', 'generator_65', 'generator_83', 'number_match', 'generator_84', 'generator_65', 'generator_65', 'generator_82', 'generator_61', 'number_match', 'generator_84', 'generator_83', 'generator_83', 'generator_82', 'number_match', 'generator_65', 'generator_65', 'generator_65', 'generator_83', 'generator_83', 'generator_83', 'generator_83', 'generator_81']
number opened: 4
TRIAL 61
Action chosen: (white, pink)
Outcome: False
partcle ids: ['number_match', 'generator_81', 'generator_81', 'generator_82', 'generator_83', 'generator_84', 'generator_65', 'generator_61', 'generator_65', 'generator_83', 'number_match', 'generator_84', 'generator_65', 'generator_65', 'generator_82', 'generator_61', 'number_match', 'generator_84', 'generator_83', 'generator_83', 'generator_82', 'number_match', 'generator_65', 'generator_65', 'generator_65', 'generator_83', 'generator_83', 'generator_83', 'generator_83', 'generator_81']
number opened: 4
TRIAL 62
Action chosen: (blue, pink)
Outcome: False
partcle ids: ['number_match', 'generator_81', 'generator_81', 'generator_82', 'generator_83', 'generator_84', 'generator_65', 'generator_61', 'generator_65', 'generator_83', 'number_match', 'generator_84', 'generator_65', 'generator_65', 'generator_82', 'generator_61', 'number_match', 'generator_84', 'generator_83', 'generator_83', 'generator_82', 'number_match', 'generator_65', 'generator_65', 'generator_65', 'generator_83', 'generator_83', 'generator_83', 'generator_83', 'generator_81']
number opened: 4
TRIAL 63
Action chosen: (grey2, pink)
Outcome: True
partcle ids: ['number_match', 'number_match', 'number_match', 'number_match', 'number_match', 'number_match', 'number_match', 'number_match', 'number_match', 'number_match', 'number_match', 'number_match', 'number_match', 'number_match', 'number_match', 'number_match', 'number_match', 'number_match', 'number_match', 'number_match', 'number_match', 'number_match', 'number_match', 'number_match', 'number_match', 'number_match', 'number_match', 'number_match', 'number_match', 'number_match']
number opened: 5
{"attempts": 63, "unique_key_box_pairs": 25, "revisit_attempts": 38, "revisit_rate": 0.6129032258064516, "attempts_before_abandoning_color_matching": 1, "color_matching_abandoned": true}
