{"Child_ID": "D020", "SoC_variant": "SoC-Full", "theta": [1, 1], "p_gen": 0.3, "true_prior": 0.02, "run_number": 19, "seed": 7225337790444535891}
TRIAL 1
Action chosen: (blue, blue)
Outcome: False
partcle ids: ['similar_color_10', 'similar_color_2', 'similar_color_3', 'color_match', 'similar_color_12', 'similar_color_5', 'similar_color_14', 'shape_match', 'generator_1', 'similar_color_9', 'color_match', 'similar_color_8', 'number_match', 'similar_color_6', 'similar_color_2', 'similar_color_8', 'similar_color_9', 'similar_color_4', 'similar_color_12', 'similar_color_8', 'similar_color_8', 'color_match', 'similar_color_13', 'similar_color_10', 'generator_2', 'similar_color_2', 'similar_color_14', 'generator_3', 'generator_4', 'similar_color_9']
number opened: 0
TRIAL 2
Action chosen: (green3, blue)
Outcome: False
partcle ids: ['similar_color_10', 'similar_color_2', 'similar_color_3', 'color_match', 'similar_color_12', 'similar_color_5', 'similar_color_14', 'shape_match', 'generator_1', 'similar_color_9', 'color_match', 'similar_color_8', 'number_match', 'similar_color_6', 'similar_color_2', 'similar_color_8', 'similar_color_9', 'similar_color_4', 'similar_color_12', 'similar_color_8', 'similar_color_8', 'color_match', 'similar_color_13', 'similar_color_10', 'generator_2', 'similar_color_2', 'similar_color_14', 'generator_3', 'generator_4', 'similar_color_9']
number opened: 0
TRIAL 3
Action chosen: (blue, blue)
Outcome: False
partcle ids: ['similar_color_10', 'similar_color_2', 'similar_color_3', 'color_match', 'similar_color_12', 'similar_color_5', 'similar_color_14', 'shape_match', 'generator_1', 'similar_color_9', 'color_match', 'similar_color_8', 'number_match', 'similar_color_6', 'similar_color_2', 'similar_color_8', 'similar_color_9', 'similar_color_4', 'similar_color_12', 'similar_color_8', 'similar_color_8', 'color_match', 'similar_color_13', 'similar_color_10', 'generator_2', 'similar_color_2', 'similar_color_14', 'generator_3', 'generator_4', 'similar_color_9']
number opened: 0
TRIAL 4
Action chosen: (heart, blue)
Outcome: False
partcle ids: ['similar_color_10', 'similar_color_2', 'similar_color_3', 'color_match', 'similar_color_12', 'similar_color_5', 'similar_color_14', 'shape_match', 'generator_1', 'similar_color_9', 'color_match', 'similar_color_8', 'number_match', 'similar_color_6', 'similar_color_2', 'similar_color_8', 'similar_color_9', 'similar_color_4', 'similar_color_12', 'similar_color_8', 'similar_color_8', 'color_match', 'similar_color_13', 'similar_color_10', 'generator_2', 'similar_color_2', 'similar_color_14', 'generator_3', 'generator_4', 'similar_color_9']
number opened: 0
TRIAL 5
Action chosen: (green3, blue)
Outcome: False
partcle ids: ['similar_color_10', 'similar_color_2', 'similar_color_3', 'color_match', 'similar_color_12', 'similar_color_5', 'similar_color_14', 'shape_match', 'generator_1', 'similar_color_9', 'color_match', 'similar_color_8', 'number_match', 'similar_color_6', 'similar_color_2', 'similar_color_8', 'similar_color_9', 'similar_color_4', 'similar_color_12', 'similar_color_8', 'similar_color_8', 'color_match', 'similar_color_13', 'similar_color_10', 'generator_2', 'similar_color_2', 'similar_color_14', 'generator_3', 'generator_4', 'similar_color_9']
number opened: 0
TRIAL 6
Action chosen: (blue, blue)
Outcome: False
partcle ids: ['similar_color_10', 'similar_color_2', 'similar_color_3', 'color_match', 'similar_color_12', 'similar_color_5', 'similar_color_14', 'shape_match', 'generator_1', 'similar_color_9', 'color_match', 'similar_color_8', 'number_match', 'similar_color_6', 'similar_color_2', 'similar_color_8', 'similar_color_9', 'similar_color_4', 'similar_color_12', 'similar_color_8', 'similar_color_8', 'color_match', 'similar_color_13', 'similar_color_10', 'generator_2', 'similar_color_2', 'similar_color_14', 'generator_3', 'generator_4', 'similar_color_9']
number opened: 0
TRIAL 7
Action chosen: (heart, blue)
Outcome: False
partcle ids: ['similar_color_10', 'similar_color_2', 'similar_color_3', 'color_match', 'similar_color_12', 'similar_color_5', 'similar_color_14', 'shape_match', 'generator_1', 'similar_color_9', 'color_match', 'similar_color_8', 'number_match', 'similar_color_6', 'similar_color_2', 'similar_color_8', 'similar_color_9', 'similar_color_4', 'similar_color_12', 'similar_color_8', 'similar_color_8', 'color_match', 'similar_color_13', 'similar_color_10', 'generator_2', 'similar_color_2', 'similar_color_14', 'generator_3', 'generator_4', 'similar_color_9']
number opened: 0
TRIAL 8
Action chosen: (pink, pink)
Outcome: False
partcle ids: ['similar_color_10', 'similar_color_2', 'similar_color_3', 'color_match', 'similar_color_12', 'similar_color_5', 'similar_color_14', 'shape_match', 'generator_1', 'similar_color_9', 'color_match', 'similar_color_8', 'number_match', 'similar_color_6', 'similar_color_2', 'similar_color_8', 'similar_color_9', 'similar_color_4', 'similar_color_12', 'similar_color_8', 'similar_color_8', 'color_match', 'similar_color_13', 'similar_color_10', 'generator_2', 'similar_color_2', 'similar_color_14', 'generator_3', 'generator_4', 'similar_color_9']
number opened: 0
TRIAL 9
Action chosen: (purple, purple)
Outcome: False
partcle ids: ['similar_color_10', 'similar_color_2', 'similar_color_3', 'color_match', 'similar_color_12', 'similar_color_5', 'similar_color_14', 'shape_match', 'generator_1', 'similar_color_9', 'color_match', 'similar_color_8', 'number_match', 'similar_color_6', 'similar_color_2', 'similar_color_8', 'similar_color_9', 'similar_color_4', 'similar_color_12', 'similar_color_8', 'similar_color_8', 'color_match', 'similar_color_13', 'similar_color_10', 'generator_2', 'similar_color_2', 'similar_color_14', 'generator_3', 'generator_4', 'similar_color_9']
number opened: 0
TRIAL 10
Action chosen: (pink, pink)
Outcome: False
partcle ids: ['shape_match', 'generator_2', 'generator_5', 'generator_6', 'generator_3', 'generator_4', 'generator_4', 'generator_7', 'generator_8', 'generator_1', 'generator_3', 'generator_1', 'order_match', 'generator_9', 'generator_10', 'generator_11', 'generator_12', 'generator_13', 'order_match', 'generator_3', 'color_match', 'generator_2', 'similar_color_12', 'generator_2', 'generator_1', 'generator_14', 'generator_4', 'generator_1', 'generator_15', 'generator_3']
number opened: 0
TRIAL 11
Action chosen: (cloud, pink)
Outcome: False
partcle ids: ['shape_match', 'generator_2', 'generator_5', 'generator_6', 'generator_3', 'generator_4', 'generator_4', 'generator_7', 'generator_8', 'generator_1', 'generator_3', 'generator_1', 'order_match', 'generator_9', 'generator_10', 'generator_11', 'generator_12', 'generator_13', 'order_match', 'generator_3', 'color_match', 'generator_2', 'similar_color_12', 'generator_2', 'generator_1', 'generator_14', 'generator_4', 'generator_1', 'generator_15', 'generator_3']
number opened: 0
TRIAL 12
Action chosen: (triangle, purple)
Outcome: False
partcle ids: ['shape_match', 'generator_2', 'generator_5', 'generator_6', 'generator_3', 'generator_4', 'generator_4', 'generator_7', 'generator_8', 'generator_1', 'generator_3', 'generator_1', 'order_match', 'generator_9', 'generator_10', 'generator_11', 'generator_12', 'generator_13', 'order_match', 'generator_3', 'color_match', 'generator_2', 'similar_color_12', 'generator_2', 'generator_1', 'generator_14', 'generator_4', 'generator_1', 'generator_15', 'generator_3']
number opened: 0
TRIAL 13
Action chosen: (cloud, pink)
Outcome: False
partcle ids: ['shape_match', 'generator_2', 'generator_5', 'generator_6', 'generator_3', 'generator_4', 'generator_4', 'generator_7', 'generator_8', 'generator_1', 'generator_3', 'generator_1', 'order_match', 'generator_9', 'generator_10', 'generator_11', 'generator_12', 'generator_13', 'order_match', 'generator_3', 'color_match', 'generator_2', 'similar_color_12', 'generator_2', 'generator_1', 'generator_14', 'generator_4', 'generator_1', 'generator_15', 'generator_3']
number opened: 0
TRIAL 14
Action chosen: (red, red)
Outcome: True
partcle ids: ['similar_color_3', 'generator_16', 'similar_color_9', 'generator_12', 'similar_color_10', 'similar_color_12', 'similar_color_9', 'generator_17', 'order_match', 'generator_12', 'similar_color_2', 'similar_color_10', 'generator_12', 'generator_18', 'order_match', 'order_match', 'similar_color_12', 'order_match', 'generator_19', 'generator_20', 'order_match', 'order_match', 'generator_21', 'order_match', 'generator_22', 'order_match', 'similar_color_13', 'order_match', 'order_match', 'generator_23']
number opened: 1
TRIAL 15
Action chosen: (orange4, purple)
Outcome: False
partcle ids: ['similar_color_3', 'generator_16', 'similar_color_9', 'generator_12', 'similar_color_10', 'similar_color_12', 'similar_color_9', 'generator_17', 'order_match', 'generator_12', 'similar_color_2', 'similar_color_10', 'generator_12', 'generator_18', 'order_match', 'order_match', 'similar_color_12', 'order_match', 'generator_19', 'generator_20', 'order_match', 'order_match', 'generator_21', 'order_match', 'generator_22', 'order_match', 'similar_color_13', 'order_match', 'order_match', 'generator_23']
number opened: 1
TRIAL 16
Action chosen: (pink, pink)
Outcome: False
partcle ids: ['similar_color_3', 'generator_16', 'similar_color_9', 'generator_12', 'similar_color_10', 'similar_color_12', 'similar_color_9', 'generator_17', 'order_match', 'generator_12', 'similar_color_2', 'similar_color_10', 'generator_12', 'generator_18', 'order_match', 'order_match', 'similar_color_12', 'order_match', 'generator_19', 'generator_20', 'order_match', 'order_match', 'generator_21', 'order_match', 'generator_22', 'order_match', 'similar_color_13', 'order_match', 'order_match', 'generator_23']
number opened: 1
TRIAL 17
Action chosen: (orange4, purple)
Outcome: False
partcle ids: ['similar_color_3', 'generator_16', 'similar_color_9', 'generator_12', 'similar_color_10', 'similar_color_12', 'similar_color_9', 'generator_17', 'order_match', 'generator_12', 'similar_color_2', 'similar_color_10', 'generator_12', 'generator_18', 'order_match', 'order_match', 'similar_color_12', 'order_match', 'generator_19', 'generator_20', 'order_match', 'order_match', 'generator_21', 'order_match', 'generator_22', 'order_match', 'similar_color_13', 'order_match', 'order_match', 'generator_23']
number opened: 1
TRIAL 18
Action chosen: (pink, pink)
Outcome: False
partcle ids: ['similar_color_3', 'generator_16', 'similar_color_9', 'generator_12', 'similar_color_10', 'similar_color_12', 'similar_color_9', 'generator_17', 'order_match', 'generator_12', 'similar_color_2', 'similar_color_10', 'generator_12', 'generator_18', 'order_match', 'order_match', 'similar_color_12', 'order_match', 'generator_19', 'generator_20', 'order_match', 'order_match', 'generator_21', 'order_match', 'generator_22', 'order_match', 'similar_color_13', 'order_match', 'order_match', 'generator_23']
number opened: 1
TRIAL 19
Action chosen: (green3, blue)
Outcome: False
partcle ids: ['similar_color_3', 'generator_16', 'similar_color_9', 'generator_12', 'similar_color_10', 'similar_color_12', 'similar_color_9', 'generator_17', 'order_match', 'generator_12', 'similar_color_2', 'similar_color_10', 'generator_12', 'generator_18', 'order_match', 'order_match', 'similar_color_12', 'order_match', 'generator_19', 'generator_20', 'order_match', 'order_match', 'generator_21', 'order_match', 'generator_22', 'order_match', 'similar_color_13', 'order_match', 'order_match', 'generator_23']
number opened: 1
TRIAL 20
Action chosen: (grey2, pink)
Outcome: True
partcle ids: ['generator_24', 'generator_25', 'generator_26', 'generator_27', 'generator_18', 'generator_28', 'generator_29', 'generator_30', 'generator_31', 'generator_32', 'generator_33', 'number_match', 'order_match', 'generator_34', 'generator_35', 'generator_36', 'generator_37', 'generator_38', 'generator_39', 'generator_40', 'generator_41', 'generator_42', 'generator_43', 'generator_44', 'order_match', 'number_match', 'generator_45', 'generator_46', 'generator_47', 'generator_48']
number opened: 2
TRIAL 21
Action chosen: (yellow5, blue)
Outcome: True
partcle ids: ['number_match', 'generator_49', 'generator_50', 'generator_51', 'generator_52', 'generator_53', 'generator_54', 'generator_55', 'generator_56', 'generator_24', 'order_match', 'generator_58', 'generator_59', 'generator_55', 'generator_60', 'generator_61', 'order_match', 'generator_50', 'generator_62', 'generator_63', 'generator_64', 'generator_24', 'generator_24', 'generator_54', 'generator_66', 'generator_34', 'generator_68', 'number_match', 'generator_40', 'generator_70']
number opened: 3
TRIAL 22
Action chosen: (green3, white)
Outcome: False
partcle ids: ['number_match', 'generator_49', 'generator_50', 'generator_51', 'generator_52', 'generator_53', 'generator_54', 'generator_55', 'generator_56', 'generator_24', 'order_match', 'generator_58', 'generator_59', 'generator_55', 'generator_60', 'generator_61', 'order_match', 'generator_50', 'generator_62', 'generator_63', 'generator_64', 'generator_24', 'generator_24', 'generator_54', 'generator_66', 'generator_34', 'generator_68', 'number_match', 'generator_40', 'generator_70']
number opened: 3
TRIAL 23
Action chosen: (orange4, white)
Outcome: True
partcle ids: ['number_match', 'generator_64', 'generator_64', 'number_match', 'generator_66', 'generator_71', 'generator_66', 'generator_66', 'generator_51', 'number_match', 'generator_56', 'generator_64', 'generator_71', 'generator_51', 'number_match', 'generator_56', 'generator_66', 'generator_64', 'generator_66', 'number_match', 'generator_71', 'number_match', 'number_match', 'generator_72', 'number_match', 'generator_64', 'generator_72', 'generator_56', 'generator_64', 'generator_51']
number opened: 4
TRIAL 24
Action chosen: (green3, purple)
Outcome: True
partcle ids: ['number_match', 'number_match', 'number_match', 'number_match', 'number_match', 'number_match', 'number_match', 'number_match', 'number_match', 'number_match', 'number_match', 'number_match', 'number_match', 'number_match', 'number_match', 'number_match', 'number_match', 'number_match', 'number_match', 'number_match', 'number_match', 'number_match', 'number_match', 'number_match', 'number_match', 'number_match', 'number_match', 'number_match', 'number_match', 'number_match']
number opened: 5
{"attempts": 24, "unique_key_box_pairs": 14, "revisit_attempts": 10, "revisit_rate": 0.43478260869565216, "attempts_before_abandoning_color_matching": 1, "color_matching_abandoned": true}
