{"Child_ID": "D033", "SoC_variant": "SoC-Gen", "theta": [19, 1], "p_gen": 0.6, "true_prior": 0.02, "run_number": 52, "seed": 3326438576984376825}
TRIAL 1
Action chosen: (pink, pink)
Outcome: False
partcle ids: ['generator_1', 'similar_color_11', 'similar_color_4', 'generator_2', 'similar_color_8', 'generator_3', 'shape_match', 'similar_color_3', 'similar_color_5', 'similar_color_10', 'generator_4', 'generator_5', 'generator_6', 'generator_7', 'generator_8', 'generator_9', 'similar_color_1', 'similar_color_8', 'generator_10', 'generator_11', 'generator_12', 'generator_13', 'similar_color_14', 'generator_14', 'generator_15', 'generator_16', 'similar_color_10', 'generator_17', 'generator_18', 'generator_19']
number opened: 0
TRIAL 2
Action chosen: (orange4, red)
Outcome: False
partcle ids: ['generator_1', 'similar_color_11', 'similar_color_4', 'generator_2', 'similar_color_8', 'generator_3', 'shape_match', 'similar_color_3', 'similar_color_5', 'similar_color_10', 'generator_4', 'generator_5', 'generator_6', 'generator_7', 'generator_8', 'generator_9', 'similar_color_1', 'similar_color_8', 'generator_10', 'generator_11', 'generator_12', 'generator_13', 'similar_color_14', 'generator_14', 'generator_15', 'generator_16', 'similar_color_10', 'generator_17', 'generator_18', 'generator_19']
number opened: 0
TRIAL 3
Action chosen: (triangle, white)
Outcome: False
partcle ids: ['generator_20', 'generator_21', 'generator_22', 'generator_3', 'generator_23', 'generator_10', 'shape_match', 'generator_24', 'generator_19', 'generator_25', 'generator_26', 'generator_2', 'generator_10', 'generator_8', 'generator_8', 'generator_29', 'generator_7', 'generator_30', 'generator_31', 'generator_2', 'generator_32', 'generator_33', 'generator_34', 'generator_35', 'generator_36', 'generator_37', 'generator_3', 'generator_38', 'generator_3', 'similar_color_5']
number opened: 0
TRIAL 4
Action chosen: (diamond, red)
Outcome: False
partcle ids: ['generator_20', 'generator_21', 'generator_22', 'generator_3', 'generator_23', 'generator_10', 'shape_match', 'generator_24', 'generator_19', 'generator_25', 'generator_26', 'generator_2', 'generator_10', 'generator_8', 'generator_8', 'generator_29', 'generator_7', 'generator_30', 'generator_31', 'generator_2', 'generator_32', 'generator_33', 'generator_34', 'generator_35', 'generator_36', 'generator_37', 'generator_3', 'generator_38', 'generator_3', 'similar_color_5']
number opened: 0
TRIAL 5
Action chosen: (yellow5, white)
Outcome: False
partcle ids: ['generator_20', 'generator_21', 'generator_22', 'generator_3', 'generator_23', 'generator_10', 'shape_match', 'generator_24', 'generator_19', 'generator_25', 'generator_26', 'generator_2', 'generator_10', 'generator_8', 'generator_8', 'generator_29', 'generator_7', 'generator_30', 'generator_31', 'generator_2', 'generator_32', 'generator_33', 'generator_34', 'generator_35', 'generator_36', 'generator_37', 'generator_3', 'generator_38', 'generator_3', 'similar_color_5']
number opened: 0
TRIAL 6
Action chosen: (pink, white)
Outcome: False
partcle ids: ['generator_38', 'order_match', 'generator_29', 'generator_40', 'generator_41', 'similar_color_8', 'generator_30', 'generator_42', 'generator_43', 'generator_30', 'generator_45', 'generator_30', 'similar_color_13', 'generator_47', 'generator_48', 'generator_49', 'generator_37', 'generator_31', 'similar_color_10', 'generator_31', 'generator_24', 'generator_29', 'generator_32', 'generator_53', 'generator_37', 'generator_54', 'generator_29', 'generator_55', 'generator_19', 'generator_7']
number opened: 0
TRIAL 7
Action chosen: (yellow5, red)
Outcome: False
partcle ids: ['generator_38', 'order_match', 'generator_29', 'generator_40', 'generator_41', 'similar_color_8', 'generator_30', 'generator_42', 'generator_43', 'generator_30', 'generator_45', 'generator_30', 'similar_color_13', 'generator_47', 'generator_48', 'generator_49', 'generator_37', 'generator_31', 'similar_color_10', 'generator_31', 'generator_24', 'generator_29', 'generator_32', 'generator_53', 'generator_37', 'generator_54', 'generator_29', 'generator_55', 'generator_19', 'generator_7']
number opened: 0
TRIAL 8
Action chosen: (cloud, white)
Outcome: False
partcle ids: ['generator_38', 'order_match', 'generator_29', 'generator_40', 'generator_41', 'similar_color_8', 'generator_30', 'generator_42', 'generator_43', 'generator_30', 'generator_45', 'generator_30', 'similar_color_13', 'generator_47', 'generator_48', 'generator_49', 'generator_37', 'generator_31', 'similar_color_10', 'generator_31', 'generator_24', 'generator_29', 'generator_32', 'generator_53', 'generator_37', 'generator_54', 'generator_29', 'generator_55', 'generator_19', 'generator_7']
number opened: 0
TRIAL 9
Action chosen: (red, red)
Outcome: True
partcle ids: ['generator_56', 'generator_57', 'generator_58', 'generator_59', 'similar_color_10', 'generator_53', 'generator_61', 'generator_62', 'generator_53', 'similar_color_1', 'generator_64', 'generator_65', 'generator_66', 'generator_67', 'similar_color_10', 'generator_53', 'order_match', 'similar_color_13', 'generator_41', 'generator_41', 'generator_70', 'generator_71', 'similar_color_13', 'generator_72', 'number_match', 'similar_color_13', 'generator_53', 'generator_73', 'similar_color_8', 'generator_74']
number opened: 1
TRIAL 10
Action chosen: (purple, purple)
Outcome: False
partcle ids: ['generator_56', 'generator_57', 'generator_58', 'generator_59', 'similar_color_10', 'generator_53', 'generator_61', 'generator_62', 'generator_53', 'similar_color_1', 'generator_64', 'generator_65', 'generator_66', 'generator_67', 'similar_color_10', 'generator_53', 'order_match', 'similar_color_13', 'generator_41', 'generator_41', 'generator_70', 'generator_71', 'similar_color_13', 'generator_72', 'number_match', 'similar_color_13', 'generator_53', 'generator_73', 'similar_color_8', 'generator_74']
number opened: 1
TRIAL 11
Action chosen: (green3, pink)
Outcome: False
partcle ids: ['generator_56', 'generator_57', 'generator_58', 'generator_59', 'similar_color_10', 'generator_53', 'generator_61', 'generator_62', 'generator_53', 'similar_color_1', 'generator_64', 'generator_65', 'generator_66', 'generator_67', 'similar_color_10', 'generator_53', 'order_match', 'similar_color_13', 'generator_41', 'generator_41', 'generator_70', 'generator_71', 'similar_color_13', 'generator_72', 'number_match', 'similar_color_13', 'generator_53', 'generator_73', 'similar_color_8', 'generator_74']
number opened: 1
TRIAL 12
Action chosen: (blue, purple)
Outcome: False
partcle ids: ['generator_75', 'generator_41', 'generator_59', 'number_match', 'generator_41', 'generator_59', 'generator_41', 'generator_59', 'generator_66', 'number_match', 'generator_77', 'generator_59', 'generator_79', 'generator_71', 'generator_80', 'generator_81', 'generator_61', 'generator_82', 'number_match', 'generator_66', 'generator_41', 'generator_84', 'generator_85', 'generator_86', 'generator_72', 'number_match', 'generator_88', 'number_match', 'generator_73', 'generator_91']
number opened: 1
TRIAL 13
Action chosen: (green3, purple)
Outcome: True
partcle ids: ['generator_92', 'generator_41', 'generator_94', 'generator_95', 'generator_41', 'generator_97', 'generator_98', 'generator_99', 'generator_75', 'generator_101', 'generator_41', 'generator_103', 'generator_104', 'generator_41', 'generator_106', 'generator_107', 'generator_108', 'generator_41', 'generator_41', 'generator_111', 'generator_112', 'generator_113', 'generator_114', 'generator_115', 'generator_116', 'generator_117', 'generator_118', 'generator_75', 'generator_120', 'generator_121']
number opened: 2
TRIAL 14
Action chosen: (blue, white)
Outcome: False
partcle ids: ['generator_92', 'generator_41', 'generator_94', 'generator_95', 'generator_41', 'generator_97', 'generator_98', 'generator_99', 'generator_75', 'generator_101', 'generator_41', 'generator_103', 'generator_104', 'generator_41', 'generator_106', 'generator_107', 'generator_108', 'generator_41', 'generator_41', 'generator_111', 'generator_112', 'generator_113', 'generator_114', 'generator_115', 'generator_116', 'generator_117', 'generator_118', 'generator_75', 'generator_120', 'generator_121']
number opened: 2
TRIAL 15
Action chosen: (diamond, white)
Outcome: False
partcle ids: ['generator_92', 'generator_41', 'generator_94', 'generator_95', 'generator_41', 'generator_97', 'generator_98', 'generator_99', 'generator_75', 'generator_101', 'generator_41', 'generator_103', 'generator_104', 'generator_41', 'generator_106', 'generator_107', 'generator_108', 'generator_41', 'generator_41', 'generator_111', 'generator_112', 'generator_113', 'generator_114', 'generator_115', 'generator_116', 'generator_117', 'generator_118', 'generator_75', 'generator_120', 'generator_121']
number opened: 2
TRIAL 16
Action chosen: (white, pink)
Outcome: False
partcle ids: ['generator_92', 'generator_41', 'generator_94', 'generator_95', 'generator_41', 'generator_97', 'generator_98', 'generator_99', 'generator_75', 'generator_101', 'generator_41', 'generator_103', 'generator_104', 'generator_41', 'generator_106', 'generator_107', 'generator_108', 'generator_41', 'generator_41', 'generator_111', 'generator_112', 'generator_113', 'generator_114', 'generator_115', 'generator_116', 'generator_117', 'generator_118', 'generator_75', 'generator_120', 'generator_121']
number opened: 2
TRIAL 17
Action chosen: (triangle, white)
Outcome: False
partcle ids: ['generator_122', 'generator_123', 'generator_124', 'generator_125', 'generator_118', 'generator_104', 'generator_126', 'generator_107', 'generator_127', 'generator_115', 'generator_129', 'generator_130', 'generator_131', 'generator_132', 'generator_107', 'generator_134', 'generator_135', 'generator_136', 'generator_103', 'generator_115', 'generator_139', 'generator_140', 'generator_141', 'generator_142', 'generator_104', 'generator_144', 'generator_115', 'generator_115', 'generator_118', 'generator_148']
number opened: 2
TRIAL 18
Action chosen: (purple, white)
Outcome: False
partcle ids: ['generator_122', 'generator_123', 'generator_124', 'generator_125', 'generator_118', 'generator_104', 'generator_126', 'generator_107', 'generator_127', 'generator_115', 'generator_129', 'generator_130', 'generator_131', 'generator_132', 'generator_107', 'generator_134', 'generator_135', 'generator_136', 'generator_103', 'generator_115', 'generator_139', 'generator_140', 'generator_141', 'generator_142', 'generator_104', 'generator_144', 'generator_115', 'generator_115', 'generator_118', 'generator_148']
number opened: 2
TRIAL 19
Action chosen: (white, white)
Outcome: False
partcle ids: ['generator_122', 'generator_123', 'generator_124', 'generator_125', 'generator_118', 'generator_104', 'generator_126', 'generator_107', 'generator_127', 'generator_115', 'generator_129', 'generator_130', 'generator_131', 'generator_132', 'generator_107', 'generator_134', 'generator_135', 'generator_136', 'generator_103', 'generator_115', 'generator_139', 'generator_140', 'generator_141', 'generator_142', 'generator_104', 'generator_144', 'generator_115', 'generator_115', 'generator_118', 'generator_148']
number opened: 2
TRIAL 20
Action chosen: (orange4, white)
Outcome: True
partcle ids: ['generator_149', 'generator_118', 'generator_104', 'generator_152', 'generator_144', 'generator_153', 'generator_154', 'generator_155', 'generator_156', 'generator_157', 'generator_118', 'generator_159', 'generator_104', 'number_match', 'generator_161', 'generator_162', 'generator_163', 'generator_164', 'generator_165', 'generator_166', 'generator_159', 'generator_104', 'generator_164', 'generator_168', 'generator_168', 'generator_169', 'generator_154', 'generator_170', 'generator_144', 'generator_166']
number opened: 3
TRIAL 21
Action chosen: (white, blue)
Outcome: False
partcle ids: ['generator_149', 'generator_118', 'generator_104', 'generator_152', 'generator_144', 'generator_153', 'generator_154', 'generator_155', 'generator_156', 'generator_157', 'generator_118', 'generator_159', 'generator_104', 'number_match', 'generator_161', 'generator_162', 'generator_163', 'generator_164', 'generator_165', 'generator_166', 'generator_159', 'generator_104', 'generator_164', 'generator_168', 'generator_168', 'generator_169', 'generator_154', 'generator_170', 'generator_144', 'generator_166']
number opened: 3
TRIAL 22
Action chosen: (pink, blue)
Outcome: False
partcle ids: ['generator_149', 'generator_118', 'generator_104', 'generator_152', 'generator_144', 'generator_153', 'generator_154', 'generator_155', 'generator_156', 'generator_157', 'generator_118', 'generator_159', 'generator_104', 'number_match', 'generator_161', 'generator_162', 'generator_163', 'generator_164', 'generator_165', 'generator_166', 'generator_159', 'generator_104', 'generator_164', 'generator_168', 'generator_168', 'generator_169', 'generator_154', 'generator_170', 'generator_144', 'generator_166']
number opened: 3
TRIAL 23
Action chosen: (purple, blue)
Outcome: False
partcle ids: ['generator_118', 'generator_118', 'generator_172', 'generator_173', 'generator_174', 'generator_175', 'generator_153', 'number_match', 'generator_170', 'number_match', 'generator_176', 'number_match', 'generator_177', 'generator_164', 'generator_179', 'generator_180', 'generator_161', 'generator_164', 'generator_153', 'generator_181', 'generator_182', 'generator_161', 'generator_184', 'generator_185', 'generator_156', 'generator_118', 'generator_184', 'generator_164', 'generator_182', 'generator_187']
number opened: 3
TRIAL 24
Action chosen: (grey2, blue)
Outcome: False
partcle ids: ['generator_118', 'generator_118', 'generator_172', 'generator_173', 'generator_174', 'generator_175', 'generator_153', 'number_match', 'generator_170', 'number_match', 'generator_176', 'number_match', 'generator_177', 'generator_164', 'generator_179', 'generator_180', 'generator_161', 'generator_164', 'generator_153', 'generator_181', 'generator_182', 'generator_161', 'generator_184', 'generator_185', 'generator_156', 'generator_118', 'generator_184', 'generator_164', 'generator_182', 'generator_187']
number opened: 3
TRIAL 25
Action chosen: (blue, pink)
Outcome: False
partcle ids: ['generator_118', 'generator_118', 'generator_172', 'generator_173', 'generator_174', 'generator_175', 'generator_153', 'number_match', 'generator_170', 'number_match', 'generator_176', 'number_match', 'generator_177', 'generator_164', 'generator_179', 'generator_180', 'generator_161', 'generator_164', 'generator_153', 'generator_181', 'generator_182', 'generator_161', 'generator_184', 'generator_185', 'generator_156', 'generator_118', 'generator_184', 'generator_164', 'generator_182', 'generator_187']
number opened: 3
TRIAL 26
Action chosen: (blue, blue)
Outcome: False
partcle ids: ['generator_118', 'generator_118', 'generator_172', 'generator_173', 'generator_174', 'generator_175', 'generator_153', 'number_match', 'generator_170', 'number_match', 'generator_176', 'number_match', 'generator_177', 'generator_164', 'generator_179', 'generator_180', 'generator_161', 'generator_164', 'generator_153', 'generator_181', 'generator_182', 'generator_161', 'generator_184', 'generator_185', 'generator_156', 'generator_118', 'generator_184', 'generator_164', 'generator_182', 'generator_187']
number opened: 3
TRIAL 27
Action chosen: (triangle, pink)
Outcome: False
partcle ids: ['generator_170', 'generator_182', 'generator_189', 'generator_182', 'number_match', 'generator_190', 'generator_184', 'number_match', 'generator_180', 'generator_182', 'generator_168', 'generator_192', 'generator_170', 'generator_180', 'generator_177', 'generator_144', 'number_match', 'generator_184', 'generator_195', 'generator_184', 'generator_180', 'generator_189', 'generator_182', 'generator_180', 'number_match', 'number_match', 'generator_197', 'generator_184', 'generator_182', 'generator_177']
number opened: 3
TRIAL 28
Action chosen: (triangle, blue)
Outcome: False
partcle ids: ['generator_170', 'generator_182', 'generator_189', 'generator_182', 'number_match', 'generator_190', 'generator_184', 'number_match', 'generator_180', 'generator_182', 'generator_168', 'generator_192', 'generator_170', 'generator_180', 'generator_177', 'generator_144', 'number_match', 'generator_184', 'generator_195', 'generator_184', 'generator_180', 'generator_189', 'generator_182', 'generator_180', 'number_match', 'number_match', 'generator_197', 'generator_184', 'generator_182', 'generator_177']
number opened: 3
TRIAL 29
Action chosen: (cloud, pink)
Outcome: False
partcle ids: ['generator_170', 'generator_182', 'generator_189', 'generator_182', 'number_match', 'generator_190', 'generator_184', 'number_match', 'generator_180', 'generator_182', 'generator_168', 'generator_192', 'generator_170', 'generator_180', 'generator_177', 'generator_144', 'number_match', 'generator_184', 'generator_195', 'generator_184', 'generator_180', 'generator_189', 'generator_182', 'generator_180', 'number_match', 'number_match', 'generator_197', 'generator_184', 'generator_182', 'generator_177']
number opened: 3
TRIAL 30
Action chosen: (yellow5, blue)
Outcome: True
partcle ids: ['number_match', 'number_match', 'generator_199', 'generator_192', 'generator_172', 'generator_200', 'number_match', 'generator_152', 'number_match', 'generator_172', 'number_match', 'generator_152', 'number_match', 'number_match', 'generator_152', 'generator_200', 'generator_152', 'generator_198', 'number_match', 'generator_201', 'generator_198', 'number_match', 'number_match', 'number_match', 'number_match', 'generator_152', 'number_match', 'number_match', 'number_match', 'generator_152']
number opened: 4
TRIAL 31
Action chosen: (grey2, pink)
Outcome: True
partcle ids: ['number_match', 'number_match', 'generator_199', 'generator_192', 'generator_172', 'generator_200', 'number_match', 'generator_152', 'number_match', 'generator_172', 'number_match', 'generator_152', 'number_match', 'number_match', 'generator_152', 'generator_200', 'generator_152', 'generator_198', 'number_match', 'generator_201', 'generator_198', 'number_match', 'number_match', 'number_match', 'number_match', 'generator_152', 'number_match', 'number_match', 'number_match', 'generator_152']
number opened: 5
{"attempts": 31, "unique_key_box_pairs": 30, "revisit_attempts": 1, "revisit_rate": 0.03333333333333333, "attempts_before_abandoning_color_matching": 1, "color_matching_abandoned": true}
