{"Child_ID": "D043", "SoC_variant": "SoC-Gen", "theta": [19, 1], "p_gen": 0.9, "true_prior": 0.02, "run_number": 75, "seed": 788310207120193989}
TRIAL 1
Action chosen: (white, pink)
Outcome: False
partcle ids: ['generator_1', 'generator_2', 'generator_3', 'generator_4', 'generator_5', 'generator_6', 'generator_7', 'generator_8', 'generator_9', 'generator_10', 'generator_11', 'generator_12', 'generator_13', 'generator_14', 'generator_15', 'generator_16', 'generator_17', 'generator_18', 'generator_19', 'generator_20', 'generator_21', 'generator_22', 'similar_color_12', 'generator_23', 'generator_24', 'generator_25', 'generator_26', 'generator_27', 'generator_28', 'generator_29']
number opened: 0
TRIAL 2
Action chosen: (triangle, purple)
Outcome: False
partcle ids: ['generator_1', 'generator_2', 'generator_3', 'generator_4', 'generator_5', 'generator_6', 'generator_7', 'generator_8', 'generator_9', 'generator_10', 'generator_11', 'generator_12', 'generator_13', 'generator_14', 'generator_15', 'generator_16', 'generator_17', 'generator_18', 'generator_19', 'generator_20', 'generator_21', 'generator_22', 'similar_color_12', 'generator_23', 'generator_24', 'generator_25', 'generator_26', 'generator_27', 'generator_28', 'generator_29']
number opened: 0
TRIAL 3
Action chosen: (green3, pink)
Outcome: False
partcle ids: ['generator_16', 'generator_31', 'generator_32', 'generator_11', 'generator_33', 'generator_34', 'generator_35', 'generator_36', 'generator_37', 'generator_38', 'generator_39', 'generator_40', 'generator_41', 'generator_42', 'generator_43', 'generator_44', 'generator_45', 'generator_46', 'generator_47', 'generator_48', 'generator_49', 'generator_50', 'generator_51', 'generator_5', 'generator_53', 'generator_54', 'generator_55', 'generator_56', 'generator_57', 'generator_26']
number opened: 0
TRIAL 4
Action chosen: (grey2, pink)
Outcome: True
partcle ids: ['generator_58', 'generator_59', 'generator_60', 'generator_61', 'generator_62', 'generator_63', 'generator_64', 'generator_65', 'generator_66', 'generator_67', 'generator_50', 'generator_69', 'generator_70', 'generator_71', 'generator_50', 'generator_73', 'generator_26', 'generator_74', 'generator_32', 'generator_32', 'generator_77', 'generator_78', 'generator_79', 'generator_80', 'generator_11', 'generator_82', 'generator_83', 'generator_84', 'generator_85', 'generator_86']
number opened: 1
TRIAL 5
Action chosen: (diamond, blue)
Outcome: False
partcle ids: ['generator_58', 'generator_59', 'generator_60', 'generator_61', 'generator_62', 'generator_63', 'generator_64', 'generator_65', 'generator_66', 'generator_67', 'generator_50', 'generator_69', 'generator_70', 'generator_71', 'generator_50', 'generator_73', 'generator_26', 'generator_74', 'generator_32', 'generator_32', 'generator_77', 'generator_78', 'generator_79', 'generator_80', 'generator_11', 'generator_82', 'generator_83', 'generator_84', 'generator_85', 'generator_86']
number opened: 1
TRIAL 6
Action chosen: (pink, red)
Outcome: False
partcle ids: ['generator_58', 'generator_59', 'generator_60', 'generator_61', 'generator_62', 'generator_63', 'generator_64', 'generator_65', 'generator_66', 'generator_67', 'generator_50', 'generator_69', 'generator_70', 'generator_71', 'generator_50', 'generator_73', 'generator_26', 'generator_74', 'generator_32', 'generator_32', 'generator_77', 'generator_78', 'generator_79', 'generator_80', 'generator_11', 'generator_82', 'generator_83', 'generator_84', 'generator_85', 'generator_86']
number opened: 1
TRIAL 7
Action chosen: (blue, red)
Outcome: False
partcle ids: ['generator_58', 'generator_59', 'generator_60', 'generator_61', 'generator_62', 'generator_63', 'generator_64', 'generator_65', 'generator_66', 'generator_67', 'generator_50', 'generator_69', 'generator_70', 'generator_71', 'generator_50', 'generator_73', 'generator_26', 'generator_74', 'generator_32', 'generator_32', 'generator_77', 'generator_78', 'generator_79', 'generator_80', 'generator_11', 'generator_82', 'generator_83', 'generator_84', 'generator_85', 'generator_86']
number opened: 1
TRIAL 8
Action chosen: (heart, blue)
Outcome: False
partcle ids: ['generator_87', 'generator_88', 'generator_69', 'generator_90', 'generator_91', 'generator_92', 'generator_93', 'generator_94', 'generator_95', 'generator_86', 'generator_97', 'generator_58', 'generator_11', 'generator_58', 'generator_83', 'generator_102', 'generator_103', 'generator_104', 'generator_58', 'generator_106', 'generator_107', 'generator_108', 'generator_82', 'generator_110', 'generator_111', 'generator_58', 'generator_74', 'generator_58', 'generator_115', 'generator_116']
number opened: 1
TRIAL 9
Action chosen: (purple, purple)
Outcome: False
partcle ids: ['generator_87', 'generator_88', 'generator_69', 'generator_90', 'generator_91', 'generator_92', 'generator_93', 'generator_94', 'generator_95', 'generator_86', 'generator_97', 'generator_58', 'generator_11', 'generator_58', 'generator_83', 'generator_102', 'generator_103', 'generator_104', 'generator_58', 'generator_106', 'generator_107', 'generator_108', 'generator_82', 'generator_110', 'generator_111', 'generator_58', 'generator_74', 'generator_58', 'generator_115', 'generator_116']
number opened: 1
TRIAL 10
Action chosen: (triangle, white)
Outcome: False
partcle ids: ['generator_87', 'generator_88', 'generator_69', 'generator_90', 'generator_91', 'generator_92', 'generator_93', 'generator_94', 'generator_95', 'generator_86', 'generator_97', 'generator_58', 'generator_11', 'generator_58', 'generator_83', 'generator_102', 'generator_103', 'generator_104', 'generator_58', 'generator_106', 'generator_107', 'generator_108', 'generator_82', 'generator_110', 'generator_111', 'generator_58', 'generator_74', 'generator_58', 'generator_115', 'generator_116']
number opened: 1
TRIAL 11
Action chosen: (pink, blue)
Outcome: False
partcle ids: ['generator_117', 'generator_118', 'generator_92', 'generator_115', 'generator_92', 'generator_122', 'generator_82', 'generator_124', 'generator_125', 'generator_126', 'generator_11', 'generator_115', 'generator_88', 'generator_130', 'generator_115', 'generator_82', 'generator_111', 'generator_86', 'generator_135', 'generator_107', 'generator_111', 'generator_82', 'generator_111', 'generator_111', 'generator_111', 'generator_142', 'generator_143', 'generator_111', 'generator_92', 'generator_108']
number opened: 1
TRIAL 12
Action chosen: (green3, red)
Outcome: False
partcle ids: ['generator_117', 'generator_118', 'generator_92', 'generator_115', 'generator_92', 'generator_122', 'generator_82', 'generator_124', 'generator_125', 'generator_126', 'generator_11', 'generator_115', 'generator_88', 'generator_130', 'generator_115', 'generator_82', 'generator_111', 'generator_86', 'generator_135', 'generator_107', 'generator_111', 'generator_82', 'generator_111', 'generator_111', 'generator_111', 'generator_142', 'generator_143', 'generator_111', 'generator_92', 'generator_108']
number opened: 1
TRIAL 13
Action chosen: (cloud, purple)
Outcome: False
partcle ids: ['generator_117', 'generator_118', 'generator_92', 'generator_115', 'generator_92', 'generator_122', 'generator_82', 'generator_124', 'generator_125', 'generator_126', 'generator_11', 'generator_115', 'generator_88', 'generator_130', 'generator_115', 'generator_82', 'generator_111', 'generator_86', 'generator_135', 'generator_107', 'generator_111', 'generator_82', 'generator_111', 'generator_111', 'generator_111', 'generator_142', 'generator_143', 'generator_111', 'generator_92', 'generator_108']
number opened: 1
TRIAL 14
Action chosen: (pink, white)
Outcome: False
partcle ids: ['generator_143', 'generator_143', 'generator_108', 'generator_150', 'generator_86', 'generator_135', 'generator_153', 'generator_143', 'generator_155', 'generator_156', 'generator_143', 'generator_82', 'generator_159', 'generator_82', 'generator_161', 'generator_162', 'generator_125', 'generator_164', 'generator_165', 'generator_82', 'generator_108', 'generator_168', 'generator_82', 'generator_170', 'generator_108', 'generator_82', 'generator_135', 'generator_174', 'generator_11', 'generator_135']
number opened: 1
TRIAL 15
Action chosen: (yellow5, red)
Outcome: False
partcle ids: ['generator_143', 'generator_143', 'generator_108', 'generator_150', 'generator_86', 'generator_135', 'generator_153', 'generator_143', 'generator_155', 'generator_156', 'generator_143', 'generator_82', 'generator_159', 'generator_82', 'generator_161', 'generator_162', 'generator_125', 'generator_164', 'generator_165', 'generator_82', 'generator_108', 'generator_168', 'generator_82', 'generator_170', 'generator_108', 'generator_82', 'generator_135', 'generator_174', 'generator_11', 'generator_135']
number opened: 1
TRIAL 16
Action chosen: (green3, white)
Outcome: False
partcle ids: ['generator_143', 'generator_143', 'generator_108', 'generator_150', 'generator_86', 'generator_135', 'generator_153', 'generator_143', 'generator_155', 'generator_156', 'generator_143', 'generator_82', 'generator_159', 'generator_82', 'generator_161', 'generator_162', 'generator_125', 'generator_164', 'generator_165', 'generator_82', 'generator_108', 'generator_168', 'generator_82', 'generator_170', 'generator_108', 'generator_82', 'generator_135', 'generator_174', 'generator_11', 'generator_135']
number opened: 1
TRIAL 17
Action chosen: (triangle, red)
Outcome: False
partcle ids: ['generator_156', 'generator_170', 'generator_179', 'generator_161', 'generator_153', 'generator_165', 'generator_174', 'generator_153', 'generator_170', 'generator_174', 'generator_170', 'generator_156', 'generator_188', 'generator_189', 'generator_11', 'generator_168', 'generator_174', 'generator_193', 'generator_168', 'generator_195', 'generator_11', 'generator_153', 'generator_156', 'generator_165', 'generator_156', 'generator_200', 'generator_201', 'generator_202', 'generator_156', 'generator_203']
number opened: 1
TRIAL 18
Action chosen: (heart, white)
Outcome: False
partcle ids: ['generator_156', 'generator_170', 'generator_179', 'generator_161', 'generator_153', 'generator_165', 'generator_174', 'generator_153', 'generator_170', 'generator_174', 'generator_170', 'generator_156', 'generator_188', 'generator_189', 'generator_11', 'generator_168', 'generator_174', 'generator_193', 'generator_168', 'generator_195', 'generator_11', 'generator_153', 'generator_156', 'generator_165', 'generator_156', 'generator_200', 'generator_201', 'generator_202', 'generator_156', 'generator_203']
number opened: 1
TRIAL 19
Action chosen: (blue, purple)
Outcome: False
partcle ids: ['generator_156', 'generator_170', 'generator_179', 'generator_161', 'generator_153', 'generator_165', 'generator_174', 'generator_153', 'generator_170', 'generator_174', 'generator_170', 'generator_156', 'generator_188', 'generator_189', 'generator_11', 'generator_168', 'generator_174', 'generator_193', 'generator_168', 'generator_195', 'generator_11', 'generator_153', 'generator_156', 'generator_165', 'generator_156', 'generator_200', 'generator_201', 'generator_202', 'generator_156', 'generator_203']
number opened: 1
TRIAL 20
Action chosen: (heart, red)
Outcome: False
partcle ids: ['generator_204', 'generator_203', 'generator_195', 'generator_207', 'generator_179', 'generator_170', 'generator_209', 'generator_189', 'generator_188', 'generator_212', 'generator_203', 'generator_214', 'generator_203', 'generator_195', 'generator_161', 'generator_203', 'generator_203', 'generator_220', 'generator_221', 'generator_165', 'generator_189', 'generator_189', 'generator_188', 'generator_179', 'generator_227', 'generator_201', 'generator_229', 'generator_230', 'generator_168', 'generator_203']
number opened: 1
TRIAL 21
Action chosen: (orange4, purple)
Outcome: False
partcle ids: ['generator_204', 'generator_203', 'generator_195', 'generator_207', 'generator_179', 'generator_170', 'generator_209', 'generator_189', 'generator_188', 'generator_212', 'generator_203', 'generator_214', 'generator_203', 'generator_195', 'generator_161', 'generator_203', 'generator_203', 'generator_220', 'generator_221', 'generator_165', 'generator_189', 'generator_189', 'generator_188', 'generator_179', 'generator_227', 'generator_201', 'generator_229', 'generator_230', 'generator_168', 'generator_203']
number opened: 1
TRIAL 22
Action chosen: (pink, purple)
Outcome: False
partcle ids: ['generator_204', 'generator_203', 'generator_195', 'generator_207', 'generator_179', 'generator_170', 'generator_209', 'generator_189', 'generator_188', 'generator_212', 'generator_203', 'generator_214', 'generator_203', 'generator_195', 'generator_161', 'generator_203', 'generator_203', 'generator_220', 'generator_221', 'generator_165', 'generator_189', 'generator_189', 'generator_188', 'generator_179', 'generator_227', 'generator_201', 'generator_229', 'generator_230', 'generator_168', 'generator_203']
number opened: 1
TRIAL 23
Action chosen: (white, purple)
Outcome: False
partcle ids: ['generator_195', 'generator_234', 'generator_204', 'generator_161', 'generator_168', 'generator_179', 'generator_204', 'generator_240', 'generator_241', 'generator_207', 'generator_243', 'generator_168', 'generator_244', 'generator_214', 'generator_246', 'generator_170', 'generator_195', 'generator_161', 'generator_250', 'generator_251', 'generator_170', 'generator_253', 'generator_254', 'generator_207', 'generator_161', 'generator_161', 'generator_214', 'generator_179', 'generator_195', 'generator_161']
number opened: 1
TRIAL 24
Action chosen: (diamond, red)
Outcome: False
partcle ids: ['generator_195', 'generator_234', 'generator_204', 'generator_161', 'generator_168', 'generator_179', 'generator_204', 'generator_240', 'generator_241', 'generator_207', 'generator_243', 'generator_168', 'generator_244', 'generator_214', 'generator_246', 'generator_170', 'generator_195', 'generator_161', 'generator_250', 'generator_251', 'generator_170', 'generator_253', 'generator_254', 'generator_207', 'generator_161', 'generator_161', 'generator_214', 'generator_179', 'generator_195', 'generator_161']
number opened: 1
TRIAL 25
Action chosen: (yellow5, purple)
Outcome: False
partcle ids: ['generator_195', 'generator_234', 'generator_204', 'generator_161', 'generator_168', 'generator_179', 'generator_204', 'generator_240', 'generator_241', 'generator_207', 'generator_243', 'generator_168', 'generator_244', 'generator_214', 'generator_246', 'generator_170', 'generator_195', 'generator_161', 'generator_250', 'generator_251', 'generator_170', 'generator_253', 'generator_254', 'generator_207', 'generator_161', 'generator_161', 'generator_214', 'generator_179', 'generator_195', 'generator_161']
number opened: 1
TRIAL 26
Action chosen: (heart, purple)
Outcome: False
partcle ids: ['generator_214', 'generator_263', 'generator_264', 'generator_265', 'generator_266', 'generator_267', 'generator_268', 'generator_269', 'generator_234', 'generator_254', 'generator_243', 'generator_272', 'generator_273', 'generator_274', 'generator_275', 'generator_240', 'generator_250', 'generator_278', 'generator_279', 'generator_280', 'generator_281', 'generator_234', 'generator_283', 'generator_234', 'generator_240', 'generator_286', 'generator_234', 'generator_288', 'generator_289', 'generator_290']
number opened: 1
TRIAL 27
Action chosen: (diamond, purple)
Outcome: False
partcle ids: ['generator_214', 'generator_263', 'generator_264', 'generator_265', 'generator_266', 'generator_267', 'generator_268', 'generator_269', 'generator_234', 'generator_254', 'generator_243', 'generator_272', 'generator_273', 'generator_274', 'generator_275', 'generator_240', 'generator_250', 'generator_278', 'generator_279', 'generator_280', 'generator_281', 'generator_234', 'generator_283', 'generator_234', 'generator_240', 'generator_286', 'generator_234', 'generator_288', 'generator_289', 'generator_290']
number opened: 1
TRIAL 28
Action chosen: (pink, red)
Outcome: False
partcle ids: ['generator_214', 'generator_263', 'generator_264', 'generator_265', 'generator_266', 'generator_267', 'generator_268', 'generator_269', 'generator_234', 'generator_254', 'generator_243', 'generator_272', 'generator_273', 'generator_274', 'generator_275', 'generator_240', 'generator_250', 'generator_278', 'generator_279', 'generator_280', 'generator_281', 'generator_234', 'generator_283', 'generator_234', 'generator_240', 'generator_286', 'generator_234', 'generator_288', 'generator_289', 'generator_290']
number opened: 1
TRIAL 29
Action chosen: (cloud, red)
Outcome: False
partcle ids: ['generator_214', 'generator_263', 'generator_264', 'generator_265', 'generator_266', 'generator_267', 'generator_268', 'generator_269', 'generator_234', 'generator_254', 'generator_243', 'generator_272', 'generator_273', 'generator_274', 'generator_275', 'generator_240', 'generator_250', 'generator_278', 'generator_279', 'generator_280', 'generator_281', 'generator_234', 'generator_283', 'generator_234', 'generator_240', 'generator_286', 'generator_234', 'generator_288', 'generator_289', 'generator_290']
number opened: 1
TRIAL 30
Action chosen: (purple, red)
Outcome: False
partcle ids: ['generator_291', 'generator_292', 'generator_293', 'generator_294', 'generator_243', 'generator_286', 'generator_296', 'generator_268', 'generator_275', 'generator_265', 'generator_275', 'generator_301', 'generator_265', 'generator_303', 'generator_265', 'generator_283', 'generator_275', 'generator_283', 'generator_283', 'generator_286', 'generator_309', 'generator_213', 'generator_286', 'generator_283', 'generator_283', 'generator_286', 'generator_314', 'generator_283', 'generator_286', 'generator_275']
number opened: 1
TRIAL 31
Action chosen: (white, red)
Outcome: False
partcle ids: ['generator_291', 'generator_292', 'generator_293', 'generator_294', 'generator_243', 'generator_286', 'generator_296', 'generator_268', 'generator_275', 'generator_265', 'generator_275', 'generator_301', 'generator_265', 'generator_303', 'generator_265', 'generator_283', 'generator_275', 'generator_283', 'generator_283', 'generator_286', 'generator_309', 'generator_213', 'generator_286', 'generator_283', 'generator_283', 'generator_286', 'generator_314', 'generator_283', 'generator_286', 'generator_275']
number opened: 1
TRIAL 32
Action chosen: (blue, white)
Outcome: False
partcle ids: ['generator_317', 'generator_275', 'generator_292', 'generator_275', 'generator_284', 'number_match', 'generator_321', 'generator_322', 'generator_275', 'generator_294', 'generator_275', 'generator_296', 'generator_275', 'generator_275', 'generator_291', 'generator_330', 'generator_275', 'generator_296', 'generator_332', 'generator_291', 'generator_145', 'generator_334', 'generator_275', 'generator_243', 'generator_337', 'generator_291', 'number_match', 'generator_275', 'generator_294', 'generator_275']
number opened: 1
TRIAL 33
Action chosen: (orange4, red)
Outcome: False
partcle ids: ['generator_317', 'generator_275', 'generator_292', 'generator_275', 'generator_284', 'number_match', 'generator_321', 'generator_322', 'generator_275', 'generator_294', 'generator_275', 'generator_296', 'generator_275', 'generator_275', 'generator_291', 'generator_330', 'generator_275', 'generator_296', 'generator_332', 'generator_291', 'generator_145', 'generator_334', 'generator_275', 'generator_243', 'generator_337', 'generator_291', 'number_match', 'generator_275', 'generator_294', 'generator_275']
number opened: 1
TRIAL 34
Action chosen: (green3, purple)
Outcome: True
partcle ids: ['generator_342', 'generator_343', 'generator_344', 'generator_345', 'generator_346', 'generator_347', 'generator_348', 'generator_349', 'generator_350', 'generator_351', 'generator_352', 'generator_353', 'generator_354', 'generator_355', 'generator_356', 'generator_357', 'generator_358', 'generator_359', 'generator_360', 'generator_361', 'generator_294', 'generator_363', 'generator_294', 'generator_365', 'generator_344', 'generator_366', 'number_match', 'generator_368', 'generator_369', 'generator_294']
number opened: 2
TRIAL 35
Action chosen: (purple, white)
Outcome: False
partcle ids: ['generator_342', 'generator_343', 'generator_344', 'generator_345', 'generator_346', 'generator_347', 'generator_348', 'generator_349', 'generator_350', 'generator_351', 'generator_352', 'generator_353', 'generator_354', 'generator_355', 'generator_356', 'generator_357', 'generator_358', 'generator_359', 'generator_360', 'generator_361', 'generator_294', 'generator_363', 'generator_294', 'generator_365', 'generator_344', 'generator_366', 'number_match', 'generator_368', 'generator_369', 'generator_294']
number opened: 2
TRIAL 36
Action chosen: (blue, blue)
Outcome: False
partcle ids: ['generator_342', 'generator_343', 'generator_344', 'generator_345', 'generator_346', 'generator_347', 'generator_348', 'generator_349', 'generator_350', 'generator_351', 'generator_352', 'generator_353', 'generator_354', 'generator_355', 'generator_356', 'generator_357', 'generator_358', 'generator_359', 'generator_360', 'generator_361', 'generator_294', 'generator_363', 'generator_294', 'generator_365', 'generator_344', 'generator_366', 'number_match', 'generator_368', 'generator_369', 'generator_294']
number opened: 2
TRIAL 37
Action chosen: (blue, red)
Outcome: False
partcle ids: ['generator_342', 'generator_343', 'generator_344', 'generator_345', 'generator_346', 'generator_347', 'generator_348', 'generator_349', 'generator_350', 'generator_351', 'generator_352', 'generator_353', 'generator_354', 'generator_355', 'generator_356', 'generator_357', 'generator_358', 'generator_359', 'generator_360', 'generator_361', 'generator_294', 'generator_363', 'generator_294', 'generator_365', 'generator_344', 'generator_366', 'number_match', 'generator_368', 'generator_369', 'generator_294']
number opened: 2
TRIAL 38
Action chosen: (triangle, red)
Outcome: False
partcle ids: ['generator_357', 'generator_371', 'generator_372', 'number_match', 'generator_373', 'generator_374', 'number_match', 'generator_358', 'generator_377', 'generator_378', 'generator_379', 'generator_380', 'number_match', 'generator_382', 'generator_358', 'generator_384', 'generator_358', 'generator_384', 'generator_386', 'generator_387', 'generator_351', 'generator_389', 'generator_390', 'number_match', 'generator_391', 'generator_392', 'generator_393', 'generator_394', 'generator_395', 'generator_354']
number opened: 2
TRIAL 39
Action chosen: (orange4, white)
Outcome: True
partcle ids: ['generator_397', 'number_match', 'generator_394', 'generator_392', 'generator_358', 'number_match', 'generator_358', 'generator_394', 'generator_358', 'generator_406', 'generator_358', 'generator_407', 'generator_358', 'generator_409', 'generator_394', 'generator_410', 'generator_411', 'generator_407', 'generator_412', 'generator_413', 'number_match', 'generator_358', 'number_match', 'generator_358', 'generator_414', 'generator_415', 'generator_358', 'generator_384', 'generator_384', 'generator_419']
number opened: 3
TRIAL 40
Action chosen: (yellow5, red)
Outcome: False
partcle ids: ['generator_397', 'number_match', 'generator_394', 'generator_392', 'generator_358', 'number_match', 'generator_358', 'generator_394', 'generator_358', 'generator_406', 'generator_358', 'generator_407', 'generator_358', 'generator_409', 'generator_394', 'generator_410', 'generator_411', 'generator_407', 'generator_412', 'generator_413', 'number_match', 'generator_358', 'number_match', 'generator_358', 'generator_414', 'generator_415', 'generator_358', 'generator_384', 'generator_384', 'generator_419']
number opened: 3
TRIAL 41
Action chosen: (red, red)
Outcome: True
partcle ids: ['generator_420', 'generator_420', 'generator_407', 'generator_419', 'generator_419', 'generator_421', 'generator_415', 'generator_407', 'number_match', 'generator_422', 'generator_420', 'generator_422', 'number_match', 'number_match', 'generator_419', 'number_match', 'generator_419', 'generator_421', 'generator_419', 'generator_419', 'generator_421', 'generator_423', 'number_match', 'generator_407', 'generator_415', 'generator_419', 'generator_422', 'generator_415', 'number_match', 'generator_422']
number opened: 4
TRIAL 42
Action chosen: (purple, blue)
Outcome: False
partcle ids: ['generator_420', 'generator_420', 'generator_407', 'generator_419', 'generator_419', 'generator_421', 'generator_415', 'generator_407', 'number_match', 'generator_422', 'generator_420', 'generator_422', 'number_match', 'number_match', 'generator_419', 'number_match', 'generator_419', 'generator_421', 'generator_419', 'generator_419', 'generator_421', 'generator_423', 'number_match', 'generator_407', 'generator_415', 'generator_419', 'generator_422', 'generator_415', 'number_match', 'generator_422']
number opened: 4
TRIAL 43
Action chosen: (yellow5, blue)
Outcome: True
partcle ids: ['number_match', 'number_match', 'number_match', 'number_match', 'number_match', 'number_match', 'number_match', 'number_match', 'number_match', 'number_match', 'number_match', 'number_match', 'number_match', 'number_match', 'number_match', 'number_match', 'number_match', 'number_match', 'number_match', 'number_match', 'number_match', 'number_match', 'number_match', 'number_match', 'number_match', 'number_match', 'number_match', 'number_match', 'number_match', 'number_match']
number opened: 5
{"attempts": 43, "unique_key_box_pairs": 39, "revisit_attempts": 4, "revisit_rate": 0.09523809523809523, "attempts_before_abandoning_color_matching": 0, "color_matching_abandoned": true}
