{"Child_ID": "D043", "SoC_variant": "SoC-Gen", "theta": [19, 1], "p_gen": 0.9, "true_prior": 0.02, "run_number": 36, "seed": 6243354554790311376}
TRIAL 1
Action chosen: (purple, purple)
Outcome: False
partcle ids: ['generator_1', 'generator_2', 'generator_3', 'generator_4', 'generator_5', 'generator_6', 'generator_7', 'generator_8', 'generator_9', 'similar_color_7', 'number_match', 'generator_10', 'generator_11', 'generator_12', 'generator_13', 'shape_match', 'generator_14', 'generator_15', 'generator_16', 'generator_17', 'generator_18', 'generator_19', 'generator_20', 'similar_color_6', 'generator_21', 'generator_22', 'similar_color_13', 'color_match', 'generator_23', 'generator_24']
number opened: 0
TRIAL 2
Action chosen: (heart, white)
Outcome: False
partcle ids: ['generator_1', 'generator_2', 'generator_3', 'generator_4', 'generator_5', 'generator_6', 'generator_7', 'generator_8', 'generator_9', 'similar_color_7', 'number_match', 'generator_10', 'generator_11', 'generator_12', 'generator_13', 'shape_match', 'generator_14', 'generator_15', 'generator_16', 'generator_17', 'generator_18', 'generator_19', 'generator_20', 'similar_color_6', 'generator_21', 'generator_22', 'similar_color_13', 'color_match', 'generator_23', 'generator_24']
number opened: 0
TRIAL 3
Action chosen: (yellow5, white)
Outcome: False
partcle ids: ['generator_1', 'generator_2', 'generator_3', 'generator_4', 'generator_5', 'generator_6', 'generator_7', 'generator_8', 'generator_9', 'similar_color_7', 'number_match', 'generator_10', 'generator_11', 'generator_12', 'generator_13', 'shape_match', 'generator_14', 'generator_15', 'generator_16', 'generator_17', 'generator_18', 'generator_19', 'generator_20', 'similar_color_6', 'generator_21', 'generator_22', 'similar_color_13', 'color_match', 'generator_23', 'generator_24']
number opened: 0
TRIAL 4
Action chosen: (blue, blue)
Outcome: False
partcle ids: ['generator_7', 'generator_26', 'generator_27', 'generator_28', 'generator_29', 'generator_30', 'generator_31', 'generator_1', 'generator_13', 'generator_16', 'generator_34', 'generator_2', 'generator_5', 'generator_37', 'generator_38', 'generator_39', 'generator_40', 'generator_7', 'generator_41', 'generator_42', 'generator_43', 'generator_44', 'generator_45', 'generator_46', 'generator_47', 'generator_48', 'generator_49', 'generator_50', 'generator_7', 'generator_1']
number opened: 0
TRIAL 5
Action chosen: (grey2, purple)
Outcome: False
partcle ids: ['generator_7', 'generator_26', 'generator_27', 'generator_28', 'generator_29', 'generator_30', 'generator_31', 'generator_1', 'generator_13', 'generator_16', 'generator_34', 'generator_2', 'generator_5', 'generator_37', 'generator_38', 'generator_39', 'generator_40', 'generator_7', 'generator_41', 'generator_42', 'generator_43', 'generator_44', 'generator_45', 'generator_46', 'generator_47', 'generator_48', 'generator_49', 'generator_50', 'generator_7', 'generator_1']
number opened: 0
TRIAL 6
Action chosen: (purple, blue)
Outcome: False
partcle ids: ['generator_7', 'generator_26', 'generator_27', 'generator_28', 'generator_29', 'generator_30', 'generator_31', 'generator_1', 'generator_13', 'generator_16', 'generator_34', 'generator_2', 'generator_5', 'generator_37', 'generator_38', 'generator_39', 'generator_40', 'generator_7', 'generator_41', 'generator_42', 'generator_43', 'generator_44', 'generator_45', 'generator_46', 'generator_47', 'generator_48', 'generator_49', 'generator_50', 'generator_7', 'generator_1']
number opened: 0
TRIAL 7
Action chosen: (white, white)
Outcome: False
partcle ids: ['generator_37', 'generator_52', 'generator_34', 'generator_31', 'generator_16', 'generator_55', 'generator_56', 'generator_57', 'generator_58', 'generator_59', 'generator_60', 'generator_30', 'generator_62', 'generator_43', 'generator_64', 'generator_65', 'generator_66', 'generator_47', 'generator_67', 'generator_68', 'generator_69', 'generator_70', 'generator_71', 'generator_72', 'generator_47', 'generator_74', 'generator_75', 'generator_76', 'generator_77', 'generator_30']
number opened: 0
TRIAL 8
Action chosen: (white, blue)
Outcome: False
partcle ids: ['generator_37', 'generator_52', 'generator_34', 'generator_31', 'generator_16', 'generator_55', 'generator_56', 'generator_57', 'generator_58', 'generator_59', 'generator_60', 'generator_30', 'generator_62', 'generator_43', 'generator_64', 'generator_65', 'generator_66', 'generator_47', 'generator_67', 'generator_68', 'generator_69', 'generator_70', 'generator_71', 'generator_72', 'generator_47', 'generator_74', 'generator_75', 'generator_76', 'generator_77', 'generator_30']
number opened: 0
TRIAL 9
Action chosen: (white, purple)
Outcome: False
partcle ids: ['generator_37', 'generator_52', 'generator_34', 'generator_31', 'generator_16', 'generator_55', 'generator_56', 'generator_57', 'generator_58', 'generator_59', 'generator_60', 'generator_30', 'generator_62', 'generator_43', 'generator_64', 'generator_65', 'generator_66', 'generator_47', 'generator_67', 'generator_68', 'generator_69', 'generator_70', 'generator_71', 'generator_72', 'generator_47', 'generator_74', 'generator_75', 'generator_76', 'generator_77', 'generator_30']
number opened: 0
TRIAL 10
Action chosen: (pink, pink)
Outcome: False
partcle ids: ['generator_37', 'generator_52', 'generator_34', 'generator_31', 'generator_16', 'generator_55', 'generator_56', 'generator_57', 'generator_58', 'generator_59', 'generator_60', 'generator_30', 'generator_62', 'generator_43', 'generator_64', 'generator_65', 'generator_66', 'generator_47', 'generator_67', 'generator_68', 'generator_69', 'generator_70', 'generator_71', 'generator_72', 'generator_47', 'generator_74', 'generator_75', 'generator_76', 'generator_77', 'generator_30']
number opened: 0
TRIAL 11
Action chosen: (purple, white)
Outcome: False
partcle ids: ['generator_68', 'generator_55', 'generator_55', 'generator_81', 'generator_43', 'generator_83', 'generator_52', 'generator_65', 'generator_52', 'generator_86', 'generator_87', 'generator_75', 'generator_89', 'generator_90', 'generator_70', 'generator_55', 'generator_68', 'generator_94', 'generator_95', 'generator_96', 'generator_57', 'generator_98', 'generator_99', 'generator_68', 'generator_64', 'generator_70', 'generator_65', 'generator_57', 'generator_103', 'generator_104']
number opened: 0
TRIAL 12
Action chosen: (pink, blue)
Outcome: False
partcle ids: ['generator_68', 'generator_55', 'generator_55', 'generator_81', 'generator_43', 'generator_83', 'generator_52', 'generator_65', 'generator_52', 'generator_86', 'generator_87', 'generator_75', 'generator_89', 'generator_90', 'generator_70', 'generator_55', 'generator_68', 'generator_94', 'generator_95', 'generator_96', 'generator_57', 'generator_98', 'generator_99', 'generator_68', 'generator_64', 'generator_70', 'generator_65', 'generator_57', 'generator_103', 'generator_104']
number opened: 0
TRIAL 13
Action chosen: (pink, white)
Outcome: False
partcle ids: ['generator_68', 'generator_55', 'generator_55', 'generator_81', 'generator_43', 'generator_83', 'generator_52', 'generator_65', 'generator_52', 'generator_86', 'generator_87', 'generator_75', 'generator_89', 'generator_90', 'generator_70', 'generator_55', 'generator_68', 'generator_94', 'generator_95', 'generator_96', 'generator_57', 'generator_98', 'generator_99', 'generator_68', 'generator_64', 'generator_70', 'generator_65', 'generator_57', 'generator_103', 'generator_104']
number opened: 0
TRIAL 14
Action chosen: (grey2, white)
Outcome: False
partcle ids: ['generator_81', 'generator_98', 'generator_75', 'generator_64', 'generator_109', 'generator_70', 'generator_98', 'generator_112', 'generator_64', 'generator_114', 'generator_83', 'generator_116', 'generator_81', 'generator_64', 'generator_83', 'generator_104', 'generator_94', 'generator_70', 'generator_55', 'generator_121', 'generator_122', 'generator_70', 'generator_99', 'generator_64', 'generator_96', 'generator_127', 'generator_52', 'generator_98', 'generator_130', 'generator_131']
number opened: 0
TRIAL 15
Action chosen: (diamond, white)
Outcome: False
partcle ids: ['generator_81', 'generator_98', 'generator_75', 'generator_64', 'generator_109', 'generator_70', 'generator_98', 'generator_112', 'generator_64', 'generator_114', 'generator_83', 'generator_116', 'generator_81', 'generator_64', 'generator_83', 'generator_104', 'generator_94', 'generator_70', 'generator_55', 'generator_121', 'generator_122', 'generator_70', 'generator_99', 'generator_64', 'generator_96', 'generator_127', 'generator_52', 'generator_98', 'generator_130', 'generator_131']
number opened: 0
TRIAL 16
Action chosen: (cloud, blue)
Outcome: False
partcle ids: ['generator_81', 'generator_98', 'generator_75', 'generator_64', 'generator_109', 'generator_70', 'generator_98', 'generator_112', 'generator_64', 'generator_114', 'generator_83', 'generator_116', 'generator_81', 'generator_64', 'generator_83', 'generator_104', 'generator_94', 'generator_70', 'generator_55', 'generator_121', 'generator_122', 'generator_70', 'generator_99', 'generator_64', 'generator_96', 'generator_127', 'generator_52', 'generator_98', 'generator_130', 'generator_131']
number opened: 0
TRIAL 17
Action chosen: (blue, red)
Outcome: False
partcle ids: ['generator_132', 'generator_133', 'generator_134', 'generator_135', 'generator_136', 'generator_131', 'generator_131', 'generator_139', 'generator_55', 'generator_141', 'generator_142', 'generator_143', 'generator_144', 'generator_145', 'generator_146', 'generator_99', 'generator_148', 'generator_64', 'generator_122', 'generator_131', 'generator_52', 'generator_152', 'generator_114', 'generator_131', 'generator_155', 'generator_131', 'generator_157', 'generator_55', 'generator_159', 'generator_99']
number opened: 0
TRIAL 18
Action chosen: (green3, blue)
Outcome: False
partcle ids: ['generator_132', 'generator_133', 'generator_134', 'generator_135', 'generator_136', 'generator_131', 'generator_131', 'generator_139', 'generator_55', 'generator_141', 'generator_142', 'generator_143', 'generator_144', 'generator_145', 'generator_146', 'generator_99', 'generator_148', 'generator_64', 'generator_122', 'generator_131', 'generator_52', 'generator_152', 'generator_114', 'generator_131', 'generator_155', 'generator_131', 'generator_157', 'generator_55', 'generator_159', 'generator_99']
number opened: 0
TRIAL 19
Action chosen: (orange4, blue)
Outcome: False
partcle ids: ['generator_132', 'generator_133', 'generator_134', 'generator_135', 'generator_136', 'generator_131', 'generator_131', 'generator_139', 'generator_55', 'generator_141', 'generator_142', 'generator_143', 'generator_144', 'generator_145', 'generator_146', 'generator_99', 'generator_148', 'generator_64', 'generator_122', 'generator_131', 'generator_52', 'generator_152', 'generator_114', 'generator_131', 'generator_155', 'generator_131', 'generator_157', 'generator_55', 'generator_159', 'generator_99']
number opened: 0
TRIAL 20
Action chosen: (red, purple)
Outcome: False
partcle ids: ['generator_161', 'generator_131', 'generator_163', 'generator_132', 'generator_165', 'generator_159', 'generator_132', 'generator_166', 'generator_167', 'generator_168', 'generator_169', 'generator_170', 'generator_171', 'generator_172', 'generator_173', 'generator_174', 'generator_142', 'generator_146', 'generator_177', 'generator_157', 'generator_143', 'generator_141', 'generator_179', 'generator_146', 'generator_152', 'generator_134', 'generator_182', 'generator_183', 'generator_184', 'generator_145']
number opened: 0
TRIAL 21
Action chosen: (grey2, pink)
Outcome: True
partcle ids: ['generator_186', 'generator_183', 'generator_188', 'generator_189', 'generator_173', 'generator_177', 'generator_170', 'generator_177', 'generator_193', 'generator_194', 'generator_183', 'generator_183', 'generator_177', 'generator_198', 'generator_199', 'generator_200', 'generator_201', 'generator_202', 'generator_203', 'generator_204', 'generator_171', 'generator_206', 'generator_207', 'generator_171', 'generator_170', 'generator_210', 'generator_211', 'generator_212', 'generator_183', 'generator_214']
number opened: 1
TRIAL 22
Action chosen: (red, blue)
Outcome: False
partcle ids: ['generator_186', 'generator_183', 'generator_188', 'generator_189', 'generator_173', 'generator_177', 'generator_170', 'generator_177', 'generator_193', 'generator_194', 'generator_183', 'generator_183', 'generator_177', 'generator_198', 'generator_199', 'generator_200', 'generator_201', 'generator_202', 'generator_203', 'generator_204', 'generator_171', 'generator_206', 'generator_207', 'generator_171', 'generator_170', 'generator_210', 'generator_211', 'generator_212', 'generator_183', 'generator_214']
number opened: 1
TRIAL 23
Action chosen: (triangle, blue)
Outcome: False
partcle ids: ['generator_186', 'generator_183', 'generator_188', 'generator_189', 'generator_173', 'generator_177', 'generator_170', 'generator_177', 'generator_193', 'generator_194', 'generator_183', 'generator_183', 'generator_177', 'generator_198', 'generator_199', 'generator_200', 'generator_201', 'generator_202', 'generator_203', 'generator_204', 'generator_171', 'generator_206', 'generator_207', 'generator_171', 'generator_170', 'generator_210', 'generator_211', 'generator_212', 'generator_183', 'generator_214']
number opened: 1
TRIAL 24
Action chosen: (heart, blue)
Outcome: False
partcle ids: ['generator_186', 'generator_183', 'generator_188', 'generator_189', 'generator_173', 'generator_177', 'generator_170', 'generator_177', 'generator_193', 'generator_194', 'generator_183', 'generator_183', 'generator_177', 'generator_198', 'generator_199', 'generator_200', 'generator_201', 'generator_202', 'generator_203', 'generator_204', 'generator_171', 'generator_206', 'generator_207', 'generator_171', 'generator_170', 'generator_210', 'generator_211', 'generator_212', 'generator_183', 'generator_214']
number opened: 1
TRIAL 25
Action chosen: (blue, blue)
Outcome: False
partcle ids: ['generator_194', 'generator_193', 'generator_217', 'generator_201', 'generator_210', 'generator_220', 'generator_210', 'generator_201', 'generator_223', 'generator_177', 'generator_194', 'generator_226', 'generator_194', 'generator_228', 'generator_203', 'generator_194', 'generator_188', 'generator_231', 'generator_232', 'generator_198', 'generator_234', 'generator_235', 'generator_236', 'generator_237', 'generator_238', 'generator_194', 'generator_240', 'generator_194', 'generator_188', 'generator_194']
number opened: 1
TRIAL 26
Action chosen: (blue, white)
Outcome: False
partcle ids: ['generator_194', 'generator_193', 'generator_217', 'generator_201', 'generator_210', 'generator_220', 'generator_210', 'generator_201', 'generator_223', 'generator_177', 'generator_194', 'generator_226', 'generator_194', 'generator_228', 'generator_203', 'generator_194', 'generator_188', 'generator_231', 'generator_232', 'generator_198', 'generator_234', 'generator_235', 'generator_236', 'generator_237', 'generator_238', 'generator_194', 'generator_240', 'generator_194', 'generator_188', 'generator_194']
number opened: 1
TRIAL 27
Action chosen: (red, white)
Outcome: False
partcle ids: ['generator_194', 'generator_193', 'generator_217', 'generator_201', 'generator_210', 'generator_220', 'generator_210', 'generator_201', 'generator_223', 'generator_177', 'generator_194', 'generator_226', 'generator_194', 'generator_228', 'generator_203', 'generator_194', 'generator_188', 'generator_231', 'generator_232', 'generator_198', 'generator_234', 'generator_235', 'generator_236', 'generator_237', 'generator_238', 'generator_194', 'generator_240', 'generator_194', 'generator_188', 'generator_194']
number opened: 1
TRIAL 28
Action chosen: (triangle, white)
Outcome: False
partcle ids: ['generator_223', 'generator_245', 'generator_246', 'generator_238', 'generator_248', 'generator_249', 'generator_238', 'generator_251', 'generator_194', 'generator_253', 'generator_231', 'generator_223', 'generator_256', 'generator_194', 'generator_258', 'generator_201', 'generator_260', 'generator_261', 'generator_262', 'generator_223', 'generator_264', 'generator_188', 'generator_194', 'generator_267', 'generator_268', 'generator_194', 'generator_228', 'generator_271', 'generator_272', 'generator_273']
number opened: 1
TRIAL 29
Action chosen: (yellow5, blue)
Outcome: True
partcle ids: ['generator_274', 'generator_249', 'generator_194', 'generator_277', 'generator_278', 'generator_279', 'generator_280', 'generator_281', 'generator_194', 'generator_283', 'generator_284', 'generator_285', 'generator_286', 'generator_287', 'generator_288', 'generator_289', 'generator_249', 'generator_291', 'generator_292', 'generator_293', 'generator_294', 'generator_295', 'generator_296', 'generator_223', 'generator_298', 'generator_194', 'generator_194', 'generator_301', 'generator_194', 'generator_194']
number opened: 2
TRIAL 30
Action chosen: (cloud, red)
Outcome: False
partcle ids: ['generator_274', 'generator_249', 'generator_194', 'generator_277', 'generator_278', 'generator_279', 'generator_280', 'generator_281', 'generator_194', 'generator_283', 'generator_284', 'generator_285', 'generator_286', 'generator_287', 'generator_288', 'generator_289', 'generator_249', 'generator_291', 'generator_292', 'generator_293', 'generator_294', 'generator_295', 'generator_296', 'generator_223', 'generator_298', 'generator_194', 'generator_194', 'generator_301', 'generator_194', 'generator_194']
number opened: 2
TRIAL 31
Action chosen: (orange4, red)
Outcome: False
partcle ids: ['generator_274', 'generator_249', 'generator_194', 'generator_277', 'generator_278', 'generator_279', 'generator_280', 'generator_281', 'generator_194', 'generator_283', 'generator_284', 'generator_285', 'generator_286', 'generator_287', 'generator_288', 'generator_289', 'generator_249', 'generator_291', 'generator_292', 'generator_293', 'generator_294', 'generator_295', 'generator_296', 'generator_223', 'generator_298', 'generator_194', 'generator_194', 'generator_301', 'generator_194', 'generator_194']
number opened: 2
TRIAL 32
Action chosen: (triangle, red)
Outcome: False
partcle ids: ['generator_274', 'generator_249', 'generator_194', 'generator_277', 'generator_278', 'generator_279', 'generator_280', 'generator_281', 'generator_194', 'generator_283', 'generator_284', 'generator_285', 'generator_286', 'generator_287', 'generator_288', 'generator_289', 'generator_249', 'generator_291', 'generator_292', 'generator_293', 'generator_294', 'generator_295', 'generator_296', 'generator_223', 'generator_298', 'generator_194', 'generator_194', 'generator_301', 'generator_194', 'generator_194']
number opened: 2
TRIAL 33
Action chosen: (orange4, white)
Outcome: True
partcle ids: ['generator_304', 'generator_305', 'generator_306', 'generator_307', 'generator_291', 'generator_308', 'generator_291', 'generator_310', 'generator_311', 'generator_283', 'generator_312', 'number_match', 'generator_291', 'generator_313', 'generator_283', 'generator_312', 'generator_314', 'generator_315', 'generator_316', 'generator_306', 'generator_287', 'number_match', 'generator_317', 'generator_318', 'generator_319', 'generator_320', 'generator_287', 'generator_322', 'generator_311', 'generator_323']
number opened: 3
TRIAL 34
Action chosen: (triangle, purple)
Outcome: False
partcle ids: ['generator_304', 'generator_305', 'generator_306', 'generator_307', 'generator_291', 'generator_308', 'generator_291', 'generator_310', 'generator_311', 'generator_283', 'generator_312', 'number_match', 'generator_291', 'generator_313', 'generator_283', 'generator_312', 'generator_314', 'generator_315', 'generator_316', 'generator_306', 'generator_287', 'number_match', 'generator_317', 'generator_318', 'generator_319', 'generator_320', 'generator_287', 'generator_322', 'generator_311', 'generator_323']
number opened: 3
TRIAL 35
Action chosen: (red, red)
Outcome: True
partcle ids: ['generator_312', 'generator_324', 'number_match', 'number_match', 'generator_319', 'generator_325', 'number_match', 'generator_325', 'number_match', 'generator_319', 'generator_326', 'generator_326', 'generator_319', 'number_match', 'generator_326', 'generator_319', 'generator_319', 'generator_326', 'generator_319', 'generator_324', 'generator_319', 'generator_324', 'generator_319', 'generator_325', 'generator_312', 'number_match', 'generator_319', 'generator_327', 'generator_319', 'generator_328']
number opened: 4
TRIAL 36
Action chosen: (purple, purple)
Outcome: False
partcle ids: ['generator_312', 'generator_324', 'number_match', 'number_match', 'generator_319', 'generator_325', 'number_match', 'generator_325', 'number_match', 'generator_319', 'generator_326', 'generator_326', 'generator_319', 'number_match', 'generator_326', 'generator_319', 'generator_319', 'generator_326', 'generator_319', 'generator_324', 'generator_319', 'generator_324', 'generator_319', 'generator_325', 'generator_312', 'number_match', 'generator_319', 'generator_327', 'generator_319', 'generator_328']
number opened: 4
TRIAL 37
Action chosen: (green3, purple)
Outcome: True
partcle ids: ['number_match', 'number_match', 'number_match', 'number_match', 'number_match', 'number_match', 'number_match', 'number_match', 'number_match', 'number_match', 'number_match', 'number_match', 'number_match', 'number_match', 'number_match', 'number_match', 'number_match', 'number_match', 'number_match', 'number_match', 'number_match', 'number_match', 'number_match', 'number_match', 'number_match', 'number_match', 'number_match', 'number_match', 'number_match', 'number_match']
number opened: 5
{"attempts": 37, "unique_key_box_pairs": 35, "revisit_attempts": 2, "revisit_rate": 0.05555555555555555, "attempts_before_abandoning_color_matching": 1, "color_matching_abandoned": true}
