{"Child_ID": "D043", "SoC_variant": "SoC-Gen", "theta": [19, 1], "p_gen": 0.9, "true_prior": 0.02, "run_number": 1, "seed": 1418139673194422442}
TRIAL 1
Action chosen: (green3, blue)
Outcome: False
partcle ids: ['generator_1', 'generator_2', 'generator_3', 'generator_4', 'generator_5', 'generator_6', 'generator_7', 'generator_8', 'generator_9', 'generator_10', 'generator_11', 'generator_12', 'generator_13', 'generator_14', 'generator_15', 'generator_16', 'generator_17', 'generator_18', 'generator_19', 'generator_20', 'generator_21', 'generator_22', 'generator_23', 'generator_24', 'generator_25', 'similar_color_9', 'generator_26', 'similar_color_10', 'generator_27', 'generator_28']
number opened: 0
TRIAL 2
Action chosen: (grey2, red)
Outcome: False
partcle ids: ['generator_1', 'generator_2', 'generator_3', 'generator_4', 'generator_5', 'generator_6', 'generator_7', 'generator_8', 'generator_9', 'generator_10', 'generator_11', 'generator_12', 'generator_13', 'generator_14', 'generator_15', 'generator_16', 'generator_17', 'generator_18', 'generator_19', 'generator_20', 'generator_21', 'generator_22', 'generator_23', 'generator_24', 'generator_25', 'similar_color_9', 'generator_26', 'similar_color_10', 'generator_27', 'generator_28']
number opened: 0
TRIAL 3
Action chosen: (white, purple)
Outcome: False
partcle ids: ['generator_29', 'generator_30', 'generator_16', 'generator_16', 'generator_33', 'generator_34', 'generator_35', 'generator_16', 'generator_36', 'generator_37', 'generator_38', 'generator_15', 'generator_39', 'generator_40', 'generator_25', 'generator_41', 'generator_42', 'generator_43', 'generator_44', 'generator_11', 'generator_46', 'generator_47', 'generator_48', 'generator_49', 'generator_50', 'generator_51', 'generator_52', 'generator_53', 'generator_14', 'generator_55']
number opened: 0
TRIAL 4
Action chosen: (grey2, blue)
Outcome: False
partcle ids: ['generator_29', 'generator_30', 'generator_16', 'generator_16', 'generator_33', 'generator_34', 'generator_35', 'generator_16', 'generator_36', 'generator_37', 'generator_38', 'generator_15', 'generator_39', 'generator_40', 'generator_25', 'generator_41', 'generator_42', 'generator_43', 'generator_44', 'generator_11', 'generator_46', 'generator_47', 'generator_48', 'generator_49', 'generator_50', 'generator_51', 'generator_52', 'generator_53', 'generator_14', 'generator_55']
number opened: 0
TRIAL 5
Action chosen: (orange4, blue)
Outcome: False
partcle ids: ['generator_29', 'generator_30', 'generator_16', 'generator_16', 'generator_33', 'generator_34', 'generator_35', 'generator_16', 'generator_36', 'generator_37', 'generator_38', 'generator_15', 'generator_39', 'generator_40', 'generator_25', 'generator_41', 'generator_42', 'generator_43', 'generator_44', 'generator_11', 'generator_46', 'generator_47', 'generator_48', 'generator_49', 'generator_50', 'generator_51', 'generator_52', 'generator_53', 'generator_14', 'generator_55']
number opened: 0
TRIAL 6
Action chosen: (yellow5, white)
Outcome: False
partcle ids: ['generator_56', 'generator_57', 'generator_58', 'generator_35', 'generator_59', 'generator_29', 'generator_60', 'generator_61', 'generator_42', 'generator_29', 'generator_41', 'generator_64', 'generator_42', 'generator_35', 'generator_67', 'generator_68', 'generator_69', 'generator_70', 'generator_71', 'generator_35', 'generator_73', 'generator_74', 'generator_50', 'generator_76', 'generator_16', 'generator_46', 'generator_77', 'generator_78', 'generator_29', 'generator_49']
number opened: 0
TRIAL 7
Action chosen: (cloud, purple)
Outcome: False
partcle ids: ['generator_56', 'generator_57', 'generator_58', 'generator_35', 'generator_59', 'generator_29', 'generator_60', 'generator_61', 'generator_42', 'generator_29', 'generator_41', 'generator_64', 'generator_42', 'generator_35', 'generator_67', 'generator_68', 'generator_69', 'generator_70', 'generator_71', 'generator_35', 'generator_73', 'generator_74', 'generator_50', 'generator_76', 'generator_16', 'generator_46', 'generator_77', 'generator_78', 'generator_29', 'generator_49']
number opened: 0
TRIAL 8
Action chosen: (purple, blue)
Outcome: False
partcle ids: ['generator_56', 'generator_57', 'generator_58', 'generator_35', 'generator_59', 'generator_29', 'generator_60', 'generator_61', 'generator_42', 'generator_29', 'generator_41', 'generator_64', 'generator_42', 'generator_35', 'generator_67', 'generator_68', 'generator_69', 'generator_70', 'generator_71', 'generator_35', 'generator_73', 'generator_74', 'generator_50', 'generator_76', 'generator_16', 'generator_46', 'generator_77', 'generator_78', 'generator_29', 'generator_49']
number opened: 0
TRIAL 9
Action chosen: (cloud, blue)
Outcome: False
partcle ids: ['generator_81', 'generator_82', 'generator_56', 'generator_56', 'generator_61', 'generator_41', 'generator_86', 'generator_56', 'generator_88', 'generator_74', 'generator_56', 'generator_41', 'generator_74', 'generator_93', 'generator_94', 'generator_74', 'generator_96', 'generator_97', 'generator_98', 'generator_99', 'generator_100', 'generator_101', 'generator_102', 'generator_68', 'generator_56', 'generator_41', 'generator_68', 'generator_107', 'generator_46', 'generator_41']
number opened: 0
TRIAL 10
Action chosen: (orange4, purple)
Outcome: False
partcle ids: ['generator_81', 'generator_82', 'generator_56', 'generator_56', 'generator_61', 'generator_41', 'generator_86', 'generator_56', 'generator_88', 'generator_74', 'generator_56', 'generator_41', 'generator_74', 'generator_93', 'generator_94', 'generator_74', 'generator_96', 'generator_97', 'generator_98', 'generator_99', 'generator_100', 'generator_101', 'generator_102', 'generator_68', 'generator_56', 'generator_41', 'generator_68', 'generator_107', 'generator_46', 'generator_41']
number opened: 0
TRIAL 11
Action chosen: (white, blue)
Outcome: False
partcle ids: ['generator_81', 'generator_82', 'generator_56', 'generator_56', 'generator_61', 'generator_41', 'generator_86', 'generator_56', 'generator_88', 'generator_74', 'generator_56', 'generator_41', 'generator_74', 'generator_93', 'generator_94', 'generator_74', 'generator_96', 'generator_97', 'generator_98', 'generator_99', 'generator_100', 'generator_101', 'generator_102', 'generator_68', 'generator_56', 'generator_41', 'generator_68', 'generator_107', 'generator_46', 'generator_41']
number opened: 0
TRIAL 12
Action chosen: (pink, pink)
Outcome: False
partcle ids: ['generator_110', 'generator_74', 'generator_98', 'generator_112', 'generator_74', 'generator_88', 'generator_88', 'generator_116', 'generator_61', 'generator_96', 'generator_74', 'generator_82', 'generator_61', 'generator_74', 'generator_46', 'generator_61', 'generator_124', 'generator_99', 'generator_126', 'generator_46', 'generator_99', 'generator_46', 'generator_82', 'generator_130', 'generator_74', 'generator_88', 'generator_74', 'generator_94', 'generator_74', 'generator_82']
number opened: 0
TRIAL 13
Action chosen: (white, white)
Outcome: False
partcle ids: ['generator_110', 'generator_74', 'generator_98', 'generator_112', 'generator_74', 'generator_88', 'generator_88', 'generator_116', 'generator_61', 'generator_96', 'generator_74', 'generator_82', 'generator_61', 'generator_74', 'generator_46', 'generator_61', 'generator_124', 'generator_99', 'generator_126', 'generator_46', 'generator_99', 'generator_46', 'generator_82', 'generator_130', 'generator_74', 'generator_88', 'generator_74', 'generator_94', 'generator_74', 'generator_82']
number opened: 0
TRIAL 14
Action chosen: (heart, blue)
Outcome: False
partcle ids: ['generator_110', 'generator_74', 'generator_98', 'generator_112', 'generator_74', 'generator_88', 'generator_88', 'generator_116', 'generator_61', 'generator_96', 'generator_74', 'generator_82', 'generator_61', 'generator_74', 'generator_46', 'generator_61', 'generator_124', 'generator_99', 'generator_126', 'generator_46', 'generator_99', 'generator_46', 'generator_82', 'generator_130', 'generator_74', 'generator_88', 'generator_74', 'generator_94', 'generator_74', 'generator_82']
number opened: 0
TRIAL 15
Action chosen: (triangle, purple)
Outcome: False
partcle ids: ['generator_137', 'generator_138', 'generator_99', 'generator_46', 'generator_141', 'generator_142', 'generator_46', 'generator_46', 'generator_144', 'generator_145', 'generator_99', 'generator_126', 'generator_74', 'generator_61', 'generator_149', 'generator_46', 'generator_150', 'generator_46', 'generator_46', 'generator_152', 'generator_126', 'generator_153', 'generator_154', 'generator_98', 'generator_46', 'generator_99', 'generator_46', 'generator_46', 'generator_46', 'generator_46']
number opened: 0
TRIAL 16
Action chosen: (cloud, pink)
Outcome: False
partcle ids: ['generator_137', 'generator_138', 'generator_99', 'generator_46', 'generator_141', 'generator_142', 'generator_46', 'generator_46', 'generator_144', 'generator_145', 'generator_99', 'generator_126', 'generator_74', 'generator_61', 'generator_149', 'generator_46', 'generator_150', 'generator_46', 'generator_46', 'generator_152', 'generator_126', 'generator_153', 'generator_154', 'generator_98', 'generator_46', 'generator_99', 'generator_46', 'generator_46', 'generator_46', 'generator_46']
number opened: 0
TRIAL 17
Action chosen: (pink, blue)
Outcome: False
partcle ids: ['generator_154', 'generator_149', 'generator_126', 'generator_163', 'generator_152', 'generator_165', 'generator_126', 'generator_167', 'generator_61', 'generator_149', 'generator_142', 'generator_154', 'generator_145', 'generator_173', 'generator_174', 'generator_154', 'generator_150', 'generator_177', 'generator_178', 'generator_179', 'generator_126', 'generator_181', 'generator_182', 'generator_61', 'generator_126', 'generator_185', 'generator_186', 'generator_187', 'generator_188', 'generator_126']
number opened: 0
TRIAL 18
Action chosen: (diamond, blue)
Outcome: False
partcle ids: ['generator_154', 'generator_149', 'generator_126', 'generator_163', 'generator_152', 'generator_165', 'generator_126', 'generator_167', 'generator_61', 'generator_149', 'generator_142', 'generator_154', 'generator_145', 'generator_173', 'generator_174', 'generator_154', 'generator_150', 'generator_177', 'generator_178', 'generator_179', 'generator_126', 'generator_181', 'generator_182', 'generator_61', 'generator_126', 'generator_185', 'generator_186', 'generator_187', 'generator_188', 'generator_126']
number opened: 0
TRIAL 19
Action chosen: (yellow5, blue)
Outcome: True
partcle ids: ['generator_149', 'generator_190', 'generator_191', 'generator_165', 'generator_142', 'generator_142', 'generator_149', 'generator_196', 'generator_197', 'generator_165', 'generator_142', 'generator_149', 'generator_149', 'generator_149', 'generator_142', 'generator_204', 'generator_205', 'generator_206', 'generator_165', 'generator_142', 'generator_149', 'generator_210', 'generator_211', 'generator_142', 'generator_213', 'generator_149', 'generator_215', 'generator_165', 'generator_217', 'generator_218']
number opened: 1
TRIAL 20
Action chosen: (white, red)
Outcome: False
partcle ids: ['generator_149', 'generator_190', 'generator_191', 'generator_165', 'generator_142', 'generator_142', 'generator_149', 'generator_196', 'generator_197', 'generator_165', 'generator_142', 'generator_149', 'generator_149', 'generator_149', 'generator_142', 'generator_204', 'generator_205', 'generator_206', 'generator_165', 'generator_142', 'generator_149', 'generator_210', 'generator_211', 'generator_142', 'generator_213', 'generator_149', 'generator_215', 'generator_165', 'generator_217', 'generator_218']
number opened: 1
TRIAL 21
Action chosen: (triangle, red)
Outcome: False
partcle ids: ['generator_219', 'generator_220', 'generator_165', 'generator_213', 'generator_223', 'generator_217', 'generator_225', 'generator_226', 'generator_227', 'generator_165', 'generator_165', 'generator_230', 'generator_165', 'generator_232', 'generator_211', 'generator_234', 'generator_235', 'generator_213', 'generator_237', 'generator_165', 'generator_165', 'generator_165', 'generator_241', 'generator_165', 'generator_243', 'generator_244', 'generator_210', 'generator_205', 'generator_246', 'generator_211']
number opened: 1
TRIAL 22
Action chosen: (grey2, white)
Outcome: False
partcle ids: ['generator_219', 'generator_220', 'generator_165', 'generator_213', 'generator_223', 'generator_217', 'generator_225', 'generator_226', 'generator_227', 'generator_165', 'generator_165', 'generator_230', 'generator_165', 'generator_232', 'generator_211', 'generator_234', 'generator_235', 'generator_213', 'generator_237', 'generator_165', 'generator_165', 'generator_165', 'generator_241', 'generator_165', 'generator_243', 'generator_244', 'generator_210', 'generator_205', 'generator_246', 'generator_211']
number opened: 1
TRIAL 23
Action chosen: (heart, red)
Outcome: False
partcle ids: ['generator_217', 'generator_213', 'generator_232', 'generator_251', 'generator_243', 'generator_253', 'generator_254', 'generator_219', 'generator_235', 'generator_257', 'generator_258', 'generator_259', 'generator_260', 'generator_165', 'generator_262', 'generator_263', 'generator_234', 'generator_237', 'generator_266', 'generator_267', 'generator_268', 'generator_269', 'generator_237', 'generator_271', 'generator_272', 'generator_220', 'generator_273', 'generator_274', 'generator_213', 'generator_226']
number opened: 1
TRIAL 24
Action chosen: (grey2, pink)
Outcome: True
partcle ids: ['generator_277', 'generator_273', 'generator_262', 'generator_280', 'generator_281', 'generator_213', 'generator_283', 'generator_273', 'generator_258', 'generator_262', 'generator_262', 'generator_288', 'generator_289', 'generator_290', 'generator_291', 'generator_258', 'generator_257', 'generator_294', 'generator_213', 'generator_220', 'generator_213', 'generator_273', 'generator_273', 'generator_299', 'generator_273', 'generator_301', 'generator_257', 'generator_303', 'generator_273', 'generator_305']
number opened: 2
TRIAL 25
Action chosen: (heart, purple)
Outcome: False
partcle ids: ['generator_277', 'generator_273', 'generator_262', 'generator_280', 'generator_281', 'generator_213', 'generator_283', 'generator_273', 'generator_258', 'generator_262', 'generator_262', 'generator_288', 'generator_289', 'generator_290', 'generator_291', 'generator_258', 'generator_257', 'generator_294', 'generator_213', 'generator_220', 'generator_213', 'generator_273', 'generator_273', 'generator_299', 'generator_273', 'generator_301', 'generator_257', 'generator_303', 'generator_273', 'generator_305']
number opened: 2
TRIAL 26
Action chosen: (red, purple)
Outcome: False
partcle ids: ['generator_277', 'generator_273', 'generator_262', 'generator_280', 'generator_281', 'generator_213', 'generator_283', 'generator_273', 'generator_258', 'generator_262', 'generator_262', 'generator_288', 'generator_289', 'generator_290', 'generator_291', 'generator_258', 'generator_257', 'generator_294', 'generator_213', 'generator_220', 'generator_213', 'generator_273', 'generator_273', 'generator_299', 'generator_273', 'generator_301', 'generator_257', 'generator_303', 'generator_273', 'generator_305']
number opened: 2
TRIAL 27
Action chosen: (green3, red)
Outcome: False
partcle ids: ['generator_257', 'generator_303', 'generator_307', 'generator_301', 'generator_309', 'generator_303', 'generator_288', 'generator_291', 'generator_301', 'generator_220', 'generator_257', 'generator_315', 'generator_316', 'generator_317', 'generator_318', 'generator_301', 'generator_291', 'generator_321', 'generator_322', 'generator_290', 'generator_257', 'generator_257', 'generator_257', 'generator_327', 'generator_328', 'generator_257', 'generator_330', 'generator_331', 'generator_332', 'generator_290']
number opened: 2
TRIAL 28
Action chosen: (green3, purple)
Outcome: True
partcle ids: ['generator_315', 'generator_301', 'generator_335', 'number_match', 'generator_336', 'generator_303', 'generator_337', 'generator_301', 'generator_339', 'generator_340', 'number_match', 'generator_303', 'generator_342', 'generator_343', 'generator_303', 'generator_303', 'generator_290', 'generator_315', 'generator_328', 'generator_303', 'generator_321', 'generator_301', 'generator_301', 'generator_315', 'generator_290', 'generator_351', 'generator_340', 'generator_301', 'generator_352', 'generator_353']
number opened: 3
TRIAL 29
Action chosen: (cloud, red)
Outcome: False
partcle ids: ['generator_315', 'generator_301', 'generator_335', 'number_match', 'generator_336', 'generator_303', 'generator_337', 'generator_301', 'generator_339', 'generator_340', 'number_match', 'generator_303', 'generator_342', 'generator_343', 'generator_303', 'generator_303', 'generator_290', 'generator_315', 'generator_328', 'generator_303', 'generator_321', 'generator_301', 'generator_301', 'generator_315', 'generator_290', 'generator_351', 'generator_340', 'generator_301', 'generator_352', 'generator_353']
number opened: 3
TRIAL 30
Action chosen: (red, white)
Outcome: False
partcle ids: ['generator_290', 'generator_328', 'generator_355', 'generator_321', 'generator_336', 'generator_357', 'generator_290', 'generator_321', 'generator_358', 'generator_353', 'generator_359', 'generator_328', 'generator_337', 'generator_328', 'generator_362', 'generator_353', 'generator_321', 'generator_321', 'generator_290', 'generator_290', 'generator_337', 'generator_367', 'generator_368', 'generator_290', 'generator_321', 'generator_352', 'generator_353', 'generator_370', 'generator_339', 'generator_372']
number opened: 3
TRIAL 31
Action chosen: (blue, red)
Outcome: False
partcle ids: ['generator_290', 'generator_328', 'generator_355', 'generator_321', 'generator_336', 'generator_357', 'generator_290', 'generator_321', 'generator_358', 'generator_353', 'generator_359', 'generator_328', 'generator_337', 'generator_328', 'generator_362', 'generator_353', 'generator_321', 'generator_321', 'generator_290', 'generator_290', 'generator_337', 'generator_367', 'generator_368', 'generator_290', 'generator_321', 'generator_352', 'generator_353', 'generator_370', 'generator_339', 'generator_372']
number opened: 3
TRIAL 32
Action chosen: (red, red)
Outcome: True
partcle ids: ['generator_373', 'generator_336', 'generator_372', 'generator_372', 'generator_374', 'generator_353', 'generator_353', 'generator_372', 'generator_353', 'generator_376', 'generator_353', 'generator_372', 'generator_374', 'generator_358', 'generator_376', 'generator_373', 'generator_353', 'generator_372', 'generator_336', 'generator_358', 'generator_358', 'generator_374', 'generator_358', 'generator_376', 'generator_336', 'generator_376', 'generator_358', 'generator_374', 'generator_376', 'generator_373']
number opened: 4
TRIAL 33
Action chosen: (triangle, white)
Outcome: False
partcle ids: ['generator_373', 'generator_336', 'generator_372', 'generator_372', 'generator_374', 'generator_353', 'generator_353', 'generator_372', 'generator_353', 'generator_376', 'generator_353', 'generator_372', 'generator_374', 'generator_358', 'generator_376', 'generator_373', 'generator_353', 'generator_372', 'generator_336', 'generator_358', 'generator_358', 'generator_374', 'generator_358', 'generator_376', 'generator_336', 'generator_376', 'generator_358', 'generator_374', 'generator_376', 'generator_373']
number opened: 4
TRIAL 34
Action chosen: (heart, white)
Outcome: False
partcle ids: ['generator_373', 'generator_336', 'generator_372', 'generator_372', 'generator_374', 'generator_353', 'generator_353', 'generator_372', 'generator_353', 'generator_376', 'generator_353', 'generator_372', 'generator_374', 'generator_358', 'generator_376', 'generator_373', 'generator_353', 'generator_372', 'generator_336', 'generator_358', 'generator_358', 'generator_374', 'generator_358', 'generator_376', 'generator_336', 'generator_376', 'generator_358', 'generator_374', 'generator_376', 'generator_373']
number opened: 4
TRIAL 35
Action chosen: (blue, white)
Outcome: False
partcle ids: ['generator_373', 'generator_336', 'generator_372', 'generator_372', 'generator_374', 'generator_353', 'generator_353', 'generator_372', 'generator_353', 'generator_376', 'generator_353', 'generator_372', 'generator_374', 'generator_358', 'generator_376', 'generator_373', 'generator_353', 'generator_372', 'generator_336', 'generator_358', 'generator_358', 'generator_374', 'generator_358', 'generator_376', 'generator_336', 'generator_376', 'generator_358', 'generator_374', 'generator_376', 'generator_373']
number opened: 4
TRIAL 36
Action chosen: (pink, white)
Outcome: False
partcle ids: ['generator_336', 'generator_374', 'generator_373', 'generator_374', 'generator_336', 'number_match', 'generator_373', 'generator_336', 'generator_373', 'generator_374', 'generator_336', 'generator_372', 'generator_373', 'generator_374', 'generator_373', 'generator_376', 'generator_374', 'generator_373', 'generator_336', 'generator_336', 'generator_374', 'generator_373', 'number_match', 'generator_374', 'generator_374', 'generator_373', 'generator_336', 'number_match', 'generator_336', 'generator_374']
number opened: 4
TRIAL 37
Action chosen: (cloud, white)
Outcome: False
partcle ids: ['generator_336', 'generator_374', 'generator_373', 'generator_374', 'generator_336', 'number_match', 'generator_373', 'generator_336', 'generator_373', 'generator_374', 'generator_336', 'generator_372', 'generator_373', 'generator_374', 'generator_373', 'generator_376', 'generator_374', 'generator_373', 'generator_336', 'generator_336', 'generator_374', 'generator_373', 'number_match', 'generator_374', 'generator_374', 'generator_373', 'generator_336', 'number_match', 'generator_336', 'generator_374']
number opened: 4
TRIAL 38
Action chosen: (diamond, white)
Outcome: False
partcle ids: ['number_match', 'generator_353', 'generator_373', 'generator_373', 'generator_373', 'generator_373', 'number_match', 'generator_353', 'generator_373', 'generator_373', 'generator_373', 'generator_374', 'number_match', 'generator_373', 'generator_373', 'generator_373', 'number_match', 'generator_373', 'number_match', 'generator_373', 'generator_373', 'generator_353', 'generator_373', 'generator_336', 'number_match', 'generator_373', 'generator_373', 'generator_373', 'generator_373', 'generator_353']
number opened: 4
TRIAL 39
Action chosen: (purple, white)
Outcome: False
partcle ids: ['generator_353', 'generator_376', 'generator_353', 'generator_336', 'number_match', 'number_match', 'generator_375', 'generator_374', 'number_match', 'number_match', 'number_match', 'generator_372', 'number_match', 'number_match', 'generator_353', 'number_match', 'generator_374', 'number_match', 'generator_336', 'generator_376', 'generator_336', 'generator_358', 'generator_374', 'number_match', 'number_match', 'generator_374', 'generator_372', 'generator_375', 'number_match', 'number_match']
number opened: 4
TRIAL 40
Action chosen: (orange4, white)
Outcome: True
partcle ids: ['number_match', 'number_match', 'number_match', 'number_match', 'number_match', 'number_match', 'number_match', 'number_match', 'number_match', 'number_match', 'number_match', 'number_match', 'number_match', 'number_match', 'number_match', 'number_match', 'number_match', 'number_match', 'number_match', 'number_match', 'number_match', 'number_match', 'number_match', 'number_match', 'number_match', 'number_match', 'number_match', 'number_match', 'number_match', 'number_match']
number opened: 5
{"attempts": 40, "unique_key_box_pairs": 40, "revisit_attempts": 0, "revisit_rate": 0.0, "attempts_before_abandoning_color_matching": 0, "color_matching_abandoned": true}
