{"Child_ID": "D041", "SoC_variant": "SoC-Gen", "theta": [19, 1], "p_gen": 0.3, "true_prior": 0.02, "run_number": 5, "seed": 1173477535637308740}
TRIAL 1
Action chosen: (heart, blue)
Outcome: False
partcle ids: ['similar_color_14', 'generator_1', 'number_match', 'similar_color_9', 'color_match', 'similar_color_5', 'similar_color_11', 'similar_color_4', 'generator_2', 'similar_color_1', 'number_match', 'similar_color_8', 'color_match', 'generator_3', 'similar_color_2', 'shape_match', 'similar_color_4', 'similar_color_3', 'similar_color_3', 'similar_color_9', 'similar_color_4', 'similar_color_1', 'similar_color_2', 'generator_4', 'order_match', 'generator_5', 'similar_color_9', 'similar_color_10', 'similar_color_11', 'similar_color_11']
number opened: 0
TRIAL 2
Action chosen: (pink, pink)
Outcome: False
partcle ids: ['generator_4', 'number_match', 'generator_3', 'number_match', 'generator_3', 'generator_2', 'number_match', 'generator_1', 'number_match', 'number_match', 'generator_6', 'generator_5', 'number_match', 'generator_2', 'order_match', 'generator_7', 'order_match', 'generator_5', 'generator_2', 'generator_8', 'generator_9', 'generator_3', 'generator_3', 'number_match', 'number_match', 'shape_match', 'generator_10', 'similar_color_6', 'generator_3', 'generator_3']
number opened: 0
TRIAL 3
Action chosen: (yellow5, blue)
Outcome: True
partcle ids: ['generator_11', 'generator_12', 'generator_13', 'generator_14', 'number_match', 'generator_15', 'generator_16', 'generator_9', 'generator_17', 'generator_18', 'generator_19', 'generator_20', 'generator_21', 'generator_22', 'generator_23', 'generator_24', 'generator_25', 'generator_26', 'generator_27', 'number_match', 'generator_28', 'generator_29', 'generator_30', 'generator_31', 'generator_32', 'generator_33', 'generator_34', 'generator_35', 'generator_36', 'generator_37']
number opened: 1
TRIAL 4
Action chosen: (orange4, white)
Outcome: True
partcle ids: ['generator_38', 'generator_39', 'generator_40', 'generator_41', 'generator_42', 'generator_43', 'generator_44', 'generator_45', 'generator_46', 'generator_47', 'generator_48', 'generator_49', 'generator_50', 'generator_51', 'generator_52', 'generator_53', 'generator_54', 'generator_55', 'generator_9', 'generator_57', 'generator_32', 'generator_59', 'generator_60', 'generator_61', 'generator_62', 'generator_63', 'generator_64', 'generator_65', 'generator_66', 'generator_67']
number opened: 2
TRIAL 5
Action chosen: (diamond, red)
Outcome: False
partcle ids: ['generator_38', 'generator_39', 'generator_40', 'generator_41', 'generator_42', 'generator_43', 'generator_44', 'generator_45', 'generator_46', 'generator_47', 'generator_48', 'generator_49', 'generator_50', 'generator_51', 'generator_52', 'generator_53', 'generator_54', 'generator_55', 'generator_9', 'generator_57', 'generator_32', 'generator_59', 'generator_60', 'generator_61', 'generator_62', 'generator_63', 'generator_64', 'generator_65', 'generator_66', 'generator_67']
number opened: 2
TRIAL 6
Action chosen: (cloud, purple)
Outcome: False
partcle ids: ['generator_38', 'generator_39', 'generator_40', 'generator_41', 'generator_42', 'generator_43', 'generator_44', 'generator_45', 'generator_46', 'generator_47', 'generator_48', 'generator_49', 'generator_50', 'generator_51', 'generator_52', 'generator_53', 'generator_54', 'generator_55', 'generator_9', 'generator_57', 'generator_32', 'generator_59', 'generator_60', 'generator_61', 'generator_62', 'generator_63', 'generator_64', 'generator_65', 'generator_66', 'generator_67']
number opened: 2
TRIAL 7
Action chosen: (diamond, pink)
Outcome: False
partcle ids: ['generator_38', 'generator_39', 'generator_40', 'generator_41', 'generator_42', 'generator_43', 'generator_44', 'generator_45', 'generator_46', 'generator_47', 'generator_48', 'generator_49', 'generator_50', 'generator_51', 'generator_52', 'generator_53', 'generator_54', 'generator_55', 'generator_9', 'generator_57', 'generator_32', 'generator_59', 'generator_60', 'generator_61', 'generator_62', 'generator_63', 'generator_64', 'generator_65', 'generator_66', 'generator_67']
number opened: 2
TRIAL 8
Action chosen: (pink, purple)
Outcome: False
partcle ids: ['generator_60', 'generator_69', 'generator_70', 'generator_71', 'generator_55', 'generator_66', 'generator_73', 'generator_9', 'generator_74', 'generator_59', 'generator_66', 'generator_75', 'generator_59', 'generator_77', 'generator_78', 'generator_79', 'generator_80', 'generator_40', 'generator_60', 'generator_83', 'generator_84', 'generator_40', 'generator_86', 'generator_66', 'generator_88', 'generator_43', 'generator_89', 'generator_90', 'generator_91', 'generator_92']
number opened: 2
TRIAL 9
Action chosen: (grey2, purple)
Outcome: False
partcle ids: ['generator_60', 'generator_69', 'generator_70', 'generator_71', 'generator_55', 'generator_66', 'generator_73', 'generator_9', 'generator_74', 'generator_59', 'generator_66', 'generator_75', 'generator_59', 'generator_77', 'generator_78', 'generator_79', 'generator_80', 'generator_40', 'generator_60', 'generator_83', 'generator_84', 'generator_40', 'generator_86', 'generator_66', 'generator_88', 'generator_43', 'generator_89', 'generator_90', 'generator_91', 'generator_92']
number opened: 2
TRIAL 10
Action chosen: (purple, red)
Outcome: False
partcle ids: ['generator_60', 'generator_69', 'generator_70', 'generator_71', 'generator_55', 'generator_66', 'generator_73', 'generator_9', 'generator_74', 'generator_59', 'generator_66', 'generator_75', 'generator_59', 'generator_77', 'generator_78', 'generator_79', 'generator_80', 'generator_40', 'generator_60', 'generator_83', 'generator_84', 'generator_40', 'generator_86', 'generator_66', 'generator_88', 'generator_43', 'generator_89', 'generator_90', 'generator_91', 'generator_92']
number opened: 2
TRIAL 11
Action chosen: (pink, red)
Outcome: False
partcle ids: ['generator_69', 'generator_94', 'generator_95', 'generator_69', 'number_match', 'generator_97', 'generator_98', 'generator_99', 'generator_80', 'generator_55', 'generator_102', 'generator_91', 'generator_43', 'generator_104', 'generator_89', 'generator_91', 'generator_71', 'generator_108', 'generator_69', 'generator_110', 'generator_111', 'generator_112', 'generator_84', 'generator_113', 'generator_114', 'generator_43', 'generator_43', 'generator_89', 'generator_90', 'generator_116']
number opened: 2
TRIAL 12
Action chosen: (triangle, red)
Outcome: False
partcle ids: ['generator_69', 'generator_94', 'generator_95', 'generator_69', 'number_match', 'generator_97', 'generator_98', 'generator_99', 'generator_80', 'generator_55', 'generator_102', 'generator_91', 'generator_43', 'generator_104', 'generator_89', 'generator_91', 'generator_71', 'generator_108', 'generator_69', 'generator_110', 'generator_111', 'generator_112', 'generator_84', 'generator_113', 'generator_114', 'generator_43', 'generator_43', 'generator_89', 'generator_90', 'generator_116']
number opened: 2
TRIAL 13
Action chosen: (grey2, red)
Outcome: False
partcle ids: ['generator_69', 'generator_94', 'generator_95', 'generator_69', 'number_match', 'generator_97', 'generator_98', 'generator_99', 'generator_80', 'generator_55', 'generator_102', 'generator_91', 'generator_43', 'generator_104', 'generator_89', 'generator_91', 'generator_71', 'generator_108', 'generator_69', 'generator_110', 'generator_111', 'generator_112', 'generator_84', 'generator_113', 'generator_114', 'generator_43', 'generator_43', 'generator_89', 'generator_90', 'generator_116']
number opened: 2
TRIAL 14
Action chosen: (red, red)
Outcome: True
partcle ids: ['generator_117', 'generator_118', 'generator_119', 'number_match', 'generator_120', 'generator_121', 'generator_122', 'generator_123', 'generator_89', 'generator_125', 'generator_89', 'generator_126', 'number_match', 'generator_89', 'generator_89', 'generator_128', 'generator_89', 'generator_89', 'generator_131', 'generator_132', 'generator_84', 'generator_89', 'generator_135', 'generator_136', 'number_match', 'generator_135', 'generator_89', 'generator_119', 'generator_139', 'generator_89']
number opened: 3
TRIAL 15
Action chosen: (grey2, pink)
Outcome: True
partcle ids: ['generator_141', 'generator_89', 'generator_142', 'generator_143', 'generator_89', 'number_match', 'generator_89', 'generator_142', 'generator_141', 'generator_143', 'generator_141', 'number_match', 'generator_144', 'generator_89', 'generator_141', 'generator_143', 'generator_144', 'generator_89', 'generator_141', 'generator_89', 'generator_89', 'generator_89', 'generator_89', 'generator_141', 'generator_143', 'generator_144', 'generator_122', 'generator_122', 'generator_89', 'generator_89']
number opened: 4
TRIAL 16
Action chosen: (heart, purple)
Outcome: False
partcle ids: ['generator_141', 'generator_89', 'generator_142', 'generator_143', 'generator_89', 'number_match', 'generator_89', 'generator_142', 'generator_141', 'generator_143', 'generator_141', 'number_match', 'generator_144', 'generator_89', 'generator_141', 'generator_143', 'generator_144', 'generator_89', 'generator_141', 'generator_89', 'generator_89', 'generator_89', 'generator_89', 'generator_141', 'generator_143', 'generator_144', 'generator_122', 'generator_122', 'generator_89', 'generator_89']
number opened: 4
TRIAL 17
Action chosen: (diamond, purple)
Outcome: False
partcle ids: ['generator_143', 'generator_141', 'number_match', 'generator_143', 'generator_144', 'generator_144', 'generator_144', 'generator_144', 'generator_143', 'generator_122', 'generator_144', 'generator_142', 'number_match', 'generator_143', 'generator_144', 'generator_122', 'generator_143', 'number_match', 'generator_144', 'generator_142', 'generator_143', 'generator_143', 'generator_143', 'generator_144', 'generator_142', 'generator_122', 'generator_142', 'number_match', 'number_match', 'generator_143']
number opened: 4
TRIAL 18
Action chosen: (triangle, purple)
Outcome: False
partcle ids: ['generator_143', 'generator_141', 'number_match', 'generator_143', 'generator_144', 'generator_144', 'generator_144', 'generator_144', 'generator_143', 'generator_122', 'generator_144', 'generator_142', 'number_match', 'generator_143', 'generator_144', 'generator_122', 'generator_143', 'number_match', 'generator_144', 'generator_142', 'generator_143', 'generator_143', 'generator_143', 'generator_144', 'generator_142', 'generator_122', 'generator_142', 'number_match', 'number_match', 'generator_143']
number opened: 4
TRIAL 19
Action chosen: (white, purple)
Outcome: False
partcle ids: ['generator_122', 'generator_122', 'generator_142', 'generator_122', 'number_match', 'generator_122', 'number_match', 'generator_142', 'generator_142', 'number_match', 'generator_122', 'number_match', 'number_match', 'number_match', 'generator_145', 'generator_142', 'number_match', 'generator_142', 'number_match', 'generator_122', 'number_match', 'generator_122', 'number_match', 'generator_142', 'generator_142', 'generator_122', 'generator_142', 'generator_122', 'generator_89', 'generator_143']
number opened: 4
TRIAL 20
Action chosen: (green3, purple)
Outcome: True
partcle ids: ['number_match', 'number_match', 'number_match', 'number_match', 'number_match', 'number_match', 'number_match', 'number_match', 'number_match', 'number_match', 'number_match', 'number_match', 'number_match', 'number_match', 'number_match', 'number_match', 'number_match', 'number_match', 'number_match', 'number_match', 'number_match', 'number_match', 'number_match', 'number_match', 'number_match', 'number_match', 'number_match', 'number_match', 'number_match', 'number_match']
number opened: 5
{"attempts": 20, "unique_key_box_pairs": 20, "revisit_attempts": 0, "revisit_rate": 0.0, "attempts_before_abandoning_color_matching": 0, "color_matching_abandoned": true}
