{"Child_ID": "D041", "SoC_variant": "SoC-Gen", "theta": [19, 1], "p_gen": 0.3, "true_prior": 0.02, "run_number": 46, "seed": 4383166280961675522}
TRIAL 1
Action chosen: (pink, pink)
Outcome: False
partcle ids: ['similar_color_1', 'similar_color_5', 'similar_color_4', 'shape_match', 'generator_1', 'order_match', 'generator_2', 'similar_color_12', 'shape_match', 'generator_3', 'similar_color_2', 'generator_4', 'generator_5', 'similar_color_1', 'generator_6', 'generator_7', 'similar_color_6', 'generator_8', 'similar_color_10', 'similar_color_12', 'generator_9', 'similar_color_13', 'similar_color_12', 'generator_10', 'similar_color_2', 'generator_11', 'color_match', 'number_match', 'generator_12', 'generator_13']
number opened: 0
TRIAL 2
Action chosen: (cloud, pink)
Outcome: False
partcle ids: ['generator_13', 'similar_color_7', 'generator_8', 'generator_12', 'generator_3', 'generator_11', 'generator_7', 'generator_11', 'generator_15', 'generator_16', 'number_match', 'order_match', 'generator_17', 'generator_11', 'generator_12', 'generator_18', 'order_match', 'number_match', 'generator_11', 'generator_19', 'generator_8', 'generator_3', 'generator_2', 'generator_4', 'generator_20', 'generator_13', 'generator_7', 'generator_4', 'similar_color_14', 'generator_21']
number opened: 0
TRIAL 3
Action chosen: (red, red)
Outcome: True
partcle ids: ['generator_22', 'order_match', 'generator_23', 'order_match', 'order_match', 'generator_24', 'similar_color_14', 'generator_15', 'similar_color_10', 'generator_15', 'similar_color_1', 'number_match', 'generator_15', 'order_match', 'number_match', 'similar_color_1', 'similar_color_10', 'generator_15', 'generator_25', 'order_match', 'similar_color_10', 'generator_26', 'number_match', 'number_match', 'generator_27', 'generator_15', 'order_match', 'similar_color_12', 'similar_color_13', 'generator_28']
number opened: 1
TRIAL 4
Action chosen: (yellow5, blue)
Outcome: True
partcle ids: ['generator_22', 'order_match', 'generator_23', 'order_match', 'order_match', 'generator_24', 'similar_color_14', 'generator_15', 'similar_color_10', 'generator_15', 'similar_color_1', 'number_match', 'generator_15', 'order_match', 'number_match', 'similar_color_1', 'similar_color_10', 'generator_15', 'generator_25', 'order_match', 'similar_color_10', 'generator_26', 'number_match', 'number_match', 'generator_27', 'generator_15', 'order_match', 'similar_color_12', 'similar_color_13', 'generator_28']
number opened: 2
TRIAL 5
Action chosen: (green3, purple)
Outcome: True
partcle ids: ['generator_29', 'generator_15', 'generator_31', 'generator_15', 'generator_32', 'generator_33', 'generator_34', 'generator_35', 'generator_35', 'generator_15', 'number_match', 'generator_15', 'generator_38', 'generator_37', 'generator_15', 'generator_39', 'generator_40', 'generator_15', 'generator_42', 'generator_43', 'generator_44', 'generator_45', 'generator_46', 'generator_34', 'generator_47', 'generator_47', 'generator_48', 'generator_49', 'generator_50', 'generator_51']
number opened: 3
TRIAL 6
Action chosen: (grey2, white)
Outcome: False
partcle ids: ['generator_29', 'generator_15', 'generator_31', 'generator_15', 'generator_32', 'generator_33', 'generator_34', 'generator_35', 'generator_35', 'generator_15', 'number_match', 'generator_15', 'generator_38', 'generator_37', 'generator_15', 'generator_39', 'generator_40', 'generator_15', 'generator_42', 'generator_43', 'generator_44', 'generator_45', 'generator_46', 'generator_34', 'generator_47', 'generator_47', 'generator_48', 'generator_49', 'generator_50', 'generator_51']
number opened: 3
TRIAL 7
Action chosen: (diamond, white)
Outcome: False
partcle ids: ['generator_29', 'generator_15', 'generator_31', 'generator_15', 'generator_32', 'generator_33', 'generator_34', 'generator_35', 'generator_35', 'generator_15', 'number_match', 'generator_15', 'generator_38', 'generator_37', 'generator_15', 'generator_39', 'generator_40', 'generator_15', 'generator_42', 'generator_43', 'generator_44', 'generator_45', 'generator_46', 'generator_34', 'generator_47', 'generator_47', 'generator_48', 'generator_49', 'generator_50', 'generator_51']
number opened: 3
TRIAL 8
Action chosen: (grey2, pink)
Outcome: True
partcle ids: ['generator_43', 'generator_31', 'number_match', 'generator_52', 'number_match', 'generator_31', 'generator_32', 'generator_31', 'generator_53', 'generator_54', 'number_match', 'generator_33', 'generator_32', 'generator_55', 'generator_43', 'generator_43', 'generator_55', 'generator_55', 'generator_33', 'generator_54', 'generator_33', 'generator_53', 'generator_33', 'generator_53', 'generator_43', 'generator_31', 'generator_31', 'number_match', 'generator_31', 'generator_55']
number opened: 4
TRIAL 9
Action chosen: (cloud, white)
Outcome: False
partcle ids: ['generator_43', 'generator_31', 'number_match', 'generator_52', 'number_match', 'generator_31', 'generator_32', 'generator_31', 'generator_53', 'generator_54', 'number_match', 'generator_33', 'generator_32', 'generator_55', 'generator_43', 'generator_43', 'generator_55', 'generator_55', 'generator_33', 'generator_54', 'generator_33', 'generator_53', 'generator_33', 'generator_53', 'generator_43', 'generator_31', 'generator_31', 'number_match', 'generator_31', 'generator_55']
number opened: 4
TRIAL 10
Action chosen: (purple, white)
Outcome: False
partcle ids: ['generator_43', 'generator_31', 'number_match', 'generator_52', 'number_match', 'generator_31', 'generator_32', 'generator_31', 'generator_53', 'generator_54', 'number_match', 'generator_33', 'generator_32', 'generator_55', 'generator_43', 'generator_43', 'generator_55', 'generator_55', 'generator_33', 'generator_54', 'generator_33', 'generator_53', 'generator_33', 'generator_53', 'generator_43', 'generator_31', 'generator_31', 'number_match', 'generator_31', 'generator_55']
number opened: 4
TRIAL 11
Action chosen: (pink, white)
Outcome: False
partcle ids: ['generator_43', 'generator_31', 'number_match', 'generator_52', 'number_match', 'generator_31', 'generator_32', 'generator_31', 'generator_53', 'generator_54', 'number_match', 'generator_33', 'generator_32', 'generator_55', 'generator_43', 'generator_43', 'generator_55', 'generator_55', 'generator_33', 'generator_54', 'generator_33', 'generator_53', 'generator_33', 'generator_53', 'generator_43', 'generator_31', 'generator_31', 'number_match', 'generator_31', 'generator_55']
number opened: 4
TRIAL 12
Action chosen: (heart, white)
Outcome: False
partcle ids: ['generator_54', 'generator_54', 'number_match', 'generator_54', 'generator_32', 'generator_32', 'generator_53', 'number_match', 'number_match', 'number_match', 'generator_53', 'number_match', 'generator_54', 'generator_54', 'number_match', 'generator_43', 'number_match', 'number_match', 'generator_54', 'generator_53', 'generator_53', 'generator_53', 'generator_31', 'number_match', 'generator_53', 'generator_54', 'generator_53', 'generator_54', 'generator_32', 'generator_43']
number opened: 4
TRIAL 13
Action chosen: (orange4, white)
Outcome: True
partcle ids: ['number_match', 'number_match', 'number_match', 'number_match', 'number_match', 'number_match', 'number_match', 'number_match', 'number_match', 'number_match', 'number_match', 'number_match', 'number_match', 'number_match', 'number_match', 'number_match', 'number_match', 'number_match', 'number_match', 'number_match', 'number_match', 'number_match', 'number_match', 'number_match', 'number_match', 'number_match', 'number_match', 'number_match', 'number_match', 'number_match']
number opened: 5
{"attempts": 13, "unique_key_box_pairs": 13, "revisit_attempts": 0, "revisit_rate": 0.0, "attempts_before_abandoning_color_matching": 1, "color_matching_abandoned": true}
