{"Child_ID": "D067", "SoC_variant": "SoC-Full", "theta": [1, 3], "p_gen": 0.7, "true_prior": 0.02, "run_number": 64, "seed": 201241785347313090}
TRIAL 1
Action chosen: (red, red)
Outcome: True
partcle ids: ['similar_color_9', 'generator_23', 'generator_24', 'generator_25', 'generator_12', 'generator_26', 'similar_color_4', 'generator_27', 'generator_28', 'generator_29', 'generator_30', 'generator_22', 'generator_31', 'generator_32', 'generator_33', 'generator_34', 'generator_35', 'generator_36', 'generator_37', 'generator_38', 'similar_color_2', 'generator_39', 'similar_color_13', 'generator_40', 'generator_41', 'generator_42', 'similar_color_4', 'generator_43', 'number_match', 'generator_44']
number opened: 1
TRIAL 2
Action chosen: (pink, pink)
Outcome: False
partcle ids: ['similar_color_9', 'generator_23', 'generator_24', 'generator_25', 'generator_12', 'generator_26', 'similar_color_4', 'generator_27', 'generator_28', 'generator_29', 'generator_30', 'generator_22', 'generator_31', 'generator_32', 'generator_33', 'generator_34', 'generator_35', 'generator_36', 'generator_37', 'generator_38', 'similar_color_2', 'generator_39', 'similar_color_13', 'generator_40', 'generator_41', 'generator_42', 'similar_color_4', 'generator_43', 'number_match', 'generator_44']
number opened: 1
TRIAL 3
Action chosen: (heart, pink)
Outcome: False
partcle ids: ['similar_color_9', 'generator_23', 'generator_24', 'generator_25', 'generator_12', 'generator_26', 'similar_color_4', 'generator_27', 'generator_28', 'generator_29', 'generator_30', 'generator_22', 'generator_31', 'generator_32', 'generator_33', 'generator_34', 'generator_35', 'generator_36', 'generator_37', 'generator_38', 'similar_color_2', 'generator_39', 'similar_color_13', 'generator_40', 'generator_41', 'generator_42', 'similar_color_4', 'generator_43', 'number_match', 'generator_44']
number opened: 1
TRIAL 4
Action chosen: (grey2, white)
Outcome: False
partcle ids: ['similar_color_9', 'generator_23', 'generator_24', 'generator_25', 'generator_12', 'generator_26', 'similar_color_4', 'generator_27', 'generator_28', 'generator_29', 'generator_30', 'generator_22', 'generator_31', 'generator_32', 'generator_33', 'generator_34', 'generator_35', 'generator_36', 'generator_37', 'generator_38', 'similar_color_2', 'generator_39', 'similar_color_13', 'generator_40', 'generator_41', 'generator_42', 'similar_color_4', 'generator_43', 'number_match', 'generator_44']
number opened: 1
TRIAL 5
Action chosen: (purple, blue)
Outcome: False
partcle ids: ['similar_color_9', 'generator_23', 'generator_24', 'generator_25', 'generator_12', 'generator_26', 'similar_color_4', 'generator_27', 'generator_28', 'generator_29', 'generator_30', 'generator_22', 'generator_31', 'generator_32', 'generator_33', 'generator_34', 'generator_35', 'generator_36', 'generator_37', 'generator_38', 'similar_color_2', 'generator_39', 'similar_color_13', 'generator_40', 'generator_41', 'generator_42', 'similar_color_4', 'generator_43', 'number_match', 'generator_44']
number opened: 1
TRIAL 6
Action chosen: (cloud, purple)
Outcome: False
partcle ids: ['similar_color_9', 'generator_23', 'generator_24', 'generator_25', 'generator_12', 'generator_26', 'similar_color_4', 'generator_27', 'generator_28', 'generator_29', 'generator_30', 'generator_22', 'generator_31', 'generator_32', 'generator_33', 'generator_34', 'generator_35', 'generator_36', 'generator_37', 'generator_38', 'similar_color_2', 'generator_39', 'similar_color_13', 'generator_40', 'generator_41', 'generator_42', 'similar_color_4', 'generator_43', 'number_match', 'generator_44']
number opened: 1
TRIAL 7
Action chosen: (orange4, blue)
Outcome: False
partcle ids: ['similar_color_9', 'generator_23', 'generator_24', 'generator_25', 'generator_12', 'generator_26', 'similar_color_4', 'generator_27', 'generator_28', 'generator_29', 'generator_30', 'generator_22', 'generator_31', 'generator_32', 'generator_33', 'generator_34', 'generator_35', 'generator_36', 'generator_37', 'generator_38', 'similar_color_2', 'generator_39', 'similar_color_13', 'generator_40', 'generator_41', 'generator_42', 'similar_color_4', 'generator_43', 'number_match', 'generator_44']
number opened: 1
TRIAL 8
Action chosen: (pink, pink)
Outcome: False
partcle ids: ['similar_color_9', 'generator_23', 'generator_24', 'generator_25', 'generator_12', 'generator_26', 'similar_color_4', 'generator_27', 'generator_28', 'generator_29', 'generator_30', 'generator_22', 'generator_31', 'generator_32', 'generator_33', 'generator_34', 'generator_35', 'generator_36', 'generator_37', 'generator_38', 'similar_color_2', 'generator_39', 'similar_color_13', 'generator_40', 'generator_41', 'generator_42', 'similar_color_4', 'generator_43', 'number_match', 'generator_44']
number opened: 1
TRIAL 9
Action chosen: (grey2, blue)
Outcome: False
partcle ids: ['similar_color_9', 'generator_23', 'generator_24', 'generator_25', 'generator_12', 'generator_26', 'similar_color_4', 'generator_27', 'generator_28', 'generator_29', 'generator_30', 'generator_22', 'generator_31', 'generator_32', 'generator_33', 'generator_34', 'generator_35', 'generator_36', 'generator_37', 'generator_38', 'similar_color_2', 'generator_39', 'similar_color_13', 'generator_40', 'generator_41', 'generator_42', 'similar_color_4', 'generator_43', 'number_match', 'generator_44']
number opened: 1
TRIAL 10
Action chosen: (purple, white)
Outcome: False
partcle ids: ['similar_color_9', 'generator_23', 'generator_24', 'generator_25', 'generator_12', 'generator_26', 'similar_color_4', 'generator_27', 'generator_28', 'generator_29', 'generator_30', 'generator_22', 'generator_31', 'generator_32', 'generator_33', 'generator_34', 'generator_35', 'generator_36', 'generator_37', 'generator_38', 'similar_color_2', 'generator_39', 'similar_color_13', 'generator_40', 'generator_41', 'generator_42', 'similar_color_4', 'generator_43', 'number_match', 'generator_44']
number opened: 1
TRIAL 11
Action chosen: (orange4, white)
Outcome: True
partcle ids: ['generator_45', 'generator_46', 'generator_47', 'generator_48', 'generator_49', 'generator_50', 'generator_51', 'generator_52', 'generator_53', 'generator_54', 'generator_55', 'generator_56', 'generator_57', 'generator_23', 'generator_59', 'number_match', 'generator_60', 'generator_61', 'generator_62', 'generator_63', 'generator_64', 'generator_65', 'generator_66', 'generator_67', 'generator_68', 'generator_69', 'generator_70', 'generator_50', 'generator_71', 'generator_27']
number opened: 2
TRIAL 12
Action chosen: (yellow5, blue)
Outcome: True
partcle ids: ['generator_73', 'generator_74', 'generator_75', 'generator_76', 'generator_77', 'generator_78', 'generator_60', 'generator_55', 'generator_71', 'generator_80', 'generator_81', 'generator_46', 'generator_71', 'number_match', 'generator_84', 'generator_81', 'generator_85', 'generator_86', 'generator_87', 'generator_88', 'generator_89', 'generator_90', 'generator_91', 'generator_92', 'generator_93', 'generator_94', 'generator_55', 'generator_87', 'generator_60', 'generator_46']
number opened: 3
TRIAL 13
Action chosen: (cloud, pink)
Outcome: False
partcle ids: ['generator_73', 'generator_74', 'generator_75', 'generator_76', 'generator_77', 'generator_78', 'generator_60', 'generator_55', 'generator_71', 'generator_80', 'generator_81', 'generator_46', 'generator_71', 'number_match', 'generator_84', 'generator_81', 'generator_85', 'generator_86', 'generator_87', 'generator_88', 'generator_89', 'generator_90', 'generator_91', 'generator_92', 'generator_93', 'generator_94', 'generator_55', 'generator_87', 'generator_60', 'generator_46']
number opened: 3
TRIAL 14
Action chosen: (green3, pink)
Outcome: False
partcle ids: ['generator_73', 'generator_74', 'generator_75', 'generator_76', 'generator_77', 'generator_78', 'generator_60', 'generator_55', 'generator_71', 'generator_80', 'generator_81', 'generator_46', 'generator_71', 'number_match', 'generator_84', 'generator_81', 'generator_85', 'generator_86', 'generator_87', 'generator_88', 'generator_89', 'generator_90', 'generator_91', 'generator_92', 'generator_93', 'generator_94', 'generator_55', 'generator_87', 'generator_60', 'generator_46']
number opened: 3
TRIAL 15
Action chosen: (white, pink)
Outcome: False
partcle ids: ['generator_73', 'generator_74', 'generator_75', 'generator_76', 'generator_77', 'generator_78', 'generator_60', 'generator_55', 'generator_71', 'generator_80', 'generator_81', 'generator_46', 'generator_71', 'number_match', 'generator_84', 'generator_81', 'generator_85', 'generator_86', 'generator_87', 'generator_88', 'generator_89', 'generator_90', 'generator_91', 'generator_92', 'generator_93', 'generator_94', 'generator_55', 'generator_87', 'generator_60', 'generator_46']
number opened: 3
TRIAL 16
Action chosen: (blue, purple)
Outcome: False
partcle ids: ['generator_73', 'generator_74', 'generator_75', 'generator_76', 'generator_77', 'generator_78', 'generator_60', 'generator_55', 'generator_71', 'generator_80', 'generator_81', 'generator_46', 'generator_71', 'number_match', 'generator_84', 'generator_81', 'generator_85', 'generator_86', 'generator_87', 'generator_88', 'generator_89', 'generator_90', 'generator_91', 'generator_92', 'generator_93', 'generator_94', 'generator_55', 'generator_87', 'generator_60', 'generator_46']
number opened: 3
TRIAL 17
Action chosen: (cloud, pink)
Outcome: False
partcle ids: ['generator_73', 'generator_74', 'generator_75', 'generator_76', 'generator_77', 'generator_78', 'generator_60', 'generator_55', 'generator_71', 'generator_80', 'generator_81', 'generator_46', 'generator_71', 'number_match', 'generator_84', 'generator_81', 'generator_85', 'generator_86', 'generator_87', 'generator_88', 'generator_89', 'generator_90', 'generator_91', 'generator_92', 'generator_93', 'generator_94', 'generator_55', 'generator_87', 'generator_60', 'generator_46']
number opened: 3
TRIAL 18
Action chosen: (grey2, pink)
Outcome: True
partcle ids: ['generator_97', 'generator_75', 'generator_98', 'generator_99', 'generator_98', 'generator_88', 'generator_97', 'number_match', 'generator_75', 'generator_97', 'generator_101', 'generator_88', 'generator_75', 'number_match', 'generator_88', 'generator_75', 'generator_98', 'generator_98', 'generator_88', 'generator_97', 'generator_99', 'number_match', 'generator_99', 'generator_88', 'generator_88', 'generator_88', 'number_match', 'generator_75', 'number_match', 'generator_75']
number opened: 4
TRIAL 19
Action chosen: (white, purple)
Outcome: False
partcle ids: ['generator_97', 'generator_75', 'generator_98', 'generator_99', 'generator_98', 'generator_88', 'generator_97', 'number_match', 'generator_75', 'generator_97', 'generator_101', 'generator_88', 'generator_75', 'number_match', 'generator_88', 'generator_75', 'generator_98', 'generator_98', 'generator_88', 'generator_97', 'generator_99', 'number_match', 'generator_99', 'generator_88', 'generator_88', 'generator_88', 'number_match', 'generator_75', 'number_match', 'generator_75']
number opened: 4
TRIAL 20
Action chosen: (diamond, purple)
Outcome: False
partcle ids: ['generator_97', 'generator_75', 'generator_98', 'generator_99', 'generator_98', 'generator_88', 'generator_97', 'number_match', 'generator_75', 'generator_97', 'generator_101', 'generator_88', 'generator_75', 'number_match', 'generator_88', 'generator_75', 'generator_98', 'generator_98', 'generator_88', 'generator_97', 'generator_99', 'number_match', 'generator_99', 'generator_88', 'generator_88', 'generator_88', 'number_match', 'generator_75', 'number_match', 'generator_75']
number opened: 4
TRIAL 21
Action chosen: (green3, purple)
Outcome: True
partcle ids: ['number_match', 'number_match', 'number_match', 'number_match', 'number_match', 'number_match', 'number_match', 'number_match', 'number_match', 'number_match', 'number_match', 'number_match', 'number_match', 'number_match', 'number_match', 'number_match', 'number_match', 'number_match', 'number_match', 'number_match', 'number_match', 'number_match', 'number_match', 'number_match', 'number_match', 'number_match', 'number_match', 'number_match', 'number_match', 'number_match']
number opened: 5
{"attempts": 21, "unique_key_box_pairs": 19, "revisit_attempts": 2, "revisit_rate": 0.1, "attempts_before_abandoning_color_matching": 2, "color_matching_abandoned": true}
