{"Child_ID": "D024", "SoC_variant": "SoC-Gen", "theta": [19, 1], "p_gen": 0.3, "true_prior": 0.02, "run_number": 64, "seed": 3768283975722457875}
TRIAL 1
Action chosen: (blue, blue)
Outcome: False
partcle ids: ['similar_color_13', 'similar_color_6', 'similar_color_12', 'order_match', 'generator_1', 'generator_2', 'similar_color_5', 'generator_3', 'similar_color_8', 'generator_4', 'generator_5', 'similar_color_6', 'similar_color_1', 'generator_6', 'color_match', 'generator_7', 'similar_color_9', 'similar_color_13', 'similar_color_11', 'similar_color_7', 'similar_color_9', 'color_match', 'similar_color_6', 'similar_color_14', 'similar_color_6', 'color_match', 'color_match', 'shape_match', 'generator_8', 'color_match']
number opened: 0
TRIAL 2
Action chosen: (purple, purple)
Outcome: False
partcle ids: ['generator_4', 'generator_9', 'similar_color_3', 'generator_5', 'generator_10', 'order_match', 'generator_11', 'generator_2', 'generator_12', 'generator_4', 'generator_8', 'generator_6', 'generator_8', 'generator_13', 'generator_8', 'similar_color_12', 'generator_14', 'generator_8', 'generator_15', 'generator_16', 'shape_match', 'generator_5', 'shape_match', 'generator_5', 'generator_17', 'generator_8', 'generator_18', 'generator_4', 'order_match', 'generator_1']
number opened: 0
TRIAL 3
Action chosen: (orange4, purple)
Outcome: False
partcle ids: ['generator_4', 'generator_9', 'similar_color_3', 'generator_5', 'generator_10', 'order_match', 'generator_11', 'generator_2', 'generator_12', 'generator_4', 'generator_8', 'generator_6', 'generator_8', 'generator_13', 'generator_8', 'similar_color_12', 'generator_14', 'generator_8', 'generator_15', 'generator_16', 'shape_match', 'generator_5', 'shape_match', 'generator_5', 'generator_17', 'generator_8', 'generator_18', 'generator_4', 'order_match', 'generator_1']
number opened: 0
TRIAL 4
Action chosen: (triangle, blue)
Outcome: False
partcle ids: ['generator_4', 'generator_9', 'similar_color_3', 'generator_5', 'generator_10', 'order_match', 'generator_11', 'generator_2', 'generator_12', 'generator_4', 'generator_8', 'generator_6', 'generator_8', 'generator_13', 'generator_8', 'similar_color_12', 'generator_14', 'generator_8', 'generator_15', 'generator_16', 'shape_match', 'generator_5', 'shape_match', 'generator_5', 'generator_17', 'generator_8', 'generator_18', 'generator_4', 'order_match', 'generator_1']
number opened: 0
TRIAL 5
Action chosen: (triangle, white)
Outcome: False
partcle ids: ['generator_1', 'generator_16', 'generator_11', 'generator_11', 'generator_1', 'generator_12', 'generator_15', 'generator_11', 'generator_21', 'generator_22', 'generator_23', 'generator_6', 'generator_8', 'generator_2', 'generator_18', 'generator_2', 'generator_2', 'generator_25', 'generator_18', 'generator_18', 'generator_1', 'generator_1', 'generator_17', 'generator_15', 'generator_26', 'generator_17', 'generator_12', 'generator_12', 'generator_1', 'generator_6']
number opened: 0
TRIAL 6
Action chosen: (triangle, purple)
Outcome: False
partcle ids: ['generator_1', 'generator_16', 'generator_11', 'generator_11', 'generator_1', 'generator_12', 'generator_15', 'generator_11', 'generator_21', 'generator_22', 'generator_23', 'generator_6', 'generator_8', 'generator_2', 'generator_18', 'generator_2', 'generator_2', 'generator_25', 'generator_18', 'generator_18', 'generator_1', 'generator_1', 'generator_17', 'generator_15', 'generator_26', 'generator_17', 'generator_12', 'generator_12', 'generator_1', 'generator_6']
number opened: 0
TRIAL 7
Action chosen: (pink, white)
Outcome: False
partcle ids: ['generator_1', 'generator_16', 'generator_11', 'generator_11', 'generator_1', 'generator_12', 'generator_15', 'generator_11', 'generator_21', 'generator_22', 'generator_23', 'generator_6', 'generator_8', 'generator_2', 'generator_18', 'generator_2', 'generator_2', 'generator_25', 'generator_18', 'generator_18', 'generator_1', 'generator_1', 'generator_17', 'generator_15', 'generator_26', 'generator_17', 'generator_12', 'generator_12', 'generator_1', 'generator_6']
number opened: 0
TRIAL 8
Action chosen: (blue, white)
Outcome: False
partcle ids: ['generator_6', 'generator_18', 'generator_26', 'generator_28', 'generator_26', 'generator_25', 'similar_color_5', 'generator_18', 'generator_18', 'generator_26', 'shape_match', 'generator_18', 'generator_29', 'generator_6', 'generator_12', 'generator_18', 'generator_30', 'generator_1', 'generator_18', 'generator_12', 'generator_18', 'generator_21', 'generator_6', 'generator_23', 'generator_31', 'generator_25', 'generator_23', 'similar_color_2', 'generator_26', 'generator_15']
number opened: 0
TRIAL 9
Action chosen: (purple, purple)
Outcome: False
partcle ids: ['generator_6', 'generator_18', 'generator_26', 'generator_28', 'generator_26', 'generator_25', 'similar_color_5', 'generator_18', 'generator_18', 'generator_26', 'shape_match', 'generator_18', 'generator_29', 'generator_6', 'generator_12', 'generator_18', 'generator_30', 'generator_1', 'generator_18', 'generator_12', 'generator_18', 'generator_21', 'generator_6', 'generator_23', 'generator_31', 'generator_25', 'generator_23', 'similar_color_2', 'generator_26', 'generator_15']
number opened: 0
TRIAL 10
Action chosen: (heart, pink)
Outcome: False
partcle ids: ['generator_6', 'generator_18', 'generator_26', 'generator_28', 'generator_26', 'generator_25', 'similar_color_5', 'generator_18', 'generator_18', 'generator_26', 'shape_match', 'generator_18', 'generator_29', 'generator_6', 'generator_12', 'generator_18', 'generator_30', 'generator_1', 'generator_18', 'generator_12', 'generator_18', 'generator_21', 'generator_6', 'generator_23', 'generator_31', 'generator_25', 'generator_23', 'similar_color_2', 'generator_26', 'generator_15']
number opened: 0
TRIAL 11
Action chosen: (purple, white)
Outcome: False
partcle ids: ['generator_12', 'order_match', 'generator_6', 'generator_33', 'generator_29', 'generator_25', 'generator_26', 'generator_1', 'generator_1', 'generator_35', 'generator_36', 'generator_37', 'shape_match', 'generator_12', 'generator_38', 'generator_39', 'generator_29', 'generator_40', 'generator_1', 'shape_match', 'generator_41', 'generator_42', 'similar_color_5', 'generator_6', 'generator_29', 'generator_31', 'generator_45', 'generator_31', 'generator_46', 'generator_6']
number opened: 0
TRIAL 12
Action chosen: (heart, purple)
Outcome: False
partcle ids: ['generator_12', 'order_match', 'generator_6', 'generator_33', 'generator_29', 'generator_25', 'generator_26', 'generator_1', 'generator_1', 'generator_35', 'generator_36', 'generator_37', 'shape_match', 'generator_12', 'generator_38', 'generator_39', 'generator_29', 'generator_40', 'generator_1', 'shape_match', 'generator_41', 'generator_42', 'similar_color_5', 'generator_6', 'generator_29', 'generator_31', 'generator_45', 'generator_31', 'generator_46', 'generator_6']
number opened: 0
TRIAL 13
Action chosen: (red, red)
Outcome: True
partcle ids: ['generator_47', 'order_match', 'generator_12', 'generator_48', 'similar_color_2', 'order_match', 'order_match', 'similar_color_5', 'generator_50', 'generator_35', 'generator_12', 'generator_35', 'generator_53', 'generator_54', 'number_match', 'generator_35', 'generator_12', 'similar_color_5', 'generator_12', 'generator_12', 'generator_46', 'generator_12', 'generator_57', 'order_match', 'number_match', 'similar_color_14', 'order_match', 'order_match', 'generator_46', 'generator_59']
number opened: 1
TRIAL 14
Action chosen: (yellow5, blue)
Outcome: True
partcle ids: ['generator_35', 'generator_61', 'generator_62', 'number_match', 'generator_63', 'generator_64', 'order_match', 'generator_35', 'number_match', 'generator_35', 'generator_68', 'generator_35', 'generator_70', 'number_match', 'generator_35', 'generator_72', 'generator_73', 'number_match', 'generator_74', 'generator_75', 'generator_76', 'generator_77', 'number_match', 'generator_78', 'generator_35', 'generator_80', 'number_match', 'generator_35', 'generator_82', 'order_match']
number opened: 2
TRIAL 15
Action chosen: (orange4, white)
Outcome: True
partcle ids: ['generator_83', 'generator_84', 'generator_85', 'generator_35', 'generator_35', 'generator_88', 'generator_89', 'generator_62', 'generator_91', 'generator_92', 'generator_62', 'generator_94', 'generator_95', 'generator_96', 'generator_97', 'generator_98', 'generator_62', 'generator_98', 'generator_100', 'generator_101', 'generator_35', 'generator_103', 'generator_101', 'generator_84', 'generator_104', 'generator_103', 'generator_105', 'generator_106', 'generator_85', 'generator_35']
number opened: 3
TRIAL 16
Action chosen: (triangle, pink)
Outcome: False
partcle ids: ['generator_83', 'generator_84', 'generator_85', 'generator_35', 'generator_35', 'generator_88', 'generator_89', 'generator_62', 'generator_91', 'generator_92', 'generator_62', 'generator_94', 'generator_95', 'generator_96', 'generator_97', 'generator_98', 'generator_62', 'generator_98', 'generator_100', 'generator_101', 'generator_35', 'generator_103', 'generator_101', 'generator_84', 'generator_104', 'generator_103', 'generator_105', 'generator_106', 'generator_85', 'generator_35']
number opened: 3
TRIAL 17
Action chosen: (diamond, purple)
Outcome: False
partcle ids: ['generator_83', 'generator_84', 'generator_85', 'generator_35', 'generator_35', 'generator_88', 'generator_89', 'generator_62', 'generator_91', 'generator_92', 'generator_62', 'generator_94', 'generator_95', 'generator_96', 'generator_97', 'generator_98', 'generator_62', 'generator_98', 'generator_100', 'generator_101', 'generator_35', 'generator_103', 'generator_101', 'generator_84', 'generator_104', 'generator_103', 'generator_105', 'generator_106', 'generator_85', 'generator_35']
number opened: 3
TRIAL 18
Action chosen: (diamond, pink)
Outcome: False
partcle ids: ['generator_94', 'generator_109', 'generator_94', 'generator_84', 'generator_110', 'generator_106', 'generator_111', 'generator_112', 'number_match', 'generator_95', 'generator_88', 'generator_114', 'generator_115', 'generator_94', 'generator_112', 'generator_106', 'generator_117', 'generator_96', 'generator_96', 'generator_116', 'generator_119', 'generator_120', 'generator_97', 'generator_103', 'generator_84', 'generator_94', 'generator_84', 'generator_104', 'generator_84', 'generator_84']
number opened: 3
TRIAL 19
Action chosen: (blue, purple)
Outcome: False
partcle ids: ['generator_94', 'generator_109', 'generator_94', 'generator_84', 'generator_110', 'generator_106', 'generator_111', 'generator_112', 'number_match', 'generator_95', 'generator_88', 'generator_114', 'generator_115', 'generator_94', 'generator_112', 'generator_106', 'generator_117', 'generator_96', 'generator_96', 'generator_116', 'generator_119', 'generator_120', 'generator_97', 'generator_103', 'generator_84', 'generator_94', 'generator_84', 'generator_104', 'generator_84', 'generator_84']
number opened: 3
TRIAL 20
Action chosen: (white, purple)
Outcome: False
partcle ids: ['generator_112', 'generator_84', 'generator_104', 'generator_114', 'generator_84', 'generator_114', 'generator_103', 'number_match', 'generator_121', 'generator_84', 'generator_84', 'generator_84', 'generator_125', 'generator_84', 'generator_95', 'generator_84', 'generator_124', 'generator_122', 'generator_84', 'generator_109', 'number_match', 'generator_126', 'generator_84', 'generator_84', 'generator_94', 'generator_84', 'generator_103', 'generator_125', 'generator_126', 'generator_84']
number opened: 3
TRIAL 21
Action chosen: (pink, pink)
Outcome: False
partcle ids: ['generator_112', 'generator_84', 'generator_104', 'generator_114', 'generator_84', 'generator_114', 'generator_103', 'number_match', 'generator_121', 'generator_84', 'generator_84', 'generator_84', 'generator_125', 'generator_84', 'generator_95', 'generator_84', 'generator_124', 'generator_122', 'generator_84', 'generator_109', 'number_match', 'generator_126', 'generator_84', 'generator_84', 'generator_94', 'generator_84', 'generator_103', 'generator_125', 'generator_126', 'generator_84']
number opened: 3
TRIAL 22
Action chosen: (grey2, pink)
Outcome: True
partcle ids: ['generator_109', 'generator_103', 'generator_91', 'generator_103', 'number_match', 'generator_86', 'generator_86', 'generator_128', 'number_match', 'number_match', 'number_match', 'generator_128', 'generator_91', 'generator_91', 'generator_103', 'generator_109', 'generator_103', 'generator_127', 'generator_109', 'generator_128', 'number_match', 'generator_109', 'generator_103', 'generator_103', 'generator_103', 'generator_112', 'generator_91', 'generator_103', 'generator_91', 'number_match']
number opened: 4
TRIAL 23
Action chosen: (pink, purple)
Outcome: False
partcle ids: ['generator_109', 'generator_103', 'generator_91', 'generator_103', 'number_match', 'generator_86', 'generator_86', 'generator_128', 'number_match', 'number_match', 'number_match', 'generator_128', 'generator_91', 'generator_91', 'generator_103', 'generator_109', 'generator_103', 'generator_127', 'generator_109', 'generator_128', 'number_match', 'generator_109', 'generator_103', 'generator_103', 'generator_103', 'generator_112', 'generator_91', 'generator_103', 'generator_91', 'number_match']
number opened: 4
TRIAL 24
Action chosen: (green3, purple)
Outcome: True
partcle ids: ['number_match', 'number_match', 'number_match', 'number_match', 'number_match', 'number_match', 'number_match', 'number_match', 'number_match', 'number_match', 'number_match', 'number_match', 'number_match', 'number_match', 'number_match', 'number_match', 'number_match', 'number_match', 'number_match', 'number_match', 'number_match', 'number_match', 'number_match', 'number_match', 'number_match', 'number_match', 'number_match', 'number_match', 'number_match', 'number_match']
number opened: 5
{"attempts": 24, "unique_key_box_pairs": 23, "revisit_attempts": 1, "revisit_rate": 0.043478260869565216, "attempts_before_abandoning_color_matching": 2, "color_matching_abandoned": true}
