{"Child_ID": "D024", "SoC_variant": "SoC-Gen", "theta": [19, 1], "p_gen": 0.3, "true_prior": 0.02, "run_number": 56, "seed": 2865550882954894708}
TRIAL 1
Action chosen: (blue, blue)
Outcome: False
partcle ids: ['generator_1', 'similar_color_5', 'generator_2', 'similar_color_6', 'generator_3', 'color_match', 'color_match', 'similar_color_9', 'similar_color_5', 'similar_color_6', 'similar_color_3', 'generator_4', 'similar_color_14', 'similar_color_7', 'generator_5', 'similar_color_9', 'similar_color_9', 'similar_color_6', 'generator_6', 'similar_color_10', 'similar_color_3', 'similar_color_10', 'generator_7', 'generator_8', 'shape_match', 'similar_color_6', 'similar_color_11', 'generator_9', 'similar_color_10', 'similar_color_1']
number opened: 0
TRIAL 2
Action chosen: (red, red)
Outcome: True
partcle ids: ['similar_color_2', 'similar_color_7', 'similar_color_14', 'generator_10', 'order_match', 'similar_color_10', 'color_match', 'similar_color_10', 'similar_color_3', 'similar_color_1', 'generator_11', 'similar_color_1', 'similar_color_1', 'similar_color_10', 'similar_color_11', 'similar_color_3', 'generator_12', 'similar_color_5', 'similar_color_8', 'similar_color_5', 'similar_color_4', 'generator_13', 'similar_color_13', 'similar_color_3', 'similar_color_2', 'similar_color_12', 'similar_color_3', 'similar_color_10', 'generator_14', 'generator_15']
number opened: 1
TRIAL 3
Action chosen: (heart, blue)
Outcome: False
partcle ids: ['similar_color_2', 'similar_color_7', 'similar_color_14', 'generator_10', 'order_match', 'similar_color_10', 'color_match', 'similar_color_10', 'similar_color_3', 'similar_color_1', 'generator_11', 'similar_color_1', 'similar_color_1', 'similar_color_10', 'similar_color_11', 'similar_color_3', 'generator_12', 'similar_color_5', 'similar_color_8', 'similar_color_5', 'similar_color_4', 'generator_13', 'similar_color_13', 'similar_color_3', 'similar_color_2', 'similar_color_12', 'similar_color_3', 'similar_color_10', 'generator_14', 'generator_15']
number opened: 1
TRIAL 4
Action chosen: (green3, blue)
Outcome: False
partcle ids: ['generator_12', 'similar_color_14', 'similar_color_14', 'generator_16', 'generator_11', 'generator_15', 'generator_12', 'similar_color_5', 'generator_18', 'generator_19', 'similar_color_7', 'generator_12', 'generator_20', 'generator_13', 'generator_10', 'generator_15', 'generator_13', 'generator_12', 'order_match', 'order_match', 'generator_21', 'generator_13', 'generator_23', 'order_match', 'generator_11', 'order_match', 'generator_12', 'generator_24', 'order_match', 'generator_12']
number opened: 1
TRIAL 5
Action chosen: (blue, pink)
Outcome: False
partcle ids: ['generator_12', 'similar_color_14', 'similar_color_14', 'generator_16', 'generator_11', 'generator_15', 'generator_12', 'similar_color_5', 'generator_18', 'generator_19', 'similar_color_7', 'generator_12', 'generator_20', 'generator_13', 'generator_10', 'generator_15', 'generator_13', 'generator_12', 'order_match', 'order_match', 'generator_21', 'generator_13', 'generator_23', 'order_match', 'generator_11', 'order_match', 'generator_12', 'generator_24', 'order_match', 'generator_12']
number opened: 1
TRIAL 6
Action chosen: (orange4, purple)
Outcome: False
partcle ids: ['generator_12', 'similar_color_14', 'similar_color_14', 'generator_16', 'generator_11', 'generator_15', 'generator_12', 'similar_color_5', 'generator_18', 'generator_19', 'similar_color_7', 'generator_12', 'generator_20', 'generator_13', 'generator_10', 'generator_15', 'generator_13', 'generator_12', 'order_match', 'order_match', 'generator_21', 'generator_13', 'generator_23', 'order_match', 'generator_11', 'order_match', 'generator_12', 'generator_24', 'order_match', 'generator_12']
number opened: 1
TRIAL 7
Action chosen: (pink, pink)
Outcome: False
partcle ids: ['generator_19', 'generator_11', 'generator_20', 'generator_18', 'generator_27', 'generator_28', 'generator_24', 'generator_21', 'generator_11', 'generator_11', 'generator_24', 'generator_24', 'generator_21', 'generator_21', 'generator_29', 'generator_30', 'generator_31', 'generator_24', 'generator_23', 'generator_23', 'generator_18', 'generator_21', 'generator_23', 'generator_18', 'generator_23', 'generator_11', 'generator_34', 'generator_24', 'generator_21', 'generator_11']
number opened: 1
TRIAL 8
Action chosen: (cloud, blue)
Outcome: False
partcle ids: ['generator_19', 'generator_11', 'generator_20', 'generator_18', 'generator_27', 'generator_28', 'generator_24', 'generator_21', 'generator_11', 'generator_11', 'generator_24', 'generator_24', 'generator_21', 'generator_21', 'generator_29', 'generator_30', 'generator_31', 'generator_24', 'generator_23', 'generator_23', 'generator_18', 'generator_21', 'generator_23', 'generator_18', 'generator_23', 'generator_11', 'generator_34', 'generator_24', 'generator_21', 'generator_11']
number opened: 1
TRIAL 9
Action chosen: (grey2, blue)
Outcome: False
partcle ids: ['generator_19', 'generator_11', 'generator_20', 'generator_18', 'generator_27', 'generator_28', 'generator_24', 'generator_21', 'generator_11', 'generator_11', 'generator_24', 'generator_24', 'generator_21', 'generator_21', 'generator_29', 'generator_30', 'generator_31', 'generator_24', 'generator_23', 'generator_23', 'generator_18', 'generator_21', 'generator_23', 'generator_18', 'generator_23', 'generator_11', 'generator_34', 'generator_24', 'generator_21', 'generator_11']
number opened: 1
TRIAL 10
Action chosen: (cloud, white)
Outcome: False
partcle ids: ['generator_36', 'generator_11', 'generator_31', 'generator_37', 'generator_11', 'similar_color_2', 'generator_31', 'generator_18', 'generator_20', 'generator_38', 'similar_color_8', 'generator_23', 'generator_39', 'generator_23', 'order_match', 'generator_23', 'generator_40', 'generator_41', 'generator_42', 'generator_18', 'generator_30', 'generator_31', 'order_match', 'generator_23', 'generator_31', 'generator_23', 'generator_20', 'generator_23', 'generator_23', 'generator_23']
number opened: 1
TRIAL 11
Action chosen: (purple, white)
Outcome: False
partcle ids: ['generator_36', 'generator_11', 'generator_31', 'generator_37', 'generator_11', 'similar_color_2', 'generator_31', 'generator_18', 'generator_20', 'generator_38', 'similar_color_8', 'generator_23', 'generator_39', 'generator_23', 'order_match', 'generator_23', 'generator_40', 'generator_41', 'generator_42', 'generator_18', 'generator_30', 'generator_31', 'order_match', 'generator_23', 'generator_31', 'generator_23', 'generator_20', 'generator_23', 'generator_23', 'generator_23']
number opened: 1
TRIAL 12
Action chosen: (pink, blue)
Outcome: False
partcle ids: ['generator_36', 'generator_11', 'generator_31', 'generator_37', 'generator_11', 'similar_color_2', 'generator_31', 'generator_18', 'generator_20', 'generator_38', 'similar_color_8', 'generator_23', 'generator_39', 'generator_23', 'order_match', 'generator_23', 'generator_40', 'generator_41', 'generator_42', 'generator_18', 'generator_30', 'generator_31', 'order_match', 'generator_23', 'generator_31', 'generator_23', 'generator_20', 'generator_23', 'generator_23', 'generator_23']
number opened: 1
TRIAL 13
Action chosen: (grey2, pink)
Outcome: True
partcle ids: ['generator_46', 'generator_38', 'generator_48', 'generator_49', 'order_match', 'generator_50', 'generator_51', 'generator_52', 'generator_53', 'generator_54', 'generator_38', 'generator_56', 'generator_57', 'generator_58', 'order_match', 'generator_59', 'generator_60', 'generator_61', 'generator_41', 'generator_62', 'generator_63', 'generator_64', 'generator_38', 'generator_66', 'generator_67', 'generator_68', 'generator_69', 'generator_70', 'generator_71', 'generator_54']
number opened: 2
TRIAL 14
Action chosen: (cloud, blue)
Outcome: False
partcle ids: ['generator_46', 'generator_38', 'generator_48', 'generator_49', 'order_match', 'generator_50', 'generator_51', 'generator_52', 'generator_53', 'generator_54', 'generator_38', 'generator_56', 'generator_57', 'generator_58', 'order_match', 'generator_59', 'generator_60', 'generator_61', 'generator_41', 'generator_62', 'generator_63', 'generator_64', 'generator_38', 'generator_66', 'generator_67', 'generator_68', 'generator_69', 'generator_70', 'generator_71', 'generator_54']
number opened: 2
TRIAL 15
Action chosen: (yellow5, white)
Outcome: False
partcle ids: ['generator_46', 'generator_38', 'generator_48', 'generator_49', 'order_match', 'generator_50', 'generator_51', 'generator_52', 'generator_53', 'generator_54', 'generator_38', 'generator_56', 'generator_57', 'generator_58', 'order_match', 'generator_59', 'generator_60', 'generator_61', 'generator_41', 'generator_62', 'generator_63', 'generator_64', 'generator_38', 'generator_66', 'generator_67', 'generator_68', 'generator_69', 'generator_70', 'generator_71', 'generator_54']
number opened: 2
TRIAL 16
Action chosen: (green3, white)
Outcome: False
partcle ids: ['generator_46', 'generator_38', 'generator_48', 'generator_49', 'order_match', 'generator_50', 'generator_51', 'generator_52', 'generator_53', 'generator_54', 'generator_38', 'generator_56', 'generator_57', 'generator_58', 'order_match', 'generator_59', 'generator_60', 'generator_61', 'generator_41', 'generator_62', 'generator_63', 'generator_64', 'generator_38', 'generator_66', 'generator_67', 'generator_68', 'generator_69', 'generator_70', 'generator_71', 'generator_54']
number opened: 2
TRIAL 17
Action chosen: (pink, blue)
Outcome: False
partcle ids: ['generator_70', 'generator_72', 'generator_70', 'generator_74', 'generator_61', 'generator_57', 'generator_77', 'generator_48', 'generator_79', 'generator_66', 'generator_62', 'order_match', 'generator_80', 'generator_49', 'generator_66', 'generator_64', 'generator_84', 'generator_48', 'generator_53', 'generator_62', 'order_match', 'generator_87', 'generator_64', 'generator_89', 'generator_49', 'generator_70', 'generator_70', 'generator_70', 'generator_94', 'generator_66']
number opened: 2
TRIAL 18
Action chosen: (triangle, blue)
Outcome: False
partcle ids: ['generator_70', 'generator_72', 'generator_70', 'generator_74', 'generator_61', 'generator_57', 'generator_77', 'generator_48', 'generator_79', 'generator_66', 'generator_62', 'order_match', 'generator_80', 'generator_49', 'generator_66', 'generator_64', 'generator_84', 'generator_48', 'generator_53', 'generator_62', 'order_match', 'generator_87', 'generator_64', 'generator_89', 'generator_49', 'generator_70', 'generator_70', 'generator_70', 'generator_94', 'generator_66']
number opened: 2
TRIAL 19
Action chosen: (triangle, white)
Outcome: False
partcle ids: ['generator_48', 'generator_57', 'generator_48', 'generator_99', 'generator_100', 'generator_48', 'generator_102', 'generator_103', 'generator_104', 'generator_48', 'generator_48', 'generator_84', 'generator_108', 'generator_66', 'generator_89', 'generator_110', 'generator_48', 'generator_57', 'generator_112', 'generator_113', 'generator_114', 'generator_115', 'generator_66', 'generator_66', 'generator_48', 'generator_66', 'generator_66', 'generator_119', 'generator_66', 'generator_80']
number opened: 2
TRIAL 20
Action chosen: (diamond, blue)
Outcome: False
partcle ids: ['generator_48', 'generator_57', 'generator_48', 'generator_99', 'generator_100', 'generator_48', 'generator_102', 'generator_103', 'generator_104', 'generator_48', 'generator_48', 'generator_84', 'generator_108', 'generator_66', 'generator_89', 'generator_110', 'generator_48', 'generator_57', 'generator_112', 'generator_113', 'generator_114', 'generator_115', 'generator_66', 'generator_66', 'generator_48', 'generator_66', 'generator_66', 'generator_119', 'generator_66', 'generator_80']
number opened: 2
TRIAL 21
Action chosen: (diamond, white)
Outcome: False
partcle ids: ['number_match', 'generator_122', 'generator_119', 'generator_119', 'generator_114', 'generator_126', 'number_match', 'generator_113', 'generator_84', 'generator_119', 'generator_129', 'generator_130', 'generator_100', 'generator_119', 'number_match', 'generator_112', 'generator_119', 'generator_110', 'generator_135', 'generator_103', 'number_match', 'generator_80', 'generator_103', 'generator_100', 'generator_80', 'generator_112', 'generator_110', 'generator_142', 'number_match', 'generator_119']
number opened: 2
TRIAL 22
Action chosen: (orange4, white)
Outcome: True
partcle ids: ['number_match', 'generator_143', 'generator_119', 'generator_145', 'generator_119', 'generator_119', 'generator_119', 'generator_130', 'generator_119', 'generator_148', 'generator_149', 'generator_130', 'generator_150', 'number_match', 'number_match', 'number_match', 'number_match', 'number_match', 'generator_99', 'generator_119', 'generator_119', 'number_match', 'generator_119', 'generator_119', 'generator_157', 'generator_158', 'generator_130', 'number_match', 'generator_119', 'generator_119']
number opened: 3
TRIAL 23
Action chosen: (purple, blue)
Outcome: False
partcle ids: ['number_match', 'generator_143', 'generator_119', 'generator_145', 'generator_119', 'generator_119', 'generator_119', 'generator_130', 'generator_119', 'generator_148', 'generator_149', 'generator_130', 'generator_150', 'number_match', 'number_match', 'number_match', 'number_match', 'number_match', 'generator_99', 'generator_119', 'generator_119', 'number_match', 'generator_119', 'generator_119', 'generator_157', 'generator_158', 'generator_130', 'number_match', 'generator_119', 'generator_119']
number opened: 3
TRIAL 24
Action chosen: (green3, purple)
Outcome: True
partcle ids: ['number_match', 'number_match', 'generator_164', 'number_match', 'number_match', 'number_match', 'generator_165', 'generator_146', 'number_match', 'generator_166', 'generator_166', 'number_match', 'generator_146', 'generator_166', 'generator_164', 'number_match', 'generator_160', 'generator_146', 'number_match', 'generator_166', 'generator_145', 'generator_165', 'generator_69', 'number_match', 'generator_166', 'number_match', 'generator_145', 'number_match', 'number_match', 'number_match']
number opened: 4
TRIAL 25
Action chosen: (yellow5, blue)
Outcome: True
partcle ids: ['number_match', 'number_match', 'number_match', 'number_match', 'number_match', 'number_match', 'number_match', 'number_match', 'number_match', 'number_match', 'number_match', 'number_match', 'number_match', 'number_match', 'number_match', 'number_match', 'number_match', 'number_match', 'number_match', 'number_match', 'number_match', 'number_match', 'number_match', 'number_match', 'number_match', 'number_match', 'number_match', 'number_match', 'number_match', 'number_match']
number opened: 5
{"attempts": 25, "unique_key_box_pairs": 23, "revisit_attempts": 2, "revisit_rate": 0.08333333333333333, "attempts_before_abandoning_color_matching": 2, "color_matching_abandoned": true}
