{"Child_ID": "D089", "SoC_variant": "SoC-Full", "theta": [1, 3], "p_gen": 0.6, "true_prior": 0.02, "run_number": 79, "seed": 6806324160740375881}
TRIAL 1
Action chosen: (pink, pink)
Outcome: False
partcle ids: ['similar_color_12', 'generator_1', 'similar_color_14', 'similar_color_5', 'similar_color_10', 'similar_color_14', 'similar_color_5', 'generator_2', 'generator_3', 'generator_4', 'generator_5', 'shape_match', 'generator_6', 'color_match', 'similar_color_4', 'generator_7', 'generator_8', 'generator_9', 'generator_10', 'generator_11', 'shape_match', 'generator_12', 'similar_color_13', 'generator_13', 'similar_color_1', 'similar_color_10', 'generator_14', 'number_match', 'similar_color_12', 'generator_15']
number opened: 0
TRIAL 2
Action chosen: (red, red)
Outcome: True
partcle ids: ['generator_16', 'similar_color_8', 'generator_17', 'similar_color_5', 'generator_18', 'generator_19', 'generator_20', 'number_match', 'number_match', 'similar_color_13', 'color_match', 'generator_21', 'generator_22', 'similar_color_12', 'similar_color_1', 'similar_color_8', 'generator_23', 'similar_color_13', 'generator_24', 'generator_25', 'similar_color_12', 'generator_26', 'generator_27', 'generator_28', 'generator_29', 'generator_30', 'generator_31', 'similar_color_14', 'generator_32', 'generator_33']
number opened: 1
TRIAL 3
Action chosen: (purple, purple)
Outcome: False
partcle ids: ['generator_16', 'similar_color_8', 'generator_17', 'similar_color_5', 'generator_18', 'generator_19', 'generator_20', 'number_match', 'number_match', 'similar_color_13', 'color_match', 'generator_21', 'generator_22', 'similar_color_12', 'similar_color_1', 'similar_color_8', 'generator_23', 'similar_color_13', 'generator_24', 'generator_25', 'similar_color_12', 'generator_26', 'generator_27', 'generator_28', 'generator_29', 'generator_30', 'generator_31', 'similar_color_14', 'generator_32', 'generator_33']
number opened: 1
TRIAL 4
Action chosen: (pink, pink)
Outcome: False
partcle ids: ['generator_16', 'similar_color_8', 'generator_17', 'similar_color_5', 'generator_18', 'generator_19', 'generator_20', 'number_match', 'number_match', 'similar_color_13', 'color_match', 'generator_21', 'generator_22', 'similar_color_12', 'similar_color_1', 'similar_color_8', 'generator_23', 'similar_color_13', 'generator_24', 'generator_25', 'similar_color_12', 'generator_26', 'generator_27', 'generator_28', 'generator_29', 'generator_30', 'generator_31', 'similar_color_14', 'generator_32', 'generator_33']
number opened: 1
TRIAL 5
Action chosen: (pink, pink)
Outcome: False
partcle ids: ['generator_16', 'similar_color_8', 'generator_17', 'similar_color_5', 'generator_18', 'generator_19', 'generator_20', 'number_match', 'number_match', 'similar_color_13', 'color_match', 'generator_21', 'generator_22', 'similar_color_12', 'similar_color_1', 'similar_color_8', 'generator_23', 'similar_color_13', 'generator_24', 'generator_25', 'similar_color_12', 'generator_26', 'generator_27', 'generator_28', 'generator_29', 'generator_30', 'generator_31', 'similar_color_14', 'generator_32', 'generator_33']
number opened: 1
TRIAL 6
Action chosen: (pink, pink)
Outcome: False
partcle ids: ['generator_16', 'similar_color_8', 'generator_17', 'similar_color_5', 'generator_18', 'generator_19', 'generator_20', 'number_match', 'number_match', 'similar_color_13', 'color_match', 'generator_21', 'generator_22', 'similar_color_12', 'similar_color_1', 'similar_color_8', 'generator_23', 'similar_color_13', 'generator_24', 'generator_25', 'similar_color_12', 'generator_26', 'generator_27', 'generator_28', 'generator_29', 'generator_30', 'generator_31', 'similar_color_14', 'generator_32', 'generator_33']
number opened: 1
TRIAL 7
Action chosen: (orange4, white)
Outcome: True
partcle ids: ['generator_34', 'generator_35', 'generator_36', 'generator_37', 'generator_38', 'generator_39', 'generator_27', 'generator_41', 'number_match', 'generator_42', 'generator_43', 'generator_44', 'generator_45', 'generator_46', 'generator_35', 'generator_47', 'generator_48', 'generator_49', 'generator_50', 'generator_51', 'generator_52', 'generator_53', 'generator_54', 'generator_55', 'generator_27', 'generator_57', 'generator_58', 'generator_59', 'generator_43', 'generator_60']
number opened: 2
TRIAL 8
Action chosen: (diamond, pink)
Outcome: False
partcle ids: ['generator_34', 'generator_35', 'generator_36', 'generator_37', 'generator_38', 'generator_39', 'generator_27', 'generator_41', 'number_match', 'generator_42', 'generator_43', 'generator_44', 'generator_45', 'generator_46', 'generator_35', 'generator_47', 'generator_48', 'generator_49', 'generator_50', 'generator_51', 'generator_52', 'generator_53', 'generator_54', 'generator_55', 'generator_27', 'generator_57', 'generator_58', 'generator_59', 'generator_43', 'generator_60']
number opened: 2
TRIAL 9
Action chosen: (triangle, pink)
Outcome: False
partcle ids: ['generator_34', 'generator_35', 'generator_36', 'generator_37', 'generator_38', 'generator_39', 'generator_27', 'generator_41', 'number_match', 'generator_42', 'generator_43', 'generator_44', 'generator_45', 'generator_46', 'generator_35', 'generator_47', 'generator_48', 'generator_49', 'generator_50', 'generator_51', 'generator_52', 'generator_53', 'generator_54', 'generator_55', 'generator_27', 'generator_57', 'generator_58', 'generator_59', 'generator_43', 'generator_60']
number opened: 2
TRIAL 10
Action chosen: (green3, blue)
Outcome: False
partcle ids: ['generator_34', 'generator_35', 'generator_36', 'generator_37', 'generator_38', 'generator_39', 'generator_27', 'generator_41', 'number_match', 'generator_42', 'generator_43', 'generator_44', 'generator_45', 'generator_46', 'generator_35', 'generator_47', 'generator_48', 'generator_49', 'generator_50', 'generator_51', 'generator_52', 'generator_53', 'generator_54', 'generator_55', 'generator_27', 'generator_57', 'generator_58', 'generator_59', 'generator_43', 'generator_60']
number opened: 2
TRIAL 11
Action chosen: (grey2, purple)
Outcome: False
partcle ids: ['generator_34', 'generator_35', 'generator_36', 'generator_37', 'generator_38', 'generator_39', 'generator_27', 'generator_41', 'number_match', 'generator_42', 'generator_43', 'generator_44', 'generator_45', 'generator_46', 'generator_35', 'generator_47', 'generator_48', 'generator_49', 'generator_50', 'generator_51', 'generator_52', 'generator_53', 'generator_54', 'generator_55', 'generator_27', 'generator_57', 'generator_58', 'generator_59', 'generator_43', 'generator_60']
number opened: 2
TRIAL 12
Action chosen: (yellow5, purple)
Outcome: False
partcle ids: ['generator_34', 'generator_35', 'generator_36', 'generator_37', 'generator_38', 'generator_39', 'generator_27', 'generator_41', 'number_match', 'generator_42', 'generator_43', 'generator_44', 'generator_45', 'generator_46', 'generator_35', 'generator_47', 'generator_48', 'generator_49', 'generator_50', 'generator_51', 'generator_52', 'generator_53', 'generator_54', 'generator_55', 'generator_27', 'generator_57', 'generator_58', 'generator_59', 'generator_43', 'generator_60']
number opened: 2
TRIAL 13
Action chosen: (diamond, purple)
Outcome: False
partcle ids: ['generator_34', 'generator_35', 'generator_36', 'generator_37', 'generator_38', 'generator_39', 'generator_27', 'generator_41', 'number_match', 'generator_42', 'generator_43', 'generator_44', 'generator_45', 'generator_46', 'generator_35', 'generator_47', 'generator_48', 'generator_49', 'generator_50', 'generator_51', 'generator_52', 'generator_53', 'generator_54', 'generator_55', 'generator_27', 'generator_57', 'generator_58', 'generator_59', 'generator_43', 'generator_60']
number opened: 2
TRIAL 14
Action chosen: (green3, purple)
Outcome: True
partcle ids: ['generator_38', 'generator_61', 'generator_62', 'generator_63', 'generator_64', 'generator_65', 'generator_66', 'generator_67', 'generator_68', 'generator_69', 'generator_70', 'generator_71', 'generator_72', 'generator_68', 'generator_38', 'generator_73', 'generator_74', 'generator_75', 'generator_64', 'generator_76', 'generator_77', 'generator_38', 'generator_78', 'generator_79', 'generator_80', 'generator_81', 'generator_46', 'generator_79', 'generator_66', 'generator_46']
number opened: 3
TRIAL 15
Action chosen: (blue, pink)
Outcome: False
partcle ids: ['generator_38', 'generator_61', 'generator_62', 'generator_63', 'generator_64', 'generator_65', 'generator_66', 'generator_67', 'generator_68', 'generator_69', 'generator_70', 'generator_71', 'generator_72', 'generator_68', 'generator_38', 'generator_73', 'generator_74', 'generator_75', 'generator_64', 'generator_76', 'generator_77', 'generator_38', 'generator_78', 'generator_79', 'generator_80', 'generator_81', 'generator_46', 'generator_79', 'generator_66', 'generator_46']
number opened: 3
TRIAL 16
Action chosen: (white, pink)
Outcome: False
partcle ids: ['generator_38', 'generator_61', 'generator_62', 'generator_63', 'generator_64', 'generator_65', 'generator_66', 'generator_67', 'generator_68', 'generator_69', 'generator_70', 'generator_71', 'generator_72', 'generator_68', 'generator_38', 'generator_73', 'generator_74', 'generator_75', 'generator_64', 'generator_76', 'generator_77', 'generator_38', 'generator_78', 'generator_79', 'generator_80', 'generator_81', 'generator_46', 'generator_79', 'generator_66', 'generator_46']
number opened: 3
TRIAL 17
Action chosen: (purple, pink)
Outcome: False
partcle ids: ['generator_38', 'generator_61', 'generator_62', 'generator_63', 'generator_64', 'generator_65', 'generator_66', 'generator_67', 'generator_68', 'generator_69', 'generator_70', 'generator_71', 'generator_72', 'generator_68', 'generator_38', 'generator_73', 'generator_74', 'generator_75', 'generator_64', 'generator_76', 'generator_77', 'generator_38', 'generator_78', 'generator_79', 'generator_80', 'generator_81', 'generator_46', 'generator_79', 'generator_66', 'generator_46']
number opened: 3
TRIAL 18
Action chosen: (heart, pink)
Outcome: False
partcle ids: ['generator_38', 'generator_61', 'generator_62', 'generator_63', 'generator_64', 'generator_65', 'generator_66', 'generator_67', 'generator_68', 'generator_69', 'generator_70', 'generator_71', 'generator_72', 'generator_68', 'generator_38', 'generator_73', 'generator_74', 'generator_75', 'generator_64', 'generator_76', 'generator_77', 'generator_38', 'generator_78', 'generator_79', 'generator_80', 'generator_81', 'generator_46', 'generator_79', 'generator_66', 'generator_46']
number opened: 3
TRIAL 19
Action chosen: (diamond, pink)
Outcome: False
partcle ids: ['generator_38', 'generator_61', 'generator_62', 'generator_63', 'generator_64', 'generator_65', 'generator_66', 'generator_67', 'generator_68', 'generator_69', 'generator_70', 'generator_71', 'generator_72', 'generator_68', 'generator_38', 'generator_73', 'generator_74', 'generator_75', 'generator_64', 'generator_76', 'generator_77', 'generator_38', 'generator_78', 'generator_79', 'generator_80', 'generator_81', 'generator_46', 'generator_79', 'generator_66', 'generator_46']
number opened: 3
TRIAL 20
Action chosen: (white, blue)
Outcome: False
partcle ids: ['generator_38', 'generator_61', 'generator_62', 'generator_63', 'generator_64', 'generator_65', 'generator_66', 'generator_67', 'generator_68', 'generator_69', 'generator_70', 'generator_71', 'generator_72', 'generator_68', 'generator_38', 'generator_73', 'generator_74', 'generator_75', 'generator_64', 'generator_76', 'generator_77', 'generator_38', 'generator_78', 'generator_79', 'generator_80', 'generator_81', 'generator_46', 'generator_79', 'generator_66', 'generator_46']
number opened: 3
TRIAL 21
Action chosen: (blue, pink)
Outcome: False
partcle ids: ['generator_38', 'generator_61', 'generator_62', 'generator_63', 'generator_64', 'generator_65', 'generator_66', 'generator_67', 'generator_68', 'generator_69', 'generator_70', 'generator_71', 'generator_72', 'generator_68', 'generator_38', 'generator_73', 'generator_74', 'generator_75', 'generator_64', 'generator_76', 'generator_77', 'generator_38', 'generator_78', 'generator_79', 'generator_80', 'generator_81', 'generator_46', 'generator_79', 'generator_66', 'generator_46']
number opened: 3
TRIAL 22
Action chosen: (pink, blue)
Outcome: False
partcle ids: ['generator_38', 'generator_61', 'generator_62', 'generator_63', 'generator_64', 'generator_65', 'generator_66', 'generator_67', 'generator_68', 'generator_69', 'generator_70', 'generator_71', 'generator_72', 'generator_68', 'generator_38', 'generator_73', 'generator_74', 'generator_75', 'generator_64', 'generator_76', 'generator_77', 'generator_38', 'generator_78', 'generator_79', 'generator_80', 'generator_81', 'generator_46', 'generator_79', 'generator_66', 'generator_46']
number opened: 3
TRIAL 23
Action chosen: (white, pink)
Outcome: False
partcle ids: ['generator_38', 'generator_61', 'generator_62', 'generator_63', 'generator_64', 'generator_65', 'generator_66', 'generator_67', 'generator_68', 'generator_69', 'generator_70', 'generator_71', 'generator_72', 'generator_68', 'generator_38', 'generator_73', 'generator_74', 'generator_75', 'generator_64', 'generator_76', 'generator_77', 'generator_38', 'generator_78', 'generator_79', 'generator_80', 'generator_81', 'generator_46', 'generator_79', 'generator_66', 'generator_46']
number opened: 3
TRIAL 24
Action chosen: (diamond, pink)
Outcome: False
partcle ids: ['generator_38', 'generator_61', 'generator_62', 'generator_63', 'generator_64', 'generator_65', 'generator_66', 'generator_67', 'generator_68', 'generator_69', 'generator_70', 'generator_71', 'generator_72', 'generator_68', 'generator_38', 'generator_73', 'generator_74', 'generator_75', 'generator_64', 'generator_76', 'generator_77', 'generator_38', 'generator_78', 'generator_79', 'generator_80', 'generator_81', 'generator_46', 'generator_79', 'generator_66', 'generator_46']
number opened: 3
TRIAL 25
Action chosen: (purple, pink)
Outcome: False
partcle ids: ['generator_38', 'generator_61', 'generator_62', 'generator_63', 'generator_64', 'generator_65', 'generator_66', 'generator_67', 'generator_68', 'generator_69', 'generator_70', 'generator_71', 'generator_72', 'generator_68', 'generator_38', 'generator_73', 'generator_74', 'generator_75', 'generator_64', 'generator_76', 'generator_77', 'generator_38', 'generator_78', 'generator_79', 'generator_80', 'generator_81', 'generator_46', 'generator_79', 'generator_66', 'generator_46']
number opened: 3
TRIAL 26
Action chosen: (white, blue)
Outcome: False
partcle ids: ['generator_38', 'generator_61', 'generator_62', 'generator_63', 'generator_64', 'generator_65', 'generator_66', 'generator_67', 'generator_68', 'generator_69', 'generator_70', 'generator_71', 'generator_72', 'generator_68', 'generator_38', 'generator_73', 'generator_74', 'generator_75', 'generator_64', 'generator_76', 'generator_77', 'generator_38', 'generator_78', 'generator_79', 'generator_80', 'generator_81', 'generator_46', 'generator_79', 'generator_66', 'generator_46']
number opened: 3
TRIAL 27
Action chosen: (blue, pink)
Outcome: False
partcle ids: ['generator_38', 'generator_61', 'generator_62', 'generator_63', 'generator_64', 'generator_65', 'generator_66', 'generator_67', 'generator_68', 'generator_69', 'generator_70', 'generator_71', 'generator_72', 'generator_68', 'generator_38', 'generator_73', 'generator_74', 'generator_75', 'generator_64', 'generator_76', 'generator_77', 'generator_38', 'generator_78', 'generator_79', 'generator_80', 'generator_81', 'generator_46', 'generator_79', 'generator_66', 'generator_46']
number opened: 3
TRIAL 28
Action chosen: (heart, pink)
Outcome: False
partcle ids: ['generator_38', 'generator_61', 'generator_62', 'generator_63', 'generator_64', 'generator_65', 'generator_66', 'generator_67', 'generator_68', 'generator_69', 'generator_70', 'generator_71', 'generator_72', 'generator_68', 'generator_38', 'generator_73', 'generator_74', 'generator_75', 'generator_64', 'generator_76', 'generator_77', 'generator_38', 'generator_78', 'generator_79', 'generator_80', 'generator_81', 'generator_46', 'generator_79', 'generator_66', 'generator_46']
number opened: 3
TRIAL 29
Action chosen: (grey2, blue)
Outcome: False
partcle ids: ['generator_38', 'generator_61', 'generator_62', 'generator_63', 'generator_64', 'generator_65', 'generator_66', 'generator_67', 'generator_68', 'generator_69', 'generator_70', 'generator_71', 'generator_72', 'generator_68', 'generator_38', 'generator_73', 'generator_74', 'generator_75', 'generator_64', 'generator_76', 'generator_77', 'generator_38', 'generator_78', 'generator_79', 'generator_80', 'generator_81', 'generator_46', 'generator_79', 'generator_66', 'generator_46']
number opened: 3
TRIAL 30
Action chosen: (white, pink)
Outcome: False
partcle ids: ['generator_38', 'generator_61', 'generator_62', 'generator_63', 'generator_64', 'generator_65', 'generator_66', 'generator_67', 'generator_68', 'generator_69', 'generator_70', 'generator_71', 'generator_72', 'generator_68', 'generator_38', 'generator_73', 'generator_74', 'generator_75', 'generator_64', 'generator_76', 'generator_77', 'generator_38', 'generator_78', 'generator_79', 'generator_80', 'generator_81', 'generator_46', 'generator_79', 'generator_66', 'generator_46']
number opened: 3
TRIAL 31
Action chosen: (diamond, pink)
Outcome: False
partcle ids: ['generator_38', 'generator_61', 'generator_62', 'generator_63', 'generator_64', 'generator_65', 'generator_66', 'generator_67', 'generator_68', 'generator_69', 'generator_70', 'generator_71', 'generator_72', 'generator_68', 'generator_38', 'generator_73', 'generator_74', 'generator_75', 'generator_64', 'generator_76', 'generator_77', 'generator_38', 'generator_78', 'generator_79', 'generator_80', 'generator_81', 'generator_46', 'generator_79', 'generator_66', 'generator_46']
number opened: 3
TRIAL 32
Action chosen: (pink, blue)
Outcome: False
partcle ids: ['generator_38', 'generator_61', 'generator_62', 'generator_63', 'generator_64', 'generator_65', 'generator_66', 'generator_67', 'generator_68', 'generator_69', 'generator_70', 'generator_71', 'generator_72', 'generator_68', 'generator_38', 'generator_73', 'generator_74', 'generator_75', 'generator_64', 'generator_76', 'generator_77', 'generator_38', 'generator_78', 'generator_79', 'generator_80', 'generator_81', 'generator_46', 'generator_79', 'generator_66', 'generator_46']
number opened: 3
TRIAL 33
Action chosen: (triangle, blue)
Outcome: False
partcle ids: ['generator_38', 'generator_61', 'generator_62', 'generator_63', 'generator_64', 'generator_65', 'generator_66', 'generator_67', 'generator_68', 'generator_69', 'generator_70', 'generator_71', 'generator_72', 'generator_68', 'generator_38', 'generator_73', 'generator_74', 'generator_75', 'generator_64', 'generator_76', 'generator_77', 'generator_38', 'generator_78', 'generator_79', 'generator_80', 'generator_81', 'generator_46', 'generator_79', 'generator_66', 'generator_46']
number opened: 3
TRIAL 34
Action chosen: (white, blue)
Outcome: False
partcle ids: ['generator_38', 'generator_61', 'generator_62', 'generator_63', 'generator_64', 'generator_65', 'generator_66', 'generator_67', 'generator_68', 'generator_69', 'generator_70', 'generator_71', 'generator_72', 'generator_68', 'generator_38', 'generator_73', 'generator_74', 'generator_75', 'generator_64', 'generator_76', 'generator_77', 'generator_38', 'generator_78', 'generator_79', 'generator_80', 'generator_81', 'generator_46', 'generator_79', 'generator_66', 'generator_46']
number opened: 3
TRIAL 35
Action chosen: (grey2, blue)
Outcome: False
partcle ids: ['generator_38', 'generator_61', 'generator_62', 'generator_63', 'generator_64', 'generator_65', 'generator_66', 'generator_67', 'generator_68', 'generator_69', 'generator_70', 'generator_71', 'generator_72', 'generator_68', 'generator_38', 'generator_73', 'generator_74', 'generator_75', 'generator_64', 'generator_76', 'generator_77', 'generator_38', 'generator_78', 'generator_79', 'generator_80', 'generator_81', 'generator_46', 'generator_79', 'generator_66', 'generator_46']
number opened: 3
TRIAL 36
Action chosen: (heart, blue)
Outcome: False
partcle ids: ['generator_38', 'generator_61', 'generator_62', 'generator_63', 'generator_64', 'generator_65', 'generator_66', 'generator_67', 'generator_68', 'generator_69', 'generator_70', 'generator_71', 'generator_72', 'generator_68', 'generator_38', 'generator_73', 'generator_74', 'generator_75', 'generator_64', 'generator_76', 'generator_77', 'generator_38', 'generator_78', 'generator_79', 'generator_80', 'generator_81', 'generator_46', 'generator_79', 'generator_66', 'generator_46']
number opened: 3
TRIAL 37
Action chosen: (heart, pink)
Outcome: False
partcle ids: ['generator_38', 'generator_61', 'generator_62', 'generator_63', 'generator_64', 'generator_65', 'generator_66', 'generator_67', 'generator_68', 'generator_69', 'generator_70', 'generator_71', 'generator_72', 'generator_68', 'generator_38', 'generator_73', 'generator_74', 'generator_75', 'generator_64', 'generator_76', 'generator_77', 'generator_38', 'generator_78', 'generator_79', 'generator_80', 'generator_81', 'generator_46', 'generator_79', 'generator_66', 'generator_46']
number opened: 3
TRIAL 38
Action chosen: (white, pink)
Outcome: False
partcle ids: ['generator_38', 'generator_61', 'generator_62', 'generator_63', 'generator_64', 'generator_65', 'generator_66', 'generator_67', 'generator_68', 'generator_69', 'generator_70', 'generator_71', 'generator_72', 'generator_68', 'generator_38', 'generator_73', 'generator_74', 'generator_75', 'generator_64', 'generator_76', 'generator_77', 'generator_38', 'generator_78', 'generator_79', 'generator_80', 'generator_81', 'generator_46', 'generator_79', 'generator_66', 'generator_46']
number opened: 3
TRIAL 39
Action chosen: (blue, pink)
Outcome: False
partcle ids: ['generator_38', 'generator_61', 'generator_62', 'generator_63', 'generator_64', 'generator_65', 'generator_66', 'generator_67', 'generator_68', 'generator_69', 'generator_70', 'generator_71', 'generator_72', 'generator_68', 'generator_38', 'generator_73', 'generator_74', 'generator_75', 'generator_64', 'generator_76', 'generator_77', 'generator_38', 'generator_78', 'generator_79', 'generator_80', 'generator_81', 'generator_46', 'generator_79', 'generator_66', 'generator_46']
number opened: 3
TRIAL 40
Action chosen: (white, blue)
Outcome: False
partcle ids: ['generator_38', 'generator_61', 'generator_62', 'generator_63', 'generator_64', 'generator_65', 'generator_66', 'generator_67', 'generator_68', 'generator_69', 'generator_70', 'generator_71', 'generator_72', 'generator_68', 'generator_38', 'generator_73', 'generator_74', 'generator_75', 'generator_64', 'generator_76', 'generator_77', 'generator_38', 'generator_78', 'generator_79', 'generator_80', 'generator_81', 'generator_46', 'generator_79', 'generator_66', 'generator_46']
number opened: 3
TRIAL 41
Action chosen: (pink, blue)
Outcome: False
partcle ids: ['generator_38', 'generator_61', 'generator_62', 'generator_63', 'generator_64', 'generator_65', 'generator_66', 'generator_67', 'generator_68', 'generator_69', 'generator_70', 'generator_71', 'generator_72', 'generator_68', 'generator_38', 'generator_73', 'generator_74', 'generator_75', 'generator_64', 'generator_76', 'generator_77', 'generator_38', 'generator_78', 'generator_79', 'generator_80', 'generator_81', 'generator_46', 'generator_79', 'generator_66', 'generator_46']
number opened: 3
TRIAL 42
Action chosen: (purple, pink)
Outcome: False
partcle ids: ['generator_38', 'generator_61', 'generator_62', 'generator_63', 'generator_64', 'generator_65', 'generator_66', 'generator_67', 'generator_68', 'generator_69', 'generator_70', 'generator_71', 'generator_72', 'generator_68', 'generator_38', 'generator_73', 'generator_74', 'generator_75', 'generator_64', 'generator_76', 'generator_77', 'generator_38', 'generator_78', 'generator_79', 'generator_80', 'generator_81', 'generator_46', 'generator_79', 'generator_66', 'generator_46']
number opened: 3
TRIAL 43
Action chosen: (diamond, pink)
Outcome: False
partcle ids: ['generator_38', 'generator_61', 'generator_62', 'generator_63', 'generator_64', 'generator_65', 'generator_66', 'generator_67', 'generator_68', 'generator_69', 'generator_70', 'generator_71', 'generator_72', 'generator_68', 'generator_38', 'generator_73', 'generator_74', 'generator_75', 'generator_64', 'generator_76', 'generator_77', 'generator_38', 'generator_78', 'generator_79', 'generator_80', 'generator_81', 'generator_46', 'generator_79', 'generator_66', 'generator_46']
number opened: 3
TRIAL 44
Action chosen: (grey2, blue)
Outcome: False
partcle ids: ['generator_38', 'generator_61', 'generator_62', 'generator_63', 'generator_64', 'generator_65', 'generator_66', 'generator_67', 'generator_68', 'generator_69', 'generator_70', 'generator_71', 'generator_72', 'generator_68', 'generator_38', 'generator_73', 'generator_74', 'generator_75', 'generator_64', 'generator_76', 'generator_77', 'generator_38', 'generator_78', 'generator_79', 'generator_80', 'generator_81', 'generator_46', 'generator_79', 'generator_66', 'generator_46']
number opened: 3
TRIAL 45
Action chosen: (heart, pink)
Outcome: False
partcle ids: ['generator_38', 'generator_61', 'generator_62', 'generator_63', 'generator_64', 'generator_65', 'generator_66', 'generator_67', 'generator_68', 'generator_69', 'generator_70', 'generator_71', 'generator_72', 'generator_68', 'generator_38', 'generator_73', 'generator_74', 'generator_75', 'generator_64', 'generator_76', 'generator_77', 'generator_38', 'generator_78', 'generator_79', 'generator_80', 'generator_81', 'generator_46', 'generator_79', 'generator_66', 'generator_46']
number opened: 3
TRIAL 46
Action chosen: (white, pink)
Outcome: False
partcle ids: ['generator_38', 'generator_61', 'generator_62', 'generator_63', 'generator_64', 'generator_65', 'generator_66', 'generator_67', 'generator_68', 'generator_69', 'generator_70', 'generator_71', 'generator_72', 'generator_68', 'generator_38', 'generator_73', 'generator_74', 'generator_75', 'generator_64', 'generator_76', 'generator_77', 'generator_38', 'generator_78', 'generator_79', 'generator_80', 'generator_81', 'generator_46', 'generator_79', 'generator_66', 'generator_46']
number opened: 3
TRIAL 47
Action chosen: (blue, pink)
Outcome: False
partcle ids: ['generator_38', 'generator_61', 'generator_62', 'generator_63', 'generator_64', 'generator_65', 'generator_66', 'generator_67', 'generator_68', 'generator_69', 'generator_70', 'generator_71', 'generator_72', 'generator_68', 'generator_38', 'generator_73', 'generator_74', 'generator_75', 'generator_64', 'generator_76', 'generator_77', 'generator_38', 'generator_78', 'generator_79', 'generator_80', 'generator_81', 'generator_46', 'generator_79', 'generator_66', 'generator_46']
number opened: 3
TRIAL 48
Action chosen: (white, blue)
Outcome: False
partcle ids: ['generator_38', 'generator_61', 'generator_62', 'generator_63', 'generator_64', 'generator_65', 'generator_66', 'generator_67', 'generator_68', 'generator_69', 'generator_70', 'generator_71', 'generator_72', 'generator_68', 'generator_38', 'generator_73', 'generator_74', 'generator_75', 'generator_64', 'generator_76', 'generator_77', 'generator_38', 'generator_78', 'generator_79', 'generator_80', 'generator_81', 'generator_46', 'generator_79', 'generator_66', 'generator_46']
number opened: 3
TRIAL 49
Action chosen: (triangle, blue)
Outcome: False
partcle ids: ['generator_38', 'generator_61', 'generator_62', 'generator_63', 'generator_64', 'generator_65', 'generator_66', 'generator_67', 'generator_68', 'generator_69', 'generator_70', 'generator_71', 'generator_72', 'generator_68', 'generator_38', 'generator_73', 'generator_74', 'generator_75', 'generator_64', 'generator_76', 'generator_77', 'generator_38', 'generator_78', 'generator_79', 'generator_80', 'generator_81', 'generator_46', 'generator_79', 'generator_66', 'generator_46']
number opened: 3
TRIAL 50
Action chosen: (pink, blue)
Outcome: False
partcle ids: ['generator_38', 'generator_61', 'generator_62', 'generator_63', 'generator_64', 'generator_65', 'generator_66', 'generator_67', 'generator_68', 'generator_69', 'generator_70', 'generator_71', 'generator_72', 'generator_68', 'generator_38', 'generator_73', 'generator_74', 'generator_75', 'generator_64', 'generator_76', 'generator_77', 'generator_38', 'generator_78', 'generator_79', 'generator_80', 'generator_81', 'generator_46', 'generator_79', 'generator_66', 'generator_46']
number opened: 3
TRIAL 51
Action chosen: (purple, blue)
Outcome: False
partcle ids: ['generator_38', 'generator_61', 'generator_62', 'generator_63', 'generator_64', 'generator_65', 'generator_66', 'generator_67', 'generator_68', 'generator_69', 'generator_70', 'generator_71', 'generator_72', 'generator_68', 'generator_38', 'generator_73', 'generator_74', 'generator_75', 'generator_64', 'generator_76', 'generator_77', 'generator_38', 'generator_78', 'generator_79', 'generator_80', 'generator_81', 'generator_46', 'generator_79', 'generator_66', 'generator_46']
number opened: 3
TRIAL 52
Action chosen: (grey2, blue)
Outcome: False
partcle ids: ['generator_38', 'generator_61', 'generator_62', 'generator_63', 'generator_64', 'generator_65', 'generator_66', 'generator_67', 'generator_68', 'generator_69', 'generator_70', 'generator_71', 'generator_72', 'generator_68', 'generator_38', 'generator_73', 'generator_74', 'generator_75', 'generator_64', 'generator_76', 'generator_77', 'generator_38', 'generator_78', 'generator_79', 'generator_80', 'generator_81', 'generator_46', 'generator_79', 'generator_66', 'generator_46']
number opened: 3
TRIAL 53
Action chosen: (heart, blue)
Outcome: False
partcle ids: ['generator_38', 'generator_61', 'generator_62', 'generator_63', 'generator_64', 'generator_65', 'generator_66', 'generator_67', 'generator_68', 'generator_69', 'generator_70', 'generator_71', 'generator_72', 'generator_68', 'generator_38', 'generator_73', 'generator_74', 'generator_75', 'generator_64', 'generator_76', 'generator_77', 'generator_38', 'generator_78', 'generator_79', 'generator_80', 'generator_81', 'generator_46', 'generator_79', 'generator_66', 'generator_46']
number opened: 3
TRIAL 54
Action chosen: (heart, pink)
Outcome: False
partcle ids: ['generator_38', 'generator_61', 'generator_62', 'generator_63', 'generator_64', 'generator_65', 'generator_66', 'generator_67', 'generator_68', 'generator_69', 'generator_70', 'generator_71', 'generator_72', 'generator_68', 'generator_38', 'generator_73', 'generator_74', 'generator_75', 'generator_64', 'generator_76', 'generator_77', 'generator_38', 'generator_78', 'generator_79', 'generator_80', 'generator_81', 'generator_46', 'generator_79', 'generator_66', 'generator_46']
number opened: 3
TRIAL 55
Action chosen: (white, blue)
Outcome: False
partcle ids: ['generator_38', 'generator_61', 'generator_62', 'generator_63', 'generator_64', 'generator_65', 'generator_66', 'generator_67', 'generator_68', 'generator_69', 'generator_70', 'generator_71', 'generator_72', 'generator_68', 'generator_38', 'generator_73', 'generator_74', 'generator_75', 'generator_64', 'generator_76', 'generator_77', 'generator_38', 'generator_78', 'generator_79', 'generator_80', 'generator_81', 'generator_46', 'generator_79', 'generator_66', 'generator_46']
number opened: 3
TRIAL 56
Action chosen: (triangle, blue)
Outcome: False
partcle ids: ['generator_38', 'generator_61', 'generator_62', 'generator_63', 'generator_64', 'generator_65', 'generator_66', 'generator_67', 'generator_68', 'generator_69', 'generator_70', 'generator_71', 'generator_72', 'generator_68', 'generator_38', 'generator_73', 'generator_74', 'generator_75', 'generator_64', 'generator_76', 'generator_77', 'generator_38', 'generator_78', 'generator_79', 'generator_80', 'generator_81', 'generator_46', 'generator_79', 'generator_66', 'generator_46']
number opened: 3
TRIAL 57
Action chosen: (purple, blue)
Outcome: False
partcle ids: ['generator_38', 'generator_61', 'generator_62', 'generator_63', 'generator_64', 'generator_65', 'generator_66', 'generator_67', 'generator_68', 'generator_69', 'generator_70', 'generator_71', 'generator_72', 'generator_68', 'generator_38', 'generator_73', 'generator_74', 'generator_75', 'generator_64', 'generator_76', 'generator_77', 'generator_38', 'generator_78', 'generator_79', 'generator_80', 'generator_81', 'generator_46', 'generator_79', 'generator_66', 'generator_46']
number opened: 3
TRIAL 58
Action chosen: (grey2, blue)
Outcome: False
partcle ids: ['generator_38', 'generator_61', 'generator_62', 'generator_63', 'generator_64', 'generator_65', 'generator_66', 'generator_67', 'generator_68', 'generator_69', 'generator_70', 'generator_71', 'generator_72', 'generator_68', 'generator_38', 'generator_73', 'generator_74', 'generator_75', 'generator_64', 'generator_76', 'generator_77', 'generator_38', 'generator_78', 'generator_79', 'generator_80', 'generator_81', 'generator_46', 'generator_79', 'generator_66', 'generator_46']
number opened: 3
TRIAL 59
Action chosen: (pink, blue)
Outcome: False
partcle ids: ['generator_38', 'generator_61', 'generator_62', 'generator_63', 'generator_64', 'generator_65', 'generator_66', 'generator_67', 'generator_68', 'generator_69', 'generator_70', 'generator_71', 'generator_72', 'generator_68', 'generator_38', 'generator_73', 'generator_74', 'generator_75', 'generator_64', 'generator_76', 'generator_77', 'generator_38', 'generator_78', 'generator_79', 'generator_80', 'generator_81', 'generator_46', 'generator_79', 'generator_66', 'generator_46']
number opened: 3
TRIAL 60
Action chosen: (heart, blue)
Outcome: False
partcle ids: ['generator_38', 'generator_61', 'generator_62', 'generator_63', 'generator_64', 'generator_65', 'generator_66', 'generator_67', 'generator_68', 'generator_69', 'generator_70', 'generator_71', 'generator_72', 'generator_68', 'generator_38', 'generator_73', 'generator_74', 'generator_75', 'generator_64', 'generator_76', 'generator_77', 'generator_38', 'generator_78', 'generator_79', 'generator_80', 'generator_81', 'generator_46', 'generator_79', 'generator_66', 'generator_46']
number opened: 3
TRIAL 61
Action chosen: (heart, pink)
Outcome: False
partcle ids: ['generator_38', 'generator_61', 'generator_62', 'generator_63', 'generator_64', 'generator_65', 'generator_66', 'generator_67', 'generator_68', 'generator_69', 'generator_70', 'generator_71', 'generator_72', 'generator_68', 'generator_38', 'generator_73', 'generator_74', 'generator_75', 'generator_64', 'generator_76', 'generator_77', 'generator_38', 'generator_78', 'generator_79', 'generator_80', 'generator_81', 'generator_46', 'generator_79', 'generator_66', 'generator_46']
number opened: 3
TRIAL 62
Action chosen: (white, blue)
Outcome: False
partcle ids: ['generator_38', 'generator_61', 'generator_62', 'generator_63', 'generator_64', 'generator_65', 'generator_66', 'generator_67', 'generator_68', 'generator_69', 'generator_70', 'generator_71', 'generator_72', 'generator_68', 'generator_38', 'generator_73', 'generator_74', 'generator_75', 'generator_64', 'generator_76', 'generator_77', 'generator_38', 'generator_78', 'generator_79', 'generator_80', 'generator_81', 'generator_46', 'generator_79', 'generator_66', 'generator_46']
number opened: 3
TRIAL 63
Action chosen: (white, pink)
Outcome: False
partcle ids: ['generator_38', 'generator_61', 'generator_62', 'generator_63', 'generator_64', 'generator_65', 'generator_66', 'generator_67', 'generator_68', 'generator_69', 'generator_70', 'generator_71', 'generator_72', 'generator_68', 'generator_38', 'generator_73', 'generator_74', 'generator_75', 'generator_64', 'generator_76', 'generator_77', 'generator_38', 'generator_78', 'generator_79', 'generator_80', 'generator_81', 'generator_46', 'generator_79', 'generator_66', 'generator_46']
number opened: 3
TRIAL 64
Action chosen: (blue, pink)
Outcome: False
partcle ids: ['generator_38', 'generator_61', 'generator_62', 'generator_63', 'generator_64', 'generator_65', 'generator_66', 'generator_67', 'generator_68', 'generator_69', 'generator_70', 'generator_71', 'generator_72', 'generator_68', 'generator_38', 'generator_73', 'generator_74', 'generator_75', 'generator_64', 'generator_76', 'generator_77', 'generator_38', 'generator_78', 'generator_79', 'generator_80', 'generator_81', 'generator_46', 'generator_79', 'generator_66', 'generator_46']
number opened: 3
TRIAL 65
Action chosen: (diamond, pink)
Outcome: False
partcle ids: ['generator_38', 'generator_61', 'generator_62', 'generator_63', 'generator_64', 'generator_65', 'generator_66', 'generator_67', 'generator_68', 'generator_69', 'generator_70', 'generator_71', 'generator_72', 'generator_68', 'generator_38', 'generator_73', 'generator_74', 'generator_75', 'generator_64', 'generator_76', 'generator_77', 'generator_38', 'generator_78', 'generator_79', 'generator_80', 'generator_81', 'generator_46', 'generator_79', 'generator_66', 'generator_46']
number opened: 3
TRIAL 66
Action chosen: (purple, pink)
Outcome: False
partcle ids: ['generator_38', 'generator_61', 'generator_62', 'generator_63', 'generator_64', 'generator_65', 'generator_66', 'generator_67', 'generator_68', 'generator_69', 'generator_70', 'generator_71', 'generator_72', 'generator_68', 'generator_38', 'generator_73', 'generator_74', 'generator_75', 'generator_64', 'generator_76', 'generator_77', 'generator_38', 'generator_78', 'generator_79', 'generator_80', 'generator_81', 'generator_46', 'generator_79', 'generator_66', 'generator_46']
number opened: 3
TRIAL 67
Action chosen: (grey2, blue)
Outcome: False
partcle ids: ['generator_38', 'generator_61', 'generator_62', 'generator_63', 'generator_64', 'generator_65', 'generator_66', 'generator_67', 'generator_68', 'generator_69', 'generator_70', 'generator_71', 'generator_72', 'generator_68', 'generator_38', 'generator_73', 'generator_74', 'generator_75', 'generator_64', 'generator_76', 'generator_77', 'generator_38', 'generator_78', 'generator_79', 'generator_80', 'generator_81', 'generator_46', 'generator_79', 'generator_66', 'generator_46']
number opened: 3
TRIAL 68
Action chosen: (heart, pink)
Outcome: False
partcle ids: ['generator_38', 'generator_61', 'generator_62', 'generator_63', 'generator_64', 'generator_65', 'generator_66', 'generator_67', 'generator_68', 'generator_69', 'generator_70', 'generator_71', 'generator_72', 'generator_68', 'generator_38', 'generator_73', 'generator_74', 'generator_75', 'generator_64', 'generator_76', 'generator_77', 'generator_38', 'generator_78', 'generator_79', 'generator_80', 'generator_81', 'generator_46', 'generator_79', 'generator_66', 'generator_46']
number opened: 3
TRIAL 69
Action chosen: (pink, blue)
Outcome: False
partcle ids: ['generator_38', 'generator_61', 'generator_62', 'generator_63', 'generator_64', 'generator_65', 'generator_66', 'generator_67', 'generator_68', 'generator_69', 'generator_70', 'generator_71', 'generator_72', 'generator_68', 'generator_38', 'generator_73', 'generator_74', 'generator_75', 'generator_64', 'generator_76', 'generator_77', 'generator_38', 'generator_78', 'generator_79', 'generator_80', 'generator_81', 'generator_46', 'generator_79', 'generator_66', 'generator_46']
number opened: 3
TRIAL 70
Action chosen: (white, blue)
Outcome: False
partcle ids: ['generator_38', 'generator_61', 'generator_62', 'generator_63', 'generator_64', 'generator_65', 'generator_66', 'generator_67', 'generator_68', 'generator_69', 'generator_70', 'generator_71', 'generator_72', 'generator_68', 'generator_38', 'generator_73', 'generator_74', 'generator_75', 'generator_64', 'generator_76', 'generator_77', 'generator_38', 'generator_78', 'generator_79', 'generator_80', 'generator_81', 'generator_46', 'generator_79', 'generator_66', 'generator_46']
number opened: 3
{"attempts": 70, "unique_key_box_pairs": 21, "revisit_attempts": 49, "revisit_rate": 0.7101449275362319, "attempts_before_abandoning_color_matching": 6, "color_matching_abandoned": true}
