{"Child_ID": "D089", "SoC_variant": "SoC-Full", "theta": [1, 3], "p_gen": 0.6, "true_prior": 0.02, "run_number": 61, "seed": 5525793087821184065}
TRIAL 1
Action chosen: (red, red)
Outcome: True
partcle ids: ['generator_22', 'generator_23', 'generator_24', 'color_match', 'generator_25', 'generator_26', 'generator_3', 'similar_color_14', 'generator_27', 'generator_28', 'similar_color_10', 'generator_29', 'similar_color_3', 'generator_30', 'similar_color_4', 'generator_31', 'similar_color_13', 'generator_32', 'similar_color_1', 'generator_33', 'similar_color_5', 'generator_34', 'generator_35', 'similar_color_12', 'similar_color_1', 'similar_color_3', 'generator_36', 'similar_color_9', 'generator_37', 'generator_3']
number opened: 1
TRIAL 2
Action chosen: (purple, purple)
Outcome: False
partcle ids: ['generator_22', 'generator_23', 'generator_24', 'color_match', 'generator_25', 'generator_26', 'generator_3', 'similar_color_14', 'generator_27', 'generator_28', 'similar_color_10', 'generator_29', 'similar_color_3', 'generator_30', 'similar_color_4', 'generator_31', 'similar_color_13', 'generator_32', 'similar_color_1', 'generator_33', 'similar_color_5', 'generator_34', 'generator_35', 'similar_color_12', 'similar_color_1', 'similar_color_3', 'generator_36', 'similar_color_9', 'generator_37', 'generator_3']
number opened: 1
TRIAL 3
Action chosen: (pink, pink)
Outcome: False
partcle ids: ['generator_22', 'generator_23', 'generator_24', 'color_match', 'generator_25', 'generator_26', 'generator_3', 'similar_color_14', 'generator_27', 'generator_28', 'similar_color_10', 'generator_29', 'similar_color_3', 'generator_30', 'similar_color_4', 'generator_31', 'similar_color_13', 'generator_32', 'similar_color_1', 'generator_33', 'similar_color_5', 'generator_34', 'generator_35', 'similar_color_12', 'similar_color_1', 'similar_color_3', 'generator_36', 'similar_color_9', 'generator_37', 'generator_3']
number opened: 1
TRIAL 4
Action chosen: (green3, blue)
Outcome: False
partcle ids: ['generator_22', 'generator_23', 'generator_24', 'color_match', 'generator_25', 'generator_26', 'generator_3', 'similar_color_14', 'generator_27', 'generator_28', 'similar_color_10', 'generator_29', 'similar_color_3', 'generator_30', 'similar_color_4', 'generator_31', 'similar_color_13', 'generator_32', 'similar_color_1', 'generator_33', 'similar_color_5', 'generator_34', 'generator_35', 'similar_color_12', 'similar_color_1', 'similar_color_3', 'generator_36', 'similar_color_9', 'generator_37', 'generator_3']
number opened: 1
TRIAL 5
Action chosen: (white, purple)
Outcome: False
partcle ids: ['generator_22', 'generator_23', 'generator_24', 'color_match', 'generator_25', 'generator_26', 'generator_3', 'similar_color_14', 'generator_27', 'generator_28', 'similar_color_10', 'generator_29', 'similar_color_3', 'generator_30', 'similar_color_4', 'generator_31', 'similar_color_13', 'generator_32', 'similar_color_1', 'generator_33', 'similar_color_5', 'generator_34', 'generator_35', 'similar_color_12', 'similar_color_1', 'similar_color_3', 'generator_36', 'similar_color_9', 'generator_37', 'generator_3']
number opened: 1
TRIAL 6
Action chosen: (pink, pink)
Outcome: False
partcle ids: ['generator_22', 'generator_23', 'generator_24', 'color_match', 'generator_25', 'generator_26', 'generator_3', 'similar_color_14', 'generator_27', 'generator_28', 'similar_color_10', 'generator_29', 'similar_color_3', 'generator_30', 'similar_color_4', 'generator_31', 'similar_color_13', 'generator_32', 'similar_color_1', 'generator_33', 'similar_color_5', 'generator_34', 'generator_35', 'similar_color_12', 'similar_color_1', 'similar_color_3', 'generator_36', 'similar_color_9', 'generator_37', 'generator_3']
number opened: 1
TRIAL 7
Action chosen: (grey2, white)
Outcome: False
partcle ids: ['generator_22', 'generator_23', 'generator_24', 'color_match', 'generator_25', 'generator_26', 'generator_3', 'similar_color_14', 'generator_27', 'generator_28', 'similar_color_10', 'generator_29', 'similar_color_3', 'generator_30', 'similar_color_4', 'generator_31', 'similar_color_13', 'generator_32', 'similar_color_1', 'generator_33', 'similar_color_5', 'generator_34', 'generator_35', 'similar_color_12', 'similar_color_1', 'similar_color_3', 'generator_36', 'similar_color_9', 'generator_37', 'generator_3']
number opened: 1
TRIAL 8
Action chosen: (white, purple)
Outcome: False
partcle ids: ['generator_22', 'generator_23', 'generator_24', 'color_match', 'generator_25', 'generator_26', 'generator_3', 'similar_color_14', 'generator_27', 'generator_28', 'similar_color_10', 'generator_29', 'similar_color_3', 'generator_30', 'similar_color_4', 'generator_31', 'similar_color_13', 'generator_32', 'similar_color_1', 'generator_33', 'similar_color_5', 'generator_34', 'generator_35', 'similar_color_12', 'similar_color_1', 'similar_color_3', 'generator_36', 'similar_color_9', 'generator_37', 'generator_3']
number opened: 1
TRIAL 9
Action chosen: (triangle, purple)
Outcome: False
partcle ids: ['generator_22', 'generator_23', 'generator_24', 'color_match', 'generator_25', 'generator_26', 'generator_3', 'similar_color_14', 'generator_27', 'generator_28', 'similar_color_10', 'generator_29', 'similar_color_3', 'generator_30', 'similar_color_4', 'generator_31', 'similar_color_13', 'generator_32', 'similar_color_1', 'generator_33', 'similar_color_5', 'generator_34', 'generator_35', 'similar_color_12', 'similar_color_1', 'similar_color_3', 'generator_36', 'similar_color_9', 'generator_37', 'generator_3']
number opened: 1
TRIAL 10
Action chosen: (pink, pink)
Outcome: False
partcle ids: ['generator_22', 'generator_23', 'generator_24', 'color_match', 'generator_25', 'generator_26', 'generator_3', 'similar_color_14', 'generator_27', 'generator_28', 'similar_color_10', 'generator_29', 'similar_color_3', 'generator_30', 'similar_color_4', 'generator_31', 'similar_color_13', 'generator_32', 'similar_color_1', 'generator_33', 'similar_color_5', 'generator_34', 'generator_35', 'similar_color_12', 'similar_color_1', 'similar_color_3', 'generator_36', 'similar_color_9', 'generator_37', 'generator_3']
number opened: 1
TRIAL 11
Action chosen: (green3, blue)
Outcome: False
partcle ids: ['generator_22', 'generator_23', 'generator_24', 'color_match', 'generator_25', 'generator_26', 'generator_3', 'similar_color_14', 'generator_27', 'generator_28', 'similar_color_10', 'generator_29', 'similar_color_3', 'generator_30', 'similar_color_4', 'generator_31', 'similar_color_13', 'generator_32', 'similar_color_1', 'generator_33', 'similar_color_5', 'generator_34', 'generator_35', 'similar_color_12', 'similar_color_1', 'similar_color_3', 'generator_36', 'similar_color_9', 'generator_37', 'generator_3']
number opened: 1
TRIAL 12
Action chosen: (blue, blue)
Outcome: False
partcle ids: ['generator_22', 'generator_23', 'generator_24', 'color_match', 'generator_25', 'generator_26', 'generator_3', 'similar_color_14', 'generator_27', 'generator_28', 'similar_color_10', 'generator_29', 'similar_color_3', 'generator_30', 'similar_color_4', 'generator_31', 'similar_color_13', 'generator_32', 'similar_color_1', 'generator_33', 'similar_color_5', 'generator_34', 'generator_35', 'similar_color_12', 'similar_color_1', 'similar_color_3', 'generator_36', 'similar_color_9', 'generator_37', 'generator_3']
number opened: 1
TRIAL 13
Action chosen: (heart, purple)
Outcome: False
partcle ids: ['generator_22', 'generator_23', 'generator_24', 'color_match', 'generator_25', 'generator_26', 'generator_3', 'similar_color_14', 'generator_27', 'generator_28', 'similar_color_10', 'generator_29', 'similar_color_3', 'generator_30', 'similar_color_4', 'generator_31', 'similar_color_13', 'generator_32', 'similar_color_1', 'generator_33', 'similar_color_5', 'generator_34', 'generator_35', 'similar_color_12', 'similar_color_1', 'similar_color_3', 'generator_36', 'similar_color_9', 'generator_37', 'generator_3']
number opened: 1
TRIAL 14
Action chosen: (triangle, purple)
Outcome: False
partcle ids: ['generator_22', 'generator_23', 'generator_24', 'color_match', 'generator_25', 'generator_26', 'generator_3', 'similar_color_14', 'generator_27', 'generator_28', 'similar_color_10', 'generator_29', 'similar_color_3', 'generator_30', 'similar_color_4', 'generator_31', 'similar_color_13', 'generator_32', 'similar_color_1', 'generator_33', 'similar_color_5', 'generator_34', 'generator_35', 'similar_color_12', 'similar_color_1', 'similar_color_3', 'generator_36', 'similar_color_9', 'generator_37', 'generator_3']
number opened: 1
TRIAL 15
Action chosen: (white, purple)
Outcome: False
partcle ids: ['generator_22', 'generator_23', 'generator_24', 'color_match', 'generator_25', 'generator_26', 'generator_3', 'similar_color_14', 'generator_27', 'generator_28', 'similar_color_10', 'generator_29', 'similar_color_3', 'generator_30', 'similar_color_4', 'generator_31', 'similar_color_13', 'generator_32', 'similar_color_1', 'generator_33', 'similar_color_5', 'generator_34', 'generator_35', 'similar_color_12', 'similar_color_1', 'similar_color_3', 'generator_36', 'similar_color_9', 'generator_37', 'generator_3']
number opened: 1
TRIAL 16
Action chosen: (orange4, blue)
Outcome: False
partcle ids: ['generator_22', 'generator_23', 'generator_24', 'color_match', 'generator_25', 'generator_26', 'generator_3', 'similar_color_14', 'generator_27', 'generator_28', 'similar_color_10', 'generator_29', 'similar_color_3', 'generator_30', 'similar_color_4', 'generator_31', 'similar_color_13', 'generator_32', 'similar_color_1', 'generator_33', 'similar_color_5', 'generator_34', 'generator_35', 'similar_color_12', 'similar_color_1', 'similar_color_3', 'generator_36', 'similar_color_9', 'generator_37', 'generator_3']
number opened: 1
TRIAL 17
Action chosen: (white, white)
Outcome: False
partcle ids: ['generator_22', 'generator_23', 'generator_24', 'color_match', 'generator_25', 'generator_26', 'generator_3', 'similar_color_14', 'generator_27', 'generator_28', 'similar_color_10', 'generator_29', 'similar_color_3', 'generator_30', 'similar_color_4', 'generator_31', 'similar_color_13', 'generator_32', 'similar_color_1', 'generator_33', 'similar_color_5', 'generator_34', 'generator_35', 'similar_color_12', 'similar_color_1', 'similar_color_3', 'generator_36', 'similar_color_9', 'generator_37', 'generator_3']
number opened: 1
TRIAL 18
Action chosen: (cloud, pink)
Outcome: False
partcle ids: ['generator_22', 'generator_23', 'generator_24', 'color_match', 'generator_25', 'generator_26', 'generator_3', 'similar_color_14', 'generator_27', 'generator_28', 'similar_color_10', 'generator_29', 'similar_color_3', 'generator_30', 'similar_color_4', 'generator_31', 'similar_color_13', 'generator_32', 'similar_color_1', 'generator_33', 'similar_color_5', 'generator_34', 'generator_35', 'similar_color_12', 'similar_color_1', 'similar_color_3', 'generator_36', 'similar_color_9', 'generator_37', 'generator_3']
number opened: 1
TRIAL 19
Action chosen: (grey2, white)
Outcome: False
partcle ids: ['generator_22', 'generator_23', 'generator_24', 'color_match', 'generator_25', 'generator_26', 'generator_3', 'similar_color_14', 'generator_27', 'generator_28', 'similar_color_10', 'generator_29', 'similar_color_3', 'generator_30', 'similar_color_4', 'generator_31', 'similar_color_13', 'generator_32', 'similar_color_1', 'generator_33', 'similar_color_5', 'generator_34', 'generator_35', 'similar_color_12', 'similar_color_1', 'similar_color_3', 'generator_36', 'similar_color_9', 'generator_37', 'generator_3']
number opened: 1
TRIAL 20
Action chosen: (blue, blue)
Outcome: False
partcle ids: ['generator_22', 'generator_23', 'generator_24', 'color_match', 'generator_25', 'generator_26', 'generator_3', 'similar_color_14', 'generator_27', 'generator_28', 'similar_color_10', 'generator_29', 'similar_color_3', 'generator_30', 'similar_color_4', 'generator_31', 'similar_color_13', 'generator_32', 'similar_color_1', 'generator_33', 'similar_color_5', 'generator_34', 'generator_35', 'similar_color_12', 'similar_color_1', 'similar_color_3', 'generator_36', 'similar_color_9', 'generator_37', 'generator_3']
number opened: 1
TRIAL 21
Action chosen: (purple, purple)
Outcome: False
partcle ids: ['generator_22', 'generator_23', 'generator_24', 'color_match', 'generator_25', 'generator_26', 'generator_3', 'similar_color_14', 'generator_27', 'generator_28', 'similar_color_10', 'generator_29', 'similar_color_3', 'generator_30', 'similar_color_4', 'generator_31', 'similar_color_13', 'generator_32', 'similar_color_1', 'generator_33', 'similar_color_5', 'generator_34', 'generator_35', 'similar_color_12', 'similar_color_1', 'similar_color_3', 'generator_36', 'similar_color_9', 'generator_37', 'generator_3']
number opened: 1
TRIAL 22
Action chosen: (grey2, blue)
Outcome: False
partcle ids: ['generator_22', 'generator_23', 'generator_24', 'color_match', 'generator_25', 'generator_26', 'generator_3', 'similar_color_14', 'generator_27', 'generator_28', 'similar_color_10', 'generator_29', 'similar_color_3', 'generator_30', 'similar_color_4', 'generator_31', 'similar_color_13', 'generator_32', 'similar_color_1', 'generator_33', 'similar_color_5', 'generator_34', 'generator_35', 'similar_color_12', 'similar_color_1', 'similar_color_3', 'generator_36', 'similar_color_9', 'generator_37', 'generator_3']
number opened: 1
TRIAL 23
Action chosen: (triangle, purple)
Outcome: False
partcle ids: ['generator_22', 'generator_23', 'generator_24', 'color_match', 'generator_25', 'generator_26', 'generator_3', 'similar_color_14', 'generator_27', 'generator_28', 'similar_color_10', 'generator_29', 'similar_color_3', 'generator_30', 'similar_color_4', 'generator_31', 'similar_color_13', 'generator_32', 'similar_color_1', 'generator_33', 'similar_color_5', 'generator_34', 'generator_35', 'similar_color_12', 'similar_color_1', 'similar_color_3', 'generator_36', 'similar_color_9', 'generator_37', 'generator_3']
number opened: 1
TRIAL 24
Action chosen: (green3, blue)
Outcome: False
partcle ids: ['generator_22', 'generator_23', 'generator_24', 'color_match', 'generator_25', 'generator_26', 'generator_3', 'similar_color_14', 'generator_27', 'generator_28', 'similar_color_10', 'generator_29', 'similar_color_3', 'generator_30', 'similar_color_4', 'generator_31', 'similar_color_13', 'generator_32', 'similar_color_1', 'generator_33', 'similar_color_5', 'generator_34', 'generator_35', 'similar_color_12', 'similar_color_1', 'similar_color_3', 'generator_36', 'similar_color_9', 'generator_37', 'generator_3']
number opened: 1
TRIAL 25
Action chosen: (orange4, blue)
Outcome: False
partcle ids: ['generator_22', 'generator_23', 'generator_24', 'color_match', 'generator_25', 'generator_26', 'generator_3', 'similar_color_14', 'generator_27', 'generator_28', 'similar_color_10', 'generator_29', 'similar_color_3', 'generator_30', 'similar_color_4', 'generator_31', 'similar_color_13', 'generator_32', 'similar_color_1', 'generator_33', 'similar_color_5', 'generator_34', 'generator_35', 'similar_color_12', 'similar_color_1', 'similar_color_3', 'generator_36', 'similar_color_9', 'generator_37', 'generator_3']
number opened: 1
TRIAL 26
Action chosen: (white, purple)
Outcome: False
partcle ids: ['generator_22', 'generator_23', 'generator_24', 'color_match', 'generator_25', 'generator_26', 'generator_3', 'similar_color_14', 'generator_27', 'generator_28', 'similar_color_10', 'generator_29', 'similar_color_3', 'generator_30', 'similar_color_4', 'generator_31', 'similar_color_13', 'generator_32', 'similar_color_1', 'generator_33', 'similar_color_5', 'generator_34', 'generator_35', 'similar_color_12', 'similar_color_1', 'similar_color_3', 'generator_36', 'similar_color_9', 'generator_37', 'generator_3']
number opened: 1
TRIAL 27
Action chosen: (blue, blue)
Outcome: False
partcle ids: ['generator_22', 'generator_23', 'generator_24', 'color_match', 'generator_25', 'generator_26', 'generator_3', 'similar_color_14', 'generator_27', 'generator_28', 'similar_color_10', 'generator_29', 'similar_color_3', 'generator_30', 'similar_color_4', 'generator_31', 'similar_color_13', 'generator_32', 'similar_color_1', 'generator_33', 'similar_color_5', 'generator_34', 'generator_35', 'similar_color_12', 'similar_color_1', 'similar_color_3', 'generator_36', 'similar_color_9', 'generator_37', 'generator_3']
number opened: 1
TRIAL 28
Action chosen: (cloud, pink)
Outcome: False
partcle ids: ['generator_22', 'generator_23', 'generator_24', 'color_match', 'generator_25', 'generator_26', 'generator_3', 'similar_color_14', 'generator_27', 'generator_28', 'similar_color_10', 'generator_29', 'similar_color_3', 'generator_30', 'similar_color_4', 'generator_31', 'similar_color_13', 'generator_32', 'similar_color_1', 'generator_33', 'similar_color_5', 'generator_34', 'generator_35', 'similar_color_12', 'similar_color_1', 'similar_color_3', 'generator_36', 'similar_color_9', 'generator_37', 'generator_3']
number opened: 1
TRIAL 29
Action chosen: (cloud, white)
Outcome: False
partcle ids: ['generator_22', 'generator_23', 'generator_24', 'color_match', 'generator_25', 'generator_26', 'generator_3', 'similar_color_14', 'generator_27', 'generator_28', 'similar_color_10', 'generator_29', 'similar_color_3', 'generator_30', 'similar_color_4', 'generator_31', 'similar_color_13', 'generator_32', 'similar_color_1', 'generator_33', 'similar_color_5', 'generator_34', 'generator_35', 'similar_color_12', 'similar_color_1', 'similar_color_3', 'generator_36', 'similar_color_9', 'generator_37', 'generator_3']
number opened: 1
TRIAL 30
Action chosen: (heart, purple)
Outcome: False
partcle ids: ['generator_22', 'generator_23', 'generator_24', 'color_match', 'generator_25', 'generator_26', 'generator_3', 'similar_color_14', 'generator_27', 'generator_28', 'similar_color_10', 'generator_29', 'similar_color_3', 'generator_30', 'similar_color_4', 'generator_31', 'similar_color_13', 'generator_32', 'similar_color_1', 'generator_33', 'similar_color_5', 'generator_34', 'generator_35', 'similar_color_12', 'similar_color_1', 'similar_color_3', 'generator_36', 'similar_color_9', 'generator_37', 'generator_3']
number opened: 1
TRIAL 31
Action chosen: (triangle, pink)
Outcome: False
partcle ids: ['generator_22', 'generator_23', 'generator_24', 'color_match', 'generator_25', 'generator_26', 'generator_3', 'similar_color_14', 'generator_27', 'generator_28', 'similar_color_10', 'generator_29', 'similar_color_3', 'generator_30', 'similar_color_4', 'generator_31', 'similar_color_13', 'generator_32', 'similar_color_1', 'generator_33', 'similar_color_5', 'generator_34', 'generator_35', 'similar_color_12', 'similar_color_1', 'similar_color_3', 'generator_36', 'similar_color_9', 'generator_37', 'generator_3']
number opened: 1
TRIAL 32
Action chosen: (pink, pink)
Outcome: False
partcle ids: ['generator_22', 'generator_23', 'generator_24', 'color_match', 'generator_25', 'generator_26', 'generator_3', 'similar_color_14', 'generator_27', 'generator_28', 'similar_color_10', 'generator_29', 'similar_color_3', 'generator_30', 'similar_color_4', 'generator_31', 'similar_color_13', 'generator_32', 'similar_color_1', 'generator_33', 'similar_color_5', 'generator_34', 'generator_35', 'similar_color_12', 'similar_color_1', 'similar_color_3', 'generator_36', 'similar_color_9', 'generator_37', 'generator_3']
number opened: 1
TRIAL 33
Action chosen: (orange4, blue)
Outcome: False
partcle ids: ['generator_22', 'generator_23', 'generator_24', 'color_match', 'generator_25', 'generator_26', 'generator_3', 'similar_color_14', 'generator_27', 'generator_28', 'similar_color_10', 'generator_29', 'similar_color_3', 'generator_30', 'similar_color_4', 'generator_31', 'similar_color_13', 'generator_32', 'similar_color_1', 'generator_33', 'similar_color_5', 'generator_34', 'generator_35', 'similar_color_12', 'similar_color_1', 'similar_color_3', 'generator_36', 'similar_color_9', 'generator_37', 'generator_3']
number opened: 1
TRIAL 34
Action chosen: (green3, blue)
Outcome: False
partcle ids: ['generator_22', 'generator_23', 'generator_24', 'color_match', 'generator_25', 'generator_26', 'generator_3', 'similar_color_14', 'generator_27', 'generator_28', 'similar_color_10', 'generator_29', 'similar_color_3', 'generator_30', 'similar_color_4', 'generator_31', 'similar_color_13', 'generator_32', 'similar_color_1', 'generator_33', 'similar_color_5', 'generator_34', 'generator_35', 'similar_color_12', 'similar_color_1', 'similar_color_3', 'generator_36', 'similar_color_9', 'generator_37', 'generator_3']
number opened: 1
TRIAL 35
Action chosen: (triangle, purple)
Outcome: False
partcle ids: ['generator_22', 'generator_23', 'generator_24', 'color_match', 'generator_25', 'generator_26', 'generator_3', 'similar_color_14', 'generator_27', 'generator_28', 'similar_color_10', 'generator_29', 'similar_color_3', 'generator_30', 'similar_color_4', 'generator_31', 'similar_color_13', 'generator_32', 'similar_color_1', 'generator_33', 'similar_color_5', 'generator_34', 'generator_35', 'similar_color_12', 'similar_color_1', 'similar_color_3', 'generator_36', 'similar_color_9', 'generator_37', 'generator_3']
number opened: 1
TRIAL 36
Action chosen: (blue, blue)
Outcome: False
partcle ids: ['generator_22', 'generator_23', 'generator_24', 'color_match', 'generator_25', 'generator_26', 'generator_3', 'similar_color_14', 'generator_27', 'generator_28', 'similar_color_10', 'generator_29', 'similar_color_3', 'generator_30', 'similar_color_4', 'generator_31', 'similar_color_13', 'generator_32', 'similar_color_1', 'generator_33', 'similar_color_5', 'generator_34', 'generator_35', 'similar_color_12', 'similar_color_1', 'similar_color_3', 'generator_36', 'similar_color_9', 'generator_37', 'generator_3']
number opened: 1
TRIAL 37
Action chosen: (grey2, blue)
Outcome: False
partcle ids: ['generator_22', 'generator_23', 'generator_24', 'color_match', 'generator_25', 'generator_26', 'generator_3', 'similar_color_14', 'generator_27', 'generator_28', 'similar_color_10', 'generator_29', 'similar_color_3', 'generator_30', 'similar_color_4', 'generator_31', 'similar_color_13', 'generator_32', 'similar_color_1', 'generator_33', 'similar_color_5', 'generator_34', 'generator_35', 'similar_color_12', 'similar_color_1', 'similar_color_3', 'generator_36', 'similar_color_9', 'generator_37', 'generator_3']
number opened: 1
TRIAL 38
Action chosen: (cloud, pink)
Outcome: False
partcle ids: ['generator_22', 'generator_23', 'generator_24', 'color_match', 'generator_25', 'generator_26', 'generator_3', 'similar_color_14', 'generator_27', 'generator_28', 'similar_color_10', 'generator_29', 'similar_color_3', 'generator_30', 'similar_color_4', 'generator_31', 'similar_color_13', 'generator_32', 'similar_color_1', 'generator_33', 'similar_color_5', 'generator_34', 'generator_35', 'similar_color_12', 'similar_color_1', 'similar_color_3', 'generator_36', 'similar_color_9', 'generator_37', 'generator_3']
number opened: 1
TRIAL 39
Action chosen: (heart, blue)
Outcome: False
partcle ids: ['generator_22', 'generator_23', 'generator_24', 'color_match', 'generator_25', 'generator_26', 'generator_3', 'similar_color_14', 'generator_27', 'generator_28', 'similar_color_10', 'generator_29', 'similar_color_3', 'generator_30', 'similar_color_4', 'generator_31', 'similar_color_13', 'generator_32', 'similar_color_1', 'generator_33', 'similar_color_5', 'generator_34', 'generator_35', 'similar_color_12', 'similar_color_1', 'similar_color_3', 'generator_36', 'similar_color_9', 'generator_37', 'generator_3']
number opened: 1
TRIAL 40
Action chosen: (grey2, white)
Outcome: False
partcle ids: ['generator_22', 'generator_23', 'generator_24', 'color_match', 'generator_25', 'generator_26', 'generator_3', 'similar_color_14', 'generator_27', 'generator_28', 'similar_color_10', 'generator_29', 'similar_color_3', 'generator_30', 'similar_color_4', 'generator_31', 'similar_color_13', 'generator_32', 'similar_color_1', 'generator_33', 'similar_color_5', 'generator_34', 'generator_35', 'similar_color_12', 'similar_color_1', 'similar_color_3', 'generator_36', 'similar_color_9', 'generator_37', 'generator_3']
number opened: 1
TRIAL 41
Action chosen: (orange4, blue)
Outcome: False
partcle ids: ['generator_22', 'generator_23', 'generator_24', 'color_match', 'generator_25', 'generator_26', 'generator_3', 'similar_color_14', 'generator_27', 'generator_28', 'similar_color_10', 'generator_29', 'similar_color_3', 'generator_30', 'similar_color_4', 'generator_31', 'similar_color_13', 'generator_32', 'similar_color_1', 'generator_33', 'similar_color_5', 'generator_34', 'generator_35', 'similar_color_12', 'similar_color_1', 'similar_color_3', 'generator_36', 'similar_color_9', 'generator_37', 'generator_3']
number opened: 1
TRIAL 42
Action chosen: (white, white)
Outcome: False
partcle ids: ['generator_22', 'generator_23', 'generator_24', 'color_match', 'generator_25', 'generator_26', 'generator_3', 'similar_color_14', 'generator_27', 'generator_28', 'similar_color_10', 'generator_29', 'similar_color_3', 'generator_30', 'similar_color_4', 'generator_31', 'similar_color_13', 'generator_32', 'similar_color_1', 'generator_33', 'similar_color_5', 'generator_34', 'generator_35', 'similar_color_12', 'similar_color_1', 'similar_color_3', 'generator_36', 'similar_color_9', 'generator_37', 'generator_3']
number opened: 1
TRIAL 43
Action chosen: (grey2, blue)
Outcome: False
partcle ids: ['generator_22', 'generator_23', 'generator_24', 'color_match', 'generator_25', 'generator_26', 'generator_3', 'similar_color_14', 'generator_27', 'generator_28', 'similar_color_10', 'generator_29', 'similar_color_3', 'generator_30', 'similar_color_4', 'generator_31', 'similar_color_13', 'generator_32', 'similar_color_1', 'generator_33', 'similar_color_5', 'generator_34', 'generator_35', 'similar_color_12', 'similar_color_1', 'similar_color_3', 'generator_36', 'similar_color_9', 'generator_37', 'generator_3']
number opened: 1
TRIAL 44
Action chosen: (cloud, pink)
Outcome: False
partcle ids: ['generator_22', 'generator_23', 'generator_24', 'color_match', 'generator_25', 'generator_26', 'generator_3', 'similar_color_14', 'generator_27', 'generator_28', 'similar_color_10', 'generator_29', 'similar_color_3', 'generator_30', 'similar_color_4', 'generator_31', 'similar_color_13', 'generator_32', 'similar_color_1', 'generator_33', 'similar_color_5', 'generator_34', 'generator_35', 'similar_color_12', 'similar_color_1', 'similar_color_3', 'generator_36', 'similar_color_9', 'generator_37', 'generator_3']
number opened: 1
TRIAL 45
Action chosen: (cloud, white)
Outcome: False
partcle ids: ['generator_22', 'generator_23', 'generator_24', 'color_match', 'generator_25', 'generator_26', 'generator_3', 'similar_color_14', 'generator_27', 'generator_28', 'similar_color_10', 'generator_29', 'similar_color_3', 'generator_30', 'similar_color_4', 'generator_31', 'similar_color_13', 'generator_32', 'similar_color_1', 'generator_33', 'similar_color_5', 'generator_34', 'generator_35', 'similar_color_12', 'similar_color_1', 'similar_color_3', 'generator_36', 'similar_color_9', 'generator_37', 'generator_3']
number opened: 1
TRIAL 46
Action chosen: (triangle, pink)
Outcome: False
partcle ids: ['generator_22', 'generator_23', 'generator_24', 'color_match', 'generator_25', 'generator_26', 'generator_3', 'similar_color_14', 'generator_27', 'generator_28', 'similar_color_10', 'generator_29', 'similar_color_3', 'generator_30', 'similar_color_4', 'generator_31', 'similar_color_13', 'generator_32', 'similar_color_1', 'generator_33', 'similar_color_5', 'generator_34', 'generator_35', 'similar_color_12', 'similar_color_1', 'similar_color_3', 'generator_36', 'similar_color_9', 'generator_37', 'generator_3']
number opened: 1
TRIAL 47
Action chosen: (green3, blue)
Outcome: False
partcle ids: ['generator_22', 'generator_23', 'generator_24', 'color_match', 'generator_25', 'generator_26', 'generator_3', 'similar_color_14', 'generator_27', 'generator_28', 'similar_color_10', 'generator_29', 'similar_color_3', 'generator_30', 'similar_color_4', 'generator_31', 'similar_color_13', 'generator_32', 'similar_color_1', 'generator_33', 'similar_color_5', 'generator_34', 'generator_35', 'similar_color_12', 'similar_color_1', 'similar_color_3', 'generator_36', 'similar_color_9', 'generator_37', 'generator_3']
number opened: 1
TRIAL 48
Action chosen: (blue, blue)
Outcome: False
partcle ids: ['generator_22', 'generator_23', 'generator_24', 'color_match', 'generator_25', 'generator_26', 'generator_3', 'similar_color_14', 'generator_27', 'generator_28', 'similar_color_10', 'generator_29', 'similar_color_3', 'generator_30', 'similar_color_4', 'generator_31', 'similar_color_13', 'generator_32', 'similar_color_1', 'generator_33', 'similar_color_5', 'generator_34', 'generator_35', 'similar_color_12', 'similar_color_1', 'similar_color_3', 'generator_36', 'similar_color_9', 'generator_37', 'generator_3']
number opened: 1
TRIAL 49
Action chosen: (orange4, blue)
Outcome: False
partcle ids: ['generator_22', 'generator_23', 'generator_24', 'color_match', 'generator_25', 'generator_26', 'generator_3', 'similar_color_14', 'generator_27', 'generator_28', 'similar_color_10', 'generator_29', 'similar_color_3', 'generator_30', 'similar_color_4', 'generator_31', 'similar_color_13', 'generator_32', 'similar_color_1', 'generator_33', 'similar_color_5', 'generator_34', 'generator_35', 'similar_color_12', 'similar_color_1', 'similar_color_3', 'generator_36', 'similar_color_9', 'generator_37', 'generator_3']
number opened: 1
TRIAL 50
Action chosen: (heart, blue)
Outcome: False
partcle ids: ['generator_22', 'generator_23', 'generator_24', 'color_match', 'generator_25', 'generator_26', 'generator_3', 'similar_color_14', 'generator_27', 'generator_28', 'similar_color_10', 'generator_29', 'similar_color_3', 'generator_30', 'similar_color_4', 'generator_31', 'similar_color_13', 'generator_32', 'similar_color_1', 'generator_33', 'similar_color_5', 'generator_34', 'generator_35', 'similar_color_12', 'similar_color_1', 'similar_color_3', 'generator_36', 'similar_color_9', 'generator_37', 'generator_3']
number opened: 1
TRIAL 51
Action chosen: (cloud, pink)
Outcome: False
partcle ids: ['generator_22', 'generator_23', 'generator_24', 'color_match', 'generator_25', 'generator_26', 'generator_3', 'similar_color_14', 'generator_27', 'generator_28', 'similar_color_10', 'generator_29', 'similar_color_3', 'generator_30', 'similar_color_4', 'generator_31', 'similar_color_13', 'generator_32', 'similar_color_1', 'generator_33', 'similar_color_5', 'generator_34', 'generator_35', 'similar_color_12', 'similar_color_1', 'similar_color_3', 'generator_36', 'similar_color_9', 'generator_37', 'generator_3']
number opened: 1
TRIAL 52
Action chosen: (grey2, blue)
Outcome: False
partcle ids: ['generator_22', 'generator_23', 'generator_24', 'color_match', 'generator_25', 'generator_26', 'generator_3', 'similar_color_14', 'generator_27', 'generator_28', 'similar_color_10', 'generator_29', 'similar_color_3', 'generator_30', 'similar_color_4', 'generator_31', 'similar_color_13', 'generator_32', 'similar_color_1', 'generator_33', 'similar_color_5', 'generator_34', 'generator_35', 'similar_color_12', 'similar_color_1', 'similar_color_3', 'generator_36', 'similar_color_9', 'generator_37', 'generator_3']
number opened: 1
TRIAL 53
Action chosen: (green3, blue)
Outcome: False
partcle ids: ['generator_22', 'generator_23', 'generator_24', 'color_match', 'generator_25', 'generator_26', 'generator_3', 'similar_color_14', 'generator_27', 'generator_28', 'similar_color_10', 'generator_29', 'similar_color_3', 'generator_30', 'similar_color_4', 'generator_31', 'similar_color_13', 'generator_32', 'similar_color_1', 'generator_33', 'similar_color_5', 'generator_34', 'generator_35', 'similar_color_12', 'similar_color_1', 'similar_color_3', 'generator_36', 'similar_color_9', 'generator_37', 'generator_3']
number opened: 1
TRIAL 54
Action chosen: (triangle, purple)
Outcome: False
partcle ids: ['generator_22', 'generator_23', 'generator_24', 'color_match', 'generator_25', 'generator_26', 'generator_3', 'similar_color_14', 'generator_27', 'generator_28', 'similar_color_10', 'generator_29', 'similar_color_3', 'generator_30', 'similar_color_4', 'generator_31', 'similar_color_13', 'generator_32', 'similar_color_1', 'generator_33', 'similar_color_5', 'generator_34', 'generator_35', 'similar_color_12', 'similar_color_1', 'similar_color_3', 'generator_36', 'similar_color_9', 'generator_37', 'generator_3']
number opened: 1
TRIAL 55
Action chosen: (blue, blue)
Outcome: False
partcle ids: ['generator_22', 'generator_23', 'generator_24', 'color_match', 'generator_25', 'generator_26', 'generator_3', 'similar_color_14', 'generator_27', 'generator_28', 'similar_color_10', 'generator_29', 'similar_color_3', 'generator_30', 'similar_color_4', 'generator_31', 'similar_color_13', 'generator_32', 'similar_color_1', 'generator_33', 'similar_color_5', 'generator_34', 'generator_35', 'similar_color_12', 'similar_color_1', 'similar_color_3', 'generator_36', 'similar_color_9', 'generator_37', 'generator_3']
number opened: 1
TRIAL 56
Action chosen: (grey2, white)
Outcome: False
partcle ids: ['generator_22', 'generator_23', 'generator_24', 'color_match', 'generator_25', 'generator_26', 'generator_3', 'similar_color_14', 'generator_27', 'generator_28', 'similar_color_10', 'generator_29', 'similar_color_3', 'generator_30', 'similar_color_4', 'generator_31', 'similar_color_13', 'generator_32', 'similar_color_1', 'generator_33', 'similar_color_5', 'generator_34', 'generator_35', 'similar_color_12', 'similar_color_1', 'similar_color_3', 'generator_36', 'similar_color_9', 'generator_37', 'generator_3']
number opened: 1
TRIAL 57
Action chosen: (orange4, blue)
Outcome: False
partcle ids: ['generator_22', 'generator_23', 'generator_24', 'color_match', 'generator_25', 'generator_26', 'generator_3', 'similar_color_14', 'generator_27', 'generator_28', 'similar_color_10', 'generator_29', 'similar_color_3', 'generator_30', 'similar_color_4', 'generator_31', 'similar_color_13', 'generator_32', 'similar_color_1', 'generator_33', 'similar_color_5', 'generator_34', 'generator_35', 'similar_color_12', 'similar_color_1', 'similar_color_3', 'generator_36', 'similar_color_9', 'generator_37', 'generator_3']
number opened: 1
TRIAL 58
Action chosen: (heart, blue)
Outcome: False
partcle ids: ['generator_22', 'generator_23', 'generator_24', 'color_match', 'generator_25', 'generator_26', 'generator_3', 'similar_color_14', 'generator_27', 'generator_28', 'similar_color_10', 'generator_29', 'similar_color_3', 'generator_30', 'similar_color_4', 'generator_31', 'similar_color_13', 'generator_32', 'similar_color_1', 'generator_33', 'similar_color_5', 'generator_34', 'generator_35', 'similar_color_12', 'similar_color_1', 'similar_color_3', 'generator_36', 'similar_color_9', 'generator_37', 'generator_3']
number opened: 1
TRIAL 59
Action chosen: (grey2, blue)
Outcome: False
partcle ids: ['generator_22', 'generator_23', 'generator_24', 'color_match', 'generator_25', 'generator_26', 'generator_3', 'similar_color_14', 'generator_27', 'generator_28', 'similar_color_10', 'generator_29', 'similar_color_3', 'generator_30', 'similar_color_4', 'generator_31', 'similar_color_13', 'generator_32', 'similar_color_1', 'generator_33', 'similar_color_5', 'generator_34', 'generator_35', 'similar_color_12', 'similar_color_1', 'similar_color_3', 'generator_36', 'similar_color_9', 'generator_37', 'generator_3']
number opened: 1
TRIAL 60
Action chosen: (cloud, pink)
Outcome: False
partcle ids: ['generator_22', 'generator_23', 'generator_24', 'color_match', 'generator_25', 'generator_26', 'generator_3', 'similar_color_14', 'generator_27', 'generator_28', 'similar_color_10', 'generator_29', 'similar_color_3', 'generator_30', 'similar_color_4', 'generator_31', 'similar_color_13', 'generator_32', 'similar_color_1', 'generator_33', 'similar_color_5', 'generator_34', 'generator_35', 'similar_color_12', 'similar_color_1', 'similar_color_3', 'generator_36', 'similar_color_9', 'generator_37', 'generator_3']
number opened: 1
TRIAL 61
Action chosen: (blue, blue)
Outcome: False
partcle ids: ['generator_22', 'generator_23', 'generator_24', 'color_match', 'generator_25', 'generator_26', 'generator_3', 'similar_color_14', 'generator_27', 'generator_28', 'similar_color_10', 'generator_29', 'similar_color_3', 'generator_30', 'similar_color_4', 'generator_31', 'similar_color_13', 'generator_32', 'similar_color_1', 'generator_33', 'similar_color_5', 'generator_34', 'generator_35', 'similar_color_12', 'similar_color_1', 'similar_color_3', 'generator_36', 'similar_color_9', 'generator_37', 'generator_3']
number opened: 1
TRIAL 62
Action chosen: (cloud, white)
Outcome: False
partcle ids: ['generator_22', 'generator_23', 'generator_24', 'color_match', 'generator_25', 'generator_26', 'generator_3', 'similar_color_14', 'generator_27', 'generator_28', 'similar_color_10', 'generator_29', 'similar_color_3', 'generator_30', 'similar_color_4', 'generator_31', 'similar_color_13', 'generator_32', 'similar_color_1', 'generator_33', 'similar_color_5', 'generator_34', 'generator_35', 'similar_color_12', 'similar_color_1', 'similar_color_3', 'generator_36', 'similar_color_9', 'generator_37', 'generator_3']
number opened: 1
TRIAL 63
Action chosen: (green3, blue)
Outcome: False
partcle ids: ['generator_22', 'generator_23', 'generator_24', 'color_match', 'generator_25', 'generator_26', 'generator_3', 'similar_color_14', 'generator_27', 'generator_28', 'similar_color_10', 'generator_29', 'similar_color_3', 'generator_30', 'similar_color_4', 'generator_31', 'similar_color_13', 'generator_32', 'similar_color_1', 'generator_33', 'similar_color_5', 'generator_34', 'generator_35', 'similar_color_12', 'similar_color_1', 'similar_color_3', 'generator_36', 'similar_color_9', 'generator_37', 'generator_3']
number opened: 1
TRIAL 64
Action chosen: (triangle, pink)
Outcome: False
partcle ids: ['generator_22', 'generator_23', 'generator_24', 'color_match', 'generator_25', 'generator_26', 'generator_3', 'similar_color_14', 'generator_27', 'generator_28', 'similar_color_10', 'generator_29', 'similar_color_3', 'generator_30', 'similar_color_4', 'generator_31', 'similar_color_13', 'generator_32', 'similar_color_1', 'generator_33', 'similar_color_5', 'generator_34', 'generator_35', 'similar_color_12', 'similar_color_1', 'similar_color_3', 'generator_36', 'similar_color_9', 'generator_37', 'generator_3']
number opened: 1
TRIAL 65
Action chosen: (orange4, blue)
Outcome: False
partcle ids: ['generator_22', 'generator_23', 'generator_24', 'color_match', 'generator_25', 'generator_26', 'generator_3', 'similar_color_14', 'generator_27', 'generator_28', 'similar_color_10', 'generator_29', 'similar_color_3', 'generator_30', 'similar_color_4', 'generator_31', 'similar_color_13', 'generator_32', 'similar_color_1', 'generator_33', 'similar_color_5', 'generator_34', 'generator_35', 'similar_color_12', 'similar_color_1', 'similar_color_3', 'generator_36', 'similar_color_9', 'generator_37', 'generator_3']
number opened: 1
TRIAL 66
Action chosen: (heart, blue)
Outcome: False
partcle ids: ['generator_22', 'generator_23', 'generator_24', 'color_match', 'generator_25', 'generator_26', 'generator_3', 'similar_color_14', 'generator_27', 'generator_28', 'similar_color_10', 'generator_29', 'similar_color_3', 'generator_30', 'similar_color_4', 'generator_31', 'similar_color_13', 'generator_32', 'similar_color_1', 'generator_33', 'similar_color_5', 'generator_34', 'generator_35', 'similar_color_12', 'similar_color_1', 'similar_color_3', 'generator_36', 'similar_color_9', 'generator_37', 'generator_3']
number opened: 1
TRIAL 67
Action chosen: (triangle, purple)
Outcome: False
partcle ids: ['generator_22', 'generator_23', 'generator_24', 'color_match', 'generator_25', 'generator_26', 'generator_3', 'similar_color_14', 'generator_27', 'generator_28', 'similar_color_10', 'generator_29', 'similar_color_3', 'generator_30', 'similar_color_4', 'generator_31', 'similar_color_13', 'generator_32', 'similar_color_1', 'generator_33', 'similar_color_5', 'generator_34', 'generator_35', 'similar_color_12', 'similar_color_1', 'similar_color_3', 'generator_36', 'similar_color_9', 'generator_37', 'generator_3']
number opened: 1
TRIAL 68
Action chosen: (blue, blue)
Outcome: False
partcle ids: ['generator_22', 'generator_23', 'generator_24', 'color_match', 'generator_25', 'generator_26', 'generator_3', 'similar_color_14', 'generator_27', 'generator_28', 'similar_color_10', 'generator_29', 'similar_color_3', 'generator_30', 'similar_color_4', 'generator_31', 'similar_color_13', 'generator_32', 'similar_color_1', 'generator_33', 'similar_color_5', 'generator_34', 'generator_35', 'similar_color_12', 'similar_color_1', 'similar_color_3', 'generator_36', 'similar_color_9', 'generator_37', 'generator_3']
number opened: 1
TRIAL 69
Action chosen: (grey2, blue)
Outcome: False
partcle ids: ['generator_22', 'generator_23', 'generator_24', 'color_match', 'generator_25', 'generator_26', 'generator_3', 'similar_color_14', 'generator_27', 'generator_28', 'similar_color_10', 'generator_29', 'similar_color_3', 'generator_30', 'similar_color_4', 'generator_31', 'similar_color_13', 'generator_32', 'similar_color_1', 'generator_33', 'similar_color_5', 'generator_34', 'generator_35', 'similar_color_12', 'similar_color_1', 'similar_color_3', 'generator_36', 'similar_color_9', 'generator_37', 'generator_3']
number opened: 1
TRIAL 70
Action chosen: (cloud, pink)
Outcome: False
partcle ids: ['generator_22', 'generator_23', 'generator_24', 'color_match', 'generator_25', 'generator_26', 'generator_3', 'similar_color_14', 'generator_27', 'generator_28', 'similar_color_10', 'generator_29', 'similar_color_3', 'generator_30', 'similar_color_4', 'generator_31', 'similar_color_13', 'generator_32', 'similar_color_1', 'generator_33', 'similar_color_5', 'generator_34', 'generator_35', 'similar_color_12', 'similar_color_1', 'similar_color_3', 'generator_36', 'similar_color_9', 'generator_37', 'generator_3']
number opened: 1
{"attempts": 70, "unique_key_box_pairs": 16, "revisit_attempts": 54, "revisit_rate": 0.782608695652174, "attempts_before_abandoning_color_matching": 3, "color_matching_abandoned": true}
