{"Child_ID": "D052", "SoC_variant": "SoC-Gen", "theta": [19, 1], "p_gen": 0.8, "true_prior": 0.02, "run_number": 43, "seed": 8622765135492077466}
TRIAL 1
Action chosen: (red, red)
Outcome: True
partcle ids: ['similar_color_6', 'generator_22', 'similar_color_8', 'generator_23', 'generator_24', 'generator_25', 'generator_26', 'similar_color_14', 'generator_27', 'generator_28', 'generator_29', 'similar_color_2', 'generator_30', 'color_match', 'generator_31', 'generator_32', 'generator_33', 'generator_34', 'generator_35', 'generator_36', 'generator_37', 'generator_38', 'number_match', 'similar_color_4', 'similar_color_10', 'similar_color_3', 'similar_color_4', 'generator_39', 'similar_color_11', 'generator_40']
number opened: 1
TRIAL 2
Action chosen: (purple, purple)
Outcome: False
partcle ids: ['similar_color_6', 'generator_22', 'similar_color_8', 'generator_23', 'generator_24', 'generator_25', 'generator_26', 'similar_color_14', 'generator_27', 'generator_28', 'generator_29', 'similar_color_2', 'generator_30', 'color_match', 'generator_31', 'generator_32', 'generator_33', 'generator_34', 'generator_35', 'generator_36', 'generator_37', 'generator_38', 'number_match', 'similar_color_4', 'similar_color_10', 'similar_color_3', 'similar_color_4', 'generator_39', 'similar_color_11', 'generator_40']
number opened: 1
TRIAL 3
Action chosen: (blue, white)
Outcome: False
partcle ids: ['similar_color_6', 'generator_22', 'similar_color_8', 'generator_23', 'generator_24', 'generator_25', 'generator_26', 'similar_color_14', 'generator_27', 'generator_28', 'generator_29', 'similar_color_2', 'generator_30', 'color_match', 'generator_31', 'generator_32', 'generator_33', 'generator_34', 'generator_35', 'generator_36', 'generator_37', 'generator_38', 'number_match', 'similar_color_4', 'similar_color_10', 'similar_color_3', 'similar_color_4', 'generator_39', 'similar_color_11', 'generator_40']
number opened: 1
TRIAL 4
Action chosen: (blue, purple)
Outcome: False
partcle ids: ['generator_29', 'generator_25', 'generator_25', 'generator_41', 'generator_42', 'generator_39', 'generator_26', 'generator_43', 'generator_44', 'generator_45', 'generator_26', 'generator_46', 'generator_47', 'generator_36', 'generator_49', 'generator_39', 'generator_51', 'generator_26', 'generator_26', 'generator_53', 'generator_54', 'generator_22', 'generator_55', 'generator_26', 'generator_57', 'generator_30', 'generator_58', 'generator_59', 'generator_60', 'generator_61']
number opened: 1
TRIAL 5
Action chosen: (pink, pink)
Outcome: False
partcle ids: ['generator_29', 'generator_25', 'generator_25', 'generator_41', 'generator_42', 'generator_39', 'generator_26', 'generator_43', 'generator_44', 'generator_45', 'generator_26', 'generator_46', 'generator_47', 'generator_36', 'generator_49', 'generator_39', 'generator_51', 'generator_26', 'generator_26', 'generator_53', 'generator_54', 'generator_22', 'generator_55', 'generator_26', 'generator_57', 'generator_30', 'generator_58', 'generator_59', 'generator_60', 'generator_61']
number opened: 1
TRIAL 6
Action chosen: (white, blue)
Outcome: False
partcle ids: ['generator_29', 'generator_25', 'generator_25', 'generator_41', 'generator_42', 'generator_39', 'generator_26', 'generator_43', 'generator_44', 'generator_45', 'generator_26', 'generator_46', 'generator_47', 'generator_36', 'generator_49', 'generator_39', 'generator_51', 'generator_26', 'generator_26', 'generator_53', 'generator_54', 'generator_22', 'generator_55', 'generator_26', 'generator_57', 'generator_30', 'generator_58', 'generator_59', 'generator_60', 'generator_61']
number opened: 1
TRIAL 7
Action chosen: (triangle, purple)
Outcome: False
partcle ids: ['generator_41', 'generator_63', 'generator_64', 'generator_41', 'generator_66', 'generator_41', 'generator_47', 'generator_68', 'generator_60', 'generator_70', 'generator_22', 'generator_72', 'generator_41', 'generator_73', 'generator_74', 'generator_57', 'generator_76', 'generator_29', 'generator_78', 'generator_57', 'generator_61', 'generator_80', 'generator_81', 'generator_41', 'generator_82', 'generator_83', 'generator_60', 'generator_84', 'generator_36', 'generator_86']
number opened: 1
TRIAL 8
Action chosen: (white, white)
Outcome: False
partcle ids: ['generator_41', 'generator_63', 'generator_64', 'generator_41', 'generator_66', 'generator_41', 'generator_47', 'generator_68', 'generator_60', 'generator_70', 'generator_22', 'generator_72', 'generator_41', 'generator_73', 'generator_74', 'generator_57', 'generator_76', 'generator_29', 'generator_78', 'generator_57', 'generator_61', 'generator_80', 'generator_81', 'generator_41', 'generator_82', 'generator_83', 'generator_60', 'generator_84', 'generator_36', 'generator_86']
number opened: 1
TRIAL 9
Action chosen: (grey2, white)
Outcome: False
partcle ids: ['generator_41', 'generator_63', 'generator_64', 'generator_41', 'generator_66', 'generator_41', 'generator_47', 'generator_68', 'generator_60', 'generator_70', 'generator_22', 'generator_72', 'generator_41', 'generator_73', 'generator_74', 'generator_57', 'generator_76', 'generator_29', 'generator_78', 'generator_57', 'generator_61', 'generator_80', 'generator_81', 'generator_41', 'generator_82', 'generator_83', 'generator_60', 'generator_84', 'generator_36', 'generator_86']
number opened: 1
TRIAL 10
Action chosen: (triangle, pink)
Outcome: False
partcle ids: ['generator_80', 'generator_64', 'generator_29', 'generator_80', 'generator_86', 'generator_84', 'generator_84', 'generator_84', 'generator_29', 'generator_64', 'generator_94', 'generator_95', 'generator_96', 'generator_97', 'generator_98', 'generator_36', 'generator_83', 'generator_100', 'generator_64', 'generator_102', 'generator_103', 'generator_36', 'generator_105', 'generator_106', 'generator_64', 'generator_29', 'generator_78', 'generator_84', 'generator_110', 'generator_78']
number opened: 1
TRIAL 11
Action chosen: (white, pink)
Outcome: False
partcle ids: ['generator_80', 'generator_64', 'generator_29', 'generator_80', 'generator_86', 'generator_84', 'generator_84', 'generator_84', 'generator_29', 'generator_64', 'generator_94', 'generator_95', 'generator_96', 'generator_97', 'generator_98', 'generator_36', 'generator_83', 'generator_100', 'generator_64', 'generator_102', 'generator_103', 'generator_36', 'generator_105', 'generator_106', 'generator_64', 'generator_29', 'generator_78', 'generator_84', 'generator_110', 'generator_78']
number opened: 1
TRIAL 12
Action chosen: (white, purple)
Outcome: False
partcle ids: ['generator_80', 'generator_64', 'generator_29', 'generator_80', 'generator_86', 'generator_84', 'generator_84', 'generator_84', 'generator_29', 'generator_64', 'generator_94', 'generator_95', 'generator_96', 'generator_97', 'generator_98', 'generator_36', 'generator_83', 'generator_100', 'generator_64', 'generator_102', 'generator_103', 'generator_36', 'generator_105', 'generator_106', 'generator_64', 'generator_29', 'generator_78', 'generator_84', 'generator_110', 'generator_78']
number opened: 1
TRIAL 13
Action chosen: (heart, purple)
Outcome: False
partcle ids: ['generator_98', 'generator_29', 'generator_100', 'generator_86', 'generator_106', 'generator_98', 'generator_94', 'generator_94', 'generator_106', 'generator_110', 'generator_103', 'generator_103', 'generator_103', 'generator_106', 'generator_94', 'generator_123', 'generator_100', 'generator_125', 'generator_100', 'generator_127', 'generator_128', 'generator_86', 'generator_130', 'generator_97', 'generator_83', 'generator_86', 'generator_133', 'generator_98', 'generator_29', 'generator_135']
number opened: 1
TRIAL 14
Action chosen: (orange4, purple)
Outcome: False
partcle ids: ['generator_98', 'generator_29', 'generator_100', 'generator_86', 'generator_106', 'generator_98', 'generator_94', 'generator_94', 'generator_106', 'generator_110', 'generator_103', 'generator_103', 'generator_103', 'generator_106', 'generator_94', 'generator_123', 'generator_100', 'generator_125', 'generator_100', 'generator_127', 'generator_128', 'generator_86', 'generator_130', 'generator_97', 'generator_83', 'generator_86', 'generator_133', 'generator_98', 'generator_29', 'generator_135']
number opened: 1
TRIAL 15
Action chosen: (grey2, purple)
Outcome: False
partcle ids: ['generator_98', 'generator_29', 'generator_100', 'generator_86', 'generator_106', 'generator_98', 'generator_94', 'generator_94', 'generator_106', 'generator_110', 'generator_103', 'generator_103', 'generator_103', 'generator_106', 'generator_94', 'generator_123', 'generator_100', 'generator_125', 'generator_100', 'generator_127', 'generator_128', 'generator_86', 'generator_130', 'generator_97', 'generator_83', 'generator_86', 'generator_133', 'generator_98', 'generator_29', 'generator_135']
number opened: 1
TRIAL 16
Action chosen: (grey2, blue)
Outcome: False
partcle ids: ['generator_136', 'generator_128', 'generator_138', 'generator_130', 'generator_110', 'generator_130', 'generator_140', 'generator_97', 'generator_142', 'generator_100', 'generator_130', 'generator_128', 'generator_135', 'generator_97', 'generator_97', 'generator_100', 'generator_146', 'generator_147', 'generator_98', 'generator_97', 'generator_123', 'generator_125', 'generator_100', 'generator_130', 'generator_152', 'generator_153', 'generator_123', 'generator_130', 'generator_100', 'generator_97']
number opened: 1
TRIAL 17
Action chosen: (diamond, pink)
Outcome: False
partcle ids: ['generator_136', 'generator_128', 'generator_138', 'generator_130', 'generator_110', 'generator_130', 'generator_140', 'generator_97', 'generator_142', 'generator_100', 'generator_130', 'generator_128', 'generator_135', 'generator_97', 'generator_97', 'generator_100', 'generator_146', 'generator_147', 'generator_98', 'generator_97', 'generator_123', 'generator_125', 'generator_100', 'generator_130', 'generator_152', 'generator_153', 'generator_123', 'generator_130', 'generator_100', 'generator_97']
number opened: 1
TRIAL 18
Action chosen: (diamond, purple)
Outcome: False
partcle ids: ['generator_136', 'generator_128', 'generator_138', 'generator_130', 'generator_110', 'generator_130', 'generator_140', 'generator_97', 'generator_142', 'generator_100', 'generator_130', 'generator_128', 'generator_135', 'generator_97', 'generator_97', 'generator_100', 'generator_146', 'generator_147', 'generator_98', 'generator_97', 'generator_123', 'generator_125', 'generator_100', 'generator_130', 'generator_152', 'generator_153', 'generator_123', 'generator_130', 'generator_100', 'generator_97']
number opened: 1
TRIAL 19
Action chosen: (diamond, white)
Outcome: False
partcle ids: ['generator_146', 'generator_123', 'generator_153', 'generator_97', 'generator_147', 'generator_160', 'generator_161', 'generator_152', 'generator_162', 'generator_136', 'generator_123', 'generator_164', 'generator_135', 'generator_166', 'generator_136', 'generator_98', 'generator_123', 'generator_146', 'generator_170', 'generator_171', 'generator_172', 'generator_173', 'generator_174', 'generator_175', 'generator_136', 'generator_147', 'generator_135', 'generator_140', 'generator_152', 'generator_142']
number opened: 1
TRIAL 20
Action chosen: (yellow5, purple)
Outcome: False
partcle ids: ['generator_146', 'generator_123', 'generator_153', 'generator_97', 'generator_147', 'generator_160', 'generator_161', 'generator_152', 'generator_162', 'generator_136', 'generator_123', 'generator_164', 'generator_135', 'generator_166', 'generator_136', 'generator_98', 'generator_123', 'generator_146', 'generator_170', 'generator_171', 'generator_172', 'generator_173', 'generator_174', 'generator_175', 'generator_136', 'generator_147', 'generator_135', 'generator_140', 'generator_152', 'generator_142']
number opened: 1
TRIAL 21
Action chosen: (grey2, pink)
Outcome: True
partcle ids: ['generator_181', 'generator_149', 'generator_146', 'generator_146', 'generator_97', 'generator_184', 'generator_185', 'generator_186', 'generator_187', 'generator_188', 'generator_166', 'generator_190', 'generator_191', 'generator_192', 'generator_193', 'generator_166', 'generator_194', 'generator_195', 'generator_196', 'generator_197', 'generator_198', 'generator_199', 'generator_200', 'generator_201', 'generator_202', 'generator_203', 'generator_204', 'generator_205', 'generator_206', 'generator_207']
number opened: 2
TRIAL 22
Action chosen: (white, purple)
Outcome: False
partcle ids: ['generator_181', 'generator_149', 'generator_146', 'generator_146', 'generator_97', 'generator_184', 'generator_185', 'generator_186', 'generator_187', 'generator_188', 'generator_166', 'generator_190', 'generator_191', 'generator_192', 'generator_193', 'generator_166', 'generator_194', 'generator_195', 'generator_196', 'generator_197', 'generator_198', 'generator_199', 'generator_200', 'generator_201', 'generator_202', 'generator_203', 'generator_204', 'generator_205', 'generator_206', 'generator_207']
number opened: 2
TRIAL 23
Action chosen: (diamond, purple)
Outcome: False
partcle ids: ['generator_181', 'generator_149', 'generator_146', 'generator_146', 'generator_97', 'generator_184', 'generator_185', 'generator_186', 'generator_187', 'generator_188', 'generator_166', 'generator_190', 'generator_191', 'generator_192', 'generator_193', 'generator_166', 'generator_194', 'generator_195', 'generator_196', 'generator_197', 'generator_198', 'generator_199', 'generator_200', 'generator_201', 'generator_202', 'generator_203', 'generator_204', 'generator_205', 'generator_206', 'generator_207']
number opened: 2
TRIAL 24
Action chosen: (blue, purple)
Outcome: False
partcle ids: ['generator_181', 'generator_149', 'generator_146', 'generator_146', 'generator_97', 'generator_184', 'generator_185', 'generator_186', 'generator_187', 'generator_188', 'generator_166', 'generator_190', 'generator_191', 'generator_192', 'generator_193', 'generator_166', 'generator_194', 'generator_195', 'generator_196', 'generator_197', 'generator_198', 'generator_199', 'generator_200', 'generator_201', 'generator_202', 'generator_203', 'generator_204', 'generator_205', 'generator_206', 'generator_207']
number opened: 2
TRIAL 25
Action chosen: (heart, white)
Outcome: False
partcle ids: ['generator_208', 'generator_196', 'generator_210', 'generator_203', 'generator_202', 'generator_200', 'generator_185', 'number_match', 'generator_203', 'generator_203', 'generator_149', 'generator_185', 'generator_161', 'generator_200', 'generator_199', 'generator_199', 'generator_199', 'generator_203', 'generator_199', 'generator_203', 'generator_196', 'generator_225', 'generator_226', 'generator_227', 'generator_199', 'generator_229', 'generator_196', 'generator_230', 'generator_203', 'generator_198']
number opened: 2
TRIAL 26
Action chosen: (orange4, purple)
Outcome: False
partcle ids: ['generator_208', 'generator_196', 'generator_210', 'generator_203', 'generator_202', 'generator_200', 'generator_185', 'number_match', 'generator_203', 'generator_203', 'generator_149', 'generator_185', 'generator_161', 'generator_200', 'generator_199', 'generator_199', 'generator_199', 'generator_203', 'generator_199', 'generator_203', 'generator_196', 'generator_225', 'generator_226', 'generator_227', 'generator_199', 'generator_229', 'generator_196', 'generator_230', 'generator_203', 'generator_198']
number opened: 2
TRIAL 27
Action chosen: (cloud, white)
Outcome: False
partcle ids: ['generator_208', 'generator_196', 'generator_210', 'generator_203', 'generator_202', 'generator_200', 'generator_185', 'number_match', 'generator_203', 'generator_203', 'generator_149', 'generator_185', 'generator_161', 'generator_200', 'generator_199', 'generator_199', 'generator_199', 'generator_203', 'generator_199', 'generator_203', 'generator_196', 'generator_225', 'generator_226', 'generator_227', 'generator_199', 'generator_229', 'generator_196', 'generator_230', 'generator_203', 'generator_198']
number opened: 2
TRIAL 28
Action chosen: (purple, purple)
Outcome: False
partcle ids: ['generator_198', 'generator_234', 'generator_229', 'generator_196', 'generator_225', 'generator_208', 'generator_161', 'generator_198', 'generator_202', 'generator_240', 'generator_226', 'generator_198', 'generator_161', 'generator_242', 'generator_161', 'generator_210', 'generator_245', 'generator_208', 'generator_226', 'generator_248', 'generator_249', 'generator_185', 'generator_198', 'generator_252', 'number_match', 'generator_229', 'generator_255', 'generator_225', 'generator_257', 'generator_225']
number opened: 2
TRIAL 29
Action chosen: (green3, white)
Outcome: False
partcle ids: ['generator_198', 'generator_234', 'generator_229', 'generator_196', 'generator_225', 'generator_208', 'generator_161', 'generator_198', 'generator_202', 'generator_240', 'generator_226', 'generator_198', 'generator_161', 'generator_242', 'generator_161', 'generator_210', 'generator_245', 'generator_208', 'generator_226', 'generator_248', 'generator_249', 'generator_185', 'generator_198', 'generator_252', 'number_match', 'generator_229', 'generator_255', 'generator_225', 'generator_257', 'generator_225']
number opened: 2
TRIAL 30
Action chosen: (pink, white)
Outcome: False
partcle ids: ['generator_198', 'generator_234', 'generator_229', 'generator_196', 'generator_225', 'generator_208', 'generator_161', 'generator_198', 'generator_202', 'generator_240', 'generator_226', 'generator_198', 'generator_161', 'generator_242', 'generator_161', 'generator_210', 'generator_245', 'generator_208', 'generator_226', 'generator_248', 'generator_249', 'generator_185', 'generator_198', 'generator_252', 'number_match', 'generator_229', 'generator_255', 'generator_225', 'generator_257', 'generator_225']
number opened: 2
TRIAL 31
Action chosen: (pink, purple)
Outcome: False
partcle ids: ['number_match', 'generator_259', 'generator_260', 'generator_245', 'generator_262', 'generator_257', 'generator_202', 'generator_264', 'generator_265', 'generator_266', 'generator_202', 'generator_252', 'generator_257', 'generator_252', 'generator_191', 'generator_185', 'generator_272', 'generator_273', 'generator_274', 'generator_202', 'generator_275', 'generator_276', 'generator_277', 'generator_278', 'generator_240', 'generator_280', 'number_match', 'generator_282', 'generator_283', 'generator_240']
number opened: 2
TRIAL 32
Action chosen: (orange4, white)
Outcome: True
partcle ids: ['generator_285', 'generator_252', 'generator_286', 'generator_265', 'generator_288', 'generator_259', 'generator_252', 'generator_291', 'generator_275', 'generator_293', 'generator_252', 'generator_295', 'generator_259', 'number_match', 'generator_258', 'generator_259', 'generator_265', 'generator_300', 'number_match', 'generator_289', 'generator_296', 'generator_252', 'generator_289', 'generator_303', 'generator_252', 'generator_273', 'generator_275', 'generator_252', 'generator_273', 'generator_277']
number opened: 3
TRIAL 33
Action chosen: (cloud, purple)
Outcome: False
partcle ids: ['generator_285', 'generator_252', 'generator_286', 'generator_265', 'generator_288', 'generator_259', 'generator_252', 'generator_291', 'generator_275', 'generator_293', 'generator_252', 'generator_295', 'generator_259', 'number_match', 'generator_258', 'generator_259', 'generator_265', 'generator_300', 'number_match', 'generator_289', 'generator_296', 'generator_252', 'generator_289', 'generator_303', 'generator_252', 'generator_273', 'generator_275', 'generator_252', 'generator_273', 'generator_277']
number opened: 3
TRIAL 34
Action chosen: (yellow5, purple)
Outcome: False
partcle ids: ['generator_285', 'generator_252', 'generator_286', 'generator_265', 'generator_288', 'generator_259', 'generator_252', 'generator_291', 'generator_275', 'generator_293', 'generator_252', 'generator_295', 'generator_259', 'number_match', 'generator_258', 'generator_259', 'generator_265', 'generator_300', 'number_match', 'generator_289', 'generator_296', 'generator_252', 'generator_289', 'generator_303', 'generator_252', 'generator_273', 'generator_275', 'generator_252', 'generator_273', 'generator_277']
number opened: 3
TRIAL 35
Action chosen: (green3, purple)
Outcome: True
partcle ids: ['number_match', 'generator_288', 'generator_305', 'generator_305', 'generator_306', 'generator_305', 'generator_307', 'generator_288', 'generator_291', 'generator_291', 'generator_305', 'generator_306', 'generator_306', 'generator_291', 'generator_306', 'generator_308', 'generator_306', 'generator_305', 'generator_309', 'generator_308', 'generator_307', 'generator_309', 'generator_306', 'number_match', 'generator_291', 'generator_291', 'generator_288', 'generator_310', 'generator_305', 'generator_307']
number opened: 4
TRIAL 36
Action chosen: (pink, blue)
Outcome: False
partcle ids: ['number_match', 'generator_288', 'generator_305', 'generator_305', 'generator_306', 'generator_305', 'generator_307', 'generator_288', 'generator_291', 'generator_291', 'generator_305', 'generator_306', 'generator_306', 'generator_291', 'generator_306', 'generator_308', 'generator_306', 'generator_305', 'generator_309', 'generator_308', 'generator_307', 'generator_309', 'generator_306', 'number_match', 'generator_291', 'generator_291', 'generator_288', 'generator_310', 'generator_305', 'generator_307']
number opened: 4
TRIAL 37
Action chosen: (blue, blue)
Outcome: False
partcle ids: ['number_match', 'generator_288', 'generator_305', 'generator_305', 'generator_306', 'generator_305', 'generator_307', 'generator_288', 'generator_291', 'generator_291', 'generator_305', 'generator_306', 'generator_306', 'generator_291', 'generator_306', 'generator_308', 'generator_306', 'generator_305', 'generator_309', 'generator_308', 'generator_307', 'generator_309', 'generator_306', 'number_match', 'generator_291', 'generator_291', 'generator_288', 'generator_310', 'generator_305', 'generator_307']
number opened: 4
TRIAL 38
Action chosen: (triangle, blue)
Outcome: False
partcle ids: ['generator_310', 'generator_291', 'number_match', 'generator_307', 'generator_310', 'number_match', 'generator_307', 'generator_309', 'number_match', 'generator_308', 'generator_309', 'generator_307', 'number_match', 'generator_308', 'generator_308', 'generator_310', 'generator_307', 'generator_310', 'generator_307', 'generator_308', 'generator_310', 'generator_308', 'generator_310', 'generator_308', 'generator_308', 'generator_291', 'generator_310', 'generator_310', 'generator_307', 'generator_310']
number opened: 4
TRIAL 39
Action chosen: (diamond, blue)
Outcome: False
partcle ids: ['generator_310', 'generator_291', 'number_match', 'generator_307', 'generator_310', 'number_match', 'generator_307', 'generator_309', 'number_match', 'generator_308', 'generator_309', 'generator_307', 'number_match', 'generator_308', 'generator_308', 'generator_310', 'generator_307', 'generator_310', 'generator_307', 'generator_308', 'generator_310', 'generator_308', 'generator_310', 'generator_308', 'generator_308', 'generator_291', 'generator_310', 'generator_310', 'generator_307', 'generator_310']
number opened: 4
TRIAL 40
Action chosen: (heart, blue)
Outcome: False
partcle ids: ['generator_310', 'generator_291', 'number_match', 'generator_307', 'generator_310', 'number_match', 'generator_307', 'generator_309', 'number_match', 'generator_308', 'generator_309', 'generator_307', 'number_match', 'generator_308', 'generator_308', 'generator_310', 'generator_307', 'generator_310', 'generator_307', 'generator_308', 'generator_310', 'generator_308', 'generator_310', 'generator_308', 'generator_308', 'generator_291', 'generator_310', 'generator_310', 'generator_307', 'generator_310']
number opened: 4
TRIAL 41
Action chosen: (cloud, blue)
Outcome: False
partcle ids: ['number_match', 'generator_310', 'number_match', 'generator_306', 'generator_309', 'number_match', 'generator_288', 'number_match', 'generator_307', 'number_match', 'generator_309', 'generator_309', 'generator_309', 'number_match', 'generator_306', 'generator_307', 'number_match', 'generator_309', 'generator_309', 'generator_306', 'generator_288', 'generator_309', 'number_match', 'generator_308', 'number_match', 'generator_309', 'generator_306', 'generator_307', 'generator_310', 'generator_309']
number opened: 4
TRIAL 42
Action chosen: (yellow5, blue)
Outcome: True
partcle ids: ['number_match', 'number_match', 'number_match', 'number_match', 'number_match', 'number_match', 'number_match', 'number_match', 'number_match', 'number_match', 'number_match', 'number_match', 'number_match', 'number_match', 'number_match', 'number_match', 'number_match', 'number_match', 'number_match', 'number_match', 'number_match', 'number_match', 'number_match', 'number_match', 'number_match', 'number_match', 'number_match', 'number_match', 'number_match', 'number_match']
number opened: 5
{"attempts": 42, "unique_key_box_pairs": 36, "revisit_attempts": 6, "revisit_rate": 0.14634146341463414, "attempts_before_abandoning_color_matching": 2, "color_matching_abandoned": true}
