{"Child_ID": "D019", "SoC_variant": "SoC-Gen", "theta": [19, 1], "p_gen": 0.8, "true_prior": 0.02, "run_number": 96, "seed": 2565301357700211029}
TRIAL 1
Action chosen: (purple, purple)
Outcome: False
partcle ids: ['generator_1', 'generator_2', 'similar_color_2', 'generator_3', 'generator_4', 'generator_5', 'generator_6', 'generator_7', 'generator_8', 'color_match', 'similar_color_4', 'generator_9', 'generator_10', 'generator_11', 'generator_12', 'similar_color_11', 'similar_color_10', 'generator_13', 'generator_14', 'generator_15', 'generator_16', 'generator_17', 'shape_match', 'generator_18', 'generator_19', 'generator_20', 'generator_21', 'similar_color_8', 'similar_color_12', 'generator_22']
number opened: 0
TRIAL 2
Action chosen: (grey2, purple)
Outcome: False
partcle ids: ['generator_23', 'generator_24', 'generator_25', 'generator_26', 'generator_27', 'generator_28', 'similar_color_1', 'generator_29', 'generator_30', 'generator_31', 'generator_32', 'generator_33', 'generator_19', 'generator_34', 'generator_5', 'generator_35', 'generator_36', 'generator_37', 'generator_2', 'generator_39', 'generator_40', 'generator_10', 'generator_41', 'generator_42', 'generator_43', 'generator_44', 'generator_45', 'generator_46', 'generator_16', 'generator_36']
number opened: 0
TRIAL 3
Action chosen: (pink, pink)
Outcome: False
partcle ids: ['generator_23', 'generator_24', 'generator_25', 'generator_26', 'generator_27', 'generator_28', 'similar_color_1', 'generator_29', 'generator_30', 'generator_31', 'generator_32', 'generator_33', 'generator_19', 'generator_34', 'generator_5', 'generator_35', 'generator_36', 'generator_37', 'generator_2', 'generator_39', 'generator_40', 'generator_10', 'generator_41', 'generator_42', 'generator_43', 'generator_44', 'generator_45', 'generator_46', 'generator_16', 'generator_36']
number opened: 0
TRIAL 4
Action chosen: (grey2, red)
Outcome: False
partcle ids: ['generator_23', 'generator_24', 'generator_25', 'generator_26', 'generator_27', 'generator_28', 'similar_color_1', 'generator_29', 'generator_30', 'generator_31', 'generator_32', 'generator_33', 'generator_19', 'generator_34', 'generator_5', 'generator_35', 'generator_36', 'generator_37', 'generator_2', 'generator_39', 'generator_40', 'generator_10', 'generator_41', 'generator_42', 'generator_43', 'generator_44', 'generator_45', 'generator_46', 'generator_16', 'generator_36']
number opened: 0
TRIAL 5
Action chosen: (grey2, white)
Outcome: False
partcle ids: ['generator_23', 'generator_24', 'generator_25', 'generator_26', 'generator_27', 'generator_28', 'similar_color_1', 'generator_29', 'generator_30', 'generator_31', 'generator_32', 'generator_33', 'generator_19', 'generator_34', 'generator_5', 'generator_35', 'generator_36', 'generator_37', 'generator_2', 'generator_39', 'generator_40', 'generator_10', 'generator_41', 'generator_42', 'generator_43', 'generator_44', 'generator_45', 'generator_46', 'generator_16', 'generator_36']
number opened: 0
TRIAL 6
Action chosen: (pink, red)
Outcome: False
partcle ids: ['generator_47', 'generator_10', 'generator_48', 'generator_49', 'generator_45', 'generator_50', 'generator_51', 'generator_52', 'generator_53', 'generator_54', 'generator_55', 'generator_5', 'generator_23', 'generator_57', 'generator_36', 'generator_58', 'generator_30', 'generator_60', 'generator_61', 'generator_62', 'generator_63', 'generator_64', 'generator_25', 'generator_37', 'generator_5', 'generator_66', 'generator_28', 'generator_68', 'generator_69', 'generator_70']
number opened: 0
TRIAL 7
Action chosen: (cloud, red)
Outcome: False
partcle ids: ['generator_47', 'generator_10', 'generator_48', 'generator_49', 'generator_45', 'generator_50', 'generator_51', 'generator_52', 'generator_53', 'generator_54', 'generator_55', 'generator_5', 'generator_23', 'generator_57', 'generator_36', 'generator_58', 'generator_30', 'generator_60', 'generator_61', 'generator_62', 'generator_63', 'generator_64', 'generator_25', 'generator_37', 'generator_5', 'generator_66', 'generator_28', 'generator_68', 'generator_69', 'generator_70']
number opened: 0
TRIAL 8
Action chosen: (purple, red)
Outcome: False
partcle ids: ['generator_47', 'generator_10', 'generator_48', 'generator_49', 'generator_45', 'generator_50', 'generator_51', 'generator_52', 'generator_53', 'generator_54', 'generator_55', 'generator_5', 'generator_23', 'generator_57', 'generator_36', 'generator_58', 'generator_30', 'generator_60', 'generator_61', 'generator_62', 'generator_63', 'generator_64', 'generator_25', 'generator_37', 'generator_5', 'generator_66', 'generator_28', 'generator_68', 'generator_69', 'generator_70']
number opened: 0
TRIAL 9
Action chosen: (white, purple)
Outcome: False
partcle ids: ['generator_47', 'generator_10', 'generator_48', 'generator_49', 'generator_45', 'generator_50', 'generator_51', 'generator_52', 'generator_53', 'generator_54', 'generator_55', 'generator_5', 'generator_23', 'generator_57', 'generator_36', 'generator_58', 'generator_30', 'generator_60', 'generator_61', 'generator_62', 'generator_63', 'generator_64', 'generator_25', 'generator_37', 'generator_5', 'generator_66', 'generator_28', 'generator_68', 'generator_69', 'generator_70']
number opened: 0
TRIAL 10
Action chosen: (yellow5, pink)
Outcome: False
partcle ids: ['generator_71', 'generator_72', 'generator_73', 'generator_74', 'generator_54', 'generator_75', 'generator_76', 'generator_48', 'generator_58', 'generator_78', 'generator_79', 'generator_80', 'generator_10', 'generator_53', 'generator_10', 'generator_48', 'generator_55', 'generator_54', 'generator_86', 'generator_10', 'generator_87', 'generator_30', 'generator_48', 'generator_55', 'generator_90', 'generator_25', 'generator_92', 'generator_93', 'generator_94', 'generator_95']
number opened: 0
TRIAL 11
Action chosen: (grey2, pink)
Outcome: True
partcle ids: ['generator_96', 'generator_48', 'generator_48', 'generator_99', 'generator_100', 'generator_25', 'generator_101', 'generator_102', 'generator_103', 'generator_48', 'generator_30', 'generator_106', 'generator_48', 'generator_108', 'generator_109', 'generator_72', 'generator_111', 'generator_48', 'generator_48', 'generator_114', 'generator_25', 'generator_30', 'generator_117', 'generator_118', 'generator_119', 'generator_120', 'generator_121', 'generator_122', 'generator_123', 'generator_48']
number opened: 1
TRIAL 12
Action chosen: (green3, red)
Outcome: False
partcle ids: ['generator_96', 'generator_48', 'generator_48', 'generator_99', 'generator_100', 'generator_25', 'generator_101', 'generator_102', 'generator_103', 'generator_48', 'generator_30', 'generator_106', 'generator_48', 'generator_108', 'generator_109', 'generator_72', 'generator_111', 'generator_48', 'generator_48', 'generator_114', 'generator_25', 'generator_30', 'generator_117', 'generator_118', 'generator_119', 'generator_120', 'generator_121', 'generator_122', 'generator_123', 'generator_48']
number opened: 1
TRIAL 13
Action chosen: (orange4, purple)
Outcome: False
partcle ids: ['generator_96', 'generator_48', 'generator_48', 'generator_99', 'generator_100', 'generator_25', 'generator_101', 'generator_102', 'generator_103', 'generator_48', 'generator_30', 'generator_106', 'generator_48', 'generator_108', 'generator_109', 'generator_72', 'generator_111', 'generator_48', 'generator_48', 'generator_114', 'generator_25', 'generator_30', 'generator_117', 'generator_118', 'generator_119', 'generator_120', 'generator_121', 'generator_122', 'generator_123', 'generator_48']
number opened: 1
TRIAL 14
Action chosen: (heart, red)
Outcome: False
partcle ids: ['generator_108', 'generator_126', 'generator_119', 'generator_128', 'generator_108', 'generator_130', 'generator_131', 'generator_132', 'generator_108', 'generator_134', 'generator_120', 'generator_136', 'generator_137', 'generator_122', 'generator_108', 'generator_25', 'generator_141', 'generator_142', 'generator_106', 'generator_144', 'generator_145', 'generator_146', 'generator_118', 'generator_148', 'generator_25', 'generator_150', 'generator_151', 'generator_152', 'generator_153', 'generator_108']
number opened: 1
TRIAL 15
Action chosen: (heart, purple)
Outcome: False
partcle ids: ['generator_108', 'generator_126', 'generator_119', 'generator_128', 'generator_108', 'generator_130', 'generator_131', 'generator_132', 'generator_108', 'generator_134', 'generator_120', 'generator_136', 'generator_137', 'generator_122', 'generator_108', 'generator_25', 'generator_141', 'generator_142', 'generator_106', 'generator_144', 'generator_145', 'generator_146', 'generator_118', 'generator_148', 'generator_25', 'generator_150', 'generator_151', 'generator_152', 'generator_153', 'generator_108']
number opened: 1
TRIAL 16
Action chosen: (purple, white)
Outcome: False
partcle ids: ['generator_108', 'generator_126', 'generator_119', 'generator_128', 'generator_108', 'generator_130', 'generator_131', 'generator_132', 'generator_108', 'generator_134', 'generator_120', 'generator_136', 'generator_137', 'generator_122', 'generator_108', 'generator_25', 'generator_141', 'generator_142', 'generator_106', 'generator_144', 'generator_145', 'generator_146', 'generator_118', 'generator_148', 'generator_25', 'generator_150', 'generator_151', 'generator_152', 'generator_153', 'generator_108']
number opened: 1
TRIAL 17
Action chosen: (yellow5, red)
Outcome: False
partcle ids: ['generator_25', 'generator_122', 'generator_148', 'generator_158', 'generator_25', 'generator_150', 'generator_151', 'generator_120', 'generator_150', 'generator_25', 'generator_151', 'generator_166', 'generator_167', 'generator_130', 'generator_169', 'generator_146', 'generator_146', 'generator_150', 'generator_150', 'generator_174', 'generator_25', 'generator_148', 'generator_130', 'generator_148', 'generator_179', 'generator_25', 'generator_25', 'generator_182', 'generator_151', 'generator_184']
number opened: 1
TRIAL 18
Action chosen: (triangle, white)
Outcome: False
partcle ids: ['generator_25', 'generator_122', 'generator_148', 'generator_158', 'generator_25', 'generator_150', 'generator_151', 'generator_120', 'generator_150', 'generator_25', 'generator_151', 'generator_166', 'generator_167', 'generator_130', 'generator_169', 'generator_146', 'generator_146', 'generator_150', 'generator_150', 'generator_174', 'generator_25', 'generator_148', 'generator_130', 'generator_148', 'generator_179', 'generator_25', 'generator_25', 'generator_182', 'generator_151', 'generator_184']
number opened: 1
TRIAL 19
Action chosen: (white, red)
Outcome: False
partcle ids: ['generator_185', 'generator_186', 'generator_179', 'generator_188', 'generator_189', 'generator_167', 'generator_146', 'generator_192', 'generator_193', 'generator_194', 'generator_146', 'generator_150', 'generator_150', 'generator_198', 'generator_179', 'generator_179', 'generator_167', 'generator_202', 'generator_167', 'generator_204', 'generator_205', 'generator_182', 'generator_206', 'generator_150', 'generator_208', 'generator_179', 'generator_179', 'generator_210', 'generator_211', 'generator_212']
number opened: 1
TRIAL 20
Action chosen: (green3, purple)
Outcome: True
partcle ids: ['generator_211', 'generator_188', 'generator_167', 'generator_215', 'generator_211', 'generator_217', 'generator_188', 'generator_219', 'generator_220', 'generator_221', 'generator_222', 'generator_223', 'generator_224', 'generator_225', 'generator_150', 'generator_167', 'generator_150', 'generator_212', 'generator_150', 'generator_167', 'generator_198', 'generator_233', 'generator_234', 'generator_235', 'generator_150', 'generator_237', 'generator_238', 'generator_212', 'generator_198', 'generator_241']
number opened: 2
TRIAL 21
Action chosen: (orange4, red)
Outcome: False
partcle ids: ['generator_211', 'generator_188', 'generator_167', 'generator_215', 'generator_211', 'generator_217', 'generator_188', 'generator_219', 'generator_220', 'generator_221', 'generator_222', 'generator_223', 'generator_224', 'generator_225', 'generator_150', 'generator_167', 'generator_150', 'generator_212', 'generator_150', 'generator_167', 'generator_198', 'generator_233', 'generator_234', 'generator_235', 'generator_150', 'generator_237', 'generator_238', 'generator_212', 'generator_198', 'generator_241']
number opened: 2
TRIAL 22
Action chosen: (red, red)
Outcome: True
partcle ids: ['generator_150', 'generator_243', 'generator_244', 'number_match', 'generator_245', 'generator_246', 'generator_150', 'generator_244', 'generator_248', 'generator_249', 'generator_250', 'generator_251', 'generator_150', 'generator_253', 'generator_150', 'generator_255', 'generator_188', 'generator_188', 'generator_150', 'generator_258', 'generator_259', 'generator_188', 'generator_261', 'generator_262', 'generator_263', 'generator_264', 'generator_188', 'generator_266', 'generator_267', 'generator_268']
number opened: 3
TRIAL 23
Action chosen: (pink, blue)
Outcome: False
partcle ids: ['generator_150', 'generator_243', 'generator_244', 'number_match', 'generator_245', 'generator_246', 'generator_150', 'generator_244', 'generator_248', 'generator_249', 'generator_250', 'generator_251', 'generator_150', 'generator_253', 'generator_150', 'generator_255', 'generator_188', 'generator_188', 'generator_150', 'generator_258', 'generator_259', 'generator_188', 'generator_261', 'generator_262', 'generator_263', 'generator_264', 'generator_188', 'generator_266', 'generator_267', 'generator_268']
number opened: 3
TRIAL 24
Action chosen: (white, white)
Outcome: False
partcle ids: ['generator_150', 'generator_243', 'generator_244', 'number_match', 'generator_245', 'generator_246', 'generator_150', 'generator_244', 'generator_248', 'generator_249', 'generator_250', 'generator_251', 'generator_150', 'generator_253', 'generator_150', 'generator_255', 'generator_188', 'generator_188', 'generator_150', 'generator_258', 'generator_259', 'generator_188', 'generator_261', 'generator_262', 'generator_263', 'generator_264', 'generator_188', 'generator_266', 'generator_267', 'generator_268']
number opened: 3
TRIAL 25
Action chosen: (white, blue)
Outcome: False
partcle ids: ['generator_269', 'generator_253', 'generator_271', 'generator_251', 'generator_268', 'generator_273', 'generator_274', 'generator_268', 'generator_275', 'generator_246', 'number_match', 'generator_278', 'generator_245', 'generator_248', 'generator_250', 'generator_253', 'generator_280', 'generator_263', 'generator_282', 'generator_283', 'generator_263', 'generator_261', 'generator_278', 'generator_251', 'generator_249', 'generator_251', 'generator_285', 'generator_264', 'generator_250', 'generator_287']
number opened: 3
TRIAL 26
Action chosen: (diamond, blue)
Outcome: False
partcle ids: ['generator_269', 'generator_253', 'generator_271', 'generator_251', 'generator_268', 'generator_273', 'generator_274', 'generator_268', 'generator_275', 'generator_246', 'number_match', 'generator_278', 'generator_245', 'generator_248', 'generator_250', 'generator_253', 'generator_280', 'generator_263', 'generator_282', 'generator_283', 'generator_263', 'generator_261', 'generator_278', 'generator_251', 'generator_249', 'generator_251', 'generator_285', 'generator_264', 'generator_250', 'generator_287']
number opened: 3
TRIAL 27
Action chosen: (purple, blue)
Outcome: False
partcle ids: ['generator_269', 'generator_253', 'generator_271', 'generator_251', 'generator_268', 'generator_273', 'generator_274', 'generator_268', 'generator_275', 'generator_246', 'number_match', 'generator_278', 'generator_245', 'generator_248', 'generator_250', 'generator_253', 'generator_280', 'generator_263', 'generator_282', 'generator_283', 'generator_263', 'generator_261', 'generator_278', 'generator_251', 'generator_249', 'generator_251', 'generator_285', 'generator_264', 'generator_250', 'generator_287']
number opened: 3
TRIAL 28
Action chosen: (cloud, white)
Outcome: False
partcle ids: ['generator_253', 'generator_253', 'generator_289', 'generator_253', 'generator_253', 'generator_291', 'generator_275', 'generator_292', 'generator_253', 'generator_283', 'generator_293', 'generator_188', 'generator_280', 'generator_291', 'generator_295', 'generator_282', 'generator_296', 'generator_297', 'generator_283', 'generator_285', 'generator_275', 'generator_264', 'number_match', 'generator_253', 'generator_261', 'generator_253', 'generator_253', 'generator_261', 'generator_283', 'generator_261']
number opened: 3
TRIAL 29
Action chosen: (yellow5, white)
Outcome: False
partcle ids: ['generator_253', 'generator_253', 'generator_289', 'generator_253', 'generator_253', 'generator_291', 'generator_275', 'generator_292', 'generator_253', 'generator_283', 'generator_293', 'generator_188', 'generator_280', 'generator_291', 'generator_295', 'generator_282', 'generator_296', 'generator_297', 'generator_283', 'generator_285', 'generator_275', 'generator_264', 'number_match', 'generator_253', 'generator_261', 'generator_253', 'generator_253', 'generator_261', 'generator_283', 'generator_261']
number opened: 3
TRIAL 30
Action chosen: (blue, white)
Outcome: False
partcle ids: ['generator_289', 'generator_292', 'generator_302', 'generator_289', 'generator_295', 'number_match', 'generator_289', 'generator_283', 'generator_243', 'generator_285', 'generator_293', 'generator_285', 'number_match', 'generator_249', 'generator_275', 'generator_282', 'generator_289', 'generator_291', 'generator_260', 'generator_292', 'generator_289', 'generator_306', 'generator_246', 'generator_264', 'generator_253', 'number_match', 'generator_282', 'generator_269', 'number_match', 'generator_293']
number opened: 3
TRIAL 31
Action chosen: (yellow5, blue)
Outcome: True
partcle ids: ['generator_285', 'generator_285', 'generator_289', 'generator_285', 'number_match', 'generator_309', 'number_match', 'generator_296', 'generator_309', 'number_match', 'generator_285', 'generator_281', 'generator_289', 'generator_281', 'generator_285', 'generator_285', 'generator_289', 'generator_289', 'generator_285', 'number_match', 'generator_289', 'number_match', 'generator_289', 'number_match', 'generator_289', 'number_match', 'generator_309', 'number_match', 'number_match', 'generator_285']
number opened: 4
TRIAL 32
Action chosen: (orange4, white)
Outcome: True
partcle ids: ['number_match', 'number_match', 'number_match', 'number_match', 'number_match', 'number_match', 'number_match', 'number_match', 'number_match', 'number_match', 'number_match', 'number_match', 'number_match', 'number_match', 'number_match', 'number_match', 'number_match', 'number_match', 'number_match', 'number_match', 'number_match', 'number_match', 'number_match', 'number_match', 'number_match', 'number_match', 'number_match', 'number_match', 'number_match', 'number_match']
number opened: 5
{"attempts": 32, "unique_key_box_pairs": 32, "revisit_attempts": 0, "revisit_rate": 0.0, "attempts_before_abandoning_color_matching": 1, "color_matching_abandoned": true}
