{"Child_ID": "D019", "SoC_variant": "SoC-Gen", "theta": [19, 1], "p_gen": 0.8, "true_prior": 0.02, "run_number": 68, "seed": 1751343514249755714}
TRIAL 1
Action chosen: (blue, purple)
Outcome: False
partcle ids: ['generator_1', 'generator_2', 'generator_3', 'generator_4', 'generator_5', 'generator_6', 'generator_7', 'generator_8', 'generator_9', 'generator_10', 'generator_11', 'generator_12', 'generator_13', 'generator_14', 'generator_15', 'generator_16', 'generator_17', 'generator_18', 'similar_color_13', 'generator_19', 'generator_20', 'generator_21', 'generator_22', 'generator_23', 'generator_24', 'number_match', 'generator_25', 'generator_26', 'generator_27', 'generator_28']
number opened: 0
TRIAL 2
Action chosen: (yellow5, blue)
Outcome: True
partcle ids: ['generator_23', 'generator_30', 'generator_31', 'generator_32', 'generator_33', 'generator_34', 'generator_35', 'generator_36', 'generator_37', 'generator_38', 'generator_39', 'generator_40', 'generator_41', 'generator_42', 'generator_43', 'generator_44', 'generator_45', 'generator_46', 'generator_47', 'generator_48', 'number_match', 'generator_49', 'generator_50', 'generator_51', 'generator_2', 'generator_53', 'generator_54', 'generator_23', 'generator_56', 'generator_57']
number opened: 1
TRIAL 3
Action chosen: (triangle, purple)
Outcome: False
partcle ids: ['generator_23', 'generator_30', 'generator_31', 'generator_32', 'generator_33', 'generator_34', 'generator_35', 'generator_36', 'generator_37', 'generator_38', 'generator_39', 'generator_40', 'generator_41', 'generator_42', 'generator_43', 'generator_44', 'generator_45', 'generator_46', 'generator_47', 'generator_48', 'number_match', 'generator_49', 'generator_50', 'generator_51', 'generator_2', 'generator_53', 'generator_54', 'generator_23', 'generator_56', 'generator_57']
number opened: 1
TRIAL 4
Action chosen: (green3, purple)
Outcome: True
partcle ids: ['generator_58', 'generator_59', 'generator_60', 'generator_61', 'generator_62', 'generator_63', 'generator_64', 'generator_65', 'generator_66', 'generator_67', 'generator_68', 'generator_69', 'generator_70', 'generator_71', 'generator_72', 'generator_73', 'generator_74', 'generator_75', 'generator_76', 'generator_77', 'generator_78', 'generator_79', 'generator_80', 'generator_81', 'generator_82', 'generator_83', 'generator_84', 'generator_85', 'generator_86', 'generator_87']
number opened: 2
TRIAL 5
Action chosen: (diamond, red)
Outcome: False
partcle ids: ['generator_58', 'generator_59', 'generator_60', 'generator_61', 'generator_62', 'generator_63', 'generator_64', 'generator_65', 'generator_66', 'generator_67', 'generator_68', 'generator_69', 'generator_70', 'generator_71', 'generator_72', 'generator_73', 'generator_74', 'generator_75', 'generator_76', 'generator_77', 'generator_78', 'generator_79', 'generator_80', 'generator_81', 'generator_82', 'generator_83', 'generator_84', 'generator_85', 'generator_86', 'generator_87']
number opened: 2
TRIAL 6
Action chosen: (cloud, white)
Outcome: False
partcle ids: ['generator_58', 'generator_59', 'generator_60', 'generator_61', 'generator_62', 'generator_63', 'generator_64', 'generator_65', 'generator_66', 'generator_67', 'generator_68', 'generator_69', 'generator_70', 'generator_71', 'generator_72', 'generator_73', 'generator_74', 'generator_75', 'generator_76', 'generator_77', 'generator_78', 'generator_79', 'generator_80', 'generator_81', 'generator_82', 'generator_83', 'generator_84', 'generator_85', 'generator_86', 'generator_87']
number opened: 2
TRIAL 7
Action chosen: (purple, white)
Outcome: False
partcle ids: ['generator_58', 'generator_59', 'generator_60', 'generator_61', 'generator_62', 'generator_63', 'generator_64', 'generator_65', 'generator_66', 'generator_67', 'generator_68', 'generator_69', 'generator_70', 'generator_71', 'generator_72', 'generator_73', 'generator_74', 'generator_75', 'generator_76', 'generator_77', 'generator_78', 'generator_79', 'generator_80', 'generator_81', 'generator_82', 'generator_83', 'generator_84', 'generator_85', 'generator_86', 'generator_87']
number opened: 2
TRIAL 8
Action chosen: (purple, pink)
Outcome: False
partcle ids: ['generator_75', 'generator_89', 'generator_69', 'generator_69', 'generator_92', 'generator_93', 'generator_94', 'generator_86', 'generator_62', 'generator_97', 'generator_98', 'generator_62', 'generator_85', 'generator_100', 'generator_75', 'generator_102', 'generator_62', 'generator_104', 'generator_105', 'generator_106', 'generator_107', 'generator_108', 'generator_78', 'generator_69', 'generator_69', 'generator_111', 'generator_86', 'generator_113', 'generator_78', 'generator_61']
number opened: 2
TRIAL 9
Action chosen: (blue, white)
Outcome: False
partcle ids: ['generator_75', 'generator_89', 'generator_69', 'generator_69', 'generator_92', 'generator_93', 'generator_94', 'generator_86', 'generator_62', 'generator_97', 'generator_98', 'generator_62', 'generator_85', 'generator_100', 'generator_75', 'generator_102', 'generator_62', 'generator_104', 'generator_105', 'generator_106', 'generator_107', 'generator_108', 'generator_78', 'generator_69', 'generator_69', 'generator_111', 'generator_86', 'generator_113', 'generator_78', 'generator_61']
number opened: 2
TRIAL 10
Action chosen: (white, pink)
Outcome: False
partcle ids: ['generator_93', 'generator_115', 'generator_116', 'generator_117', 'generator_93', 'generator_89', 'generator_120', 'generator_121', 'generator_122', 'generator_123', 'generator_93', 'generator_102', 'generator_126', 'generator_127', 'generator_128', 'generator_129', 'generator_102', 'generator_131', 'generator_98', 'generator_97', 'generator_93', 'generator_135', 'generator_136', 'generator_97', 'generator_138', 'generator_139', 'generator_140', 'generator_108', 'generator_108', 'generator_142']
number opened: 2
TRIAL 11
Action chosen: (diamond, white)
Outcome: False
partcle ids: ['generator_93', 'generator_115', 'generator_116', 'generator_117', 'generator_93', 'generator_89', 'generator_120', 'generator_121', 'generator_122', 'generator_123', 'generator_93', 'generator_102', 'generator_126', 'generator_127', 'generator_128', 'generator_129', 'generator_102', 'generator_131', 'generator_98', 'generator_97', 'generator_93', 'generator_135', 'generator_136', 'generator_97', 'generator_138', 'generator_139', 'generator_140', 'generator_108', 'generator_108', 'generator_142']
number opened: 2
TRIAL 12
Action chosen: (grey2, white)
Outcome: False
partcle ids: ['generator_93', 'generator_115', 'generator_116', 'generator_117', 'generator_93', 'generator_89', 'generator_120', 'generator_121', 'generator_122', 'generator_123', 'generator_93', 'generator_102', 'generator_126', 'generator_127', 'generator_128', 'generator_129', 'generator_102', 'generator_131', 'generator_98', 'generator_97', 'generator_93', 'generator_135', 'generator_136', 'generator_97', 'generator_138', 'generator_139', 'generator_140', 'generator_108', 'generator_108', 'generator_142']
number opened: 2
TRIAL 13
Action chosen: (white, white)
Outcome: False
partcle ids: ['generator_143', 'generator_144', 'generator_145', 'generator_135', 'generator_147', 'generator_123', 'generator_135', 'generator_117', 'generator_127', 'generator_138', 'generator_89', 'generator_135', 'generator_135', 'generator_135', 'generator_156', 'generator_157', 'generator_122', 'generator_157', 'generator_158', 'generator_138', 'generator_107', 'generator_127', 'generator_160', 'generator_161', 'generator_162', 'generator_163', 'generator_117', 'generator_165', 'generator_166', 'generator_167']
number opened: 2
TRIAL 14
Action chosen: (diamond, pink)
Outcome: False
partcle ids: ['generator_143', 'generator_144', 'generator_145', 'generator_135', 'generator_147', 'generator_123', 'generator_135', 'generator_117', 'generator_127', 'generator_138', 'generator_89', 'generator_135', 'generator_135', 'generator_135', 'generator_156', 'generator_157', 'generator_122', 'generator_157', 'generator_158', 'generator_138', 'generator_107', 'generator_127', 'generator_160', 'generator_161', 'generator_162', 'generator_163', 'generator_117', 'generator_165', 'generator_166', 'generator_167']
number opened: 2
TRIAL 15
Action chosen: (red, white)
Outcome: False
partcle ids: ['generator_143', 'generator_144', 'generator_145', 'generator_135', 'generator_147', 'generator_123', 'generator_135', 'generator_117', 'generator_127', 'generator_138', 'generator_89', 'generator_135', 'generator_135', 'generator_135', 'generator_156', 'generator_157', 'generator_122', 'generator_157', 'generator_158', 'generator_138', 'generator_107', 'generator_127', 'generator_160', 'generator_161', 'generator_162', 'generator_163', 'generator_117', 'generator_165', 'generator_166', 'generator_167']
number opened: 2
TRIAL 16
Action chosen: (heart, white)
Outcome: False
partcle ids: ['generator_168', 'generator_160', 'generator_89', 'generator_160', 'generator_145', 'generator_173', 'generator_174', 'generator_175', 'generator_176', 'generator_156', 'number_match', 'generator_178', 'generator_179', 'generator_180', 'generator_181', 'generator_182', 'generator_183', 'generator_156', 'generator_165', 'generator_145', 'generator_187', 'generator_188', 'generator_157', 'generator_190', 'generator_157', 'generator_89', 'generator_193', 'generator_194', 'generator_157', 'generator_165']
number opened: 2
TRIAL 17
Action chosen: (triangle, white)
Outcome: False
partcle ids: ['generator_168', 'generator_160', 'generator_89', 'generator_160', 'generator_145', 'generator_173', 'generator_174', 'generator_175', 'generator_176', 'generator_156', 'number_match', 'generator_178', 'generator_179', 'generator_180', 'generator_181', 'generator_182', 'generator_183', 'generator_156', 'generator_165', 'generator_145', 'generator_187', 'generator_188', 'generator_157', 'generator_190', 'generator_157', 'generator_89', 'generator_193', 'generator_194', 'generator_157', 'generator_165']
number opened: 2
TRIAL 18
Action chosen: (triangle, pink)
Outcome: False
partcle ids: ['generator_168', 'generator_160', 'generator_89', 'generator_160', 'generator_145', 'generator_173', 'generator_174', 'generator_175', 'generator_176', 'generator_156', 'number_match', 'generator_178', 'generator_179', 'generator_180', 'generator_181', 'generator_182', 'generator_183', 'generator_156', 'generator_165', 'generator_145', 'generator_187', 'generator_188', 'generator_157', 'generator_190', 'generator_157', 'generator_89', 'generator_193', 'generator_194', 'generator_157', 'generator_165']
number opened: 2
TRIAL 19
Action chosen: (pink, pink)
Outcome: False
partcle ids: ['generator_196', 'generator_197', 'generator_198', 'generator_187', 'generator_200', 'generator_145', 'generator_194', 'generator_178', 'generator_203', 'generator_204', 'generator_174', 'generator_206', 'generator_207', 'generator_208', 'generator_209', 'generator_210', 'generator_181', 'generator_178', 'generator_145', 'generator_213', 'generator_214', 'generator_215', 'generator_216', 'generator_217', 'generator_181', 'generator_157', 'generator_178', 'generator_178', 'generator_222', 'generator_176']
number opened: 2
TRIAL 20
Action chosen: (red, pink)
Outcome: False
partcle ids: ['generator_196', 'generator_197', 'generator_198', 'generator_187', 'generator_200', 'generator_145', 'generator_194', 'generator_178', 'generator_203', 'generator_204', 'generator_174', 'generator_206', 'generator_207', 'generator_208', 'generator_209', 'generator_210', 'generator_181', 'generator_178', 'generator_145', 'generator_213', 'generator_214', 'generator_215', 'generator_216', 'generator_217', 'generator_181', 'generator_157', 'generator_178', 'generator_178', 'generator_222', 'generator_176']
number opened: 2
TRIAL 21
Action chosen: (orange4, pink)
Outcome: False
partcle ids: ['generator_196', 'generator_197', 'generator_198', 'generator_187', 'generator_200', 'generator_145', 'generator_194', 'generator_178', 'generator_203', 'generator_204', 'generator_174', 'generator_206', 'generator_207', 'generator_208', 'generator_209', 'generator_210', 'generator_181', 'generator_178', 'generator_145', 'generator_213', 'generator_214', 'generator_215', 'generator_216', 'generator_217', 'generator_181', 'generator_157', 'generator_178', 'generator_178', 'generator_222', 'generator_176']
number opened: 2
TRIAL 22
Action chosen: (blue, pink)
Outcome: False
partcle ids: ['generator_224', 'generator_225', 'generator_215', 'generator_217', 'generator_197', 'generator_217', 'generator_229', 'generator_157', 'generator_216', 'generator_204', 'generator_217', 'generator_197', 'generator_204', 'generator_215', 'generator_237', 'generator_238', 'generator_157', 'generator_240', 'generator_241', 'generator_242', 'generator_208', 'generator_157', 'generator_213', 'generator_197', 'generator_247', 'generator_248', 'generator_249', 'generator_250', 'generator_197', 'generator_217']
number opened: 2
TRIAL 23
Action chosen: (heart, pink)
Outcome: False
partcle ids: ['generator_224', 'generator_225', 'generator_215', 'generator_217', 'generator_197', 'generator_217', 'generator_229', 'generator_157', 'generator_216', 'generator_204', 'generator_217', 'generator_197', 'generator_204', 'generator_215', 'generator_237', 'generator_238', 'generator_157', 'generator_240', 'generator_241', 'generator_242', 'generator_208', 'generator_157', 'generator_213', 'generator_197', 'generator_247', 'generator_248', 'generator_249', 'generator_250', 'generator_197', 'generator_217']
number opened: 2
TRIAL 24
Action chosen: (grey2, pink)
Outcome: True
partcle ids: ['generator_253', 'generator_31', 'generator_254', 'generator_242', 'generator_113', 'generator_255', 'generator_256', 'generator_257', 'generator_217', 'generator_254', 'generator_217', 'generator_191', 'generator_259', 'generator_260', 'generator_261', 'generator_262', 'generator_246', 'generator_263', 'number_match', 'generator_264', 'generator_265', 'generator_266', 'generator_255', 'generator_267', 'generator_263', 'generator_268', 'generator_265', 'generator_238', 'generator_255', 'generator_253']
number opened: 3
TRIAL 25
Action chosen: (white, white)
Outcome: False
partcle ids: ['generator_253', 'generator_31', 'generator_254', 'generator_242', 'generator_113', 'generator_255', 'generator_256', 'generator_257', 'generator_217', 'generator_254', 'generator_217', 'generator_191', 'generator_259', 'generator_260', 'generator_261', 'generator_262', 'generator_246', 'generator_263', 'number_match', 'generator_264', 'generator_265', 'generator_266', 'generator_255', 'generator_267', 'generator_263', 'generator_268', 'generator_265', 'generator_238', 'generator_255', 'generator_253']
number opened: 3
TRIAL 26
Action chosen: (blue, white)
Outcome: False
partcle ids: ['generator_253', 'generator_31', 'generator_254', 'generator_242', 'generator_113', 'generator_255', 'generator_256', 'generator_257', 'generator_217', 'generator_254', 'generator_217', 'generator_191', 'generator_259', 'generator_260', 'generator_261', 'generator_262', 'generator_246', 'generator_263', 'number_match', 'generator_264', 'generator_265', 'generator_266', 'generator_255', 'generator_267', 'generator_263', 'generator_268', 'generator_265', 'generator_238', 'generator_255', 'generator_253']
number opened: 3
TRIAL 27
Action chosen: (white, red)
Outcome: False
partcle ids: ['generator_253', 'generator_31', 'generator_254', 'generator_242', 'generator_113', 'generator_255', 'generator_256', 'generator_257', 'generator_217', 'generator_254', 'generator_217', 'generator_191', 'generator_259', 'generator_260', 'generator_261', 'generator_262', 'generator_246', 'generator_263', 'number_match', 'generator_264', 'generator_265', 'generator_266', 'generator_255', 'generator_267', 'generator_263', 'generator_268', 'generator_265', 'generator_238', 'generator_255', 'generator_253']
number opened: 3
TRIAL 28
Action chosen: (orange4, white)
Outcome: True
partcle ids: ['generator_269', 'generator_270', 'generator_267', 'generator_261', 'number_match', 'number_match', 'generator_272', 'generator_261', 'generator_271', 'generator_272', 'generator_269', 'number_match', 'generator_261', 'generator_267', 'number_match', 'generator_273', 'number_match', 'generator_261', 'generator_261', 'generator_261', 'generator_261', 'generator_273', 'number_match', 'generator_273', 'generator_261', 'generator_272', 'generator_270', 'generator_269', 'generator_267', 'generator_272']
number opened: 4
TRIAL 29
Action chosen: (pink, red)
Outcome: False
partcle ids: ['generator_269', 'generator_270', 'generator_267', 'generator_261', 'number_match', 'number_match', 'generator_272', 'generator_261', 'generator_271', 'generator_272', 'generator_269', 'number_match', 'generator_261', 'generator_267', 'number_match', 'generator_273', 'number_match', 'generator_261', 'generator_261', 'generator_261', 'generator_261', 'generator_273', 'number_match', 'generator_273', 'generator_261', 'generator_272', 'generator_270', 'generator_269', 'generator_267', 'generator_272']
number opened: 4
TRIAL 30
Action chosen: (red, red)
Outcome: True
partcle ids: ['number_match', 'number_match', 'number_match', 'number_match', 'number_match', 'number_match', 'number_match', 'number_match', 'number_match', 'number_match', 'number_match', 'number_match', 'number_match', 'number_match', 'number_match', 'number_match', 'number_match', 'number_match', 'number_match', 'number_match', 'number_match', 'number_match', 'number_match', 'number_match', 'number_match', 'number_match', 'number_match', 'number_match', 'number_match', 'number_match']
number opened: 5
{"attempts": 30, "unique_key_box_pairs": 28, "revisit_attempts": 2, "revisit_rate": 0.06896551724137931, "attempts_before_abandoning_color_matching": 0, "color_matching_abandoned": true}
