{"Child_ID": "D019", "SoC_variant": "SoC-Gen", "theta": [19, 1], "p_gen": 0.8, "true_prior": 0.02, "run_number": 26, "seed": 147986573555078491}
TRIAL 1
Action chosen: (red, red)
Outcome: True
partcle ids: ['generator_27', 'generator_28', 'generator_29', 'generator_30', 'generator_31', 'generator_32', 'generator_33', 'generator_34', 'generator_35', 'generator_36', 'generator_14', 'generator_14', 'generator_37', 'generator_13', 'generator_38', 'generator_39', 'generator_40', 'generator_41', 'generator_42', 'generator_43', 'generator_44', 'generator_45', 'generator_46', 'similar_color_14', 'generator_47', 'generator_48', 'similar_color_13', 'generator_49', 'generator_50', 'generator_51']
number opened: 1
TRIAL 2
Action chosen: (diamond, blue)
Outcome: False
partcle ids: ['generator_27', 'generator_28', 'generator_29', 'generator_30', 'generator_31', 'generator_32', 'generator_33', 'generator_34', 'generator_35', 'generator_36', 'generator_14', 'generator_14', 'generator_37', 'generator_13', 'generator_38', 'generator_39', 'generator_40', 'generator_41', 'generator_42', 'generator_43', 'generator_44', 'generator_45', 'generator_46', 'similar_color_14', 'generator_47', 'generator_48', 'similar_color_13', 'generator_49', 'generator_50', 'generator_51']
number opened: 1
TRIAL 3
Action chosen: (green3, white)
Outcome: False
partcle ids: ['generator_27', 'generator_28', 'generator_29', 'generator_30', 'generator_31', 'generator_32', 'generator_33', 'generator_34', 'generator_35', 'generator_36', 'generator_14', 'generator_14', 'generator_37', 'generator_13', 'generator_38', 'generator_39', 'generator_40', 'generator_41', 'generator_42', 'generator_43', 'generator_44', 'generator_45', 'generator_46', 'similar_color_14', 'generator_47', 'generator_48', 'similar_color_13', 'generator_49', 'generator_50', 'generator_51']
number opened: 1
TRIAL 4
Action chosen: (pink, pink)
Outcome: False
partcle ids: ['generator_27', 'generator_28', 'generator_29', 'generator_30', 'generator_31', 'generator_32', 'generator_33', 'generator_34', 'generator_35', 'generator_36', 'generator_14', 'generator_14', 'generator_37', 'generator_13', 'generator_38', 'generator_39', 'generator_40', 'generator_41', 'generator_42', 'generator_43', 'generator_44', 'generator_45', 'generator_46', 'similar_color_14', 'generator_47', 'generator_48', 'similar_color_13', 'generator_49', 'generator_50', 'generator_51']
number opened: 1
TRIAL 5
Action chosen: (purple, white)
Outcome: False
partcle ids: ['generator_52', 'generator_53', 'generator_32', 'generator_38', 'generator_51', 'generator_38', 'generator_58', 'generator_59', 'generator_33', 'generator_60', 'generator_61', 'generator_62', 'generator_63', 'generator_64', 'generator_34', 'generator_66', 'generator_67', 'generator_68', 'generator_32', 'generator_70', 'generator_71', 'generator_72', 'generator_73', 'generator_74', 'generator_75', 'generator_76', 'generator_13', 'similar_color_8', 'generator_78', 'generator_79']
number opened: 1
TRIAL 6
Action chosen: (orange4, white)
Outcome: True
partcle ids: ['generator_80', 'generator_81', 'generator_82', 'generator_83', 'generator_84', 'generator_85', 'generator_86', 'generator_87', 'generator_88', 'generator_89', 'generator_90', 'generator_38', 'generator_92', 'generator_72', 'generator_94', 'generator_95', 'generator_96', 'generator_97', 'generator_98', 'generator_99', 'generator_100', 'generator_101', 'generator_102', 'generator_103', 'generator_104', 'generator_105', 'generator_106', 'generator_107', 'generator_108', 'generator_109']
number opened: 2
TRIAL 7
Action chosen: (heart, blue)
Outcome: False
partcle ids: ['generator_80', 'generator_81', 'generator_82', 'generator_83', 'generator_84', 'generator_85', 'generator_86', 'generator_87', 'generator_88', 'generator_89', 'generator_90', 'generator_38', 'generator_92', 'generator_72', 'generator_94', 'generator_95', 'generator_96', 'generator_97', 'generator_98', 'generator_99', 'generator_100', 'generator_101', 'generator_102', 'generator_103', 'generator_104', 'generator_105', 'generator_106', 'generator_107', 'generator_108', 'generator_109']
number opened: 2
TRIAL 8
Action chosen: (blue, pink)
Outcome: False
partcle ids: ['generator_80', 'generator_81', 'generator_82', 'generator_83', 'generator_84', 'generator_85', 'generator_86', 'generator_87', 'generator_88', 'generator_89', 'generator_90', 'generator_38', 'generator_92', 'generator_72', 'generator_94', 'generator_95', 'generator_96', 'generator_97', 'generator_98', 'generator_99', 'generator_100', 'generator_101', 'generator_102', 'generator_103', 'generator_104', 'generator_105', 'generator_106', 'generator_107', 'generator_108', 'generator_109']
number opened: 2
TRIAL 9
Action chosen: (grey2, pink)
Outcome: True
partcle ids: ['generator_110', 'generator_111', 'generator_112', 'generator_113', 'generator_90', 'generator_38', 'generator_38', 'generator_100', 'generator_116', 'generator_90', 'generator_118', 'generator_38', 'generator_119', 'generator_120', 'generator_121', 'generator_122', 'generator_123', 'generator_100', 'generator_124', 'generator_90', 'generator_126', 'generator_38', 'generator_128', 'generator_129', 'generator_130', 'generator_90', 'generator_111', 'generator_82', 'generator_112', 'generator_131']
number opened: 3
TRIAL 10
Action chosen: (cloud, purple)
Outcome: False
partcle ids: ['generator_110', 'generator_111', 'generator_112', 'generator_113', 'generator_90', 'generator_38', 'generator_38', 'generator_100', 'generator_116', 'generator_90', 'generator_118', 'generator_38', 'generator_119', 'generator_120', 'generator_121', 'generator_122', 'generator_123', 'generator_100', 'generator_124', 'generator_90', 'generator_126', 'generator_38', 'generator_128', 'generator_129', 'generator_130', 'generator_90', 'generator_111', 'generator_82', 'generator_112', 'generator_131']
number opened: 3
TRIAL 11
Action chosen: (yellow5, purple)
Outcome: False
partcle ids: ['generator_110', 'generator_111', 'generator_112', 'generator_113', 'generator_90', 'generator_38', 'generator_38', 'generator_100', 'generator_116', 'generator_90', 'generator_118', 'generator_38', 'generator_119', 'generator_120', 'generator_121', 'generator_122', 'generator_123', 'generator_100', 'generator_124', 'generator_90', 'generator_126', 'generator_38', 'generator_128', 'generator_129', 'generator_130', 'generator_90', 'generator_111', 'generator_82', 'generator_112', 'generator_131']
number opened: 3
TRIAL 12
Action chosen: (green3, purple)
Outcome: True
partcle ids: ['generator_119', 'generator_119', 'generator_132', 'generator_130', 'generator_121', 'generator_130', 'generator_133', 'generator_132', 'generator_131', 'generator_130', 'generator_110', 'generator_132', 'generator_119', 'generator_132', 'generator_133', 'generator_121', 'generator_121', 'generator_121', 'generator_119', 'generator_110', 'generator_110', 'generator_110', 'generator_119', 'generator_134', 'generator_130', 'generator_131', 'generator_134', 'generator_133', 'generator_131', 'generator_130']
number opened: 4
TRIAL 13
Action chosen: (pink, blue)
Outcome: False
partcle ids: ['generator_119', 'generator_119', 'generator_132', 'generator_130', 'generator_121', 'generator_130', 'generator_133', 'generator_132', 'generator_131', 'generator_130', 'generator_110', 'generator_132', 'generator_119', 'generator_132', 'generator_133', 'generator_121', 'generator_121', 'generator_121', 'generator_119', 'generator_110', 'generator_110', 'generator_110', 'generator_119', 'generator_134', 'generator_130', 'generator_131', 'generator_134', 'generator_133', 'generator_131', 'generator_130']
number opened: 4
TRIAL 14
Action chosen: (white, blue)
Outcome: False
partcle ids: ['generator_119', 'generator_119', 'generator_132', 'generator_130', 'generator_121', 'generator_130', 'generator_133', 'generator_132', 'generator_131', 'generator_130', 'generator_110', 'generator_132', 'generator_119', 'generator_132', 'generator_133', 'generator_121', 'generator_121', 'generator_121', 'generator_119', 'generator_110', 'generator_110', 'generator_110', 'generator_119', 'generator_134', 'generator_130', 'generator_131', 'generator_134', 'generator_133', 'generator_131', 'generator_130']
number opened: 4
TRIAL 15
Action chosen: (triangle, blue)
Outcome: False
partcle ids: ['generator_119', 'generator_119', 'generator_132', 'generator_130', 'generator_121', 'generator_130', 'generator_133', 'generator_132', 'generator_131', 'generator_130', 'generator_110', 'generator_132', 'generator_119', 'generator_132', 'generator_133', 'generator_121', 'generator_121', 'generator_121', 'generator_119', 'generator_110', 'generator_110', 'generator_110', 'generator_119', 'generator_134', 'generator_130', 'generator_131', 'generator_134', 'generator_133', 'generator_131', 'generator_130']
number opened: 4
TRIAL 16
Action chosen: (cloud, blue)
Outcome: False
partcle ids: ['generator_134', 'number_match', 'generator_134', 'generator_121', 'generator_119', 'generator_121', 'generator_121', 'generator_134', 'generator_121', 'generator_110', 'generator_134', 'generator_134', 'generator_133', 'number_match', 'number_match', 'generator_134', 'generator_134', 'generator_121', 'generator_132', 'number_match', 'generator_131', 'generator_121', 'generator_134', 'generator_121', 'generator_132', 'generator_110', 'generator_134', 'generator_134', 'generator_121', 'generator_121']
number opened: 4
TRIAL 17
Action chosen: (purple, blue)
Outcome: False
partcle ids: ['generator_134', 'number_match', 'generator_134', 'generator_121', 'generator_119', 'generator_121', 'generator_121', 'generator_134', 'generator_121', 'generator_110', 'generator_134', 'generator_134', 'generator_133', 'number_match', 'number_match', 'generator_134', 'generator_134', 'generator_121', 'generator_132', 'number_match', 'generator_131', 'generator_121', 'generator_134', 'generator_121', 'generator_132', 'generator_110', 'generator_134', 'generator_134', 'generator_121', 'generator_121']
number opened: 4
TRIAL 18
Action chosen: (blue, blue)
Outcome: False
partcle ids: ['generator_110', 'generator_110', 'generator_130', 'number_match', 'number_match', 'number_match', 'number_match', 'generator_130', 'number_match', 'number_match', 'generator_131', 'generator_121', 'generator_132', 'number_match', 'number_match', 'generator_119', 'generator_121', 'generator_131', 'number_match', 'generator_121', 'number_match', 'generator_119', 'generator_130', 'number_match', 'generator_133', 'number_match', 'generator_121', 'generator_121', 'generator_130', 'number_match']
number opened: 4
TRIAL 19
Action chosen: (yellow5, blue)
Outcome: True
partcle ids: ['number_match', 'number_match', 'number_match', 'number_match', 'number_match', 'number_match', 'number_match', 'number_match', 'number_match', 'number_match', 'number_match', 'number_match', 'number_match', 'number_match', 'number_match', 'number_match', 'number_match', 'number_match', 'number_match', 'number_match', 'number_match', 'number_match', 'number_match', 'number_match', 'number_match', 'number_match', 'number_match', 'number_match', 'number_match', 'number_match']
number opened: 5
{"attempts": 19, "unique_key_box_pairs": 19, "revisit_attempts": 0, "revisit_rate": 0.0, "attempts_before_abandoning_color_matching": 1, "color_matching_abandoned": true}
