{"Child_ID": "D019", "SoC_variant": "SoC-Gen", "theta": [19, 1], "p_gen": 0.8, "true_prior": 0.02, "run_number": 77, "seed": 2158588009279613764}
TRIAL 1
Action chosen: (pink, pink)
Outcome: False
partcle ids: ['similar_color_3', 'generator_1', 'generator_2', 'generator_3', 'generator_4', 'generator_5', 'similar_color_14', 'similar_color_13', 'generator_6', 'generator_7', 'generator_8', 'generator_9', 'generator_10', 'generator_11', 'similar_color_8', 'generator_12', 'generator_13', 'generator_14', 'generator_15', 'generator_16', 'generator_17', 'similar_color_6', 'generator_18', 'generator_19', 'generator_20', 'generator_21', 'generator_22', 'generator_23', 'generator_24', 'generator_25']
number opened: 0
TRIAL 2
Action chosen: (purple, white)
Outcome: False
partcle ids: ['similar_color_3', 'generator_1', 'generator_2', 'generator_3', 'generator_4', 'generator_5', 'similar_color_14', 'similar_color_13', 'generator_6', 'generator_7', 'generator_8', 'generator_9', 'generator_10', 'generator_11', 'similar_color_8', 'generator_12', 'generator_13', 'generator_14', 'generator_15', 'generator_16', 'generator_17', 'similar_color_6', 'generator_18', 'generator_19', 'generator_20', 'generator_21', 'generator_22', 'generator_23', 'generator_24', 'generator_25']
number opened: 0
TRIAL 3
Action chosen: (purple, pink)
Outcome: False
partcle ids: ['similar_color_3', 'generator_1', 'generator_2', 'generator_3', 'generator_4', 'generator_5', 'similar_color_14', 'similar_color_13', 'generator_6', 'generator_7', 'generator_8', 'generator_9', 'generator_10', 'generator_11', 'similar_color_8', 'generator_12', 'generator_13', 'generator_14', 'generator_15', 'generator_16', 'generator_17', 'similar_color_6', 'generator_18', 'generator_19', 'generator_20', 'generator_21', 'generator_22', 'generator_23', 'generator_24', 'generator_25']
number opened: 0
TRIAL 4
Action chosen: (grey2, pink)
Outcome: True
partcle ids: ['generator_26', 'generator_27', 'generator_28', 'generator_29', 'generator_30', 'generator_31', 'generator_9', 'generator_33', 'generator_34', 'generator_35', 'generator_36', 'generator_37', 'generator_38', 'generator_39', 'generator_40', 'generator_41', 'generator_42', 'generator_43', 'generator_44', 'generator_45', 'generator_46', 'generator_47', 'generator_48', 'generator_49', 'generator_50', 'generator_9', 'generator_51', 'generator_52', 'generator_53', 'generator_54']
number opened: 1
TRIAL 5
Action chosen: (heart, blue)
Outcome: False
partcle ids: ['generator_26', 'generator_27', 'generator_28', 'generator_29', 'generator_30', 'generator_31', 'generator_9', 'generator_33', 'generator_34', 'generator_35', 'generator_36', 'generator_37', 'generator_38', 'generator_39', 'generator_40', 'generator_41', 'generator_42', 'generator_43', 'generator_44', 'generator_45', 'generator_46', 'generator_47', 'generator_48', 'generator_49', 'generator_50', 'generator_9', 'generator_51', 'generator_52', 'generator_53', 'generator_54']
number opened: 1
TRIAL 6
Action chosen: (triangle, blue)
Outcome: False
partcle ids: ['generator_26', 'generator_27', 'generator_28', 'generator_29', 'generator_30', 'generator_31', 'generator_9', 'generator_33', 'generator_34', 'generator_35', 'generator_36', 'generator_37', 'generator_38', 'generator_39', 'generator_40', 'generator_41', 'generator_42', 'generator_43', 'generator_44', 'generator_45', 'generator_46', 'generator_47', 'generator_48', 'generator_49', 'generator_50', 'generator_9', 'generator_51', 'generator_52', 'generator_53', 'generator_54']
number opened: 1
TRIAL 7
Action chosen: (heart, white)
Outcome: False
partcle ids: ['generator_26', 'generator_27', 'generator_28', 'generator_29', 'generator_30', 'generator_31', 'generator_9', 'generator_33', 'generator_34', 'generator_35', 'generator_36', 'generator_37', 'generator_38', 'generator_39', 'generator_40', 'generator_41', 'generator_42', 'generator_43', 'generator_44', 'generator_45', 'generator_46', 'generator_47', 'generator_48', 'generator_49', 'generator_50', 'generator_9', 'generator_51', 'generator_52', 'generator_53', 'generator_54']
number opened: 1
TRIAL 8
Action chosen: (purple, blue)
Outcome: False
partcle ids: ['generator_55', 'generator_41', 'generator_57', 'generator_58', 'generator_59', 'generator_43', 'generator_34', 'generator_62', 'generator_38', 'generator_64', 'generator_43', 'generator_66', 'generator_36', 'generator_50', 'generator_69', 'generator_70', 'generator_71', 'generator_31', 'generator_73', 'generator_74', 'generator_30', 'generator_36', 'generator_77', 'generator_78', 'generator_79', 'generator_80', 'generator_81', 'generator_82', 'generator_83', 'generator_84']
number opened: 1
TRIAL 9
Action chosen: (yellow5, blue)
Outcome: True
partcle ids: ['generator_85', 'generator_86', 'generator_36', 'generator_87', 'generator_88', 'generator_89', 'generator_90', 'generator_91', 'generator_92', 'generator_93', 'generator_94', 'generator_80', 'generator_43', 'generator_62', 'generator_98', 'generator_99', 'generator_100', 'generator_101', 'generator_102', 'generator_103', 'generator_104', 'generator_105', 'generator_106', 'generator_107', 'generator_43', 'generator_43', 'generator_43', 'generator_111', 'generator_112', 'generator_113']
number opened: 2
TRIAL 10
Action chosen: (cloud, white)
Outcome: False
partcle ids: ['generator_85', 'generator_86', 'generator_36', 'generator_87', 'generator_88', 'generator_89', 'generator_90', 'generator_91', 'generator_92', 'generator_93', 'generator_94', 'generator_80', 'generator_43', 'generator_62', 'generator_98', 'generator_99', 'generator_100', 'generator_101', 'generator_102', 'generator_103', 'generator_104', 'generator_105', 'generator_106', 'generator_107', 'generator_43', 'generator_43', 'generator_43', 'generator_111', 'generator_112', 'generator_113']
number opened: 2
TRIAL 11
Action chosen: (cloud, red)
Outcome: False
partcle ids: ['generator_85', 'generator_86', 'generator_36', 'generator_87', 'generator_88', 'generator_89', 'generator_90', 'generator_91', 'generator_92', 'generator_93', 'generator_94', 'generator_80', 'generator_43', 'generator_62', 'generator_98', 'generator_99', 'generator_100', 'generator_101', 'generator_102', 'generator_103', 'generator_104', 'generator_105', 'generator_106', 'generator_107', 'generator_43', 'generator_43', 'generator_43', 'generator_111', 'generator_112', 'generator_113']
number opened: 2
TRIAL 12
Action chosen: (triangle, white)
Outcome: False
partcle ids: ['generator_85', 'generator_86', 'generator_36', 'generator_87', 'generator_88', 'generator_89', 'generator_90', 'generator_91', 'generator_92', 'generator_93', 'generator_94', 'generator_80', 'generator_43', 'generator_62', 'generator_98', 'generator_99', 'generator_100', 'generator_101', 'generator_102', 'generator_103', 'generator_104', 'generator_105', 'generator_106', 'generator_107', 'generator_43', 'generator_43', 'generator_43', 'generator_111', 'generator_112', 'generator_113']
number opened: 2
TRIAL 13
Action chosen: (white, white)
Outcome: False
partcle ids: ['generator_86', 'generator_93', 'generator_98', 'generator_80', 'generator_117', 'generator_118', 'generator_119', 'generator_107', 'generator_107', 'generator_62', 'generator_62', 'generator_86', 'generator_80', 'generator_62', 'generator_127', 'generator_90', 'generator_129', 'generator_130', 'generator_111', 'generator_80', 'generator_62', 'generator_98', 'generator_88', 'generator_88', 'generator_100', 'generator_137', 'generator_138', 'generator_139', 'generator_140', 'generator_141']
number opened: 2
TRIAL 14
Action chosen: (diamond, white)
Outcome: False
partcle ids: ['generator_86', 'generator_93', 'generator_98', 'generator_80', 'generator_117', 'generator_118', 'generator_119', 'generator_107', 'generator_107', 'generator_62', 'generator_62', 'generator_86', 'generator_80', 'generator_62', 'generator_127', 'generator_90', 'generator_129', 'generator_130', 'generator_111', 'generator_80', 'generator_62', 'generator_98', 'generator_88', 'generator_88', 'generator_100', 'generator_137', 'generator_138', 'generator_139', 'generator_140', 'generator_141']
number opened: 2
TRIAL 15
Action chosen: (orange4, red)
Outcome: False
partcle ids: ['generator_86', 'generator_93', 'generator_98', 'generator_80', 'generator_117', 'generator_118', 'generator_119', 'generator_107', 'generator_107', 'generator_62', 'generator_62', 'generator_86', 'generator_80', 'generator_62', 'generator_127', 'generator_90', 'generator_129', 'generator_130', 'generator_111', 'generator_80', 'generator_62', 'generator_98', 'generator_88', 'generator_88', 'generator_100', 'generator_137', 'generator_138', 'generator_139', 'generator_140', 'generator_141']
number opened: 2
TRIAL 16
Action chosen: (heart, red)
Outcome: False
partcle ids: ['generator_142', 'generator_110', 'generator_143', 'generator_144', 'generator_145', 'generator_107', 'generator_147', 'generator_148', 'generator_149', 'generator_107', 'generator_107', 'generator_100', 'generator_153', 'generator_127', 'generator_100', 'generator_156', 'generator_157', 'generator_158', 'generator_137', 'generator_141', 'generator_161', 'generator_139', 'order_match', 'generator_163', 'generator_137', 'generator_157', 'generator_165', 'generator_166', 'generator_118', 'generator_140']
number opened: 2
TRIAL 17
Action chosen: (red, white)
Outcome: False
partcle ids: ['generator_142', 'generator_110', 'generator_143', 'generator_144', 'generator_145', 'generator_107', 'generator_147', 'generator_148', 'generator_149', 'generator_107', 'generator_107', 'generator_100', 'generator_153', 'generator_127', 'generator_100', 'generator_156', 'generator_157', 'generator_158', 'generator_137', 'generator_141', 'generator_161', 'generator_139', 'order_match', 'generator_163', 'generator_137', 'generator_157', 'generator_165', 'generator_166', 'generator_118', 'generator_140']
number opened: 2
TRIAL 18
Action chosen: (orange4, white)
Outcome: True
partcle ids: ['generator_168', 'generator_145', 'generator_170', 'generator_118', 'generator_171', 'generator_172', 'generator_147', 'generator_165', 'generator_153', 'generator_174', 'generator_175', 'generator_137', 'generator_177', 'generator_178', 'generator_179', 'generator_180', 'generator_137', 'generator_182', 'generator_145', 'generator_118', 'generator_183', 'generator_184', 'generator_137', 'generator_185', 'generator_183', 'generator_186', 'generator_185', 'generator_153', 'generator_187', 'generator_188']
number opened: 3
TRIAL 19
Action chosen: (green3, red)
Outcome: False
partcle ids: ['generator_168', 'generator_145', 'generator_170', 'generator_118', 'generator_171', 'generator_172', 'generator_147', 'generator_165', 'generator_153', 'generator_174', 'generator_175', 'generator_137', 'generator_177', 'generator_178', 'generator_179', 'generator_180', 'generator_137', 'generator_182', 'generator_145', 'generator_118', 'generator_183', 'generator_184', 'generator_137', 'generator_185', 'generator_183', 'generator_186', 'generator_185', 'generator_153', 'generator_187', 'generator_188']
number opened: 3
TRIAL 20
Action chosen: (diamond, red)
Outcome: False
partcle ids: ['generator_168', 'generator_145', 'generator_170', 'generator_118', 'generator_171', 'generator_172', 'generator_147', 'generator_165', 'generator_153', 'generator_174', 'generator_175', 'generator_137', 'generator_177', 'generator_178', 'generator_179', 'generator_180', 'generator_137', 'generator_182', 'generator_145', 'generator_118', 'generator_183', 'generator_184', 'generator_137', 'generator_185', 'generator_183', 'generator_186', 'generator_185', 'generator_153', 'generator_187', 'generator_188']
number opened: 3
TRIAL 21
Action chosen: (pink, red)
Outcome: False
partcle ids: ['generator_153', 'generator_184', 'generator_147', 'generator_190', 'generator_174', 'generator_147', 'generator_191', 'generator_175', 'generator_187', 'generator_192', 'generator_147', 'generator_193', 'generator_193', 'generator_153', 'generator_194', 'generator_174', 'generator_187', 'generator_179', 'generator_177', 'generator_175', 'generator_171', 'generator_198', 'generator_179', 'generator_199', 'generator_179', 'generator_171', 'generator_101', 'generator_174', 'generator_171', 'generator_202']
number opened: 3
TRIAL 22
Action chosen: (purple, red)
Outcome: False
partcle ids: ['generator_153', 'generator_184', 'generator_147', 'generator_190', 'generator_174', 'generator_147', 'generator_191', 'generator_175', 'generator_187', 'generator_192', 'generator_147', 'generator_193', 'generator_193', 'generator_153', 'generator_194', 'generator_174', 'generator_187', 'generator_179', 'generator_177', 'generator_175', 'generator_171', 'generator_198', 'generator_179', 'generator_199', 'generator_179', 'generator_171', 'generator_101', 'generator_174', 'generator_171', 'generator_202']
number opened: 3
TRIAL 23
Action chosen: (white, red)
Outcome: False
partcle ids: ['generator_153', 'generator_184', 'generator_147', 'generator_190', 'generator_174', 'generator_147', 'generator_191', 'generator_175', 'generator_187', 'generator_192', 'generator_147', 'generator_193', 'generator_193', 'generator_153', 'generator_194', 'generator_174', 'generator_187', 'generator_179', 'generator_177', 'generator_175', 'generator_171', 'generator_198', 'generator_179', 'generator_199', 'generator_179', 'generator_171', 'generator_101', 'generator_174', 'generator_171', 'generator_202']
number opened: 3
TRIAL 24
Action chosen: (triangle, red)
Outcome: False
partcle ids: ['generator_194', 'generator_153', 'generator_199', 'generator_199', 'generator_194', 'generator_177', 'generator_153', 'generator_205', 'generator_199', 'generator_199', 'generator_90', 'generator_207', 'generator_153', 'generator_175', 'generator_208', 'generator_209', 'generator_210', 'generator_199', 'generator_153', 'generator_101', 'generator_208', 'generator_153', 'generator_153', 'generator_194', 'generator_214', 'generator_181', 'generator_153', 'generator_206', 'generator_199', 'generator_153']
number opened: 3
TRIAL 25
Action chosen: (red, red)
Outcome: True
partcle ids: ['generator_199', 'generator_194', 'generator_216', 'generator_90', 'generator_216', 'generator_217', 'generator_199', 'number_match', 'number_match', 'generator_216', 'generator_205', 'generator_210', 'generator_194', 'generator_90', 'generator_217', 'number_match', 'generator_199', 'generator_216', 'number_match', 'generator_205', 'generator_210', 'generator_194', 'generator_210', 'generator_216', 'generator_194', 'generator_216', 'generator_205', 'generator_194', 'generator_194', 'generator_194']
number opened: 4
TRIAL 26
Action chosen: (blue, purple)
Outcome: False
partcle ids: ['generator_199', 'generator_194', 'generator_216', 'generator_90', 'generator_216', 'generator_217', 'generator_199', 'number_match', 'number_match', 'generator_216', 'generator_205', 'generator_210', 'generator_194', 'generator_90', 'generator_217', 'number_match', 'generator_199', 'generator_216', 'number_match', 'generator_205', 'generator_210', 'generator_194', 'generator_210', 'generator_216', 'generator_194', 'generator_216', 'generator_205', 'generator_194', 'generator_194', 'generator_194']
number opened: 4
TRIAL 27
Action chosen: (purple, purple)
Outcome: False
partcle ids: ['generator_199', 'generator_194', 'generator_216', 'generator_90', 'generator_216', 'generator_217', 'generator_199', 'number_match', 'number_match', 'generator_216', 'generator_205', 'generator_210', 'generator_194', 'generator_90', 'generator_217', 'number_match', 'generator_199', 'generator_216', 'number_match', 'generator_205', 'generator_210', 'generator_194', 'generator_210', 'generator_216', 'generator_194', 'generator_216', 'generator_205', 'generator_194', 'generator_194', 'generator_194']
number opened: 4
TRIAL 28
Action chosen: (green3, purple)
Outcome: True
partcle ids: ['number_match', 'number_match', 'number_match', 'number_match', 'number_match', 'number_match', 'number_match', 'number_match', 'number_match', 'number_match', 'number_match', 'number_match', 'number_match', 'number_match', 'number_match', 'number_match', 'number_match', 'number_match', 'number_match', 'number_match', 'number_match', 'number_match', 'number_match', 'number_match', 'number_match', 'number_match', 'number_match', 'number_match', 'number_match', 'number_match']
number opened: 5
{"attempts": 28, "unique_key_box_pairs": 28, "revisit_attempts": 0, "revisit_rate": 0.0, "attempts_before_abandoning_color_matching": 1, "color_matching_abandoned": true}
