{"Child_ID": "D019", "SoC_variant": "SoC-Gen", "theta": [19, 1], "p_gen": 0.8, "true_prior": 0.02, "run_number": 63, "seed": 5052946209219646774}
TRIAL 1
Action chosen: (pink, pink)
Outcome: False
partcle ids: ['generator_1', 'generator_2', 'generator_3', 'generator_4', 'generator_5', 'generator_6', 'generator_7', 'similar_color_1', 'similar_color_7', 'generator_8', 'generator_9', 'similar_color_11', 'generator_10', 'generator_11', 'generator_12', 'generator_13', 'generator_14', 'similar_color_1', 'generator_15', 'generator_16', 'generator_17', 'generator_18', 'generator_19', 'generator_20', 'generator_21', 'generator_22', 'order_match', 'generator_23', 'similar_color_14', 'generator_24']
number opened: 0
TRIAL 2
Action chosen: (heart, purple)
Outcome: False
partcle ids: ['generator_1', 'generator_2', 'generator_3', 'generator_4', 'generator_5', 'generator_6', 'generator_7', 'similar_color_1', 'similar_color_7', 'generator_8', 'generator_9', 'similar_color_11', 'generator_10', 'generator_11', 'generator_12', 'generator_13', 'generator_14', 'similar_color_1', 'generator_15', 'generator_16', 'generator_17', 'generator_18', 'generator_19', 'generator_20', 'generator_21', 'generator_22', 'order_match', 'generator_23', 'similar_color_14', 'generator_24']
number opened: 0
TRIAL 3
Action chosen: (white, red)
Outcome: False
partcle ids: ['generator_8', 'generator_19', 'generator_26', 'generator_27', 'generator_23', 'generator_29', 'generator_30', 'generator_8', 'generator_32', 'generator_33', 'generator_34', 'generator_35', 'generator_8', 'generator_37', 'generator_38', 'generator_19', 'generator_40', 'generator_7', 'generator_41', 'generator_42', 'generator_43', 'generator_44', 'generator_2', 'generator_24', 'generator_46', 'generator_47', 'generator_48', 'generator_49', 'generator_50', 'generator_51']
number opened: 0
TRIAL 4
Action chosen: (heart, red)
Outcome: False
partcle ids: ['generator_8', 'generator_19', 'generator_26', 'generator_27', 'generator_23', 'generator_29', 'generator_30', 'generator_8', 'generator_32', 'generator_33', 'generator_34', 'generator_35', 'generator_8', 'generator_37', 'generator_38', 'generator_19', 'generator_40', 'generator_7', 'generator_41', 'generator_42', 'generator_43', 'generator_44', 'generator_2', 'generator_24', 'generator_46', 'generator_47', 'generator_48', 'generator_49', 'generator_50', 'generator_51']
number opened: 0
TRIAL 5
Action chosen: (pink, purple)
Outcome: False
partcle ids: ['generator_8', 'generator_19', 'generator_26', 'generator_27', 'generator_23', 'generator_29', 'generator_30', 'generator_8', 'generator_32', 'generator_33', 'generator_34', 'generator_35', 'generator_8', 'generator_37', 'generator_38', 'generator_19', 'generator_40', 'generator_7', 'generator_41', 'generator_42', 'generator_43', 'generator_44', 'generator_2', 'generator_24', 'generator_46', 'generator_47', 'generator_48', 'generator_49', 'generator_50', 'generator_51']
number opened: 0
TRIAL 6
Action chosen: (yellow5, purple)
Outcome: False
partcle ids: ['generator_8', 'generator_19', 'generator_26', 'generator_27', 'generator_23', 'generator_29', 'generator_30', 'generator_8', 'generator_32', 'generator_33', 'generator_34', 'generator_35', 'generator_8', 'generator_37', 'generator_38', 'generator_19', 'generator_40', 'generator_7', 'generator_41', 'generator_42', 'generator_43', 'generator_44', 'generator_2', 'generator_24', 'generator_46', 'generator_47', 'generator_48', 'generator_49', 'generator_50', 'generator_51']
number opened: 0
TRIAL 7
Action chosen: (yellow5, red)
Outcome: False
partcle ids: ['generator_52', 'generator_53', 'generator_54', 'generator_55', 'generator_56', 'generator_57', 'generator_48', 'generator_59', 'generator_42', 'generator_61', 'generator_40', 'generator_62', 'generator_33', 'generator_64', 'generator_65', 'generator_66', 'generator_67', 'generator_68', 'generator_69', 'generator_70', 'generator_71', 'generator_72', 'generator_23', 'generator_73', 'generator_2', 'generator_2', 'generator_76', 'generator_42', 'generator_48', 'generator_79']
number opened: 0
TRIAL 8
Action chosen: (triangle, purple)
Outcome: False
partcle ids: ['generator_52', 'generator_53', 'generator_54', 'generator_55', 'generator_56', 'generator_57', 'generator_48', 'generator_59', 'generator_42', 'generator_61', 'generator_40', 'generator_62', 'generator_33', 'generator_64', 'generator_65', 'generator_66', 'generator_67', 'generator_68', 'generator_69', 'generator_70', 'generator_71', 'generator_72', 'generator_23', 'generator_73', 'generator_2', 'generator_2', 'generator_76', 'generator_42', 'generator_48', 'generator_79']
number opened: 0
TRIAL 9
Action chosen: (pink, white)
Outcome: False
partcle ids: ['generator_52', 'generator_53', 'generator_54', 'generator_55', 'generator_56', 'generator_57', 'generator_48', 'generator_59', 'generator_42', 'generator_61', 'generator_40', 'generator_62', 'generator_33', 'generator_64', 'generator_65', 'generator_66', 'generator_67', 'generator_68', 'generator_69', 'generator_70', 'generator_71', 'generator_72', 'generator_23', 'generator_73', 'generator_2', 'generator_2', 'generator_76', 'generator_42', 'generator_48', 'generator_79']
number opened: 0
TRIAL 10
Action chosen: (heart, white)
Outcome: False
partcle ids: ['generator_23', 'generator_72', 'generator_81', 'generator_64', 'generator_56', 'generator_83', 'generator_57', 'generator_72', 'generator_64', 'generator_68', 'generator_71', 'generator_68', 'generator_72', 'generator_67', 'generator_91', 'generator_52', 'generator_73', 'generator_93', 'generator_52', 'generator_59', 'generator_95', 'generator_67', 'generator_97', 'generator_68', 'generator_57', 'generator_100', 'generator_101', 'color_match', 'generator_102', 'generator_57']
number opened: 0
TRIAL 11
Action chosen: (orange4, red)
Outcome: False
partcle ids: ['generator_23', 'generator_72', 'generator_81', 'generator_64', 'generator_56', 'generator_83', 'generator_57', 'generator_72', 'generator_64', 'generator_68', 'generator_71', 'generator_68', 'generator_72', 'generator_67', 'generator_91', 'generator_52', 'generator_73', 'generator_93', 'generator_52', 'generator_59', 'generator_95', 'generator_67', 'generator_97', 'generator_68', 'generator_57', 'generator_100', 'generator_101', 'color_match', 'generator_102', 'generator_57']
number opened: 0
TRIAL 12
Action chosen: (green3, purple)
Outcome: True
partcle ids: ['generator_103', 'generator_97', 'generator_105', 'generator_106', 'generator_52', 'generator_102', 'generator_109', 'generator_52', 'generator_111', 'generator_112', 'generator_113', 'generator_52', 'generator_115', 'generator_116', 'generator_117', 'generator_52', 'generator_119', 'generator_120', 'generator_121', 'generator_122', 'generator_123', 'generator_124', 'generator_125', 'generator_126', 'generator_127', 'generator_128', 'generator_52', 'generator_130', 'generator_131', 'generator_132']
number opened: 1
TRIAL 13
Action chosen: (pink, blue)
Outcome: False
partcle ids: ['generator_103', 'generator_97', 'generator_105', 'generator_106', 'generator_52', 'generator_102', 'generator_109', 'generator_52', 'generator_111', 'generator_112', 'generator_113', 'generator_52', 'generator_115', 'generator_116', 'generator_117', 'generator_52', 'generator_119', 'generator_120', 'generator_121', 'generator_122', 'generator_123', 'generator_124', 'generator_125', 'generator_126', 'generator_127', 'generator_128', 'generator_52', 'generator_130', 'generator_131', 'generator_132']
number opened: 1
TRIAL 14
Action chosen: (white, blue)
Outcome: False
partcle ids: ['generator_103', 'generator_97', 'generator_105', 'generator_106', 'generator_52', 'generator_102', 'generator_109', 'generator_52', 'generator_111', 'generator_112', 'generator_113', 'generator_52', 'generator_115', 'generator_116', 'generator_117', 'generator_52', 'generator_119', 'generator_120', 'generator_121', 'generator_122', 'generator_123', 'generator_124', 'generator_125', 'generator_126', 'generator_127', 'generator_128', 'generator_52', 'generator_130', 'generator_131', 'generator_132']
number opened: 1
TRIAL 15
Action chosen: (heart, blue)
Outcome: False
partcle ids: ['generator_133', 'generator_134', 'generator_130', 'generator_135', 'generator_136', 'generator_137', 'generator_138', 'generator_139', 'generator_140', 'generator_127', 'generator_142', 'generator_143', 'generator_144', 'generator_145', 'generator_117', 'generator_127', 'generator_97', 'generator_149', 'generator_106', 'generator_151', 'generator_152', 'generator_105', 'generator_130', 'generator_102', 'generator_130', 'generator_156', 'generator_157', 'generator_158', 'generator_127', 'generator_160']
number opened: 1
TRIAL 16
Action chosen: (blue, red)
Outcome: False
partcle ids: ['generator_133', 'generator_134', 'generator_130', 'generator_135', 'generator_136', 'generator_137', 'generator_138', 'generator_139', 'generator_140', 'generator_127', 'generator_142', 'generator_143', 'generator_144', 'generator_145', 'generator_117', 'generator_127', 'generator_97', 'generator_149', 'generator_106', 'generator_151', 'generator_152', 'generator_105', 'generator_130', 'generator_102', 'generator_130', 'generator_156', 'generator_157', 'generator_158', 'generator_127', 'generator_160']
number opened: 1
TRIAL 17
Action chosen: (grey2, pink)
Outcome: True
partcle ids: ['generator_158', 'generator_157', 'generator_157', 'generator_164', 'generator_165', 'generator_166', 'generator_157', 'generator_133', 'generator_169', 'generator_158', 'generator_171', 'generator_158', 'generator_173', 'generator_133', 'generator_149', 'generator_176', 'generator_157', 'generator_178', 'generator_157', 'generator_157', 'generator_158', 'generator_182', 'generator_157', 'generator_158', 'generator_133', 'generator_186', 'generator_187', 'generator_188', 'generator_189', 'generator_190']
number opened: 2
TRIAL 18
Action chosen: (red, blue)
Outcome: False
partcle ids: ['generator_158', 'generator_157', 'generator_157', 'generator_164', 'generator_165', 'generator_166', 'generator_157', 'generator_133', 'generator_169', 'generator_158', 'generator_171', 'generator_158', 'generator_173', 'generator_133', 'generator_149', 'generator_176', 'generator_157', 'generator_178', 'generator_157', 'generator_157', 'generator_158', 'generator_182', 'generator_157', 'generator_158', 'generator_133', 'generator_186', 'generator_187', 'generator_188', 'generator_189', 'generator_190']
number opened: 2
TRIAL 19
Action chosen: (cloud, red)
Outcome: False
partcle ids: ['generator_191', 'generator_192', 'generator_165', 'generator_194', 'generator_195', 'generator_196', 'generator_197', 'generator_187', 'generator_171', 'generator_200', 'generator_201', 'generator_202', 'generator_203', 'generator_204', 'generator_205', 'generator_206', 'generator_207', 'generator_165', 'generator_209', 'generator_210', 'generator_188', 'generator_169', 'generator_213', 'generator_214', 'generator_215', 'generator_216', 'generator_217', 'generator_188', 'generator_190', 'generator_220']
number opened: 2
TRIAL 20
Action chosen: (cloud, blue)
Outcome: False
partcle ids: ['generator_191', 'generator_192', 'generator_165', 'generator_194', 'generator_195', 'generator_196', 'generator_197', 'generator_187', 'generator_171', 'generator_200', 'generator_201', 'generator_202', 'generator_203', 'generator_204', 'generator_205', 'generator_206', 'generator_207', 'generator_165', 'generator_209', 'generator_210', 'generator_188', 'generator_169', 'generator_213', 'generator_214', 'generator_215', 'generator_216', 'generator_217', 'generator_188', 'generator_190', 'generator_220']
number opened: 2
TRIAL 21
Action chosen: (red, red)
Outcome: True
partcle ids: ['generator_221', 'generator_222', 'generator_223', 'number_match', 'generator_190', 'generator_224', 'generator_201', 'generator_187', 'generator_226', 'generator_227', 'generator_228', 'generator_229', 'generator_230', 'generator_231', 'generator_232', 'generator_194', 'generator_233', 'generator_191', 'generator_230', 'generator_191', 'generator_191', 'generator_190', 'generator_236', 'generator_194', 'generator_201', 'generator_191', 'generator_239', 'generator_191', 'generator_241', 'generator_233']
number opened: 3
TRIAL 22
Action chosen: (orange4, blue)
Outcome: False
partcle ids: ['generator_221', 'generator_222', 'generator_223', 'number_match', 'generator_190', 'generator_224', 'generator_201', 'generator_187', 'generator_226', 'generator_227', 'generator_228', 'generator_229', 'generator_230', 'generator_231', 'generator_232', 'generator_194', 'generator_233', 'generator_191', 'generator_230', 'generator_191', 'generator_191', 'generator_190', 'generator_236', 'generator_194', 'generator_201', 'generator_191', 'generator_239', 'generator_191', 'generator_241', 'generator_233']
number opened: 3
TRIAL 23
Action chosen: (triangle, white)
Outcome: False
partcle ids: ['generator_221', 'generator_222', 'generator_223', 'number_match', 'generator_190', 'generator_224', 'generator_201', 'generator_187', 'generator_226', 'generator_227', 'generator_228', 'generator_229', 'generator_230', 'generator_231', 'generator_232', 'generator_194', 'generator_233', 'generator_191', 'generator_230', 'generator_191', 'generator_191', 'generator_190', 'generator_236', 'generator_194', 'generator_201', 'generator_191', 'generator_239', 'generator_191', 'generator_241', 'generator_233']
number opened: 3
TRIAL 24
Action chosen: (orange4, white)
Outcome: True
partcle ids: ['generator_242', 'generator_242', 'generator_223', 'generator_232', 'generator_243', 'generator_187', 'generator_244', 'generator_245', 'number_match', 'generator_223', 'number_match', 'generator_223', 'number_match', 'generator_242', 'generator_232', 'generator_232', 'number_match', 'generator_187', 'generator_245', 'generator_245', 'generator_187', 'generator_232', 'number_match', 'generator_232', 'generator_245', 'generator_232', 'generator_232', 'generator_245', 'number_match', 'generator_232']
number opened: 4
TRIAL 25
Action chosen: (diamond, blue)
Outcome: False
partcle ids: ['generator_242', 'generator_242', 'generator_223', 'generator_232', 'generator_243', 'generator_187', 'generator_244', 'generator_245', 'number_match', 'generator_223', 'number_match', 'generator_223', 'number_match', 'generator_242', 'generator_232', 'generator_232', 'number_match', 'generator_187', 'generator_245', 'generator_245', 'generator_187', 'generator_232', 'number_match', 'generator_232', 'generator_245', 'generator_232', 'generator_232', 'generator_245', 'number_match', 'generator_232']
number opened: 4
TRIAL 26
Action chosen: (yellow5, blue)
Outcome: True
partcle ids: ['number_match', 'number_match', 'number_match', 'number_match', 'number_match', 'number_match', 'number_match', 'number_match', 'number_match', 'number_match', 'number_match', 'number_match', 'number_match', 'number_match', 'number_match', 'number_match', 'number_match', 'number_match', 'number_match', 'number_match', 'number_match', 'number_match', 'number_match', 'number_match', 'number_match', 'number_match', 'number_match', 'number_match', 'number_match', 'number_match']
number opened: 5
{"attempts": 26, "unique_key_box_pairs": 26, "revisit_attempts": 0, "revisit_rate": 0.0, "attempts_before_abandoning_color_matching": 1, "color_matching_abandoned": true}
