{"Child_ID": "D030", "SoC_variant": "SoC-Gen", "theta": [19, 1], "p_gen": 0.7, "true_prior": 0.02, "run_number": 3, "seed": 1996753164404917052}
TRIAL 1
Action chosen: (purple, purple)
Outcome: False
partcle ids: ['generator_1', 'generator_2', 'generator_3', 'generator_4', 'generator_5', 'generator_6', 'generator_7', 'generator_8', 'generator_9', 'generator_10', 'similar_color_7', 'similar_color_11', 'similar_color_14', 'similar_color_1', 'generator_11', 'generator_12', 'generator_13', 'generator_14', 'generator_15', 'generator_16', 'similar_color_13', 'generator_17', 'generator_18', 'generator_19', 'similar_color_9', 'generator_20', 'generator_21', 'generator_22', 'generator_23', 'generator_24']
number opened: 0
TRIAL 2
Action chosen: (heart, blue)
Outcome: False
partcle ids: ['generator_1', 'generator_2', 'generator_3', 'generator_4', 'generator_5', 'generator_6', 'generator_7', 'generator_8', 'generator_9', 'generator_10', 'similar_color_7', 'similar_color_11', 'similar_color_14', 'similar_color_1', 'generator_11', 'generator_12', 'generator_13', 'generator_14', 'generator_15', 'generator_16', 'similar_color_13', 'generator_17', 'generator_18', 'generator_19', 'similar_color_9', 'generator_20', 'generator_21', 'generator_22', 'generator_23', 'generator_24']
number opened: 0
TRIAL 3
Action chosen: (purple, pink)
Outcome: False
partcle ids: ['generator_24', 'generator_11', 'generator_26', 'generator_27', 'generator_28', 'generator_29', 'generator_30', 'generator_31', 'generator_32', 'generator_33', 'generator_11', 'generator_34', 'generator_35', 'generator_36', 'generator_24', 'generator_14', 'generator_10', 'generator_39', 'generator_14', 'generator_15', 'generator_40', 'generator_41', 'generator_42', 'generator_43', 'generator_44', 'generator_45', 'generator_46', 'generator_47', 'generator_48', 'generator_49']
number opened: 0
TRIAL 4
Action chosen: (white, pink)
Outcome: False
partcle ids: ['generator_24', 'generator_11', 'generator_26', 'generator_27', 'generator_28', 'generator_29', 'generator_30', 'generator_31', 'generator_32', 'generator_33', 'generator_11', 'generator_34', 'generator_35', 'generator_36', 'generator_24', 'generator_14', 'generator_10', 'generator_39', 'generator_14', 'generator_15', 'generator_40', 'generator_41', 'generator_42', 'generator_43', 'generator_44', 'generator_45', 'generator_46', 'generator_47', 'generator_48', 'generator_49']
number opened: 0
TRIAL 5
Action chosen: (triangle, red)
Outcome: False
partcle ids: ['generator_24', 'generator_11', 'generator_26', 'generator_27', 'generator_28', 'generator_29', 'generator_30', 'generator_31', 'generator_32', 'generator_33', 'generator_11', 'generator_34', 'generator_35', 'generator_36', 'generator_24', 'generator_14', 'generator_10', 'generator_39', 'generator_14', 'generator_15', 'generator_40', 'generator_41', 'generator_42', 'generator_43', 'generator_44', 'generator_45', 'generator_46', 'generator_47', 'generator_48', 'generator_49']
number opened: 0
TRIAL 6
Action chosen: (red, purple)
Outcome: False
partcle ids: ['generator_24', 'generator_11', 'generator_26', 'generator_27', 'generator_28', 'generator_29', 'generator_30', 'generator_31', 'generator_32', 'generator_33', 'generator_11', 'generator_34', 'generator_35', 'generator_36', 'generator_24', 'generator_14', 'generator_10', 'generator_39', 'generator_14', 'generator_15', 'generator_40', 'generator_41', 'generator_42', 'generator_43', 'generator_44', 'generator_45', 'generator_46', 'generator_47', 'generator_48', 'generator_49']
number opened: 0
TRIAL 7
Action chosen: (blue, blue)
Outcome: False
partcle ids: ['generator_50', 'generator_43', 'generator_29', 'generator_10', 'generator_52', 'generator_15', 'generator_41', 'generator_55', 'generator_56', 'generator_40', 'generator_57', 'generator_40', 'generator_59', 'generator_29', 'generator_29', 'generator_36', 'generator_62', 'generator_63', 'generator_40', 'generator_65', 'generator_10', 'generator_66', 'generator_67', 'generator_68', 'generator_69', 'generator_48', 'generator_46', 'generator_72', 'generator_35', 'generator_74']
number opened: 0
TRIAL 8
Action chosen: (white, purple)
Outcome: False
partcle ids: ['generator_50', 'generator_43', 'generator_29', 'generator_10', 'generator_52', 'generator_15', 'generator_41', 'generator_55', 'generator_56', 'generator_40', 'generator_57', 'generator_40', 'generator_59', 'generator_29', 'generator_29', 'generator_36', 'generator_62', 'generator_63', 'generator_40', 'generator_65', 'generator_10', 'generator_66', 'generator_67', 'generator_68', 'generator_69', 'generator_48', 'generator_46', 'generator_72', 'generator_35', 'generator_74']
number opened: 0
TRIAL 9
Action chosen: (heart, purple)
Outcome: False
partcle ids: ['generator_50', 'generator_43', 'generator_29', 'generator_10', 'generator_52', 'generator_15', 'generator_41', 'generator_55', 'generator_56', 'generator_40', 'generator_57', 'generator_40', 'generator_59', 'generator_29', 'generator_29', 'generator_36', 'generator_62', 'generator_63', 'generator_40', 'generator_65', 'generator_10', 'generator_66', 'generator_67', 'generator_68', 'generator_69', 'generator_48', 'generator_46', 'generator_72', 'generator_35', 'generator_74']
number opened: 0
TRIAL 10
Action chosen: (green3, pink)
Outcome: False
partcle ids: ['generator_52', 'generator_75', 'generator_68', 'generator_40', 'generator_77', 'generator_78', 'generator_35', 'generator_40', 'generator_40', 'generator_55', 'generator_57', 'generator_50', 'generator_81', 'generator_82', 'generator_83', 'generator_40', 'generator_15', 'generator_15', 'generator_85', 'generator_63', 'generator_68', 'generator_87', 'generator_88', 'generator_65', 'generator_57', 'generator_41', 'generator_52', 'generator_93', 'generator_35', 'generator_94']
number opened: 0
TRIAL 11
Action chosen: (blue, purple)
Outcome: False
partcle ids: ['generator_52', 'generator_75', 'generator_68', 'generator_40', 'generator_77', 'generator_78', 'generator_35', 'generator_40', 'generator_40', 'generator_55', 'generator_57', 'generator_50', 'generator_81', 'generator_82', 'generator_83', 'generator_40', 'generator_15', 'generator_15', 'generator_85', 'generator_63', 'generator_68', 'generator_87', 'generator_88', 'generator_65', 'generator_57', 'generator_41', 'generator_52', 'generator_93', 'generator_35', 'generator_94']
number opened: 0
TRIAL 12
Action chosen: (triangle, blue)
Outcome: False
partcle ids: ['generator_52', 'generator_75', 'generator_68', 'generator_40', 'generator_77', 'generator_78', 'generator_35', 'generator_40', 'generator_40', 'generator_55', 'generator_57', 'generator_50', 'generator_81', 'generator_82', 'generator_83', 'generator_40', 'generator_15', 'generator_15', 'generator_85', 'generator_63', 'generator_68', 'generator_87', 'generator_88', 'generator_65', 'generator_57', 'generator_41', 'generator_52', 'generator_93', 'generator_35', 'generator_94']
number opened: 0
TRIAL 13
Action chosen: (diamond, red)
Outcome: False
partcle ids: ['generator_95', 'generator_82', 'generator_94', 'generator_82', 'generator_82', 'generator_98', 'generator_52', 'generator_55', 'generator_101', 'generator_82', 'generator_103', 'generator_82', 'generator_104', 'generator_77', 'generator_93', 'generator_106', 'generator_107', 'generator_50', 'generator_108', 'generator_109', 'generator_110', 'generator_111', 'generator_68', 'generator_52', 'generator_94', 'generator_52', 'generator_115', 'generator_116', 'generator_117', 'generator_118']
number opened: 0
TRIAL 14
Action chosen: (pink, pink)
Outcome: False
partcle ids: ['generator_95', 'generator_82', 'generator_94', 'generator_82', 'generator_82', 'generator_98', 'generator_52', 'generator_55', 'generator_101', 'generator_82', 'generator_103', 'generator_82', 'generator_104', 'generator_77', 'generator_93', 'generator_106', 'generator_107', 'generator_50', 'generator_108', 'generator_109', 'generator_110', 'generator_111', 'generator_68', 'generator_52', 'generator_94', 'generator_52', 'generator_115', 'generator_116', 'generator_117', 'generator_118']
number opened: 0
TRIAL 15
Action chosen: (diamond, pink)
Outcome: False
partcle ids: ['generator_95', 'generator_82', 'generator_94', 'generator_82', 'generator_82', 'generator_98', 'generator_52', 'generator_55', 'generator_101', 'generator_82', 'generator_103', 'generator_82', 'generator_104', 'generator_77', 'generator_93', 'generator_106', 'generator_107', 'generator_50', 'generator_108', 'generator_109', 'generator_110', 'generator_111', 'generator_68', 'generator_52', 'generator_94', 'generator_52', 'generator_115', 'generator_116', 'generator_117', 'generator_118']
number opened: 0
TRIAL 16
Action chosen: (diamond, purple)
Outcome: False
partcle ids: ['generator_104', 'generator_104', 'generator_121', 'generator_118', 'generator_55', 'generator_95', 'generator_93', 'generator_104', 'generator_95', 'generator_93', 'generator_77', 'generator_115', 'generator_117', 'generator_128', 'generator_129', 'generator_93', 'generator_103', 'generator_118', 'generator_103', 'generator_131', 'generator_108', 'generator_133', 'generator_134', 'generator_135', 'generator_104', 'generator_95', 'generator_95', 'generator_95', 'generator_104', 'generator_117']
number opened: 0
TRIAL 17
Action chosen: (pink, blue)
Outcome: False
partcle ids: ['generator_104', 'generator_104', 'generator_121', 'generator_118', 'generator_55', 'generator_95', 'generator_93', 'generator_104', 'generator_95', 'generator_93', 'generator_77', 'generator_115', 'generator_117', 'generator_128', 'generator_129', 'generator_93', 'generator_103', 'generator_118', 'generator_103', 'generator_131', 'generator_108', 'generator_133', 'generator_134', 'generator_135', 'generator_104', 'generator_95', 'generator_95', 'generator_95', 'generator_104', 'generator_117']
number opened: 0
TRIAL 18
Action chosen: (yellow5, red)
Outcome: False
partcle ids: ['generator_104', 'generator_104', 'generator_121', 'generator_118', 'generator_55', 'generator_95', 'generator_93', 'generator_104', 'generator_95', 'generator_93', 'generator_77', 'generator_115', 'generator_117', 'generator_128', 'generator_129', 'generator_93', 'generator_103', 'generator_118', 'generator_103', 'generator_131', 'generator_108', 'generator_133', 'generator_134', 'generator_135', 'generator_104', 'generator_95', 'generator_95', 'generator_95', 'generator_104', 'generator_117']
number opened: 0
TRIAL 19
Action chosen: (heart, red)
Outcome: False
partcle ids: ['generator_140', 'generator_121', 'generator_142', 'generator_143', 'generator_144', 'generator_134', 'generator_146', 'generator_147', 'generator_148', 'generator_134', 'generator_121', 'generator_149', 'generator_121', 'generator_150', 'generator_121', 'generator_152', 'generator_121', 'generator_133', 'generator_153', 'generator_154', 'generator_155', 'generator_118', 'generator_156', 'generator_55', 'generator_118', 'generator_133', 'generator_159', 'generator_133', 'generator_118', 'generator_131']
number opened: 0
TRIAL 20
Action chosen: (green3, white)
Outcome: False
partcle ids: ['generator_140', 'generator_121', 'generator_142', 'generator_143', 'generator_144', 'generator_134', 'generator_146', 'generator_147', 'generator_148', 'generator_134', 'generator_121', 'generator_149', 'generator_121', 'generator_150', 'generator_121', 'generator_152', 'generator_121', 'generator_133', 'generator_153', 'generator_154', 'generator_155', 'generator_118', 'generator_156', 'generator_55', 'generator_118', 'generator_133', 'generator_159', 'generator_133', 'generator_118', 'generator_131']
number opened: 0
TRIAL 21
Action chosen: (grey2, white)
Outcome: False
partcle ids: ['generator_140', 'generator_121', 'generator_142', 'generator_143', 'generator_144', 'generator_134', 'generator_146', 'generator_147', 'generator_148', 'generator_134', 'generator_121', 'generator_149', 'generator_121', 'generator_150', 'generator_121', 'generator_152', 'generator_121', 'generator_133', 'generator_153', 'generator_154', 'generator_155', 'generator_118', 'generator_156', 'generator_55', 'generator_118', 'generator_133', 'generator_159', 'generator_133', 'generator_118', 'generator_131']
number opened: 0
TRIAL 22
Action chosen: (green3, purple)
Outcome: True
partcle ids: ['generator_153', 'generator_154', 'generator_153', 'generator_153', 'generator_167', 'generator_168', 'generator_153', 'generator_153', 'generator_171', 'generator_172', 'generator_173', 'generator_174', 'generator_153', 'generator_176', 'generator_177', 'generator_154', 'generator_154', 'generator_153', 'generator_153', 'generator_182', 'generator_183', 'generator_184', 'generator_185', 'generator_150', 'generator_154', 'generator_188', 'generator_153', 'generator_190', 'generator_191', 'generator_192']
number opened: 1
TRIAL 23
Action chosen: (grey2, blue)
Outcome: False
partcle ids: ['generator_153', 'generator_154', 'generator_153', 'generator_153', 'generator_167', 'generator_168', 'generator_153', 'generator_153', 'generator_171', 'generator_172', 'generator_173', 'generator_174', 'generator_153', 'generator_176', 'generator_177', 'generator_154', 'generator_154', 'generator_153', 'generator_153', 'generator_182', 'generator_183', 'generator_184', 'generator_185', 'generator_150', 'generator_154', 'generator_188', 'generator_153', 'generator_190', 'generator_191', 'generator_192']
number opened: 1
TRIAL 24
Action chosen: (triangle, pink)
Outcome: False
partcle ids: ['generator_153', 'generator_154', 'generator_153', 'generator_153', 'generator_167', 'generator_168', 'generator_153', 'generator_153', 'generator_171', 'generator_172', 'generator_173', 'generator_174', 'generator_153', 'generator_176', 'generator_177', 'generator_154', 'generator_154', 'generator_153', 'generator_153', 'generator_182', 'generator_183', 'generator_184', 'generator_185', 'generator_150', 'generator_154', 'generator_188', 'generator_153', 'generator_190', 'generator_191', 'generator_192']
number opened: 1
TRIAL 25
Action chosen: (grey2, red)
Outcome: False
partcle ids: ['generator_167', 'generator_194', 'generator_195', 'generator_196', 'generator_197', 'generator_191', 'generator_199', 'generator_200', 'generator_201', 'generator_184', 'generator_203', 'generator_191', 'generator_172', 'generator_191', 'generator_174', 'generator_208', 'generator_174', 'generator_174', 'generator_174', 'generator_212', 'generator_213', 'generator_214', 'generator_172', 'generator_216', 'generator_217', 'generator_218', 'generator_219', 'generator_220', 'generator_221', 'generator_168']
number opened: 1
TRIAL 26
Action chosen: (red, red)
Outcome: True
partcle ids: ['generator_223', 'generator_174', 'generator_225', 'generator_226', 'generator_184', 'generator_228', 'generator_229', 'generator_174', 'generator_214', 'generator_174', 'generator_174', 'generator_174', 'generator_174', 'generator_236', 'generator_214', 'generator_174', 'generator_174', 'generator_208', 'generator_174', 'generator_174', 'generator_243', 'generator_244', 'generator_245', 'generator_246', 'generator_218', 'generator_248', 'generator_249', 'generator_174', 'generator_174', 'generator_174']
number opened: 2
TRIAL 27
Action chosen: (blue, pink)
Outcome: False
partcle ids: ['generator_223', 'generator_174', 'generator_225', 'generator_226', 'generator_184', 'generator_228', 'generator_229', 'generator_174', 'generator_214', 'generator_174', 'generator_174', 'generator_174', 'generator_174', 'generator_236', 'generator_214', 'generator_174', 'generator_174', 'generator_208', 'generator_174', 'generator_174', 'generator_243', 'generator_244', 'generator_245', 'generator_246', 'generator_218', 'generator_248', 'generator_249', 'generator_174', 'generator_174', 'generator_174']
number opened: 2
TRIAL 28
Action chosen: (grey2, pink)
Outcome: True
partcle ids: ['generator_253', 'generator_254', 'generator_255', 'generator_248', 'generator_218', 'generator_257', 'generator_255', 'generator_248', 'generator_259', 'generator_260', 'generator_226', 'generator_262', 'generator_263', 'generator_214', 'generator_218', 'generator_266', 'generator_246', 'generator_268', 'generator_246', 'generator_257', 'generator_214', 'generator_248', 'generator_270', 'generator_271', 'generator_272', 'generator_273', 'generator_274', 'generator_275', 'generator_276', 'generator_218']
number opened: 3
TRIAL 29
Action chosen: (diamond, white)
Outcome: False
partcle ids: ['generator_253', 'generator_254', 'generator_255', 'generator_248', 'generator_218', 'generator_257', 'generator_255', 'generator_248', 'generator_259', 'generator_260', 'generator_226', 'generator_262', 'generator_263', 'generator_214', 'generator_218', 'generator_266', 'generator_246', 'generator_268', 'generator_246', 'generator_257', 'generator_214', 'generator_248', 'generator_270', 'generator_271', 'generator_272', 'generator_273', 'generator_274', 'generator_275', 'generator_276', 'generator_218']
number opened: 3
TRIAL 30
Action chosen: (cloud, blue)
Outcome: False
partcle ids: ['generator_253', 'generator_254', 'generator_255', 'generator_248', 'generator_218', 'generator_257', 'generator_255', 'generator_248', 'generator_259', 'generator_260', 'generator_226', 'generator_262', 'generator_263', 'generator_214', 'generator_218', 'generator_266', 'generator_246', 'generator_268', 'generator_246', 'generator_257', 'generator_214', 'generator_248', 'generator_270', 'generator_271', 'generator_272', 'generator_273', 'generator_274', 'generator_275', 'generator_276', 'generator_218']
number opened: 3
TRIAL 31
Action chosen: (yellow5, blue)
Outcome: True
partcle ids: ['generator_248', 'generator_278', 'generator_246', 'number_match', 'generator_266', 'generator_278', 'generator_248', 'generator_266', 'generator_266', 'generator_278', 'generator_254', 'generator_248', 'generator_248', 'generator_266', 'generator_279', 'generator_254', 'generator_248', 'number_match', 'generator_266', 'generator_279', 'generator_279', 'generator_278', 'generator_248', 'generator_248', 'generator_280', 'generator_280', 'generator_281', 'generator_248', 'generator_278', 'generator_280']
number opened: 4
TRIAL 32
Action chosen: (triangle, white)
Outcome: False
partcle ids: ['generator_248', 'generator_278', 'generator_246', 'number_match', 'generator_266', 'generator_278', 'generator_248', 'generator_266', 'generator_266', 'generator_278', 'generator_254', 'generator_248', 'generator_248', 'generator_266', 'generator_279', 'generator_254', 'generator_248', 'number_match', 'generator_266', 'generator_279', 'generator_279', 'generator_278', 'generator_248', 'generator_248', 'generator_280', 'generator_280', 'generator_281', 'generator_248', 'generator_278', 'generator_280']
number opened: 4
TRIAL 33
Action chosen: (blue, white)
Outcome: False
partcle ids: ['generator_248', 'generator_278', 'generator_246', 'number_match', 'generator_266', 'generator_278', 'generator_248', 'generator_266', 'generator_266', 'generator_278', 'generator_254', 'generator_248', 'generator_248', 'generator_266', 'generator_279', 'generator_254', 'generator_248', 'number_match', 'generator_266', 'generator_279', 'generator_279', 'generator_278', 'generator_248', 'generator_248', 'generator_280', 'generator_280', 'generator_281', 'generator_248', 'generator_278', 'generator_280']
number opened: 4
TRIAL 34
Action chosen: (cloud, white)
Outcome: False
partcle ids: ['generator_280', 'generator_254', 'generator_254', 'generator_281', 'generator_280', 'generator_280', 'generator_279', 'generator_254', 'generator_279', 'generator_279', 'generator_279', 'number_match', 'generator_281', 'generator_246', 'number_match', 'generator_280', 'generator_281', 'generator_279', 'generator_279', 'generator_280', 'generator_254', 'generator_254', 'generator_279', 'generator_280', 'generator_254', 'generator_279', 'generator_281', 'number_match', 'generator_246', 'generator_254']
number opened: 4
TRIAL 35
Action chosen: (pink, white)
Outcome: False
partcle ids: ['generator_280', 'generator_254', 'generator_254', 'generator_281', 'generator_280', 'generator_280', 'generator_279', 'generator_254', 'generator_279', 'generator_279', 'generator_279', 'number_match', 'generator_281', 'generator_246', 'number_match', 'generator_280', 'generator_281', 'generator_279', 'generator_279', 'generator_280', 'generator_254', 'generator_254', 'generator_279', 'generator_280', 'generator_254', 'generator_279', 'generator_281', 'number_match', 'generator_246', 'generator_254']
number opened: 4
TRIAL 36
Action chosen: (purple, white)
Outcome: False
partcle ids: ['generator_280', 'generator_254', 'generator_254', 'generator_281', 'generator_280', 'generator_280', 'generator_279', 'generator_254', 'generator_279', 'generator_279', 'generator_279', 'number_match', 'generator_281', 'generator_246', 'number_match', 'generator_280', 'generator_281', 'generator_279', 'generator_279', 'generator_280', 'generator_254', 'generator_254', 'generator_279', 'generator_280', 'generator_254', 'generator_279', 'generator_281', 'number_match', 'generator_246', 'generator_254']
number opened: 4
TRIAL 37
Action chosen: (heart, white)
Outcome: False
partcle ids: ['number_match', 'number_match', 'number_match', 'generator_279', 'generator_281', 'generator_280', 'generator_279', 'generator_281', 'generator_279', 'number_match', 'generator_278', 'number_match', 'generator_248', 'number_match', 'generator_279', 'generator_254', 'number_match', 'generator_279', 'number_match', 'generator_281', 'number_match', 'generator_280', 'generator_281', 'number_match', 'generator_278', 'generator_248', 'generator_281', 'generator_281', 'generator_281', 'generator_281']
number opened: 4
TRIAL 38
Action chosen: (orange4, white)
Outcome: True
partcle ids: ['number_match', 'number_match', 'number_match', 'number_match', 'number_match', 'number_match', 'number_match', 'number_match', 'number_match', 'number_match', 'number_match', 'number_match', 'number_match', 'number_match', 'number_match', 'number_match', 'number_match', 'number_match', 'number_match', 'number_match', 'number_match', 'number_match', 'number_match', 'number_match', 'number_match', 'number_match', 'number_match', 'number_match', 'number_match', 'number_match']
number opened: 5
{"attempts": 38, "unique_key_box_pairs": 38, "revisit_attempts": 0, "revisit_rate": 0.0, "attempts_before_abandoning_color_matching": 1, "color_matching_abandoned": true}
