{"Child_ID": "D009", "SoC_variant": "SoC-Gen", "theta": [19, 1], "p_gen": 0.3, "true_prior": 0.02, "run_number": 58, "seed": 2288255357535554800}
TRIAL 1
Action chosen: (pink, pink)
Outcome: False
partcle ids: ['similar_color_3', 'generator_1', 'generator_2', 'order_match', 'similar_color_14', 'generator_3', 'similar_color_13', 'similar_color_2', 'similar_color_6', 'generator_4', 'similar_color_5', 'similar_color_12', 'generator_5', 'generator_6', 'generator_7', 'generator_8', 'similar_color_4', 'similar_color_7', 'shape_match', 'similar_color_6', 'shape_match', 'generator_9', 'similar_color_13', 'generator_10', 'similar_color_13', 'shape_match', 'generator_11', 'generator_12', 'similar_color_14', 'generator_13']
number opened: 0
TRIAL 2
Action chosen: (red, red)
Outcome: True
partcle ids: ['generator_14', 'generator_11', 'order_match', 'generator_4', 'order_match', 'generator_6', 'generator_15', 'similar_color_10', 'generator_4', 'generator_11', 'generator_17', 'generator_11', 'generator_18', 'generator_19', 'order_match', 'generator_4', 'generator_20', 'order_match', 'generator_13', 'similar_color_5', 'generator_21', 'generator_4', 'generator_13', 'generator_22', 'generator_23', 'generator_24', 'generator_13', 'similar_color_4', 'order_match', 'order_match']
number opened: 1
TRIAL 3
Action chosen: (orange4, purple)
Outcome: False
partcle ids: ['generator_14', 'generator_11', 'order_match', 'generator_4', 'order_match', 'generator_6', 'generator_15', 'similar_color_10', 'generator_4', 'generator_11', 'generator_17', 'generator_11', 'generator_18', 'generator_19', 'order_match', 'generator_4', 'generator_20', 'order_match', 'generator_13', 'similar_color_5', 'generator_21', 'generator_4', 'generator_13', 'generator_22', 'generator_23', 'generator_24', 'generator_13', 'similar_color_4', 'order_match', 'order_match']
number opened: 1
TRIAL 4
Action chosen: (yellow5, blue)
Outcome: True
partcle ids: ['generator_25', 'generator_19', 'generator_19', 'generator_27', 'generator_28', 'generator_29', 'generator_30', 'generator_31', 'generator_32', 'generator_33', 'generator_13', 'generator_34', 'generator_35', 'generator_36', 'generator_37', 'generator_38', 'generator_39', 'generator_40', 'generator_24', 'generator_41', 'generator_13', 'generator_42', 'generator_43', 'generator_13', 'generator_13', 'generator_19', 'generator_45', 'generator_46', 'generator_19', 'generator_48']
number opened: 2
TRIAL 5
Action chosen: (pink, purple)
Outcome: False
partcle ids: ['generator_25', 'generator_19', 'generator_19', 'generator_27', 'generator_28', 'generator_29', 'generator_30', 'generator_31', 'generator_32', 'generator_33', 'generator_13', 'generator_34', 'generator_35', 'generator_36', 'generator_37', 'generator_38', 'generator_39', 'generator_40', 'generator_24', 'generator_41', 'generator_13', 'generator_42', 'generator_43', 'generator_13', 'generator_13', 'generator_19', 'generator_45', 'generator_46', 'generator_19', 'generator_48']
number opened: 2
TRIAL 6
Action chosen: (triangle, white)
Outcome: False
partcle ids: ['generator_25', 'generator_19', 'generator_19', 'generator_27', 'generator_28', 'generator_29', 'generator_30', 'generator_31', 'generator_32', 'generator_33', 'generator_13', 'generator_34', 'generator_35', 'generator_36', 'generator_37', 'generator_38', 'generator_39', 'generator_40', 'generator_24', 'generator_41', 'generator_13', 'generator_42', 'generator_43', 'generator_13', 'generator_13', 'generator_19', 'generator_45', 'generator_46', 'generator_19', 'generator_48']
number opened: 2
TRIAL 7
Action chosen: (grey2, purple)
Outcome: False
partcle ids: ['generator_49', 'generator_25', 'generator_50', 'generator_36', 'generator_51', 'generator_30', 'generator_31', 'generator_41', 'generator_54', 'generator_55', 'generator_56', 'generator_57', 'generator_58', 'generator_49', 'generator_45', 'generator_39', 'generator_60', 'generator_61', 'generator_38', 'generator_39', 'generator_63', 'generator_24', 'generator_25', 'generator_24', 'generator_67', 'generator_25', 'generator_69', 'generator_70', 'generator_71', 'generator_33']
number opened: 2
TRIAL 8
Action chosen: (diamond, pink)
Outcome: False
partcle ids: ['generator_49', 'generator_25', 'generator_50', 'generator_36', 'generator_51', 'generator_30', 'generator_31', 'generator_41', 'generator_54', 'generator_55', 'generator_56', 'generator_57', 'generator_58', 'generator_49', 'generator_45', 'generator_39', 'generator_60', 'generator_61', 'generator_38', 'generator_39', 'generator_63', 'generator_24', 'generator_25', 'generator_24', 'generator_67', 'generator_25', 'generator_69', 'generator_70', 'generator_71', 'generator_33']
number opened: 2
TRIAL 9
Action chosen: (pink, white)
Outcome: False
partcle ids: ['generator_49', 'generator_25', 'generator_50', 'generator_36', 'generator_51', 'generator_30', 'generator_31', 'generator_41', 'generator_54', 'generator_55', 'generator_56', 'generator_57', 'generator_58', 'generator_49', 'generator_45', 'generator_39', 'generator_60', 'generator_61', 'generator_38', 'generator_39', 'generator_63', 'generator_24', 'generator_25', 'generator_24', 'generator_67', 'generator_25', 'generator_69', 'generator_70', 'generator_71', 'generator_33']
number opened: 2
TRIAL 10
Action chosen: (green3, pink)
Outcome: False
partcle ids: ['generator_60', 'generator_54', 'generator_75', 'generator_70', 'generator_77', 'number_match', 'generator_78', 'generator_71', 'generator_45', 'generator_67', 'generator_81', 'generator_70', 'generator_83', 'generator_31', 'generator_63', 'generator_86', 'generator_60', 'generator_88', 'generator_69', 'generator_61', 'generator_54', 'generator_63', 'generator_92', 'generator_93', 'generator_94', 'generator_95', 'generator_96', 'generator_54', 'generator_31', 'generator_61']
number opened: 2
TRIAL 11
Action chosen: (triangle, purple)
Outcome: False
partcle ids: ['generator_60', 'generator_54', 'generator_75', 'generator_70', 'generator_77', 'number_match', 'generator_78', 'generator_71', 'generator_45', 'generator_67', 'generator_81', 'generator_70', 'generator_83', 'generator_31', 'generator_63', 'generator_86', 'generator_60', 'generator_88', 'generator_69', 'generator_61', 'generator_54', 'generator_63', 'generator_92', 'generator_93', 'generator_94', 'generator_95', 'generator_96', 'generator_54', 'generator_31', 'generator_61']
number opened: 2
TRIAL 12
Action chosen: (cloud, purple)
Outcome: False
partcle ids: ['generator_60', 'generator_54', 'generator_75', 'generator_70', 'generator_77', 'number_match', 'generator_78', 'generator_71', 'generator_45', 'generator_67', 'generator_81', 'generator_70', 'generator_83', 'generator_31', 'generator_63', 'generator_86', 'generator_60', 'generator_88', 'generator_69', 'generator_61', 'generator_54', 'generator_63', 'generator_92', 'generator_93', 'generator_94', 'generator_95', 'generator_96', 'generator_54', 'generator_31', 'generator_61']
number opened: 2
TRIAL 13
Action chosen: (cloud, pink)
Outcome: False
partcle ids: ['generator_63', 'generator_63', 'generator_102', 'generator_63', 'generator_103', 'generator_63', 'generator_105', 'generator_67', 'generator_88', 'generator_106', 'generator_67', 'generator_107', 'generator_78', 'order_match', 'generator_78', 'generator_110', 'generator_78', 'generator_95', 'generator_113', 'generator_78', 'generator_115', 'generator_71', 'generator_117', 'number_match', 'generator_63', 'generator_67', 'generator_78', 'generator_63', 'generator_121', 'generator_61']
number opened: 2
TRIAL 14
Action chosen: (green3, purple)
Outcome: True
partcle ids: ['generator_63', 'generator_124', 'generator_67', 'generator_63', 'generator_127', 'generator_63', 'generator_67', 'generator_128', 'generator_128', 'generator_127', 'number_match', 'generator_128', 'generator_67', 'generator_63', 'generator_131', 'generator_67', 'generator_63', 'generator_134', 'generator_135', 'generator_115', 'generator_137', 'generator_138', 'generator_128', 'generator_139', 'generator_140', 'generator_67', 'generator_67', 'generator_63', 'generator_67', 'generator_143']
number opened: 3
TRIAL 15
Action chosen: (blue, white)
Outcome: False
partcle ids: ['generator_63', 'generator_124', 'generator_67', 'generator_63', 'generator_127', 'generator_63', 'generator_67', 'generator_128', 'generator_128', 'generator_127', 'number_match', 'generator_128', 'generator_67', 'generator_63', 'generator_131', 'generator_67', 'generator_63', 'generator_134', 'generator_135', 'generator_115', 'generator_137', 'generator_138', 'generator_128', 'generator_139', 'generator_140', 'generator_67', 'generator_67', 'generator_63', 'generator_67', 'generator_143']
number opened: 3
TRIAL 16
Action chosen: (heart, pink)
Outcome: False
partcle ids: ['generator_124', 'generator_143', 'generator_137', 'generator_135', 'generator_115', 'generator_134', 'generator_139', 'generator_143', 'generator_143', 'generator_36', 'generator_147', 'generator_148', 'generator_149', 'number_match', 'generator_139', 'generator_134', 'generator_136', 'generator_150', 'generator_137', 'generator_137', 'generator_134', 'generator_153', 'generator_137', 'generator_135', 'generator_154', 'generator_155', 'generator_134', 'generator_127', 'generator_137', 'generator_139']
number opened: 3
TRIAL 17
Action chosen: (heart, white)
Outcome: False
partcle ids: ['generator_124', 'generator_143', 'generator_137', 'generator_135', 'generator_115', 'generator_134', 'generator_139', 'generator_143', 'generator_143', 'generator_36', 'generator_147', 'generator_148', 'generator_149', 'number_match', 'generator_139', 'generator_134', 'generator_136', 'generator_150', 'generator_137', 'generator_137', 'generator_134', 'generator_153', 'generator_137', 'generator_135', 'generator_154', 'generator_155', 'generator_134', 'generator_127', 'generator_137', 'generator_139']
number opened: 3
TRIAL 18
Action chosen: (diamond, white)
Outcome: False
partcle ids: ['generator_159', 'generator_153', 'generator_149', 'generator_161', 'generator_153', 'number_match', 'generator_147', 'generator_39', 'generator_148', 'generator_149', 'generator_149', 'generator_163', 'generator_135', 'generator_165', 'generator_148', 'generator_153', 'generator_148', 'number_match', 'generator_124', 'generator_135', 'generator_124', 'generator_135', 'generator_124', 'generator_147', 'generator_115', 'generator_124', 'generator_149', 'generator_36', 'generator_169', 'generator_124']
number opened: 3
TRIAL 19
Action chosen: (grey2, white)
Outcome: False
partcle ids: ['generator_159', 'generator_153', 'generator_149', 'generator_161', 'generator_153', 'number_match', 'generator_147', 'generator_39', 'generator_148', 'generator_149', 'generator_149', 'generator_163', 'generator_135', 'generator_165', 'generator_148', 'generator_153', 'generator_148', 'number_match', 'generator_124', 'generator_135', 'generator_124', 'generator_135', 'generator_124', 'generator_147', 'generator_115', 'generator_124', 'generator_149', 'generator_36', 'generator_169', 'generator_124']
number opened: 3
TRIAL 20
Action chosen: (grey2, pink)
Outcome: True
partcle ids: ['generator_124', 'number_match', 'generator_124', 'generator_147', 'number_match', 'generator_115', 'generator_124', 'generator_124', 'generator_115', 'generator_115', 'generator_124', 'generator_171', 'generator_115', 'generator_124', 'generator_115', 'generator_115', 'generator_124', 'generator_124', 'number_match', 'generator_170', 'number_match', 'generator_170', 'number_match', 'generator_147', 'generator_124', 'generator_147', 'generator_147', 'generator_124', 'generator_147', 'generator_115']
number opened: 4
TRIAL 21
Action chosen: (cloud, white)
Outcome: False
partcle ids: ['generator_124', 'number_match', 'generator_124', 'generator_147', 'number_match', 'generator_115', 'generator_124', 'generator_124', 'generator_115', 'generator_115', 'generator_124', 'generator_171', 'generator_115', 'generator_124', 'generator_115', 'generator_115', 'generator_124', 'generator_124', 'number_match', 'generator_170', 'number_match', 'generator_170', 'number_match', 'generator_147', 'generator_124', 'generator_147', 'generator_147', 'generator_124', 'generator_147', 'generator_115']
number opened: 4
TRIAL 22
Action chosen: (white, white)
Outcome: False
partcle ids: ['generator_124', 'number_match', 'generator_124', 'generator_147', 'number_match', 'generator_115', 'generator_124', 'generator_124', 'generator_115', 'generator_115', 'generator_124', 'generator_171', 'generator_115', 'generator_124', 'generator_115', 'generator_115', 'generator_124', 'generator_124', 'number_match', 'generator_170', 'number_match', 'generator_170', 'number_match', 'generator_147', 'generator_124', 'generator_147', 'generator_147', 'generator_124', 'generator_147', 'generator_115']
number opened: 4
TRIAL 23
Action chosen: (purple, white)
Outcome: False
partcle ids: ['generator_160', 'generator_158', 'generator_115', 'generator_160', 'number_match', 'number_match', 'number_match', 'generator_162', 'generator_124', 'generator_162', 'number_match', 'generator_115', 'generator_147', 'number_match', 'generator_170', 'generator_162', 'generator_147', 'generator_171', 'number_match', 'number_match', 'generator_160', 'generator_160', 'number_match', 'number_match', 'number_match', 'number_match', 'generator_115', 'generator_115', 'number_match', 'generator_115']
number opened: 4
TRIAL 24
Action chosen: (orange4, white)
Outcome: True
partcle ids: ['number_match', 'number_match', 'number_match', 'number_match', 'number_match', 'number_match', 'number_match', 'number_match', 'number_match', 'number_match', 'number_match', 'number_match', 'number_match', 'number_match', 'number_match', 'number_match', 'number_match', 'number_match', 'number_match', 'number_match', 'number_match', 'number_match', 'number_match', 'number_match', 'number_match', 'number_match', 'number_match', 'number_match', 'number_match', 'number_match']
number opened: 5
{"attempts": 24, "unique_key_box_pairs": 24, "revisit_attempts": 0, "revisit_rate": 0.0, "attempts_before_abandoning_color_matching": 2, "color_matching_abandoned": true}
