{"Child_ID": "D009", "SoC_variant": "SoC-Gen", "theta": [19, 1], "p_gen": 0.3, "true_prior": 0.02, "run_number": 39, "seed": 6286324560742223074}
TRIAL 1
Action chosen: (pink, pink)
Outcome: False
partcle ids: ['generator_3', 'generator_11', 'generator_13', 'generator_3', 'generator_1', 'generator_14', 'generator_11', 'generator_1', 'generator_12', 'generator_1', 'generator_12', 'generator_12', 'generator_11', 'generator_8', 'similar_color_14', 'generator_15', 'generator_10', 'generator_10', 'generator_4', 'generator_16', 'generator_4', 'generator_17', 'generator_12', 'generator_18', 'similar_color_3', 'generator_1', 'generator_19', 'generator_1', 'generator_4', 'shape_match']
number opened: 0
TRIAL 2
Action chosen: (orange4, white)
Outcome: True
partcle ids: ['generator_20', 'generator_21', 'generator_22', 'generator_23', 'generator_10', 'generator_24', 'generator_25', 'generator_26', 'generator_27', 'generator_28', 'generator_29', 'generator_30', 'generator_31', 'generator_32', 'generator_33', 'generator_34', 'generator_35', 'generator_36', 'generator_37', 'generator_4', 'generator_39', 'generator_40', 'generator_41', 'generator_1', 'generator_42', 'generator_43', 'generator_44', 'generator_4', 'generator_4', 'generator_47']
number opened: 1
TRIAL 3
Action chosen: (cloud, pink)
Outcome: False
partcle ids: ['generator_20', 'generator_21', 'generator_22', 'generator_23', 'generator_10', 'generator_24', 'generator_25', 'generator_26', 'generator_27', 'generator_28', 'generator_29', 'generator_30', 'generator_31', 'generator_32', 'generator_33', 'generator_34', 'generator_35', 'generator_36', 'generator_37', 'generator_4', 'generator_39', 'generator_40', 'generator_41', 'generator_1', 'generator_42', 'generator_43', 'generator_44', 'generator_4', 'generator_4', 'generator_47']
number opened: 1
TRIAL 4
Action chosen: (pink, blue)
Outcome: False
partcle ids: ['generator_20', 'generator_21', 'generator_22', 'generator_23', 'generator_10', 'generator_24', 'generator_25', 'generator_26', 'generator_27', 'generator_28', 'generator_29', 'generator_30', 'generator_31', 'generator_32', 'generator_33', 'generator_34', 'generator_35', 'generator_36', 'generator_37', 'generator_4', 'generator_39', 'generator_40', 'generator_41', 'generator_1', 'generator_42', 'generator_43', 'generator_44', 'generator_4', 'generator_4', 'generator_47']
number opened: 1
TRIAL 5
Action chosen: (heart, red)
Outcome: False
partcle ids: ['generator_20', 'generator_21', 'generator_22', 'generator_23', 'generator_10', 'generator_24', 'generator_25', 'generator_26', 'generator_27', 'generator_28', 'generator_29', 'generator_30', 'generator_31', 'generator_32', 'generator_33', 'generator_34', 'generator_35', 'generator_36', 'generator_37', 'generator_4', 'generator_39', 'generator_40', 'generator_41', 'generator_1', 'generator_42', 'generator_43', 'generator_44', 'generator_4', 'generator_4', 'generator_47']
number opened: 1
TRIAL 6
Action chosen: (yellow5, pink)
Outcome: False
partcle ids: ['generator_48', 'generator_49', 'generator_50', 'generator_51', 'generator_52', 'generator_53', 'generator_54', 'generator_36', 'generator_56', 'generator_37', 'generator_34', 'generator_34', 'generator_59', 'generator_60', 'generator_36', 'generator_39', 'generator_31', 'generator_64', 'generator_39', 'generator_66', 'generator_67', 'generator_36', 'generator_68', 'generator_69', 'generator_70', 'number_match', 'generator_71', 'generator_39', 'generator_73', 'generator_74']
number opened: 1
TRIAL 7
Action chosen: (triangle, pink)
Outcome: False
partcle ids: ['generator_48', 'generator_49', 'generator_50', 'generator_51', 'generator_52', 'generator_53', 'generator_54', 'generator_36', 'generator_56', 'generator_37', 'generator_34', 'generator_34', 'generator_59', 'generator_60', 'generator_36', 'generator_39', 'generator_31', 'generator_64', 'generator_39', 'generator_66', 'generator_67', 'generator_36', 'generator_68', 'generator_69', 'generator_70', 'number_match', 'generator_71', 'generator_39', 'generator_73', 'generator_74']
number opened: 1
TRIAL 8
Action chosen: (pink, red)
Outcome: False
partcle ids: ['generator_48', 'generator_49', 'generator_50', 'generator_51', 'generator_52', 'generator_53', 'generator_54', 'generator_36', 'generator_56', 'generator_37', 'generator_34', 'generator_34', 'generator_59', 'generator_60', 'generator_36', 'generator_39', 'generator_31', 'generator_64', 'generator_39', 'generator_66', 'generator_67', 'generator_36', 'generator_68', 'generator_69', 'generator_70', 'number_match', 'generator_71', 'generator_39', 'generator_73', 'generator_74']
number opened: 1
TRIAL 9
Action chosen: (grey2, pink)
Outcome: True
partcle ids: ['generator_75', 'generator_76', 'generator_49', 'generator_78', 'generator_79', 'generator_49', 'generator_49', 'generator_82', 'generator_83', 'generator_84', 'generator_85', 'generator_60', 'generator_86', 'generator_60', 'generator_87', 'generator_88', 'generator_89', 'generator_90', 'generator_91', 'generator_92', 'generator_93', 'generator_94', 'generator_95', 'generator_49', 'generator_60', 'generator_97', 'generator_49', 'generator_99', 'generator_100', 'generator_101']
number opened: 2
TRIAL 10
Action chosen: (green3, red)
Outcome: False
partcle ids: ['generator_75', 'generator_76', 'generator_49', 'generator_78', 'generator_79', 'generator_49', 'generator_49', 'generator_82', 'generator_83', 'generator_84', 'generator_85', 'generator_60', 'generator_86', 'generator_60', 'generator_87', 'generator_88', 'generator_89', 'generator_90', 'generator_91', 'generator_92', 'generator_93', 'generator_94', 'generator_95', 'generator_49', 'generator_60', 'generator_97', 'generator_49', 'generator_99', 'generator_100', 'generator_101']
number opened: 2
TRIAL 11
Action chosen: (green3, blue)
Outcome: False
partcle ids: ['generator_75', 'generator_76', 'generator_49', 'generator_78', 'generator_79', 'generator_49', 'generator_49', 'generator_82', 'generator_83', 'generator_84', 'generator_85', 'generator_60', 'generator_86', 'generator_60', 'generator_87', 'generator_88', 'generator_89', 'generator_90', 'generator_91', 'generator_92', 'generator_93', 'generator_94', 'generator_95', 'generator_49', 'generator_60', 'generator_97', 'generator_49', 'generator_99', 'generator_100', 'generator_101']
number opened: 2
TRIAL 12
Action chosen: (purple, purple)
Outcome: False
partcle ids: ['generator_75', 'generator_76', 'generator_49', 'generator_78', 'generator_79', 'generator_49', 'generator_49', 'generator_82', 'generator_83', 'generator_84', 'generator_85', 'generator_60', 'generator_86', 'generator_60', 'generator_87', 'generator_88', 'generator_89', 'generator_90', 'generator_91', 'generator_92', 'generator_93', 'generator_94', 'generator_95', 'generator_49', 'generator_60', 'generator_97', 'generator_49', 'generator_99', 'generator_100', 'generator_101']
number opened: 2
TRIAL 13
Action chosen: (yellow5, red)
Outcome: False
partcle ids: ['generator_93', 'generator_103', 'generator_104', 'generator_93', 'generator_106', 'generator_107', 'generator_108', 'generator_109', 'generator_110', 'generator_84', 'generator_112', 'generator_92', 'generator_83', 'generator_95', 'generator_116', 'generator_117', 'generator_118', 'generator_84', 'generator_120', 'generator_78', 'generator_122', 'generator_123', 'generator_124', 'generator_95', 'generator_86', 'generator_126', 'generator_127', 'generator_86', 'generator_129', 'generator_95']
number opened: 2
TRIAL 14
Action chosen: (cloud, red)
Outcome: False
partcle ids: ['generator_93', 'generator_103', 'generator_104', 'generator_93', 'generator_106', 'generator_107', 'generator_108', 'generator_109', 'generator_110', 'generator_84', 'generator_112', 'generator_92', 'generator_83', 'generator_95', 'generator_116', 'generator_117', 'generator_118', 'generator_84', 'generator_120', 'generator_78', 'generator_122', 'generator_123', 'generator_124', 'generator_95', 'generator_86', 'generator_126', 'generator_127', 'generator_86', 'generator_129', 'generator_95']
number opened: 2
TRIAL 15
Action chosen: (purple, blue)
Outcome: False
partcle ids: ['generator_93', 'generator_103', 'generator_104', 'generator_93', 'generator_106', 'generator_107', 'generator_108', 'generator_109', 'generator_110', 'generator_84', 'generator_112', 'generator_92', 'generator_83', 'generator_95', 'generator_116', 'generator_117', 'generator_118', 'generator_84', 'generator_120', 'generator_78', 'generator_122', 'generator_123', 'generator_124', 'generator_95', 'generator_86', 'generator_126', 'generator_127', 'generator_86', 'generator_129', 'generator_95']
number opened: 2
TRIAL 16
Action chosen: (blue, red)
Outcome: False
partcle ids: ['generator_93', 'generator_103', 'generator_104', 'generator_93', 'generator_106', 'generator_107', 'generator_108', 'generator_109', 'generator_110', 'generator_84', 'generator_112', 'generator_92', 'generator_83', 'generator_95', 'generator_116', 'generator_117', 'generator_118', 'generator_84', 'generator_120', 'generator_78', 'generator_122', 'generator_123', 'generator_124', 'generator_95', 'generator_86', 'generator_126', 'generator_127', 'generator_86', 'generator_129', 'generator_95']
number opened: 2
TRIAL 17
Action chosen: (triangle, blue)
Outcome: False
partcle ids: ['generator_131', 'generator_123', 'generator_93', 'generator_84', 'generator_133', 'generator_134', 'generator_93', 'generator_78', 'generator_137', 'generator_78', 'generator_139', 'generator_123', 'generator_84', 'generator_84', 'generator_83', 'generator_84', 'generator_123', 'generator_84', 'generator_146', 'generator_147', 'generator_83', 'generator_123', 'generator_123', 'generator_123', 'generator_84', 'generator_150', 'generator_151', 'generator_120', 'generator_153', 'generator_154']
number opened: 2
TRIAL 18
Action chosen: (heart, blue)
Outcome: False
partcle ids: ['generator_131', 'generator_123', 'generator_93', 'generator_84', 'generator_133', 'generator_134', 'generator_93', 'generator_78', 'generator_137', 'generator_78', 'generator_139', 'generator_123', 'generator_84', 'generator_84', 'generator_83', 'generator_84', 'generator_123', 'generator_84', 'generator_146', 'generator_147', 'generator_83', 'generator_123', 'generator_123', 'generator_123', 'generator_84', 'generator_150', 'generator_151', 'generator_120', 'generator_153', 'generator_154']
number opened: 2
TRIAL 19
Action chosen: (triangle, purple)
Outcome: False
partcle ids: ['generator_155', 'generator_93', 'generator_83', 'generator_150', 'generator_157', 'generator_131', 'generator_93', 'generator_160', 'generator_137', 'generator_83', 'generator_83', 'generator_164', 'generator_165', 'generator_83', 'generator_167', 'generator_83', 'generator_93', 'generator_147', 'generator_171', 'generator_83', 'generator_173', 'generator_174', 'generator_93', 'generator_84', 'number_match', 'generator_139', 'generator_150', 'generator_178', 'generator_179', 'generator_147']
number opened: 2
TRIAL 20
Action chosen: (yellow5, blue)
Outcome: True
partcle ids: ['generator_83', 'generator_182', 'generator_183', 'generator_83', 'generator_83', 'generator_174', 'generator_174', 'generator_187', 'generator_188', 'generator_83', 'number_match', 'generator_189', 'generator_190', 'generator_191', 'generator_174', 'number_match', 'generator_192', 'generator_83', 'number_match', 'generator_150', 'generator_195', 'generator_147', 'generator_196', 'generator_83', 'generator_198', 'generator_147', 'generator_199', 'generator_174', 'generator_147', 'generator_83']
number opened: 3
TRIAL 21
Action chosen: (red, red)
Outcome: True
partcle ids: ['generator_83', 'generator_198', 'generator_188', 'generator_133', 'generator_83', 'number_match', 'number_match', 'generator_202', 'generator_133', 'generator_202', 'generator_133', 'generator_133', 'number_match', 'generator_133', 'number_match', 'generator_198', 'generator_188', 'number_match', 'generator_188', 'generator_133', 'generator_188', 'generator_183', 'generator_198', 'generator_83', 'generator_198', 'generator_83', 'generator_202', 'generator_183', 'number_match', 'number_match']
number opened: 4
TRIAL 22
Action chosen: (green3, purple)
Outcome: True
partcle ids: ['number_match', 'number_match', 'number_match', 'number_match', 'number_match', 'number_match', 'number_match', 'number_match', 'number_match', 'number_match', 'number_match', 'number_match', 'number_match', 'number_match', 'number_match', 'number_match', 'number_match', 'number_match', 'number_match', 'number_match', 'number_match', 'number_match', 'number_match', 'number_match', 'number_match', 'number_match', 'number_match', 'number_match', 'number_match', 'number_match']
number opened: 5
{"attempts": 22, "unique_key_box_pairs": 22, "revisit_attempts": 0, "revisit_rate": 0.0, "attempts_before_abandoning_color_matching": 1, "color_matching_abandoned": true}
