{"Child_ID": "D082", "SoC_variant": "SoC-Full", "theta": [9, 1], "p_gen": 0.7, "true_prior": 0.02, "run_number": 33, "seed": 7717403451676899136}
TRIAL 1
Action chosen: (red, red)
Outcome: True
partcle ids: ['similar_color_3', 'generator_22', 'generator_23', 'similar_color_7', 'similar_color_11', 'similar_color_3', 'similar_color_6', 'generator_24', 'generator_25', 'generator_26', 'generator_27', 'generator_28', 'generator_29', 'similar_color_9', 'similar_color_9', 'similar_color_1', 'generator_30', 'generator_31', 'similar_color_12', 'similar_color_6', 'similar_color_13', 'similar_color_11', 'generator_32', 'generator_33', 'similar_color_1', 'generator_34', 'generator_35', 'similar_color_8', 'generator_36', 'generator_37']
number opened: 1
TRIAL 2
Action chosen: (pink, pink)
Outcome: False
partcle ids: ['similar_color_3', 'generator_22', 'generator_23', 'similar_color_7', 'similar_color_11', 'similar_color_3', 'similar_color_6', 'generator_24', 'generator_25', 'generator_26', 'generator_27', 'generator_28', 'generator_29', 'similar_color_9', 'similar_color_9', 'similar_color_1', 'generator_30', 'generator_31', 'similar_color_12', 'similar_color_6', 'similar_color_13', 'similar_color_11', 'generator_32', 'generator_33', 'similar_color_1', 'generator_34', 'generator_35', 'similar_color_8', 'generator_36', 'generator_37']
number opened: 1
TRIAL 3
Action chosen: (purple, purple)
Outcome: False
partcle ids: ['generator_34', 'generator_23', 'generator_38', 'generator_26', 'generator_39', 'generator_37', 'generator_40', 'generator_41', 'generator_24', 'generator_35', 'generator_42', 'generator_43', 'generator_44', 'generator_45', 'generator_46', 'generator_47', 'generator_48', 'generator_49', 'generator_24', 'generator_50', 'generator_51', 'generator_26', 'generator_52', 'generator_53', 'generator_54', 'generator_55', 'generator_30', 'generator_37', 'generator_37', 'generator_59']
number opened: 1
TRIAL 4
Action chosen: (yellow5, pink)
Outcome: False
partcle ids: ['generator_34', 'generator_23', 'generator_38', 'generator_26', 'generator_39', 'generator_37', 'generator_40', 'generator_41', 'generator_24', 'generator_35', 'generator_42', 'generator_43', 'generator_44', 'generator_45', 'generator_46', 'generator_47', 'generator_48', 'generator_49', 'generator_24', 'generator_50', 'generator_51', 'generator_26', 'generator_52', 'generator_53', 'generator_54', 'generator_55', 'generator_30', 'generator_37', 'generator_37', 'generator_59']
number opened: 1
TRIAL 5
Action chosen: (diamond, white)
Outcome: False
partcle ids: ['generator_34', 'generator_23', 'generator_38', 'generator_26', 'generator_39', 'generator_37', 'generator_40', 'generator_41', 'generator_24', 'generator_35', 'generator_42', 'generator_43', 'generator_44', 'generator_45', 'generator_46', 'generator_47', 'generator_48', 'generator_49', 'generator_24', 'generator_50', 'generator_51', 'generator_26', 'generator_52', 'generator_53', 'generator_54', 'generator_55', 'generator_30', 'generator_37', 'generator_37', 'generator_59']
number opened: 1
TRIAL 6
Action chosen: (heart, pink)
Outcome: False
partcle ids: ['generator_50', 'generator_59', 'generator_30', 'generator_61', 'generator_62', 'generator_24', 'generator_48', 'generator_26', 'generator_41', 'generator_39', 'generator_64', 'generator_43', 'generator_26', 'generator_65', 'generator_66', 'generator_67', 'generator_59', 'generator_69', 'generator_45', 'generator_70', 'generator_71', 'generator_72', 'generator_23', 'generator_74', 'generator_75', 'generator_76', 'generator_51', 'generator_77', 'generator_41', 'generator_59']
number opened: 1
TRIAL 7
Action chosen: (orange4, white)
Outcome: True
partcle ids: ['generator_79', 'generator_80', 'generator_77', 'generator_82', 'generator_83', 'generator_59', 'generator_85', 'generator_86', 'generator_87', 'generator_77', 'generator_89', 'generator_90', 'generator_59', 'generator_92', 'generator_93', 'generator_59', 'generator_95', 'generator_59', 'generator_65', 'generator_97', 'generator_98', 'generator_65', 'generator_100', 'generator_101', 'generator_59', 'generator_103', 'generator_104', 'generator_105', 'generator_106', 'generator_77']
number opened: 2
TRIAL 8
Action chosen: (green3, purple)
Outcome: True
partcle ids: ['generator_108', 'generator_85', 'generator_110', 'generator_111', 'generator_59', 'generator_85', 'generator_113', 'generator_114', 'generator_115', 'generator_116', 'generator_65', 'generator_116', 'generator_113', 'generator_118', 'generator_119', 'generator_120', 'generator_85', 'generator_122', 'generator_59', 'generator_124', 'generator_125', 'generator_59', 'generator_59', 'generator_79', 'generator_85', 'number_match', 'generator_65', 'generator_79', 'generator_65', 'generator_79']
number opened: 3
TRIAL 9
Action chosen: (diamond, blue)
Outcome: False
partcle ids: ['generator_108', 'generator_85', 'generator_110', 'generator_111', 'generator_59', 'generator_85', 'generator_113', 'generator_114', 'generator_115', 'generator_116', 'generator_65', 'generator_116', 'generator_113', 'generator_118', 'generator_119', 'generator_120', 'generator_85', 'generator_122', 'generator_59', 'generator_124', 'generator_125', 'generator_59', 'generator_59', 'generator_79', 'generator_85', 'number_match', 'generator_65', 'generator_79', 'generator_65', 'generator_79']
number opened: 3
TRIAL 10
Action chosen: (blue, pink)
Outcome: False
partcle ids: ['generator_108', 'generator_85', 'generator_110', 'generator_111', 'generator_59', 'generator_85', 'generator_113', 'generator_114', 'generator_115', 'generator_116', 'generator_65', 'generator_116', 'generator_113', 'generator_118', 'generator_119', 'generator_120', 'generator_85', 'generator_122', 'generator_59', 'generator_124', 'generator_125', 'generator_59', 'generator_59', 'generator_79', 'generator_85', 'number_match', 'generator_65', 'generator_79', 'generator_65', 'generator_79']
number opened: 3
TRIAL 11
Action chosen: (cloud, pink)
Outcome: False
partcle ids: ['generator_129', 'generator_130', 'generator_131', 'generator_118', 'generator_133', 'generator_134', 'generator_108', 'generator_115', 'generator_113', 'generator_113', 'generator_137', 'generator_138', 'generator_113', 'generator_111', 'generator_125', 'generator_141', 'generator_68', 'generator_111', 'generator_143', 'generator_144', 'generator_145', 'generator_138', 'generator_146', 'generator_125', 'generator_108', 'number_match', 'generator_147', 'generator_119', 'generator_113', 'generator_149']
number opened: 3
TRIAL 12
Action chosen: (diamond, pink)
Outcome: False
partcle ids: ['generator_129', 'generator_130', 'generator_131', 'generator_118', 'generator_133', 'generator_134', 'generator_108', 'generator_115', 'generator_113', 'generator_113', 'generator_137', 'generator_138', 'generator_113', 'generator_111', 'generator_125', 'generator_141', 'generator_68', 'generator_111', 'generator_143', 'generator_144', 'generator_145', 'generator_138', 'generator_146', 'generator_125', 'generator_108', 'number_match', 'generator_147', 'generator_119', 'generator_113', 'generator_149']
number opened: 3
TRIAL 13
Action chosen: (triangle, pink)
Outcome: False
partcle ids: ['generator_129', 'generator_130', 'generator_131', 'generator_118', 'generator_133', 'generator_134', 'generator_108', 'generator_115', 'generator_113', 'generator_113', 'generator_137', 'generator_138', 'generator_113', 'generator_111', 'generator_125', 'generator_141', 'generator_68', 'generator_111', 'generator_143', 'generator_144', 'generator_145', 'generator_138', 'generator_146', 'generator_125', 'generator_108', 'number_match', 'generator_147', 'generator_119', 'generator_113', 'generator_149']
number opened: 3
TRIAL 14
Action chosen: (white, pink)
Outcome: False
partcle ids: ['generator_144', 'generator_144', 'number_match', 'generator_150', 'generator_118', 'generator_144', 'generator_118', 'generator_153', 'generator_141', 'generator_144', 'generator_141', 'generator_141', 'generator_146', 'generator_117', 'generator_156', 'generator_129', 'generator_144', 'generator_157', 'generator_141', 'generator_118', 'generator_113', 'generator_156', 'generator_158', 'generator_146', 'generator_118', 'generator_146', 'generator_160', 'generator_122', 'generator_161', 'generator_157']
number opened: 3
TRIAL 15
Action chosen: (purple, pink)
Outcome: False
partcle ids: ['generator_144', 'generator_144', 'number_match', 'generator_150', 'generator_118', 'generator_144', 'generator_118', 'generator_153', 'generator_141', 'generator_144', 'generator_141', 'generator_141', 'generator_146', 'generator_117', 'generator_156', 'generator_129', 'generator_144', 'generator_157', 'generator_141', 'generator_118', 'generator_113', 'generator_156', 'generator_158', 'generator_146', 'generator_118', 'generator_146', 'generator_160', 'generator_122', 'generator_161', 'generator_157']
number opened: 3
TRIAL 16
Action chosen: (grey2, pink)
Outcome: True
partcle ids: ['generator_146', 'generator_153', 'generator_162', 'generator_153', 'generator_146', 'generator_157', 'generator_150', 'generator_163', 'generator_157', 'generator_146', 'number_match', 'number_match', 'generator_146', 'number_match', 'generator_150', 'generator_163', 'generator_164', 'generator_157', 'number_match', 'number_match', 'generator_150', 'number_match', 'number_match', 'generator_163', 'generator_164', 'generator_163', 'generator_163', 'generator_163', 'generator_157', 'generator_163']
number opened: 4
TRIAL 17
Action chosen: (yellow5, blue)
Outcome: True
partcle ids: ['number_match', 'number_match', 'number_match', 'number_match', 'number_match', 'number_match', 'number_match', 'number_match', 'number_match', 'number_match', 'number_match', 'number_match', 'number_match', 'number_match', 'number_match', 'number_match', 'number_match', 'number_match', 'number_match', 'number_match', 'number_match', 'number_match', 'number_match', 'number_match', 'number_match', 'number_match', 'number_match', 'number_match', 'number_match', 'number_match']
number opened: 5
{"attempts": 17, "unique_key_box_pairs": 17, "revisit_attempts": 0, "revisit_rate": 0.0, "attempts_before_abandoning_color_matching": 3, "color_matching_abandoned": true}
