{"Child_ID": "D047", "SoC_variant": "SoC-Gen", "theta": [19, 1], "p_gen": 0.5, "true_prior": 0.02, "run_number": 11, "seed": 7626415474831016838}
TRIAL 1
Action chosen: (purple, purple)
Outcome: False
partcle ids: ['similar_color_5', 'generator_1', 'generator_2', 'similar_color_14', 'generator_3', 'similar_color_12', 'generator_4', 'similar_color_11', 'similar_color_4', 'generator_5', 'similar_color_13', 'similar_color_13', 'generator_6', 'shape_match', 'generator_7', 'generator_8', 'generator_9', 'similar_color_1', 'similar_color_7', 'similar_color_5', 'order_match', 'similar_color_12', 'number_match', 'generator_10', 'generator_11', 'similar_color_8', 'generator_12', 'generator_13', 'similar_color_6', 'shape_match']
number opened: 0
TRIAL 2
Action chosen: (diamond, red)
Outcome: False
partcle ids: ['generator_8', 'generator_15', 'generator_3', 'generator_16', 'shape_match', 'number_match', 'generator_17', 'similar_color_2', 'generator_13', 'generator_18', 'generator_4', 'shape_match', 'generator_7', 'number_match', 'generator_4', 'generator_20', 'generator_21', 'generator_22', 'generator_3', 'generator_24', 'generator_25', 'generator_5', 'shape_match', 'order_match', 'generator_5', 'shape_match', 'generator_13', 'generator_27', 'generator_2', 'generator_1']
number opened: 0
TRIAL 3
Action chosen: (heart, purple)
Outcome: False
partcle ids: ['generator_8', 'generator_15', 'generator_3', 'generator_16', 'shape_match', 'number_match', 'generator_17', 'similar_color_2', 'generator_13', 'generator_18', 'generator_4', 'shape_match', 'generator_7', 'number_match', 'generator_4', 'generator_20', 'generator_21', 'generator_22', 'generator_3', 'generator_24', 'generator_25', 'generator_5', 'shape_match', 'order_match', 'generator_5', 'shape_match', 'generator_13', 'generator_27', 'generator_2', 'generator_1']
number opened: 0
TRIAL 4
Action chosen: (green3, white)
Outcome: False
partcle ids: ['generator_8', 'generator_15', 'generator_3', 'generator_16', 'shape_match', 'number_match', 'generator_17', 'similar_color_2', 'generator_13', 'generator_18', 'generator_4', 'shape_match', 'generator_7', 'number_match', 'generator_4', 'generator_20', 'generator_21', 'generator_22', 'generator_3', 'generator_24', 'generator_25', 'generator_5', 'shape_match', 'order_match', 'generator_5', 'shape_match', 'generator_13', 'generator_27', 'generator_2', 'generator_1']
number opened: 0
TRIAL 5
Action chosen: (red, red)
Outcome: True
partcle ids: ['generator_29', 'generator_15', 'number_match', 'generator_15', 'generator_15', 'generator_31', 'generator_32', 'generator_33', 'similar_color_9', 'generator_34', 'generator_15', 'generator_35', 'generator_36', 'generator_37', 'generator_15', 'generator_15', 'generator_38', 'generator_39', 'generator_40', 'generator_41', 'generator_42', 'similar_color_4', 'similar_color_3', 'generator_15', 'number_match', 'generator_15', 'number_match', 'generator_44', 'generator_45', 'generator_46']
number opened: 1
TRIAL 6
Action chosen: (orange4, white)
Outcome: True
partcle ids: ['generator_47', 'generator_48', 'generator_49', 'generator_15', 'generator_51', 'generator_52', 'generator_53', 'generator_15', 'generator_55', 'generator_56', 'generator_15', 'generator_58', 'generator_59', 'generator_60', 'generator_61', 'generator_62', 'generator_15', 'generator_15', 'generator_65', 'number_match', 'generator_66', 'generator_67', 'generator_68', 'generator_69', 'generator_70', 'generator_71', 'generator_72', 'generator_73', 'generator_74', 'generator_75']
number opened: 2
TRIAL 7
Action chosen: (diamond, purple)
Outcome: False
partcle ids: ['generator_47', 'generator_48', 'generator_49', 'generator_15', 'generator_51', 'generator_52', 'generator_53', 'generator_15', 'generator_55', 'generator_56', 'generator_15', 'generator_58', 'generator_59', 'generator_60', 'generator_61', 'generator_62', 'generator_15', 'generator_15', 'generator_65', 'number_match', 'generator_66', 'generator_67', 'generator_68', 'generator_69', 'generator_70', 'generator_71', 'generator_72', 'generator_73', 'generator_74', 'generator_75']
number opened: 2
TRIAL 8
Action chosen: (purple, blue)
Outcome: False
partcle ids: ['generator_47', 'generator_48', 'generator_49', 'generator_15', 'generator_51', 'generator_52', 'generator_53', 'generator_15', 'generator_55', 'generator_56', 'generator_15', 'generator_58', 'generator_59', 'generator_60', 'generator_61', 'generator_62', 'generator_15', 'generator_15', 'generator_65', 'number_match', 'generator_66', 'generator_67', 'generator_68', 'generator_69', 'generator_70', 'generator_71', 'generator_72', 'generator_73', 'generator_74', 'generator_75']
number opened: 2
TRIAL 9
Action chosen: (yellow5, pink)
Outcome: False
partcle ids: ['generator_76', 'generator_74', 'generator_77', 'generator_52', 'generator_79', 'generator_74', 'generator_81', 'generator_82', 'generator_83', 'generator_84', 'generator_85', 'generator_86', 'generator_48', 'generator_49', 'generator_49', 'generator_90', 'generator_91', 'generator_53', 'generator_71', 'generator_52', 'generator_95', 'generator_62', 'generator_96', 'generator_97', 'generator_98', 'generator_99', 'generator_100', 'generator_101', 'generator_102', 'generator_49']
number opened: 2
TRIAL 10
Action chosen: (grey2, blue)
Outcome: False
partcle ids: ['generator_76', 'generator_74', 'generator_77', 'generator_52', 'generator_79', 'generator_74', 'generator_81', 'generator_82', 'generator_83', 'generator_84', 'generator_85', 'generator_86', 'generator_48', 'generator_49', 'generator_49', 'generator_90', 'generator_91', 'generator_53', 'generator_71', 'generator_52', 'generator_95', 'generator_62', 'generator_96', 'generator_97', 'generator_98', 'generator_99', 'generator_100', 'generator_101', 'generator_102', 'generator_49']
number opened: 2
TRIAL 11
Action chosen: (green3, purple)
Outcome: True
partcle ids: ['generator_104', 'generator_105', 'generator_106', 'generator_107', 'generator_108', 'generator_109', 'generator_110', 'generator_81', 'generator_112', 'generator_113', 'generator_114', 'generator_115', 'generator_116', 'generator_112', 'generator_52', 'generator_90', 'generator_52', 'generator_117', 'generator_118', 'generator_119', 'generator_81', 'generator_52', 'generator_90', 'generator_121', 'generator_122', 'generator_123', 'generator_123', 'generator_124', 'generator_125', 'generator_117']
number opened: 3
TRIAL 12
Action chosen: (diamond, blue)
Outcome: False
partcle ids: ['generator_104', 'generator_105', 'generator_106', 'generator_107', 'generator_108', 'generator_109', 'generator_110', 'generator_81', 'generator_112', 'generator_113', 'generator_114', 'generator_115', 'generator_116', 'generator_112', 'generator_52', 'generator_90', 'generator_52', 'generator_117', 'generator_118', 'generator_119', 'generator_81', 'generator_52', 'generator_90', 'generator_121', 'generator_122', 'generator_123', 'generator_123', 'generator_124', 'generator_125', 'generator_117']
number opened: 3
TRIAL 13
Action chosen: (heart, blue)
Outcome: False
partcle ids: ['generator_104', 'generator_105', 'generator_106', 'generator_107', 'generator_108', 'generator_109', 'generator_110', 'generator_81', 'generator_112', 'generator_113', 'generator_114', 'generator_115', 'generator_116', 'generator_112', 'generator_52', 'generator_90', 'generator_52', 'generator_117', 'generator_118', 'generator_119', 'generator_81', 'generator_52', 'generator_90', 'generator_121', 'generator_122', 'generator_123', 'generator_123', 'generator_124', 'generator_125', 'generator_117']
number opened: 3
TRIAL 14
Action chosen: (triangle, blue)
Outcome: False
partcle ids: ['generator_104', 'generator_105', 'generator_106', 'generator_107', 'generator_108', 'generator_109', 'generator_110', 'generator_81', 'generator_112', 'generator_113', 'generator_114', 'generator_115', 'generator_116', 'generator_112', 'generator_52', 'generator_90', 'generator_52', 'generator_117', 'generator_118', 'generator_119', 'generator_81', 'generator_52', 'generator_90', 'generator_121', 'generator_122', 'generator_123', 'generator_123', 'generator_124', 'generator_125', 'generator_117']
number opened: 3
TRIAL 15
Action chosen: (pink, blue)
Outcome: False
partcle ids: ['generator_112', 'generator_81', 'generator_112', 'generator_114', 'generator_105', 'generator_81', 'generator_124', 'generator_131', 'generator_112', 'generator_132', 'generator_133', 'generator_105', 'generator_109', 'generator_81', 'generator_108', 'generator_106', 'generator_136', 'generator_114', 'generator_81', 'generator_112', 'generator_124', 'generator_110', 'generator_108', 'generator_112', 'generator_108', 'generator_112', 'generator_109', 'generator_108', 'generator_140', 'generator_124']
number opened: 3
TRIAL 16
Action chosen: (yellow5, blue)
Outcome: True
partcle ids: ['generator_141', 'generator_108', 'generator_106', 'generator_108', 'number_match', 'generator_108', 'generator_142', 'generator_143', 'generator_144', 'generator_144', 'generator_142', 'generator_124', 'generator_106', 'generator_106', 'generator_144', 'generator_144', 'generator_144', 'generator_108', 'generator_142', 'generator_143', 'generator_143', 'generator_124', 'generator_106', 'generator_142', 'generator_142', 'generator_141', 'generator_124', 'number_match', 'generator_142', 'generator_108']
number opened: 4
TRIAL 17
Action chosen: (triangle, pink)
Outcome: False
partcle ids: ['generator_141', 'generator_108', 'generator_106', 'generator_108', 'number_match', 'generator_108', 'generator_142', 'generator_143', 'generator_144', 'generator_144', 'generator_142', 'generator_124', 'generator_106', 'generator_106', 'generator_144', 'generator_144', 'generator_144', 'generator_108', 'generator_142', 'generator_143', 'generator_143', 'generator_124', 'generator_106', 'generator_142', 'generator_142', 'generator_141', 'generator_124', 'number_match', 'generator_142', 'generator_108']
number opened: 4
TRIAL 18
Action chosen: (white, pink)
Outcome: False
partcle ids: ['generator_141', 'generator_108', 'generator_106', 'generator_108', 'number_match', 'generator_108', 'generator_142', 'generator_143', 'generator_144', 'generator_144', 'generator_142', 'generator_124', 'generator_106', 'generator_106', 'generator_144', 'generator_144', 'generator_144', 'generator_108', 'generator_142', 'generator_143', 'generator_143', 'generator_124', 'generator_106', 'generator_142', 'generator_142', 'generator_141', 'generator_124', 'number_match', 'generator_142', 'generator_108']
number opened: 4
TRIAL 19
Action chosen: (cloud, pink)
Outcome: False
partcle ids: ['generator_141', 'generator_108', 'generator_106', 'generator_108', 'number_match', 'generator_108', 'generator_142', 'generator_143', 'generator_144', 'generator_144', 'generator_142', 'generator_124', 'generator_106', 'generator_106', 'generator_144', 'generator_144', 'generator_144', 'generator_108', 'generator_142', 'generator_143', 'generator_143', 'generator_124', 'generator_106', 'generator_142', 'generator_142', 'generator_141', 'generator_124', 'number_match', 'generator_142', 'generator_108']
number opened: 4
TRIAL 20
Action chosen: (heart, pink)
Outcome: False
partcle ids: ['generator_143', 'generator_143', 'generator_124', 'generator_124', 'generator_145', 'generator_143', 'generator_106', 'generator_124', 'generator_124', 'generator_143', 'number_match', 'number_match', 'generator_124', 'generator_124', 'generator_141', 'generator_143', 'generator_124', 'number_match', 'generator_141', 'generator_124', 'generator_124', 'generator_141', 'generator_143', 'generator_143', 'generator_106', 'generator_141', 'generator_124', 'generator_143', 'number_match', 'number_match']
number opened: 4
TRIAL 21
Action chosen: (diamond, pink)
Outcome: False
partcle ids: ['generator_143', 'generator_143', 'generator_124', 'generator_124', 'generator_145', 'generator_143', 'generator_106', 'generator_124', 'generator_124', 'generator_143', 'number_match', 'number_match', 'generator_124', 'generator_124', 'generator_141', 'generator_143', 'generator_124', 'number_match', 'generator_141', 'generator_124', 'generator_124', 'generator_141', 'generator_143', 'generator_143', 'generator_106', 'generator_141', 'generator_124', 'generator_143', 'number_match', 'number_match']
number opened: 4
TRIAL 22
Action chosen: (blue, pink)
Outcome: False
partcle ids: ['generator_141', 'generator_141', 'number_match', 'generator_141', 'generator_141', 'generator_108', 'number_match', 'generator_141', 'number_match', 'generator_141', 'number_match', 'number_match', 'generator_143', 'number_match', 'number_match', 'number_match', 'generator_106', 'number_match', 'number_match', 'generator_106', 'number_match', 'generator_145', 'generator_144', 'generator_145', 'number_match', 'number_match', 'number_match', 'number_match', 'number_match', 'number_match']
number opened: 4
TRIAL 23
Action chosen: (grey2, pink)
Outcome: True
partcle ids: ['generator_141', 'generator_141', 'number_match', 'generator_141', 'generator_141', 'generator_108', 'number_match', 'generator_141', 'number_match', 'generator_141', 'number_match', 'number_match', 'generator_143', 'number_match', 'number_match', 'number_match', 'generator_106', 'number_match', 'number_match', 'generator_106', 'number_match', 'generator_145', 'generator_144', 'generator_145', 'number_match', 'number_match', 'number_match', 'number_match', 'number_match', 'number_match']
number opened: 5
{"attempts": 23, "unique_key_box_pairs": 23, "revisit_attempts": 0, "revisit_rate": 0.0, "attempts_before_abandoning_color_matching": 1, "color_matching_abandoned": true}
