{"Child_ID": "D047", "SoC_variant": "SoC-Gen", "theta": [19, 1], "p_gen": 0.5, "true_prior": 0.02, "run_number": 55, "seed": 4440912407730775842}
TRIAL 1
Action chosen: (red, red)
Outcome: True
partcle ids: ['similar_color_9', 'generator_19', 'generator_20', 'generator_21', 'similar_color_10', 'similar_color_12', 'generator_22', 'similar_color_11', 'similar_color_6', 'generator_8', 'generator_23', 'similar_color_8', 'generator_24', 'color_match', 'generator_25', 'similar_color_2', 'similar_color_11', 'similar_color_4', 'similar_color_7', 'similar_color_3', 'similar_color_10', 'similar_color_3', 'generator_26', 'similar_color_1', 'generator_27', 'similar_color_2', 'generator_28', 'generator_29', 'similar_color_10', 'generator_30']
number opened: 1
TRIAL 2
Action chosen: (pink, pink)
Outcome: False
partcle ids: ['generator_31', 'generator_32', 'generator_33', 'generator_34', 'generator_35', 'generator_36', 'generator_21', 'generator_23', 'generator_37', 'similar_color_13', 'generator_24', 'generator_30', 'generator_8', 'generator_38', 'generator_39', 'generator_19', 'generator_23', 'generator_40', 'generator_41', 'generator_27', 'similar_color_1', 'generator_28', 'generator_22', 'generator_23', 'generator_20', 'generator_43', 'generator_24', 'generator_44', 'generator_28', 'generator_45']
number opened: 1
TRIAL 3
Action chosen: (diamond, blue)
Outcome: False
partcle ids: ['generator_31', 'generator_32', 'generator_33', 'generator_34', 'generator_35', 'generator_36', 'generator_21', 'generator_23', 'generator_37', 'similar_color_13', 'generator_24', 'generator_30', 'generator_8', 'generator_38', 'generator_39', 'generator_19', 'generator_23', 'generator_40', 'generator_41', 'generator_27', 'similar_color_1', 'generator_28', 'generator_22', 'generator_23', 'generator_20', 'generator_43', 'generator_24', 'generator_44', 'generator_28', 'generator_45']
number opened: 1
TRIAL 4
Action chosen: (purple, purple)
Outcome: False
partcle ids: ['generator_31', 'generator_32', 'generator_33', 'generator_34', 'generator_35', 'generator_36', 'generator_21', 'generator_23', 'generator_37', 'similar_color_13', 'generator_24', 'generator_30', 'generator_8', 'generator_38', 'generator_39', 'generator_19', 'generator_23', 'generator_40', 'generator_41', 'generator_27', 'similar_color_1', 'generator_28', 'generator_22', 'generator_23', 'generator_20', 'generator_43', 'generator_24', 'generator_44', 'generator_28', 'generator_45']
number opened: 1
TRIAL 5
Action chosen: (grey2, purple)
Outcome: False
partcle ids: ['generator_31', 'generator_46', 'generator_22', 'generator_47', 'generator_37', 'generator_48', 'generator_22', 'generator_44', 'generator_36', 'generator_22', 'generator_50', 'generator_22', 'generator_38', 'generator_52', 'generator_44', 'generator_41', 'generator_53', 'generator_54', 'generator_55', 'generator_32', 'generator_38', 'generator_56', 'generator_57', 'generator_31', 'generator_38', 'generator_35', 'generator_59', 'generator_60', 'generator_61', 'generator_31']
number opened: 1
TRIAL 6
Action chosen: (pink, purple)
Outcome: False
partcle ids: ['generator_31', 'generator_46', 'generator_22', 'generator_47', 'generator_37', 'generator_48', 'generator_22', 'generator_44', 'generator_36', 'generator_22', 'generator_50', 'generator_22', 'generator_38', 'generator_52', 'generator_44', 'generator_41', 'generator_53', 'generator_54', 'generator_55', 'generator_32', 'generator_38', 'generator_56', 'generator_57', 'generator_31', 'generator_38', 'generator_35', 'generator_59', 'generator_60', 'generator_61', 'generator_31']
number opened: 1
TRIAL 7
Action chosen: (purple, pink)
Outcome: False
partcle ids: ['generator_31', 'generator_46', 'generator_22', 'generator_47', 'generator_37', 'generator_48', 'generator_22', 'generator_44', 'generator_36', 'generator_22', 'generator_50', 'generator_22', 'generator_38', 'generator_52', 'generator_44', 'generator_41', 'generator_53', 'generator_54', 'generator_55', 'generator_32', 'generator_38', 'generator_56', 'generator_57', 'generator_31', 'generator_38', 'generator_35', 'generator_59', 'generator_60', 'generator_61', 'generator_31']
number opened: 1
TRIAL 8
Action chosen: (blue, purple)
Outcome: False
partcle ids: ['generator_44', 'generator_59', 'generator_37', 'generator_52', 'generator_37', 'generator_44', 'generator_53', 'generator_52', 'generator_61', 'generator_68', 'generator_32', 'generator_70', 'generator_37', 'generator_71', 'generator_72', 'generator_44', 'generator_56', 'generator_44', 'generator_74', 'generator_52', 'generator_44', 'generator_61', 'generator_75', 'generator_76', 'generator_77', 'generator_78', 'generator_37', 'order_match', 'generator_80', 'generator_36']
number opened: 1
TRIAL 9
Action chosen: (blue, blue)
Outcome: False
partcle ids: ['generator_44', 'generator_59', 'generator_37', 'generator_52', 'generator_37', 'generator_44', 'generator_53', 'generator_52', 'generator_61', 'generator_68', 'generator_32', 'generator_70', 'generator_37', 'generator_71', 'generator_72', 'generator_44', 'generator_56', 'generator_44', 'generator_74', 'generator_52', 'generator_44', 'generator_61', 'generator_75', 'generator_76', 'generator_77', 'generator_78', 'generator_37', 'order_match', 'generator_80', 'generator_36']
number opened: 1
TRIAL 10
Action chosen: (pink, white)
Outcome: False
partcle ids: ['generator_59', 'generator_71', 'generator_74', 'generator_76', 'generator_74', 'generator_36', 'generator_36', 'generator_61', 'generator_56', 'generator_59', 'generator_84', 'generator_85', 'generator_71', 'generator_61', 'generator_36', 'generator_88', 'generator_89', 'generator_77', 'generator_90', 'generator_32', 'generator_76', 'generator_91', 'generator_74', 'generator_92', 'generator_76', 'generator_61', 'generator_95', 'generator_78', 'generator_71', 'generator_97']
number opened: 1
TRIAL 11
Action chosen: (diamond, purple)
Outcome: False
partcle ids: ['generator_59', 'generator_71', 'generator_74', 'generator_76', 'generator_74', 'generator_36', 'generator_36', 'generator_61', 'generator_56', 'generator_59', 'generator_84', 'generator_85', 'generator_71', 'generator_61', 'generator_36', 'generator_88', 'generator_89', 'generator_77', 'generator_90', 'generator_32', 'generator_76', 'generator_91', 'generator_74', 'generator_92', 'generator_76', 'generator_61', 'generator_95', 'generator_78', 'generator_71', 'generator_97']
number opened: 1
TRIAL 12
Action chosen: (orange4, pink)
Outcome: False
partcle ids: ['generator_98', 'generator_88', 'generator_99', 'generator_77', 'generator_100', 'generator_84', 'generator_84', 'generator_103', 'generator_89', 'generator_90', 'generator_97', 'generator_97', 'generator_32', 'generator_84', 'generator_84', 'generator_95', 'generator_105', 'generator_95', 'generator_77', 'generator_106', 'generator_95', 'generator_107', 'generator_88', 'generator_97', 'generator_108', 'generator_89', 'generator_109', 'generator_90', 'generator_111', 'generator_112']
number opened: 1
TRIAL 13
Action chosen: (purple, blue)
Outcome: False
partcle ids: ['generator_98', 'generator_88', 'generator_99', 'generator_77', 'generator_100', 'generator_84', 'generator_84', 'generator_103', 'generator_89', 'generator_90', 'generator_97', 'generator_97', 'generator_32', 'generator_84', 'generator_84', 'generator_95', 'generator_105', 'generator_95', 'generator_77', 'generator_106', 'generator_95', 'generator_107', 'generator_88', 'generator_97', 'generator_108', 'generator_89', 'generator_109', 'generator_90', 'generator_111', 'generator_112']
number opened: 1
TRIAL 14
Action chosen: (yellow5, purple)
Outcome: False
partcle ids: ['generator_98', 'generator_88', 'generator_99', 'generator_77', 'generator_100', 'generator_84', 'generator_84', 'generator_103', 'generator_89', 'generator_90', 'generator_97', 'generator_97', 'generator_32', 'generator_84', 'generator_84', 'generator_95', 'generator_105', 'generator_95', 'generator_77', 'generator_106', 'generator_95', 'generator_107', 'generator_88', 'generator_97', 'generator_108', 'generator_89', 'generator_109', 'generator_90', 'generator_111', 'generator_112']
number opened: 1
TRIAL 15
Action chosen: (green3, purple)
Outcome: True
partcle ids: ['generator_113', 'generator_114', 'generator_77', 'generator_116', 'generator_89', 'generator_118', 'generator_119', 'generator_120', 'generator_89', 'generator_122', 'generator_77', 'generator_124', 'generator_89', 'generator_77', 'generator_127', 'generator_128', 'generator_129', 'generator_103', 'generator_89', 'generator_77', 'generator_133', 'generator_134', 'generator_89', 'generator_136', 'generator_137', 'generator_103', 'generator_139', 'generator_103', 'generator_141', 'generator_142']
number opened: 2
TRIAL 16
Action chosen: (pink, blue)
Outcome: False
partcle ids: ['generator_113', 'generator_114', 'generator_77', 'generator_116', 'generator_89', 'generator_118', 'generator_119', 'generator_120', 'generator_89', 'generator_122', 'generator_77', 'generator_124', 'generator_89', 'generator_77', 'generator_127', 'generator_128', 'generator_129', 'generator_103', 'generator_89', 'generator_77', 'generator_133', 'generator_134', 'generator_89', 'generator_136', 'generator_137', 'generator_103', 'generator_139', 'generator_103', 'generator_141', 'generator_142']
number opened: 2
TRIAL 17
Action chosen: (cloud, blue)
Outcome: False
partcle ids: ['generator_113', 'generator_114', 'generator_77', 'generator_116', 'generator_89', 'generator_118', 'generator_119', 'generator_120', 'generator_89', 'generator_122', 'generator_77', 'generator_124', 'generator_89', 'generator_77', 'generator_127', 'generator_128', 'generator_129', 'generator_103', 'generator_89', 'generator_77', 'generator_133', 'generator_134', 'generator_89', 'generator_136', 'generator_137', 'generator_103', 'generator_139', 'generator_103', 'generator_141', 'generator_142']
number opened: 2
TRIAL 18
Action chosen: (grey2, white)
Outcome: False
partcle ids: ['generator_143', 'generator_144', 'generator_141', 'generator_146', 'generator_147', 'generator_139', 'generator_149', 'generator_118', 'generator_118', 'generator_151', 'generator_113', 'generator_118', 'generator_154', 'generator_142', 'generator_141', 'generator_113', 'generator_158', 'generator_159', 'generator_160', 'generator_142', 'generator_161', 'generator_162', 'generator_136', 'generator_164', 'generator_165', 'generator_113', 'generator_141', 'generator_168', 'generator_118', 'generator_169']
number opened: 2
TRIAL 19
Action chosen: (orange4, blue)
Outcome: False
partcle ids: ['generator_143', 'generator_144', 'generator_141', 'generator_146', 'generator_147', 'generator_139', 'generator_149', 'generator_118', 'generator_118', 'generator_151', 'generator_113', 'generator_118', 'generator_154', 'generator_142', 'generator_141', 'generator_113', 'generator_158', 'generator_159', 'generator_160', 'generator_142', 'generator_161', 'generator_162', 'generator_136', 'generator_164', 'generator_165', 'generator_113', 'generator_141', 'generator_168', 'generator_118', 'generator_169']
number opened: 2
TRIAL 20
Action chosen: (yellow5, blue)
Outcome: True
partcle ids: ['generator_170', 'generator_168', 'generator_158', 'generator_173', 'generator_174', 'generator_175', 'generator_176', 'generator_177', 'generator_168', 'generator_168', 'generator_179', 'generator_180', 'generator_181', 'generator_182', 'generator_183', 'generator_180', 'generator_184', 'generator_185', 'generator_179', 'generator_186', 'generator_146', 'generator_188', 'generator_189', 'generator_180', 'generator_188', 'generator_190', 'generator_168', 'generator_192', 'generator_143', 'generator_194']
number opened: 3
TRIAL 21
Action chosen: (triangle, pink)
Outcome: False
partcle ids: ['generator_170', 'generator_168', 'generator_158', 'generator_173', 'generator_174', 'generator_175', 'generator_176', 'generator_177', 'generator_168', 'generator_168', 'generator_179', 'generator_180', 'generator_181', 'generator_182', 'generator_183', 'generator_180', 'generator_184', 'generator_185', 'generator_179', 'generator_186', 'generator_146', 'generator_188', 'generator_189', 'generator_180', 'generator_188', 'generator_190', 'generator_168', 'generator_192', 'generator_143', 'generator_194']
number opened: 3
TRIAL 22
Action chosen: (grey2, pink)
Outcome: True
partcle ids: ['generator_195', 'generator_196', 'generator_168', 'generator_176', 'number_match', 'generator_192', 'generator_181', 'generator_196', 'generator_168', 'generator_181', 'generator_168', 'generator_192', 'number_match', 'generator_168', 'generator_195', 'generator_168', 'number_match', 'generator_176', 'generator_168', 'generator_168', 'generator_192', 'number_match', 'generator_176', 'generator_168', 'generator_168', 'generator_198', 'number_match', 'generator_195', 'generator_168', 'number_match']
number opened: 4
TRIAL 23
Action chosen: (purple, white)
Outcome: False
partcle ids: ['generator_195', 'generator_196', 'generator_168', 'generator_176', 'number_match', 'generator_192', 'generator_181', 'generator_196', 'generator_168', 'generator_181', 'generator_168', 'generator_192', 'number_match', 'generator_168', 'generator_195', 'generator_168', 'number_match', 'generator_176', 'generator_168', 'generator_168', 'generator_192', 'number_match', 'generator_176', 'generator_168', 'generator_168', 'generator_198', 'number_match', 'generator_195', 'generator_168', 'number_match']
number opened: 4
TRIAL 24
Action chosen: (orange4, white)
Outcome: True
partcle ids: ['number_match', 'number_match', 'number_match', 'number_match', 'number_match', 'number_match', 'number_match', 'number_match', 'number_match', 'number_match', 'number_match', 'number_match', 'number_match', 'number_match', 'number_match', 'number_match', 'number_match', 'number_match', 'number_match', 'number_match', 'number_match', 'number_match', 'number_match', 'number_match', 'number_match', 'number_match', 'number_match', 'number_match', 'number_match', 'number_match']
number opened: 5
{"attempts": 24, "unique_key_box_pairs": 24, "revisit_attempts": 0, "revisit_rate": 0.0, "attempts_before_abandoning_color_matching": 2, "color_matching_abandoned": true}
