{"Child_ID": "D047", "SoC_variant": "SoC-Gen", "theta": [19, 1], "p_gen": 0.5, "true_prior": 0.02, "run_number": 57, "seed": 7546415785347185600}
TRIAL 1
Action chosen: (purple, purple)
Outcome: False
partcle ids: ['color_match', 'generator_1', 'generator_2', 'generator_3', 'number_match', 'similar_color_4', 'generator_4', 'generator_5', 'generator_6', 'similar_color_3', 'similar_color_14', 'generator_7', 'generator_8', 'similar_color_10', 'generator_9', 'similar_color_6', 'generator_10', 'generator_11', 'generator_12', 'similar_color_6', 'generator_13', 'similar_color_12', 'generator_14', 'generator_15', 'similar_color_10', 'generator_16', 'similar_color_5', 'similar_color_6', 'generator_17', 'generator_18']
number opened: 0
TRIAL 2
Action chosen: (cloud, blue)
Outcome: False
partcle ids: ['generator_19', 'generator_20', 'generator_21', 'generator_22', 'generator_14', 'generator_1', 'generator_8', 'generator_24', 'generator_14', 'generator_25', 'generator_26', 'generator_27', 'generator_28', 'generator_29', 'generator_30', 'generator_31', 'generator_16', 'generator_32', 'generator_33', 'generator_34', 'generator_35', 'generator_36', 'generator_6', 'generator_15', 'generator_37', 'generator_6', 'generator_38', 'generator_15', 'generator_39', 'generator_9']
number opened: 0
TRIAL 3
Action chosen: (heart, red)
Outcome: False
partcle ids: ['generator_19', 'generator_20', 'generator_21', 'generator_22', 'generator_14', 'generator_1', 'generator_8', 'generator_24', 'generator_14', 'generator_25', 'generator_26', 'generator_27', 'generator_28', 'generator_29', 'generator_30', 'generator_31', 'generator_16', 'generator_32', 'generator_33', 'generator_34', 'generator_35', 'generator_36', 'generator_6', 'generator_15', 'generator_37', 'generator_6', 'generator_38', 'generator_15', 'generator_39', 'generator_9']
number opened: 0
TRIAL 4
Action chosen: (triangle, blue)
Outcome: False
partcle ids: ['generator_19', 'generator_20', 'generator_21', 'generator_22', 'generator_14', 'generator_1', 'generator_8', 'generator_24', 'generator_14', 'generator_25', 'generator_26', 'generator_27', 'generator_28', 'generator_29', 'generator_30', 'generator_31', 'generator_16', 'generator_32', 'generator_33', 'generator_34', 'generator_35', 'generator_36', 'generator_6', 'generator_15', 'generator_37', 'generator_6', 'generator_38', 'generator_15', 'generator_39', 'generator_9']
number opened: 0
TRIAL 5
Action chosen: (blue, red)
Outcome: False
partcle ids: ['generator_40', 'generator_20', 'generator_41', 'generator_33', 'generator_42', 'generator_43', 'generator_44', 'generator_45', 'generator_38', 'generator_1', 'generator_19', 'generator_36', 'generator_39', 'generator_33', 'generator_47', 'generator_30', 'generator_48', 'generator_49', 'generator_38', 'generator_1', 'generator_36', 'generator_30', 'generator_21', 'generator_19', 'generator_51', 'generator_39', 'generator_30', 'generator_52', 'generator_53', 'generator_31']
number opened: 0
TRIAL 6
Action chosen: (triangle, pink)
Outcome: False
partcle ids: ['generator_40', 'generator_20', 'generator_41', 'generator_33', 'generator_42', 'generator_43', 'generator_44', 'generator_45', 'generator_38', 'generator_1', 'generator_19', 'generator_36', 'generator_39', 'generator_33', 'generator_47', 'generator_30', 'generator_48', 'generator_49', 'generator_38', 'generator_1', 'generator_36', 'generator_30', 'generator_21', 'generator_19', 'generator_51', 'generator_39', 'generator_30', 'generator_52', 'generator_53', 'generator_31']
number opened: 0
TRIAL 7
Action chosen: (yellow5, blue)
Outcome: True
partcle ids: ['generator_55', 'generator_56', 'generator_57', 'generator_58', 'generator_38', 'generator_59', 'generator_60', 'generator_61', 'generator_62', 'generator_63', 'generator_64', 'generator_43', 'generator_66', 'generator_67', 'generator_68', 'generator_38', 'generator_70', 'generator_71', 'generator_72', 'generator_73', 'generator_74', 'generator_75', 'generator_76', 'generator_77', 'generator_53', 'generator_38', 'generator_79', 'generator_80', 'generator_81', 'generator_53']
number opened: 1
TRIAL 8
Action chosen: (green3, red)
Outcome: False
partcle ids: ['generator_55', 'generator_56', 'generator_57', 'generator_58', 'generator_38', 'generator_59', 'generator_60', 'generator_61', 'generator_62', 'generator_63', 'generator_64', 'generator_43', 'generator_66', 'generator_67', 'generator_68', 'generator_38', 'generator_70', 'generator_71', 'generator_72', 'generator_73', 'generator_74', 'generator_75', 'generator_76', 'generator_77', 'generator_53', 'generator_38', 'generator_79', 'generator_80', 'generator_81', 'generator_53']
number opened: 1
TRIAL 9
Action chosen: (white, white)
Outcome: False
partcle ids: ['generator_55', 'generator_56', 'generator_57', 'generator_58', 'generator_38', 'generator_59', 'generator_60', 'generator_61', 'generator_62', 'generator_63', 'generator_64', 'generator_43', 'generator_66', 'generator_67', 'generator_68', 'generator_38', 'generator_70', 'generator_71', 'generator_72', 'generator_73', 'generator_74', 'generator_75', 'generator_76', 'generator_77', 'generator_53', 'generator_38', 'generator_79', 'generator_80', 'generator_81', 'generator_53']
number opened: 1
TRIAL 10
Action chosen: (pink, pink)
Outcome: False
partcle ids: ['generator_73', 'generator_73', 'generator_85', 'generator_57', 'generator_87', 'generator_68', 'generator_89', 'generator_68', 'generator_91', 'generator_81', 'generator_93', 'generator_72', 'generator_95', 'generator_96', 'generator_97', 'generator_67', 'generator_70', 'generator_38', 'generator_101', 'generator_73', 'generator_57', 'generator_104', 'generator_105', 'generator_81', 'generator_55', 'generator_56', 'generator_55', 'generator_109', 'generator_110', 'generator_111']
number opened: 1
TRIAL 11
Action chosen: (cloud, white)
Outcome: False
partcle ids: ['generator_73', 'generator_73', 'generator_85', 'generator_57', 'generator_87', 'generator_68', 'generator_89', 'generator_68', 'generator_91', 'generator_81', 'generator_93', 'generator_72', 'generator_95', 'generator_96', 'generator_97', 'generator_67', 'generator_70', 'generator_38', 'generator_101', 'generator_73', 'generator_57', 'generator_104', 'generator_105', 'generator_81', 'generator_55', 'generator_56', 'generator_55', 'generator_109', 'generator_110', 'generator_111']
number opened: 1
TRIAL 12
Action chosen: (purple, red)
Outcome: False
partcle ids: ['generator_73', 'generator_73', 'generator_85', 'generator_57', 'generator_87', 'generator_68', 'generator_89', 'generator_68', 'generator_91', 'generator_81', 'generator_93', 'generator_72', 'generator_95', 'generator_96', 'generator_97', 'generator_67', 'generator_70', 'generator_38', 'generator_101', 'generator_73', 'generator_57', 'generator_104', 'generator_105', 'generator_81', 'generator_55', 'generator_56', 'generator_55', 'generator_109', 'generator_110', 'generator_111']
number opened: 1
TRIAL 13
Action chosen: (heart, pink)
Outcome: False
partcle ids: ['generator_72', 'generator_57', 'generator_56', 'generator_115', 'generator_97', 'generator_116', 'generator_117', 'generator_70', 'generator_118', 'generator_87', 'generator_119', 'generator_56', 'generator_121', 'generator_101', 'generator_70', 'generator_97', 'generator_104', 'generator_101', 'generator_56', 'order_match', 'generator_126', 'generator_127', 'generator_128', 'generator_129', 'generator_57', 'generator_131', 'generator_97', 'generator_133', 'generator_101', 'generator_135']
number opened: 1
TRIAL 14
Action chosen: (red, white)
Outcome: False
partcle ids: ['generator_72', 'generator_57', 'generator_56', 'generator_115', 'generator_97', 'generator_116', 'generator_117', 'generator_70', 'generator_118', 'generator_87', 'generator_119', 'generator_56', 'generator_121', 'generator_101', 'generator_70', 'generator_97', 'generator_104', 'generator_101', 'generator_56', 'order_match', 'generator_126', 'generator_127', 'generator_128', 'generator_129', 'generator_57', 'generator_131', 'generator_97', 'generator_133', 'generator_101', 'generator_135']
number opened: 1
TRIAL 15
Action chosen: (heart, purple)
Outcome: False
partcle ids: ['generator_72', 'generator_57', 'generator_56', 'generator_115', 'generator_97', 'generator_116', 'generator_117', 'generator_70', 'generator_118', 'generator_87', 'generator_119', 'generator_56', 'generator_121', 'generator_101', 'generator_70', 'generator_97', 'generator_104', 'generator_101', 'generator_56', 'order_match', 'generator_126', 'generator_127', 'generator_128', 'generator_129', 'generator_57', 'generator_131', 'generator_97', 'generator_133', 'generator_101', 'generator_135']
number opened: 1
TRIAL 16
Action chosen: (orange4, red)
Outcome: False
partcle ids: ['generator_136', 'generator_104', 'generator_56', 'generator_137', 'generator_116', 'generator_139', 'generator_128', 'generator_56', 'generator_133', 'generator_56', 'generator_118', 'generator_116', 'generator_146', 'generator_116', 'generator_147', 'generator_148', 'generator_149', 'generator_150', 'generator_151', 'generator_56', 'generator_153', 'generator_154', 'generator_155', 'generator_116', 'generator_157', 'generator_158', 'generator_128', 'generator_160', 'generator_161', 'generator_115']
number opened: 1
TRIAL 17
Action chosen: (diamond, purple)
Outcome: False
partcle ids: ['generator_136', 'generator_104', 'generator_56', 'generator_137', 'generator_116', 'generator_139', 'generator_128', 'generator_56', 'generator_133', 'generator_56', 'generator_118', 'generator_116', 'generator_146', 'generator_116', 'generator_147', 'generator_148', 'generator_149', 'generator_150', 'generator_151', 'generator_56', 'generator_153', 'generator_154', 'generator_155', 'generator_116', 'generator_157', 'generator_158', 'generator_128', 'generator_160', 'generator_161', 'generator_115']
number opened: 1
TRIAL 18
Action chosen: (white, red)
Outcome: False
partcle ids: ['generator_136', 'generator_104', 'generator_56', 'generator_137', 'generator_116', 'generator_139', 'generator_128', 'generator_56', 'generator_133', 'generator_56', 'generator_118', 'generator_116', 'generator_146', 'generator_116', 'generator_147', 'generator_148', 'generator_149', 'generator_150', 'generator_151', 'generator_56', 'generator_153', 'generator_154', 'generator_155', 'generator_116', 'generator_157', 'generator_158', 'generator_128', 'generator_160', 'generator_161', 'generator_115']
number opened: 1
TRIAL 19
Action chosen: (diamond, red)
Outcome: False
partcle ids: ['generator_163', 'generator_164', 'generator_116', 'generator_153', 'generator_133', 'generator_167', 'generator_139', 'generator_147', 'generator_153', 'generator_148', 'generator_170', 'generator_139', 'generator_147', 'generator_104', 'number_match', 'generator_173', 'generator_139', 'generator_175', 'generator_133', 'generator_177', 'generator_104', 'generator_139', 'generator_133', 'generator_155', 'generator_181', 'generator_139', 'generator_183', 'generator_104', 'generator_185', 'generator_186']
number opened: 1
TRIAL 20
Action chosen: (blue, purple)
Outcome: False
partcle ids: ['generator_163', 'generator_164', 'generator_116', 'generator_153', 'generator_133', 'generator_167', 'generator_139', 'generator_147', 'generator_153', 'generator_148', 'generator_170', 'generator_139', 'generator_147', 'generator_104', 'number_match', 'generator_173', 'generator_139', 'generator_175', 'generator_133', 'generator_177', 'generator_104', 'generator_139', 'generator_133', 'generator_155', 'generator_181', 'generator_139', 'generator_183', 'generator_104', 'generator_185', 'generator_186']
number opened: 1
TRIAL 21
Action chosen: (red, red)
Outcome: True
partcle ids: ['generator_187', 'generator_133', 'generator_164', 'generator_175', 'generator_191', 'generator_192', 'generator_193', 'generator_164', 'generator_164', 'generator_164', 'generator_133', 'generator_198', 'generator_164', 'generator_200', 'generator_201', 'generator_133', 'generator_133', 'generator_133', 'generator_175', 'generator_206', 'generator_207', 'generator_208', 'generator_209', 'generator_175', 'generator_133', 'number_match', 'generator_133', 'generator_212', 'generator_213', 'generator_133']
number opened: 2
TRIAL 22
Action chosen: (triangle, white)
Outcome: False
partcle ids: ['generator_187', 'generator_133', 'generator_164', 'generator_175', 'generator_191', 'generator_192', 'generator_193', 'generator_164', 'generator_164', 'generator_164', 'generator_133', 'generator_198', 'generator_164', 'generator_200', 'generator_201', 'generator_133', 'generator_133', 'generator_133', 'generator_175', 'generator_206', 'generator_207', 'generator_208', 'generator_209', 'generator_175', 'generator_133', 'number_match', 'generator_133', 'generator_212', 'generator_213', 'generator_133']
number opened: 2
TRIAL 23
Action chosen: (grey2, pink)
Outcome: True
partcle ids: ['generator_215', 'generator_216', 'generator_192', 'generator_175', 'generator_175', 'generator_192', 'generator_191', 'generator_175', 'generator_220', 'generator_175', 'number_match', 'generator_223', 'generator_224', 'generator_190', 'generator_225', 'generator_226', 'generator_191', 'generator_175', 'generator_192', 'generator_230', 'generator_191', 'generator_175', 'generator_233', 'generator_175', 'generator_234', 'generator_235', 'generator_236', 'generator_236', 'generator_192', 'generator_175']
number opened: 3
TRIAL 24
Action chosen: (blue, white)
Outcome: False
partcle ids: ['generator_215', 'generator_216', 'generator_192', 'generator_175', 'generator_175', 'generator_192', 'generator_191', 'generator_175', 'generator_220', 'generator_175', 'number_match', 'generator_223', 'generator_224', 'generator_190', 'generator_225', 'generator_226', 'generator_191', 'generator_175', 'generator_192', 'generator_230', 'generator_191', 'generator_175', 'generator_233', 'generator_175', 'generator_234', 'generator_235', 'generator_236', 'generator_236', 'generator_192', 'generator_175']
number opened: 3
TRIAL 25
Action chosen: (cloud, purple)
Outcome: False
partcle ids: ['generator_230', 'generator_239', 'generator_236', 'generator_216', 'generator_215', 'generator_215', 'generator_225', 'generator_215', 'generator_233', 'generator_235', 'generator_215', 'generator_192', 'generator_246', 'generator_247', 'generator_230', 'generator_249', 'generator_216', 'generator_236', 'generator_251', 'generator_239', 'generator_252', 'generator_190', 'generator_253', 'generator_216', 'generator_235', 'generator_255', 'generator_236', 'generator_257', 'generator_215', 'generator_234']
number opened: 3
TRIAL 26
Action chosen: (heart, white)
Outcome: False
partcle ids: ['generator_230', 'generator_239', 'generator_236', 'generator_216', 'generator_215', 'generator_215', 'generator_225', 'generator_215', 'generator_233', 'generator_235', 'generator_215', 'generator_192', 'generator_246', 'generator_247', 'generator_230', 'generator_249', 'generator_216', 'generator_236', 'generator_251', 'generator_239', 'generator_252', 'generator_190', 'generator_253', 'generator_216', 'generator_235', 'generator_255', 'generator_236', 'generator_257', 'generator_215', 'generator_234']
number opened: 3
TRIAL 27
Action chosen: (green3, purple)
Outcome: True
partcle ids: ['generator_252', 'generator_236', 'generator_252', 'generator_255', 'generator_215', 'generator_236', 'generator_252', 'generator_236', 'generator_236', 'generator_255', 'generator_255', 'generator_252', 'generator_255', 'generator_236', 'number_match', 'generator_236', 'number_match', 'generator_258', 'generator_236', 'number_match', 'generator_236', 'generator_236', 'number_match', 'generator_255', 'generator_252', 'generator_236', 'generator_236', 'generator_236', 'generator_236', 'generator_236']
number opened: 4
TRIAL 28
Action chosen: (diamond, white)
Outcome: False
partcle ids: ['generator_252', 'generator_236', 'generator_252', 'generator_255', 'generator_215', 'generator_236', 'generator_252', 'generator_236', 'generator_236', 'generator_255', 'generator_255', 'generator_252', 'generator_255', 'generator_236', 'number_match', 'generator_236', 'number_match', 'generator_258', 'generator_236', 'number_match', 'generator_236', 'generator_236', 'number_match', 'generator_255', 'generator_252', 'generator_236', 'generator_236', 'generator_236', 'generator_236', 'generator_236']
number opened: 4
TRIAL 29
Action chosen: (pink, white)
Outcome: False
partcle ids: ['generator_252', 'generator_215', 'generator_258', 'generator_252', 'generator_252', 'number_match', 'generator_252', 'number_match', 'generator_252', 'generator_252', 'generator_252', 'generator_250', 'generator_252', 'generator_252', 'generator_215', 'number_match', 'generator_252', 'generator_252', 'number_match', 'generator_252', 'generator_252', 'generator_252', 'generator_252', 'number_match', 'number_match', 'generator_217', 'number_match', 'generator_252', 'number_match', 'generator_258']
number opened: 4
TRIAL 30
Action chosen: (purple, white)
Outcome: False
partcle ids: ['generator_252', 'generator_215', 'generator_258', 'generator_252', 'generator_252', 'number_match', 'generator_252', 'number_match', 'generator_252', 'generator_252', 'generator_252', 'generator_250', 'generator_252', 'generator_252', 'generator_215', 'number_match', 'generator_252', 'generator_252', 'number_match', 'generator_252', 'generator_252', 'generator_252', 'generator_252', 'number_match', 'number_match', 'generator_217', 'number_match', 'generator_252', 'number_match', 'generator_258']
number opened: 4
TRIAL 31
Action chosen: (orange4, white)
Outcome: True
partcle ids: ['number_match', 'number_match', 'number_match', 'number_match', 'number_match', 'number_match', 'number_match', 'number_match', 'number_match', 'number_match', 'number_match', 'number_match', 'number_match', 'number_match', 'number_match', 'number_match', 'number_match', 'number_match', 'number_match', 'number_match', 'number_match', 'number_match', 'number_match', 'number_match', 'number_match', 'number_match', 'number_match', 'number_match', 'number_match', 'number_match']
number opened: 5
{"attempts": 31, "unique_key_box_pairs": 31, "revisit_attempts": 0, "revisit_rate": 0.0, "attempts_before_abandoning_color_matching": 1, "color_matching_abandoned": true}
