{"Child_ID": "D047", "SoC_variant": "SoC-Gen", "theta": [19, 1], "p_gen": 0.5, "true_prior": 0.02, "run_number": 76, "seed": 1358492241620581686}
TRIAL 1
Action chosen: (purple, purple)
Outcome: False
partcle ids: ['generator_1', 'generator_2', 'shape_match', 'generator_3', 'similar_color_1', 'similar_color_8', 'generator_4', 'number_match', 'similar_color_8', 'generator_5', 'color_match', 'similar_color_9', 'generator_6', 'generator_7', 'similar_color_12', 'similar_color_5', 'similar_color_2', 'similar_color_14', 'similar_color_6', 'generator_8', 'similar_color_4', 'generator_9', 'generator_10', 'similar_color_9', 'order_match', 'color_match', 'generator_11', 'generator_12', 'generator_13', 'generator_14']
number opened: 0
TRIAL 2
Action chosen: (green3, purple)
Outcome: True
partcle ids: ['generator_5', 'generator_15', 'generator_16', 'generator_17', 'generator_18', 'generator_19', 'generator_20', 'generator_21', 'generator_22', 'generator_23', 'generator_24', 'generator_25', 'generator_26', 'generator_27', 'generator_28', 'generator_29', 'generator_30', 'generator_5', 'generator_31', 'generator_32', 'generator_33', 'generator_34', 'generator_35', 'generator_36', 'generator_37', 'generator_38', 'generator_39', 'generator_40', 'generator_41', 'generator_42']
number opened: 1
TRIAL 3
Action chosen: (red, red)
Outcome: True
partcle ids: ['generator_43', 'generator_44', 'generator_45', 'generator_46', 'generator_47', 'generator_48', 'generator_49', 'generator_50', 'generator_51', 'generator_52', 'generator_53', 'generator_54', 'generator_55', 'generator_56', 'generator_57', 'generator_58', 'generator_59', 'generator_60', 'generator_61', 'generator_62', 'generator_63', 'generator_64', 'generator_34', 'generator_65', 'generator_66', 'generator_67', 'generator_68', 'generator_69', 'generator_70', 'generator_56']
number opened: 2
TRIAL 4
Action chosen: (cloud, blue)
Outcome: False
partcle ids: ['generator_43', 'generator_44', 'generator_45', 'generator_46', 'generator_47', 'generator_48', 'generator_49', 'generator_50', 'generator_51', 'generator_52', 'generator_53', 'generator_54', 'generator_55', 'generator_56', 'generator_57', 'generator_58', 'generator_59', 'generator_60', 'generator_61', 'generator_62', 'generator_63', 'generator_64', 'generator_34', 'generator_65', 'generator_66', 'generator_67', 'generator_68', 'generator_69', 'generator_70', 'generator_56']
number opened: 2
TRIAL 5
Action chosen: (purple, blue)
Outcome: False
partcle ids: ['generator_43', 'generator_44', 'generator_45', 'generator_46', 'generator_47', 'generator_48', 'generator_49', 'generator_50', 'generator_51', 'generator_52', 'generator_53', 'generator_54', 'generator_55', 'generator_56', 'generator_57', 'generator_58', 'generator_59', 'generator_60', 'generator_61', 'generator_62', 'generator_63', 'generator_64', 'generator_34', 'generator_65', 'generator_66', 'generator_67', 'generator_68', 'generator_69', 'generator_70', 'generator_56']
number opened: 2
TRIAL 6
Action chosen: (triangle, blue)
Outcome: False
partcle ids: ['generator_59', 'generator_72', 'generator_56', 'generator_74', 'generator_56', 'generator_56', 'generator_77', 'generator_78', 'generator_57', 'generator_80', 'generator_81', 'generator_82', 'generator_62', 'generator_64', 'generator_85', 'generator_57', 'generator_87', 'generator_66', 'generator_89', 'generator_60', 'generator_91', 'generator_92', 'generator_66', 'generator_94', 'generator_95', 'generator_96', 'generator_97', 'generator_59', 'generator_98', 'generator_99']
number opened: 2
TRIAL 7
Action chosen: (blue, blue)
Outcome: False
partcle ids: ['generator_59', 'generator_72', 'generator_56', 'generator_74', 'generator_56', 'generator_56', 'generator_77', 'generator_78', 'generator_57', 'generator_80', 'generator_81', 'generator_82', 'generator_62', 'generator_64', 'generator_85', 'generator_57', 'generator_87', 'generator_66', 'generator_89', 'generator_60', 'generator_91', 'generator_92', 'generator_66', 'generator_94', 'generator_95', 'generator_96', 'generator_97', 'generator_59', 'generator_98', 'generator_99']
number opened: 2
TRIAL 8
Action chosen: (white, blue)
Outcome: False
partcle ids: ['generator_59', 'generator_72', 'generator_56', 'generator_74', 'generator_56', 'generator_56', 'generator_77', 'generator_78', 'generator_57', 'generator_80', 'generator_81', 'generator_82', 'generator_62', 'generator_64', 'generator_85', 'generator_57', 'generator_87', 'generator_66', 'generator_89', 'generator_60', 'generator_91', 'generator_92', 'generator_66', 'generator_94', 'generator_95', 'generator_96', 'generator_97', 'generator_59', 'generator_98', 'generator_99']
number opened: 2
TRIAL 9
Action chosen: (orange4, blue)
Outcome: False
partcle ids: ['generator_96', 'generator_100', 'generator_80', 'generator_101', 'generator_102', 'generator_103', 'generator_82', 'generator_96', 'generator_106', 'generator_107', 'generator_108', 'generator_109', 'generator_110', 'generator_82', 'generator_112', 'generator_59', 'generator_60', 'generator_115', 'generator_116', 'generator_97', 'generator_59', 'generator_97', 'generator_103', 'generator_77', 'generator_91', 'generator_87', 'generator_121', 'generator_59', 'generator_122', 'generator_96']
number opened: 2
TRIAL 10
Action chosen: (diamond, blue)
Outcome: False
partcle ids: ['generator_96', 'generator_100', 'generator_80', 'generator_101', 'generator_102', 'generator_103', 'generator_82', 'generator_96', 'generator_106', 'generator_107', 'generator_108', 'generator_109', 'generator_110', 'generator_82', 'generator_112', 'generator_59', 'generator_60', 'generator_115', 'generator_116', 'generator_97', 'generator_59', 'generator_97', 'generator_103', 'generator_77', 'generator_91', 'generator_87', 'generator_121', 'generator_59', 'generator_122', 'generator_96']
number opened: 2
TRIAL 11
Action chosen: (pink, blue)
Outcome: False
partcle ids: ['generator_96', 'generator_100', 'generator_80', 'generator_101', 'generator_102', 'generator_103', 'generator_82', 'generator_96', 'generator_106', 'generator_107', 'generator_108', 'generator_109', 'generator_110', 'generator_82', 'generator_112', 'generator_59', 'generator_60', 'generator_115', 'generator_116', 'generator_97', 'generator_59', 'generator_97', 'generator_103', 'generator_77', 'generator_91', 'generator_87', 'generator_121', 'generator_59', 'generator_122', 'generator_96']
number opened: 2
TRIAL 12
Action chosen: (pink, pink)
Outcome: False
partcle ids: ['generator_124', 'generator_125', 'generator_110', 'generator_116', 'generator_128', 'generator_129', 'generator_130', 'generator_87', 'generator_132', 'generator_82', 'generator_87', 'generator_110', 'generator_110', 'generator_116', 'generator_59', 'generator_109', 'generator_82', 'generator_82', 'generator_140', 'generator_112', 'generator_82', 'generator_143', 'generator_106', 'generator_87', 'generator_87', 'generator_87', 'generator_80', 'generator_148', 'generator_149', 'generator_150']
number opened: 2
TRIAL 13
Action chosen: (grey2, blue)
Outcome: False
partcle ids: ['generator_124', 'generator_125', 'generator_110', 'generator_116', 'generator_128', 'generator_129', 'generator_130', 'generator_87', 'generator_132', 'generator_82', 'generator_87', 'generator_110', 'generator_110', 'generator_116', 'generator_59', 'generator_109', 'generator_82', 'generator_82', 'generator_140', 'generator_112', 'generator_82', 'generator_143', 'generator_106', 'generator_87', 'generator_87', 'generator_87', 'generator_80', 'generator_148', 'generator_149', 'generator_150']
number opened: 2
TRIAL 14
Action chosen: (yellow5, blue)
Outcome: True
partcle ids: ['generator_151', 'generator_152', 'generator_153', 'generator_154', 'generator_155', 'generator_154', 'generator_156', 'generator_157', 'generator_158', 'generator_159', 'generator_160', 'generator_161', 'generator_162', 'generator_153', 'generator_160', 'generator_163', 'generator_164', 'generator_165', 'generator_166', 'generator_167', 'generator_152', 'generator_152', 'generator_161', 'generator_168', 'generator_162', 'generator_169', 'generator_160', 'generator_170', 'generator_171', 'generator_151']
number opened: 3
TRIAL 15
Action chosen: (heart, pink)
Outcome: False
partcle ids: ['generator_151', 'generator_152', 'generator_153', 'generator_154', 'generator_155', 'generator_154', 'generator_156', 'generator_157', 'generator_158', 'generator_159', 'generator_160', 'generator_161', 'generator_162', 'generator_153', 'generator_160', 'generator_163', 'generator_164', 'generator_165', 'generator_166', 'generator_167', 'generator_152', 'generator_152', 'generator_161', 'generator_168', 'generator_162', 'generator_169', 'generator_160', 'generator_170', 'generator_171', 'generator_151']
number opened: 3
TRIAL 16
Action chosen: (blue, white)
Outcome: False
partcle ids: ['generator_151', 'generator_152', 'generator_153', 'generator_154', 'generator_155', 'generator_154', 'generator_156', 'generator_157', 'generator_158', 'generator_159', 'generator_160', 'generator_161', 'generator_162', 'generator_153', 'generator_160', 'generator_163', 'generator_164', 'generator_165', 'generator_166', 'generator_167', 'generator_152', 'generator_152', 'generator_161', 'generator_168', 'generator_162', 'generator_169', 'generator_160', 'generator_170', 'generator_171', 'generator_151']
number opened: 3
TRIAL 17
Action chosen: (diamond, white)
Outcome: False
partcle ids: ['generator_172', 'generator_173', 'generator_151', 'generator_161', 'generator_165', 'generator_177', 'generator_178', 'generator_156', 'generator_16', 'generator_179', 'generator_155', 'generator_180', 'generator_181', 'generator_182', 'generator_183', 'generator_153', 'generator_155', 'generator_182', 'generator_151', 'generator_82', 'generator_129', 'generator_159', 'generator_161', 'generator_161', 'generator_132', 'generator_186', 'generator_16', 'generator_159', 'generator_187', 'generator_188']
number opened: 3
TRIAL 18
Action chosen: (heart, white)
Outcome: False
partcle ids: ['generator_172', 'generator_173', 'generator_151', 'generator_161', 'generator_165', 'generator_177', 'generator_178', 'generator_156', 'generator_16', 'generator_179', 'generator_155', 'generator_180', 'generator_181', 'generator_182', 'generator_183', 'generator_153', 'generator_155', 'generator_182', 'generator_151', 'generator_82', 'generator_129', 'generator_159', 'generator_161', 'generator_161', 'generator_132', 'generator_186', 'generator_16', 'generator_159', 'generator_187', 'generator_188']
number opened: 3
TRIAL 19
Action chosen: (triangle, pink)
Outcome: False
partcle ids: ['generator_172', 'generator_173', 'generator_151', 'generator_161', 'generator_165', 'generator_177', 'generator_178', 'generator_156', 'generator_16', 'generator_179', 'generator_155', 'generator_180', 'generator_181', 'generator_182', 'generator_183', 'generator_153', 'generator_155', 'generator_182', 'generator_151', 'generator_82', 'generator_129', 'generator_159', 'generator_161', 'generator_161', 'generator_132', 'generator_186', 'generator_16', 'generator_159', 'generator_187', 'generator_188']
number opened: 3
TRIAL 20
Action chosen: (triangle, white)
Outcome: False
partcle ids: ['generator_172', 'generator_173', 'generator_151', 'generator_161', 'generator_165', 'generator_177', 'generator_178', 'generator_156', 'generator_16', 'generator_179', 'generator_155', 'generator_180', 'generator_181', 'generator_182', 'generator_183', 'generator_153', 'generator_155', 'generator_182', 'generator_151', 'generator_82', 'generator_129', 'generator_159', 'generator_161', 'generator_161', 'generator_132', 'generator_186', 'generator_16', 'generator_159', 'generator_187', 'generator_188']
number opened: 3
TRIAL 21
Action chosen: (white, pink)
Outcome: False
partcle ids: ['generator_153', 'generator_16', 'generator_191', 'generator_192', 'generator_16', 'generator_166', 'generator_186', 'generator_181', 'generator_180', 'generator_187', 'generator_153', 'generator_186', 'generator_197', 'generator_198', 'generator_151', 'generator_186', 'generator_199', 'generator_200', 'generator_201', 'generator_151', 'generator_181', 'generator_187', 'generator_166', 'generator_16', 'generator_202', 'generator_181', 'number_match', 'generator_153', 'generator_151', 'generator_186']
number opened: 3
TRIAL 22
Action chosen: (diamond, pink)
Outcome: False
partcle ids: ['generator_153', 'generator_16', 'generator_191', 'generator_192', 'generator_16', 'generator_166', 'generator_186', 'generator_181', 'generator_180', 'generator_187', 'generator_153', 'generator_186', 'generator_197', 'generator_198', 'generator_151', 'generator_186', 'generator_199', 'generator_200', 'generator_201', 'generator_151', 'generator_181', 'generator_187', 'generator_166', 'generator_16', 'generator_202', 'generator_181', 'number_match', 'generator_153', 'generator_151', 'generator_186']
number opened: 3
TRIAL 23
Action chosen: (white, white)
Outcome: False
partcle ids: ['generator_153', 'generator_16', 'generator_191', 'generator_192', 'generator_16', 'generator_166', 'generator_186', 'generator_181', 'generator_180', 'generator_187', 'generator_153', 'generator_186', 'generator_197', 'generator_198', 'generator_151', 'generator_186', 'generator_199', 'generator_200', 'generator_201', 'generator_151', 'generator_181', 'generator_187', 'generator_166', 'generator_16', 'generator_202', 'generator_181', 'number_match', 'generator_153', 'generator_151', 'generator_186']
number opened: 3
TRIAL 24
Action chosen: (blue, pink)
Outcome: False
partcle ids: ['generator_183', 'generator_187', 'number_match', 'generator_187', 'generator_180', 'generator_197', 'generator_192', 'generator_206', 'generator_199', 'generator_187', 'generator_206', 'generator_151', 'generator_197', 'generator_187', 'generator_170', 'generator_208', 'generator_198', 'generator_198', 'generator_187', 'generator_187', 'generator_197', 'generator_187', 'generator_112', 'generator_199', 'generator_187', 'generator_210', 'generator_187', 'number_match', 'generator_212', 'generator_187']
number opened: 3
TRIAL 25
Action chosen: (grey2, pink)
Outcome: True
partcle ids: ['generator_183', 'generator_187', 'number_match', 'generator_187', 'generator_180', 'generator_197', 'generator_192', 'generator_206', 'generator_199', 'generator_187', 'generator_206', 'generator_151', 'generator_197', 'generator_187', 'generator_170', 'generator_208', 'generator_198', 'generator_198', 'generator_187', 'generator_187', 'generator_197', 'generator_187', 'generator_112', 'generator_199', 'generator_187', 'generator_210', 'generator_187', 'number_match', 'generator_212', 'generator_187']
number opened: 4
TRIAL 26
Action chosen: (cloud, white)
Outcome: False
partcle ids: ['number_match', 'generator_198', 'generator_210', 'number_match', 'generator_198', 'generator_198', 'generator_210', 'generator_214', 'number_match', 'number_match', 'number_match', 'number_match', 'generator_210', 'generator_210', 'number_match', 'number_match', 'generator_210', 'generator_210', 'generator_198', 'number_match', 'generator_210', 'generator_187', 'generator_198', 'generator_198', 'number_match', 'number_match', 'generator_210', 'generator_198', 'generator_198', 'generator_198']
number opened: 4
TRIAL 27
Action chosen: (orange4, white)
Outcome: True
partcle ids: ['number_match', 'number_match', 'number_match', 'number_match', 'number_match', 'number_match', 'number_match', 'number_match', 'number_match', 'number_match', 'number_match', 'number_match', 'number_match', 'number_match', 'number_match', 'number_match', 'number_match', 'number_match', 'number_match', 'number_match', 'number_match', 'number_match', 'number_match', 'number_match', 'number_match', 'number_match', 'number_match', 'number_match', 'number_match', 'number_match']
number opened: 5
{"attempts": 27, "unique_key_box_pairs": 27, "revisit_attempts": 0, "revisit_rate": 0.0, "attempts_before_abandoning_color_matching": 1, "color_matching_abandoned": true}
