{"Child_ID": "D047", "SoC_variant": "SoC-Gen", "theta": [19, 1], "p_gen": 0.5, "true_prior": 0.02, "run_number": 27, "seed": 2279740868392891905}
TRIAL 1
Action chosen: (pink, pink)
Outcome: False
partcle ids: ['similar_color_11', 'generator_1', 'similar_color_13', 'similar_color_5', 'generator_2', 'generator_3', 'generator_4', 'generator_5', 'similar_color_6', 'generator_6', 'generator_7', 'generator_8', 'color_match', 'similar_color_14', 'similar_color_13', 'generator_9', 'generator_10', 'shape_match', 'similar_color_12', 'order_match', 'similar_color_9', 'generator_11', 'similar_color_14', 'generator_12', 'similar_color_2', 'similar_color_12', 'generator_13', 'generator_14', 'similar_color_4', 'similar_color_8']
number opened: 0
TRIAL 2
Action chosen: (red, red)
Outcome: True
partcle ids: ['generator_15', 'order_match', 'generator_16', 'generator_14', 'generator_14', 'generator_17', 'color_match', 'generator_18', 'generator_19', 'order_match', 'generator_20', 'similar_color_5', 'generator_21', 'generator_22', 'generator_23', 'generator_24', 'generator_25', 'generator_26', 'generator_27', 'generator_28', 'generator_29', 'generator_30', 'generator_31', 'generator_14', 'similar_color_9', 'generator_32', 'generator_14', 'similar_color_3', 'generator_33', 'generator_6']
number opened: 1
TRIAL 3
Action chosen: (orange4, white)
Outcome: True
partcle ids: ['generator_35', 'generator_36', 'generator_37', 'generator_38', 'generator_39', 'generator_40', 'generator_41', 'generator_42', 'generator_43', 'generator_44', 'generator_45', 'generator_46', 'generator_47', 'generator_48', 'generator_49', 'generator_50', 'generator_51', 'generator_52', 'generator_53', 'generator_54', 'generator_55', 'generator_56', 'generator_57', 'generator_58', 'generator_59', 'generator_60', 'generator_61', 'generator_62', 'generator_63', 'generator_14']
number opened: 2
TRIAL 4
Action chosen: (grey2, purple)
Outcome: False
partcle ids: ['generator_35', 'generator_36', 'generator_37', 'generator_38', 'generator_39', 'generator_40', 'generator_41', 'generator_42', 'generator_43', 'generator_44', 'generator_45', 'generator_46', 'generator_47', 'generator_48', 'generator_49', 'generator_50', 'generator_51', 'generator_52', 'generator_53', 'generator_54', 'generator_55', 'generator_56', 'generator_57', 'generator_58', 'generator_59', 'generator_60', 'generator_61', 'generator_62', 'generator_63', 'generator_14']
number opened: 2
TRIAL 5
Action chosen: (heart, pink)
Outcome: False
partcle ids: ['generator_35', 'generator_36', 'generator_37', 'generator_38', 'generator_39', 'generator_40', 'generator_41', 'generator_42', 'generator_43', 'generator_44', 'generator_45', 'generator_46', 'generator_47', 'generator_48', 'generator_49', 'generator_50', 'generator_51', 'generator_52', 'generator_53', 'generator_54', 'generator_55', 'generator_56', 'generator_57', 'generator_58', 'generator_59', 'generator_60', 'generator_61', 'generator_62', 'generator_63', 'generator_14']
number opened: 2
TRIAL 6
Action chosen: (grey2, blue)
Outcome: False
partcle ids: ['generator_65', 'generator_66', 'generator_67', 'generator_68', 'generator_14', 'generator_62', 'generator_71', 'generator_72', 'generator_60', 'generator_36', 'generator_62', 'generator_51', 'generator_36', 'generator_76', 'generator_51', 'generator_14', 'generator_79', 'generator_80', 'generator_81', 'generator_82', 'generator_83', 'generator_53', 'generator_85', 'generator_86', 'generator_87', 'generator_54', 'generator_89', 'generator_51', 'generator_91', 'generator_92']
number opened: 2
TRIAL 7
Action chosen: (diamond, blue)
Outcome: False
partcle ids: ['generator_65', 'generator_66', 'generator_67', 'generator_68', 'generator_14', 'generator_62', 'generator_71', 'generator_72', 'generator_60', 'generator_36', 'generator_62', 'generator_51', 'generator_36', 'generator_76', 'generator_51', 'generator_14', 'generator_79', 'generator_80', 'generator_81', 'generator_82', 'generator_83', 'generator_53', 'generator_85', 'generator_86', 'generator_87', 'generator_54', 'generator_89', 'generator_51', 'generator_91', 'generator_92']
number opened: 2
TRIAL 8
Action chosen: (grey2, pink)
Outcome: True
partcle ids: ['generator_93', 'generator_60', 'generator_94', 'generator_60', 'generator_95', 'generator_66', 'generator_97', 'generator_89', 'generator_98', 'generator_99', 'generator_100', 'generator_101', 'generator_102', 'generator_103', 'generator_104', 'generator_105', 'generator_106', 'generator_107', 'generator_108', 'generator_109', 'generator_110', 'generator_111', 'generator_112', 'generator_97', 'generator_113', 'generator_114', 'generator_89', 'generator_116', 'generator_117', 'generator_106']
number opened: 3
TRIAL 9
Action chosen: (blue, purple)
Outcome: False
partcle ids: ['generator_93', 'generator_60', 'generator_94', 'generator_60', 'generator_95', 'generator_66', 'generator_97', 'generator_89', 'generator_98', 'generator_99', 'generator_100', 'generator_101', 'generator_102', 'generator_103', 'generator_104', 'generator_105', 'generator_106', 'generator_107', 'generator_108', 'generator_109', 'generator_110', 'generator_111', 'generator_112', 'generator_97', 'generator_113', 'generator_114', 'generator_89', 'generator_116', 'generator_117', 'generator_106']
number opened: 3
TRIAL 10
Action chosen: (heart, purple)
Outcome: False
partcle ids: ['generator_93', 'generator_60', 'generator_94', 'generator_60', 'generator_95', 'generator_66', 'generator_97', 'generator_89', 'generator_98', 'generator_99', 'generator_100', 'generator_101', 'generator_102', 'generator_103', 'generator_104', 'generator_105', 'generator_106', 'generator_107', 'generator_108', 'generator_109', 'generator_110', 'generator_111', 'generator_112', 'generator_97', 'generator_113', 'generator_114', 'generator_89', 'generator_116', 'generator_117', 'generator_106']
number opened: 3
TRIAL 11
Action chosen: (yellow5, purple)
Outcome: False
partcle ids: ['generator_93', 'generator_60', 'generator_94', 'generator_60', 'generator_95', 'generator_66', 'generator_97', 'generator_89', 'generator_98', 'generator_99', 'generator_100', 'generator_101', 'generator_102', 'generator_103', 'generator_104', 'generator_105', 'generator_106', 'generator_107', 'generator_108', 'generator_109', 'generator_110', 'generator_111', 'generator_112', 'generator_97', 'generator_113', 'generator_114', 'generator_89', 'generator_116', 'generator_117', 'generator_106']
number opened: 3
TRIAL 12
Action chosen: (white, blue)
Outcome: False
partcle ids: ['generator_118', 'generator_119', 'generator_91', 'generator_120', 'generator_106', 'generator_95', 'generator_93', 'generator_123', 'generator_94', 'generator_124', 'generator_99', 'generator_125', 'generator_116', 'generator_127', 'generator_112', 'generator_128', 'generator_112', 'generator_120', 'generator_129', 'generator_108', 'generator_131', 'generator_116', 'generator_108', 'generator_99', 'generator_93', 'generator_132', 'generator_133', 'generator_134', 'generator_135', 'generator_103']
number opened: 3
TRIAL 13
Action chosen: (cloud, purple)
Outcome: False
partcle ids: ['generator_118', 'generator_119', 'generator_91', 'generator_120', 'generator_106', 'generator_95', 'generator_93', 'generator_123', 'generator_94', 'generator_124', 'generator_99', 'generator_125', 'generator_116', 'generator_127', 'generator_112', 'generator_128', 'generator_112', 'generator_120', 'generator_129', 'generator_108', 'generator_131', 'generator_116', 'generator_108', 'generator_99', 'generator_93', 'generator_132', 'generator_133', 'generator_134', 'generator_135', 'generator_103']
number opened: 3
TRIAL 14
Action chosen: (diamond, purple)
Outcome: False
partcle ids: ['generator_118', 'generator_119', 'generator_91', 'generator_120', 'generator_106', 'generator_95', 'generator_93', 'generator_123', 'generator_94', 'generator_124', 'generator_99', 'generator_125', 'generator_116', 'generator_127', 'generator_112', 'generator_128', 'generator_112', 'generator_120', 'generator_129', 'generator_108', 'generator_131', 'generator_116', 'generator_108', 'generator_99', 'generator_93', 'generator_132', 'generator_133', 'generator_134', 'generator_135', 'generator_103']
number opened: 3
TRIAL 15
Action chosen: (white, purple)
Outcome: False
partcle ids: ['generator_118', 'generator_119', 'generator_91', 'generator_120', 'generator_106', 'generator_95', 'generator_93', 'generator_123', 'generator_94', 'generator_124', 'generator_99', 'generator_125', 'generator_116', 'generator_127', 'generator_112', 'generator_128', 'generator_112', 'generator_120', 'generator_129', 'generator_108', 'generator_131', 'generator_116', 'generator_108', 'generator_99', 'generator_93', 'generator_132', 'generator_133', 'generator_134', 'generator_135', 'generator_103']
number opened: 3
TRIAL 16
Action chosen: (triangle, purple)
Outcome: False
partcle ids: ['generator_136', 'generator_137', 'generator_124', 'generator_139', 'generator_132', 'generator_132', 'generator_124', 'generator_118', 'generator_133', 'generator_95', 'generator_123', 'generator_105', 'number_match', 'generator_93', 'generator_124', 'generator_124', 'generator_76', 'generator_143', 'generator_104', 'generator_134', 'generator_118', 'generator_144', 'generator_118', 'generator_132', 'generator_125', 'generator_124', 'generator_145', 'generator_124', 'generator_133', 'generator_118']
number opened: 3
TRIAL 17
Action chosen: (purple, purple)
Outcome: False
partcle ids: ['generator_136', 'generator_137', 'generator_124', 'generator_139', 'generator_132', 'generator_132', 'generator_124', 'generator_118', 'generator_133', 'generator_95', 'generator_123', 'generator_105', 'number_match', 'generator_93', 'generator_124', 'generator_124', 'generator_76', 'generator_143', 'generator_104', 'generator_134', 'generator_118', 'generator_144', 'generator_118', 'generator_132', 'generator_125', 'generator_124', 'generator_145', 'generator_124', 'generator_133', 'generator_118']
number opened: 3
TRIAL 18
Action chosen: (green3, purple)
Outcome: True
partcle ids: ['generator_123', 'generator_146', 'generator_147', 'generator_118', 'generator_123', 'generator_119', 'generator_118', 'generator_123', 'generator_145', 'generator_118', 'generator_123', 'generator_146', 'generator_139', 'generator_148', 'number_match', 'generator_118', 'generator_147', 'generator_123', 'generator_139', 'generator_118', 'generator_148', 'generator_139', 'generator_123', 'generator_118', 'generator_139', 'generator_147', 'generator_139', 'generator_139', 'generator_148', 'generator_123']
number opened: 4
TRIAL 19
Action chosen: (heart, blue)
Outcome: False
partcle ids: ['generator_123', 'generator_146', 'generator_147', 'generator_118', 'generator_123', 'generator_119', 'generator_118', 'generator_123', 'generator_145', 'generator_118', 'generator_123', 'generator_146', 'generator_139', 'generator_148', 'number_match', 'generator_118', 'generator_147', 'generator_123', 'generator_139', 'generator_118', 'generator_148', 'generator_139', 'generator_123', 'generator_118', 'generator_139', 'generator_147', 'generator_139', 'generator_139', 'generator_148', 'generator_123']
number opened: 4
TRIAL 20
Action chosen: (blue, blue)
Outcome: False
partcle ids: ['generator_123', 'generator_146', 'generator_147', 'generator_118', 'generator_123', 'generator_119', 'generator_118', 'generator_123', 'generator_145', 'generator_118', 'generator_123', 'generator_146', 'generator_139', 'generator_148', 'number_match', 'generator_118', 'generator_147', 'generator_123', 'generator_139', 'generator_118', 'generator_148', 'generator_139', 'generator_123', 'generator_118', 'generator_139', 'generator_147', 'generator_139', 'generator_139', 'generator_148', 'generator_123']
number opened: 4
TRIAL 21
Action chosen: (pink, blue)
Outcome: False
partcle ids: ['generator_148', 'generator_147', 'generator_147', 'generator_147', 'generator_145', 'generator_146', 'number_match', 'number_match', 'generator_147', 'generator_148', 'generator_146', 'generator_146', 'generator_147', 'number_match', 'number_match', 'generator_146', 'number_match', 'generator_148', 'generator_147', 'generator_146', 'generator_148', 'number_match', 'generator_147', 'number_match', 'generator_148', 'generator_139', 'generator_119', 'generator_147', 'number_match', 'generator_147']
number opened: 4
TRIAL 22
Action chosen: (triangle, blue)
Outcome: False
partcle ids: ['generator_148', 'generator_147', 'generator_147', 'generator_147', 'generator_145', 'generator_146', 'number_match', 'number_match', 'generator_147', 'generator_148', 'generator_146', 'generator_146', 'generator_147', 'number_match', 'number_match', 'generator_146', 'number_match', 'generator_148', 'generator_147', 'generator_146', 'generator_148', 'number_match', 'generator_147', 'number_match', 'generator_148', 'generator_139', 'generator_119', 'generator_147', 'number_match', 'generator_147']
number opened: 4
TRIAL 23
Action chosen: (yellow5, blue)
Outcome: True
partcle ids: ['number_match', 'number_match', 'number_match', 'number_match', 'number_match', 'number_match', 'number_match', 'number_match', 'number_match', 'number_match', 'number_match', 'number_match', 'number_match', 'number_match', 'number_match', 'number_match', 'number_match', 'number_match', 'number_match', 'number_match', 'number_match', 'number_match', 'number_match', 'number_match', 'number_match', 'number_match', 'number_match', 'number_match', 'number_match', 'number_match']
number opened: 5
{"attempts": 23, "unique_key_box_pairs": 23, "revisit_attempts": 0, "revisit_rate": 0.0, "attempts_before_abandoning_color_matching": 2, "color_matching_abandoned": true}
