{"Child_ID": "D047", "SoC_variant": "SoC-Gen", "theta": [19, 1], "p_gen": 0.5, "true_prior": 0.02, "run_number": 59, "seed": 1190306852740015715}
TRIAL 1
Action chosen: (purple, purple)
Outcome: False
partcle ids: ['generator_1', 'generator_2', 'similar_color_12', 'generator_3', 'order_match', 'similar_color_3', 'generator_4', 'generator_5', 'generator_6', 'generator_7', 'generator_8', 'similar_color_9', 'generator_9', 'similar_color_8', 'similar_color_12', 'generator_10', 'similar_color_13', 'similar_color_1', 'generator_11', 'similar_color_14', 'shape_match', 'similar_color_1', 'color_match', 'generator_12', 'generator_13', 'generator_14', 'generator_15', 'similar_color_13', 'generator_16', 'generator_17']
number opened: 0
TRIAL 2
Action chosen: (diamond, white)
Outcome: False
partcle ids: ['generator_1', 'generator_2', 'similar_color_12', 'generator_3', 'order_match', 'similar_color_3', 'generator_4', 'generator_5', 'generator_6', 'generator_7', 'generator_8', 'similar_color_9', 'generator_9', 'similar_color_8', 'similar_color_12', 'generator_10', 'similar_color_13', 'similar_color_1', 'generator_11', 'similar_color_14', 'shape_match', 'similar_color_1', 'color_match', 'generator_12', 'generator_13', 'generator_14', 'generator_15', 'similar_color_13', 'generator_16', 'generator_17']
number opened: 0
TRIAL 3
Action chosen: (blue, blue)
Outcome: False
partcle ids: ['order_match', 'generator_18', 'generator_19', 'similar_color_4', 'generator_14', 'generator_2', 'order_match', 'generator_12', 'generator_20', 'generator_17', 'generator_1', 'generator_21', 'generator_22', 'similar_color_12', 'generator_23', 'generator_24', 'similar_color_13', 'generator_25', 'generator_26', 'generator_27', 'generator_2', 'generator_16', 'generator_17', 'generator_14', 'generator_7', 'generator_2', 'generator_28', 'order_match', 'generator_29', 'generator_30']
number opened: 0
TRIAL 4
Action chosen: (red, red)
Outcome: True
partcle ids: ['order_match', 'number_match', 'generator_31', 'order_match', 'order_match', 'generator_32', 'number_match', 'similar_color_12', 'generator_33', 'generator_34', 'order_match', 'generator_35', 'generator_36', 'similar_color_2', 'similar_color_4', 'generator_37', 'order_match', 'similar_color_4', 'generator_38', 'order_match', 'similar_color_4', 'generator_39', 'similar_color_4', 'generator_40', 'generator_41', 'generator_42', 'similar_color_12', 'order_match', 'similar_color_12', 'order_match']
number opened: 1
TRIAL 5
Action chosen: (yellow5, blue)
Outcome: True
partcle ids: ['generator_43', 'generator_44', 'generator_45', 'generator_46', 'generator_47', 'generator_48', 'generator_49', 'generator_50', 'generator_51', 'generator_52', 'generator_53', 'generator_54', 'generator_55', 'generator_56', 'generator_57', 'generator_58', 'generator_59', 'generator_60', 'generator_61', 'generator_62', 'order_match', 'generator_63', 'number_match', 'generator_64', 'order_match', 'generator_65', 'generator_66', 'generator_67', 'generator_68', 'generator_69']
number opened: 2
TRIAL 6
Action chosen: (grey2, pink)
Outcome: True
partcle ids: ['generator_70', 'generator_71', 'generator_71', 'generator_51', 'generator_72', 'generator_73', 'generator_65', 'generator_75', 'generator_76', 'generator_77', 'generator_65', 'generator_65', 'generator_78', 'generator_55', 'generator_51', 'generator_79', 'generator_55', 'generator_65', 'generator_81', 'generator_82', 'generator_83', 'order_match', 'generator_73', 'generator_71', 'generator_84', 'generator_51', 'generator_53', 'generator_86', 'generator_87', 'number_match']
number opened: 3
TRIAL 7
Action chosen: (triangle, purple)
Outcome: False
partcle ids: ['generator_70', 'generator_71', 'generator_71', 'generator_51', 'generator_72', 'generator_73', 'generator_65', 'generator_75', 'generator_76', 'generator_77', 'generator_65', 'generator_65', 'generator_78', 'generator_55', 'generator_51', 'generator_79', 'generator_55', 'generator_65', 'generator_81', 'generator_82', 'generator_83', 'order_match', 'generator_73', 'generator_71', 'generator_84', 'generator_51', 'generator_53', 'generator_86', 'generator_87', 'number_match']
number opened: 3
TRIAL 8
Action chosen: (orange4, purple)
Outcome: False
partcle ids: ['generator_70', 'generator_71', 'generator_71', 'generator_51', 'generator_72', 'generator_73', 'generator_65', 'generator_75', 'generator_76', 'generator_77', 'generator_65', 'generator_65', 'generator_78', 'generator_55', 'generator_51', 'generator_79', 'generator_55', 'generator_65', 'generator_81', 'generator_82', 'generator_83', 'order_match', 'generator_73', 'generator_71', 'generator_84', 'generator_51', 'generator_53', 'generator_86', 'generator_87', 'number_match']
number opened: 3
TRIAL 9
Action chosen: (diamond, purple)
Outcome: False
partcle ids: ['generator_88', 'generator_81', 'generator_73', 'generator_73', 'generator_84', 'generator_73', 'generator_53', 'generator_93', 'generator_83', 'generator_93', 'generator_70', 'generator_53', 'generator_95', 'generator_77', 'generator_83', 'generator_97', 'generator_87', 'generator_72', 'generator_99', 'generator_70', 'generator_81', 'generator_101', 'generator_102', 'generator_103', 'generator_76', 'generator_53', 'generator_104', 'generator_105', 'generator_102', 'generator_106']
number opened: 3
TRIAL 10
Action chosen: (heart, purple)
Outcome: False
partcle ids: ['generator_88', 'generator_81', 'generator_73', 'generator_73', 'generator_84', 'generator_73', 'generator_53', 'generator_93', 'generator_83', 'generator_93', 'generator_70', 'generator_53', 'generator_95', 'generator_77', 'generator_83', 'generator_97', 'generator_87', 'generator_72', 'generator_99', 'generator_70', 'generator_81', 'generator_101', 'generator_102', 'generator_103', 'generator_76', 'generator_53', 'generator_104', 'generator_105', 'generator_102', 'generator_106']
number opened: 3
TRIAL 11
Action chosen: (pink, purple)
Outcome: False
partcle ids: ['generator_88', 'generator_81', 'generator_73', 'generator_73', 'generator_84', 'generator_73', 'generator_53', 'generator_93', 'generator_83', 'generator_93', 'generator_70', 'generator_53', 'generator_95', 'generator_77', 'generator_83', 'generator_97', 'generator_87', 'generator_72', 'generator_99', 'generator_70', 'generator_81', 'generator_101', 'generator_102', 'generator_103', 'generator_76', 'generator_53', 'generator_104', 'generator_105', 'generator_102', 'generator_106']
number opened: 3
TRIAL 12
Action chosen: (green3, purple)
Outcome: True
partcle ids: ['generator_53', 'number_match', 'generator_107', 'generator_53', 'generator_53', 'generator_53', 'generator_107', 'generator_107', 'generator_109', 'generator_72', 'generator_72', 'generator_72', 'generator_72', 'generator_109', 'generator_107', 'generator_101', 'generator_110', 'generator_53', 'number_match', 'number_match', 'generator_72', 'generator_72', 'number_match', 'generator_109', 'generator_109', 'generator_107', 'generator_101', 'generator_101', 'generator_53', 'number_match']
number opened: 4
TRIAL 13
Action chosen: (cloud, white)
Outcome: False
partcle ids: ['generator_53', 'number_match', 'generator_107', 'generator_53', 'generator_53', 'generator_53', 'generator_107', 'generator_107', 'generator_109', 'generator_72', 'generator_72', 'generator_72', 'generator_72', 'generator_109', 'generator_107', 'generator_101', 'generator_110', 'generator_53', 'number_match', 'number_match', 'generator_72', 'generator_72', 'number_match', 'generator_109', 'generator_109', 'generator_107', 'generator_101', 'generator_101', 'generator_53', 'number_match']
number opened: 4
TRIAL 14
Action chosen: (heart, white)
Outcome: False
partcle ids: ['generator_53', 'number_match', 'generator_107', 'generator_53', 'generator_53', 'generator_53', 'generator_107', 'generator_107', 'generator_109', 'generator_72', 'generator_72', 'generator_72', 'generator_72', 'generator_109', 'generator_107', 'generator_101', 'generator_110', 'generator_53', 'number_match', 'number_match', 'generator_72', 'generator_72', 'number_match', 'generator_109', 'generator_109', 'generator_107', 'generator_101', 'generator_101', 'generator_53', 'number_match']
number opened: 4
TRIAL 15
Action chosen: (orange4, white)
Outcome: True
partcle ids: ['number_match', 'number_match', 'number_match', 'number_match', 'number_match', 'number_match', 'number_match', 'number_match', 'number_match', 'number_match', 'number_match', 'number_match', 'number_match', 'number_match', 'number_match', 'number_match', 'number_match', 'number_match', 'number_match', 'number_match', 'number_match', 'number_match', 'number_match', 'number_match', 'number_match', 'number_match', 'number_match', 'number_match', 'number_match', 'number_match']
number opened: 5
{"attempts": 15, "unique_key_box_pairs": 15, "revisit_attempts": 0, "revisit_rate": 0.0, "attempts_before_abandoning_color_matching": 1, "color_matching_abandoned": true}
