{"Child_ID": "D047", "SoC_variant": "SoC-Gen", "theta": [19, 1], "p_gen": 0.5, "true_prior": 0.02, "run_number": 34, "seed": 5125118434922551594}
TRIAL 1
Action chosen: (purple, purple)
Outcome: False
partcle ids: ['similar_color_8', 'generator_1', 'similar_color_2', 'generator_2', 'similar_color_8', 'similar_color_13', 'generator_3', 'generator_4', 'order_match', 'generator_5', 'similar_color_9', 'similar_color_13', 'order_match', 'similar_color_13', 'similar_color_12', 'similar_color_10', 'number_match', 'similar_color_7', 'similar_color_7', 'generator_6', 'generator_7', 'generator_8', 'generator_9', 'generator_10', 'generator_11', 'generator_12', 'similar_color_14', 'similar_color_8', 'generator_13', 'generator_14']
number opened: 0
TRIAL 2
Action chosen: (heart, pink)
Outcome: False
partcle ids: ['generator_15', 'number_match', 'order_match', 'generator_7', 'generator_16', 'generator_12', 'generator_5', 'generator_18', 'generator_6', 'generator_19', 'order_match', 'generator_8', 'generator_20', 'generator_21', 'generator_22', 'generator_23', 'generator_12', 'generator_1', 'generator_10', 'generator_24', 'generator_25', 'generator_26', 'generator_6', 'generator_5', 'generator_27', 'generator_28', 'generator_12', 'generator_29', 'number_match', 'generator_14']
number opened: 0
TRIAL 3
Action chosen: (yellow5, blue)
Outcome: True
partcle ids: ['generator_30', 'generator_31', 'generator_32', 'generator_33', 'generator_34', 'order_match', 'number_match', 'generator_35', 'generator_36', 'generator_37', 'generator_38', 'generator_39', 'generator_40', 'generator_41', 'generator_42', 'generator_43', 'generator_8', 'generator_44', 'generator_45', 'generator_46', 'generator_47', 'generator_48', 'generator_49', 'generator_50', 'generator_8', 'generator_52', 'generator_53', 'generator_54', 'generator_55', 'generator_56']
number opened: 1
TRIAL 4
Action chosen: (orange4, pink)
Outcome: False
partcle ids: ['generator_30', 'generator_31', 'generator_32', 'generator_33', 'generator_34', 'order_match', 'number_match', 'generator_35', 'generator_36', 'generator_37', 'generator_38', 'generator_39', 'generator_40', 'generator_41', 'generator_42', 'generator_43', 'generator_8', 'generator_44', 'generator_45', 'generator_46', 'generator_47', 'generator_48', 'generator_49', 'generator_50', 'generator_8', 'generator_52', 'generator_53', 'generator_54', 'generator_55', 'generator_56']
number opened: 1
TRIAL 5
Action chosen: (grey2, pink)
Outcome: True
partcle ids: ['generator_57', 'generator_58', 'generator_59', 'generator_60', 'generator_61', 'generator_35', 'generator_63', 'number_match', 'generator_64', 'generator_65', 'generator_66', 'generator_67', 'generator_68', 'generator_69', 'number_match', 'generator_70', 'generator_71', 'generator_72', 'generator_73', 'generator_74', 'generator_75', 'generator_31', 'generator_76', 'generator_41', 'generator_41', 'generator_78', 'order_match', 'generator_79', 'generator_80', 'generator_81']
number opened: 2
TRIAL 6
Action chosen: (cloud, purple)
Outcome: False
partcle ids: ['generator_57', 'generator_58', 'generator_59', 'generator_60', 'generator_61', 'generator_35', 'generator_63', 'number_match', 'generator_64', 'generator_65', 'generator_66', 'generator_67', 'generator_68', 'generator_69', 'number_match', 'generator_70', 'generator_71', 'generator_72', 'generator_73', 'generator_74', 'generator_75', 'generator_31', 'generator_76', 'generator_41', 'generator_41', 'generator_78', 'order_match', 'generator_79', 'generator_80', 'generator_81']
number opened: 2
TRIAL 7
Action chosen: (red, red)
Outcome: True
partcle ids: ['generator_72', 'generator_83', 'generator_84', 'generator_85', 'generator_86', 'generator_59', 'generator_88', 'generator_89', 'generator_90', 'generator_91', 'generator_92', 'generator_92', 'generator_93', 'generator_94', 'generator_95', 'number_match', 'generator_96', 'generator_97', 'generator_83', 'generator_98', 'generator_99', 'generator_86', 'generator_100', 'generator_72', 'generator_87', 'generator_85', 'generator_85', 'generator_91', 'generator_90', 'generator_102']
number opened: 3
TRIAL 8
Action chosen: (blue, purple)
Outcome: False
partcle ids: ['generator_72', 'generator_83', 'generator_84', 'generator_85', 'generator_86', 'generator_59', 'generator_88', 'generator_89', 'generator_90', 'generator_91', 'generator_92', 'generator_92', 'generator_93', 'generator_94', 'generator_95', 'number_match', 'generator_96', 'generator_97', 'generator_83', 'generator_98', 'generator_99', 'generator_86', 'generator_100', 'generator_72', 'generator_87', 'generator_85', 'generator_85', 'generator_91', 'generator_90', 'generator_102']
number opened: 3
TRIAL 9
Action chosen: (blue, white)
Outcome: False
partcle ids: ['generator_72', 'generator_83', 'generator_84', 'generator_85', 'generator_86', 'generator_59', 'generator_88', 'generator_89', 'generator_90', 'generator_91', 'generator_92', 'generator_92', 'generator_93', 'generator_94', 'generator_95', 'number_match', 'generator_96', 'generator_97', 'generator_83', 'generator_98', 'generator_99', 'generator_86', 'generator_100', 'generator_72', 'generator_87', 'generator_85', 'generator_85', 'generator_91', 'generator_90', 'generator_102']
number opened: 3
TRIAL 10
Action chosen: (triangle, white)
Outcome: False
partcle ids: ['generator_72', 'generator_83', 'generator_84', 'generator_85', 'generator_86', 'generator_59', 'generator_88', 'generator_89', 'generator_90', 'generator_91', 'generator_92', 'generator_92', 'generator_93', 'generator_94', 'generator_95', 'number_match', 'generator_96', 'generator_97', 'generator_83', 'generator_98', 'generator_99', 'generator_86', 'generator_100', 'generator_72', 'generator_87', 'generator_85', 'generator_85', 'generator_91', 'generator_90', 'generator_102']
number opened: 3
TRIAL 11
Action chosen: (heart, white)
Outcome: False
partcle ids: ['generator_91', 'generator_87', 'generator_72', 'generator_91', 'generator_105', 'generator_91', 'generator_107', 'number_match', 'generator_96', 'generator_96', 'order_match', 'generator_95', 'generator_102', 'generator_99', 'generator_111', 'generator_72', 'generator_112', 'generator_113', 'generator_114', 'generator_91', 'generator_115', 'generator_116', 'generator_102', 'generator_118', 'generator_119', 'generator_119', 'generator_99', 'generator_120', 'generator_72', 'generator_72']
number opened: 3
TRIAL 12
Action chosen: (pink, purple)
Outcome: False
partcle ids: ['generator_91', 'generator_87', 'generator_72', 'generator_91', 'generator_105', 'generator_91', 'generator_107', 'number_match', 'generator_96', 'generator_96', 'order_match', 'generator_95', 'generator_102', 'generator_99', 'generator_111', 'generator_72', 'generator_112', 'generator_113', 'generator_114', 'generator_91', 'generator_115', 'generator_116', 'generator_102', 'generator_118', 'generator_119', 'generator_119', 'generator_99', 'generator_120', 'generator_72', 'generator_72']
number opened: 3
TRIAL 13
Action chosen: (diamond, purple)
Outcome: False
partcle ids: ['generator_91', 'generator_87', 'generator_72', 'generator_91', 'generator_105', 'generator_91', 'generator_107', 'number_match', 'generator_96', 'generator_96', 'order_match', 'generator_95', 'generator_102', 'generator_99', 'generator_111', 'generator_72', 'generator_112', 'generator_113', 'generator_114', 'generator_91', 'generator_115', 'generator_116', 'generator_102', 'generator_118', 'generator_119', 'generator_119', 'generator_99', 'generator_120', 'generator_72', 'generator_72']
number opened: 3
TRIAL 14
Action chosen: (white, purple)
Outcome: False
partcle ids: ['generator_96', 'generator_96', 'generator_87', 'generator_122', 'generator_115', 'generator_112', 'generator_95', 'generator_95', 'number_match', 'generator_115', 'generator_111', 'number_match', 'generator_95', 'generator_96', 'generator_96', 'order_match', 'generator_115', 'generator_62', 'generator_111', 'generator_127', 'generator_128', 'generator_83', 'generator_129', 'generator_87', 'generator_95', 'generator_115', 'generator_96', 'generator_111', 'generator_132', 'generator_133']
number opened: 3
TRIAL 15
Action chosen: (heart, purple)
Outcome: False
partcle ids: ['generator_96', 'generator_96', 'generator_87', 'generator_122', 'generator_115', 'generator_112', 'generator_95', 'generator_95', 'number_match', 'generator_115', 'generator_111', 'number_match', 'generator_95', 'generator_96', 'generator_96', 'order_match', 'generator_115', 'generator_62', 'generator_111', 'generator_127', 'generator_128', 'generator_83', 'generator_129', 'generator_87', 'generator_95', 'generator_115', 'generator_96', 'generator_111', 'generator_132', 'generator_133']
number opened: 3
TRIAL 16
Action chosen: (triangle, purple)
Outcome: False
partcle ids: ['order_match', 'generator_83', 'number_match', 'order_match', 'number_match', 'number_match', 'generator_87', 'generator_137', 'generator_59', 'generator_138', 'number_match', 'generator_87', 'order_match', 'generator_137', 'order_match', 'order_match', 'generator_139', 'generator_62', 'generator_141', 'number_match', 'generator_133', 'generator_142', 'order_match', 'generator_143', 'number_match', 'generator_120', 'generator_83', 'generator_103', 'order_match', 'number_match']
number opened: 3
TRIAL 17
Action chosen: (orange4, white)
Outcome: True
partcle ids: ['generator_101', 'number_match', 'number_match', 'number_match', 'generator_143', 'generator_59', 'generator_62', 'number_match', 'number_match', 'generator_128', 'generator_59', 'generator_127', 'generator_143', 'generator_62', 'number_match', 'number_match', 'generator_120', 'number_match', 'number_match', 'generator_120', 'number_match', 'generator_143', 'generator_127', 'number_match', 'number_match', 'number_match', 'number_match', 'generator_99', 'generator_128', 'generator_143']
number opened: 4
TRIAL 18
Action chosen: (green3, purple)
Outcome: True
partcle ids: ['number_match', 'number_match', 'number_match', 'number_match', 'number_match', 'number_match', 'number_match', 'number_match', 'number_match', 'number_match', 'number_match', 'number_match', 'number_match', 'number_match', 'number_match', 'number_match', 'number_match', 'number_match', 'number_match', 'number_match', 'number_match', 'number_match', 'number_match', 'number_match', 'number_match', 'number_match', 'number_match', 'number_match', 'number_match', 'number_match']
number opened: 5
{"attempts": 18, "unique_key_box_pairs": 18, "revisit_attempts": 0, "revisit_rate": 0.0, "attempts_before_abandoning_color_matching": 1, "color_matching_abandoned": true}
