{"Child_ID": "D092", "SoC_variant": "SoC-Full", "theta": [1, 3], "p_gen": 0.5, "true_prior": 0.02, "run_number": 25, "seed": 2626566809539294556}
TRIAL 1
Action chosen: (purple, purple)
Outcome: False
partcle ids: ['similar_color_4', 'order_match', 'generator_1', 'generator_2', 'generator_3', 'similar_color_4', 'similar_color_6', 'generator_4', 'similar_color_6', 'similar_color_11', 'generator_5', 'similar_color_1', 'generator_6', 'similar_color_10', 'order_match', 'generator_7', 'generator_8', 'order_match', 'generator_9', 'generator_10', 'similar_color_9', 'similar_color_2', 'similar_color_7', 'generator_11', 'generator_12', 'similar_color_4', 'generator_13', 'generator_14', 'generator_15', 'generator_16']
number opened: 0
TRIAL 2
Action chosen: (pink, pink)
Outcome: False
partcle ids: ['similar_color_4', 'order_match', 'generator_1', 'generator_2', 'generator_3', 'similar_color_4', 'similar_color_6', 'generator_4', 'similar_color_6', 'similar_color_11', 'generator_5', 'similar_color_1', 'generator_6', 'similar_color_10', 'order_match', 'generator_7', 'generator_8', 'order_match', 'generator_9', 'generator_10', 'similar_color_9', 'similar_color_2', 'similar_color_7', 'generator_11', 'generator_12', 'similar_color_4', 'generator_13', 'generator_14', 'generator_15', 'generator_16']
number opened: 0
TRIAL 3
Action chosen: (pink, pink)
Outcome: False
partcle ids: ['similar_color_4', 'order_match', 'generator_1', 'generator_2', 'generator_3', 'similar_color_4', 'similar_color_6', 'generator_4', 'similar_color_6', 'similar_color_11', 'generator_5', 'similar_color_1', 'generator_6', 'similar_color_10', 'order_match', 'generator_7', 'generator_8', 'order_match', 'generator_9', 'generator_10', 'similar_color_9', 'similar_color_2', 'similar_color_7', 'generator_11', 'generator_12', 'similar_color_4', 'generator_13', 'generator_14', 'generator_15', 'generator_16']
number opened: 0
TRIAL 4
Action chosen: (purple, purple)
Outcome: False
partcle ids: ['similar_color_4', 'order_match', 'generator_1', 'generator_2', 'generator_3', 'similar_color_4', 'similar_color_6', 'generator_4', 'similar_color_6', 'similar_color_11', 'generator_5', 'similar_color_1', 'generator_6', 'similar_color_10', 'order_match', 'generator_7', 'generator_8', 'order_match', 'generator_9', 'generator_10', 'similar_color_9', 'similar_color_2', 'similar_color_7', 'generator_11', 'generator_12', 'similar_color_4', 'generator_13', 'generator_14', 'generator_15', 'generator_16']
number opened: 0
TRIAL 5
Action chosen: (red, red)
Outcome: True
partcle ids: ['generator_17', 'generator_18', 'generator_19', 'generator_20', 'generator_21', 'similar_color_10', 'generator_22', 'order_match', 'similar_color_13', 'similar_color_12', 'similar_color_5', 'generator_23', 'generator_24', 'generator_25', 'similar_color_13', 'generator_26', 'similar_color_10', 'similar_color_6', 'similar_color_12', 'generator_10', 'generator_27', 'generator_28', 'generator_29', 'generator_30', 'generator_31', 'generator_32', 'generator_33', 'generator_34', 'similar_color_9', 'order_match']
number opened: 1
TRIAL 6
Action chosen: (pink, pink)
Outcome: False
partcle ids: ['generator_17', 'generator_18', 'generator_19', 'generator_20', 'generator_21', 'similar_color_10', 'generator_22', 'order_match', 'similar_color_13', 'similar_color_12', 'similar_color_5', 'generator_23', 'generator_24', 'generator_25', 'similar_color_13', 'generator_26', 'similar_color_10', 'similar_color_6', 'similar_color_12', 'generator_10', 'generator_27', 'generator_28', 'generator_29', 'generator_30', 'generator_31', 'generator_32', 'generator_33', 'generator_34', 'similar_color_9', 'order_match']
number opened: 1
TRIAL 7
Action chosen: (purple, purple)
Outcome: False
partcle ids: ['generator_17', 'generator_18', 'generator_19', 'generator_20', 'generator_21', 'similar_color_10', 'generator_22', 'order_match', 'similar_color_13', 'similar_color_12', 'similar_color_5', 'generator_23', 'generator_24', 'generator_25', 'similar_color_13', 'generator_26', 'similar_color_10', 'similar_color_6', 'similar_color_12', 'generator_10', 'generator_27', 'generator_28', 'generator_29', 'generator_30', 'generator_31', 'generator_32', 'generator_33', 'generator_34', 'similar_color_9', 'order_match']
number opened: 1
TRIAL 8
Action chosen: (purple, purple)
Outcome: False
partcle ids: ['generator_17', 'generator_18', 'generator_19', 'generator_20', 'generator_21', 'similar_color_10', 'generator_22', 'order_match', 'similar_color_13', 'similar_color_12', 'similar_color_5', 'generator_23', 'generator_24', 'generator_25', 'similar_color_13', 'generator_26', 'similar_color_10', 'similar_color_6', 'similar_color_12', 'generator_10', 'generator_27', 'generator_28', 'generator_29', 'generator_30', 'generator_31', 'generator_32', 'generator_33', 'generator_34', 'similar_color_9', 'order_match']
number opened: 1
TRIAL 9
Action chosen: (purple, purple)
Outcome: False
partcle ids: ['generator_17', 'generator_18', 'generator_19', 'generator_20', 'generator_21', 'similar_color_10', 'generator_22', 'order_match', 'similar_color_13', 'similar_color_12', 'similar_color_5', 'generator_23', 'generator_24', 'generator_25', 'similar_color_13', 'generator_26', 'similar_color_10', 'similar_color_6', 'similar_color_12', 'generator_10', 'generator_27', 'generator_28', 'generator_29', 'generator_30', 'generator_31', 'generator_32', 'generator_33', 'generator_34', 'similar_color_9', 'order_match']
number opened: 1
TRIAL 10
Action chosen: (grey2, pink)
Outcome: True
partcle ids: ['generator_35', 'generator_36', 'generator_37', 'generator_27', 'generator_38', 'generator_39', 'generator_40', 'generator_41', 'generator_27', 'generator_42', 'generator_27', 'order_match', 'generator_44', 'generator_45', 'generator_46', 'generator_38', 'generator_47', 'generator_48', 'generator_49', 'generator_27', 'order_match', 'generator_51', 'generator_52', 'generator_53', 'order_match', 'generator_54', 'number_match', 'generator_55', 'generator_56', 'generator_57']
number opened: 2
TRIAL 11
Action chosen: (white, white)
Outcome: False
partcle ids: ['generator_35', 'generator_36', 'generator_37', 'generator_27', 'generator_38', 'generator_39', 'generator_40', 'generator_41', 'generator_27', 'generator_42', 'generator_27', 'order_match', 'generator_44', 'generator_45', 'generator_46', 'generator_38', 'generator_47', 'generator_48', 'generator_49', 'generator_27', 'order_match', 'generator_51', 'generator_52', 'generator_53', 'order_match', 'generator_54', 'number_match', 'generator_55', 'generator_56', 'generator_57']
number opened: 2
TRIAL 12
Action chosen: (green3, white)
Outcome: False
partcle ids: ['generator_35', 'generator_36', 'generator_37', 'generator_27', 'generator_38', 'generator_39', 'generator_40', 'generator_41', 'generator_27', 'generator_42', 'generator_27', 'order_match', 'generator_44', 'generator_45', 'generator_46', 'generator_38', 'generator_47', 'generator_48', 'generator_49', 'generator_27', 'order_match', 'generator_51', 'generator_52', 'generator_53', 'order_match', 'generator_54', 'number_match', 'generator_55', 'generator_56', 'generator_57']
number opened: 2
TRIAL 13
Action chosen: (heart, purple)
Outcome: False
partcle ids: ['generator_35', 'generator_36', 'generator_37', 'generator_27', 'generator_38', 'generator_39', 'generator_40', 'generator_41', 'generator_27', 'generator_42', 'generator_27', 'order_match', 'generator_44', 'generator_45', 'generator_46', 'generator_38', 'generator_47', 'generator_48', 'generator_49', 'generator_27', 'order_match', 'generator_51', 'generator_52', 'generator_53', 'order_match', 'generator_54', 'number_match', 'generator_55', 'generator_56', 'generator_57']
number opened: 2
TRIAL 14
Action chosen: (pink, purple)
Outcome: False
partcle ids: ['generator_35', 'generator_36', 'generator_37', 'generator_27', 'generator_38', 'generator_39', 'generator_40', 'generator_41', 'generator_27', 'generator_42', 'generator_27', 'order_match', 'generator_44', 'generator_45', 'generator_46', 'generator_38', 'generator_47', 'generator_48', 'generator_49', 'generator_27', 'order_match', 'generator_51', 'generator_52', 'generator_53', 'order_match', 'generator_54', 'number_match', 'generator_55', 'generator_56', 'generator_57']
number opened: 2
TRIAL 15
Action chosen: (cloud, purple)
Outcome: False
partcle ids: ['generator_35', 'generator_36', 'generator_37', 'generator_27', 'generator_38', 'generator_39', 'generator_40', 'generator_41', 'generator_27', 'generator_42', 'generator_27', 'order_match', 'generator_44', 'generator_45', 'generator_46', 'generator_38', 'generator_47', 'generator_48', 'generator_49', 'generator_27', 'order_match', 'generator_51', 'generator_52', 'generator_53', 'order_match', 'generator_54', 'number_match', 'generator_55', 'generator_56', 'generator_57']
number opened: 2
TRIAL 16
Action chosen: (cloud, blue)
Outcome: False
partcle ids: ['generator_35', 'generator_36', 'generator_37', 'generator_27', 'generator_38', 'generator_39', 'generator_40', 'generator_41', 'generator_27', 'generator_42', 'generator_27', 'order_match', 'generator_44', 'generator_45', 'generator_46', 'generator_38', 'generator_47', 'generator_48', 'generator_49', 'generator_27', 'order_match', 'generator_51', 'generator_52', 'generator_53', 'order_match', 'generator_54', 'number_match', 'generator_55', 'generator_56', 'generator_57']
number opened: 2
TRIAL 17
Action chosen: (green3, white)
Outcome: False
partcle ids: ['generator_35', 'generator_36', 'generator_37', 'generator_27', 'generator_38', 'generator_39', 'generator_40', 'generator_41', 'generator_27', 'generator_42', 'generator_27', 'order_match', 'generator_44', 'generator_45', 'generator_46', 'generator_38', 'generator_47', 'generator_48', 'generator_49', 'generator_27', 'order_match', 'generator_51', 'generator_52', 'generator_53', 'order_match', 'generator_54', 'number_match', 'generator_55', 'generator_56', 'generator_57']
number opened: 2
TRIAL 18
Action chosen: (pink, blue)
Outcome: False
partcle ids: ['generator_35', 'generator_36', 'generator_37', 'generator_27', 'generator_38', 'generator_39', 'generator_40', 'generator_41', 'generator_27', 'generator_42', 'generator_27', 'order_match', 'generator_44', 'generator_45', 'generator_46', 'generator_38', 'generator_47', 'generator_48', 'generator_49', 'generator_27', 'order_match', 'generator_51', 'generator_52', 'generator_53', 'order_match', 'generator_54', 'number_match', 'generator_55', 'generator_56', 'generator_57']
number opened: 2
TRIAL 19
Action chosen: (pink, white)
Outcome: False
partcle ids: ['generator_35', 'generator_36', 'generator_37', 'generator_27', 'generator_38', 'generator_39', 'generator_40', 'generator_41', 'generator_27', 'generator_42', 'generator_27', 'order_match', 'generator_44', 'generator_45', 'generator_46', 'generator_38', 'generator_47', 'generator_48', 'generator_49', 'generator_27', 'order_match', 'generator_51', 'generator_52', 'generator_53', 'order_match', 'generator_54', 'number_match', 'generator_55', 'generator_56', 'generator_57']
number opened: 2
TRIAL 20
Action chosen: (white, white)
Outcome: False
partcle ids: ['generator_35', 'generator_36', 'generator_37', 'generator_27', 'generator_38', 'generator_39', 'generator_40', 'generator_41', 'generator_27', 'generator_42', 'generator_27', 'order_match', 'generator_44', 'generator_45', 'generator_46', 'generator_38', 'generator_47', 'generator_48', 'generator_49', 'generator_27', 'order_match', 'generator_51', 'generator_52', 'generator_53', 'order_match', 'generator_54', 'number_match', 'generator_55', 'generator_56', 'generator_57']
number opened: 2
TRIAL 21
Action chosen: (triangle, purple)
Outcome: False
partcle ids: ['generator_35', 'generator_36', 'generator_37', 'generator_27', 'generator_38', 'generator_39', 'generator_40', 'generator_41', 'generator_27', 'generator_42', 'generator_27', 'order_match', 'generator_44', 'generator_45', 'generator_46', 'generator_38', 'generator_47', 'generator_48', 'generator_49', 'generator_27', 'order_match', 'generator_51', 'generator_52', 'generator_53', 'order_match', 'generator_54', 'number_match', 'generator_55', 'generator_56', 'generator_57']
number opened: 2
TRIAL 22
Action chosen: (yellow5, blue)
Outcome: True
partcle ids: ['generator_58', 'number_match', 'generator_59', 'generator_60', 'generator_61', 'generator_62', 'generator_62', 'number_match', 'generator_63', 'generator_64', 'generator_65', 'generator_66', 'generator_67', 'generator_68', 'number_match', 'generator_70', 'number_match', 'number_match', 'generator_72', 'number_match', 'generator_73', 'generator_73', 'number_match', 'number_match', 'generator_76', 'generator_77', 'generator_68', 'generator_72', 'generator_78', 'generator_79']
number opened: 3
TRIAL 23
Action chosen: (green3, purple)
Outcome: True
partcle ids: ['generator_77', 'number_match', 'generator_63', 'generator_77', 'number_match', 'generator_63', 'generator_82', 'generator_81', 'generator_77', 'generator_83', 'generator_84', 'generator_63', 'generator_72', 'generator_83', 'generator_81', 'generator_83', 'generator_84', 'generator_83', 'number_match', 'generator_77', 'generator_72', 'number_match', 'generator_72', 'generator_72', 'generator_83', 'generator_72', 'number_match', 'generator_84', 'generator_82', 'generator_84']
number opened: 4
TRIAL 24
Action chosen: (orange4, white)
Outcome: True
partcle ids: ['number_match', 'number_match', 'number_match', 'number_match', 'number_match', 'number_match', 'number_match', 'number_match', 'number_match', 'number_match', 'number_match', 'number_match', 'number_match', 'number_match', 'number_match', 'number_match', 'number_match', 'number_match', 'number_match', 'number_match', 'number_match', 'number_match', 'number_match', 'number_match', 'number_match', 'number_match', 'number_match', 'number_match', 'number_match', 'number_match']
number opened: 5
{"attempts": 24, "unique_key_box_pairs": 16, "revisit_attempts": 8, "revisit_rate": 0.34782608695652173, "attempts_before_abandoning_color_matching": 9, "color_matching_abandoned": true}
