{"Child_ID": "D013", "SoC_variant": "SoC-Gen", "theta": [19, 1], "p_gen": 0.7, "true_prior": 0.02, "run_number": 68, "seed": 8059054728154414759}
TRIAL 1
Action chosen: (red, red)
Outcome: True
partcle ids: ['generator_22', 'generator_23', 'generator_24', 'generator_25', 'similar_color_8', 'generator_26', 'generator_27', 'generator_28', 'generator_29', 'generator_30', 'generator_31', 'generator_32', 'similar_color_5', 'generator_33', 'similar_color_11', 'generator_34', 'number_match', 'generator_35', 'generator_36', 'generator_12', 'generator_37', 'generator_38', 'generator_39', 'generator_40', 'similar_color_7', 'generator_41', 'similar_color_13', 'generator_42', 'generator_43', 'generator_44']
number opened: 1
TRIAL 2
Action chosen: (grey2, pink)
Outcome: True
partcle ids: ['generator_45', 'generator_46', 'generator_47', 'generator_48', 'generator_49', 'generator_50', 'generator_51', 'generator_52', 'generator_53', 'generator_54', 'generator_55', 'generator_56', 'generator_57', 'generator_58', 'generator_59', 'generator_36', 'generator_60', 'generator_61', 'generator_62', 'generator_26', 'generator_63', 'generator_64', 'generator_65', 'generator_66', 'generator_67', 'generator_68', 'generator_69', 'generator_70', 'generator_71', 'generator_72']
number opened: 2
TRIAL 3
Action chosen: (blue, purple)
Outcome: False
partcle ids: ['generator_45', 'generator_46', 'generator_47', 'generator_48', 'generator_49', 'generator_50', 'generator_51', 'generator_52', 'generator_53', 'generator_54', 'generator_55', 'generator_56', 'generator_57', 'generator_58', 'generator_59', 'generator_36', 'generator_60', 'generator_61', 'generator_62', 'generator_26', 'generator_63', 'generator_64', 'generator_65', 'generator_66', 'generator_67', 'generator_68', 'generator_69', 'generator_70', 'generator_71', 'generator_72']
number opened: 2
TRIAL 4
Action chosen: (orange4, blue)
Outcome: False
partcle ids: ['generator_45', 'generator_46', 'generator_47', 'generator_48', 'generator_49', 'generator_50', 'generator_51', 'generator_52', 'generator_53', 'generator_54', 'generator_55', 'generator_56', 'generator_57', 'generator_58', 'generator_59', 'generator_36', 'generator_60', 'generator_61', 'generator_62', 'generator_26', 'generator_63', 'generator_64', 'generator_65', 'generator_66', 'generator_67', 'generator_68', 'generator_69', 'generator_70', 'generator_71', 'generator_72']
number opened: 2
TRIAL 5
Action chosen: (blue, white)
Outcome: False
partcle ids: ['generator_73', 'generator_67', 'generator_75', 'generator_76', 'generator_77', 'generator_78', 'generator_79', 'generator_56', 'generator_80', 'generator_81', 'generator_58', 'generator_38', 'generator_82', 'generator_83', 'generator_84', 'generator_48', 'generator_58', 'generator_87', 'generator_88', 'generator_89', 'generator_90', 'generator_59', 'generator_91', 'generator_92', 'generator_93', 'generator_94', 'generator_95', 'generator_96', 'generator_97', 'generator_98']
number opened: 2
TRIAL 6
Action chosen: (blue, blue)
Outcome: False
partcle ids: ['generator_73', 'generator_67', 'generator_75', 'generator_76', 'generator_77', 'generator_78', 'generator_79', 'generator_56', 'generator_80', 'generator_81', 'generator_58', 'generator_38', 'generator_82', 'generator_83', 'generator_84', 'generator_48', 'generator_58', 'generator_87', 'generator_88', 'generator_89', 'generator_90', 'generator_59', 'generator_91', 'generator_92', 'generator_93', 'generator_94', 'generator_95', 'generator_96', 'generator_97', 'generator_98']
number opened: 2
TRIAL 7
Action chosen: (diamond, white)
Outcome: False
partcle ids: ['generator_73', 'generator_67', 'generator_75', 'generator_76', 'generator_77', 'generator_78', 'generator_79', 'generator_56', 'generator_80', 'generator_81', 'generator_58', 'generator_38', 'generator_82', 'generator_83', 'generator_84', 'generator_48', 'generator_58', 'generator_87', 'generator_88', 'generator_89', 'generator_90', 'generator_59', 'generator_91', 'generator_92', 'generator_93', 'generator_94', 'generator_95', 'generator_96', 'generator_97', 'generator_98']
number opened: 2
TRIAL 8
Action chosen: (orange4, purple)
Outcome: False
partcle ids: ['generator_73', 'generator_67', 'generator_75', 'generator_76', 'generator_77', 'generator_78', 'generator_79', 'generator_56', 'generator_80', 'generator_81', 'generator_58', 'generator_38', 'generator_82', 'generator_83', 'generator_84', 'generator_48', 'generator_58', 'generator_87', 'generator_88', 'generator_89', 'generator_90', 'generator_59', 'generator_91', 'generator_92', 'generator_93', 'generator_94', 'generator_95', 'generator_96', 'generator_97', 'generator_98']
number opened: 2
TRIAL 9
Action chosen: (cloud, purple)
Outcome: False
partcle ids: ['generator_84', 'generator_67', 'generator_100', 'generator_101', 'generator_102', 'generator_103', 'generator_79', 'generator_105', 'generator_96', 'generator_106', 'generator_80', 'generator_97', 'generator_96', 'generator_90', 'generator_96', 'generator_111', 'generator_112', 'generator_113', 'generator_80', 'generator_98', 'generator_115', 'generator_97', 'generator_117', 'generator_97', 'generator_118', 'generator_84', 'generator_120', 'generator_121', 'generator_122', 'generator_79']
number opened: 2
TRIAL 10
Action chosen: (heart, blue)
Outcome: False
partcle ids: ['generator_84', 'generator_67', 'generator_100', 'generator_101', 'generator_102', 'generator_103', 'generator_79', 'generator_105', 'generator_96', 'generator_106', 'generator_80', 'generator_97', 'generator_96', 'generator_90', 'generator_96', 'generator_111', 'generator_112', 'generator_113', 'generator_80', 'generator_98', 'generator_115', 'generator_97', 'generator_117', 'generator_97', 'generator_118', 'generator_84', 'generator_120', 'generator_121', 'generator_122', 'generator_79']
number opened: 2
TRIAL 11
Action chosen: (heart, purple)
Outcome: False
partcle ids: ['generator_84', 'generator_67', 'generator_100', 'generator_101', 'generator_102', 'generator_103', 'generator_79', 'generator_105', 'generator_96', 'generator_106', 'generator_80', 'generator_97', 'generator_96', 'generator_90', 'generator_96', 'generator_111', 'generator_112', 'generator_113', 'generator_80', 'generator_98', 'generator_115', 'generator_97', 'generator_117', 'generator_97', 'generator_118', 'generator_84', 'generator_120', 'generator_121', 'generator_122', 'generator_79']
number opened: 2
TRIAL 12
Action chosen: (triangle, purple)
Outcome: False
partcle ids: ['generator_112', 'generator_113', 'generator_124', 'generator_112', 'generator_84', 'generator_106', 'generator_90', 'generator_128', 'generator_129', 'generator_117', 'generator_131', 'generator_90', 'generator_113', 'generator_133', 'generator_134', 'generator_112', 'generator_117', 'generator_137', 'generator_113', 'generator_139', 'generator_140', 'generator_84', 'generator_142', 'generator_143', 'generator_84', 'generator_106', 'generator_98', 'generator_115', 'generator_147', 'generator_117']
number opened: 2
TRIAL 13
Action chosen: (purple, blue)
Outcome: False
partcle ids: ['generator_112', 'generator_113', 'generator_124', 'generator_112', 'generator_84', 'generator_106', 'generator_90', 'generator_128', 'generator_129', 'generator_117', 'generator_131', 'generator_90', 'generator_113', 'generator_133', 'generator_134', 'generator_112', 'generator_117', 'generator_137', 'generator_113', 'generator_139', 'generator_140', 'generator_84', 'generator_142', 'generator_143', 'generator_84', 'generator_106', 'generator_98', 'generator_115', 'generator_147', 'generator_117']
number opened: 2
TRIAL 14
Action chosen: (cloud, white)
Outcome: False
partcle ids: ['generator_112', 'generator_113', 'generator_124', 'generator_112', 'generator_84', 'generator_106', 'generator_90', 'generator_128', 'generator_129', 'generator_117', 'generator_131', 'generator_90', 'generator_113', 'generator_133', 'generator_134', 'generator_112', 'generator_117', 'generator_137', 'generator_113', 'generator_139', 'generator_140', 'generator_84', 'generator_142', 'generator_143', 'generator_84', 'generator_106', 'generator_98', 'generator_115', 'generator_147', 'generator_117']
number opened: 2
TRIAL 15
Action chosen: (yellow5, purple)
Outcome: False
partcle ids: ['generator_117', 'generator_137', 'generator_137', 'generator_117', 'generator_129', 'generator_153', 'generator_139', 'generator_90', 'generator_115', 'generator_117', 'generator_158', 'generator_115', 'generator_106', 'generator_161', 'generator_139', 'generator_162', 'generator_163', 'generator_164', 'generator_137', 'generator_166', 'generator_115', 'generator_128', 'generator_117', 'generator_139', 'generator_106', 'generator_171', 'generator_172', 'generator_173', 'generator_117', 'generator_117']
number opened: 2
TRIAL 16
Action chosen: (cloud, blue)
Outcome: False
partcle ids: ['generator_117', 'generator_137', 'generator_137', 'generator_117', 'generator_129', 'generator_153', 'generator_139', 'generator_90', 'generator_115', 'generator_117', 'generator_158', 'generator_115', 'generator_106', 'generator_161', 'generator_139', 'generator_162', 'generator_163', 'generator_164', 'generator_137', 'generator_166', 'generator_115', 'generator_128', 'generator_117', 'generator_139', 'generator_106', 'generator_171', 'generator_172', 'generator_173', 'generator_117', 'generator_117']
number opened: 2
TRIAL 17
Action chosen: (diamond, purple)
Outcome: False
partcle ids: ['generator_139', 'generator_106', 'generator_162', 'generator_178', 'generator_166', 'generator_128', 'generator_106', 'generator_129', 'generator_166', 'generator_161', 'generator_162', 'generator_166', 'generator_185', 'generator_162', 'generator_186', 'generator_106', 'generator_106', 'generator_139', 'generator_158', 'generator_161', 'generator_191', 'generator_192', 'generator_158', 'generator_139', 'generator_129', 'generator_196', 'generator_139', 'generator_198', 'generator_139', 'generator_161']
number opened: 2
TRIAL 18
Action chosen: (pink, white)
Outcome: False
partcle ids: ['generator_139', 'generator_106', 'generator_162', 'generator_178', 'generator_166', 'generator_128', 'generator_106', 'generator_129', 'generator_166', 'generator_161', 'generator_162', 'generator_166', 'generator_185', 'generator_162', 'generator_186', 'generator_106', 'generator_106', 'generator_139', 'generator_158', 'generator_161', 'generator_191', 'generator_192', 'generator_158', 'generator_139', 'generator_129', 'generator_196', 'generator_139', 'generator_198', 'generator_139', 'generator_161']
number opened: 2
TRIAL 19
Action chosen: (yellow5, blue)
Outcome: True
partcle ids: ['generator_201', 'generator_139', 'generator_202', 'generator_203', 'generator_204', 'generator_205', 'generator_139', 'generator_139', 'generator_208', 'generator_108', 'generator_209', 'generator_210', 'generator_211', 'generator_76', 'generator_212', 'generator_211', 'generator_192', 'generator_205', 'number_match', 'generator_213', 'generator_192', 'generator_139', 'generator_139', 'generator_215', 'generator_192', 'generator_192', 'generator_68', 'generator_218', 'generator_139', 'generator_100']
number opened: 3
TRIAL 20
Action chosen: (heart, white)
Outcome: False
partcle ids: ['generator_201', 'generator_139', 'generator_202', 'generator_203', 'generator_204', 'generator_205', 'generator_139', 'generator_139', 'generator_208', 'generator_108', 'generator_209', 'generator_210', 'generator_211', 'generator_76', 'generator_212', 'generator_211', 'generator_192', 'generator_205', 'number_match', 'generator_213', 'generator_192', 'generator_139', 'generator_139', 'generator_215', 'generator_192', 'generator_192', 'generator_68', 'generator_218', 'generator_139', 'generator_100']
number opened: 3
TRIAL 21
Action chosen: (purple, purple)
Outcome: False
partcle ids: ['generator_201', 'generator_139', 'generator_202', 'generator_203', 'generator_204', 'generator_205', 'generator_139', 'generator_139', 'generator_208', 'generator_108', 'generator_209', 'generator_210', 'generator_211', 'generator_76', 'generator_212', 'generator_211', 'generator_192', 'generator_205', 'number_match', 'generator_213', 'generator_192', 'generator_139', 'generator_139', 'generator_215', 'generator_192', 'generator_192', 'generator_68', 'generator_218', 'generator_139', 'generator_100']
number opened: 3
TRIAL 22
Action chosen: (triangle, white)
Outcome: False
partcle ids: ['generator_100', 'generator_100', 'generator_215', 'order_match', 'generator_201', 'generator_201', 'generator_210', 'generator_213', 'generator_221', 'generator_208', 'generator_213', 'generator_100', 'generator_203', 'generator_213', 'generator_108', 'generator_224', 'generator_69', 'generator_225', 'generator_208', 'generator_202', 'generator_108', 'number_match', 'generator_202', 'generator_205', 'generator_205', 'generator_215', 'generator_212', 'generator_227', 'generator_108', 'number_match']
number opened: 3
TRIAL 23
Action chosen: (green3, white)
Outcome: False
partcle ids: ['generator_100', 'generator_100', 'generator_215', 'order_match', 'generator_201', 'generator_201', 'generator_210', 'generator_213', 'generator_221', 'generator_208', 'generator_213', 'generator_100', 'generator_203', 'generator_213', 'generator_108', 'generator_224', 'generator_69', 'generator_225', 'generator_208', 'generator_202', 'generator_108', 'number_match', 'generator_202', 'generator_205', 'generator_205', 'generator_215', 'generator_212', 'generator_227', 'generator_108', 'number_match']
number opened: 3
TRIAL 24
Action chosen: (purple, white)
Outcome: False
partcle ids: ['generator_100', 'generator_100', 'generator_215', 'order_match', 'generator_201', 'generator_201', 'generator_210', 'generator_213', 'generator_221', 'generator_208', 'generator_213', 'generator_100', 'generator_203', 'generator_213', 'generator_108', 'generator_224', 'generator_69', 'generator_225', 'generator_208', 'generator_202', 'generator_108', 'number_match', 'generator_202', 'generator_205', 'generator_205', 'generator_215', 'generator_212', 'generator_227', 'generator_108', 'number_match']
number opened: 3
TRIAL 25
Action chosen: (orange4, white)
Outcome: True
partcle ids: ['generator_222', 'number_match', 'generator_227', 'generator_213', 'generator_213', 'generator_213', 'generator_229', 'number_match', 'generator_213', 'generator_230', 'generator_213', 'generator_213', 'generator_213', 'generator_231', 'generator_213', 'generator_227', 'generator_231', 'generator_213', 'generator_228', 'generator_213', 'generator_230', 'generator_232', 'generator_232', 'generator_213', 'generator_213', 'generator_231', 'generator_231', 'generator_213', 'generator_213', 'generator_227']
number opened: 4
TRIAL 26
Action chosen: (pink, purple)
Outcome: False
partcle ids: ['generator_222', 'number_match', 'generator_227', 'generator_213', 'generator_213', 'generator_213', 'generator_229', 'number_match', 'generator_213', 'generator_230', 'generator_213', 'generator_213', 'generator_213', 'generator_231', 'generator_213', 'generator_227', 'generator_231', 'generator_213', 'generator_228', 'generator_213', 'generator_230', 'generator_232', 'generator_232', 'generator_213', 'generator_213', 'generator_231', 'generator_231', 'generator_213', 'generator_213', 'generator_227']
number opened: 4
TRIAL 27
Action chosen: (white, purple)
Outcome: False
partcle ids: ['number_match', 'generator_229', 'generator_232', 'generator_227', 'generator_227', 'generator_222', 'number_match', 'number_match', 'generator_227', 'generator_231', 'generator_229', 'number_match', 'generator_213', 'generator_232', 'number_match', 'generator_232', 'number_match', 'generator_231', 'generator_227', 'generator_222', 'generator_232', 'number_match', 'number_match', 'number_match', 'generator_232', 'generator_227', 'generator_213', 'generator_228', 'generator_230', 'generator_230']
number opened: 4
TRIAL 28
Action chosen: (green3, purple)
Outcome: True
partcle ids: ['number_match', 'number_match', 'number_match', 'number_match', 'number_match', 'number_match', 'number_match', 'number_match', 'number_match', 'number_match', 'number_match', 'number_match', 'number_match', 'number_match', 'number_match', 'number_match', 'number_match', 'number_match', 'number_match', 'number_match', 'number_match', 'number_match', 'number_match', 'number_match', 'number_match', 'number_match', 'number_match', 'number_match', 'number_match', 'number_match']
number opened: 5
{"attempts": 28, "unique_key_box_pairs": 28, "revisit_attempts": 0, "revisit_rate": 0.0, "attempts_before_abandoning_color_matching": 1, "color_matching_abandoned": true}
