{"Child_ID": "D013", "SoC_variant": "SoC-Gen", "theta": [19, 1], "p_gen": 0.7, "true_prior": 0.02, "run_number": 87, "seed": 1530895659216217282}
TRIAL 1
Action chosen: (purple, purple)
Outcome: False
partcle ids: ['generator_1', 'generator_2', 'generator_3', 'generator_4', 'generator_5', 'generator_6', 'generator_7', 'generator_8', 'generator_9', 'generator_10', 'generator_11', 'similar_color_1', 'generator_12', 'similar_color_5', 'generator_13', 'generator_14', 'generator_15', 'generator_16', 'generator_17', 'generator_18', 'similar_color_9', 'generator_19', 'generator_20', 'generator_21', 'generator_22', 'generator_23', 'number_match', 'similar_color_9', 'generator_24', 'similar_color_12']
number opened: 0
TRIAL 2
Action chosen: (heart, white)
Outcome: False
partcle ids: ['generator_1', 'generator_2', 'generator_3', 'generator_4', 'generator_5', 'generator_6', 'generator_7', 'generator_8', 'generator_9', 'generator_10', 'generator_11', 'similar_color_1', 'generator_12', 'similar_color_5', 'generator_13', 'generator_14', 'generator_15', 'generator_16', 'generator_17', 'generator_18', 'similar_color_9', 'generator_19', 'generator_20', 'generator_21', 'generator_22', 'generator_23', 'number_match', 'similar_color_9', 'generator_24', 'similar_color_12']
number opened: 0
TRIAL 3
Action chosen: (heart, pink)
Outcome: False
partcle ids: ['generator_25', 'generator_26', 'generator_27', 'order_match', 'generator_10', 'number_match', 'generator_28', 'generator_7', 'generator_29', 'generator_5', 'generator_30', 'generator_31', 'generator_32', 'generator_33', 'generator_34', 'generator_35', 'generator_36', 'number_match', 'generator_37', 'generator_38', 'generator_6', 'generator_2', 'generator_40', 'generator_41', 'generator_23', 'generator_42', 'generator_43', 'number_match', 'number_match', 'generator_45']
number opened: 0
TRIAL 4
Action chosen: (orange4, white)
Outcome: True
partcle ids: ['generator_7', 'generator_47', 'generator_48', 'generator_41', 'generator_50', 'generator_51', 'generator_41', 'generator_53', 'generator_54', 'generator_7', 'generator_56', 'generator_57', 'generator_58', 'generator_59', 'generator_60', 'generator_61', 'generator_62', 'generator_63', 'generator_64', 'generator_65', 'generator_66', 'generator_67', 'generator_68', 'generator_69', 'generator_70', 'generator_71', 'generator_72', 'generator_73', 'generator_74', 'generator_7']
number opened: 1
TRIAL 5
Action chosen: (triangle, purple)
Outcome: False
partcle ids: ['generator_7', 'generator_47', 'generator_48', 'generator_41', 'generator_50', 'generator_51', 'generator_41', 'generator_53', 'generator_54', 'generator_7', 'generator_56', 'generator_57', 'generator_58', 'generator_59', 'generator_60', 'generator_61', 'generator_62', 'generator_63', 'generator_64', 'generator_65', 'generator_66', 'generator_67', 'generator_68', 'generator_69', 'generator_70', 'generator_71', 'generator_72', 'generator_73', 'generator_74', 'generator_7']
number opened: 1
TRIAL 6
Action chosen: (grey2, purple)
Outcome: False
partcle ids: ['generator_7', 'generator_47', 'generator_48', 'generator_41', 'generator_50', 'generator_51', 'generator_41', 'generator_53', 'generator_54', 'generator_7', 'generator_56', 'generator_57', 'generator_58', 'generator_59', 'generator_60', 'generator_61', 'generator_62', 'generator_63', 'generator_64', 'generator_65', 'generator_66', 'generator_67', 'generator_68', 'generator_69', 'generator_70', 'generator_71', 'generator_72', 'generator_73', 'generator_74', 'generator_7']
number opened: 1
TRIAL 7
Action chosen: (triangle, blue)
Outcome: False
partcle ids: ['generator_76', 'generator_77', 'generator_64', 'generator_79', 'generator_50', 'generator_81', 'generator_82', 'generator_83', 'generator_84', 'generator_85', 'generator_86', 'generator_87', 'generator_69', 'generator_89', 'generator_90', 'generator_91', 'generator_92', 'generator_47', 'generator_69', 'generator_95', 'generator_96', 'generator_97', 'generator_53', 'generator_99', 'generator_100', 'generator_101', 'generator_102', 'generator_70', 'number_match', 'generator_104']
number opened: 1
TRIAL 8
Action chosen: (grey2, red)
Outcome: False
partcle ids: ['generator_76', 'generator_77', 'generator_64', 'generator_79', 'generator_50', 'generator_81', 'generator_82', 'generator_83', 'generator_84', 'generator_85', 'generator_86', 'generator_87', 'generator_69', 'generator_89', 'generator_90', 'generator_91', 'generator_92', 'generator_47', 'generator_69', 'generator_95', 'generator_96', 'generator_97', 'generator_53', 'generator_99', 'generator_100', 'generator_101', 'generator_102', 'generator_70', 'number_match', 'generator_104']
number opened: 1
TRIAL 9
Action chosen: (yellow5, blue)
Outcome: True
partcle ids: ['generator_53', 'generator_106', 'generator_107', 'generator_108', 'generator_109', 'generator_110', 'generator_69', 'generator_104', 'generator_69', 'generator_114', 'generator_115', 'generator_104', 'generator_117', 'generator_118', 'generator_69', 'generator_120', 'generator_104', 'generator_122', 'generator_123', 'generator_53', 'generator_69', 'generator_126', 'generator_127', 'generator_104', 'generator_69', 'generator_53', 'generator_130', 'generator_131', 'generator_69', 'generator_133']
number opened: 2
TRIAL 10
Action chosen: (pink, purple)
Outcome: False
partcle ids: ['generator_53', 'generator_106', 'generator_107', 'generator_108', 'generator_109', 'generator_110', 'generator_69', 'generator_104', 'generator_69', 'generator_114', 'generator_115', 'generator_104', 'generator_117', 'generator_118', 'generator_69', 'generator_120', 'generator_104', 'generator_122', 'generator_123', 'generator_53', 'generator_69', 'generator_126', 'generator_127', 'generator_104', 'generator_69', 'generator_53', 'generator_130', 'generator_131', 'generator_69', 'generator_133']
number opened: 2
TRIAL 11
Action chosen: (cloud, purple)
Outcome: False
partcle ids: ['generator_134', 'generator_109', 'generator_136', 'generator_127', 'generator_106', 'generator_139', 'generator_140', 'generator_141', 'generator_109', 'generator_143', 'generator_118', 'generator_127', 'generator_131', 'generator_147', 'generator_148', 'generator_149', 'generator_150', 'generator_151', 'generator_127', 'generator_118', 'generator_154', 'generator_155', 'generator_156', 'generator_157', 'generator_158', 'generator_159', 'generator_160', 'generator_110', 'generator_162', 'generator_127']
number opened: 2
TRIAL 12
Action chosen: (cloud, red)
Outcome: False
partcle ids: ['generator_134', 'generator_109', 'generator_136', 'generator_127', 'generator_106', 'generator_139', 'generator_140', 'generator_141', 'generator_109', 'generator_143', 'generator_118', 'generator_127', 'generator_131', 'generator_147', 'generator_148', 'generator_149', 'generator_150', 'generator_151', 'generator_127', 'generator_118', 'generator_154', 'generator_155', 'generator_156', 'generator_157', 'generator_158', 'generator_159', 'generator_160', 'generator_110', 'generator_162', 'generator_127']
number opened: 2
TRIAL 13
Action chosen: (pink, red)
Outcome: False
partcle ids: ['generator_140', 'generator_110', 'generator_165', 'generator_166', 'generator_167', 'generator_154', 'generator_168', 'generator_169', 'generator_170', 'generator_171', 'generator_172', 'generator_173', 'generator_174', 'generator_142', 'generator_175', 'generator_140', 'generator_149', 'generator_177', 'generator_178', 'generator_179', 'generator_106', 'generator_134', 'generator_182', 'generator_155', 'generator_155', 'generator_155', 'generator_156', 'generator_186', 'generator_141', 'generator_148']
number opened: 2
TRIAL 14
Action chosen: (heart, purple)
Outcome: False
partcle ids: ['generator_140', 'generator_110', 'generator_165', 'generator_166', 'generator_167', 'generator_154', 'generator_168', 'generator_169', 'generator_170', 'generator_171', 'generator_172', 'generator_173', 'generator_174', 'generator_142', 'generator_175', 'generator_140', 'generator_149', 'generator_177', 'generator_178', 'generator_179', 'generator_106', 'generator_134', 'generator_182', 'generator_155', 'generator_155', 'generator_155', 'generator_156', 'generator_186', 'generator_141', 'generator_148']
number opened: 2
TRIAL 15
Action chosen: (heart, red)
Outcome: False
partcle ids: ['generator_140', 'generator_110', 'generator_165', 'generator_166', 'generator_167', 'generator_154', 'generator_168', 'generator_169', 'generator_170', 'generator_171', 'generator_172', 'generator_173', 'generator_174', 'generator_142', 'generator_175', 'generator_140', 'generator_149', 'generator_177', 'generator_178', 'generator_179', 'generator_106', 'generator_134', 'generator_182', 'generator_155', 'generator_155', 'generator_155', 'generator_156', 'generator_186', 'generator_141', 'generator_148']
number opened: 2
TRIAL 16
Action chosen: (blue, pink)
Outcome: False
partcle ids: ['generator_156', 'generator_167', 'generator_190', 'generator_166', 'generator_192', 'generator_193', 'generator_105', 'generator_194', 'generator_154', 'generator_110', 'generator_166', 'generator_156', 'generator_193', 'number_match', 'generator_199', 'generator_200', 'generator_141', 'generator_141', 'generator_203', 'generator_204', 'generator_205', 'generator_142', 'generator_141', 'generator_208', 'generator_209', 'generator_156', 'generator_210', 'generator_173', 'number_match', 'generator_212']
number opened: 2
TRIAL 17
Action chosen: (green3, red)
Outcome: False
partcle ids: ['generator_156', 'generator_167', 'generator_190', 'generator_166', 'generator_192', 'generator_193', 'generator_105', 'generator_194', 'generator_154', 'generator_110', 'generator_166', 'generator_156', 'generator_193', 'number_match', 'generator_199', 'generator_200', 'generator_141', 'generator_141', 'generator_203', 'generator_204', 'generator_205', 'generator_142', 'generator_141', 'generator_208', 'generator_209', 'generator_156', 'generator_210', 'generator_173', 'number_match', 'generator_212']
number opened: 2
TRIAL 18
Action chosen: (green3, purple)
Outcome: True
partcle ids: ['generator_213', 'generator_214', 'generator_215', 'generator_216', 'generator_166', 'generator_218', 'generator_166', 'generator_220', 'generator_221', 'generator_166', 'generator_223', 'generator_224', 'generator_225', 'generator_166', 'generator_226', 'generator_166', 'generator_228', 'number_match', 'generator_230', 'generator_231', 'generator_170', 'generator_232', 'generator_233', 'generator_234', 'number_match', 'generator_166', 'generator_204', 'generator_166', 'generator_236', 'generator_237']
number opened: 3
TRIAL 19
Action chosen: (red, pink)
Outcome: False
partcle ids: ['generator_213', 'generator_214', 'generator_215', 'generator_216', 'generator_166', 'generator_218', 'generator_166', 'generator_220', 'generator_221', 'generator_166', 'generator_223', 'generator_224', 'generator_225', 'generator_166', 'generator_226', 'generator_166', 'generator_228', 'number_match', 'generator_230', 'generator_231', 'generator_170', 'generator_232', 'generator_233', 'generator_234', 'number_match', 'generator_166', 'generator_204', 'generator_166', 'generator_236', 'generator_237']
number opened: 3
TRIAL 20
Action chosen: (red, red)
Outcome: True
partcle ids: ['generator_238', 'generator_226', 'generator_237', 'generator_170', 'generator_240', 'generator_239', 'generator_240', 'generator_240', 'generator_226', 'generator_237', 'generator_170', 'generator_239', 'generator_237', 'generator_226', 'generator_237', 'generator_240', 'generator_241', 'generator_238', 'generator_242', 'generator_237', 'generator_237', 'generator_239', 'generator_239', 'generator_238', 'generator_170', 'generator_240', 'generator_237', 'generator_226', 'generator_170', 'generator_170']
number opened: 4
TRIAL 21
Action chosen: (white, pink)
Outcome: False
partcle ids: ['generator_238', 'generator_226', 'generator_237', 'generator_170', 'generator_240', 'generator_239', 'generator_240', 'generator_240', 'generator_226', 'generator_237', 'generator_170', 'generator_239', 'generator_237', 'generator_226', 'generator_237', 'generator_240', 'generator_241', 'generator_238', 'generator_242', 'generator_237', 'generator_237', 'generator_239', 'generator_239', 'generator_238', 'generator_170', 'generator_240', 'generator_237', 'generator_226', 'generator_170', 'generator_170']
number opened: 4
TRIAL 22
Action chosen: (triangle, pink)
Outcome: False
partcle ids: ['generator_238', 'generator_226', 'generator_237', 'generator_170', 'generator_240', 'generator_239', 'generator_240', 'generator_240', 'generator_226', 'generator_237', 'generator_170', 'generator_239', 'generator_237', 'generator_226', 'generator_237', 'generator_240', 'generator_241', 'generator_238', 'generator_242', 'generator_237', 'generator_237', 'generator_239', 'generator_239', 'generator_238', 'generator_170', 'generator_240', 'generator_237', 'generator_226', 'generator_170', 'generator_170']
number opened: 4
TRIAL 23
Action chosen: (blue, pink)
Outcome: False
partcle ids: ['generator_238', 'generator_226', 'generator_237', 'generator_170', 'generator_240', 'generator_239', 'generator_240', 'generator_240', 'generator_226', 'generator_237', 'generator_170', 'generator_239', 'generator_237', 'generator_226', 'generator_237', 'generator_240', 'generator_241', 'generator_238', 'generator_242', 'generator_237', 'generator_237', 'generator_239', 'generator_239', 'generator_238', 'generator_170', 'generator_240', 'generator_237', 'generator_226', 'generator_170', 'generator_170']
number opened: 4
TRIAL 24
Action chosen: (pink, pink)
Outcome: False
partcle ids: ['generator_242', 'generator_239', 'generator_226', 'generator_238', 'generator_241', 'generator_242', 'generator_241', 'number_match', 'generator_241', 'generator_237', 'generator_242', 'generator_241', 'generator_241', 'generator_242', 'generator_238', 'generator_241', 'number_match', 'generator_241', 'number_match', 'generator_241', 'generator_242', 'generator_238', 'generator_238', 'generator_226', 'generator_241', 'generator_239', 'generator_238', 'generator_241', 'generator_238', 'generator_237']
number opened: 4
TRIAL 25
Action chosen: (purple, pink)
Outcome: False
partcle ids: ['generator_242', 'generator_239', 'generator_226', 'generator_238', 'generator_241', 'generator_242', 'generator_241', 'number_match', 'generator_241', 'generator_237', 'generator_242', 'generator_241', 'generator_241', 'generator_242', 'generator_238', 'generator_241', 'number_match', 'generator_241', 'number_match', 'generator_241', 'generator_242', 'generator_238', 'generator_238', 'generator_226', 'generator_241', 'generator_239', 'generator_238', 'generator_241', 'generator_238', 'generator_237']
number opened: 4
TRIAL 26
Action chosen: (diamond, pink)
Outcome: False
partcle ids: ['generator_242', 'generator_239', 'generator_226', 'generator_238', 'generator_241', 'generator_242', 'generator_241', 'number_match', 'generator_241', 'generator_237', 'generator_242', 'generator_241', 'generator_241', 'generator_242', 'generator_238', 'generator_241', 'number_match', 'generator_241', 'number_match', 'generator_241', 'generator_242', 'generator_238', 'generator_238', 'generator_226', 'generator_241', 'generator_239', 'generator_238', 'generator_241', 'generator_238', 'generator_237']
number opened: 4
TRIAL 27
Action chosen: (cloud, pink)
Outcome: False
partcle ids: ['generator_240', 'generator_240', 'generator_237', 'generator_226', 'generator_240', 'generator_239', 'generator_237', 'generator_237', 'generator_239', 'number_match', 'number_match', 'number_match', 'generator_240', 'generator_226', 'number_match', 'number_match', 'generator_240', 'number_match', 'number_match', 'generator_238', 'generator_226', 'number_match', 'generator_239', 'number_match', 'number_match', 'number_match', 'generator_226', 'generator_241', 'generator_237', 'number_match']
number opened: 4
TRIAL 28
Action chosen: (grey2, pink)
Outcome: True
partcle ids: ['number_match', 'number_match', 'number_match', 'number_match', 'number_match', 'number_match', 'number_match', 'number_match', 'number_match', 'number_match', 'number_match', 'number_match', 'number_match', 'number_match', 'number_match', 'number_match', 'number_match', 'number_match', 'number_match', 'number_match', 'number_match', 'number_match', 'number_match', 'number_match', 'number_match', 'number_match', 'number_match', 'number_match', 'number_match', 'number_match']
number opened: 5
{"attempts": 28, "unique_key_box_pairs": 27, "revisit_attempts": 1, "revisit_rate": 0.037037037037037035, "attempts_before_abandoning_color_matching": 1, "color_matching_abandoned": true}
