{"Child_ID": "D057", "SoC_variant": "SoC-Full", "theta": [1, 2], "p_gen": 0.3, "true_prior": 0.02, "run_number": 42, "seed": 7217219750062673054}
TRIAL 1
Action chosen: (blue, blue)
Outcome: False
partcle ids: ['similar_color_12', 'generator_1', 'order_match', 'similar_color_12', 'similar_color_2', 'color_match', 'number_match', 'similar_color_4', 'similar_color_8', 'color_match', 'similar_color_8', 'number_match', 'generator_2', 'similar_color_13', 'shape_match', 'generator_3', 'similar_color_11', 'generator_4', 'similar_color_7', 'color_match', 'generator_5', 'generator_6', 'similar_color_4', 'generator_7', 'shape_match', 'similar_color_2', 'similar_color_1', 'shape_match', 'shape_match', 'similar_color_7']
number opened: 0
TRIAL 2
Action chosen: (pink, pink)
Outcome: False
partcle ids: ['similar_color_12', 'generator_1', 'order_match', 'similar_color_12', 'similar_color_2', 'color_match', 'number_match', 'similar_color_4', 'similar_color_8', 'color_match', 'similar_color_8', 'number_match', 'generator_2', 'similar_color_13', 'shape_match', 'generator_3', 'similar_color_11', 'generator_4', 'similar_color_7', 'color_match', 'generator_5', 'generator_6', 'similar_color_4', 'generator_7', 'shape_match', 'similar_color_2', 'similar_color_1', 'shape_match', 'shape_match', 'similar_color_7']
number opened: 0
TRIAL 3
Action chosen: (pink, pink)
Outcome: False
partcle ids: ['similar_color_12', 'generator_1', 'order_match', 'similar_color_12', 'similar_color_2', 'color_match', 'number_match', 'similar_color_4', 'similar_color_8', 'color_match', 'similar_color_8', 'number_match', 'generator_2', 'similar_color_13', 'shape_match', 'generator_3', 'similar_color_11', 'generator_4', 'similar_color_7', 'color_match', 'generator_5', 'generator_6', 'similar_color_4', 'generator_7', 'shape_match', 'similar_color_2', 'similar_color_1', 'shape_match', 'shape_match', 'similar_color_7']
number opened: 0
TRIAL 4
Action chosen: (purple, purple)
Outcome: False
partcle ids: ['similar_color_12', 'generator_1', 'order_match', 'similar_color_12', 'similar_color_2', 'color_match', 'number_match', 'similar_color_4', 'similar_color_8', 'color_match', 'similar_color_8', 'number_match', 'generator_2', 'similar_color_13', 'shape_match', 'generator_3', 'similar_color_11', 'generator_4', 'similar_color_7', 'color_match', 'generator_5', 'generator_6', 'similar_color_4', 'generator_7', 'shape_match', 'similar_color_2', 'similar_color_1', 'shape_match', 'shape_match', 'similar_color_7']
number opened: 0
TRIAL 5
Action chosen: (purple, purple)
Outcome: False
partcle ids: ['similar_color_12', 'generator_1', 'order_match', 'similar_color_12', 'similar_color_2', 'color_match', 'number_match', 'similar_color_4', 'similar_color_8', 'color_match', 'similar_color_8', 'number_match', 'generator_2', 'similar_color_13', 'shape_match', 'generator_3', 'similar_color_11', 'generator_4', 'similar_color_7', 'color_match', 'generator_5', 'generator_6', 'similar_color_4', 'generator_7', 'shape_match', 'similar_color_2', 'similar_color_1', 'shape_match', 'shape_match', 'similar_color_7']
number opened: 0
TRIAL 6
Action chosen: (red, red)
Outcome: True
partcle ids: ['generator_8', 'order_match', 'generator_9', 'number_match', 'order_match', 'similar_color_10', 'generator_10', 'similar_color_6', 'similar_color_13', 'similar_color_3', 'generator_11', 'generator_12', 'generator_13', 'similar_color_6', 'similar_color_4', 'order_match', 'generator_14', 'similar_color_12', 'number_match', 'similar_color_5', 'similar_color_13', 'generator_15', 'similar_color_12', 'generator_16', 'similar_color_2', 'generator_17', 'similar_color_10', 'similar_color_7', 'similar_color_14', 'generator_18']
number opened: 1
TRIAL 7
Action chosen: (purple, purple)
Outcome: False
partcle ids: ['generator_8', 'order_match', 'generator_9', 'number_match', 'order_match', 'similar_color_10', 'generator_10', 'similar_color_6', 'similar_color_13', 'similar_color_3', 'generator_11', 'generator_12', 'generator_13', 'similar_color_6', 'similar_color_4', 'order_match', 'generator_14', 'similar_color_12', 'number_match', 'similar_color_5', 'similar_color_13', 'generator_15', 'similar_color_12', 'generator_16', 'similar_color_2', 'generator_17', 'similar_color_10', 'similar_color_7', 'similar_color_14', 'generator_18']
number opened: 1
TRIAL 8
Action chosen: (pink, pink)
Outcome: False
partcle ids: ['generator_8', 'order_match', 'generator_9', 'number_match', 'order_match', 'similar_color_10', 'generator_10', 'similar_color_6', 'similar_color_13', 'similar_color_3', 'generator_11', 'generator_12', 'generator_13', 'similar_color_6', 'similar_color_4', 'order_match', 'generator_14', 'similar_color_12', 'number_match', 'similar_color_5', 'similar_color_13', 'generator_15', 'similar_color_12', 'generator_16', 'similar_color_2', 'generator_17', 'similar_color_10', 'similar_color_7', 'similar_color_14', 'generator_18']
number opened: 1
TRIAL 9
Action chosen: (purple, purple)
Outcome: False
partcle ids: ['generator_8', 'order_match', 'generator_9', 'number_match', 'order_match', 'similar_color_10', 'generator_10', 'similar_color_6', 'similar_color_13', 'similar_color_3', 'generator_11', 'generator_12', 'generator_13', 'similar_color_6', 'similar_color_4', 'order_match', 'generator_14', 'similar_color_12', 'number_match', 'similar_color_5', 'similar_color_13', 'generator_15', 'similar_color_12', 'generator_16', 'similar_color_2', 'generator_17', 'similar_color_10', 'similar_color_7', 'similar_color_14', 'generator_18']
number opened: 1
TRIAL 10
Action chosen: (yellow5, blue)
Outcome: True
partcle ids: ['order_match', 'generator_19', 'generator_20', 'generator_21', 'order_match', 'generator_22', 'generator_23', 'generator_24', 'generator_25', 'generator_26', 'order_match', 'order_match', 'generator_27', 'generator_28', 'generator_9', 'generator_29', 'generator_30', 'generator_31', 'generator_32', 'order_match', 'generator_33', 'generator_34', 'number_match', 'generator_35', 'generator_36', 'generator_37', 'generator_38', 'generator_39', 'generator_40', 'generator_41']
number opened: 2
TRIAL 11
Action chosen: (orange4, purple)
Outcome: False
partcle ids: ['order_match', 'generator_19', 'generator_20', 'generator_21', 'order_match', 'generator_22', 'generator_23', 'generator_24', 'generator_25', 'generator_26', 'order_match', 'order_match', 'generator_27', 'generator_28', 'generator_9', 'generator_29', 'generator_30', 'generator_31', 'generator_32', 'order_match', 'generator_33', 'generator_34', 'number_match', 'generator_35', 'generator_36', 'generator_37', 'generator_38', 'generator_39', 'generator_40', 'generator_41']
number opened: 2
TRIAL 12
Action chosen: (green3, white)
Outcome: False
partcle ids: ['order_match', 'generator_19', 'generator_20', 'generator_21', 'order_match', 'generator_22', 'generator_23', 'generator_24', 'generator_25', 'generator_26', 'order_match', 'order_match', 'generator_27', 'generator_28', 'generator_9', 'generator_29', 'generator_30', 'generator_31', 'generator_32', 'order_match', 'generator_33', 'generator_34', 'number_match', 'generator_35', 'generator_36', 'generator_37', 'generator_38', 'generator_39', 'generator_40', 'generator_41']
number opened: 2
TRIAL 13
Action chosen: (diamond, purple)
Outcome: False
partcle ids: ['order_match', 'generator_19', 'generator_20', 'generator_21', 'order_match', 'generator_22', 'generator_23', 'generator_24', 'generator_25', 'generator_26', 'order_match', 'order_match', 'generator_27', 'generator_28', 'generator_9', 'generator_29', 'generator_30', 'generator_31', 'generator_32', 'order_match', 'generator_33', 'generator_34', 'number_match', 'generator_35', 'generator_36', 'generator_37', 'generator_38', 'generator_39', 'generator_40', 'generator_41']
number opened: 2
TRIAL 14
Action chosen: (pink, white)
Outcome: False
partcle ids: ['order_match', 'generator_19', 'generator_20', 'generator_21', 'order_match', 'generator_22', 'generator_23', 'generator_24', 'generator_25', 'generator_26', 'order_match', 'order_match', 'generator_27', 'generator_28', 'generator_9', 'generator_29', 'generator_30', 'generator_31', 'generator_32', 'order_match', 'generator_33', 'generator_34', 'number_match', 'generator_35', 'generator_36', 'generator_37', 'generator_38', 'generator_39', 'generator_40', 'generator_41']
number opened: 2
TRIAL 15
Action chosen: (blue, purple)
Outcome: False
partcle ids: ['order_match', 'generator_19', 'generator_20', 'generator_21', 'order_match', 'generator_22', 'generator_23', 'generator_24', 'generator_25', 'generator_26', 'order_match', 'order_match', 'generator_27', 'generator_28', 'generator_9', 'generator_29', 'generator_30', 'generator_31', 'generator_32', 'order_match', 'generator_33', 'generator_34', 'number_match', 'generator_35', 'generator_36', 'generator_37', 'generator_38', 'generator_39', 'generator_40', 'generator_41']
number opened: 2
TRIAL 16
Action chosen: (diamond, white)
Outcome: False
partcle ids: ['order_match', 'generator_19', 'generator_20', 'generator_21', 'order_match', 'generator_22', 'generator_23', 'generator_24', 'generator_25', 'generator_26', 'order_match', 'order_match', 'generator_27', 'generator_28', 'generator_9', 'generator_29', 'generator_30', 'generator_31', 'generator_32', 'order_match', 'generator_33', 'generator_34', 'number_match', 'generator_35', 'generator_36', 'generator_37', 'generator_38', 'generator_39', 'generator_40', 'generator_41']
number opened: 2
TRIAL 17
Action chosen: (blue, white)
Outcome: False
partcle ids: ['order_match', 'generator_19', 'generator_20', 'generator_21', 'order_match', 'generator_22', 'generator_23', 'generator_24', 'generator_25', 'generator_26', 'order_match', 'order_match', 'generator_27', 'generator_28', 'generator_9', 'generator_29', 'generator_30', 'generator_31', 'generator_32', 'order_match', 'generator_33', 'generator_34', 'number_match', 'generator_35', 'generator_36', 'generator_37', 'generator_38', 'generator_39', 'generator_40', 'generator_41']
number opened: 2
TRIAL 18
Action chosen: (grey2, pink)
Outcome: True
partcle ids: ['generator_42', 'generator_43', 'generator_23', 'generator_44', 'generator_45', 'generator_46', 'generator_47', 'generator_23', 'generator_23', 'generator_48', 'order_match', 'generator_49', 'generator_50', 'generator_51', 'order_match', 'generator_52', 'generator_53', 'generator_54', 'generator_55', 'generator_56', 'generator_51', 'generator_55', 'generator_57', 'generator_54', 'generator_58', 'generator_59', 'generator_60', 'generator_61', 'generator_57', 'number_match']
number opened: 3
TRIAL 19
Action chosen: (orange4, white)
Outcome: True
partcle ids: ['generator_51', 'generator_62', 'generator_54', 'generator_63', 'generator_51', 'generator_63', 'generator_54', 'generator_54', 'generator_61', 'generator_51', 'generator_53', 'generator_51', 'generator_53', 'generator_54', 'generator_63', 'generator_61', 'generator_52', 'generator_53', 'generator_54', 'generator_64', 'number_match', 'generator_61', 'generator_51', 'number_match', 'generator_54', 'generator_63', 'generator_62', 'generator_53', 'generator_62', 'generator_63']
number opened: 4
TRIAL 20
Action chosen: (pink, purple)
Outcome: False
partcle ids: ['generator_51', 'generator_62', 'generator_54', 'generator_63', 'generator_51', 'generator_63', 'generator_54', 'generator_54', 'generator_61', 'generator_51', 'generator_53', 'generator_51', 'generator_53', 'generator_54', 'generator_63', 'generator_61', 'generator_52', 'generator_53', 'generator_54', 'generator_64', 'number_match', 'generator_61', 'generator_51', 'number_match', 'generator_54', 'generator_63', 'generator_62', 'generator_53', 'generator_62', 'generator_63']
number opened: 4
TRIAL 21
Action chosen: (white, purple)
Outcome: False
partcle ids: ['generator_51', 'generator_62', 'generator_54', 'generator_63', 'generator_51', 'generator_63', 'generator_54', 'generator_54', 'generator_61', 'generator_51', 'generator_53', 'generator_51', 'generator_53', 'generator_54', 'generator_63', 'generator_61', 'generator_52', 'generator_53', 'generator_54', 'generator_64', 'number_match', 'generator_61', 'generator_51', 'number_match', 'generator_54', 'generator_63', 'generator_62', 'generator_53', 'generator_62', 'generator_63']
number opened: 4
TRIAL 22
Action chosen: (blue, purple)
Outcome: False
partcle ids: ['generator_51', 'generator_62', 'generator_54', 'generator_63', 'generator_51', 'generator_63', 'generator_54', 'generator_54', 'generator_61', 'generator_51', 'generator_53', 'generator_51', 'generator_53', 'generator_54', 'generator_63', 'generator_61', 'generator_52', 'generator_53', 'generator_54', 'generator_64', 'number_match', 'generator_61', 'generator_51', 'number_match', 'generator_54', 'generator_63', 'generator_62', 'generator_53', 'generator_62', 'generator_63']
number opened: 4
TRIAL 23
Action chosen: (triangle, purple)
Outcome: False
partcle ids: ['generator_51', 'generator_62', 'generator_54', 'generator_63', 'generator_51', 'generator_63', 'generator_54', 'generator_54', 'generator_61', 'generator_51', 'generator_53', 'generator_51', 'generator_53', 'generator_54', 'generator_63', 'generator_61', 'generator_52', 'generator_53', 'generator_54', 'generator_64', 'number_match', 'generator_61', 'generator_51', 'number_match', 'generator_54', 'generator_63', 'generator_62', 'generator_53', 'generator_62', 'generator_63']
number opened: 4
TRIAL 24
Action chosen: (cloud, purple)
Outcome: False
partcle ids: ['generator_51', 'generator_62', 'generator_54', 'generator_63', 'generator_51', 'generator_63', 'generator_54', 'generator_54', 'generator_61', 'generator_51', 'generator_53', 'generator_51', 'generator_53', 'generator_54', 'generator_63', 'generator_61', 'generator_52', 'generator_53', 'generator_54', 'generator_64', 'number_match', 'generator_61', 'generator_51', 'number_match', 'generator_54', 'generator_63', 'generator_62', 'generator_53', 'generator_62', 'generator_63']
number opened: 4
TRIAL 25
Action chosen: (heart, purple)
Outcome: False
partcle ids: ['generator_51', 'generator_62', 'generator_54', 'generator_63', 'generator_51', 'generator_63', 'generator_54', 'generator_54', 'generator_61', 'generator_51', 'generator_53', 'generator_51', 'generator_53', 'generator_54', 'generator_63', 'generator_61', 'generator_52', 'generator_53', 'generator_54', 'generator_64', 'number_match', 'generator_61', 'generator_51', 'number_match', 'generator_54', 'generator_63', 'generator_62', 'generator_53', 'generator_62', 'generator_63']
number opened: 4
TRIAL 26
Action chosen: (pink, purple)
Outcome: False
partcle ids: ['generator_51', 'generator_62', 'generator_54', 'generator_63', 'generator_51', 'generator_63', 'generator_54', 'generator_54', 'generator_61', 'generator_51', 'generator_53', 'generator_51', 'generator_53', 'generator_54', 'generator_63', 'generator_61', 'generator_52', 'generator_53', 'generator_54', 'generator_64', 'number_match', 'generator_61', 'generator_51', 'number_match', 'generator_54', 'generator_63', 'generator_62', 'generator_53', 'generator_62', 'generator_63']
number opened: 4
TRIAL 27
Action chosen: (green3, purple)
Outcome: True
partcle ids: ['number_match', 'number_match', 'number_match', 'number_match', 'number_match', 'number_match', 'number_match', 'number_match', 'number_match', 'number_match', 'number_match', 'number_match', 'number_match', 'number_match', 'number_match', 'number_match', 'number_match', 'number_match', 'number_match', 'number_match', 'number_match', 'number_match', 'number_match', 'number_match', 'number_match', 'number_match', 'number_match', 'number_match', 'number_match', 'number_match']
number opened: 5
{"attempts": 27, "unique_key_box_pairs": 20, "revisit_attempts": 7, "revisit_rate": 0.2692307692307692, "attempts_before_abandoning_color_matching": 9, "color_matching_abandoned": true}
