{"Child_ID": "D057", "SoC_variant": "SoC-Full", "theta": [1, 2], "p_gen": 0.3, "true_prior": 0.02, "run_number": 54, "seed": 495631342685617403}
TRIAL 1
Action chosen: (blue, blue)
Outcome: False
partcle ids: ['similar_color_7', 'similar_color_2', 'number_match', 'generator_1', 'color_match', 'generator_2', 'similar_color_14', 'shape_match', 'similar_color_2', 'generator_3', 'order_match', 'shape_match', 'similar_color_1', 'color_match', 'order_match', 'similar_color_12', 'similar_color_12', 'generator_4', 'generator_5', 'similar_color_7', 'similar_color_10', 'generator_6', 'similar_color_7', 'similar_color_6', 'similar_color_2', 'similar_color_1', 'generator_7', 'similar_color_8', 'similar_color_13', 'generator_8']
number opened: 0
TRIAL 2
Action chosen: (pink, pink)
Outcome: False
partcle ids: ['similar_color_7', 'similar_color_2', 'number_match', 'generator_1', 'color_match', 'generator_2', 'similar_color_14', 'shape_match', 'similar_color_2', 'generator_3', 'order_match', 'shape_match', 'similar_color_1', 'color_match', 'order_match', 'similar_color_12', 'similar_color_12', 'generator_4', 'generator_5', 'similar_color_7', 'similar_color_10', 'generator_6', 'similar_color_7', 'similar_color_6', 'similar_color_2', 'similar_color_1', 'generator_7', 'similar_color_8', 'similar_color_13', 'generator_8']
number opened: 0
TRIAL 3
Action chosen: (pink, pink)
Outcome: False
partcle ids: ['similar_color_7', 'similar_color_2', 'number_match', 'generator_1', 'color_match', 'generator_2', 'similar_color_14', 'shape_match', 'similar_color_2', 'generator_3', 'order_match', 'shape_match', 'similar_color_1', 'color_match', 'order_match', 'similar_color_12', 'similar_color_12', 'generator_4', 'generator_5', 'similar_color_7', 'similar_color_10', 'generator_6', 'similar_color_7', 'similar_color_6', 'similar_color_2', 'similar_color_1', 'generator_7', 'similar_color_8', 'similar_color_13', 'generator_8']
number opened: 0
TRIAL 4
Action chosen: (pink, pink)
Outcome: False
partcle ids: ['similar_color_7', 'similar_color_2', 'number_match', 'generator_1', 'color_match', 'generator_2', 'similar_color_14', 'shape_match', 'similar_color_2', 'generator_3', 'order_match', 'shape_match', 'similar_color_1', 'color_match', 'order_match', 'similar_color_12', 'similar_color_12', 'generator_4', 'generator_5', 'similar_color_7', 'similar_color_10', 'generator_6', 'similar_color_7', 'similar_color_6', 'similar_color_2', 'similar_color_1', 'generator_7', 'similar_color_8', 'similar_color_13', 'generator_8']
number opened: 0
TRIAL 5
Action chosen: (purple, purple)
Outcome: False
partcle ids: ['similar_color_7', 'similar_color_2', 'number_match', 'generator_1', 'color_match', 'generator_2', 'similar_color_14', 'shape_match', 'similar_color_2', 'generator_3', 'order_match', 'shape_match', 'similar_color_1', 'color_match', 'order_match', 'similar_color_12', 'similar_color_12', 'generator_4', 'generator_5', 'similar_color_7', 'similar_color_10', 'generator_6', 'similar_color_7', 'similar_color_6', 'similar_color_2', 'similar_color_1', 'generator_7', 'similar_color_8', 'similar_color_13', 'generator_8']
number opened: 0
TRIAL 6
Action chosen: (purple, purple)
Outcome: False
partcle ids: ['similar_color_7', 'similar_color_2', 'number_match', 'generator_1', 'color_match', 'generator_2', 'similar_color_14', 'shape_match', 'similar_color_2', 'generator_3', 'order_match', 'shape_match', 'similar_color_1', 'color_match', 'order_match', 'similar_color_12', 'similar_color_12', 'generator_4', 'generator_5', 'similar_color_7', 'similar_color_10', 'generator_6', 'similar_color_7', 'similar_color_6', 'similar_color_2', 'similar_color_1', 'generator_7', 'similar_color_8', 'similar_color_13', 'generator_8']
number opened: 0
TRIAL 7
Action chosen: (purple, purple)
Outcome: False
partcle ids: ['similar_color_7', 'similar_color_2', 'number_match', 'generator_1', 'color_match', 'generator_2', 'similar_color_14', 'shape_match', 'similar_color_2', 'generator_3', 'order_match', 'shape_match', 'similar_color_1', 'color_match', 'order_match', 'similar_color_12', 'similar_color_12', 'generator_4', 'generator_5', 'similar_color_7', 'similar_color_10', 'generator_6', 'similar_color_7', 'similar_color_6', 'similar_color_2', 'similar_color_1', 'generator_7', 'similar_color_8', 'similar_color_13', 'generator_8']
number opened: 0
TRIAL 8
Action chosen: (red, red)
Outcome: True
partcle ids: ['similar_color_5', 'generator_9', 'order_match', 'order_match', 'similar_color_3', 'number_match', 'generator_10', 'similar_color_8', 'generator_11', 'generator_12', 'number_match', 'number_match', 'order_match', 'generator_6', 'similar_color_3', 'generator_13', 'generator_14', 'similar_color_7', 'similar_color_12', 'order_match', 'generator_15', 'order_match', 'generator_16', 'generator_17', 'generator_18', 'number_match', 'similar_color_2', 'order_match', 'order_match', 'order_match']
number opened: 1
TRIAL 9
Action chosen: (yellow5, blue)
Outcome: True
partcle ids: ['generator_19', 'generator_20', 'generator_21', 'order_match', 'generator_22', 'generator_23', 'generator_24', 'generator_25', 'generator_26', 'order_match', 'generator_27', 'generator_28', 'generator_29', 'generator_30', 'generator_31', 'generator_32', 'generator_33', 'generator_34', 'generator_35', 'generator_36', 'number_match', 'generator_37', 'number_match', 'generator_38', 'generator_39', 'generator_40', 'generator_41', 'generator_42', 'generator_43', 'generator_44']
number opened: 2
TRIAL 10
Action chosen: (grey2, pink)
Outcome: True
partcle ids: ['generator_45', 'generator_46', 'generator_47', 'generator_48', 'generator_49', 'generator_50', 'generator_51', 'generator_52', 'generator_53', 'generator_54', 'generator_55', 'generator_56', 'generator_36', 'generator_58', 'order_match', 'generator_59', 'generator_60', 'generator_61', 'generator_62', 'generator_63', 'generator_59', 'generator_64', 'generator_53', 'generator_65', 'generator_36', 'generator_66', 'generator_67', 'generator_68', 'generator_69', 'generator_46']
number opened: 3
TRIAL 11
Action chosen: (green3, white)
Outcome: False
partcle ids: ['generator_45', 'generator_46', 'generator_47', 'generator_48', 'generator_49', 'generator_50', 'generator_51', 'generator_52', 'generator_53', 'generator_54', 'generator_55', 'generator_56', 'generator_36', 'generator_58', 'order_match', 'generator_59', 'generator_60', 'generator_61', 'generator_62', 'generator_63', 'generator_59', 'generator_64', 'generator_53', 'generator_65', 'generator_36', 'generator_66', 'generator_67', 'generator_68', 'generator_69', 'generator_46']
number opened: 3
TRIAL 12
Action chosen: (pink, purple)
Outcome: False
partcle ids: ['generator_45', 'generator_46', 'generator_47', 'generator_48', 'generator_49', 'generator_50', 'generator_51', 'generator_52', 'generator_53', 'generator_54', 'generator_55', 'generator_56', 'generator_36', 'generator_58', 'order_match', 'generator_59', 'generator_60', 'generator_61', 'generator_62', 'generator_63', 'generator_59', 'generator_64', 'generator_53', 'generator_65', 'generator_36', 'generator_66', 'generator_67', 'generator_68', 'generator_69', 'generator_46']
number opened: 3
TRIAL 13
Action chosen: (white, purple)
Outcome: False
partcle ids: ['generator_45', 'generator_46', 'generator_47', 'generator_48', 'generator_49', 'generator_50', 'generator_51', 'generator_52', 'generator_53', 'generator_54', 'generator_55', 'generator_56', 'generator_36', 'generator_58', 'order_match', 'generator_59', 'generator_60', 'generator_61', 'generator_62', 'generator_63', 'generator_59', 'generator_64', 'generator_53', 'generator_65', 'generator_36', 'generator_66', 'generator_67', 'generator_68', 'generator_69', 'generator_46']
number opened: 3
TRIAL 14
Action chosen: (triangle, purple)
Outcome: False
partcle ids: ['generator_45', 'generator_46', 'generator_47', 'generator_48', 'generator_49', 'generator_50', 'generator_51', 'generator_52', 'generator_53', 'generator_54', 'generator_55', 'generator_56', 'generator_36', 'generator_58', 'order_match', 'generator_59', 'generator_60', 'generator_61', 'generator_62', 'generator_63', 'generator_59', 'generator_64', 'generator_53', 'generator_65', 'generator_36', 'generator_66', 'generator_67', 'generator_68', 'generator_69', 'generator_46']
number opened: 3
TRIAL 15
Action chosen: (cloud, purple)
Outcome: False
partcle ids: ['generator_45', 'generator_46', 'generator_47', 'generator_48', 'generator_49', 'generator_50', 'generator_51', 'generator_52', 'generator_53', 'generator_54', 'generator_55', 'generator_56', 'generator_36', 'generator_58', 'order_match', 'generator_59', 'generator_60', 'generator_61', 'generator_62', 'generator_63', 'generator_59', 'generator_64', 'generator_53', 'generator_65', 'generator_36', 'generator_66', 'generator_67', 'generator_68', 'generator_69', 'generator_46']
number opened: 3
TRIAL 16
Action chosen: (pink, purple)
Outcome: False
partcle ids: ['generator_45', 'generator_46', 'generator_47', 'generator_48', 'generator_49', 'generator_50', 'generator_51', 'generator_52', 'generator_53', 'generator_54', 'generator_55', 'generator_56', 'generator_36', 'generator_58', 'order_match', 'generator_59', 'generator_60', 'generator_61', 'generator_62', 'generator_63', 'generator_59', 'generator_64', 'generator_53', 'generator_65', 'generator_36', 'generator_66', 'generator_67', 'generator_68', 'generator_69', 'generator_46']
number opened: 3
TRIAL 17
Action chosen: (green3, white)
Outcome: False
partcle ids: ['generator_45', 'generator_46', 'generator_47', 'generator_48', 'generator_49', 'generator_50', 'generator_51', 'generator_52', 'generator_53', 'generator_54', 'generator_55', 'generator_56', 'generator_36', 'generator_58', 'order_match', 'generator_59', 'generator_60', 'generator_61', 'generator_62', 'generator_63', 'generator_59', 'generator_64', 'generator_53', 'generator_65', 'generator_36', 'generator_66', 'generator_67', 'generator_68', 'generator_69', 'generator_46']
number opened: 3
TRIAL 18
Action chosen: (green3, purple)
Outcome: True
partcle ids: ['generator_48', 'generator_70', 'generator_48', 'generator_71', 'generator_48', 'generator_55', 'generator_72', 'generator_72', 'generator_55', 'number_match', 'generator_73', 'generator_71', 'number_match', 'number_match', 'generator_74', 'generator_55', 'generator_75', 'generator_72', 'generator_55', 'generator_73', 'generator_55', 'generator_70', 'generator_48', 'generator_70', 'generator_48', 'generator_48', 'generator_70', 'generator_55', 'generator_74', 'generator_48']
number opened: 4
TRIAL 19
Action chosen: (blue, white)
Outcome: False
partcle ids: ['generator_48', 'generator_70', 'generator_48', 'generator_71', 'generator_48', 'generator_55', 'generator_72', 'generator_72', 'generator_55', 'number_match', 'generator_73', 'generator_71', 'number_match', 'number_match', 'generator_74', 'generator_55', 'generator_75', 'generator_72', 'generator_55', 'generator_73', 'generator_55', 'generator_70', 'generator_48', 'generator_70', 'generator_48', 'generator_48', 'generator_70', 'generator_55', 'generator_74', 'generator_48']
number opened: 4
TRIAL 20
Action chosen: (heart, white)
Outcome: False
partcle ids: ['generator_48', 'generator_70', 'generator_48', 'generator_71', 'generator_48', 'generator_55', 'generator_72', 'generator_72', 'generator_55', 'number_match', 'generator_73', 'generator_71', 'number_match', 'number_match', 'generator_74', 'generator_55', 'generator_75', 'generator_72', 'generator_55', 'generator_73', 'generator_55', 'generator_70', 'generator_48', 'generator_70', 'generator_48', 'generator_48', 'generator_70', 'generator_55', 'generator_74', 'generator_48']
number opened: 4
TRIAL 21
Action chosen: (purple, white)
Outcome: False
partcle ids: ['generator_48', 'generator_70', 'generator_48', 'generator_71', 'generator_48', 'generator_55', 'generator_72', 'generator_72', 'generator_55', 'number_match', 'generator_73', 'generator_71', 'number_match', 'number_match', 'generator_74', 'generator_55', 'generator_75', 'generator_72', 'generator_55', 'generator_73', 'generator_55', 'generator_70', 'generator_48', 'generator_70', 'generator_48', 'generator_48', 'generator_70', 'generator_55', 'generator_74', 'generator_48']
number opened: 4
TRIAL 22
Action chosen: (orange4, white)
Outcome: True
partcle ids: ['number_match', 'number_match', 'number_match', 'number_match', 'number_match', 'number_match', 'number_match', 'number_match', 'number_match', 'number_match', 'number_match', 'number_match', 'number_match', 'number_match', 'number_match', 'number_match', 'number_match', 'number_match', 'number_match', 'number_match', 'number_match', 'number_match', 'number_match', 'number_match', 'number_match', 'number_match', 'number_match', 'number_match', 'number_match', 'number_match']
number opened: 5
{"attempts": 22, "unique_key_box_pairs": 16, "revisit_attempts": 6, "revisit_rate": 0.2857142857142857, "attempts_before_abandoning_color_matching": 8, "color_matching_abandoned": true}
