{"Child_ID": "D057", "SoC_variant": "SoC-Full", "theta": [1, 2], "p_gen": 0.3, "true_prior": 0.02, "run_number": 51, "seed": 2496459022527096888}
TRIAL 1
Action chosen: (cloud, white)
Outcome: False
partcle ids: ['similar_color_14', 'similar_color_3', 'generator_1', 'similar_color_9', 'generator_2', 'similar_color_11', 'similar_color_10', 'generator_3', 'similar_color_5', 'generator_4', 'similar_color_3', 'number_match', 'similar_color_12', 'similar_color_14', 'generator_5', 'similar_color_14', 'similar_color_4', 'similar_color_4', 'similar_color_7', 'similar_color_6', 'similar_color_5', 'similar_color_5', 'similar_color_9', 'generator_6', 'generator_7', 'generator_8', 'similar_color_14', 'generator_9', 'similar_color_10', 'similar_color_1']
number opened: 0
TRIAL 2
Action chosen: (heart, blue)
Outcome: False
partcle ids: ['similar_color_14', 'similar_color_3', 'generator_1', 'similar_color_9', 'generator_2', 'similar_color_11', 'similar_color_10', 'generator_3', 'similar_color_5', 'generator_4', 'similar_color_3', 'number_match', 'similar_color_12', 'similar_color_14', 'generator_5', 'similar_color_14', 'similar_color_4', 'similar_color_4', 'similar_color_7', 'similar_color_6', 'similar_color_5', 'similar_color_5', 'similar_color_9', 'generator_6', 'generator_7', 'generator_8', 'similar_color_14', 'generator_9', 'similar_color_10', 'similar_color_1']
number opened: 0
TRIAL 3
Action chosen: (green3, blue)
Outcome: False
partcle ids: ['similar_color_14', 'similar_color_3', 'generator_1', 'similar_color_9', 'generator_2', 'similar_color_11', 'similar_color_10', 'generator_3', 'similar_color_5', 'generator_4', 'similar_color_3', 'number_match', 'similar_color_12', 'similar_color_14', 'generator_5', 'similar_color_14', 'similar_color_4', 'similar_color_4', 'similar_color_7', 'similar_color_6', 'similar_color_5', 'similar_color_5', 'similar_color_9', 'generator_6', 'generator_7', 'generator_8', 'similar_color_14', 'generator_9', 'similar_color_10', 'similar_color_1']
number opened: 0
TRIAL 4
Action chosen: (triangle, white)
Outcome: False
partcle ids: ['similar_color_14', 'similar_color_3', 'generator_1', 'similar_color_9', 'generator_2', 'similar_color_11', 'similar_color_10', 'generator_3', 'similar_color_5', 'generator_4', 'similar_color_3', 'number_match', 'similar_color_12', 'similar_color_14', 'generator_5', 'similar_color_14', 'similar_color_4', 'similar_color_4', 'similar_color_7', 'similar_color_6', 'similar_color_5', 'similar_color_5', 'similar_color_9', 'generator_6', 'generator_7', 'generator_8', 'similar_color_14', 'generator_9', 'similar_color_10', 'similar_color_1']
number opened: 0
TRIAL 5
Action chosen: (cloud, white)
Outcome: False
partcle ids: ['similar_color_14', 'similar_color_3', 'generator_1', 'similar_color_9', 'generator_2', 'similar_color_11', 'similar_color_10', 'generator_3', 'similar_color_5', 'generator_4', 'similar_color_3', 'number_match', 'similar_color_12', 'similar_color_14', 'generator_5', 'similar_color_14', 'similar_color_4', 'similar_color_4', 'similar_color_7', 'similar_color_6', 'similar_color_5', 'similar_color_5', 'similar_color_9', 'generator_6', 'generator_7', 'generator_8', 'similar_color_14', 'generator_9', 'similar_color_10', 'similar_color_1']
number opened: 0
TRIAL 6
Action chosen: (triangle, white)
Outcome: False
partcle ids: ['similar_color_14', 'similar_color_3', 'generator_1', 'similar_color_9', 'generator_2', 'similar_color_11', 'similar_color_10', 'generator_3', 'similar_color_5', 'generator_4', 'similar_color_3', 'number_match', 'similar_color_12', 'similar_color_14', 'generator_5', 'similar_color_14', 'similar_color_4', 'similar_color_4', 'similar_color_7', 'similar_color_6', 'similar_color_5', 'similar_color_5', 'similar_color_9', 'generator_6', 'generator_7', 'generator_8', 'similar_color_14', 'generator_9', 'similar_color_10', 'similar_color_1']
number opened: 0
TRIAL 7
Action chosen: (green3, blue)
Outcome: False
partcle ids: ['similar_color_14', 'similar_color_3', 'generator_1', 'similar_color_9', 'generator_2', 'similar_color_11', 'similar_color_10', 'generator_3', 'similar_color_5', 'generator_4', 'similar_color_3', 'number_match', 'similar_color_12', 'similar_color_14', 'generator_5', 'similar_color_14', 'similar_color_4', 'similar_color_4', 'similar_color_7', 'similar_color_6', 'similar_color_5', 'similar_color_5', 'similar_color_9', 'generator_6', 'generator_7', 'generator_8', 'similar_color_14', 'generator_9', 'similar_color_10', 'similar_color_1']
number opened: 0
TRIAL 8
Action chosen: (heart, blue)
Outcome: False
partcle ids: ['similar_color_14', 'similar_color_3', 'generator_1', 'similar_color_9', 'generator_2', 'similar_color_11', 'similar_color_10', 'generator_3', 'similar_color_5', 'generator_4', 'similar_color_3', 'number_match', 'similar_color_12', 'similar_color_14', 'generator_5', 'similar_color_14', 'similar_color_4', 'similar_color_4', 'similar_color_7', 'similar_color_6', 'similar_color_5', 'similar_color_5', 'similar_color_9', 'generator_6', 'generator_7', 'generator_8', 'similar_color_14', 'generator_9', 'similar_color_10', 'similar_color_1']
number opened: 0
TRIAL 9
Action chosen: (purple, purple)
Outcome: False
partcle ids: ['similar_color_14', 'similar_color_3', 'generator_1', 'similar_color_9', 'generator_2', 'similar_color_11', 'similar_color_10', 'generator_3', 'similar_color_5', 'generator_4', 'similar_color_3', 'number_match', 'similar_color_12', 'similar_color_14', 'generator_5', 'similar_color_14', 'similar_color_4', 'similar_color_4', 'similar_color_7', 'similar_color_6', 'similar_color_5', 'similar_color_5', 'similar_color_9', 'generator_6', 'generator_7', 'generator_8', 'similar_color_14', 'generator_9', 'similar_color_10', 'similar_color_1']
number opened: 0
TRIAL 10
Action chosen: (purple, purple)
Outcome: False
partcle ids: ['similar_color_14', 'similar_color_3', 'generator_1', 'similar_color_9', 'generator_2', 'similar_color_11', 'similar_color_10', 'generator_3', 'similar_color_5', 'generator_4', 'similar_color_3', 'number_match', 'similar_color_12', 'similar_color_14', 'generator_5', 'similar_color_14', 'similar_color_4', 'similar_color_4', 'similar_color_7', 'similar_color_6', 'similar_color_5', 'similar_color_5', 'similar_color_9', 'generator_6', 'generator_7', 'generator_8', 'similar_color_14', 'generator_9', 'similar_color_10', 'similar_color_1']
number opened: 0
TRIAL 11
Action chosen: (purple, purple)
Outcome: False
partcle ids: ['similar_color_14', 'similar_color_3', 'generator_1', 'similar_color_9', 'generator_2', 'similar_color_11', 'similar_color_10', 'generator_3', 'similar_color_5', 'generator_4', 'similar_color_3', 'number_match', 'similar_color_12', 'similar_color_14', 'generator_5', 'similar_color_14', 'similar_color_4', 'similar_color_4', 'similar_color_7', 'similar_color_6', 'similar_color_5', 'similar_color_5', 'similar_color_9', 'generator_6', 'generator_7', 'generator_8', 'similar_color_14', 'generator_9', 'similar_color_10', 'similar_color_1']
number opened: 0
TRIAL 12
Action chosen: (purple, purple)
Outcome: False
partcle ids: ['similar_color_14', 'similar_color_3', 'generator_1', 'similar_color_9', 'generator_2', 'similar_color_11', 'similar_color_10', 'generator_3', 'similar_color_5', 'generator_4', 'similar_color_3', 'number_match', 'similar_color_12', 'similar_color_14', 'generator_5', 'similar_color_14', 'similar_color_4', 'similar_color_4', 'similar_color_7', 'similar_color_6', 'similar_color_5', 'similar_color_5', 'similar_color_9', 'generator_6', 'generator_7', 'generator_8', 'similar_color_14', 'generator_9', 'similar_color_10', 'similar_color_1']
number opened: 0
TRIAL 13
Action chosen: (purple, purple)
Outcome: False
partcle ids: ['similar_color_14', 'similar_color_3', 'generator_1', 'similar_color_9', 'generator_2', 'similar_color_11', 'similar_color_10', 'generator_3', 'similar_color_5', 'generator_4', 'similar_color_3', 'number_match', 'similar_color_12', 'similar_color_14', 'generator_5', 'similar_color_14', 'similar_color_4', 'similar_color_4', 'similar_color_7', 'similar_color_6', 'similar_color_5', 'similar_color_5', 'similar_color_9', 'generator_6', 'generator_7', 'generator_8', 'similar_color_14', 'generator_9', 'similar_color_10', 'similar_color_1']
number opened: 0
TRIAL 14
Action chosen: (purple, purple)
Outcome: False
partcle ids: ['similar_color_14', 'similar_color_3', 'generator_1', 'similar_color_9', 'generator_2', 'similar_color_11', 'similar_color_10', 'generator_3', 'similar_color_5', 'generator_4', 'similar_color_3', 'number_match', 'similar_color_12', 'similar_color_14', 'generator_5', 'similar_color_14', 'similar_color_4', 'similar_color_4', 'similar_color_7', 'similar_color_6', 'similar_color_5', 'similar_color_5', 'similar_color_9', 'generator_6', 'generator_7', 'generator_8', 'similar_color_14', 'generator_9', 'similar_color_10', 'similar_color_1']
number opened: 0
TRIAL 15
Action chosen: (pink, pink)
Outcome: False
partcle ids: ['generator_10', 'generator_5', 'shape_match', 'generator_11', 'generator_1', 'similar_color_1', 'generator_5', 'generator_5', 'generator_4', 'generator_4', 'generator_6', 'generator_5', 'generator_9', 'similar_color_1', 'similar_color_7', 'generator_2', 'generator_6', 'generator_12', 'similar_color_2', 'generator_5', 'generator_6', 'generator_13', 'generator_14', 'generator_3', 'generator_8', 'generator_6', 'generator_15', 'generator_8', 'generator_16', 'generator_4']
number opened: 0
TRIAL 16
Action chosen: (pink, pink)
Outcome: False
partcle ids: ['generator_10', 'generator_5', 'shape_match', 'generator_11', 'generator_1', 'similar_color_1', 'generator_5', 'generator_5', 'generator_4', 'generator_4', 'generator_6', 'generator_5', 'generator_9', 'similar_color_1', 'similar_color_7', 'generator_2', 'generator_6', 'generator_12', 'similar_color_2', 'generator_5', 'generator_6', 'generator_13', 'generator_14', 'generator_3', 'generator_8', 'generator_6', 'generator_15', 'generator_8', 'generator_16', 'generator_4']
number opened: 0
TRIAL 17
Action chosen: (pink, pink)
Outcome: False
partcle ids: ['generator_10', 'generator_5', 'shape_match', 'generator_11', 'generator_1', 'similar_color_1', 'generator_5', 'generator_5', 'generator_4', 'generator_4', 'generator_6', 'generator_5', 'generator_9', 'similar_color_1', 'similar_color_7', 'generator_2', 'generator_6', 'generator_12', 'similar_color_2', 'generator_5', 'generator_6', 'generator_13', 'generator_14', 'generator_3', 'generator_8', 'generator_6', 'generator_15', 'generator_8', 'generator_16', 'generator_4']
number opened: 0
TRIAL 18
Action chosen: (pink, pink)
Outcome: False
partcle ids: ['generator_10', 'generator_5', 'shape_match', 'generator_11', 'generator_1', 'similar_color_1', 'generator_5', 'generator_5', 'generator_4', 'generator_4', 'generator_6', 'generator_5', 'generator_9', 'similar_color_1', 'similar_color_7', 'generator_2', 'generator_6', 'generator_12', 'similar_color_2', 'generator_5', 'generator_6', 'generator_13', 'generator_14', 'generator_3', 'generator_8', 'generator_6', 'generator_15', 'generator_8', 'generator_16', 'generator_4']
number opened: 0
TRIAL 19
Action chosen: (white, red)
Outcome: False
partcle ids: ['generator_10', 'generator_5', 'shape_match', 'generator_11', 'generator_1', 'similar_color_1', 'generator_5', 'generator_5', 'generator_4', 'generator_4', 'generator_6', 'generator_5', 'generator_9', 'similar_color_1', 'similar_color_7', 'generator_2', 'generator_6', 'generator_12', 'similar_color_2', 'generator_5', 'generator_6', 'generator_13', 'generator_14', 'generator_3', 'generator_8', 'generator_6', 'generator_15', 'generator_8', 'generator_16', 'generator_4']
number opened: 0
TRIAL 20
Action chosen: (pink, pink)
Outcome: False
partcle ids: ['generator_10', 'generator_5', 'shape_match', 'generator_11', 'generator_1', 'similar_color_1', 'generator_5', 'generator_5', 'generator_4', 'generator_4', 'generator_6', 'generator_5', 'generator_9', 'similar_color_1', 'similar_color_7', 'generator_2', 'generator_6', 'generator_12', 'similar_color_2', 'generator_5', 'generator_6', 'generator_13', 'generator_14', 'generator_3', 'generator_8', 'generator_6', 'generator_15', 'generator_8', 'generator_16', 'generator_4']
number opened: 0
TRIAL 21
Action chosen: (cloud, red)
Outcome: False
partcle ids: ['generator_10', 'generator_5', 'shape_match', 'generator_11', 'generator_1', 'similar_color_1', 'generator_5', 'generator_5', 'generator_4', 'generator_4', 'generator_6', 'generator_5', 'generator_9', 'similar_color_1', 'similar_color_7', 'generator_2', 'generator_6', 'generator_12', 'similar_color_2', 'generator_5', 'generator_6', 'generator_13', 'generator_14', 'generator_3', 'generator_8', 'generator_6', 'generator_15', 'generator_8', 'generator_16', 'generator_4']
number opened: 0
TRIAL 22
Action chosen: (white, red)
Outcome: False
partcle ids: ['generator_10', 'generator_5', 'shape_match', 'generator_11', 'generator_1', 'similar_color_1', 'generator_5', 'generator_5', 'generator_4', 'generator_4', 'generator_6', 'generator_5', 'generator_9', 'similar_color_1', 'similar_color_7', 'generator_2', 'generator_6', 'generator_12', 'similar_color_2', 'generator_5', 'generator_6', 'generator_13', 'generator_14', 'generator_3', 'generator_8', 'generator_6', 'generator_15', 'generator_8', 'generator_16', 'generator_4']
number opened: 0
TRIAL 23
Action chosen: (pink, pink)
Outcome: False
partcle ids: ['generator_10', 'generator_5', 'shape_match', 'generator_11', 'generator_1', 'similar_color_1', 'generator_5', 'generator_5', 'generator_4', 'generator_4', 'generator_6', 'generator_5', 'generator_9', 'similar_color_1', 'similar_color_7', 'generator_2', 'generator_6', 'generator_12', 'similar_color_2', 'generator_5', 'generator_6', 'generator_13', 'generator_14', 'generator_3', 'generator_8', 'generator_6', 'generator_15', 'generator_8', 'generator_16', 'generator_4']
number opened: 0
TRIAL 24
Action chosen: (cloud, red)
Outcome: False
partcle ids: ['generator_10', 'generator_5', 'shape_match', 'generator_11', 'generator_1', 'similar_color_1', 'generator_5', 'generator_5', 'generator_4', 'generator_4', 'generator_6', 'generator_5', 'generator_9', 'similar_color_1', 'similar_color_7', 'generator_2', 'generator_6', 'generator_12', 'similar_color_2', 'generator_5', 'generator_6', 'generator_13', 'generator_14', 'generator_3', 'generator_8', 'generator_6', 'generator_15', 'generator_8', 'generator_16', 'generator_4']
number opened: 0
TRIAL 25
Action chosen: (white, red)
Outcome: False
partcle ids: ['generator_10', 'generator_5', 'shape_match', 'generator_11', 'generator_1', 'similar_color_1', 'generator_5', 'generator_5', 'generator_4', 'generator_4', 'generator_6', 'generator_5', 'generator_9', 'similar_color_1', 'similar_color_7', 'generator_2', 'generator_6', 'generator_12', 'similar_color_2', 'generator_5', 'generator_6', 'generator_13', 'generator_14', 'generator_3', 'generator_8', 'generator_6', 'generator_15', 'generator_8', 'generator_16', 'generator_4']
number opened: 0
TRIAL 26
Action chosen: (pink, pink)
Outcome: False
partcle ids: ['generator_10', 'generator_5', 'shape_match', 'generator_11', 'generator_1', 'similar_color_1', 'generator_5', 'generator_5', 'generator_4', 'generator_4', 'generator_6', 'generator_5', 'generator_9', 'similar_color_1', 'similar_color_7', 'generator_2', 'generator_6', 'generator_12', 'similar_color_2', 'generator_5', 'generator_6', 'generator_13', 'generator_14', 'generator_3', 'generator_8', 'generator_6', 'generator_15', 'generator_8', 'generator_16', 'generator_4']
number opened: 0
TRIAL 27
Action chosen: (cloud, red)
Outcome: False
partcle ids: ['generator_10', 'generator_5', 'shape_match', 'generator_11', 'generator_1', 'similar_color_1', 'generator_5', 'generator_5', 'generator_4', 'generator_4', 'generator_6', 'generator_5', 'generator_9', 'similar_color_1', 'similar_color_7', 'generator_2', 'generator_6', 'generator_12', 'similar_color_2', 'generator_5', 'generator_6', 'generator_13', 'generator_14', 'generator_3', 'generator_8', 'generator_6', 'generator_15', 'generator_8', 'generator_16', 'generator_4']
number opened: 0
TRIAL 28
Action chosen: (white, red)
Outcome: False
partcle ids: ['generator_10', 'generator_5', 'shape_match', 'generator_11', 'generator_1', 'similar_color_1', 'generator_5', 'generator_5', 'generator_4', 'generator_4', 'generator_6', 'generator_5', 'generator_9', 'similar_color_1', 'similar_color_7', 'generator_2', 'generator_6', 'generator_12', 'similar_color_2', 'generator_5', 'generator_6', 'generator_13', 'generator_14', 'generator_3', 'generator_8', 'generator_6', 'generator_15', 'generator_8', 'generator_16', 'generator_4']
number opened: 0
TRIAL 29
Action chosen: (pink, pink)
Outcome: False
partcle ids: ['generator_10', 'generator_5', 'shape_match', 'generator_11', 'generator_1', 'similar_color_1', 'generator_5', 'generator_5', 'generator_4', 'generator_4', 'generator_6', 'generator_5', 'generator_9', 'similar_color_1', 'similar_color_7', 'generator_2', 'generator_6', 'generator_12', 'similar_color_2', 'generator_5', 'generator_6', 'generator_13', 'generator_14', 'generator_3', 'generator_8', 'generator_6', 'generator_15', 'generator_8', 'generator_16', 'generator_4']
number opened: 0
TRIAL 30
Action chosen: (cloud, red)
Outcome: False
partcle ids: ['generator_10', 'generator_5', 'shape_match', 'generator_11', 'generator_1', 'similar_color_1', 'generator_5', 'generator_5', 'generator_4', 'generator_4', 'generator_6', 'generator_5', 'generator_9', 'similar_color_1', 'similar_color_7', 'generator_2', 'generator_6', 'generator_12', 'similar_color_2', 'generator_5', 'generator_6', 'generator_13', 'generator_14', 'generator_3', 'generator_8', 'generator_6', 'generator_15', 'generator_8', 'generator_16', 'generator_4']
number opened: 0
TRIAL 31
Action chosen: (white, red)
Outcome: False
partcle ids: ['generator_10', 'generator_5', 'shape_match', 'generator_11', 'generator_1', 'similar_color_1', 'generator_5', 'generator_5', 'generator_4', 'generator_4', 'generator_6', 'generator_5', 'generator_9', 'similar_color_1', 'similar_color_7', 'generator_2', 'generator_6', 'generator_12', 'similar_color_2', 'generator_5', 'generator_6', 'generator_13', 'generator_14', 'generator_3', 'generator_8', 'generator_6', 'generator_15', 'generator_8', 'generator_16', 'generator_4']
number opened: 0
TRIAL 32
Action chosen: (orange4, pink)
Outcome: False
partcle ids: ['generator_10', 'generator_5', 'shape_match', 'generator_11', 'generator_1', 'similar_color_1', 'generator_5', 'generator_5', 'generator_4', 'generator_4', 'generator_6', 'generator_5', 'generator_9', 'similar_color_1', 'similar_color_7', 'generator_2', 'generator_6', 'generator_12', 'similar_color_2', 'generator_5', 'generator_6', 'generator_13', 'generator_14', 'generator_3', 'generator_8', 'generator_6', 'generator_15', 'generator_8', 'generator_16', 'generator_4']
number opened: 0
TRIAL 33
Action chosen: (pink, pink)
Outcome: False
partcle ids: ['generator_10', 'generator_5', 'shape_match', 'generator_11', 'generator_1', 'similar_color_1', 'generator_5', 'generator_5', 'generator_4', 'generator_4', 'generator_6', 'generator_5', 'generator_9', 'similar_color_1', 'similar_color_7', 'generator_2', 'generator_6', 'generator_12', 'similar_color_2', 'generator_5', 'generator_6', 'generator_13', 'generator_14', 'generator_3', 'generator_8', 'generator_6', 'generator_15', 'generator_8', 'generator_16', 'generator_4']
number opened: 0
TRIAL 34
Action chosen: (cloud, red)
Outcome: False
partcle ids: ['generator_10', 'generator_5', 'shape_match', 'generator_11', 'generator_1', 'similar_color_1', 'generator_5', 'generator_5', 'generator_4', 'generator_4', 'generator_6', 'generator_5', 'generator_9', 'similar_color_1', 'similar_color_7', 'generator_2', 'generator_6', 'generator_12', 'similar_color_2', 'generator_5', 'generator_6', 'generator_13', 'generator_14', 'generator_3', 'generator_8', 'generator_6', 'generator_15', 'generator_8', 'generator_16', 'generator_4']
number opened: 0
TRIAL 35
Action chosen: (white, red)
Outcome: False
partcle ids: ['generator_10', 'generator_5', 'shape_match', 'generator_11', 'generator_1', 'similar_color_1', 'generator_5', 'generator_5', 'generator_4', 'generator_4', 'generator_6', 'generator_5', 'generator_9', 'similar_color_1', 'similar_color_7', 'generator_2', 'generator_6', 'generator_12', 'similar_color_2', 'generator_5', 'generator_6', 'generator_13', 'generator_14', 'generator_3', 'generator_8', 'generator_6', 'generator_15', 'generator_8', 'generator_16', 'generator_4']
number opened: 0
TRIAL 36
Action chosen: (orange4, pink)
Outcome: False
partcle ids: ['generator_10', 'generator_5', 'shape_match', 'generator_11', 'generator_1', 'similar_color_1', 'generator_5', 'generator_5', 'generator_4', 'generator_4', 'generator_6', 'generator_5', 'generator_9', 'similar_color_1', 'similar_color_7', 'generator_2', 'generator_6', 'generator_12', 'similar_color_2', 'generator_5', 'generator_6', 'generator_13', 'generator_14', 'generator_3', 'generator_8', 'generator_6', 'generator_15', 'generator_8', 'generator_16', 'generator_4']
number opened: 0
TRIAL 37
Action chosen: (pink, pink)
Outcome: False
partcle ids: ['generator_10', 'generator_5', 'shape_match', 'generator_11', 'generator_1', 'similar_color_1', 'generator_5', 'generator_5', 'generator_4', 'generator_4', 'generator_6', 'generator_5', 'generator_9', 'similar_color_1', 'similar_color_7', 'generator_2', 'generator_6', 'generator_12', 'similar_color_2', 'generator_5', 'generator_6', 'generator_13', 'generator_14', 'generator_3', 'generator_8', 'generator_6', 'generator_15', 'generator_8', 'generator_16', 'generator_4']
number opened: 0
TRIAL 38
Action chosen: (triangle, white)
Outcome: False
partcle ids: ['generator_10', 'generator_5', 'shape_match', 'generator_11', 'generator_1', 'similar_color_1', 'generator_5', 'generator_5', 'generator_4', 'generator_4', 'generator_6', 'generator_5', 'generator_9', 'similar_color_1', 'similar_color_7', 'generator_2', 'generator_6', 'generator_12', 'similar_color_2', 'generator_5', 'generator_6', 'generator_13', 'generator_14', 'generator_3', 'generator_8', 'generator_6', 'generator_15', 'generator_8', 'generator_16', 'generator_4']
number opened: 0
TRIAL 39
Action chosen: (cloud, red)
Outcome: False
partcle ids: ['generator_10', 'generator_5', 'shape_match', 'generator_11', 'generator_1', 'similar_color_1', 'generator_5', 'generator_5', 'generator_4', 'generator_4', 'generator_6', 'generator_5', 'generator_9', 'similar_color_1', 'similar_color_7', 'generator_2', 'generator_6', 'generator_12', 'similar_color_2', 'generator_5', 'generator_6', 'generator_13', 'generator_14', 'generator_3', 'generator_8', 'generator_6', 'generator_15', 'generator_8', 'generator_16', 'generator_4']
number opened: 0
TRIAL 40
Action chosen: (orange4, pink)
Outcome: False
partcle ids: ['generator_10', 'generator_5', 'shape_match', 'generator_11', 'generator_1', 'similar_color_1', 'generator_5', 'generator_5', 'generator_4', 'generator_4', 'generator_6', 'generator_5', 'generator_9', 'similar_color_1', 'similar_color_7', 'generator_2', 'generator_6', 'generator_12', 'similar_color_2', 'generator_5', 'generator_6', 'generator_13', 'generator_14', 'generator_3', 'generator_8', 'generator_6', 'generator_15', 'generator_8', 'generator_16', 'generator_4']
number opened: 0
TRIAL 41
Action chosen: (pink, pink)
Outcome: False
partcle ids: ['generator_10', 'generator_5', 'shape_match', 'generator_11', 'generator_1', 'similar_color_1', 'generator_5', 'generator_5', 'generator_4', 'generator_4', 'generator_6', 'generator_5', 'generator_9', 'similar_color_1', 'similar_color_7', 'generator_2', 'generator_6', 'generator_12', 'similar_color_2', 'generator_5', 'generator_6', 'generator_13', 'generator_14', 'generator_3', 'generator_8', 'generator_6', 'generator_15', 'generator_8', 'generator_16', 'generator_4']
number opened: 0
TRIAL 42
Action chosen: (white, red)
Outcome: False
partcle ids: ['generator_10', 'generator_5', 'shape_match', 'generator_11', 'generator_1', 'similar_color_1', 'generator_5', 'generator_5', 'generator_4', 'generator_4', 'generator_6', 'generator_5', 'generator_9', 'similar_color_1', 'similar_color_7', 'generator_2', 'generator_6', 'generator_12', 'similar_color_2', 'generator_5', 'generator_6', 'generator_13', 'generator_14', 'generator_3', 'generator_8', 'generator_6', 'generator_15', 'generator_8', 'generator_16', 'generator_4']
number opened: 0
TRIAL 43
Action chosen: (cloud, red)
Outcome: False
partcle ids: ['generator_10', 'generator_5', 'shape_match', 'generator_11', 'generator_1', 'similar_color_1', 'generator_5', 'generator_5', 'generator_4', 'generator_4', 'generator_6', 'generator_5', 'generator_9', 'similar_color_1', 'similar_color_7', 'generator_2', 'generator_6', 'generator_12', 'similar_color_2', 'generator_5', 'generator_6', 'generator_13', 'generator_14', 'generator_3', 'generator_8', 'generator_6', 'generator_15', 'generator_8', 'generator_16', 'generator_4']
number opened: 0
TRIAL 44
Action chosen: (triangle, white)
Outcome: False
partcle ids: ['generator_10', 'generator_5', 'shape_match', 'generator_11', 'generator_1', 'similar_color_1', 'generator_5', 'generator_5', 'generator_4', 'generator_4', 'generator_6', 'generator_5', 'generator_9', 'similar_color_1', 'similar_color_7', 'generator_2', 'generator_6', 'generator_12', 'similar_color_2', 'generator_5', 'generator_6', 'generator_13', 'generator_14', 'generator_3', 'generator_8', 'generator_6', 'generator_15', 'generator_8', 'generator_16', 'generator_4']
number opened: 0
TRIAL 45
Action chosen: (orange4, pink)
Outcome: False
partcle ids: ['generator_10', 'generator_5', 'shape_match', 'generator_11', 'generator_1', 'similar_color_1', 'generator_5', 'generator_5', 'generator_4', 'generator_4', 'generator_6', 'generator_5', 'generator_9', 'similar_color_1', 'similar_color_7', 'generator_2', 'generator_6', 'generator_12', 'similar_color_2', 'generator_5', 'generator_6', 'generator_13', 'generator_14', 'generator_3', 'generator_8', 'generator_6', 'generator_15', 'generator_8', 'generator_16', 'generator_4']
number opened: 0
TRIAL 46
Action chosen: (pink, pink)
Outcome: False
partcle ids: ['generator_10', 'generator_5', 'shape_match', 'generator_11', 'generator_1', 'similar_color_1', 'generator_5', 'generator_5', 'generator_4', 'generator_4', 'generator_6', 'generator_5', 'generator_9', 'similar_color_1', 'similar_color_7', 'generator_2', 'generator_6', 'generator_12', 'similar_color_2', 'generator_5', 'generator_6', 'generator_13', 'generator_14', 'generator_3', 'generator_8', 'generator_6', 'generator_15', 'generator_8', 'generator_16', 'generator_4']
number opened: 0
TRIAL 47
Action chosen: (cloud, red)
Outcome: False
partcle ids: ['generator_10', 'generator_5', 'shape_match', 'generator_11', 'generator_1', 'similar_color_1', 'generator_5', 'generator_5', 'generator_4', 'generator_4', 'generator_6', 'generator_5', 'generator_9', 'similar_color_1', 'similar_color_7', 'generator_2', 'generator_6', 'generator_12', 'similar_color_2', 'generator_5', 'generator_6', 'generator_13', 'generator_14', 'generator_3', 'generator_8', 'generator_6', 'generator_15', 'generator_8', 'generator_16', 'generator_4']
number opened: 0
TRIAL 48
Action chosen: (triangle, blue)
Outcome: False
partcle ids: ['generator_10', 'generator_5', 'shape_match', 'generator_11', 'generator_1', 'similar_color_1', 'generator_5', 'generator_5', 'generator_4', 'generator_4', 'generator_6', 'generator_5', 'generator_9', 'similar_color_1', 'similar_color_7', 'generator_2', 'generator_6', 'generator_12', 'similar_color_2', 'generator_5', 'generator_6', 'generator_13', 'generator_14', 'generator_3', 'generator_8', 'generator_6', 'generator_15', 'generator_8', 'generator_16', 'generator_4']
number opened: 0
TRIAL 49
Action chosen: (white, red)
Outcome: False
partcle ids: ['generator_10', 'generator_5', 'shape_match', 'generator_11', 'generator_1', 'similar_color_1', 'generator_5', 'generator_5', 'generator_4', 'generator_4', 'generator_6', 'generator_5', 'generator_9', 'similar_color_1', 'similar_color_7', 'generator_2', 'generator_6', 'generator_12', 'similar_color_2', 'generator_5', 'generator_6', 'generator_13', 'generator_14', 'generator_3', 'generator_8', 'generator_6', 'generator_15', 'generator_8', 'generator_16', 'generator_4']
number opened: 0
TRIAL 50
Action chosen: (orange4, pink)
Outcome: False
partcle ids: ['generator_10', 'generator_5', 'shape_match', 'generator_11', 'generator_1', 'similar_color_1', 'generator_5', 'generator_5', 'generator_4', 'generator_4', 'generator_6', 'generator_5', 'generator_9', 'similar_color_1', 'similar_color_7', 'generator_2', 'generator_6', 'generator_12', 'similar_color_2', 'generator_5', 'generator_6', 'generator_13', 'generator_14', 'generator_3', 'generator_8', 'generator_6', 'generator_15', 'generator_8', 'generator_16', 'generator_4']
number opened: 0
TRIAL 51
Action chosen: (pink, pink)
Outcome: False
partcle ids: ['generator_10', 'generator_5', 'shape_match', 'generator_11', 'generator_1', 'similar_color_1', 'generator_5', 'generator_5', 'generator_4', 'generator_4', 'generator_6', 'generator_5', 'generator_9', 'similar_color_1', 'similar_color_7', 'generator_2', 'generator_6', 'generator_12', 'similar_color_2', 'generator_5', 'generator_6', 'generator_13', 'generator_14', 'generator_3', 'generator_8', 'generator_6', 'generator_15', 'generator_8', 'generator_16', 'generator_4']
number opened: 0
TRIAL 52
Action chosen: (cloud, red)
Outcome: False
partcle ids: ['generator_10', 'generator_5', 'shape_match', 'generator_11', 'generator_1', 'similar_color_1', 'generator_5', 'generator_5', 'generator_4', 'generator_4', 'generator_6', 'generator_5', 'generator_9', 'similar_color_1', 'similar_color_7', 'generator_2', 'generator_6', 'generator_12', 'similar_color_2', 'generator_5', 'generator_6', 'generator_13', 'generator_14', 'generator_3', 'generator_8', 'generator_6', 'generator_15', 'generator_8', 'generator_16', 'generator_4']
number opened: 0
TRIAL 53
Action chosen: (triangle, white)
Outcome: False
partcle ids: ['generator_10', 'generator_5', 'shape_match', 'generator_11', 'generator_1', 'similar_color_1', 'generator_5', 'generator_5', 'generator_4', 'generator_4', 'generator_6', 'generator_5', 'generator_9', 'similar_color_1', 'similar_color_7', 'generator_2', 'generator_6', 'generator_12', 'similar_color_2', 'generator_5', 'generator_6', 'generator_13', 'generator_14', 'generator_3', 'generator_8', 'generator_6', 'generator_15', 'generator_8', 'generator_16', 'generator_4']
number opened: 0
TRIAL 54
Action chosen: (triangle, blue)
Outcome: False
partcle ids: ['generator_10', 'generator_5', 'shape_match', 'generator_11', 'generator_1', 'similar_color_1', 'generator_5', 'generator_5', 'generator_4', 'generator_4', 'generator_6', 'generator_5', 'generator_9', 'similar_color_1', 'similar_color_7', 'generator_2', 'generator_6', 'generator_12', 'similar_color_2', 'generator_5', 'generator_6', 'generator_13', 'generator_14', 'generator_3', 'generator_8', 'generator_6', 'generator_15', 'generator_8', 'generator_16', 'generator_4']
number opened: 0
TRIAL 55
Action chosen: (orange4, pink)
Outcome: False
partcle ids: ['generator_10', 'generator_5', 'shape_match', 'generator_11', 'generator_1', 'similar_color_1', 'generator_5', 'generator_5', 'generator_4', 'generator_4', 'generator_6', 'generator_5', 'generator_9', 'similar_color_1', 'similar_color_7', 'generator_2', 'generator_6', 'generator_12', 'similar_color_2', 'generator_5', 'generator_6', 'generator_13', 'generator_14', 'generator_3', 'generator_8', 'generator_6', 'generator_15', 'generator_8', 'generator_16', 'generator_4']
number opened: 0
TRIAL 56
Action chosen: (cloud, red)
Outcome: False
partcle ids: ['generator_10', 'generator_5', 'shape_match', 'generator_11', 'generator_1', 'similar_color_1', 'generator_5', 'generator_5', 'generator_4', 'generator_4', 'generator_6', 'generator_5', 'generator_9', 'similar_color_1', 'similar_color_7', 'generator_2', 'generator_6', 'generator_12', 'similar_color_2', 'generator_5', 'generator_6', 'generator_13', 'generator_14', 'generator_3', 'generator_8', 'generator_6', 'generator_15', 'generator_8', 'generator_16', 'generator_4']
number opened: 0
TRIAL 57
Action chosen: (pink, pink)
Outcome: False
partcle ids: ['generator_10', 'generator_5', 'shape_match', 'generator_11', 'generator_1', 'similar_color_1', 'generator_5', 'generator_5', 'generator_4', 'generator_4', 'generator_6', 'generator_5', 'generator_9', 'similar_color_1', 'similar_color_7', 'generator_2', 'generator_6', 'generator_12', 'similar_color_2', 'generator_5', 'generator_6', 'generator_13', 'generator_14', 'generator_3', 'generator_8', 'generator_6', 'generator_15', 'generator_8', 'generator_16', 'generator_4']
number opened: 0
TRIAL 58
Action chosen: (triangle, white)
Outcome: False
partcle ids: ['generator_10', 'generator_5', 'shape_match', 'generator_11', 'generator_1', 'similar_color_1', 'generator_5', 'generator_5', 'generator_4', 'generator_4', 'generator_6', 'generator_5', 'generator_9', 'similar_color_1', 'similar_color_7', 'generator_2', 'generator_6', 'generator_12', 'similar_color_2', 'generator_5', 'generator_6', 'generator_13', 'generator_14', 'generator_3', 'generator_8', 'generator_6', 'generator_15', 'generator_8', 'generator_16', 'generator_4']
number opened: 0
TRIAL 59
Action chosen: (triangle, blue)
Outcome: False
partcle ids: ['generator_10', 'generator_5', 'shape_match', 'generator_11', 'generator_1', 'similar_color_1', 'generator_5', 'generator_5', 'generator_4', 'generator_4', 'generator_6', 'generator_5', 'generator_9', 'similar_color_1', 'similar_color_7', 'generator_2', 'generator_6', 'generator_12', 'similar_color_2', 'generator_5', 'generator_6', 'generator_13', 'generator_14', 'generator_3', 'generator_8', 'generator_6', 'generator_15', 'generator_8', 'generator_16', 'generator_4']
number opened: 0
TRIAL 60
Action chosen: (white, red)
Outcome: False
partcle ids: ['generator_10', 'generator_5', 'shape_match', 'generator_11', 'generator_1', 'similar_color_1', 'generator_5', 'generator_5', 'generator_4', 'generator_4', 'generator_6', 'generator_5', 'generator_9', 'similar_color_1', 'similar_color_7', 'generator_2', 'generator_6', 'generator_12', 'similar_color_2', 'generator_5', 'generator_6', 'generator_13', 'generator_14', 'generator_3', 'generator_8', 'generator_6', 'generator_15', 'generator_8', 'generator_16', 'generator_4']
number opened: 0
TRIAL 61
Action chosen: (cloud, red)
Outcome: False
partcle ids: ['generator_10', 'generator_5', 'shape_match', 'generator_11', 'generator_1', 'similar_color_1', 'generator_5', 'generator_5', 'generator_4', 'generator_4', 'generator_6', 'generator_5', 'generator_9', 'similar_color_1', 'similar_color_7', 'generator_2', 'generator_6', 'generator_12', 'similar_color_2', 'generator_5', 'generator_6', 'generator_13', 'generator_14', 'generator_3', 'generator_8', 'generator_6', 'generator_15', 'generator_8', 'generator_16', 'generator_4']
number opened: 0
TRIAL 62
Action chosen: (orange4, pink)
Outcome: False
partcle ids: ['generator_10', 'generator_5', 'shape_match', 'generator_11', 'generator_1', 'similar_color_1', 'generator_5', 'generator_5', 'generator_4', 'generator_4', 'generator_6', 'generator_5', 'generator_9', 'similar_color_1', 'similar_color_7', 'generator_2', 'generator_6', 'generator_12', 'similar_color_2', 'generator_5', 'generator_6', 'generator_13', 'generator_14', 'generator_3', 'generator_8', 'generator_6', 'generator_15', 'generator_8', 'generator_16', 'generator_4']
number opened: 0
TRIAL 63
Action chosen: (pink, pink)
Outcome: False
partcle ids: ['generator_10', 'generator_5', 'shape_match', 'generator_11', 'generator_1', 'similar_color_1', 'generator_5', 'generator_5', 'generator_4', 'generator_4', 'generator_6', 'generator_5', 'generator_9', 'similar_color_1', 'similar_color_7', 'generator_2', 'generator_6', 'generator_12', 'similar_color_2', 'generator_5', 'generator_6', 'generator_13', 'generator_14', 'generator_3', 'generator_8', 'generator_6', 'generator_15', 'generator_8', 'generator_16', 'generator_4']
number opened: 0
TRIAL 64
Action chosen: (triangle, blue)
Outcome: False
partcle ids: ['generator_10', 'generator_5', 'shape_match', 'generator_11', 'generator_1', 'similar_color_1', 'generator_5', 'generator_5', 'generator_4', 'generator_4', 'generator_6', 'generator_5', 'generator_9', 'similar_color_1', 'similar_color_7', 'generator_2', 'generator_6', 'generator_12', 'similar_color_2', 'generator_5', 'generator_6', 'generator_13', 'generator_14', 'generator_3', 'generator_8', 'generator_6', 'generator_15', 'generator_8', 'generator_16', 'generator_4']
number opened: 0
TRIAL 65
Action chosen: (cloud, red)
Outcome: False
partcle ids: ['generator_10', 'generator_5', 'shape_match', 'generator_11', 'generator_1', 'similar_color_1', 'generator_5', 'generator_5', 'generator_4', 'generator_4', 'generator_6', 'generator_5', 'generator_9', 'similar_color_1', 'similar_color_7', 'generator_2', 'generator_6', 'generator_12', 'similar_color_2', 'generator_5', 'generator_6', 'generator_13', 'generator_14', 'generator_3', 'generator_8', 'generator_6', 'generator_15', 'generator_8', 'generator_16', 'generator_4']
number opened: 0
TRIAL 66
Action chosen: (triangle, white)
Outcome: False
partcle ids: ['generator_10', 'generator_5', 'shape_match', 'generator_11', 'generator_1', 'similar_color_1', 'generator_5', 'generator_5', 'generator_4', 'generator_4', 'generator_6', 'generator_5', 'generator_9', 'similar_color_1', 'similar_color_7', 'generator_2', 'generator_6', 'generator_12', 'similar_color_2', 'generator_5', 'generator_6', 'generator_13', 'generator_14', 'generator_3', 'generator_8', 'generator_6', 'generator_15', 'generator_8', 'generator_16', 'generator_4']
number opened: 0
TRIAL 67
Action chosen: (orange4, pink)
Outcome: False
partcle ids: ['generator_10', 'generator_5', 'shape_match', 'generator_11', 'generator_1', 'similar_color_1', 'generator_5', 'generator_5', 'generator_4', 'generator_4', 'generator_6', 'generator_5', 'generator_9', 'similar_color_1', 'similar_color_7', 'generator_2', 'generator_6', 'generator_12', 'similar_color_2', 'generator_5', 'generator_6', 'generator_13', 'generator_14', 'generator_3', 'generator_8', 'generator_6', 'generator_15', 'generator_8', 'generator_16', 'generator_4']
number opened: 0
TRIAL 68
Action chosen: (pink, pink)
Outcome: False
partcle ids: ['generator_10', 'generator_5', 'shape_match', 'generator_11', 'generator_1', 'similar_color_1', 'generator_5', 'generator_5', 'generator_4', 'generator_4', 'generator_6', 'generator_5', 'generator_9', 'similar_color_1', 'similar_color_7', 'generator_2', 'generator_6', 'generator_12', 'similar_color_2', 'generator_5', 'generator_6', 'generator_13', 'generator_14', 'generator_3', 'generator_8', 'generator_6', 'generator_15', 'generator_8', 'generator_16', 'generator_4']
number opened: 0
TRIAL 69
Action chosen: (white, red)
Outcome: False
partcle ids: ['generator_10', 'generator_5', 'shape_match', 'generator_11', 'generator_1', 'similar_color_1', 'generator_5', 'generator_5', 'generator_4', 'generator_4', 'generator_6', 'generator_5', 'generator_9', 'similar_color_1', 'similar_color_7', 'generator_2', 'generator_6', 'generator_12', 'similar_color_2', 'generator_5', 'generator_6', 'generator_13', 'generator_14', 'generator_3', 'generator_8', 'generator_6', 'generator_15', 'generator_8', 'generator_16', 'generator_4']
number opened: 0
TRIAL 70
Action chosen: (cloud, red)
Outcome: False
partcle ids: ['generator_10', 'generator_5', 'shape_match', 'generator_11', 'generator_1', 'similar_color_1', 'generator_5', 'generator_5', 'generator_4', 'generator_4', 'generator_6', 'generator_5', 'generator_9', 'similar_color_1', 'similar_color_7', 'generator_2', 'generator_6', 'generator_12', 'similar_color_2', 'generator_5', 'generator_6', 'generator_13', 'generator_14', 'generator_3', 'generator_8', 'generator_6', 'generator_15', 'generator_8', 'generator_16', 'generator_4']
number opened: 0
{"attempts": 70, "unique_key_box_pairs": 10, "revisit_attempts": 60, "revisit_rate": 0.8695652173913043, "attempts_before_abandoning_color_matching": 0, "color_matching_abandoned": true}
