{"Child_ID": "D008", "SoC_variant": "SoC-Gen", "theta": [19, 1], "p_gen": 0.9, "true_prior": 0.02, "run_number": 69, "seed": 7097166319451936114}
TRIAL 1
Action chosen: (yellow5, blue)
Outcome: True
partcle ids: ['generator_26', 'generator_27', 'generator_28', 'generator_29', 'generator_9', 'generator_30', 'generator_31', 'generator_32', 'generator_33', 'generator_34', 'generator_35', 'generator_36', 'generator_37', 'generator_38', 'generator_39', 'generator_40', 'generator_41', 'generator_42', 'generator_43', 'generator_44', 'generator_45', 'generator_46', 'number_match', 'generator_47', 'generator_48', 'generator_49', 'generator_50', 'generator_51', 'generator_52', 'generator_53']
number opened: 1
TRIAL 2
Action chosen: (cloud, red)
Outcome: False
partcle ids: ['generator_26', 'generator_27', 'generator_28', 'generator_29', 'generator_9', 'generator_30', 'generator_31', 'generator_32', 'generator_33', 'generator_34', 'generator_35', 'generator_36', 'generator_37', 'generator_38', 'generator_39', 'generator_40', 'generator_41', 'generator_42', 'generator_43', 'generator_44', 'generator_45', 'generator_46', 'number_match', 'generator_47', 'generator_48', 'generator_49', 'generator_50', 'generator_51', 'generator_52', 'generator_53']
number opened: 1
TRIAL 3
Action chosen: (purple, pink)
Outcome: False
partcle ids: ['generator_26', 'generator_27', 'generator_28', 'generator_29', 'generator_9', 'generator_30', 'generator_31', 'generator_32', 'generator_33', 'generator_34', 'generator_35', 'generator_36', 'generator_37', 'generator_38', 'generator_39', 'generator_40', 'generator_41', 'generator_42', 'generator_43', 'generator_44', 'generator_45', 'generator_46', 'number_match', 'generator_47', 'generator_48', 'generator_49', 'generator_50', 'generator_51', 'generator_52', 'generator_53']
number opened: 1
TRIAL 4
Action chosen: (white, white)
Outcome: False
partcle ids: ['generator_26', 'generator_27', 'generator_28', 'generator_29', 'generator_9', 'generator_30', 'generator_31', 'generator_32', 'generator_33', 'generator_34', 'generator_35', 'generator_36', 'generator_37', 'generator_38', 'generator_39', 'generator_40', 'generator_41', 'generator_42', 'generator_43', 'generator_44', 'generator_45', 'generator_46', 'number_match', 'generator_47', 'generator_48', 'generator_49', 'generator_50', 'generator_51', 'generator_52', 'generator_53']
number opened: 1
TRIAL 5
Action chosen: (pink, pink)
Outcome: False
partcle ids: ['generator_54', 'generator_41', 'generator_56', 'generator_57', 'generator_58', 'generator_39', 'generator_60', 'generator_52', 'generator_62', 'generator_63', 'generator_9', 'generator_65', 'generator_9', 'generator_67', 'generator_68', 'generator_69', 'generator_70', 'generator_71', 'generator_72', 'generator_37', 'generator_74', 'generator_75', 'generator_76', 'generator_77', 'generator_78', 'generator_79', 'generator_80', 'generator_34', 'generator_81', 'generator_48']
number opened: 1
TRIAL 6
Action chosen: (orange4, red)
Outcome: False
partcle ids: ['generator_54', 'generator_41', 'generator_56', 'generator_57', 'generator_58', 'generator_39', 'generator_60', 'generator_52', 'generator_62', 'generator_63', 'generator_9', 'generator_65', 'generator_9', 'generator_67', 'generator_68', 'generator_69', 'generator_70', 'generator_71', 'generator_72', 'generator_37', 'generator_74', 'generator_75', 'generator_76', 'generator_77', 'generator_78', 'generator_79', 'generator_80', 'generator_34', 'generator_81', 'generator_48']
number opened: 1
TRIAL 7
Action chosen: (pink, white)
Outcome: False
partcle ids: ['generator_54', 'generator_41', 'generator_56', 'generator_57', 'generator_58', 'generator_39', 'generator_60', 'generator_52', 'generator_62', 'generator_63', 'generator_9', 'generator_65', 'generator_9', 'generator_67', 'generator_68', 'generator_69', 'generator_70', 'generator_71', 'generator_72', 'generator_37', 'generator_74', 'generator_75', 'generator_76', 'generator_77', 'generator_78', 'generator_79', 'generator_80', 'generator_34', 'generator_81', 'generator_48']
number opened: 1
TRIAL 8
Action chosen: (orange4, purple)
Outcome: False
partcle ids: ['generator_54', 'generator_41', 'generator_56', 'generator_57', 'generator_58', 'generator_39', 'generator_60', 'generator_52', 'generator_62', 'generator_63', 'generator_9', 'generator_65', 'generator_9', 'generator_67', 'generator_68', 'generator_69', 'generator_70', 'generator_71', 'generator_72', 'generator_37', 'generator_74', 'generator_75', 'generator_76', 'generator_77', 'generator_78', 'generator_79', 'generator_80', 'generator_34', 'generator_81', 'generator_48']
number opened: 1
TRIAL 9
Action chosen: (cloud, purple)
Outcome: False
partcle ids: ['generator_37', 'generator_83', 'generator_84', 'generator_85', 'generator_86', 'generator_67', 'generator_80', 'generator_89', 'generator_54', 'generator_34', 'generator_91', 'generator_92', 'generator_93', 'generator_94', 'generator_80', 'generator_96', 'generator_97', 'generator_98', 'generator_34', 'generator_100', 'generator_101', 'generator_102', 'generator_103', 'generator_54', 'generator_105', 'generator_106', 'generator_107', 'generator_108', 'generator_34', 'generator_80']
number opened: 1
TRIAL 10
Action chosen: (white, red)
Outcome: False
partcle ids: ['generator_37', 'generator_83', 'generator_84', 'generator_85', 'generator_86', 'generator_67', 'generator_80', 'generator_89', 'generator_54', 'generator_34', 'generator_91', 'generator_92', 'generator_93', 'generator_94', 'generator_80', 'generator_96', 'generator_97', 'generator_98', 'generator_34', 'generator_100', 'generator_101', 'generator_102', 'generator_103', 'generator_54', 'generator_105', 'generator_106', 'generator_107', 'generator_108', 'generator_34', 'generator_80']
number opened: 1
TRIAL 11
Action chosen: (orange4, white)
Outcome: True
partcle ids: ['generator_103', 'generator_112', 'generator_113', 'generator_103', 'generator_97', 'generator_116', 'generator_117', 'generator_118', 'generator_119', 'generator_54', 'generator_121', 'generator_100', 'generator_123', 'generator_124', 'generator_125', 'generator_126', 'generator_86', 'generator_54', 'generator_97', 'generator_130', 'generator_54', 'generator_132', 'generator_97', 'generator_113', 'generator_134', 'generator_135', 'generator_136', 'generator_137', 'generator_138', 'generator_139']
number opened: 2
TRIAL 12
Action chosen: (heart, pink)
Outcome: False
partcle ids: ['generator_103', 'generator_112', 'generator_113', 'generator_103', 'generator_97', 'generator_116', 'generator_117', 'generator_118', 'generator_119', 'generator_54', 'generator_121', 'generator_100', 'generator_123', 'generator_124', 'generator_125', 'generator_126', 'generator_86', 'generator_54', 'generator_97', 'generator_130', 'generator_54', 'generator_132', 'generator_97', 'generator_113', 'generator_134', 'generator_135', 'generator_136', 'generator_137', 'generator_138', 'generator_139']
number opened: 2
TRIAL 13
Action chosen: (red, pink)
Outcome: False
partcle ids: ['generator_103', 'generator_112', 'generator_113', 'generator_103', 'generator_97', 'generator_116', 'generator_117', 'generator_118', 'generator_119', 'generator_54', 'generator_121', 'generator_100', 'generator_123', 'generator_124', 'generator_125', 'generator_126', 'generator_86', 'generator_54', 'generator_97', 'generator_130', 'generator_54', 'generator_132', 'generator_97', 'generator_113', 'generator_134', 'generator_135', 'generator_136', 'generator_137', 'generator_138', 'generator_139']
number opened: 2
TRIAL 14
Action chosen: (green3, purple)
Outcome: True
partcle ids: ['generator_103', 'generator_141', 'generator_142', 'generator_103', 'generator_103', 'generator_141', 'generator_145', 'generator_146', 'generator_147', 'generator_148', 'generator_149', 'generator_103', 'generator_147', 'generator_151', 'generator_148', 'generator_152', 'generator_103', 'generator_148', 'generator_103', 'generator_119', 'generator_103', 'generator_103', 'generator_119', 'generator_103', 'number_match', 'generator_103', 'generator_158', 'generator_159', 'generator_103', 'generator_161']
number opened: 3
TRIAL 15
Action chosen: (grey2, pink)
Outcome: True
partcle ids: ['generator_162', 'generator_163', 'generator_103', 'generator_145', 'generator_103', 'generator_163', 'number_match', 'generator_103', 'generator_103', 'generator_165', 'generator_103', 'generator_163', 'generator_103', 'number_match', 'generator_163', 'generator_103', 'generator_162', 'generator_165', 'generator_167', 'generator_145', 'generator_145', 'generator_163', 'generator_165', 'generator_145', 'generator_163', 'generator_103', 'generator_167', 'generator_145', 'generator_162', 'generator_103']
number opened: 4
TRIAL 16
Action chosen: (purple, red)
Outcome: False
partcle ids: ['generator_162', 'generator_163', 'generator_103', 'generator_145', 'generator_103', 'generator_163', 'number_match', 'generator_103', 'generator_103', 'generator_165', 'generator_103', 'generator_163', 'generator_103', 'number_match', 'generator_163', 'generator_103', 'generator_162', 'generator_165', 'generator_167', 'generator_145', 'generator_145', 'generator_163', 'generator_165', 'generator_145', 'generator_163', 'generator_103', 'generator_167', 'generator_145', 'generator_162', 'generator_103']
number opened: 4
TRIAL 17
Action chosen: (blue, red)
Outcome: False
partcle ids: ['generator_162', 'generator_163', 'generator_103', 'generator_145', 'generator_103', 'generator_163', 'number_match', 'generator_103', 'generator_103', 'generator_165', 'generator_103', 'generator_163', 'generator_103', 'number_match', 'generator_163', 'generator_103', 'generator_162', 'generator_165', 'generator_167', 'generator_145', 'generator_145', 'generator_163', 'generator_165', 'generator_145', 'generator_163', 'generator_103', 'generator_167', 'generator_145', 'generator_162', 'generator_103']
number opened: 4
TRIAL 18
Action chosen: (diamond, red)
Outcome: False
partcle ids: ['generator_167', 'generator_167', 'number_match', 'generator_164', 'generator_166', 'generator_165', 'number_match', 'generator_165', 'generator_162', 'generator_167', 'number_match', 'generator_167', 'generator_162', 'generator_165', 'generator_103', 'generator_165', 'generator_162', 'generator_162', 'generator_162', 'generator_164', 'generator_162', 'generator_162', 'generator_145', 'generator_165', 'number_match', 'generator_162', 'generator_145', 'number_match', 'number_match', 'generator_167']
number opened: 4
TRIAL 19
Action chosen: (heart, red)
Outcome: False
partcle ids: ['generator_167', 'generator_167', 'number_match', 'generator_164', 'generator_166', 'generator_165', 'number_match', 'generator_165', 'generator_162', 'generator_167', 'number_match', 'generator_167', 'generator_162', 'generator_165', 'generator_103', 'generator_165', 'generator_162', 'generator_162', 'generator_162', 'generator_164', 'generator_162', 'generator_162', 'generator_145', 'generator_165', 'number_match', 'generator_162', 'generator_145', 'number_match', 'number_match', 'generator_167']
number opened: 4
TRIAL 20
Action chosen: (red, red)
Outcome: True
partcle ids: ['number_match', 'number_match', 'number_match', 'number_match', 'number_match', 'number_match', 'number_match', 'number_match', 'number_match', 'number_match', 'number_match', 'number_match', 'number_match', 'number_match', 'number_match', 'number_match', 'number_match', 'number_match', 'number_match', 'number_match', 'number_match', 'number_match', 'number_match', 'number_match', 'number_match', 'number_match', 'number_match', 'number_match', 'number_match', 'number_match']
number opened: 5
{"attempts": 20, "unique_key_box_pairs": 20, "revisit_attempts": 0, "revisit_rate": 0.0, "attempts_before_abandoning_color_matching": 0, "color_matching_abandoned": true}
