{"Child_ID": "D008", "SoC_variant": "SoC-Gen", "theta": [19, 1], "p_gen": 0.9, "true_prior": 0.02, "run_number": 8, "seed": 8420495056639220488}
TRIAL 1
Action chosen: (grey2, blue)
Outcome: False
partcle ids: ['generator_1', 'similar_color_7', 'generator_2', 'generator_3', 'generator_4', 'generator_5', 'generator_6', 'generator_7', 'generator_8', 'generator_9', 'generator_10', 'generator_11', 'generator_12', 'generator_13', 'generator_14', 'generator_15', 'generator_16', 'number_match', 'generator_17', 'generator_18', 'generator_19', 'generator_20', 'generator_21', 'generator_22', 'generator_23', 'similar_color_13', 'generator_24', 'generator_25', 'generator_26', 'generator_27']
number opened: 0
TRIAL 2
Action chosen: (cloud, purple)
Outcome: False
partcle ids: ['generator_1', 'similar_color_7', 'generator_2', 'generator_3', 'generator_4', 'generator_5', 'generator_6', 'generator_7', 'generator_8', 'generator_9', 'generator_10', 'generator_11', 'generator_12', 'generator_13', 'generator_14', 'generator_15', 'generator_16', 'number_match', 'generator_17', 'generator_18', 'generator_19', 'generator_20', 'generator_21', 'generator_22', 'generator_23', 'similar_color_13', 'generator_24', 'generator_25', 'generator_26', 'generator_27']
number opened: 0
TRIAL 3
Action chosen: (red, red)
Outcome: True
partcle ids: ['generator_28', 'generator_29', 'generator_5', 'generator_30', 'similar_color_7', 'generator_31', 'generator_32', 'generator_33', 'generator_34', 'generator_35', 'generator_36', 'generator_37', 'generator_3', 'generator_38', 'generator_39', 'generator_40', 'generator_41', 'generator_42', 'generator_43', 'generator_44', 'generator_45', 'generator_46', 'generator_47', 'generator_3', 'generator_49', 'generator_50', 'generator_51', 'generator_52', 'generator_53', 'generator_54']
number opened: 1
TRIAL 4
Action chosen: (diamond, pink)
Outcome: False
partcle ids: ['generator_28', 'generator_29', 'generator_5', 'generator_30', 'similar_color_7', 'generator_31', 'generator_32', 'generator_33', 'generator_34', 'generator_35', 'generator_36', 'generator_37', 'generator_3', 'generator_38', 'generator_39', 'generator_40', 'generator_41', 'generator_42', 'generator_43', 'generator_44', 'generator_45', 'generator_46', 'generator_47', 'generator_3', 'generator_49', 'generator_50', 'generator_51', 'generator_52', 'generator_53', 'generator_54']
number opened: 1
TRIAL 5
Action chosen: (pink, blue)
Outcome: False
partcle ids: ['generator_28', 'generator_29', 'generator_5', 'generator_30', 'similar_color_7', 'generator_31', 'generator_32', 'generator_33', 'generator_34', 'generator_35', 'generator_36', 'generator_37', 'generator_3', 'generator_38', 'generator_39', 'generator_40', 'generator_41', 'generator_42', 'generator_43', 'generator_44', 'generator_45', 'generator_46', 'generator_47', 'generator_3', 'generator_49', 'generator_50', 'generator_51', 'generator_52', 'generator_53', 'generator_54']
number opened: 1
TRIAL 6
Action chosen: (blue, white)
Outcome: False
partcle ids: ['generator_55', 'generator_56', 'generator_57', 'generator_58', 'generator_36', 'generator_60', 'generator_61', 'generator_62', 'generator_63', 'generator_64', 'generator_5', 'generator_65', 'generator_41', 'generator_67', 'generator_47', 'generator_36', 'generator_69', 'generator_70', 'generator_40', 'generator_72', 'generator_73', 'generator_40', 'generator_74', 'generator_75', 'generator_76', 'generator_36', 'generator_36', 'generator_79', 'generator_51', 'generator_43']
number opened: 1
TRIAL 7
Action chosen: (yellow5, white)
Outcome: False
partcle ids: ['generator_55', 'generator_56', 'generator_57', 'generator_58', 'generator_36', 'generator_60', 'generator_61', 'generator_62', 'generator_63', 'generator_64', 'generator_5', 'generator_65', 'generator_41', 'generator_67', 'generator_47', 'generator_36', 'generator_69', 'generator_70', 'generator_40', 'generator_72', 'generator_73', 'generator_40', 'generator_74', 'generator_75', 'generator_76', 'generator_36', 'generator_36', 'generator_79', 'generator_51', 'generator_43']
number opened: 1
TRIAL 8
Action chosen: (cloud, blue)
Outcome: False
partcle ids: ['generator_55', 'generator_56', 'generator_57', 'generator_58', 'generator_36', 'generator_60', 'generator_61', 'generator_62', 'generator_63', 'generator_64', 'generator_5', 'generator_65', 'generator_41', 'generator_67', 'generator_47', 'generator_36', 'generator_69', 'generator_70', 'generator_40', 'generator_72', 'generator_73', 'generator_40', 'generator_74', 'generator_75', 'generator_76', 'generator_36', 'generator_36', 'generator_79', 'generator_51', 'generator_43']
number opened: 1
TRIAL 9
Action chosen: (green3, purple)
Outcome: True
partcle ids: ['generator_40', 'generator_82', 'generator_83', 'generator_84', 'generator_60', 'generator_40', 'generator_87', 'generator_88', 'generator_89', 'generator_90', 'generator_74', 'generator_40', 'generator_92', 'generator_93', 'generator_40', 'generator_95', 'generator_96', 'generator_60', 'generator_97', 'generator_98', 'generator_99', 'generator_40', 'generator_101', 'generator_40', 'generator_103', 'generator_40', 'generator_74', 'generator_106', 'generator_107', 'generator_108']
number opened: 2
TRIAL 10
Action chosen: (purple, pink)
Outcome: False
partcle ids: ['generator_40', 'generator_82', 'generator_83', 'generator_84', 'generator_60', 'generator_40', 'generator_87', 'generator_88', 'generator_89', 'generator_90', 'generator_74', 'generator_40', 'generator_92', 'generator_93', 'generator_40', 'generator_95', 'generator_96', 'generator_60', 'generator_97', 'generator_98', 'generator_99', 'generator_40', 'generator_101', 'generator_40', 'generator_103', 'generator_40', 'generator_74', 'generator_106', 'generator_107', 'generator_108']
number opened: 2
TRIAL 11
Action chosen: (white, pink)
Outcome: False
partcle ids: ['generator_40', 'generator_82', 'generator_83', 'generator_84', 'generator_60', 'generator_40', 'generator_87', 'generator_88', 'generator_89', 'generator_90', 'generator_74', 'generator_40', 'generator_92', 'generator_93', 'generator_40', 'generator_95', 'generator_96', 'generator_60', 'generator_97', 'generator_98', 'generator_99', 'generator_40', 'generator_101', 'generator_40', 'generator_103', 'generator_40', 'generator_74', 'generator_106', 'generator_107', 'generator_108']
number opened: 2
TRIAL 12
Action chosen: (pink, pink)
Outcome: False
partcle ids: ['generator_109', 'generator_107', 'generator_107', 'generator_112', 'generator_107', 'generator_114', 'generator_115', 'generator_116', 'generator_117', 'generator_107', 'generator_103', 'generator_98', 'generator_108', 'generator_120', 'generator_121', 'generator_122', 'generator_116', 'generator_88', 'generator_103', 'generator_124', 'generator_103', 'generator_126', 'generator_103', 'generator_89', 'generator_93', 'generator_108', 'generator_74', 'generator_93', 'generator_108', 'generator_114']
number opened: 2
TRIAL 13
Action chosen: (cloud, white)
Outcome: False
partcle ids: ['generator_109', 'generator_107', 'generator_107', 'generator_112', 'generator_107', 'generator_114', 'generator_115', 'generator_116', 'generator_117', 'generator_107', 'generator_103', 'generator_98', 'generator_108', 'generator_120', 'generator_121', 'generator_122', 'generator_116', 'generator_88', 'generator_103', 'generator_124', 'generator_103', 'generator_126', 'generator_103', 'generator_89', 'generator_93', 'generator_108', 'generator_74', 'generator_93', 'generator_108', 'generator_114']
number opened: 2
TRIAL 14
Action chosen: (blue, pink)
Outcome: False
partcle ids: ['generator_109', 'generator_107', 'generator_107', 'generator_112', 'generator_107', 'generator_114', 'generator_115', 'generator_116', 'generator_117', 'generator_107', 'generator_103', 'generator_98', 'generator_108', 'generator_120', 'generator_121', 'generator_122', 'generator_116', 'generator_88', 'generator_103', 'generator_124', 'generator_103', 'generator_126', 'generator_103', 'generator_89', 'generator_93', 'generator_108', 'generator_74', 'generator_93', 'generator_108', 'generator_114']
number opened: 2
TRIAL 15
Action chosen: (orange4, pink)
Outcome: False
partcle ids: ['generator_74', 'generator_117', 'generator_134', 'generator_84', 'generator_88', 'generator_109', 'generator_88', 'generator_121', 'generator_117', 'generator_138', 'generator_139', 'generator_88', 'generator_115', 'generator_88', 'generator_121', 'generator_112', 'generator_112', 'generator_144', 'generator_103', 'generator_121', 'generator_112', 'generator_148', 'generator_121', 'generator_115', 'generator_98', 'generator_88', 'generator_152', 'generator_153', 'generator_109', 'generator_155']
number opened: 2
TRIAL 16
Action chosen: (purple, blue)
Outcome: False
partcle ids: ['generator_74', 'generator_117', 'generator_134', 'generator_84', 'generator_88', 'generator_109', 'generator_88', 'generator_121', 'generator_117', 'generator_138', 'generator_139', 'generator_88', 'generator_115', 'generator_88', 'generator_121', 'generator_112', 'generator_112', 'generator_144', 'generator_103', 'generator_121', 'generator_112', 'generator_148', 'generator_121', 'generator_115', 'generator_98', 'generator_88', 'generator_152', 'generator_153', 'generator_109', 'generator_155']
number opened: 2
TRIAL 17
Action chosen: (diamond, blue)
Outcome: False
partcle ids: ['generator_74', 'generator_84', 'generator_103', 'generator_84', 'generator_121', 'generator_138', 'generator_131', 'generator_155', 'generator_138', 'generator_138', 'generator_121', 'generator_153', 'generator_121', 'generator_165', 'generator_153', 'generator_167', 'generator_121', 'generator_121', 'generator_74', 'generator_171', 'generator_172', 'generator_173', 'generator_153', 'generator_175', 'generator_176', 'generator_121', 'generator_178', 'generator_179', 'generator_148', 'generator_181']
number opened: 2
TRIAL 18
Action chosen: (heart, white)
Outcome: False
partcle ids: ['generator_74', 'generator_84', 'generator_103', 'generator_84', 'generator_121', 'generator_138', 'generator_131', 'generator_155', 'generator_138', 'generator_138', 'generator_121', 'generator_153', 'generator_121', 'generator_165', 'generator_153', 'generator_167', 'generator_121', 'generator_121', 'generator_74', 'generator_171', 'generator_172', 'generator_173', 'generator_153', 'generator_175', 'generator_176', 'generator_121', 'generator_178', 'generator_179', 'generator_148', 'generator_181']
number opened: 2
TRIAL 19
Action chosen: (white, white)
Outcome: False
partcle ids: ['generator_74', 'generator_84', 'generator_103', 'generator_84', 'generator_121', 'generator_138', 'generator_131', 'generator_155', 'generator_138', 'generator_138', 'generator_121', 'generator_153', 'generator_121', 'generator_165', 'generator_153', 'generator_167', 'generator_121', 'generator_121', 'generator_74', 'generator_171', 'generator_172', 'generator_173', 'generator_153', 'generator_175', 'generator_176', 'generator_121', 'generator_178', 'generator_179', 'generator_148', 'generator_181']
number opened: 2
TRIAL 20
Action chosen: (blue, pink)
Outcome: False
partcle ids: ['generator_182', 'generator_183', 'generator_179', 'generator_184', 'generator_179', 'generator_176', 'generator_175', 'generator_188', 'generator_181', 'generator_74', 'generator_84', 'generator_192', 'generator_193', 'generator_121', 'generator_171', 'generator_176', 'generator_171', 'generator_179', 'generator_181', 'generator_199', 'generator_181', 'generator_167', 'generator_202', 'generator_121', 'generator_204', 'generator_205', 'generator_165', 'generator_181', 'generator_208', 'generator_209']
number opened: 2
TRIAL 21
Action chosen: (diamond, white)
Outcome: False
partcle ids: ['generator_182', 'generator_183', 'generator_179', 'generator_184', 'generator_179', 'generator_176', 'generator_175', 'generator_188', 'generator_181', 'generator_74', 'generator_84', 'generator_192', 'generator_193', 'generator_121', 'generator_171', 'generator_176', 'generator_171', 'generator_179', 'generator_181', 'generator_199', 'generator_181', 'generator_167', 'generator_202', 'generator_121', 'generator_204', 'generator_205', 'generator_165', 'generator_181', 'generator_208', 'generator_209']
number opened: 2
TRIAL 22
Action chosen: (triangle, pink)
Outcome: False
partcle ids: ['generator_182', 'generator_183', 'generator_179', 'generator_184', 'generator_179', 'generator_176', 'generator_175', 'generator_188', 'generator_181', 'generator_74', 'generator_84', 'generator_192', 'generator_193', 'generator_121', 'generator_171', 'generator_176', 'generator_171', 'generator_179', 'generator_181', 'generator_199', 'generator_181', 'generator_167', 'generator_202', 'generator_121', 'generator_204', 'generator_205', 'generator_165', 'generator_181', 'generator_208', 'generator_209']
number opened: 2
TRIAL 23
Action chosen: (triangle, white)
Outcome: False
partcle ids: ['generator_210', 'generator_181', 'generator_171', 'generator_171', 'generator_165', 'generator_176', 'generator_216', 'generator_217', 'generator_114', 'generator_218', 'generator_219', 'generator_220', 'generator_84', 'generator_130', 'generator_217', 'generator_221', 'generator_222', 'generator_171', 'generator_171', 'generator_121', 'generator_171', 'generator_226', 'generator_227', 'generator_183', 'generator_205', 'generator_163', 'generator_121', 'generator_231', 'generator_94', 'generator_84']
number opened: 2
TRIAL 24
Action chosen: (triangle, blue)
Outcome: False
partcle ids: ['generator_210', 'generator_181', 'generator_171', 'generator_171', 'generator_165', 'generator_176', 'generator_216', 'generator_217', 'generator_114', 'generator_218', 'generator_219', 'generator_220', 'generator_84', 'generator_130', 'generator_217', 'generator_221', 'generator_222', 'generator_171', 'generator_171', 'generator_121', 'generator_171', 'generator_226', 'generator_227', 'generator_183', 'generator_205', 'generator_163', 'generator_121', 'generator_231', 'generator_94', 'generator_84']
number opened: 2
TRIAL 25
Action chosen: (pink, white)
Outcome: False
partcle ids: ['generator_210', 'generator_181', 'generator_171', 'generator_171', 'generator_165', 'generator_176', 'generator_216', 'generator_217', 'generator_114', 'generator_218', 'generator_219', 'generator_220', 'generator_84', 'generator_130', 'generator_217', 'generator_221', 'generator_222', 'generator_171', 'generator_171', 'generator_121', 'generator_171', 'generator_226', 'generator_227', 'generator_183', 'generator_205', 'generator_163', 'generator_121', 'generator_231', 'generator_94', 'generator_84']
number opened: 2
TRIAL 26
Action chosen: (purple, white)
Outcome: False
partcle ids: ['generator_218', 'generator_234', 'generator_235', 'generator_218', 'generator_236', 'generator_226', 'generator_217', 'number_match', 'generator_239', 'generator_218', 'generator_241', 'generator_183', 'generator_216', 'generator_176', 'generator_176', 'generator_226', 'generator_226', 'generator_183', 'generator_248', 'generator_210', 'generator_249', 'generator_210', 'generator_226', 'generator_216', 'generator_252', 'number_match', 'generator_183', 'generator_218', 'generator_255', 'generator_216']
number opened: 2
TRIAL 27
Action chosen: (white, blue)
Outcome: False
partcle ids: ['generator_218', 'generator_234', 'generator_235', 'generator_218', 'generator_236', 'generator_226', 'generator_217', 'number_match', 'generator_239', 'generator_218', 'generator_241', 'generator_183', 'generator_216', 'generator_176', 'generator_176', 'generator_226', 'generator_226', 'generator_183', 'generator_248', 'generator_210', 'generator_249', 'generator_210', 'generator_226', 'generator_216', 'generator_252', 'number_match', 'generator_183', 'generator_218', 'generator_255', 'generator_216']
number opened: 2
TRIAL 28
Action chosen: (grey2, pink)
Outcome: True
partcle ids: ['number_match', 'generator_257', 'generator_258', 'number_match', 'number_match', 'generator_259', 'generator_183', 'number_match', 'number_match', 'generator_262', 'generator_183', 'generator_264', 'generator_183', 'generator_216', 'generator_266', 'number_match', 'number_match', 'generator_183', 'generator_267', 'generator_268', 'number_match', 'generator_216', 'generator_271', 'number_match', 'generator_263', 'generator_273', 'generator_274', 'generator_275', 'generator_183', 'generator_183']
number opened: 3
TRIAL 29
Action chosen: (orange4, white)
Outcome: True
partcle ids: ['generator_277', 'generator_278', 'generator_277', 'number_match', 'generator_278', 'number_match', 'generator_274', 'generator_277', 'generator_277', 'generator_279', 'generator_277', 'number_match', 'number_match', 'generator_277', 'number_match', 'generator_216', 'number_match', 'generator_274', 'number_match', 'generator_216', 'generator_274', 'number_match', 'number_match', 'number_match', 'number_match', 'generator_216', 'number_match', 'generator_216', 'number_match', 'generator_274']
number opened: 4
TRIAL 30
Action chosen: (yellow5, blue)
Outcome: True
partcle ids: ['number_match', 'number_match', 'number_match', 'number_match', 'number_match', 'number_match', 'number_match', 'number_match', 'number_match', 'number_match', 'number_match', 'number_match', 'number_match', 'number_match', 'number_match', 'number_match', 'number_match', 'number_match', 'number_match', 'number_match', 'number_match', 'number_match', 'number_match', 'number_match', 'number_match', 'number_match', 'number_match', 'number_match', 'number_match', 'number_match']
number opened: 5
{"attempts": 30, "unique_key_box_pairs": 29, "revisit_attempts": 1, "revisit_rate": 0.034482758620689655, "attempts_before_abandoning_color_matching": 0, "color_matching_abandoned": true}
