{"Child_ID": "D008", "SoC_variant": "SoC-Gen", "theta": [19, 1], "p_gen": 0.9, "true_prior": 0.02, "run_number": 43, "seed": 2765263156854424164}
TRIAL 1
Action chosen: (yellow5, blue)
Outcome: True
partcle ids: ['generator_29', 'generator_30', 'generator_31', 'generator_32', 'generator_33', 'generator_34', 'generator_35', 'generator_36', 'generator_37', 'generator_38', 'generator_39', 'generator_40', 'generator_41', 'generator_42', 'generator_43', 'generator_44', 'generator_45', 'generator_46', 'generator_47', 'generator_48', 'generator_49', 'order_match', 'generator_50', 'generator_51', 'generator_52', 'generator_53', 'generator_54', 'generator_55', 'generator_56', 'generator_57']
number opened: 1
TRIAL 2
Action chosen: (diamond, white)
Outcome: False
partcle ids: ['generator_29', 'generator_30', 'generator_31', 'generator_32', 'generator_33', 'generator_34', 'generator_35', 'generator_36', 'generator_37', 'generator_38', 'generator_39', 'generator_40', 'generator_41', 'generator_42', 'generator_43', 'generator_44', 'generator_45', 'generator_46', 'generator_47', 'generator_48', 'generator_49', 'order_match', 'generator_50', 'generator_51', 'generator_52', 'generator_53', 'generator_54', 'generator_55', 'generator_56', 'generator_57']
number opened: 1
TRIAL 3
Action chosen: (white, pink)
Outcome: False
partcle ids: ['generator_29', 'generator_30', 'generator_31', 'generator_32', 'generator_33', 'generator_34', 'generator_35', 'generator_36', 'generator_37', 'generator_38', 'generator_39', 'generator_40', 'generator_41', 'generator_42', 'generator_43', 'generator_44', 'generator_45', 'generator_46', 'generator_47', 'generator_48', 'generator_49', 'order_match', 'generator_50', 'generator_51', 'generator_52', 'generator_53', 'generator_54', 'generator_55', 'generator_56', 'generator_57']
number opened: 1
TRIAL 4
Action chosen: (pink, red)
Outcome: False
partcle ids: ['generator_58', 'generator_59', 'generator_60', 'generator_61', 'generator_62', 'generator_63', 'generator_64', 'generator_65', 'generator_66', 'generator_67', 'generator_68', 'generator_39', 'generator_44', 'generator_55', 'generator_72', 'generator_40', 'generator_74', 'generator_75', 'generator_76', 'generator_77', 'generator_78', 'generator_79', 'generator_80', 'generator_81', 'generator_52', 'generator_83', 'generator_84', 'generator_85', 'generator_86', 'generator_31']
number opened: 1
TRIAL 5
Action chosen: (diamond, pink)
Outcome: False
partcle ids: ['generator_58', 'generator_59', 'generator_60', 'generator_61', 'generator_62', 'generator_63', 'generator_64', 'generator_65', 'generator_66', 'generator_67', 'generator_68', 'generator_39', 'generator_44', 'generator_55', 'generator_72', 'generator_40', 'generator_74', 'generator_75', 'generator_76', 'generator_77', 'generator_78', 'generator_79', 'generator_80', 'generator_81', 'generator_52', 'generator_83', 'generator_84', 'generator_85', 'generator_86', 'generator_31']
number opened: 1
TRIAL 6
Action chosen: (triangle, pink)
Outcome: False
partcle ids: ['generator_58', 'generator_59', 'generator_60', 'generator_61', 'generator_62', 'generator_63', 'generator_64', 'generator_65', 'generator_66', 'generator_67', 'generator_68', 'generator_39', 'generator_44', 'generator_55', 'generator_72', 'generator_40', 'generator_74', 'generator_75', 'generator_76', 'generator_77', 'generator_78', 'generator_79', 'generator_80', 'generator_81', 'generator_52', 'generator_83', 'generator_84', 'generator_85', 'generator_86', 'generator_31']
number opened: 1
TRIAL 7
Action chosen: (white, red)
Outcome: False
partcle ids: ['generator_88', 'generator_89', 'generator_72', 'generator_91', 'generator_92', 'generator_93', 'generator_94', 'generator_95', 'generator_96', 'generator_44', 'generator_81', 'generator_98', 'generator_99', 'generator_68', 'generator_101', 'generator_102', 'generator_103', 'generator_44', 'generator_105', 'generator_72', 'generator_79', 'generator_52', 'generator_78', 'generator_110', 'generator_72', 'generator_75', 'generator_112', 'generator_113', 'generator_114', 'generator_115']
number opened: 1
TRIAL 8
Action chosen: (diamond, purple)
Outcome: False
partcle ids: ['generator_88', 'generator_89', 'generator_72', 'generator_91', 'generator_92', 'generator_93', 'generator_94', 'generator_95', 'generator_96', 'generator_44', 'generator_81', 'generator_98', 'generator_99', 'generator_68', 'generator_101', 'generator_102', 'generator_103', 'generator_44', 'generator_105', 'generator_72', 'generator_79', 'generator_52', 'generator_78', 'generator_110', 'generator_72', 'generator_75', 'generator_112', 'generator_113', 'generator_114', 'generator_115']
number opened: 1
TRIAL 9
Action chosen: (heart, red)
Outcome: False
partcle ids: ['generator_88', 'generator_89', 'generator_72', 'generator_91', 'generator_92', 'generator_93', 'generator_94', 'generator_95', 'generator_96', 'generator_44', 'generator_81', 'generator_98', 'generator_99', 'generator_68', 'generator_101', 'generator_102', 'generator_103', 'generator_44', 'generator_105', 'generator_72', 'generator_79', 'generator_52', 'generator_78', 'generator_110', 'generator_72', 'generator_75', 'generator_112', 'generator_113', 'generator_114', 'generator_115']
number opened: 1
TRIAL 10
Action chosen: (heart, pink)
Outcome: False
partcle ids: ['generator_116', 'generator_88', 'generator_118', 'generator_119', 'generator_98', 'generator_68', 'generator_88', 'generator_123', 'generator_113', 'generator_125', 'generator_88', 'generator_127', 'generator_128', 'generator_129', 'generator_130', 'generator_75', 'generator_88', 'generator_133', 'generator_134', 'generator_68', 'generator_136', 'generator_88', 'generator_101', 'generator_139', 'generator_140', 'generator_75', 'generator_68', 'generator_78', 'generator_88', 'generator_145']
number opened: 1
TRIAL 11
Action chosen: (grey2, red)
Outcome: False
partcle ids: ['generator_116', 'generator_88', 'generator_118', 'generator_119', 'generator_98', 'generator_68', 'generator_88', 'generator_123', 'generator_113', 'generator_125', 'generator_88', 'generator_127', 'generator_128', 'generator_129', 'generator_130', 'generator_75', 'generator_88', 'generator_133', 'generator_134', 'generator_68', 'generator_136', 'generator_88', 'generator_101', 'generator_139', 'generator_140', 'generator_75', 'generator_68', 'generator_78', 'generator_88', 'generator_145']
number opened: 1
TRIAL 12
Action chosen: (grey2, purple)
Outcome: False
partcle ids: ['generator_116', 'generator_88', 'generator_118', 'generator_119', 'generator_98', 'generator_68', 'generator_88', 'generator_123', 'generator_113', 'generator_125', 'generator_88', 'generator_127', 'generator_128', 'generator_129', 'generator_130', 'generator_75', 'generator_88', 'generator_133', 'generator_134', 'generator_68', 'generator_136', 'generator_88', 'generator_101', 'generator_139', 'generator_140', 'generator_75', 'generator_68', 'generator_78', 'generator_88', 'generator_145']
number opened: 1
TRIAL 13
Action chosen: (pink, pink)
Outcome: False
partcle ids: ['generator_146', 'generator_101', 'generator_148', 'generator_149', 'generator_118', 'generator_151', 'generator_125', 'generator_153', 'generator_145', 'generator_118', 'generator_155', 'generator_127', 'generator_157', 'generator_158', 'generator_159', 'generator_160', 'generator_161', 'generator_128', 'generator_163', 'generator_125', 'generator_113', 'generator_145', 'generator_167', 'generator_134', 'generator_113', 'generator_170', 'generator_171', 'generator_140', 'generator_173', 'generator_145']
number opened: 1
TRIAL 14
Action chosen: (triangle, white)
Outcome: False
partcle ids: ['generator_146', 'generator_101', 'generator_148', 'generator_149', 'generator_118', 'generator_151', 'generator_125', 'generator_153', 'generator_145', 'generator_118', 'generator_155', 'generator_127', 'generator_157', 'generator_158', 'generator_159', 'generator_160', 'generator_161', 'generator_128', 'generator_163', 'generator_125', 'generator_113', 'generator_145', 'generator_167', 'generator_134', 'generator_113', 'generator_170', 'generator_171', 'generator_140', 'generator_173', 'generator_145']
number opened: 1
TRIAL 15
Action chosen: (purple, red)
Outcome: False
partcle ids: ['generator_146', 'generator_101', 'generator_148', 'generator_149', 'generator_118', 'generator_151', 'generator_125', 'generator_153', 'generator_145', 'generator_118', 'generator_155', 'generator_127', 'generator_157', 'generator_158', 'generator_159', 'generator_160', 'generator_161', 'generator_128', 'generator_163', 'generator_125', 'generator_113', 'generator_145', 'generator_167', 'generator_134', 'generator_113', 'generator_170', 'generator_171', 'generator_140', 'generator_173', 'generator_145']
number opened: 1
TRIAL 16
Action chosen: (purple, pink)
Outcome: False
partcle ids: ['generator_118', 'generator_175', 'generator_113', 'generator_177', 'generator_178', 'generator_146', 'generator_173', 'generator_181', 'generator_173', 'generator_182', 'generator_183', 'generator_184', 'generator_151', 'generator_113', 'generator_155', 'generator_173', 'generator_140', 'generator_190', 'generator_113', 'generator_151', 'generator_173', 'generator_194', 'generator_173', 'generator_196', 'generator_197', 'generator_113', 'generator_160', 'generator_160', 'generator_148', 'generator_201']
number opened: 1
TRIAL 17
Action chosen: (heart, white)
Outcome: False
partcle ids: ['generator_118', 'generator_175', 'generator_113', 'generator_177', 'generator_178', 'generator_146', 'generator_173', 'generator_181', 'generator_173', 'generator_182', 'generator_183', 'generator_184', 'generator_151', 'generator_113', 'generator_155', 'generator_173', 'generator_140', 'generator_190', 'generator_113', 'generator_151', 'generator_173', 'generator_194', 'generator_173', 'generator_196', 'generator_197', 'generator_113', 'generator_160', 'generator_160', 'generator_148', 'generator_201']
number opened: 1
TRIAL 18
Action chosen: (diamond, red)
Outcome: False
partcle ids: ['generator_118', 'generator_175', 'generator_113', 'generator_177', 'generator_178', 'generator_146', 'generator_173', 'generator_181', 'generator_173', 'generator_182', 'generator_183', 'generator_184', 'generator_151', 'generator_113', 'generator_155', 'generator_173', 'generator_140', 'generator_190', 'generator_113', 'generator_151', 'generator_173', 'generator_194', 'generator_173', 'generator_196', 'generator_197', 'generator_113', 'generator_160', 'generator_160', 'generator_148', 'generator_201']
number opened: 1
TRIAL 19
Action chosen: (green3, pink)
Outcome: False
partcle ids: ['number_match', 'generator_202', 'generator_203', 'generator_197', 'generator_118', 'generator_206', 'generator_181', 'generator_151', 'generator_173', 'generator_118', 'generator_211', 'generator_118', 'generator_155', 'generator_155', 'generator_215', 'generator_216', 'generator_217', 'generator_151', 'generator_155', 'generator_197', 'generator_151', 'generator_194', 'generator_223', 'generator_224', 'generator_225', 'generator_226', 'generator_227', 'generator_151', 'generator_228', 'generator_229']
number opened: 1
TRIAL 20
Action chosen: (red, red)
Outcome: True
partcle ids: ['generator_228', 'generator_151', 'generator_151', 'generator_151', 'generator_151', 'generator_229', 'generator_151', 'generator_237', 'generator_151', 'generator_239', 'generator_240', 'generator_241', 'generator_151', 'generator_151', 'generator_151', 'generator_245', 'generator_151', 'generator_151', 'generator_151', 'generator_228', 'generator_151', 'generator_251', 'generator_228', 'number_match', 'generator_151', 'generator_255', 'generator_256', 'generator_257', 'generator_258', 'generator_151']
number opened: 2
TRIAL 21
Action chosen: (purple, white)
Outcome: False
partcle ids: ['generator_228', 'generator_151', 'generator_151', 'generator_151', 'generator_151', 'generator_229', 'generator_151', 'generator_237', 'generator_151', 'generator_239', 'generator_240', 'generator_241', 'generator_151', 'generator_151', 'generator_151', 'generator_245', 'generator_151', 'generator_151', 'generator_151', 'generator_228', 'generator_151', 'generator_251', 'generator_228', 'number_match', 'generator_151', 'generator_255', 'generator_256', 'generator_257', 'generator_258', 'generator_151']
number opened: 2
TRIAL 22
Action chosen: (cloud, pink)
Outcome: False
partcle ids: ['generator_257', 'number_match', 'generator_261', 'generator_262', 'generator_263', 'generator_240', 'generator_265', 'generator_240', 'generator_267', 'generator_268', 'generator_269', 'generator_244', 'generator_270', 'generator_271', 'generator_272', 'generator_273', 'generator_228', 'generator_275', 'generator_276', 'generator_258', 'generator_278', 'generator_279', 'generator_280', 'generator_245', 'generator_282', 'generator_283', 'generator_284', 'generator_239', 'generator_240', 'order_match']
number opened: 2
TRIAL 23
Action chosen: (green3, white)
Outcome: False
partcle ids: ['generator_257', 'number_match', 'generator_261', 'generator_262', 'generator_263', 'generator_240', 'generator_265', 'generator_240', 'generator_267', 'generator_268', 'generator_269', 'generator_244', 'generator_270', 'generator_271', 'generator_272', 'generator_273', 'generator_228', 'generator_275', 'generator_276', 'generator_258', 'generator_278', 'generator_279', 'generator_280', 'generator_245', 'generator_282', 'generator_283', 'generator_284', 'generator_239', 'generator_240', 'order_match']
number opened: 2
TRIAL 24
Action chosen: (grey2, pink)
Outcome: True
partcle ids: ['generator_283', 'generator_270', 'generator_288', 'order_match', 'generator_271', 'generator_290', 'generator_291', 'generator_292', 'generator_293', 'generator_283', 'generator_283', 'generator_295', 'generator_270', 'generator_270', 'generator_297', 'generator_298', 'generator_299', 'generator_270', 'generator_301', 'generator_302', 'generator_283', 'generator_304', 'generator_305', 'generator_306', 'generator_283', 'generator_307', 'generator_308', 'generator_271', 'generator_310', 'generator_311']
number opened: 3
TRIAL 25
Action chosen: (pink, white)
Outcome: False
partcle ids: ['generator_283', 'generator_270', 'generator_288', 'order_match', 'generator_271', 'generator_290', 'generator_291', 'generator_292', 'generator_293', 'generator_283', 'generator_283', 'generator_295', 'generator_270', 'generator_270', 'generator_297', 'generator_298', 'generator_299', 'generator_270', 'generator_301', 'generator_302', 'generator_283', 'generator_304', 'generator_305', 'generator_306', 'generator_283', 'generator_307', 'generator_308', 'generator_271', 'generator_310', 'generator_311']
number opened: 3
TRIAL 26
Action chosen: (triangle, purple)
Outcome: False
partcle ids: ['generator_283', 'generator_270', 'generator_288', 'order_match', 'generator_271', 'generator_290', 'generator_291', 'generator_292', 'generator_293', 'generator_283', 'generator_283', 'generator_295', 'generator_270', 'generator_270', 'generator_297', 'generator_298', 'generator_299', 'generator_270', 'generator_301', 'generator_302', 'generator_283', 'generator_304', 'generator_305', 'generator_306', 'generator_283', 'generator_307', 'generator_308', 'generator_271', 'generator_310', 'generator_311']
number opened: 3
TRIAL 27
Action chosen: (orange4, white)
Outcome: True
partcle ids: ['generator_312', 'generator_312', 'number_match', 'generator_313', 'generator_314', 'generator_292', 'generator_315', 'generator_292', 'generator_314', 'generator_297', 'generator_315', 'generator_313', 'generator_293', 'generator_292', 'generator_315', 'generator_314', 'generator_297', 'generator_292', 'generator_313', 'number_match', 'generator_312', 'generator_313', 'generator_313', 'generator_297', 'generator_315', 'generator_292', 'generator_297', 'generator_293', 'generator_313', 'generator_313']
number opened: 4
TRIAL 28
Action chosen: (pink, purple)
Outcome: False
partcle ids: ['generator_312', 'generator_312', 'number_match', 'generator_313', 'generator_314', 'generator_292', 'generator_315', 'generator_292', 'generator_314', 'generator_297', 'generator_315', 'generator_313', 'generator_293', 'generator_292', 'generator_315', 'generator_314', 'generator_297', 'generator_292', 'generator_313', 'number_match', 'generator_312', 'generator_313', 'generator_313', 'generator_297', 'generator_315', 'generator_292', 'generator_297', 'generator_293', 'generator_313', 'generator_313']
number opened: 4
TRIAL 29
Action chosen: (cloud, purple)
Outcome: False
partcle ids: ['generator_312', 'generator_312', 'number_match', 'generator_313', 'generator_314', 'generator_292', 'generator_315', 'generator_292', 'generator_314', 'generator_297', 'generator_315', 'generator_313', 'generator_293', 'generator_292', 'generator_315', 'generator_314', 'generator_297', 'generator_292', 'generator_313', 'number_match', 'generator_312', 'generator_313', 'generator_313', 'generator_297', 'generator_315', 'generator_292', 'generator_297', 'generator_293', 'generator_313', 'generator_313']
number opened: 4
TRIAL 30
Action chosen: (blue, purple)
Outcome: False
partcle ids: ['generator_312', 'generator_312', 'number_match', 'generator_313', 'generator_314', 'generator_292', 'generator_315', 'generator_292', 'generator_314', 'generator_297', 'generator_315', 'generator_313', 'generator_293', 'generator_292', 'generator_315', 'generator_314', 'generator_297', 'generator_292', 'generator_313', 'number_match', 'generator_312', 'generator_313', 'generator_313', 'generator_297', 'generator_315', 'generator_292', 'generator_297', 'generator_293', 'generator_313', 'generator_313']
number opened: 4
TRIAL 31
Action chosen: (triangle, purple)
Outcome: False
partcle ids: ['generator_314', 'generator_293', 'generator_312', 'generator_312', 'generator_292', 'generator_293', 'generator_314', 'generator_314', 'number_match', 'generator_312', 'generator_314', 'generator_314', 'generator_293', 'generator_293', 'generator_314', 'generator_314', 'number_match', 'generator_312', 'generator_312', 'generator_312', 'number_match', 'generator_293', 'generator_315', 'number_match', 'generator_312', 'generator_312', 'generator_314', 'generator_312', 'number_match', 'generator_293']
number opened: 4
TRIAL 32
Action chosen: (purple, purple)
Outcome: False
partcle ids: ['generator_314', 'generator_293', 'generator_312', 'generator_312', 'generator_292', 'generator_293', 'generator_314', 'generator_314', 'number_match', 'generator_312', 'generator_314', 'generator_314', 'generator_293', 'generator_293', 'generator_314', 'generator_314', 'number_match', 'generator_312', 'generator_312', 'generator_312', 'number_match', 'generator_293', 'generator_315', 'number_match', 'generator_312', 'generator_312', 'generator_314', 'generator_312', 'number_match', 'generator_293']
number opened: 4
TRIAL 33
Action chosen: (heart, purple)
Outcome: False
partcle ids: ['number_match', 'generator_293', 'number_match', 'generator_293', 'number_match', 'generator_315', 'number_match', 'generator_293', 'generator_293', 'generator_293', 'generator_293', 'generator_313', 'generator_293', 'generator_293', 'number_match', 'generator_292', 'generator_293', 'number_match', 'generator_293', 'generator_293', 'number_match', 'generator_293', 'number_match', 'generator_293', 'generator_293', 'generator_293', 'number_match', 'number_match', 'number_match', 'number_match']
number opened: 4
TRIAL 34
Action chosen: (white, purple)
Outcome: False
partcle ids: ['number_match', 'generator_293', 'number_match', 'generator_293', 'number_match', 'generator_315', 'number_match', 'generator_293', 'generator_293', 'generator_293', 'generator_293', 'generator_313', 'generator_293', 'generator_293', 'number_match', 'generator_292', 'generator_293', 'number_match', 'generator_293', 'generator_293', 'number_match', 'generator_293', 'number_match', 'generator_293', 'generator_293', 'generator_293', 'number_match', 'number_match', 'number_match', 'number_match']
number opened: 4
TRIAL 35
Action chosen: (green3, purple)
Outcome: True
partcle ids: ['number_match', 'number_match', 'number_match', 'number_match', 'number_match', 'number_match', 'number_match', 'number_match', 'number_match', 'number_match', 'number_match', 'number_match', 'number_match', 'number_match', 'number_match', 'number_match', 'number_match', 'number_match', 'number_match', 'number_match', 'number_match', 'number_match', 'number_match', 'number_match', 'number_match', 'number_match', 'number_match', 'number_match', 'number_match', 'number_match']
number opened: 5
{"attempts": 35, "unique_key_box_pairs": 34, "revisit_attempts": 1, "revisit_rate": 0.029411764705882353, "attempts_before_abandoning_color_matching": 0, "color_matching_abandoned": true}
