{"Child_ID": "D008", "SoC_variant": "SoC-Gen", "theta": [19, 1], "p_gen": 0.9, "true_prior": 0.02, "run_number": 13, "seed": 741319053964369298}
TRIAL 1
Action chosen: (purple, purple)
Outcome: False
partcle ids: ['generator_1', 'generator_2', 'generator_3', 'generator_4', 'generator_5', 'similar_color_4', 'generator_6', 'generator_7', 'generator_8', 'generator_9', 'generator_10', 'generator_11', 'generator_12', 'generator_13', 'generator_14', 'generator_15', 'generator_16', 'generator_17', 'generator_18', 'generator_19', 'generator_20', 'similar_color_2', 'generator_21', 'generator_22', 'generator_23', 'generator_24', 'generator_25', 'generator_26', 'generator_27', 'generator_28']
number opened: 0
TRIAL 2
Action chosen: (purple, red)
Outcome: False
partcle ids: ['generator_1', 'generator_2', 'generator_3', 'generator_4', 'generator_5', 'similar_color_4', 'generator_6', 'generator_7', 'generator_8', 'generator_9', 'generator_10', 'generator_11', 'generator_12', 'generator_13', 'generator_14', 'generator_15', 'generator_16', 'generator_17', 'generator_18', 'generator_19', 'generator_20', 'similar_color_2', 'generator_21', 'generator_22', 'generator_23', 'generator_24', 'generator_25', 'generator_26', 'generator_27', 'generator_28']
number opened: 0
TRIAL 3
Action chosen: (orange4, blue)
Outcome: False
partcle ids: ['generator_1', 'generator_2', 'generator_3', 'generator_4', 'generator_5', 'similar_color_4', 'generator_6', 'generator_7', 'generator_8', 'generator_9', 'generator_10', 'generator_11', 'generator_12', 'generator_13', 'generator_14', 'generator_15', 'generator_16', 'generator_17', 'generator_18', 'generator_19', 'generator_20', 'similar_color_2', 'generator_21', 'generator_22', 'generator_23', 'generator_24', 'generator_25', 'generator_26', 'generator_27', 'generator_28']
number opened: 0
TRIAL 4
Action chosen: (red, red)
Outcome: True
partcle ids: ['generator_29', 'generator_22', 'generator_31', 'generator_32', 'generator_22', 'generator_33', 'generator_34', 'generator_35', 'generator_5', 'generator_36', 'generator_37', 'generator_38', 'generator_39', 'generator_40', 'generator_22', 'generator_22', 'generator_42', 'generator_43', 'generator_44', 'generator_45', 'generator_46', 'generator_47', 'generator_48', 'generator_28', 'generator_5', 'generator_50', 'generator_51', 'generator_52', 'generator_5', 'generator_54']
number opened: 1
TRIAL 5
Action chosen: (pink, purple)
Outcome: False
partcle ids: ['generator_29', 'generator_22', 'generator_31', 'generator_32', 'generator_22', 'generator_33', 'generator_34', 'generator_35', 'generator_5', 'generator_36', 'generator_37', 'generator_38', 'generator_39', 'generator_40', 'generator_22', 'generator_22', 'generator_42', 'generator_43', 'generator_44', 'generator_45', 'generator_46', 'generator_47', 'generator_48', 'generator_28', 'generator_5', 'generator_50', 'generator_51', 'generator_52', 'generator_5', 'generator_54']
number opened: 1
TRIAL 6
Action chosen: (blue, pink)
Outcome: False
partcle ids: ['generator_29', 'generator_22', 'generator_31', 'generator_32', 'generator_22', 'generator_33', 'generator_34', 'generator_35', 'generator_5', 'generator_36', 'generator_37', 'generator_38', 'generator_39', 'generator_40', 'generator_22', 'generator_22', 'generator_42', 'generator_43', 'generator_44', 'generator_45', 'generator_46', 'generator_47', 'generator_48', 'generator_28', 'generator_5', 'generator_50', 'generator_51', 'generator_52', 'generator_5', 'generator_54']
number opened: 1
TRIAL 7
Action chosen: (orange4, white)
Outcome: True
partcle ids: ['generator_55', 'generator_56', 'generator_57', 'generator_58', 'generator_59', 'generator_31', 'generator_61', 'generator_62', 'generator_63', 'generator_64', 'generator_65', 'generator_66', 'generator_67', 'generator_68', 'generator_69', 'generator_70', 'generator_44', 'generator_72', 'generator_52', 'generator_46', 'generator_46', 'generator_76', 'generator_77', 'generator_31', 'generator_79', 'generator_80', 'generator_81', 'generator_82', 'generator_44', 'generator_31']
number opened: 2
TRIAL 8
Action chosen: (white, pink)
Outcome: False
partcle ids: ['generator_55', 'generator_56', 'generator_57', 'generator_58', 'generator_59', 'generator_31', 'generator_61', 'generator_62', 'generator_63', 'generator_64', 'generator_65', 'generator_66', 'generator_67', 'generator_68', 'generator_69', 'generator_70', 'generator_44', 'generator_72', 'generator_52', 'generator_46', 'generator_46', 'generator_76', 'generator_77', 'generator_31', 'generator_79', 'generator_80', 'generator_81', 'generator_82', 'generator_44', 'generator_31']
number opened: 2
TRIAL 9
Action chosen: (heart, pink)
Outcome: False
partcle ids: ['generator_55', 'generator_56', 'generator_57', 'generator_58', 'generator_59', 'generator_31', 'generator_61', 'generator_62', 'generator_63', 'generator_64', 'generator_65', 'generator_66', 'generator_67', 'generator_68', 'generator_69', 'generator_70', 'generator_44', 'generator_72', 'generator_52', 'generator_46', 'generator_46', 'generator_76', 'generator_77', 'generator_31', 'generator_79', 'generator_80', 'generator_81', 'generator_82', 'generator_44', 'generator_31']
number opened: 2
TRIAL 10
Action chosen: (yellow5, pink)
Outcome: False
partcle ids: ['generator_85', 'generator_82', 'generator_87', 'generator_77', 'generator_89', 'generator_72', 'generator_91', 'generator_59', 'generator_61', 'generator_94', 'generator_77', 'generator_96', 'generator_97', 'generator_52', 'generator_99', 'generator_64', 'generator_61', 'generator_101', 'generator_82', 'generator_103', 'generator_77', 'generator_62', 'generator_105', 'generator_61', 'generator_62', 'generator_52', 'generator_62', 'generator_107', 'generator_108', 'generator_108']
number opened: 2
TRIAL 11
Action chosen: (heart, blue)
Outcome: False
partcle ids: ['generator_85', 'generator_82', 'generator_87', 'generator_77', 'generator_89', 'generator_72', 'generator_91', 'generator_59', 'generator_61', 'generator_94', 'generator_77', 'generator_96', 'generator_97', 'generator_52', 'generator_99', 'generator_64', 'generator_61', 'generator_101', 'generator_82', 'generator_103', 'generator_77', 'generator_62', 'generator_105', 'generator_61', 'generator_62', 'generator_52', 'generator_62', 'generator_107', 'generator_108', 'generator_108']
number opened: 2
TRIAL 12
Action chosen: (white, blue)
Outcome: False
partcle ids: ['generator_85', 'generator_82', 'generator_87', 'generator_77', 'generator_89', 'generator_72', 'generator_91', 'generator_59', 'generator_61', 'generator_94', 'generator_77', 'generator_96', 'generator_97', 'generator_52', 'generator_99', 'generator_64', 'generator_61', 'generator_101', 'generator_82', 'generator_103', 'generator_77', 'generator_62', 'generator_105', 'generator_61', 'generator_62', 'generator_52', 'generator_62', 'generator_107', 'generator_108', 'generator_108']
number opened: 2
TRIAL 13
Action chosen: (diamond, pink)
Outcome: False
partcle ids: ['generator_99', 'generator_110', 'generator_111', 'generator_110', 'generator_94', 'generator_113', 'generator_107', 'generator_114', 'generator_108', 'generator_113', 'generator_116', 'generator_117', 'generator_99', 'generator_107', 'generator_85', 'generator_103', 'generator_121', 'generator_122', 'generator_99', 'generator_124', 'generator_89', 'generator_126', 'generator_103', 'generator_99', 'generator_101', 'generator_72', 'generator_131', 'generator_94', 'generator_101', 'generator_99']
number opened: 2
TRIAL 14
Action chosen: (purple, pink)
Outcome: False
partcle ids: ['generator_99', 'generator_110', 'generator_111', 'generator_110', 'generator_94', 'generator_113', 'generator_107', 'generator_114', 'generator_108', 'generator_113', 'generator_116', 'generator_117', 'generator_99', 'generator_107', 'generator_85', 'generator_103', 'generator_121', 'generator_122', 'generator_99', 'generator_124', 'generator_89', 'generator_126', 'generator_103', 'generator_99', 'generator_101', 'generator_72', 'generator_131', 'generator_94', 'generator_101', 'generator_99']
number opened: 2
TRIAL 15
Action chosen: (triangle, pink)
Outcome: False
partcle ids: ['generator_135', 'generator_103', 'generator_137', 'generator_138', 'generator_103', 'generator_140', 'generator_141', 'generator_107', 'generator_143', 'generator_144', 'generator_145', 'generator_146', 'generator_147', 'generator_148', 'generator_149', 'generator_150', 'generator_103', 'generator_152', 'generator_153', 'generator_154', 'generator_103', 'generator_156', 'generator_123', 'generator_126', 'generator_158', 'generator_103', 'generator_126', 'generator_160', 'generator_107', 'generator_107']
number opened: 2
TRIAL 16
Action chosen: (purple, blue)
Outcome: False
partcle ids: ['generator_135', 'generator_103', 'generator_137', 'generator_138', 'generator_103', 'generator_140', 'generator_141', 'generator_107', 'generator_143', 'generator_144', 'generator_145', 'generator_146', 'generator_147', 'generator_148', 'generator_149', 'generator_150', 'generator_103', 'generator_152', 'generator_153', 'generator_154', 'generator_103', 'generator_156', 'generator_123', 'generator_126', 'generator_158', 'generator_103', 'generator_126', 'generator_160', 'generator_107', 'generator_107']
number opened: 2
TRIAL 17
Action chosen: (pink, pink)
Outcome: False
partcle ids: ['generator_135', 'generator_103', 'generator_137', 'generator_138', 'generator_103', 'generator_140', 'generator_141', 'generator_107', 'generator_143', 'generator_144', 'generator_145', 'generator_146', 'generator_147', 'generator_148', 'generator_149', 'generator_150', 'generator_103', 'generator_152', 'generator_153', 'generator_154', 'generator_103', 'generator_156', 'generator_123', 'generator_126', 'generator_158', 'generator_103', 'generator_126', 'generator_160', 'generator_107', 'generator_107']
number opened: 2
TRIAL 18
Action chosen: (yellow5, purple)
Outcome: False
partcle ids: ['generator_123', 'generator_143', 'generator_164', 'generator_154', 'generator_166', 'generator_167', 'generator_168', 'generator_169', 'generator_150', 'generator_171', 'generator_164', 'generator_153', 'generator_150', 'generator_143', 'generator_173', 'generator_147', 'generator_150', 'generator_154', 'generator_177', 'generator_141', 'generator_133', 'generator_154', 'generator_180', 'generator_154', 'generator_138', 'generator_137', 'generator_184', 'generator_185', 'generator_186', 'generator_187']
number opened: 2
TRIAL 19
Action chosen: (pink, blue)
Outcome: False
partcle ids: ['generator_123', 'generator_143', 'generator_164', 'generator_154', 'generator_166', 'generator_167', 'generator_168', 'generator_169', 'generator_150', 'generator_171', 'generator_164', 'generator_153', 'generator_150', 'generator_143', 'generator_173', 'generator_147', 'generator_150', 'generator_154', 'generator_177', 'generator_141', 'generator_133', 'generator_154', 'generator_180', 'generator_154', 'generator_138', 'generator_137', 'generator_184', 'generator_185', 'generator_186', 'generator_187']
number opened: 2
TRIAL 20
Action chosen: (yellow5, pink)
Outcome: False
partcle ids: ['generator_123', 'generator_143', 'generator_164', 'generator_154', 'generator_166', 'generator_167', 'generator_168', 'generator_169', 'generator_150', 'generator_171', 'generator_164', 'generator_153', 'generator_150', 'generator_143', 'generator_173', 'generator_147', 'generator_150', 'generator_154', 'generator_177', 'generator_141', 'generator_133', 'generator_154', 'generator_180', 'generator_154', 'generator_138', 'generator_137', 'generator_184', 'generator_185', 'generator_186', 'generator_187']
number opened: 2
TRIAL 21
Action chosen: (triangle, blue)
Outcome: False
partcle ids: ['generator_166', 'generator_188', 'generator_166', 'generator_148', 'generator_190', 'generator_191', 'generator_192', 'generator_193', 'generator_180', 'generator_194', 'generator_195', 'generator_196', 'generator_177', 'generator_198', 'generator_199', 'generator_200', 'generator_180', 'generator_166', 'generator_153', 'generator_147', 'generator_147', 'generator_205', 'generator_206', 'generator_207', 'generator_168', 'generator_153', 'generator_123', 'generator_177', 'generator_166', 'generator_212']
number opened: 2
TRIAL 22
Action chosen: (purple, pink)
Outcome: False
partcle ids: ['generator_166', 'generator_188', 'generator_166', 'generator_148', 'generator_190', 'generator_191', 'generator_192', 'generator_193', 'generator_180', 'generator_194', 'generator_195', 'generator_196', 'generator_177', 'generator_198', 'generator_199', 'generator_200', 'generator_180', 'generator_166', 'generator_153', 'generator_147', 'generator_147', 'generator_205', 'generator_206', 'generator_207', 'generator_168', 'generator_153', 'generator_123', 'generator_177', 'generator_166', 'generator_212']
number opened: 2
TRIAL 23
Action chosen: (grey2, purple)
Outcome: False
partcle ids: ['generator_166', 'generator_188', 'generator_166', 'generator_148', 'generator_190', 'generator_191', 'generator_192', 'generator_193', 'generator_180', 'generator_194', 'generator_195', 'generator_196', 'generator_177', 'generator_198', 'generator_199', 'generator_200', 'generator_180', 'generator_166', 'generator_153', 'generator_147', 'generator_147', 'generator_205', 'generator_206', 'generator_207', 'generator_168', 'generator_153', 'generator_123', 'generator_177', 'generator_166', 'generator_212']
number opened: 2
TRIAL 24
Action chosen: (triangle, pink)
Outcome: False
partcle ids: ['generator_166', 'generator_188', 'generator_166', 'generator_148', 'generator_190', 'generator_191', 'generator_192', 'generator_193', 'generator_180', 'generator_194', 'generator_195', 'generator_196', 'generator_177', 'generator_198', 'generator_199', 'generator_200', 'generator_180', 'generator_166', 'generator_153', 'generator_147', 'generator_147', 'generator_205', 'generator_206', 'generator_207', 'generator_168', 'generator_153', 'generator_123', 'generator_177', 'generator_166', 'generator_212']
number opened: 2
TRIAL 25
Action chosen: (white, pink)
Outcome: False
partcle ids: ['generator_148', 'generator_198', 'generator_196', 'generator_148', 'generator_217', 'generator_218', 'generator_219', 'generator_196', 'generator_221', 'generator_196', 'generator_223', 'generator_123', 'generator_225', 'generator_195', 'generator_227', 'generator_148', 'generator_229', 'generator_230', 'generator_231', 'generator_148', 'generator_233', 'generator_234', 'generator_235', 'generator_75', 'generator_191', 'generator_205', 'generator_191', 'generator_205', 'generator_153', 'generator_240']
number opened: 2
TRIAL 26
Action chosen: (pink, pink)
Outcome: False
partcle ids: ['generator_148', 'generator_198', 'generator_196', 'generator_148', 'generator_217', 'generator_218', 'generator_219', 'generator_196', 'generator_221', 'generator_196', 'generator_223', 'generator_123', 'generator_225', 'generator_195', 'generator_227', 'generator_148', 'generator_229', 'generator_230', 'generator_231', 'generator_148', 'generator_233', 'generator_234', 'generator_235', 'generator_75', 'generator_191', 'generator_205', 'generator_191', 'generator_205', 'generator_153', 'generator_240']
number opened: 2
TRIAL 27
Action chosen: (blue, purple)
Outcome: False
partcle ids: ['generator_148', 'generator_198', 'generator_196', 'generator_148', 'generator_217', 'generator_218', 'generator_219', 'generator_196', 'generator_221', 'generator_196', 'generator_223', 'generator_123', 'generator_225', 'generator_195', 'generator_227', 'generator_148', 'generator_229', 'generator_230', 'generator_231', 'generator_148', 'generator_233', 'generator_234', 'generator_235', 'generator_75', 'generator_191', 'generator_205', 'generator_191', 'generator_205', 'generator_153', 'generator_240']
number opened: 2
TRIAL 28
Action chosen: (white, purple)
Outcome: False
partcle ids: ['generator_241', 'generator_225', 'generator_131', 'generator_243', 'generator_223', 'generator_234', 'generator_223', 'generator_223', 'generator_221', 'generator_249', 'generator_250', 'generator_75', 'generator_252', 'generator_148', 'generator_254', 'generator_218', 'generator_219', 'generator_123', 'generator_225', 'generator_257', 'generator_258', 'generator_200', 'generator_75', 'generator_221', 'generator_219', 'generator_260', 'generator_261', 'generator_262', 'generator_263', 'generator_153']
number opened: 2
TRIAL 29
Action chosen: (triangle, purple)
Outcome: False
partcle ids: ['generator_241', 'generator_225', 'generator_131', 'generator_243', 'generator_223', 'generator_234', 'generator_223', 'generator_223', 'generator_221', 'generator_249', 'generator_250', 'generator_75', 'generator_252', 'generator_148', 'generator_254', 'generator_218', 'generator_219', 'generator_123', 'generator_225', 'generator_257', 'generator_258', 'generator_200', 'generator_75', 'generator_221', 'generator_219', 'generator_260', 'generator_261', 'generator_262', 'generator_263', 'generator_153']
number opened: 2
TRIAL 30
Action chosen: (green3, purple)
Outcome: True
partcle ids: ['generator_153', 'generator_266', 'generator_225', 'generator_219', 'generator_250', 'generator_250', 'generator_225', 'generator_270', 'generator_123', 'generator_272', 'generator_225', 'generator_219', 'generator_250', 'generator_225', 'generator_219', 'generator_276', 'generator_219', 'generator_153', 'generator_278', 'generator_225', 'generator_280', 'generator_219', 'generator_219', 'generator_282', 'generator_219', 'generator_225', 'generator_250', 'generator_219', 'generator_271', 'generator_64']
number opened: 3
TRIAL 31
Action chosen: (diamond, blue)
Outcome: False
partcle ids: ['generator_153', 'generator_266', 'generator_225', 'generator_219', 'generator_250', 'generator_250', 'generator_225', 'generator_270', 'generator_123', 'generator_272', 'generator_225', 'generator_219', 'generator_250', 'generator_225', 'generator_219', 'generator_276', 'generator_219', 'generator_153', 'generator_278', 'generator_225', 'generator_280', 'generator_219', 'generator_219', 'generator_282', 'generator_219', 'generator_225', 'generator_250', 'generator_219', 'generator_271', 'generator_64']
number opened: 3
TRIAL 32
Action chosen: (grey2, pink)
Outcome: True
partcle ids: ['generator_184', 'number_match', 'generator_285', 'generator_286', 'generator_280', 'generator_184', 'generator_287', 'generator_225', 'generator_280', 'generator_286', 'generator_266', 'generator_280', 'generator_266', 'generator_286', 'generator_184', 'generator_266', 'generator_266', 'generator_285', 'generator_266', 'generator_266', 'generator_280', 'generator_184', 'generator_280', 'generator_266', 'generator_280', 'number_match', 'generator_266', 'generator_286', 'generator_286', 'generator_287']
number opened: 4
TRIAL 33
Action chosen: (cloud, blue)
Outcome: False
partcle ids: ['generator_184', 'number_match', 'generator_285', 'generator_286', 'generator_280', 'generator_184', 'generator_287', 'generator_225', 'generator_280', 'generator_286', 'generator_266', 'generator_280', 'generator_266', 'generator_286', 'generator_184', 'generator_266', 'generator_266', 'generator_285', 'generator_266', 'generator_266', 'generator_280', 'generator_184', 'generator_280', 'generator_266', 'generator_280', 'number_match', 'generator_266', 'generator_286', 'generator_286', 'generator_287']
number opened: 4
TRIAL 34
Action chosen: (blue, blue)
Outcome: False
partcle ids: ['generator_184', 'number_match', 'generator_285', 'generator_286', 'generator_280', 'generator_184', 'generator_287', 'generator_225', 'generator_280', 'generator_286', 'generator_266', 'generator_280', 'generator_266', 'generator_286', 'generator_184', 'generator_266', 'generator_266', 'generator_285', 'generator_266', 'generator_266', 'generator_280', 'generator_184', 'generator_280', 'generator_266', 'generator_280', 'number_match', 'generator_266', 'generator_286', 'generator_286', 'generator_287']
number opened: 4
TRIAL 35
Action chosen: (diamond, blue)
Outcome: False
partcle ids: ['generator_184', 'generator_184', 'number_match', 'generator_266', 'generator_266', 'generator_280', 'generator_184', 'number_match', 'generator_287', 'generator_266', 'generator_288', 'number_match', 'number_match', 'generator_266', 'number_match', 'generator_184', 'generator_266', 'generator_266', 'generator_280', 'generator_184', 'number_match', 'generator_285', 'number_match', 'generator_288', 'generator_287', 'generator_287', 'number_match', 'generator_184', 'generator_287', 'generator_184']
number opened: 4
TRIAL 36
Action chosen: (yellow5, blue)
Outcome: True
partcle ids: ['number_match', 'number_match', 'number_match', 'number_match', 'number_match', 'number_match', 'number_match', 'number_match', 'number_match', 'number_match', 'number_match', 'number_match', 'number_match', 'number_match', 'number_match', 'number_match', 'number_match', 'number_match', 'number_match', 'number_match', 'number_match', 'number_match', 'number_match', 'number_match', 'number_match', 'number_match', 'number_match', 'number_match', 'number_match', 'number_match']
number opened: 5
{"attempts": 36, "unique_key_box_pairs": 30, "revisit_attempts": 6, "revisit_rate": 0.17142857142857143, "attempts_before_abandoning_color_matching": 1, "color_matching_abandoned": true}
