{"Child_ID": "D008", "SoC_variant": "SoC-Gen", "theta": [19, 1], "p_gen": 0.9, "true_prior": 0.02, "run_number": 59, "seed": 6441136180505507839}
TRIAL 1
Action chosen: (diamond, blue)
Outcome: False
partcle ids: ['generator_1', 'generator_2', 'generator_3', 'generator_4', 'generator_5', 'similar_color_11', 'generator_6', 'generator_7', 'number_match', 'generator_8', 'generator_9', 'generator_10', 'generator_11', 'generator_12', 'generator_13', 'generator_14', 'generator_15', 'number_match', 'generator_16', 'generator_17', 'generator_18', 'generator_19', 'generator_20', 'generator_21', 'generator_22', 'generator_23', 'generator_24', 'generator_25', 'generator_26', 'generator_27']
number opened: 0
TRIAL 2
Action chosen: (red, red)
Outcome: True
partcle ids: ['generator_28', 'generator_12', 'generator_30', 'generator_10', 'generator_31', 'generator_32', 'generator_33', 'generator_34', 'generator_35', 'generator_36', 'generator_37', 'generator_38', 'generator_39', 'generator_40', 'generator_41', 'generator_42', 'generator_43', 'generator_44', 'generator_45', 'generator_46', 'generator_47', 'generator_48', 'generator_49', 'generator_12', 'generator_51', 'generator_52', 'generator_53', 'generator_12', 'generator_54', 'generator_55']
number opened: 1
TRIAL 3
Action chosen: (blue, purple)
Outcome: False
partcle ids: ['generator_28', 'generator_12', 'generator_30', 'generator_10', 'generator_31', 'generator_32', 'generator_33', 'generator_34', 'generator_35', 'generator_36', 'generator_37', 'generator_38', 'generator_39', 'generator_40', 'generator_41', 'generator_42', 'generator_43', 'generator_44', 'generator_45', 'generator_46', 'generator_47', 'generator_48', 'generator_49', 'generator_12', 'generator_51', 'generator_52', 'generator_53', 'generator_12', 'generator_54', 'generator_55']
number opened: 1
TRIAL 4
Action chosen: (heart, blue)
Outcome: False
partcle ids: ['generator_28', 'generator_12', 'generator_30', 'generator_10', 'generator_31', 'generator_32', 'generator_33', 'generator_34', 'generator_35', 'generator_36', 'generator_37', 'generator_38', 'generator_39', 'generator_40', 'generator_41', 'generator_42', 'generator_43', 'generator_44', 'generator_45', 'generator_46', 'generator_47', 'generator_48', 'generator_49', 'generator_12', 'generator_51', 'generator_52', 'generator_53', 'generator_12', 'generator_54', 'generator_55']
number opened: 1
TRIAL 5
Action chosen: (heart, white)
Outcome: False
partcle ids: ['generator_28', 'generator_12', 'generator_30', 'generator_10', 'generator_31', 'generator_32', 'generator_33', 'generator_34', 'generator_35', 'generator_36', 'generator_37', 'generator_38', 'generator_39', 'generator_40', 'generator_41', 'generator_42', 'generator_43', 'generator_44', 'generator_45', 'generator_46', 'generator_47', 'generator_48', 'generator_49', 'generator_12', 'generator_51', 'generator_52', 'generator_53', 'generator_12', 'generator_54', 'generator_55']
number opened: 1
TRIAL 6
Action chosen: (orange4, blue)
Outcome: False
partcle ids: ['generator_48', 'generator_40', 'generator_58', 'generator_35', 'generator_59', 'generator_60', 'generator_48', 'generator_62', 'generator_48', 'generator_63', 'generator_52', 'generator_41', 'generator_66', 'generator_53', 'generator_32', 'generator_67', 'generator_35', 'generator_52', 'generator_69', 'generator_70', 'generator_71', 'generator_72', 'generator_73', 'generator_74', 'generator_75', 'generator_76', 'generator_77', 'generator_78', 'generator_79', 'generator_47']
number opened: 1
TRIAL 7
Action chosen: (purple, pink)
Outcome: False
partcle ids: ['generator_48', 'generator_40', 'generator_58', 'generator_35', 'generator_59', 'generator_60', 'generator_48', 'generator_62', 'generator_48', 'generator_63', 'generator_52', 'generator_41', 'generator_66', 'generator_53', 'generator_32', 'generator_67', 'generator_35', 'generator_52', 'generator_69', 'generator_70', 'generator_71', 'generator_72', 'generator_73', 'generator_74', 'generator_75', 'generator_76', 'generator_77', 'generator_78', 'generator_79', 'generator_47']
number opened: 1
TRIAL 8
Action chosen: (white, blue)
Outcome: False
partcle ids: ['generator_48', 'generator_40', 'generator_58', 'generator_35', 'generator_59', 'generator_60', 'generator_48', 'generator_62', 'generator_48', 'generator_63', 'generator_52', 'generator_41', 'generator_66', 'generator_53', 'generator_32', 'generator_67', 'generator_35', 'generator_52', 'generator_69', 'generator_70', 'generator_71', 'generator_72', 'generator_73', 'generator_74', 'generator_75', 'generator_76', 'generator_77', 'generator_78', 'generator_79', 'generator_47']
number opened: 1
TRIAL 9
Action chosen: (green3, pink)
Outcome: False
partcle ids: ['generator_74', 'generator_80', 'generator_41', 'generator_82', 'generator_83', 'generator_84', 'generator_60', 'generator_86', 'generator_87', 'generator_60', 'generator_88', 'generator_79', 'generator_79', 'generator_91', 'generator_92', 'generator_93', 'generator_67', 'generator_73', 'generator_96', 'generator_97', 'generator_63', 'generator_99', 'generator_100', 'generator_77', 'generator_102', 'generator_69', 'generator_104', 'generator_105', 'generator_106', 'generator_107']
number opened: 1
TRIAL 10
Action chosen: (purple, blue)
Outcome: False
partcle ids: ['generator_74', 'generator_80', 'generator_41', 'generator_82', 'generator_83', 'generator_84', 'generator_60', 'generator_86', 'generator_87', 'generator_60', 'generator_88', 'generator_79', 'generator_79', 'generator_91', 'generator_92', 'generator_93', 'generator_67', 'generator_73', 'generator_96', 'generator_97', 'generator_63', 'generator_99', 'generator_100', 'generator_77', 'generator_102', 'generator_69', 'generator_104', 'generator_105', 'generator_106', 'generator_107']
number opened: 1
TRIAL 11
Action chosen: (pink, blue)
Outcome: False
partcle ids: ['generator_74', 'generator_80', 'generator_41', 'generator_82', 'generator_83', 'generator_84', 'generator_60', 'generator_86', 'generator_87', 'generator_60', 'generator_88', 'generator_79', 'generator_79', 'generator_91', 'generator_92', 'generator_93', 'generator_67', 'generator_73', 'generator_96', 'generator_97', 'generator_63', 'generator_99', 'generator_100', 'generator_77', 'generator_102', 'generator_69', 'generator_104', 'generator_105', 'generator_106', 'generator_107']
number opened: 1
TRIAL 12
Action chosen: (grey2, white)
Outcome: False
partcle ids: ['generator_74', 'generator_80', 'generator_41', 'generator_82', 'generator_83', 'generator_84', 'generator_60', 'generator_86', 'generator_87', 'generator_60', 'generator_88', 'generator_79', 'generator_79', 'generator_91', 'generator_92', 'generator_93', 'generator_67', 'generator_73', 'generator_96', 'generator_97', 'generator_63', 'generator_99', 'generator_100', 'generator_77', 'generator_102', 'generator_69', 'generator_104', 'generator_105', 'generator_106', 'generator_107']
number opened: 1
TRIAL 13
Action chosen: (white, pink)
Outcome: False
partcle ids: ['generator_105', 'generator_109', 'generator_80', 'generator_105', 'generator_112', 'generator_113', 'generator_67', 'generator_115', 'generator_116', 'generator_80', 'generator_105', 'generator_80', 'generator_120', 'generator_102', 'generator_122', 'generator_123', 'generator_124', 'generator_41', 'generator_99', 'generator_80', 'generator_126', 'generator_102', 'generator_128', 'generator_129', 'generator_130', 'generator_105', 'generator_131', 'generator_132', 'generator_133', 'generator_134']
number opened: 1
TRIAL 14
Action chosen: (triangle, pink)
Outcome: False
partcle ids: ['generator_105', 'generator_109', 'generator_80', 'generator_105', 'generator_112', 'generator_113', 'generator_67', 'generator_115', 'generator_116', 'generator_80', 'generator_105', 'generator_80', 'generator_120', 'generator_102', 'generator_122', 'generator_123', 'generator_124', 'generator_41', 'generator_99', 'generator_80', 'generator_126', 'generator_102', 'generator_128', 'generator_129', 'generator_130', 'generator_105', 'generator_131', 'generator_132', 'generator_133', 'generator_134']
number opened: 1
TRIAL 15
Action chosen: (diamond, white)
Outcome: False
partcle ids: ['generator_105', 'generator_109', 'generator_80', 'generator_105', 'generator_112', 'generator_113', 'generator_67', 'generator_115', 'generator_116', 'generator_80', 'generator_105', 'generator_80', 'generator_120', 'generator_102', 'generator_122', 'generator_123', 'generator_124', 'generator_41', 'generator_99', 'generator_80', 'generator_126', 'generator_102', 'generator_128', 'generator_129', 'generator_130', 'generator_105', 'generator_131', 'generator_132', 'generator_133', 'generator_134']
number opened: 1
TRIAL 16
Action chosen: (yellow5, pink)
Outcome: False
partcle ids: ['generator_134', 'generator_136', 'generator_137', 'generator_138', 'generator_122', 'generator_41', 'generator_140', 'generator_120', 'generator_41', 'generator_124', 'generator_41', 'generator_120', 'generator_122', 'generator_130', 'generator_134', 'generator_149', 'generator_124', 'generator_41', 'generator_152', 'generator_153', 'generator_134', 'generator_155', 'generator_134', 'generator_157', 'generator_124', 'generator_134', 'generator_122', 'generator_161', 'generator_130', 'generator_131']
number opened: 1
TRIAL 17
Action chosen: (grey2, pink)
Outcome: True
partcle ids: ['generator_152', 'generator_165', 'generator_166', 'generator_134', 'generator_136', 'generator_134', 'generator_134', 'generator_170', 'generator_134', 'generator_155', 'generator_134', 'generator_134', 'generator_175', 'generator_134', 'generator_177', 'generator_155', 'generator_134', 'generator_152', 'generator_134', 'generator_182', 'generator_136', 'generator_184', 'generator_134', 'generator_134', 'generator_134', 'generator_134', 'generator_152', 'generator_190', 'generator_191', 'generator_192']
number opened: 2
TRIAL 18
Action chosen: (pink, white)
Outcome: False
partcle ids: ['generator_152', 'generator_165', 'generator_166', 'generator_134', 'generator_136', 'generator_134', 'generator_134', 'generator_170', 'generator_134', 'generator_155', 'generator_134', 'generator_134', 'generator_175', 'generator_134', 'generator_177', 'generator_155', 'generator_134', 'generator_152', 'generator_134', 'generator_182', 'generator_136', 'generator_184', 'generator_134', 'generator_134', 'generator_134', 'generator_134', 'generator_152', 'generator_190', 'generator_191', 'generator_192']
number opened: 2
TRIAL 19
Action chosen: (blue, blue)
Outcome: False
partcle ids: ['generator_152', 'generator_166', 'generator_177', 'generator_196', 'generator_166', 'generator_152', 'generator_199', 'generator_184', 'generator_136', 'generator_201', 'generator_152', 'generator_203', 'generator_204', 'generator_152', 'generator_206', 'generator_166', 'generator_190', 'generator_208', 'generator_166', 'generator_210', 'generator_211', 'generator_152', 'generator_213', 'generator_166', 'generator_152', 'generator_165', 'generator_217', 'generator_177', 'generator_170', 'generator_152']
number opened: 2
TRIAL 20
Action chosen: (pink, purple)
Outcome: False
partcle ids: ['generator_152', 'generator_166', 'generator_177', 'generator_196', 'generator_166', 'generator_152', 'generator_199', 'generator_184', 'generator_136', 'generator_201', 'generator_152', 'generator_203', 'generator_204', 'generator_152', 'generator_206', 'generator_166', 'generator_190', 'generator_208', 'generator_166', 'generator_210', 'generator_211', 'generator_152', 'generator_213', 'generator_166', 'generator_152', 'generator_165', 'generator_217', 'generator_177', 'generator_170', 'generator_152']
number opened: 2
TRIAL 21
Action chosen: (cloud, blue)
Outcome: False
partcle ids: ['generator_136', 'generator_222', 'generator_184', 'generator_136', 'generator_206', 'generator_226', 'generator_227', 'generator_228', 'generator_204', 'generator_206', 'generator_201', 'order_match', 'generator_232', 'generator_217', 'generator_210', 'generator_217', 'generator_236', 'generator_197', 'generator_136', 'generator_238', 'generator_204', 'generator_240', 'generator_241', 'generator_242', 'generator_243', 'generator_210', 'generator_245', 'generator_199', 'generator_246', 'generator_203']
number opened: 2
TRIAL 22
Action chosen: (green3, blue)
Outcome: False
partcle ids: ['generator_136', 'generator_222', 'generator_184', 'generator_136', 'generator_206', 'generator_226', 'generator_227', 'generator_228', 'generator_204', 'generator_206', 'generator_201', 'order_match', 'generator_232', 'generator_217', 'generator_210', 'generator_217', 'generator_236', 'generator_197', 'generator_136', 'generator_238', 'generator_204', 'generator_240', 'generator_241', 'generator_242', 'generator_243', 'generator_210', 'generator_245', 'generator_199', 'generator_246', 'generator_203']
number opened: 2
TRIAL 23
Action chosen: (triangle, blue)
Outcome: False
partcle ids: ['generator_136', 'generator_222', 'generator_184', 'generator_136', 'generator_206', 'generator_226', 'generator_227', 'generator_228', 'generator_204', 'generator_206', 'generator_201', 'order_match', 'generator_232', 'generator_217', 'generator_210', 'generator_217', 'generator_236', 'generator_197', 'generator_136', 'generator_238', 'generator_204', 'generator_240', 'generator_241', 'generator_242', 'generator_243', 'generator_210', 'generator_245', 'generator_199', 'generator_246', 'generator_203']
number opened: 2
TRIAL 24
Action chosen: (yellow5, blue)
Outcome: True
partcle ids: ['generator_238', 'generator_228', 'generator_238', 'generator_250', 'generator_251', 'generator_252', 'generator_243', 'generator_201', 'generator_254', 'generator_255', 'generator_238', 'generator_242', 'generator_201', 'generator_259', 'generator_260', 'generator_261', 'generator_262', 'generator_238', 'order_match', 'generator_262', 'generator_265', 'generator_266', 'generator_267', 'generator_243', 'generator_269', 'generator_270', 'generator_238', 'generator_259', 'generator_243', 'generator_238']
number opened: 3
TRIAL 25
Action chosen: (cloud, purple)
Outcome: False
partcle ids: ['generator_238', 'generator_228', 'generator_238', 'generator_250', 'generator_251', 'generator_252', 'generator_243', 'generator_201', 'generator_254', 'generator_255', 'generator_238', 'generator_242', 'generator_201', 'generator_259', 'generator_260', 'generator_261', 'generator_262', 'generator_238', 'order_match', 'generator_262', 'generator_265', 'generator_266', 'generator_267', 'generator_243', 'generator_269', 'generator_270', 'generator_238', 'generator_259', 'generator_243', 'generator_238']
number opened: 3
TRIAL 26
Action chosen: (triangle, purple)
Outcome: False
partcle ids: ['generator_238', 'generator_228', 'generator_238', 'generator_250', 'generator_251', 'generator_252', 'generator_243', 'generator_201', 'generator_254', 'generator_255', 'generator_238', 'generator_242', 'generator_201', 'generator_259', 'generator_260', 'generator_261', 'generator_262', 'generator_238', 'order_match', 'generator_262', 'generator_265', 'generator_266', 'generator_267', 'generator_243', 'generator_269', 'generator_270', 'generator_238', 'generator_259', 'generator_243', 'generator_238']
number opened: 3
TRIAL 27
Action chosen: (orange4, purple)
Outcome: False
partcle ids: ['generator_271', 'generator_267', 'generator_262', 'generator_171', 'generator_267', 'generator_269', 'number_match', 'generator_171', 'generator_273', 'generator_274', 'generator_275', 'generator_255', 'generator_276', 'generator_267', 'generator_278', 'generator_279', 'generator_265', 'generator_280', 'generator_274', 'generator_252', 'generator_282', 'generator_266', 'generator_262', 'generator_269', 'generator_284', 'generator_285', 'generator_286', 'generator_254', 'generator_288', 'generator_208']
number opened: 3
TRIAL 28
Action chosen: (orange4, white)
Outcome: True
partcle ids: ['generator_289', 'number_match', 'number_match', 'generator_290', 'generator_270', 'generator_270', 'generator_290', 'generator_276', 'generator_276', 'generator_276', 'generator_276', 'number_match', 'generator_262', 'generator_262', 'generator_289', 'generator_274', 'generator_276', 'generator_262', 'number_match', 'generator_289', 'generator_262', 'generator_276', 'generator_289', 'generator_289', 'generator_276', 'generator_276', 'number_match', 'generator_262', 'generator_262', 'generator_276']
number opened: 4
TRIAL 29
Action chosen: (heart, purple)
Outcome: False
partcle ids: ['generator_289', 'number_match', 'number_match', 'generator_290', 'generator_270', 'generator_270', 'generator_290', 'generator_276', 'generator_276', 'generator_276', 'generator_276', 'number_match', 'generator_262', 'generator_262', 'generator_289', 'generator_274', 'generator_276', 'generator_262', 'number_match', 'generator_289', 'generator_262', 'generator_276', 'generator_289', 'generator_289', 'generator_276', 'generator_276', 'number_match', 'generator_262', 'generator_262', 'generator_276']
number opened: 4
TRIAL 30
Action chosen: (white, purple)
Outcome: False
partcle ids: ['generator_289', 'number_match', 'number_match', 'generator_290', 'generator_270', 'generator_270', 'generator_290', 'generator_276', 'generator_276', 'generator_276', 'generator_276', 'number_match', 'generator_262', 'generator_262', 'generator_289', 'generator_274', 'generator_276', 'generator_262', 'number_match', 'generator_289', 'generator_262', 'generator_276', 'generator_289', 'generator_289', 'generator_276', 'generator_276', 'number_match', 'generator_262', 'generator_262', 'generator_276']
number opened: 4
TRIAL 31
Action chosen: (green3, purple)
Outcome: True
partcle ids: ['number_match', 'number_match', 'number_match', 'number_match', 'number_match', 'number_match', 'number_match', 'number_match', 'number_match', 'number_match', 'number_match', 'number_match', 'number_match', 'number_match', 'number_match', 'number_match', 'number_match', 'number_match', 'number_match', 'number_match', 'number_match', 'number_match', 'number_match', 'number_match', 'number_match', 'number_match', 'number_match', 'number_match', 'number_match', 'number_match']
number opened: 5
{"attempts": 31, "unique_key_box_pairs": 31, "revisit_attempts": 0, "revisit_rate": 0.0, "attempts_before_abandoning_color_matching": 0, "color_matching_abandoned": true}
