{"Child_ID": "D008", "SoC_variant": "SoC-Gen", "theta": [19, 1], "p_gen": 0.9, "true_prior": 0.02, "run_number": 30, "seed": 378272775031910717}
TRIAL 1
Action chosen: (cloud, white)
Outcome: False
partcle ids: ['generator_1', 'generator_2', 'generator_3', 'generator_4', 'generator_5', 'generator_6', 'generator_7', 'generator_8', 'similar_color_5', 'generator_9', 'generator_10', 'generator_11', 'generator_12', 'generator_13', 'generator_14', 'generator_15', 'shape_match', 'generator_16', 'generator_17', 'generator_18', 'generator_19', 'generator_20', 'similar_color_9', 'generator_21', 'generator_22', 'generator_23', 'generator_24', 'generator_25', 'generator_26', 'generator_27']
number opened: 0
TRIAL 2
Action chosen: (heart, red)
Outcome: False
partcle ids: ['generator_1', 'generator_2', 'generator_3', 'generator_4', 'generator_5', 'generator_6', 'generator_7', 'generator_8', 'similar_color_5', 'generator_9', 'generator_10', 'generator_11', 'generator_12', 'generator_13', 'generator_14', 'generator_15', 'shape_match', 'generator_16', 'generator_17', 'generator_18', 'generator_19', 'generator_20', 'similar_color_9', 'generator_21', 'generator_22', 'generator_23', 'generator_24', 'generator_25', 'generator_26', 'generator_27']
number opened: 0
TRIAL 3
Action chosen: (pink, white)
Outcome: False
partcle ids: ['generator_1', 'generator_2', 'generator_3', 'generator_4', 'generator_5', 'generator_6', 'generator_7', 'generator_8', 'similar_color_5', 'generator_9', 'generator_10', 'generator_11', 'generator_12', 'generator_13', 'generator_14', 'generator_15', 'shape_match', 'generator_16', 'generator_17', 'generator_18', 'generator_19', 'generator_20', 'similar_color_9', 'generator_21', 'generator_22', 'generator_23', 'generator_24', 'generator_25', 'generator_26', 'generator_27']
number opened: 0
TRIAL 4
Action chosen: (heart, blue)
Outcome: False
partcle ids: ['generator_28', 'generator_29', 'generator_30', 'generator_31', 'generator_32', 'generator_25', 'generator_14', 'generator_18', 'generator_34', 'generator_26', 'generator_36', 'generator_37', 'generator_25', 'generator_6', 'generator_14', 'generator_40', 'generator_41', 'generator_42', 'generator_14', 'generator_43', 'generator_24', 'generator_44', 'generator_22', 'generator_46', 'generator_47', 'generator_48', 'generator_49', 'generator_19', 'generator_51', 'generator_52']
number opened: 0
TRIAL 5
Action chosen: (grey2, pink)
Outcome: True
partcle ids: ['generator_53', 'generator_54', 'generator_44', 'generator_48', 'generator_57', 'generator_58', 'generator_59', 'generator_60', 'generator_44', 'generator_62', 'generator_63', 'generator_32', 'generator_65', 'generator_66', 'generator_67', 'generator_68', 'generator_48', 'generator_70', 'generator_71', 'generator_72', 'generator_73', 'generator_18', 'generator_75', 'generator_76', 'generator_77', 'generator_78', 'generator_44', 'generator_29', 'generator_81', 'generator_48']
number opened: 1
TRIAL 6
Action chosen: (orange4, white)
Outcome: True
partcle ids: ['generator_83', 'generator_84', 'generator_85', 'generator_86', 'generator_87', 'generator_88', 'generator_89', 'generator_90', 'generator_91', 'generator_92', 'generator_93', 'generator_94', 'generator_95', 'generator_96', 'generator_97', 'generator_54', 'generator_72', 'generator_100', 'generator_101', 'generator_102', 'generator_103', 'generator_104', 'generator_105', 'generator_106', 'generator_90', 'generator_107', 'generator_108', 'generator_109', 'generator_81', 'generator_65']
number opened: 2
TRIAL 7
Action chosen: (triangle, red)
Outcome: False
partcle ids: ['generator_83', 'generator_84', 'generator_85', 'generator_86', 'generator_87', 'generator_88', 'generator_89', 'generator_90', 'generator_91', 'generator_92', 'generator_93', 'generator_94', 'generator_95', 'generator_96', 'generator_97', 'generator_54', 'generator_72', 'generator_100', 'generator_101', 'generator_102', 'generator_103', 'generator_104', 'generator_105', 'generator_106', 'generator_90', 'generator_107', 'generator_108', 'generator_109', 'generator_81', 'generator_65']
number opened: 2
TRIAL 8
Action chosen: (blue, blue)
Outcome: False
partcle ids: ['generator_83', 'generator_84', 'generator_85', 'generator_86', 'generator_87', 'generator_88', 'generator_89', 'generator_90', 'generator_91', 'generator_92', 'generator_93', 'generator_94', 'generator_95', 'generator_96', 'generator_97', 'generator_54', 'generator_72', 'generator_100', 'generator_101', 'generator_102', 'generator_103', 'generator_104', 'generator_105', 'generator_106', 'generator_90', 'generator_107', 'generator_108', 'generator_109', 'generator_81', 'generator_65']
number opened: 2
TRIAL 9
Action chosen: (purple, purple)
Outcome: False
partcle ids: ['generator_83', 'generator_84', 'generator_85', 'generator_86', 'generator_87', 'generator_88', 'generator_89', 'generator_90', 'generator_91', 'generator_92', 'generator_93', 'generator_94', 'generator_95', 'generator_96', 'generator_97', 'generator_54', 'generator_72', 'generator_100', 'generator_101', 'generator_102', 'generator_103', 'generator_104', 'generator_105', 'generator_106', 'generator_90', 'generator_107', 'generator_108', 'generator_109', 'generator_81', 'generator_65']
number opened: 2
TRIAL 10
Action chosen: (triangle, blue)
Outcome: False
partcle ids: ['generator_112', 'generator_113', 'generator_65', 'generator_115', 'generator_54', 'generator_117', 'generator_118', 'generator_119', 'generator_86', 'generator_121', 'generator_104', 'generator_123', 'generator_124', 'generator_125', 'generator_126', 'generator_109', 'generator_86', 'generator_127', 'generator_128', 'generator_129', 'generator_130', 'generator_131', 'generator_132', 'generator_133', 'generator_65', 'generator_65', 'generator_136', 'generator_137', 'generator_138', 'generator_139']
number opened: 2
TRIAL 11
Action chosen: (red, red)
Outcome: True
partcle ids: ['generator_54', 'generator_65', 'generator_65', 'generator_118', 'generator_65', 'generator_142', 'generator_143', 'generator_54', 'generator_145', 'generator_146', 'generator_133', 'generator_65', 'generator_133', 'generator_149', 'generator_150', 'generator_149', 'generator_123', 'generator_152', 'generator_153', 'generator_149', 'generator_154', 'generator_155', 'generator_156', 'generator_133', 'generator_157', 'generator_158', 'generator_159', 'generator_133', 'generator_161', 'generator_150']
number opened: 3
TRIAL 12
Action chosen: (white, purple)
Outcome: False
partcle ids: ['generator_54', 'generator_65', 'generator_65', 'generator_118', 'generator_65', 'generator_142', 'generator_143', 'generator_54', 'generator_145', 'generator_146', 'generator_133', 'generator_65', 'generator_133', 'generator_149', 'generator_150', 'generator_149', 'generator_123', 'generator_152', 'generator_153', 'generator_149', 'generator_154', 'generator_155', 'generator_156', 'generator_133', 'generator_157', 'generator_158', 'generator_159', 'generator_133', 'generator_161', 'generator_150']
number opened: 3
TRIAL 13
Action chosen: (diamond, blue)
Outcome: False
partcle ids: ['generator_54', 'generator_65', 'generator_65', 'generator_118', 'generator_65', 'generator_142', 'generator_143', 'generator_54', 'generator_145', 'generator_146', 'generator_133', 'generator_65', 'generator_133', 'generator_149', 'generator_150', 'generator_149', 'generator_123', 'generator_152', 'generator_153', 'generator_149', 'generator_154', 'generator_155', 'generator_156', 'generator_133', 'generator_157', 'generator_158', 'generator_159', 'generator_133', 'generator_161', 'generator_150']
number opened: 3
TRIAL 14
Action chosen: (heart, purple)
Outcome: False
partcle ids: ['generator_156', 'generator_156', 'generator_118', 'generator_145', 'generator_163', 'generator_158', 'generator_165', 'generator_153', 'generator_166', 'generator_156', 'generator_161', 'generator_118', 'generator_146', 'generator_169', 'generator_153', 'generator_145', 'generator_172', 'generator_156', 'generator_123', 'generator_146', 'generator_158', 'generator_156', 'generator_154', 'generator_177', 'generator_178', 'generator_170', 'generator_123', 'generator_161', 'generator_180', 'generator_145']
number opened: 3
TRIAL 15
Action chosen: (green3, purple)
Outcome: True
partcle ids: ['generator_181', 'number_match', 'generator_156', 'generator_183', 'generator_156', 'generator_156', 'generator_156', 'generator_183', 'generator_161', 'generator_181', 'generator_156', 'generator_161', 'generator_156', 'generator_181', 'generator_156', 'generator_183', 'generator_156', 'generator_161', 'generator_156', 'generator_156', 'generator_161', 'generator_156', 'generator_183', 'generator_149', 'generator_183', 'generator_156', 'generator_161', 'generator_161', 'generator_161', 'generator_161']
number opened: 4
TRIAL 16
Action chosen: (pink, blue)
Outcome: False
partcle ids: ['generator_181', 'number_match', 'generator_156', 'generator_183', 'generator_156', 'generator_156', 'generator_156', 'generator_183', 'generator_161', 'generator_181', 'generator_156', 'generator_161', 'generator_156', 'generator_181', 'generator_156', 'generator_183', 'generator_156', 'generator_161', 'generator_156', 'generator_156', 'generator_161', 'generator_156', 'generator_183', 'generator_149', 'generator_183', 'generator_156', 'generator_161', 'generator_161', 'generator_161', 'generator_161']
number opened: 4
TRIAL 17
Action chosen: (purple, blue)
Outcome: False
partcle ids: ['generator_183', 'generator_181', 'generator_181', 'generator_183', 'generator_183', 'generator_181', 'number_match', 'number_match', 'generator_183', 'generator_148', 'generator_181', 'generator_181', 'generator_181', 'generator_181', 'number_match', 'generator_183', 'generator_183', 'generator_183', 'number_match', 'number_match', 'generator_183', 'generator_156', 'generator_183', 'number_match', 'generator_183', 'generator_181', 'generator_183', 'generator_183', 'generator_183', 'generator_181']
number opened: 4
TRIAL 18
Action chosen: (white, blue)
Outcome: False
partcle ids: ['generator_183', 'generator_181', 'generator_181', 'generator_183', 'generator_183', 'generator_181', 'number_match', 'number_match', 'generator_183', 'generator_148', 'generator_181', 'generator_181', 'generator_181', 'generator_181', 'number_match', 'generator_183', 'generator_183', 'generator_183', 'number_match', 'number_match', 'generator_183', 'generator_156', 'generator_183', 'number_match', 'generator_183', 'generator_181', 'generator_183', 'generator_183', 'generator_183', 'generator_181']
number opened: 4
TRIAL 19
Action chosen: (cloud, blue)
Outcome: False
partcle ids: ['number_match', 'number_match', 'generator_161', 'number_match', 'generator_182', 'number_match', 'generator_182', 'generator_172', 'number_match', 'generator_182', 'number_match', 'generator_172', 'number_match', 'number_match', 'number_match', 'generator_156', 'number_match', 'number_match', 'generator_149', 'number_match', 'number_match', 'generator_182', 'number_match', 'number_match', 'number_match', 'number_match', 'number_match', 'generator_183', 'number_match', 'number_match']
number opened: 4
TRIAL 20
Action chosen: (yellow5, blue)
Outcome: True
partcle ids: ['number_match', 'number_match', 'generator_161', 'number_match', 'generator_182', 'number_match', 'generator_182', 'generator_172', 'number_match', 'generator_182', 'number_match', 'generator_172', 'number_match', 'number_match', 'number_match', 'generator_156', 'number_match', 'number_match', 'generator_149', 'number_match', 'number_match', 'generator_182', 'number_match', 'number_match', 'number_match', 'number_match', 'number_match', 'generator_183', 'number_match', 'number_match']
number opened: 5
{"attempts": 20, "unique_key_box_pairs": 20, "revisit_attempts": 0, "revisit_rate": 0.0, "attempts_before_abandoning_color_matching": 0, "color_matching_abandoned": true}
