{"Child_ID": "D078", "SoC_variant": "SoC-Full", "theta": [6, 1], "p_gen": 0.7, "true_prior": 0.02, "run_number": 65, "seed": 6845567783655747227}
TRIAL 1
Action chosen: (purple, purple)
Outcome: False
partcle ids: ['similar_color_4', 'generator_1', 'color_match', 'generator_2', 'generator_3', 'similar_color_4', 'similar_color_2', 'generator_4', 'color_match', 'generator_5', 'similar_color_3', 'generator_6', 'similar_color_11', 'generator_7', 'generator_8', 'generator_9', 'generator_10', 'generator_11', 'generator_12', 'generator_13', 'generator_14', 'generator_15', 'generator_16', 'similar_color_3', 'similar_color_4', 'generator_17', 'similar_color_6', 'generator_18', 'generator_19', 'generator_20']
number opened: 0
TRIAL 2
Action chosen: (diamond, purple)
Outcome: False
partcle ids: ['similar_color_4', 'generator_1', 'color_match', 'generator_2', 'generator_3', 'similar_color_4', 'similar_color_2', 'generator_4', 'color_match', 'generator_5', 'similar_color_3', 'generator_6', 'similar_color_11', 'generator_7', 'generator_8', 'generator_9', 'generator_10', 'generator_11', 'generator_12', 'generator_13', 'generator_14', 'generator_15', 'generator_16', 'similar_color_3', 'similar_color_4', 'generator_17', 'similar_color_6', 'generator_18', 'generator_19', 'generator_20']
number opened: 0
TRIAL 3
Action chosen: (cloud, purple)
Outcome: False
partcle ids: ['similar_color_4', 'generator_1', 'color_match', 'generator_2', 'generator_3', 'similar_color_4', 'similar_color_2', 'generator_4', 'color_match', 'generator_5', 'similar_color_3', 'generator_6', 'similar_color_11', 'generator_7', 'generator_8', 'generator_9', 'generator_10', 'generator_11', 'generator_12', 'generator_13', 'generator_14', 'generator_15', 'generator_16', 'similar_color_3', 'similar_color_4', 'generator_17', 'similar_color_6', 'generator_18', 'generator_19', 'generator_20']
number opened: 0
TRIAL 4
Action chosen: (red, red)
Outcome: True
partcle ids: ['similar_color_13', 'generator_21', 'generator_22', 'generator_18', 'generator_23', 'generator_24', 'generator_25', 'generator_26', 'generator_27', 'generator_28', 'generator_18', 'similar_color_2', 'number_match', 'generator_30', 'generator_31', 'generator_18', 'generator_33', 'generator_34', 'generator_35', 'generator_18', 'generator_18', 'similar_color_5', 'generator_37', 'generator_38', 'generator_18', 'generator_39', 'generator_40', 'generator_41', 'generator_18', 'generator_18']
number opened: 1
TRIAL 5
Action chosen: (yellow5, purple)
Outcome: False
partcle ids: ['similar_color_13', 'generator_21', 'generator_22', 'generator_18', 'generator_23', 'generator_24', 'generator_25', 'generator_26', 'generator_27', 'generator_28', 'generator_18', 'similar_color_2', 'number_match', 'generator_30', 'generator_31', 'generator_18', 'generator_33', 'generator_34', 'generator_35', 'generator_18', 'generator_18', 'similar_color_5', 'generator_37', 'generator_38', 'generator_18', 'generator_39', 'generator_40', 'generator_41', 'generator_18', 'generator_18']
number opened: 1
TRIAL 6
Action chosen: (purple, purple)
Outcome: False
partcle ids: ['similar_color_13', 'generator_21', 'generator_22', 'generator_18', 'generator_23', 'generator_24', 'generator_25', 'generator_26', 'generator_27', 'generator_28', 'generator_18', 'similar_color_2', 'number_match', 'generator_30', 'generator_31', 'generator_18', 'generator_33', 'generator_34', 'generator_35', 'generator_18', 'generator_18', 'similar_color_5', 'generator_37', 'generator_38', 'generator_18', 'generator_39', 'generator_40', 'generator_41', 'generator_18', 'generator_18']
number opened: 1
TRIAL 7
Action chosen: (grey2, pink)
Outcome: True
partcle ids: ['generator_21', 'generator_44', 'generator_45', 'generator_46', 'generator_47', 'generator_48', 'generator_38', 'generator_38', 'generator_21', 'generator_52', 'generator_53', 'generator_54', 'generator_55', 'generator_56', 'generator_38', 'generator_57', 'generator_58', 'generator_21', 'generator_38', 'number_match', 'generator_22', 'generator_38', 'generator_63', 'generator_64', 'generator_65', 'generator_66', 'generator_67', 'generator_68', 'generator_69', 'generator_70']
number opened: 2
TRIAL 8
Action chosen: (green3, purple)
Outcome: True
partcle ids: ['generator_71', 'generator_72', 'generator_73', 'generator_74', 'generator_75', 'generator_76', 'generator_72', 'generator_77', 'generator_78', 'generator_79', 'generator_72', 'generator_80', 'generator_81', 'generator_82', 'generator_83', 'generator_84', 'generator_85', 'generator_86', 'generator_87', 'generator_88', 'generator_89', 'generator_82', 'generator_90', 'generator_91', 'generator_86', 'generator_92', 'generator_93', 'generator_77', 'generator_94', 'generator_95']
number opened: 3
TRIAL 9
Action chosen: (purple, white)
Outcome: False
partcle ids: ['generator_71', 'generator_72', 'generator_73', 'generator_74', 'generator_75', 'generator_76', 'generator_72', 'generator_77', 'generator_78', 'generator_79', 'generator_72', 'generator_80', 'generator_81', 'generator_82', 'generator_83', 'generator_84', 'generator_85', 'generator_86', 'generator_87', 'generator_88', 'generator_89', 'generator_82', 'generator_90', 'generator_91', 'generator_86', 'generator_92', 'generator_93', 'generator_77', 'generator_94', 'generator_95']
number opened: 3
TRIAL 10
Action chosen: (diamond, white)
Outcome: False
partcle ids: ['generator_71', 'generator_72', 'generator_73', 'generator_74', 'generator_75', 'generator_76', 'generator_72', 'generator_77', 'generator_78', 'generator_79', 'generator_72', 'generator_80', 'generator_81', 'generator_82', 'generator_83', 'generator_84', 'generator_85', 'generator_86', 'generator_87', 'generator_88', 'generator_89', 'generator_82', 'generator_90', 'generator_91', 'generator_86', 'generator_92', 'generator_93', 'generator_77', 'generator_94', 'generator_95']
number opened: 3
TRIAL 11
Action chosen: (purple, blue)
Outcome: False
partcle ids: ['generator_71', 'generator_72', 'generator_73', 'generator_74', 'generator_75', 'generator_76', 'generator_72', 'generator_77', 'generator_78', 'generator_79', 'generator_72', 'generator_80', 'generator_81', 'generator_82', 'generator_83', 'generator_84', 'generator_85', 'generator_86', 'generator_87', 'generator_88', 'generator_89', 'generator_82', 'generator_90', 'generator_91', 'generator_86', 'generator_92', 'generator_93', 'generator_77', 'generator_94', 'generator_95']
number opened: 3
TRIAL 12
Action chosen: (orange4, blue)
Outcome: False
partcle ids: ['generator_81', 'generator_90', 'generator_97', 'generator_98', 'generator_90', 'generator_99', 'generator_71', 'generator_100', 'generator_71', 'generator_93', 'generator_71', 'generator_75', 'generator_101', 'generator_102', 'generator_103', 'generator_104', 'generator_71', 'generator_85', 'generator_83', 'generator_91', 'generator_107', 'generator_81', 'generator_108', 'generator_109', 'generator_110', 'generator_111', 'generator_86', 'generator_112', 'generator_91', 'generator_85']
number opened: 3
TRIAL 13
Action chosen: (blue, blue)
Outcome: False
partcle ids: ['generator_81', 'generator_90', 'generator_97', 'generator_98', 'generator_90', 'generator_99', 'generator_71', 'generator_100', 'generator_71', 'generator_93', 'generator_71', 'generator_75', 'generator_101', 'generator_102', 'generator_103', 'generator_104', 'generator_71', 'generator_85', 'generator_83', 'generator_91', 'generator_107', 'generator_81', 'generator_108', 'generator_109', 'generator_110', 'generator_111', 'generator_86', 'generator_112', 'generator_91', 'generator_85']
number opened: 3
TRIAL 14
Action chosen: (diamond, blue)
Outcome: False
partcle ids: ['generator_81', 'generator_90', 'generator_97', 'generator_98', 'generator_90', 'generator_99', 'generator_71', 'generator_100', 'generator_71', 'generator_93', 'generator_71', 'generator_75', 'generator_101', 'generator_102', 'generator_103', 'generator_104', 'generator_71', 'generator_85', 'generator_83', 'generator_91', 'generator_107', 'generator_81', 'generator_108', 'generator_109', 'generator_110', 'generator_111', 'generator_86', 'generator_112', 'generator_91', 'generator_85']
number opened: 3
TRIAL 15
Action chosen: (cloud, blue)
Outcome: False
partcle ids: ['generator_81', 'generator_90', 'generator_97', 'generator_98', 'generator_90', 'generator_99', 'generator_71', 'generator_100', 'generator_71', 'generator_93', 'generator_71', 'generator_75', 'generator_101', 'generator_102', 'generator_103', 'generator_104', 'generator_71', 'generator_85', 'generator_83', 'generator_91', 'generator_107', 'generator_81', 'generator_108', 'generator_109', 'generator_110', 'generator_111', 'generator_86', 'generator_112', 'generator_91', 'generator_85']
number opened: 3
TRIAL 16
Action chosen: (heart, blue)
Outcome: False
partcle ids: ['generator_81', 'generator_90', 'generator_97', 'generator_98', 'generator_90', 'generator_99', 'generator_71', 'generator_100', 'generator_71', 'generator_93', 'generator_71', 'generator_75', 'generator_101', 'generator_102', 'generator_103', 'generator_104', 'generator_71', 'generator_85', 'generator_83', 'generator_91', 'generator_107', 'generator_81', 'generator_108', 'generator_109', 'generator_110', 'generator_111', 'generator_86', 'generator_112', 'generator_91', 'generator_85']
number opened: 3
TRIAL 17
Action chosen: (heart, white)
Outcome: False
partcle ids: ['generator_81', 'generator_81', 'generator_81', 'generator_81', 'generator_117', 'generator_103', 'generator_81', 'generator_102', 'generator_118', 'generator_78', 'generator_98', 'generator_98', 'generator_120', 'generator_71', 'generator_100', 'generator_101', 'generator_91', 'generator_98', 'generator_101', 'generator_122', 'generator_123', 'generator_124', 'generator_125', 'generator_126', 'generator_81', 'generator_76', 'generator_127', 'generator_81', 'generator_100', 'generator_100']
number opened: 3
TRIAL 18
Action chosen: (yellow5, blue)
Outcome: True
partcle ids: ['generator_125', 'generator_126', 'generator_125', 'generator_129', 'generator_81', 'number_match', 'generator_81', 'generator_130', 'generator_125', 'generator_126', 'generator_130', 'generator_81', 'generator_126', 'generator_125', 'number_match', 'number_match', 'number_match', 'generator_81', 'generator_125', 'generator_126', 'generator_129', 'generator_130', 'generator_125', 'generator_81', 'generator_125', 'generator_81', 'generator_126', 'generator_81', 'generator_125', 'generator_125']
number opened: 4
TRIAL 19
Action chosen: (cloud, white)
Outcome: False
partcle ids: ['generator_125', 'generator_126', 'generator_125', 'generator_129', 'generator_81', 'number_match', 'generator_81', 'generator_130', 'generator_125', 'generator_126', 'generator_130', 'generator_81', 'generator_126', 'generator_125', 'number_match', 'number_match', 'number_match', 'generator_81', 'generator_125', 'generator_126', 'generator_129', 'generator_130', 'generator_125', 'generator_81', 'generator_125', 'generator_81', 'generator_126', 'generator_81', 'generator_125', 'generator_125']
number opened: 4
TRIAL 20
Action chosen: (blue, white)
Outcome: False
partcle ids: ['generator_125', 'generator_126', 'generator_125', 'generator_129', 'generator_81', 'number_match', 'generator_81', 'generator_130', 'generator_125', 'generator_126', 'generator_130', 'generator_81', 'generator_126', 'generator_125', 'number_match', 'number_match', 'number_match', 'generator_81', 'generator_125', 'generator_126', 'generator_129', 'generator_130', 'generator_125', 'generator_81', 'generator_125', 'generator_81', 'generator_126', 'generator_81', 'generator_125', 'generator_125']
number opened: 4
TRIAL 21
Action chosen: (pink, white)
Outcome: False
partcle ids: ['generator_130', 'number_match', 'generator_126', 'generator_130', 'number_match', 'number_match', 'generator_129', 'generator_129', 'number_match', 'number_match', 'generator_129', 'generator_129', 'generator_129', 'generator_130', 'generator_132', 'generator_81', 'generator_130', 'generator_131', 'number_match', 'number_match', 'generator_130', 'generator_132', 'generator_129', 'generator_125', 'generator_126', 'number_match', 'number_match', 'generator_81', 'generator_130', 'generator_129']
number opened: 4
TRIAL 22
Action chosen: (orange4, white)
Outcome: True
partcle ids: ['number_match', 'number_match', 'number_match', 'number_match', 'number_match', 'number_match', 'number_match', 'number_match', 'number_match', 'number_match', 'number_match', 'number_match', 'number_match', 'number_match', 'number_match', 'number_match', 'number_match', 'number_match', 'number_match', 'number_match', 'number_match', 'number_match', 'number_match', 'number_match', 'number_match', 'number_match', 'number_match', 'number_match', 'number_match', 'number_match']
number opened: 5
{"attempts": 22, "unique_key_box_pairs": 21, "revisit_attempts": 1, "revisit_rate": 0.047619047619047616, "attempts_before_abandoning_color_matching": 1, "color_matching_abandoned": true}
