{"Child_ID": "D078", "SoC_variant": "SoC-Full", "theta": [6, 1], "p_gen": 0.7, "true_prior": 0.02, "run_number": 8, "seed": 1878408750243804731}
TRIAL 1
Action chosen: (red, red)
Outcome: True
partcle ids: ['generator_20', 'generator_21', 'generator_22', 'generator_23', 'generator_24', 'color_match', 'generator_25', 'similar_color_11', 'generator_26', 'generator_27', 'generator_2', 'similar_color_2', 'similar_color_13', 'similar_color_9', 'generator_28', 'similar_color_1', 'similar_color_1', 'generator_29', 'generator_30', 'generator_31', 'similar_color_5', 'similar_color_6', 'generator_32', 'generator_33', 'generator_34', 'generator_35', 'generator_36', 'generator_37', 'generator_38', 'generator_39']
number opened: 1
TRIAL 2
Action chosen: (pink, pink)
Outcome: False
partcle ids: ['generator_20', 'generator_21', 'generator_22', 'generator_23', 'generator_24', 'color_match', 'generator_25', 'similar_color_11', 'generator_26', 'generator_27', 'generator_2', 'similar_color_2', 'similar_color_13', 'similar_color_9', 'generator_28', 'similar_color_1', 'similar_color_1', 'generator_29', 'generator_30', 'generator_31', 'similar_color_5', 'similar_color_6', 'generator_32', 'generator_33', 'generator_34', 'generator_35', 'generator_36', 'generator_37', 'generator_38', 'generator_39']
number opened: 1
TRIAL 3
Action chosen: (triangle, white)
Outcome: False
partcle ids: ['generator_20', 'generator_21', 'generator_22', 'generator_23', 'generator_24', 'color_match', 'generator_25', 'similar_color_11', 'generator_26', 'generator_27', 'generator_2', 'similar_color_2', 'similar_color_13', 'similar_color_9', 'generator_28', 'similar_color_1', 'similar_color_1', 'generator_29', 'generator_30', 'generator_31', 'similar_color_5', 'similar_color_6', 'generator_32', 'generator_33', 'generator_34', 'generator_35', 'generator_36', 'generator_37', 'generator_38', 'generator_39']
number opened: 1
TRIAL 4
Action chosen: (blue, purple)
Outcome: False
partcle ids: ['generator_20', 'generator_21', 'generator_22', 'generator_23', 'generator_24', 'color_match', 'generator_25', 'similar_color_11', 'generator_26', 'generator_27', 'generator_2', 'similar_color_2', 'similar_color_13', 'similar_color_9', 'generator_28', 'similar_color_1', 'similar_color_1', 'generator_29', 'generator_30', 'generator_31', 'similar_color_5', 'similar_color_6', 'generator_32', 'generator_33', 'generator_34', 'generator_35', 'generator_36', 'generator_37', 'generator_38', 'generator_39']
number opened: 1
TRIAL 5
Action chosen: (orange4, blue)
Outcome: False
partcle ids: ['generator_20', 'generator_21', 'generator_22', 'generator_23', 'generator_24', 'color_match', 'generator_25', 'similar_color_11', 'generator_26', 'generator_27', 'generator_2', 'similar_color_2', 'similar_color_13', 'similar_color_9', 'generator_28', 'similar_color_1', 'similar_color_1', 'generator_29', 'generator_30', 'generator_31', 'similar_color_5', 'similar_color_6', 'generator_32', 'generator_33', 'generator_34', 'generator_35', 'generator_36', 'generator_37', 'generator_38', 'generator_39']
number opened: 1
TRIAL 6
Action chosen: (heart, white)
Outcome: False
partcle ids: ['generator_40', 'generator_41', 'generator_42', 'generator_24', 'generator_26', 'generator_44', 'generator_22', 'similar_color_9', 'generator_45', 'generator_46', 'generator_47', 'generator_48', 'generator_22', 'generator_49', 'generator_24', 'generator_31', 'generator_51', 'generator_34', 'generator_52', 'similar_color_1', 'similar_color_9', 'generator_24', 'generator_22', 'generator_54', 'generator_31', 'generator_56', 'generator_22', 'generator_31', 'generator_31', 'generator_58']
number opened: 1
TRIAL 7
Action chosen: (blue, white)
Outcome: False
partcle ids: ['generator_40', 'generator_41', 'generator_42', 'generator_24', 'generator_26', 'generator_44', 'generator_22', 'similar_color_9', 'generator_45', 'generator_46', 'generator_47', 'generator_48', 'generator_22', 'generator_49', 'generator_24', 'generator_31', 'generator_51', 'generator_34', 'generator_52', 'similar_color_1', 'similar_color_9', 'generator_24', 'generator_22', 'generator_54', 'generator_31', 'generator_56', 'generator_22', 'generator_31', 'generator_31', 'generator_58']
number opened: 1
TRIAL 8
Action chosen: (blue, blue)
Outcome: False
partcle ids: ['generator_40', 'generator_41', 'generator_42', 'generator_24', 'generator_26', 'generator_44', 'generator_22', 'similar_color_9', 'generator_45', 'generator_46', 'generator_47', 'generator_48', 'generator_22', 'generator_49', 'generator_24', 'generator_31', 'generator_51', 'generator_34', 'generator_52', 'similar_color_1', 'similar_color_9', 'generator_24', 'generator_22', 'generator_54', 'generator_31', 'generator_56', 'generator_22', 'generator_31', 'generator_31', 'generator_58']
number opened: 1
TRIAL 9
Action chosen: (diamond, purple)
Outcome: False
partcle ids: ['generator_40', 'generator_41', 'generator_42', 'generator_24', 'generator_26', 'generator_44', 'generator_22', 'similar_color_9', 'generator_45', 'generator_46', 'generator_47', 'generator_48', 'generator_22', 'generator_49', 'generator_24', 'generator_31', 'generator_51', 'generator_34', 'generator_52', 'similar_color_1', 'similar_color_9', 'generator_24', 'generator_22', 'generator_54', 'generator_31', 'generator_56', 'generator_22', 'generator_31', 'generator_31', 'generator_58']
number opened: 1
TRIAL 10
Action chosen: (cloud, white)
Outcome: False
partcle ids: ['generator_40', 'generator_41', 'generator_42', 'generator_24', 'generator_26', 'generator_44', 'generator_22', 'similar_color_9', 'generator_45', 'generator_46', 'generator_47', 'generator_48', 'generator_22', 'generator_49', 'generator_24', 'generator_31', 'generator_51', 'generator_34', 'generator_52', 'similar_color_1', 'similar_color_9', 'generator_24', 'generator_22', 'generator_54', 'generator_31', 'generator_56', 'generator_22', 'generator_31', 'generator_31', 'generator_58']
number opened: 1
TRIAL 11
Action chosen: (white, white)
Outcome: False
partcle ids: ['generator_31', 'generator_59', 'generator_60', 'generator_61', 'generator_48', 'generator_62', 'generator_52', 'generator_63', 'generator_40', 'generator_64', 'generator_34', 'generator_65', 'generator_66', 'generator_67', 'generator_68', 'generator_69', 'generator_70', 'generator_34', 'generator_47', 'generator_46', 'generator_71', 'generator_72', 'generator_73', 'generator_52', 'generator_74', 'generator_42', 'generator_24', 'generator_47', 'generator_52', 'generator_76']
number opened: 1
TRIAL 12
Action chosen: (pink, blue)
Outcome: False
partcle ids: ['generator_31', 'generator_59', 'generator_60', 'generator_61', 'generator_48', 'generator_62', 'generator_52', 'generator_63', 'generator_40', 'generator_64', 'generator_34', 'generator_65', 'generator_66', 'generator_67', 'generator_68', 'generator_69', 'generator_70', 'generator_34', 'generator_47', 'generator_46', 'generator_71', 'generator_72', 'generator_73', 'generator_52', 'generator_74', 'generator_42', 'generator_24', 'generator_47', 'generator_52', 'generator_76']
number opened: 1
TRIAL 13
Action chosen: (green3, pink)
Outcome: False
partcle ids: ['generator_31', 'generator_59', 'generator_60', 'generator_61', 'generator_48', 'generator_62', 'generator_52', 'generator_63', 'generator_40', 'generator_64', 'generator_34', 'generator_65', 'generator_66', 'generator_67', 'generator_68', 'generator_69', 'generator_70', 'generator_34', 'generator_47', 'generator_46', 'generator_71', 'generator_72', 'generator_73', 'generator_52', 'generator_74', 'generator_42', 'generator_24', 'generator_47', 'generator_52', 'generator_76']
number opened: 1
TRIAL 14
Action chosen: (yellow5, purple)
Outcome: False
partcle ids: ['generator_31', 'generator_59', 'generator_60', 'generator_61', 'generator_48', 'generator_62', 'generator_52', 'generator_63', 'generator_40', 'generator_64', 'generator_34', 'generator_65', 'generator_66', 'generator_67', 'generator_68', 'generator_69', 'generator_70', 'generator_34', 'generator_47', 'generator_46', 'generator_71', 'generator_72', 'generator_73', 'generator_52', 'generator_74', 'generator_42', 'generator_24', 'generator_47', 'generator_52', 'generator_76']
number opened: 1
TRIAL 15
Action chosen: (blue, white)
Outcome: False
partcle ids: ['generator_31', 'generator_59', 'generator_60', 'generator_61', 'generator_48', 'generator_62', 'generator_52', 'generator_63', 'generator_40', 'generator_64', 'generator_34', 'generator_65', 'generator_66', 'generator_67', 'generator_68', 'generator_69', 'generator_70', 'generator_34', 'generator_47', 'generator_46', 'generator_71', 'generator_72', 'generator_73', 'generator_52', 'generator_74', 'generator_42', 'generator_24', 'generator_47', 'generator_52', 'generator_76']
number opened: 1
TRIAL 16
Action chosen: (yellow5, blue)
Outcome: True
partcle ids: ['generator_77', 'generator_78', 'generator_66', 'generator_66', 'generator_80', 'generator_81', 'generator_73', 'generator_82', 'generator_59', 'generator_73', 'generator_83', 'generator_73', 'generator_66', 'generator_85', 'generator_86', 'generator_87', 'generator_59', 'generator_89', 'generator_81', 'generator_59', 'generator_91', 'generator_92', 'generator_73', 'generator_94', 'generator_59', 'generator_96', 'generator_73', 'generator_98', 'generator_59', 'generator_100']
number opened: 2
TRIAL 17
Action chosen: (blue, pink)
Outcome: False
partcle ids: ['generator_77', 'generator_78', 'generator_66', 'generator_66', 'generator_80', 'generator_81', 'generator_73', 'generator_82', 'generator_59', 'generator_73', 'generator_83', 'generator_73', 'generator_66', 'generator_85', 'generator_86', 'generator_87', 'generator_59', 'generator_89', 'generator_81', 'generator_59', 'generator_91', 'generator_92', 'generator_73', 'generator_94', 'generator_59', 'generator_96', 'generator_73', 'generator_98', 'generator_59', 'generator_100']
number opened: 2
TRIAL 18
Action chosen: (green3, white)
Outcome: False
partcle ids: ['generator_77', 'generator_78', 'generator_66', 'generator_66', 'generator_80', 'generator_81', 'generator_73', 'generator_82', 'generator_59', 'generator_73', 'generator_83', 'generator_73', 'generator_66', 'generator_85', 'generator_86', 'generator_87', 'generator_59', 'generator_89', 'generator_81', 'generator_59', 'generator_91', 'generator_92', 'generator_73', 'generator_94', 'generator_59', 'generator_96', 'generator_73', 'generator_98', 'generator_59', 'generator_100']
number opened: 2
TRIAL 19
Action chosen: (diamond, white)
Outcome: False
partcle ids: ['generator_77', 'generator_78', 'generator_66', 'generator_66', 'generator_80', 'generator_81', 'generator_73', 'generator_82', 'generator_59', 'generator_73', 'generator_83', 'generator_73', 'generator_66', 'generator_85', 'generator_86', 'generator_87', 'generator_59', 'generator_89', 'generator_81', 'generator_59', 'generator_91', 'generator_92', 'generator_73', 'generator_94', 'generator_59', 'generator_96', 'generator_73', 'generator_98', 'generator_59', 'generator_100']
number opened: 2
TRIAL 20
Action chosen: (triangle, pink)
Outcome: False
partcle ids: ['generator_101', 'generator_102', 'generator_86', 'generator_104', 'generator_92', 'generator_106', 'generator_92', 'generator_108', 'generator_94', 'generator_110', 'generator_59', 'generator_112', 'generator_86', 'generator_114', 'generator_89', 'generator_116', 'generator_59', 'generator_86', 'generator_119', 'generator_120', 'generator_121', 'generator_96', 'generator_122', 'generator_123', 'generator_124', 'generator_91', 'generator_126', 'generator_127', 'generator_128', 'generator_73']
number opened: 2
TRIAL 21
Action chosen: (heart, pink)
Outcome: False
partcle ids: ['generator_101', 'generator_102', 'generator_86', 'generator_104', 'generator_92', 'generator_106', 'generator_92', 'generator_108', 'generator_94', 'generator_110', 'generator_59', 'generator_112', 'generator_86', 'generator_114', 'generator_89', 'generator_116', 'generator_59', 'generator_86', 'generator_119', 'generator_120', 'generator_121', 'generator_96', 'generator_122', 'generator_123', 'generator_124', 'generator_91', 'generator_126', 'generator_127', 'generator_128', 'generator_73']
number opened: 2
TRIAL 22
Action chosen: (triangle, white)
Outcome: False
partcle ids: ['generator_101', 'generator_102', 'generator_86', 'generator_104', 'generator_92', 'generator_106', 'generator_92', 'generator_108', 'generator_94', 'generator_110', 'generator_59', 'generator_112', 'generator_86', 'generator_114', 'generator_89', 'generator_116', 'generator_59', 'generator_86', 'generator_119', 'generator_120', 'generator_121', 'generator_96', 'generator_122', 'generator_123', 'generator_124', 'generator_91', 'generator_126', 'generator_127', 'generator_128', 'generator_73']
number opened: 2
TRIAL 23
Action chosen: (cloud, pink)
Outcome: False
partcle ids: ['generator_101', 'generator_102', 'generator_86', 'generator_104', 'generator_92', 'generator_106', 'generator_92', 'generator_108', 'generator_94', 'generator_110', 'generator_59', 'generator_112', 'generator_86', 'generator_114', 'generator_89', 'generator_116', 'generator_59', 'generator_86', 'generator_119', 'generator_120', 'generator_121', 'generator_96', 'generator_122', 'generator_123', 'generator_124', 'generator_91', 'generator_126', 'generator_127', 'generator_128', 'generator_73']
number opened: 2
TRIAL 24
Action chosen: (grey2, pink)
Outcome: True
partcle ids: ['generator_130', 'generator_120', 'generator_120', 'generator_132', 'generator_106', 'generator_120', 'generator_134', 'generator_120', 'generator_136', 'generator_137', 'generator_122', 'generator_120', 'generator_106', 'generator_138', 'generator_106', 'generator_126', 'generator_120', 'generator_141', 'generator_106', 'generator_142', 'generator_126', 'generator_144', 'generator_145', 'generator_120', 'generator_106', 'generator_148', 'generator_149', 'generator_120', 'generator_120', 'generator_151']
number opened: 3
TRIAL 25
Action chosen: (purple, white)
Outcome: False
partcle ids: ['generator_130', 'generator_120', 'generator_120', 'generator_132', 'generator_106', 'generator_120', 'generator_134', 'generator_120', 'generator_136', 'generator_137', 'generator_122', 'generator_120', 'generator_106', 'generator_138', 'generator_106', 'generator_126', 'generator_120', 'generator_141', 'generator_106', 'generator_142', 'generator_126', 'generator_144', 'generator_145', 'generator_120', 'generator_106', 'generator_148', 'generator_149', 'generator_120', 'generator_120', 'generator_151']
number opened: 3
TRIAL 26
Action chosen: (purple, purple)
Outcome: False
partcle ids: ['generator_130', 'generator_120', 'generator_120', 'generator_132', 'generator_106', 'generator_120', 'generator_134', 'generator_120', 'generator_136', 'generator_137', 'generator_122', 'generator_120', 'generator_106', 'generator_138', 'generator_106', 'generator_126', 'generator_120', 'generator_141', 'generator_106', 'generator_142', 'generator_126', 'generator_144', 'generator_145', 'generator_120', 'generator_106', 'generator_148', 'generator_149', 'generator_120', 'generator_120', 'generator_151']
number opened: 3
TRIAL 27
Action chosen: (triangle, purple)
Outcome: False
partcle ids: ['generator_130', 'generator_120', 'generator_120', 'generator_132', 'generator_106', 'generator_120', 'generator_134', 'generator_120', 'generator_136', 'generator_137', 'generator_122', 'generator_120', 'generator_106', 'generator_138', 'generator_106', 'generator_126', 'generator_120', 'generator_141', 'generator_106', 'generator_142', 'generator_126', 'generator_144', 'generator_145', 'generator_120', 'generator_106', 'generator_148', 'generator_149', 'generator_120', 'generator_120', 'generator_151']
number opened: 3
TRIAL 28
Action chosen: (orange4, purple)
Outcome: False
partcle ids: ['generator_136', 'generator_136', 'generator_144', 'generator_153', 'generator_154', 'generator_155', 'generator_136', 'generator_154', 'generator_157', 'generator_131', 'generator_136', 'generator_158', 'generator_159', 'generator_130', 'generator_130', 'generator_120', 'generator_161', 'generator_162', 'generator_122', 'generator_147', 'generator_164', 'generator_165', 'generator_130', 'generator_136', 'generator_136', 'generator_167', 'generator_134', 'number_match', 'generator_144', 'generator_132']
number opened: 3
TRIAL 29
Action chosen: (pink, white)
Outcome: False
partcle ids: ['generator_136', 'generator_136', 'generator_144', 'generator_153', 'generator_154', 'generator_155', 'generator_136', 'generator_154', 'generator_157', 'generator_131', 'generator_136', 'generator_158', 'generator_159', 'generator_130', 'generator_130', 'generator_120', 'generator_161', 'generator_162', 'generator_122', 'generator_147', 'generator_164', 'generator_165', 'generator_130', 'generator_136', 'generator_136', 'generator_167', 'generator_134', 'number_match', 'generator_144', 'generator_132']
number opened: 3
TRIAL 30
Action chosen: (orange4, white)
Outcome: True
partcle ids: ['generator_168', 'generator_161', 'generator_161', 'generator_167', 'generator_161', 'generator_161', 'generator_144', 'number_match', 'generator_155', 'generator_132', 'generator_155', 'generator_155', 'generator_170', 'generator_144', 'number_match', 'generator_144', 'generator_155', 'generator_144', 'generator_144', 'generator_168', 'generator_144', 'generator_168', 'generator_132', 'generator_155', 'generator_161', 'generator_144', 'number_match', 'number_match', 'generator_144', 'generator_161']
number opened: 4
TRIAL 31
Action chosen: (heart, purple)
Outcome: False
partcle ids: ['generator_168', 'generator_161', 'generator_161', 'generator_167', 'generator_161', 'generator_161', 'generator_144', 'number_match', 'generator_155', 'generator_132', 'generator_155', 'generator_155', 'generator_170', 'generator_144', 'number_match', 'generator_144', 'generator_155', 'generator_144', 'generator_144', 'generator_168', 'generator_144', 'generator_168', 'generator_132', 'generator_155', 'generator_161', 'generator_144', 'number_match', 'number_match', 'generator_144', 'generator_161']
number opened: 4
TRIAL 32
Action chosen: (cloud, purple)
Outcome: False
partcle ids: ['generator_168', 'generator_161', 'generator_161', 'generator_167', 'generator_161', 'generator_161', 'generator_144', 'number_match', 'generator_155', 'generator_132', 'generator_155', 'generator_155', 'generator_170', 'generator_144', 'number_match', 'generator_144', 'generator_155', 'generator_144', 'generator_144', 'generator_168', 'generator_144', 'generator_168', 'generator_132', 'generator_155', 'generator_161', 'generator_144', 'number_match', 'number_match', 'generator_144', 'generator_161']
number opened: 4
TRIAL 33
Action chosen: (pink, purple)
Outcome: False
partcle ids: ['generator_168', 'generator_161', 'generator_161', 'generator_167', 'generator_161', 'generator_161', 'generator_144', 'number_match', 'generator_155', 'generator_132', 'generator_155', 'generator_155', 'generator_170', 'generator_144', 'number_match', 'generator_144', 'generator_155', 'generator_144', 'generator_144', 'generator_168', 'generator_144', 'generator_168', 'generator_132', 'generator_155', 'generator_161', 'generator_144', 'number_match', 'number_match', 'generator_144', 'generator_161']
number opened: 4
TRIAL 34
Action chosen: (green3, purple)
Outcome: True
partcle ids: ['number_match', 'number_match', 'number_match', 'number_match', 'number_match', 'number_match', 'number_match', 'number_match', 'number_match', 'number_match', 'number_match', 'number_match', 'number_match', 'number_match', 'number_match', 'number_match', 'number_match', 'number_match', 'number_match', 'number_match', 'number_match', 'number_match', 'number_match', 'number_match', 'number_match', 'number_match', 'number_match', 'number_match', 'number_match', 'number_match']
number opened: 5
{"attempts": 34, "unique_key_box_pairs": 32, "revisit_attempts": 2, "revisit_rate": 0.06060606060606061, "attempts_before_abandoning_color_matching": 2, "color_matching_abandoned": true}
