{"Child_ID": "D078", "SoC_variant": "SoC-Full", "theta": [6, 1], "p_gen": 0.7, "true_prior": 0.02, "run_number": 57, "seed": 4469896027167075526}
TRIAL 1
Action chosen: (red, red)
Outcome: True
partcle ids: ['similar_color_13', 'similar_color_11', 'generator_24', 'generator_25', 'order_match', 'similar_color_3', 'similar_color_13', 'generator_26', 'similar_color_6', 'generator_27', 'similar_color_8', 'color_match', 'generator_28', 'generator_29', 'similar_color_3', 'similar_color_2', 'order_match', 'generator_30', 'generator_31', 'similar_color_2', 'similar_color_4', 'generator_32', 'generator_33', 'generator_34', 'generator_35', 'generator_36', 'generator_37', 'similar_color_14', 'similar_color_11', 'similar_color_4']
number opened: 1
TRIAL 2
Action chosen: (purple, purple)
Outcome: False
partcle ids: ['similar_color_13', 'similar_color_11', 'generator_24', 'generator_25', 'order_match', 'similar_color_3', 'similar_color_13', 'generator_26', 'similar_color_6', 'generator_27', 'similar_color_8', 'color_match', 'generator_28', 'generator_29', 'similar_color_3', 'similar_color_2', 'order_match', 'generator_30', 'generator_31', 'similar_color_2', 'similar_color_4', 'generator_32', 'generator_33', 'generator_34', 'generator_35', 'generator_36', 'generator_37', 'similar_color_14', 'similar_color_11', 'similar_color_4']
number opened: 1
TRIAL 3
Action chosen: (yellow5, blue)
Outcome: True
partcle ids: ['generator_38', 'generator_39', 'generator_40', 'generator_41', 'generator_42', 'generator_43', 'generator_44', 'generator_45', 'generator_46', 'generator_47', 'generator_48', 'generator_48', 'generator_45', 'generator_25', 'generator_50', 'generator_30', 'generator_51', 'generator_52', 'generator_53', 'generator_54', 'generator_55', 'generator_56', 'generator_57', 'generator_58', 'generator_59', 'generator_60', 'generator_35', 'generator_62', 'generator_63', 'generator_64']
number opened: 2
TRIAL 4
Action chosen: (orange4, purple)
Outcome: False
partcle ids: ['generator_38', 'generator_39', 'generator_40', 'generator_41', 'generator_42', 'generator_43', 'generator_44', 'generator_45', 'generator_46', 'generator_47', 'generator_48', 'generator_48', 'generator_45', 'generator_25', 'generator_50', 'generator_30', 'generator_51', 'generator_52', 'generator_53', 'generator_54', 'generator_55', 'generator_56', 'generator_57', 'generator_58', 'generator_59', 'generator_60', 'generator_35', 'generator_62', 'generator_63', 'generator_64']
number opened: 2
TRIAL 5
Action chosen: (diamond, white)
Outcome: False
partcle ids: ['generator_38', 'generator_39', 'generator_40', 'generator_41', 'generator_42', 'generator_43', 'generator_44', 'generator_45', 'generator_46', 'generator_47', 'generator_48', 'generator_48', 'generator_45', 'generator_25', 'generator_50', 'generator_30', 'generator_51', 'generator_52', 'generator_53', 'generator_54', 'generator_55', 'generator_56', 'generator_57', 'generator_58', 'generator_59', 'generator_60', 'generator_35', 'generator_62', 'generator_63', 'generator_64']
number opened: 2
TRIAL 6
Action chosen: (green3, white)
Outcome: False
partcle ids: ['generator_38', 'generator_39', 'generator_40', 'generator_41', 'generator_42', 'generator_43', 'generator_44', 'generator_45', 'generator_46', 'generator_47', 'generator_48', 'generator_48', 'generator_45', 'generator_25', 'generator_50', 'generator_30', 'generator_51', 'generator_52', 'generator_53', 'generator_54', 'generator_55', 'generator_56', 'generator_57', 'generator_58', 'generator_59', 'generator_60', 'generator_35', 'generator_62', 'generator_63', 'generator_64']
number opened: 2
TRIAL 7
Action chosen: (pink, pink)
Outcome: False
partcle ids: ['generator_38', 'generator_39', 'generator_40', 'generator_41', 'generator_42', 'generator_43', 'generator_44', 'generator_45', 'generator_46', 'generator_47', 'generator_48', 'generator_48', 'generator_45', 'generator_25', 'generator_50', 'generator_30', 'generator_51', 'generator_52', 'generator_53', 'generator_54', 'generator_55', 'generator_56', 'generator_57', 'generator_58', 'generator_59', 'generator_60', 'generator_35', 'generator_62', 'generator_63', 'generator_64']
number opened: 2
TRIAL 8
Action chosen: (green3, pink)
Outcome: False
partcle ids: ['generator_65', 'generator_66', 'generator_67', 'generator_63', 'generator_56', 'generator_69', 'generator_70', 'generator_56', 'generator_59', 'generator_41', 'generator_74', 'generator_75', 'generator_39', 'generator_76', 'generator_77', 'generator_56', 'generator_79', 'generator_41', 'generator_81', 'generator_82', 'generator_83', 'generator_56', 'generator_84', 'generator_41', 'generator_86', 'generator_87', 'generator_88', 'generator_89', 'generator_90', 'generator_91']
number opened: 2
TRIAL 9
Action chosen: (pink, purple)
Outcome: False
partcle ids: ['generator_65', 'generator_66', 'generator_67', 'generator_63', 'generator_56', 'generator_69', 'generator_70', 'generator_56', 'generator_59', 'generator_41', 'generator_74', 'generator_75', 'generator_39', 'generator_76', 'generator_77', 'generator_56', 'generator_79', 'generator_41', 'generator_81', 'generator_82', 'generator_83', 'generator_56', 'generator_84', 'generator_41', 'generator_86', 'generator_87', 'generator_88', 'generator_89', 'generator_90', 'generator_91']
number opened: 2
TRIAL 10
Action chosen: (green3, purple)
Outcome: True
partcle ids: ['generator_92', 'generator_66', 'generator_93', 'generator_66', 'generator_94', 'generator_95', 'generator_96', 'generator_97', 'generator_98', 'generator_99', 'generator_100', 'generator_41', 'generator_102', 'generator_103', 'generator_104', 'generator_105', 'generator_106', 'generator_107', 'generator_101', 'generator_108', 'generator_109', 'generator_86', 'generator_110', 'generator_111', 'generator_112', 'generator_113', 'generator_105', 'generator_110', 'generator_114', 'generator_46']
number opened: 3
TRIAL 11
Action chosen: (heart, white)
Outcome: False
partcle ids: ['generator_92', 'generator_66', 'generator_93', 'generator_66', 'generator_94', 'generator_95', 'generator_96', 'generator_97', 'generator_98', 'generator_99', 'generator_100', 'generator_41', 'generator_102', 'generator_103', 'generator_104', 'generator_105', 'generator_106', 'generator_107', 'generator_101', 'generator_108', 'generator_109', 'generator_86', 'generator_110', 'generator_111', 'generator_112', 'generator_113', 'generator_105', 'generator_110', 'generator_114', 'generator_46']
number opened: 3
TRIAL 12
Action chosen: (pink, white)
Outcome: False
partcle ids: ['generator_92', 'generator_66', 'generator_93', 'generator_66', 'generator_94', 'generator_95', 'generator_96', 'generator_97', 'generator_98', 'generator_99', 'generator_100', 'generator_41', 'generator_102', 'generator_103', 'generator_104', 'generator_105', 'generator_106', 'generator_107', 'generator_101', 'generator_108', 'generator_109', 'generator_86', 'generator_110', 'generator_111', 'generator_112', 'generator_113', 'generator_105', 'generator_110', 'generator_114', 'generator_46']
number opened: 3
TRIAL 13
Action chosen: (triangle, pink)
Outcome: False
partcle ids: ['generator_92', 'generator_66', 'generator_93', 'generator_66', 'generator_94', 'generator_95', 'generator_96', 'generator_97', 'generator_98', 'generator_99', 'generator_100', 'generator_41', 'generator_102', 'generator_103', 'generator_104', 'generator_105', 'generator_106', 'generator_107', 'generator_101', 'generator_108', 'generator_109', 'generator_86', 'generator_110', 'generator_111', 'generator_112', 'generator_113', 'generator_105', 'generator_110', 'generator_114', 'generator_46']
number opened: 3
TRIAL 14
Action chosen: (cloud, white)
Outcome: False
partcle ids: ['generator_92', 'generator_66', 'generator_93', 'generator_66', 'generator_94', 'generator_95', 'generator_96', 'generator_97', 'generator_98', 'generator_99', 'generator_100', 'generator_41', 'generator_102', 'generator_103', 'generator_104', 'generator_105', 'generator_106', 'generator_107', 'generator_101', 'generator_108', 'generator_109', 'generator_86', 'generator_110', 'generator_111', 'generator_112', 'generator_113', 'generator_105', 'generator_110', 'generator_114', 'generator_46']
number opened: 3
TRIAL 15
Action chosen: (blue, pink)
Outcome: False
partcle ids: ['generator_111', 'generator_116', 'generator_114', 'generator_117', 'generator_98', 'generator_118', 'generator_66', 'generator_105', 'generator_121', 'generator_115', 'generator_105', 'generator_109', 'generator_66', 'generator_109', 'generator_124', 'number_match', 'generator_109', 'generator_125', 'generator_109', 'generator_126', 'generator_66', 'generator_98', 'generator_122', 'generator_128', 'generator_93', 'generator_129', 'generator_109', 'generator_46', 'generator_109', 'generator_125']
number opened: 3
TRIAL 16
Action chosen: (grey2, pink)
Outcome: True
partcle ids: ['generator_109', 'generator_109', 'generator_109', 'generator_118', 'generator_109', 'generator_109', 'generator_118', 'number_match', 'generator_113', 'generator_109', 'generator_118', 'generator_109', 'generator_131', 'generator_109', 'generator_109', 'number_match', 'generator_118', 'number_match', 'generator_104', 'generator_109', 'generator_109', 'generator_124', 'generator_118', 'generator_111', 'generator_109', 'generator_118', 'generator_111', 'number_match', 'generator_124', 'generator_109']
number opened: 4
TRIAL 17
Action chosen: (white, white)
Outcome: False
partcle ids: ['generator_109', 'generator_109', 'generator_109', 'generator_118', 'generator_109', 'generator_109', 'generator_118', 'number_match', 'generator_113', 'generator_109', 'generator_118', 'generator_109', 'generator_131', 'generator_109', 'generator_109', 'number_match', 'generator_118', 'number_match', 'generator_104', 'generator_109', 'generator_109', 'generator_124', 'generator_118', 'generator_111', 'generator_109', 'generator_118', 'generator_111', 'number_match', 'generator_124', 'generator_109']
number opened: 4
TRIAL 18
Action chosen: (purple, white)
Outcome: False
partcle ids: ['generator_109', 'generator_109', 'generator_109', 'generator_118', 'generator_109', 'generator_109', 'generator_118', 'number_match', 'generator_113', 'generator_109', 'generator_118', 'generator_109', 'generator_131', 'generator_109', 'generator_109', 'number_match', 'generator_118', 'number_match', 'generator_104', 'generator_109', 'generator_109', 'generator_124', 'generator_118', 'generator_111', 'generator_109', 'generator_118', 'generator_111', 'number_match', 'generator_124', 'generator_109']
number opened: 4
TRIAL 19
Action chosen: (orange4, white)
Outcome: True
partcle ids: ['number_match', 'number_match', 'number_match', 'number_match', 'number_match', 'number_match', 'number_match', 'number_match', 'number_match', 'number_match', 'number_match', 'number_match', 'number_match', 'number_match', 'number_match', 'number_match', 'number_match', 'number_match', 'number_match', 'number_match', 'number_match', 'number_match', 'number_match', 'number_match', 'number_match', 'number_match', 'number_match', 'number_match', 'number_match', 'number_match']
number opened: 5
{"attempts": 19, "unique_key_box_pairs": 19, "revisit_attempts": 0, "revisit_rate": 0.0, "attempts_before_abandoning_color_matching": 2, "color_matching_abandoned": true}
