{"Child_ID": "D032", "SoC_variant": "SoC-Gen", "theta": [19, 1], "p_gen": 0.9, "true_prior": 0.02, "run_number": 48, "seed": 989981895435593934}
TRIAL 1
Action chosen: (pink, pink)
Outcome: False
partcle ids: ['similar_color_5', 'generator_1', 'similar_color_8', 'generator_2', 'generator_3', 'generator_4', 'similar_color_7', 'generator_5', 'generator_6', 'generator_7', 'generator_8', 'generator_9', 'generator_10', 'generator_11', 'generator_12', 'generator_13', 'generator_14', 'generator_15', 'generator_16', 'generator_17', 'generator_18', 'generator_19', 'generator_20', 'generator_21', 'generator_22', 'generator_23', 'generator_24', 'similar_color_11', 'generator_25', 'generator_26']
number opened: 0
TRIAL 2
Action chosen: (yellow5, white)
Outcome: False
partcle ids: ['similar_color_5', 'generator_1', 'similar_color_8', 'generator_2', 'generator_3', 'generator_4', 'similar_color_7', 'generator_5', 'generator_6', 'generator_7', 'generator_8', 'generator_9', 'generator_10', 'generator_11', 'generator_12', 'generator_13', 'generator_14', 'generator_15', 'generator_16', 'generator_17', 'generator_18', 'generator_19', 'generator_20', 'generator_21', 'generator_22', 'generator_23', 'generator_24', 'similar_color_11', 'generator_25', 'generator_26']
number opened: 0
TRIAL 3
Action chosen: (cloud, purple)
Outcome: False
partcle ids: ['similar_color_5', 'generator_1', 'similar_color_8', 'generator_2', 'generator_3', 'generator_4', 'similar_color_7', 'generator_5', 'generator_6', 'generator_7', 'generator_8', 'generator_9', 'generator_10', 'generator_11', 'generator_12', 'generator_13', 'generator_14', 'generator_15', 'generator_16', 'generator_17', 'generator_18', 'generator_19', 'generator_20', 'generator_21', 'generator_22', 'generator_23', 'generator_24', 'similar_color_11', 'generator_25', 'generator_26']
number opened: 0
TRIAL 4
Action chosen: (yellow5, pink)
Outcome: False
partcle ids: ['generator_27', 'generator_26', 'generator_29', 'generator_30', 'generator_31', 'generator_32', 'generator_25', 'generator_34', 'generator_35', 'generator_36', 'generator_37', 'generator_19', 'generator_38', 'generator_23', 'generator_16', 'generator_20', 'generator_41', 'generator_25', 'generator_43', 'generator_44', 'generator_45', 'generator_46', 'generator_47', 'generator_48', 'generator_21', 'generator_50', 'generator_51', 'generator_2', 'generator_53', 'generator_20']
number opened: 0
TRIAL 5
Action chosen: (diamond, pink)
Outcome: False
partcle ids: ['generator_27', 'generator_26', 'generator_29', 'generator_30', 'generator_31', 'generator_32', 'generator_25', 'generator_34', 'generator_35', 'generator_36', 'generator_37', 'generator_19', 'generator_38', 'generator_23', 'generator_16', 'generator_20', 'generator_41', 'generator_25', 'generator_43', 'generator_44', 'generator_45', 'generator_46', 'generator_47', 'generator_48', 'generator_21', 'generator_50', 'generator_51', 'generator_2', 'generator_53', 'generator_20']
number opened: 0
TRIAL 6
Action chosen: (orange4, purple)
Outcome: False
partcle ids: ['generator_27', 'generator_26', 'generator_29', 'generator_30', 'generator_31', 'generator_32', 'generator_25', 'generator_34', 'generator_35', 'generator_36', 'generator_37', 'generator_19', 'generator_38', 'generator_23', 'generator_16', 'generator_20', 'generator_41', 'generator_25', 'generator_43', 'generator_44', 'generator_45', 'generator_46', 'generator_47', 'generator_48', 'generator_21', 'generator_50', 'generator_51', 'generator_2', 'generator_53', 'generator_20']
number opened: 0
TRIAL 7
Action chosen: (heart, white)
Outcome: False
partcle ids: ['generator_27', 'generator_26', 'generator_29', 'generator_30', 'generator_31', 'generator_32', 'generator_25', 'generator_34', 'generator_35', 'generator_36', 'generator_37', 'generator_19', 'generator_38', 'generator_23', 'generator_16', 'generator_20', 'generator_41', 'generator_25', 'generator_43', 'generator_44', 'generator_45', 'generator_46', 'generator_47', 'generator_48', 'generator_21', 'generator_50', 'generator_51', 'generator_2', 'generator_53', 'generator_20']
number opened: 0
TRIAL 8
Action chosen: (diamond, red)
Outcome: False
partcle ids: ['generator_55', 'generator_56', 'generator_45', 'generator_58', 'generator_59', 'generator_35', 'generator_61', 'generator_62', 'generator_63', 'generator_64', 'generator_65', 'generator_66', 'generator_67', 'generator_68', 'generator_69', 'generator_70', 'generator_23', 'generator_72', 'generator_34', 'generator_73', 'generator_34', 'generator_35', 'generator_16', 'generator_76', 'generator_53', 'generator_77', 'generator_78', 'generator_79', 'generator_80', 'generator_23']
number opened: 0
TRIAL 9
Action chosen: (white, red)
Outcome: False
partcle ids: ['generator_55', 'generator_56', 'generator_45', 'generator_58', 'generator_59', 'generator_35', 'generator_61', 'generator_62', 'generator_63', 'generator_64', 'generator_65', 'generator_66', 'generator_67', 'generator_68', 'generator_69', 'generator_70', 'generator_23', 'generator_72', 'generator_34', 'generator_73', 'generator_34', 'generator_35', 'generator_16', 'generator_76', 'generator_53', 'generator_77', 'generator_78', 'generator_79', 'generator_80', 'generator_23']
number opened: 0
TRIAL 10
Action chosen: (grey2, pink)
Outcome: True
partcle ids: ['generator_81', 'generator_82', 'generator_83', 'generator_68', 'generator_85', 'generator_86', 'generator_87', 'generator_88', 'generator_45', 'generator_56', 'generator_91', 'generator_92', 'generator_93', 'generator_94', 'generator_95', 'generator_64', 'generator_56', 'generator_61', 'generator_45', 'generator_100', 'generator_101', 'generator_102', 'generator_103', 'generator_104', 'generator_105', 'generator_68', 'generator_107', 'generator_56', 'generator_61', 'generator_110']
number opened: 1
TRIAL 11
Action chosen: (white, blue)
Outcome: False
partcle ids: ['generator_81', 'generator_82', 'generator_83', 'generator_68', 'generator_85', 'generator_86', 'generator_87', 'generator_88', 'generator_45', 'generator_56', 'generator_91', 'generator_92', 'generator_93', 'generator_94', 'generator_95', 'generator_64', 'generator_56', 'generator_61', 'generator_45', 'generator_100', 'generator_101', 'generator_102', 'generator_103', 'generator_104', 'generator_105', 'generator_68', 'generator_107', 'generator_56', 'generator_61', 'generator_110']
number opened: 1
TRIAL 12
Action chosen: (blue, white)
Outcome: False
partcle ids: ['generator_81', 'generator_82', 'generator_83', 'generator_68', 'generator_85', 'generator_86', 'generator_87', 'generator_88', 'generator_45', 'generator_56', 'generator_91', 'generator_92', 'generator_93', 'generator_94', 'generator_95', 'generator_64', 'generator_56', 'generator_61', 'generator_45', 'generator_100', 'generator_101', 'generator_102', 'generator_103', 'generator_104', 'generator_105', 'generator_68', 'generator_107', 'generator_56', 'generator_61', 'generator_110']
number opened: 1
TRIAL 13
Action chosen: (blue, purple)
Outcome: False
partcle ids: ['generator_111', 'generator_112', 'generator_113', 'generator_88', 'generator_115', 'generator_116', 'generator_117', 'generator_61', 'generator_86', 'generator_81', 'generator_64', 'generator_122', 'generator_85', 'generator_104', 'generator_61', 'generator_82', 'generator_85', 'generator_61', 'generator_88', 'generator_82', 'generator_85', 'generator_131', 'generator_104', 'generator_133', 'generator_134', 'generator_135', 'generator_110', 'generator_85', 'generator_107', 'generator_138']
number opened: 1
TRIAL 14
Action chosen: (triangle, red)
Outcome: False
partcle ids: ['generator_111', 'generator_112', 'generator_113', 'generator_88', 'generator_115', 'generator_116', 'generator_117', 'generator_61', 'generator_86', 'generator_81', 'generator_64', 'generator_122', 'generator_85', 'generator_104', 'generator_61', 'generator_82', 'generator_85', 'generator_61', 'generator_88', 'generator_82', 'generator_85', 'generator_131', 'generator_104', 'generator_133', 'generator_134', 'generator_135', 'generator_110', 'generator_85', 'generator_107', 'generator_138']
number opened: 1
TRIAL 15
Action chosen: (pink, purple)
Outcome: False
partcle ids: ['generator_111', 'generator_112', 'generator_113', 'generator_88', 'generator_115', 'generator_116', 'generator_117', 'generator_61', 'generator_86', 'generator_81', 'generator_64', 'generator_122', 'generator_85', 'generator_104', 'generator_61', 'generator_82', 'generator_85', 'generator_61', 'generator_88', 'generator_82', 'generator_85', 'generator_131', 'generator_104', 'generator_133', 'generator_134', 'generator_135', 'generator_110', 'generator_85', 'generator_107', 'generator_138']
number opened: 1
TRIAL 16
Action chosen: (diamond, blue)
Outcome: False
partcle ids: ['number_match', 'generator_139', 'generator_116', 'generator_141', 'generator_142', 'generator_110', 'generator_112', 'generator_112', 'generator_116', 'generator_146', 'generator_133', 'generator_148', 'generator_149', 'generator_133', 'generator_151', 'generator_152', 'generator_153', 'generator_154', 'generator_112', 'generator_135', 'generator_157', 'generator_81', 'generator_159', 'generator_160', 'generator_110', 'generator_162', 'generator_104', 'generator_61', 'generator_165', 'generator_131']
number opened: 1
TRIAL 17
Action chosen: (white, white)
Outcome: False
partcle ids: ['number_match', 'generator_139', 'generator_116', 'generator_141', 'generator_142', 'generator_110', 'generator_112', 'generator_112', 'generator_116', 'generator_146', 'generator_133', 'generator_148', 'generator_149', 'generator_133', 'generator_151', 'generator_152', 'generator_153', 'generator_154', 'generator_112', 'generator_135', 'generator_157', 'generator_81', 'generator_159', 'generator_160', 'generator_110', 'generator_162', 'generator_104', 'generator_61', 'generator_165', 'generator_131']
number opened: 1
TRIAL 18
Action chosen: (diamond, purple)
Outcome: False
partcle ids: ['number_match', 'generator_139', 'generator_116', 'generator_141', 'generator_142', 'generator_110', 'generator_112', 'generator_112', 'generator_116', 'generator_146', 'generator_133', 'generator_148', 'generator_149', 'generator_133', 'generator_151', 'generator_152', 'generator_153', 'generator_154', 'generator_112', 'generator_135', 'generator_157', 'generator_81', 'generator_159', 'generator_160', 'generator_110', 'generator_162', 'generator_104', 'generator_61', 'generator_165', 'generator_131']
number opened: 1
TRIAL 19
Action chosen: (heart, blue)
Outcome: False
partcle ids: ['generator_167', 'generator_139', 'generator_159', 'generator_170', 'generator_159', 'generator_172', 'generator_159', 'generator_174', 'generator_175', 'generator_176', 'generator_177', 'generator_162', 'generator_179', 'generator_160', 'generator_181', 'generator_149', 'generator_157', 'generator_184', 'generator_185', 'generator_159', 'generator_187', 'generator_188', 'generator_189', 'generator_162', 'generator_191', 'generator_149', 'generator_141', 'generator_159', 'generator_160', 'generator_196']
number opened: 1
TRIAL 20
Action chosen: (heart, purple)
Outcome: False
partcle ids: ['generator_167', 'generator_139', 'generator_159', 'generator_170', 'generator_159', 'generator_172', 'generator_159', 'generator_174', 'generator_175', 'generator_176', 'generator_177', 'generator_162', 'generator_179', 'generator_160', 'generator_181', 'generator_149', 'generator_157', 'generator_184', 'generator_185', 'generator_159', 'generator_187', 'generator_188', 'generator_189', 'generator_162', 'generator_191', 'generator_149', 'generator_141', 'generator_159', 'generator_160', 'generator_196']
number opened: 1
TRIAL 21
Action chosen: (red, purple)
Outcome: False
partcle ids: ['generator_167', 'generator_139', 'generator_159', 'generator_170', 'generator_159', 'generator_172', 'generator_159', 'generator_174', 'generator_175', 'generator_176', 'generator_177', 'generator_162', 'generator_179', 'generator_160', 'generator_181', 'generator_149', 'generator_157', 'generator_184', 'generator_185', 'generator_159', 'generator_187', 'generator_188', 'generator_189', 'generator_162', 'generator_191', 'generator_149', 'generator_141', 'generator_159', 'generator_160', 'generator_196']
number opened: 1
TRIAL 22
Action chosen: (cloud, red)
Outcome: False
partcle ids: ['generator_160', 'generator_160', 'generator_160', 'generator_160', 'generator_201', 'generator_202', 'generator_203', 'generator_179', 'generator_174', 'generator_157', 'generator_160', 'generator_208', 'generator_209', 'generator_160', 'generator_176', 'generator_187', 'generator_184', 'generator_187', 'generator_215', 'generator_160', 'generator_217', 'generator_184', 'generator_160', 'generator_160', 'generator_191', 'generator_159', 'generator_223', 'generator_224', 'generator_176', 'generator_162']
number opened: 1
TRIAL 23
Action chosen: (diamond, white)
Outcome: False
partcle ids: ['generator_160', 'generator_160', 'generator_160', 'generator_160', 'generator_201', 'generator_202', 'generator_203', 'generator_179', 'generator_174', 'generator_157', 'generator_160', 'generator_208', 'generator_209', 'generator_160', 'generator_176', 'generator_187', 'generator_184', 'generator_187', 'generator_215', 'generator_160', 'generator_217', 'generator_184', 'generator_160', 'generator_160', 'generator_191', 'generator_159', 'generator_223', 'generator_224', 'generator_176', 'generator_162']
number opened: 1
TRIAL 24
Action chosen: (yellow5, red)
Outcome: False
partcle ids: ['generator_160', 'generator_160', 'generator_160', 'generator_160', 'generator_201', 'generator_202', 'generator_203', 'generator_179', 'generator_174', 'generator_157', 'generator_160', 'generator_208', 'generator_209', 'generator_160', 'generator_176', 'generator_187', 'generator_184', 'generator_187', 'generator_215', 'generator_160', 'generator_217', 'generator_184', 'generator_160', 'generator_160', 'generator_191', 'generator_159', 'generator_223', 'generator_224', 'generator_176', 'generator_162']
number opened: 1
TRIAL 25
Action chosen: (purple, purple)
Outcome: False
partcle ids: ['generator_184', 'generator_228', 'generator_160', 'generator_230', 'generator_231', 'generator_174', 'generator_174', 'generator_234', 'generator_235', 'generator_203', 'generator_203', 'generator_238', 'generator_157', 'generator_184', 'generator_157', 'generator_242', 'generator_243', 'generator_244', 'generator_179', 'generator_246', 'generator_247', 'generator_203', 'generator_174', 'generator_203', 'generator_251', 'generator_203', 'generator_253', 'generator_254', 'generator_255', 'generator_184']
number opened: 1
TRIAL 26
Action chosen: (orange4, red)
Outcome: False
partcle ids: ['generator_184', 'generator_228', 'generator_160', 'generator_230', 'generator_231', 'generator_174', 'generator_174', 'generator_234', 'generator_235', 'generator_203', 'generator_203', 'generator_238', 'generator_157', 'generator_184', 'generator_157', 'generator_242', 'generator_243', 'generator_244', 'generator_179', 'generator_246', 'generator_247', 'generator_203', 'generator_174', 'generator_203', 'generator_251', 'generator_203', 'generator_253', 'generator_254', 'generator_255', 'generator_184']
number opened: 1
TRIAL 27
Action chosen: (red, red)
Outcome: True
partcle ids: ['generator_257', 'generator_174', 'generator_259', 'generator_157', 'generator_242', 'generator_261', 'generator_262', 'generator_174', 'generator_264', 'generator_244', 'generator_244', 'generator_267', 'generator_268', 'generator_174', 'generator_270', 'generator_271', 'generator_272', 'generator_157', 'generator_274', 'generator_174', 'generator_276', 'number_match', 'generator_244', 'generator_278', 'generator_279', 'generator_280', 'generator_281', 'generator_282', 'generator_283', 'generator_230']
number opened: 2
TRIAL 28
Action chosen: (triangle, blue)
Outcome: False
partcle ids: ['generator_257', 'generator_174', 'generator_259', 'generator_157', 'generator_242', 'generator_261', 'generator_262', 'generator_174', 'generator_264', 'generator_244', 'generator_244', 'generator_267', 'generator_268', 'generator_174', 'generator_270', 'generator_271', 'generator_272', 'generator_157', 'generator_274', 'generator_174', 'generator_276', 'number_match', 'generator_244', 'generator_278', 'generator_279', 'generator_280', 'generator_281', 'generator_282', 'generator_283', 'generator_230']
number opened: 2
TRIAL 29
Action chosen: (pink, white)
Outcome: False
partcle ids: ['generator_257', 'generator_174', 'generator_259', 'generator_157', 'generator_242', 'generator_261', 'generator_262', 'generator_174', 'generator_264', 'generator_244', 'generator_244', 'generator_267', 'generator_268', 'generator_174', 'generator_270', 'generator_271', 'generator_272', 'generator_157', 'generator_274', 'generator_174', 'generator_276', 'number_match', 'generator_244', 'generator_278', 'generator_279', 'generator_280', 'generator_281', 'generator_282', 'generator_283', 'generator_230']
number opened: 2
TRIAL 30
Action chosen: (triangle, purple)
Outcome: False
partcle ids: ['generator_285', 'generator_242', 'generator_287', 'generator_288', 'generator_281', 'generator_290', 'generator_291', 'generator_292', 'generator_279', 'generator_294', 'generator_295', 'generator_296', 'generator_297', 'generator_257', 'generator_299', 'generator_99', 'generator_300', 'generator_268', 'generator_283', 'generator_302', 'generator_283', 'generator_304', 'generator_279', 'generator_306', 'generator_283', 'generator_308', 'generator_259', 'generator_279', 'generator_311', 'generator_244']
number opened: 2
TRIAL 31
Action chosen: (cloud, white)
Outcome: False
partcle ids: ['generator_285', 'generator_242', 'generator_287', 'generator_288', 'generator_281', 'generator_290', 'generator_291', 'generator_292', 'generator_279', 'generator_294', 'generator_295', 'generator_296', 'generator_297', 'generator_257', 'generator_299', 'generator_99', 'generator_300', 'generator_268', 'generator_283', 'generator_302', 'generator_283', 'generator_304', 'generator_279', 'generator_306', 'generator_283', 'generator_308', 'generator_259', 'generator_279', 'generator_311', 'generator_244']
number opened: 2
TRIAL 32
Action chosen: (triangle, white)
Outcome: False
partcle ids: ['generator_285', 'generator_242', 'generator_287', 'generator_288', 'generator_281', 'generator_290', 'generator_291', 'generator_292', 'generator_279', 'generator_294', 'generator_295', 'generator_296', 'generator_297', 'generator_257', 'generator_299', 'generator_99', 'generator_300', 'generator_268', 'generator_283', 'generator_302', 'generator_283', 'generator_304', 'generator_279', 'generator_306', 'generator_283', 'generator_308', 'generator_259', 'generator_279', 'generator_311', 'generator_244']
number opened: 2
TRIAL 33
Action chosen: (purple, white)
Outcome: False
partcle ids: ['generator_99', 'generator_292', 'generator_283', 'generator_300', 'generator_292', 'generator_304', 'generator_279', 'generator_319', 'generator_308', 'generator_321', 'generator_279', 'generator_304', 'generator_324', 'generator_304', 'generator_296', 'generator_297', 'generator_257', 'generator_257', 'generator_327', 'generator_321', 'generator_328', 'generator_304', 'generator_330', 'generator_283', 'generator_297', 'generator_99', 'generator_193', 'generator_311', 'generator_334', 'generator_99']
number opened: 2
TRIAL 34
Action chosen: (green3, purple)
Outcome: True
partcle ids: ['generator_304', 'generator_337', 'generator_174', 'generator_304', 'generator_338', 'generator_200', 'generator_339', 'generator_337', 'generator_340', 'generator_341', 'generator_311', 'generator_328', 'generator_342', 'generator_328', 'generator_328', 'generator_339', 'generator_304', 'generator_279', 'generator_333', 'generator_337', 'generator_304', 'generator_311', 'generator_347', 'number_match', 'generator_348', 'generator_300', 'generator_233', 'generator_350', 'generator_300', 'generator_304']
number opened: 3
TRIAL 35
Action chosen: (heart, white)
Outcome: False
partcle ids: ['generator_304', 'generator_337', 'generator_174', 'generator_304', 'generator_338', 'generator_200', 'generator_339', 'generator_337', 'generator_340', 'generator_341', 'generator_311', 'generator_328', 'generator_342', 'generator_328', 'generator_328', 'generator_339', 'generator_304', 'generator_279', 'generator_333', 'generator_337', 'generator_304', 'generator_311', 'generator_347', 'number_match', 'generator_348', 'generator_300', 'generator_233', 'generator_350', 'generator_300', 'generator_304']
number opened: 3
TRIAL 36
Action chosen: (purple, blue)
Outcome: False
partcle ids: ['generator_304', 'generator_337', 'generator_174', 'generator_304', 'generator_338', 'generator_200', 'generator_339', 'generator_337', 'generator_340', 'generator_341', 'generator_311', 'generator_328', 'generator_342', 'generator_328', 'generator_328', 'generator_339', 'generator_304', 'generator_279', 'generator_333', 'generator_337', 'generator_304', 'generator_311', 'generator_347', 'number_match', 'generator_348', 'generator_300', 'generator_233', 'generator_350', 'generator_300', 'generator_304']
number opened: 3
TRIAL 37
Action chosen: (yellow5, blue)
Outcome: True
partcle ids: ['generator_342', 'generator_352', 'generator_338', 'generator_174', 'generator_342', 'generator_342', 'generator_338', 'generator_342', 'generator_354', 'generator_342', 'generator_354', 'generator_352', 'generator_352', 'number_match', 'number_match', 'generator_342', 'generator_354', 'generator_338', 'generator_352', 'generator_352', 'generator_355', 'generator_174', 'generator_338', 'generator_342', 'number_match', 'number_match', 'number_match', 'number_match', 'generator_352', 'number_match']
number opened: 4
TRIAL 38
Action chosen: (orange4, white)
Outcome: True
partcle ids: ['number_match', 'number_match', 'number_match', 'number_match', 'number_match', 'number_match', 'number_match', 'number_match', 'number_match', 'number_match', 'number_match', 'number_match', 'number_match', 'number_match', 'number_match', 'number_match', 'number_match', 'number_match', 'number_match', 'number_match', 'number_match', 'number_match', 'number_match', 'number_match', 'number_match', 'number_match', 'number_match', 'number_match', 'number_match', 'number_match']
number opened: 5
{"attempts": 38, "unique_key_box_pairs": 37, "revisit_attempts": 1, "revisit_rate": 0.02702702702702703, "attempts_before_abandoning_color_matching": 1, "color_matching_abandoned": true}
