{"Child_ID": "D032", "SoC_variant": "SoC-Gen", "theta": [19, 1], "p_gen": 0.9, "true_prior": 0.02, "run_number": 16, "seed": 4469402381677640544}
TRIAL 1
Action chosen: (cloud, purple)
Outcome: False
partcle ids: ['generator_1', 'generator_2', 'generator_3', 'generator_4', 'generator_5', 'generator_6', 'generator_7', 'generator_8', 'generator_9', 'generator_10', 'similar_color_1', 'generator_11', 'generator_12', 'generator_13', 'generator_14', 'generator_15', 'generator_16', 'generator_17', 'similar_color_4', 'generator_18', 'generator_19', 'generator_20', 'generator_21', 'generator_22', 'generator_23', 'generator_24', 'generator_25', 'number_match', 'generator_26', 'generator_27']
number opened: 0
TRIAL 2
Action chosen: (red, blue)
Outcome: False
partcle ids: ['generator_1', 'generator_2', 'generator_3', 'generator_4', 'generator_5', 'generator_6', 'generator_7', 'generator_8', 'generator_9', 'generator_10', 'similar_color_1', 'generator_11', 'generator_12', 'generator_13', 'generator_14', 'generator_15', 'generator_16', 'generator_17', 'similar_color_4', 'generator_18', 'generator_19', 'generator_20', 'generator_21', 'generator_22', 'generator_23', 'generator_24', 'generator_25', 'number_match', 'generator_26', 'generator_27']
number opened: 0
TRIAL 3
Action chosen: (yellow5, white)
Outcome: False
partcle ids: ['generator_1', 'generator_2', 'generator_3', 'generator_4', 'generator_5', 'generator_6', 'generator_7', 'generator_8', 'generator_9', 'generator_10', 'similar_color_1', 'generator_11', 'generator_12', 'generator_13', 'generator_14', 'generator_15', 'generator_16', 'generator_17', 'similar_color_4', 'generator_18', 'generator_19', 'generator_20', 'generator_21', 'generator_22', 'generator_23', 'generator_24', 'generator_25', 'number_match', 'generator_26', 'generator_27']
number opened: 0
TRIAL 4
Action chosen: (red, red)
Outcome: True
partcle ids: ['generator_28', 'generator_29', 'generator_30', 'generator_31', 'generator_32', 'generator_33', 'generator_34', 'generator_35', 'generator_36', 'generator_37', 'similar_color_3', 'number_match', 'similar_color_5', 'generator_38', 'generator_39', 'generator_40', 'generator_41', 'generator_42', 'generator_43', 'generator_44', 'generator_45', 'generator_46', 'generator_47', 'generator_48', 'generator_49', 'generator_50', 'generator_51', 'generator_52', 'generator_53', 'generator_54']
number opened: 1
TRIAL 5
Action chosen: (white, purple)
Outcome: False
partcle ids: ['generator_28', 'generator_29', 'generator_30', 'generator_31', 'generator_32', 'generator_33', 'generator_34', 'generator_35', 'generator_36', 'generator_37', 'similar_color_3', 'number_match', 'similar_color_5', 'generator_38', 'generator_39', 'generator_40', 'generator_41', 'generator_42', 'generator_43', 'generator_44', 'generator_45', 'generator_46', 'generator_47', 'generator_48', 'generator_49', 'generator_50', 'generator_51', 'generator_52', 'generator_53', 'generator_54']
number opened: 1
TRIAL 6
Action chosen: (yellow5, pink)
Outcome: False
partcle ids: ['generator_28', 'generator_29', 'generator_30', 'generator_31', 'generator_32', 'generator_33', 'generator_34', 'generator_35', 'generator_36', 'generator_37', 'similar_color_3', 'number_match', 'similar_color_5', 'generator_38', 'generator_39', 'generator_40', 'generator_41', 'generator_42', 'generator_43', 'generator_44', 'generator_45', 'generator_46', 'generator_47', 'generator_48', 'generator_49', 'generator_50', 'generator_51', 'generator_52', 'generator_53', 'generator_54']
number opened: 1
TRIAL 7
Action chosen: (heart, blue)
Outcome: False
partcle ids: ['generator_28', 'generator_29', 'generator_30', 'generator_31', 'generator_32', 'generator_33', 'generator_34', 'generator_35', 'generator_36', 'generator_37', 'similar_color_3', 'number_match', 'similar_color_5', 'generator_38', 'generator_39', 'generator_40', 'generator_41', 'generator_42', 'generator_43', 'generator_44', 'generator_45', 'generator_46', 'generator_47', 'generator_48', 'generator_49', 'generator_50', 'generator_51', 'generator_52', 'generator_53', 'generator_54']
number opened: 1
TRIAL 8
Action chosen: (triangle, blue)
Outcome: False
partcle ids: ['generator_55', 'generator_52', 'generator_57', 'generator_38', 'generator_59', 'generator_60', 'generator_52', 'generator_62', 'generator_63', 'generator_64', 'generator_38', 'generator_52', 'generator_44', 'generator_45', 'generator_44', 'generator_69', 'generator_70', 'generator_71', 'generator_39', 'generator_42', 'generator_73', 'generator_74', 'generator_42', 'generator_75', 'generator_42', 'similar_color_3', 'generator_76', 'generator_38', 'generator_28', 'generator_43']
number opened: 1
TRIAL 9
Action chosen: (green3, blue)
Outcome: False
partcle ids: ['generator_55', 'generator_52', 'generator_57', 'generator_38', 'generator_59', 'generator_60', 'generator_52', 'generator_62', 'generator_63', 'generator_64', 'generator_38', 'generator_52', 'generator_44', 'generator_45', 'generator_44', 'generator_69', 'generator_70', 'generator_71', 'generator_39', 'generator_42', 'generator_73', 'generator_74', 'generator_42', 'generator_75', 'generator_42', 'similar_color_3', 'generator_76', 'generator_38', 'generator_28', 'generator_43']
number opened: 1
TRIAL 10
Action chosen: (green3, white)
Outcome: False
partcle ids: ['generator_55', 'generator_52', 'generator_57', 'generator_38', 'generator_59', 'generator_60', 'generator_52', 'generator_62', 'generator_63', 'generator_64', 'generator_38', 'generator_52', 'generator_44', 'generator_45', 'generator_44', 'generator_69', 'generator_70', 'generator_71', 'generator_39', 'generator_42', 'generator_73', 'generator_74', 'generator_42', 'generator_75', 'generator_42', 'similar_color_3', 'generator_76', 'generator_38', 'generator_28', 'generator_43']
number opened: 1
TRIAL 11
Action chosen: (heart, purple)
Outcome: False
partcle ids: ['generator_55', 'generator_52', 'generator_57', 'generator_38', 'generator_59', 'generator_60', 'generator_52', 'generator_62', 'generator_63', 'generator_64', 'generator_38', 'generator_52', 'generator_44', 'generator_45', 'generator_44', 'generator_69', 'generator_70', 'generator_71', 'generator_39', 'generator_42', 'generator_73', 'generator_74', 'generator_42', 'generator_75', 'generator_42', 'similar_color_3', 'generator_76', 'generator_38', 'generator_28', 'generator_43']
number opened: 1
TRIAL 12
Action chosen: (purple, blue)
Outcome: False
partcle ids: ['similar_color_3', 'generator_80', 'generator_59', 'generator_82', 'generator_45', 'generator_63', 'generator_45', 'generator_84', 'generator_73', 'generator_86', 'generator_87', 'generator_38', 'generator_60', 'generator_45', 'generator_75', 'generator_92', 'generator_62', 'generator_94', 'generator_75', 'generator_73', 'generator_97', 'generator_38', 'generator_98', 'generator_99', 'generator_73', 'generator_101', 'generator_62', 'generator_75', 'generator_104', 'generator_105']
number opened: 1
TRIAL 13
Action chosen: (blue, blue)
Outcome: False
partcle ids: ['similar_color_3', 'generator_80', 'generator_59', 'generator_82', 'generator_45', 'generator_63', 'generator_45', 'generator_84', 'generator_73', 'generator_86', 'generator_87', 'generator_38', 'generator_60', 'generator_45', 'generator_75', 'generator_92', 'generator_62', 'generator_94', 'generator_75', 'generator_73', 'generator_97', 'generator_38', 'generator_98', 'generator_99', 'generator_73', 'generator_101', 'generator_62', 'generator_75', 'generator_104', 'generator_105']
number opened: 1
TRIAL 14
Action chosen: (yellow5, blue)
Outcome: True
partcle ids: ['generator_106', 'generator_107', 'generator_108', 'number_match', 'generator_109', 'generator_110', 'generator_62', 'generator_112', 'generator_62', 'generator_114', 'generator_62', 'generator_116', 'generator_117', 'generator_59', 'generator_62', 'generator_120', 'generator_121', 'generator_122', 'generator_59', 'generator_62', 'generator_125', 'generator_126', 'generator_62', 'generator_62', 'generator_129', 'generator_130', 'generator_84', 'generator_132', 'generator_133', 'generator_134']
number opened: 2
TRIAL 15
Action chosen: (blue, white)
Outcome: False
partcle ids: ['generator_106', 'generator_107', 'generator_108', 'number_match', 'generator_109', 'generator_110', 'generator_62', 'generator_112', 'generator_62', 'generator_114', 'generator_62', 'generator_116', 'generator_117', 'generator_59', 'generator_62', 'generator_120', 'generator_121', 'generator_122', 'generator_59', 'generator_62', 'generator_125', 'generator_126', 'generator_62', 'generator_62', 'generator_129', 'generator_130', 'generator_84', 'generator_132', 'generator_133', 'generator_134']
number opened: 2
TRIAL 16
Action chosen: (blue, pink)
Outcome: False
partcle ids: ['generator_106', 'generator_107', 'generator_108', 'number_match', 'generator_109', 'generator_110', 'generator_62', 'generator_112', 'generator_62', 'generator_114', 'generator_62', 'generator_116', 'generator_117', 'generator_59', 'generator_62', 'generator_120', 'generator_121', 'generator_122', 'generator_59', 'generator_62', 'generator_125', 'generator_126', 'generator_62', 'generator_62', 'generator_129', 'generator_130', 'generator_84', 'generator_132', 'generator_133', 'generator_134']
number opened: 2
TRIAL 17
Action chosen: (blue, purple)
Outcome: False
partcle ids: ['generator_135', 'generator_134', 'generator_137', 'generator_138', 'generator_59', 'generator_140', 'generator_141', 'generator_114', 'generator_143', 'generator_112', 'generator_129', 'generator_146', 'generator_147', 'generator_148', 'generator_149', 'generator_150', 'generator_116', 'generator_112', 'generator_153', 'generator_154', 'generator_155', 'generator_133', 'generator_59', 'generator_158', 'generator_159', 'generator_160', 'generator_161', 'generator_162', 'generator_163', 'generator_158']
number opened: 2
TRIAL 18
Action chosen: (orange4, purple)
Outcome: False
partcle ids: ['generator_135', 'generator_134', 'generator_137', 'generator_138', 'generator_59', 'generator_140', 'generator_141', 'generator_114', 'generator_143', 'generator_112', 'generator_129', 'generator_146', 'generator_147', 'generator_148', 'generator_149', 'generator_150', 'generator_116', 'generator_112', 'generator_153', 'generator_154', 'generator_155', 'generator_133', 'generator_59', 'generator_158', 'generator_159', 'generator_160', 'generator_161', 'generator_162', 'generator_163', 'generator_158']
number opened: 2
TRIAL 19
Action chosen: (purple, purple)
Outcome: False
partcle ids: ['generator_135', 'generator_134', 'generator_137', 'generator_138', 'generator_59', 'generator_140', 'generator_141', 'generator_114', 'generator_143', 'generator_112', 'generator_129', 'generator_146', 'generator_147', 'generator_148', 'generator_149', 'generator_150', 'generator_116', 'generator_112', 'generator_153', 'generator_154', 'generator_155', 'generator_133', 'generator_59', 'generator_158', 'generator_159', 'generator_160', 'generator_161', 'generator_162', 'generator_163', 'generator_158']
number opened: 2
TRIAL 20
Action chosen: (pink, purple)
Outcome: False
partcle ids: ['generator_164', 'generator_161', 'generator_162', 'generator_138', 'generator_154', 'generator_162', 'generator_140', 'generator_171', 'generator_172', 'generator_173', 'generator_174', 'generator_160', 'generator_162', 'generator_154', 'generator_178', 'generator_179', 'generator_154', 'generator_143', 'generator_182', 'generator_183', 'generator_184', 'generator_143', 'generator_161', 'generator_162', 'generator_188', 'generator_189', 'generator_149', 'generator_191', 'generator_143', 'generator_193']
number opened: 2
TRIAL 21
Action chosen: (grey2, purple)
Outcome: False
partcle ids: ['generator_164', 'generator_161', 'generator_162', 'generator_138', 'generator_154', 'generator_162', 'generator_140', 'generator_171', 'generator_172', 'generator_173', 'generator_174', 'generator_160', 'generator_162', 'generator_154', 'generator_178', 'generator_179', 'generator_154', 'generator_143', 'generator_182', 'generator_183', 'generator_184', 'generator_143', 'generator_161', 'generator_162', 'generator_188', 'generator_189', 'generator_149', 'generator_191', 'generator_143', 'generator_193']
number opened: 2
TRIAL 22
Action chosen: (purple, pink)
Outcome: False
partcle ids: ['generator_114', 'generator_188', 'generator_140', 'generator_191', 'generator_197', 'generator_198', 'generator_182', 'generator_200', 'generator_201', 'generator_202', 'generator_62', 'generator_203', 'generator_161', 'generator_205', 'generator_206', 'generator_171', 'generator_193', 'generator_171', 'generator_140', 'generator_211', 'generator_172', 'generator_138', 'generator_161', 'generator_161', 'generator_188', 'generator_172', 'generator_218', 'generator_164', 'generator_171', 'generator_220']
number opened: 2
TRIAL 23
Action chosen: (heart, pink)
Outcome: False
partcle ids: ['generator_114', 'generator_188', 'generator_140', 'generator_191', 'generator_197', 'generator_198', 'generator_182', 'generator_200', 'generator_201', 'generator_202', 'generator_62', 'generator_203', 'generator_161', 'generator_205', 'generator_206', 'generator_171', 'generator_193', 'generator_171', 'generator_140', 'generator_211', 'generator_172', 'generator_138', 'generator_161', 'generator_161', 'generator_188', 'generator_172', 'generator_218', 'generator_164', 'generator_171', 'generator_220']
number opened: 2
TRIAL 24
Action chosen: (white, white)
Outcome: False
partcle ids: ['generator_114', 'generator_188', 'generator_140', 'generator_191', 'generator_197', 'generator_198', 'generator_182', 'generator_200', 'generator_201', 'generator_202', 'generator_62', 'generator_203', 'generator_161', 'generator_205', 'generator_206', 'generator_171', 'generator_193', 'generator_171', 'generator_140', 'generator_211', 'generator_172', 'generator_138', 'generator_161', 'generator_161', 'generator_188', 'generator_172', 'generator_218', 'generator_164', 'generator_171', 'generator_220']
number opened: 2
TRIAL 25
Action chosen: (diamond, pink)
Outcome: False
partcle ids: ['generator_114', 'generator_222', 'generator_191', 'generator_202', 'generator_191', 'generator_202', 'generator_226', 'generator_201', 'generator_227', 'generator_228', 'generator_114', 'generator_200', 'generator_231', 'generator_232', 'generator_233', 'generator_198', 'generator_234', 'generator_200', 'generator_236', 'generator_202', 'generator_161', 'generator_198', 'generator_238', 'generator_239', 'generator_240', 'generator_188', 'generator_198', 'generator_164', 'generator_62', 'generator_231']
number opened: 2
TRIAL 26
Action chosen: (grey2, white)
Outcome: False
partcle ids: ['generator_114', 'generator_222', 'generator_191', 'generator_202', 'generator_191', 'generator_202', 'generator_226', 'generator_201', 'generator_227', 'generator_228', 'generator_114', 'generator_200', 'generator_231', 'generator_232', 'generator_233', 'generator_198', 'generator_234', 'generator_200', 'generator_236', 'generator_202', 'generator_161', 'generator_198', 'generator_238', 'generator_239', 'generator_240', 'generator_188', 'generator_198', 'generator_164', 'generator_62', 'generator_231']
number opened: 2
TRIAL 27
Action chosen: (green3, pink)
Outcome: False
partcle ids: ['generator_114', 'generator_222', 'generator_191', 'generator_202', 'generator_191', 'generator_202', 'generator_226', 'generator_201', 'generator_227', 'generator_228', 'generator_114', 'generator_200', 'generator_231', 'generator_232', 'generator_233', 'generator_198', 'generator_234', 'generator_200', 'generator_236', 'generator_202', 'generator_161', 'generator_198', 'generator_238', 'generator_239', 'generator_240', 'generator_188', 'generator_198', 'generator_164', 'generator_62', 'generator_231']
number opened: 2
TRIAL 28
Action chosen: (cloud, white)
Outcome: False
partcle ids: ['generator_232', 'generator_244', 'generator_233', 'generator_204', 'generator_246', 'generator_202', 'generator_248', 'generator_231', 'generator_250', 'generator_251', 'generator_252', 'generator_114', 'generator_191', 'generator_191', 'generator_256', 'generator_257', 'generator_258', 'generator_198', 'generator_260', 'generator_62', 'generator_153', 'generator_255', 'generator_130', 'generator_231', 'generator_191', 'generator_264', 'generator_163', 'generator_265', 'generator_114', 'generator_231']
number opened: 2
TRIAL 29
Action chosen: (pink, pink)
Outcome: False
partcle ids: ['generator_232', 'generator_244', 'generator_233', 'generator_204', 'generator_246', 'generator_202', 'generator_248', 'generator_231', 'generator_250', 'generator_251', 'generator_252', 'generator_114', 'generator_191', 'generator_191', 'generator_256', 'generator_257', 'generator_258', 'generator_198', 'generator_260', 'generator_62', 'generator_153', 'generator_255', 'generator_130', 'generator_231', 'generator_191', 'generator_264', 'generator_163', 'generator_265', 'generator_114', 'generator_231']
number opened: 2
TRIAL 30
Action chosen: (cloud, pink)
Outcome: False
partcle ids: ['generator_232', 'generator_244', 'generator_233', 'generator_204', 'generator_246', 'generator_202', 'generator_248', 'generator_231', 'generator_250', 'generator_251', 'generator_252', 'generator_114', 'generator_191', 'generator_191', 'generator_256', 'generator_257', 'generator_258', 'generator_198', 'generator_260', 'generator_62', 'generator_153', 'generator_255', 'generator_130', 'generator_231', 'generator_191', 'generator_264', 'generator_163', 'generator_265', 'generator_114', 'generator_231']
number opened: 2
TRIAL 31
Action chosen: (diamond, white)
Outcome: False
partcle ids: ['generator_232', 'generator_244', 'generator_233', 'generator_204', 'generator_246', 'generator_202', 'generator_248', 'generator_231', 'generator_250', 'generator_251', 'generator_252', 'generator_114', 'generator_191', 'generator_191', 'generator_256', 'generator_257', 'generator_258', 'generator_198', 'generator_260', 'generator_62', 'generator_153', 'generator_255', 'generator_130', 'generator_231', 'generator_191', 'generator_264', 'generator_163', 'generator_265', 'generator_114', 'generator_231']
number opened: 2
TRIAL 32
Action chosen: (white, pink)
Outcome: False
partcle ids: ['generator_264', 'number_match', 'generator_269', 'generator_146', 'number_match', 'generator_202', 'generator_271', 'generator_246', 'generator_260', 'generator_274', 'generator_232', 'generator_275', 'generator_232', 'generator_276', 'generator_277', 'generator_278', 'generator_279', 'generator_163', 'generator_280', 'generator_281', 'generator_130', 'generator_264', 'generator_284', 'generator_285', 'generator_260', 'generator_198', 'generator_288', 'generator_289', 'generator_202', 'generator_290']
number opened: 2
TRIAL 33
Action chosen: (grey2, pink)
Outcome: True
partcle ids: ['generator_291', 'generator_130', 'generator_293', 'generator_294', 'generator_166', 'generator_290', 'generator_290', 'generator_296', 'generator_297', 'number_match', 'number_match', 'number_match', 'generator_299', 'generator_300', 'generator_260', 'generator_290', 'generator_302', 'generator_303', 'generator_290', 'generator_290', 'generator_290', 'generator_290', 'generator_198', 'generator_278', 'generator_306', 'generator_307', 'generator_308', 'generator_284', 'generator_198', 'generator_260']
number opened: 3
TRIAL 34
Action chosen: (pink, white)
Outcome: False
partcle ids: ['generator_291', 'generator_130', 'generator_293', 'generator_294', 'generator_166', 'generator_290', 'generator_290', 'generator_296', 'generator_297', 'number_match', 'number_match', 'number_match', 'generator_299', 'generator_300', 'generator_260', 'generator_290', 'generator_302', 'generator_303', 'generator_290', 'generator_290', 'generator_290', 'generator_290', 'generator_198', 'generator_278', 'generator_306', 'generator_307', 'generator_308', 'generator_284', 'generator_198', 'generator_260']
number opened: 3
TRIAL 35
Action chosen: (orange4, white)
Outcome: True
partcle ids: ['generator_291', 'generator_310', 'generator_293', 'generator_311', 'generator_312', 'generator_313', 'generator_310', 'generator_314', 'generator_293', 'generator_313', 'generator_312', 'generator_300', 'generator_291', 'generator_310', 'number_match', 'generator_293', 'generator_313', 'generator_311', 'number_match', 'generator_293', 'generator_293', 'number_match', 'generator_293', 'generator_293', 'generator_293', 'generator_293', 'generator_313', 'generator_312', 'generator_313', 'number_match']
number opened: 4
TRIAL 36
Action chosen: (diamond, purple)
Outcome: False
partcle ids: ['generator_291', 'generator_310', 'generator_293', 'generator_311', 'generator_312', 'generator_313', 'generator_310', 'generator_314', 'generator_293', 'generator_313', 'generator_312', 'generator_300', 'generator_291', 'generator_310', 'number_match', 'generator_293', 'generator_313', 'generator_311', 'number_match', 'generator_293', 'generator_293', 'number_match', 'generator_293', 'generator_293', 'generator_293', 'generator_293', 'generator_313', 'generator_312', 'generator_313', 'number_match']
number opened: 4
TRIAL 37
Action chosen: (cloud, purple)
Outcome: False
partcle ids: ['generator_291', 'generator_310', 'generator_293', 'generator_311', 'generator_312', 'generator_313', 'generator_310', 'generator_314', 'generator_293', 'generator_313', 'generator_312', 'generator_300', 'generator_291', 'generator_310', 'number_match', 'generator_293', 'generator_313', 'generator_311', 'number_match', 'generator_293', 'generator_293', 'number_match', 'generator_293', 'generator_293', 'generator_293', 'generator_293', 'generator_313', 'generator_312', 'generator_313', 'number_match']
number opened: 4
TRIAL 38
Action chosen: (green3, purple)
Outcome: True
partcle ids: ['number_match', 'number_match', 'number_match', 'number_match', 'number_match', 'number_match', 'number_match', 'number_match', 'number_match', 'number_match', 'number_match', 'number_match', 'number_match', 'number_match', 'number_match', 'number_match', 'number_match', 'number_match', 'number_match', 'number_match', 'number_match', 'number_match', 'number_match', 'number_match', 'number_match', 'number_match', 'number_match', 'number_match', 'number_match', 'number_match']
number opened: 5
{"attempts": 38, "unique_key_box_pairs": 37, "revisit_attempts": 1, "revisit_rate": 0.02702702702702703, "attempts_before_abandoning_color_matching": 0, "color_matching_abandoned": true}
