{"Child_ID": "D074", "SoC_variant": "SoC-Full", "theta": [9, 1], "p_gen": 0.4, "true_prior": 0.02, "run_number": 12, "seed": 2832261001430904076}
TRIAL 1
Action chosen: (pink, pink)
Outcome: False
partcle ids: ['similar_color_1', 'shape_match', 'generator_1', 'similar_color_4', 'number_match', 'generator_2', 'similar_color_10', 'number_match', 'similar_color_2', 'similar_color_10', 'shape_match', 'shape_match', 'generator_3', 'similar_color_13', 'shape_match', 'similar_color_3', 'number_match', 'similar_color_4', 'generator_4', 'similar_color_13', 'similar_color_7', 'similar_color_4', 'generator_5', 'generator_6', 'order_match', 'similar_color_9', 'shape_match', 'similar_color_11', 'generator_7', 'similar_color_2']
number opened: 0
TRIAL 2
Action chosen: (triangle, blue)
Outcome: False
partcle ids: ['similar_color_10', 'generator_8', 'generator_3', 'generator_2', 'generator_6', 'similar_color_7', 'shape_match', 'similar_color_2', 'generator_9', 'order_match', 'generator_10', 'number_match', 'generator_5', 'similar_color_1', 'generator_2', 'number_match', 'generator_11', 'generator_4', 'generator_12', 'generator_13', 'similar_color_7', 'order_match', 'generator_14', 'generator_15', 'similar_color_1', 'generator_16', 'order_match', 'similar_color_3', 'similar_color_13', 'generator_17']
number opened: 0
TRIAL 3
Action chosen: (red, red)
Outcome: True
partcle ids: ['similar_color_10', 'generator_8', 'generator_3', 'generator_2', 'generator_6', 'similar_color_7', 'shape_match', 'similar_color_2', 'generator_9', 'order_match', 'generator_10', 'number_match', 'generator_5', 'similar_color_1', 'generator_2', 'number_match', 'generator_11', 'generator_4', 'generator_12', 'generator_13', 'similar_color_7', 'order_match', 'generator_14', 'generator_15', 'similar_color_1', 'generator_16', 'order_match', 'similar_color_3', 'similar_color_13', 'generator_17']
number opened: 1
TRIAL 4
Action chosen: (pink, pink)
Outcome: False
partcle ids: ['similar_color_4', 'similar_color_10', 'generator_18', 'generator_19', 'generator_20', 'generator_21', 'generator_22', 'generator_23', 'generator_24', 'number_match', 'generator_25', 'number_match', 'order_match', 'generator_26', 'generator_27', 'generator_28', 'order_match', 'generator_30', 'similar_color_3', 'order_match', 'similar_color_14', 'generator_31', 'generator_32', 'similar_color_10', 'order_match', 'order_match', 'order_match', 'generator_33', 'number_match', 'generator_4']
number opened: 1
TRIAL 5
Action chosen: (yellow5, blue)
Outcome: True
partcle ids: ['generator_34', 'generator_35', 'generator_36', 'order_match', 'generator_37', 'generator_38', 'generator_39', 'generator_40', 'generator_41', 'order_match', 'generator_43', 'order_match', 'generator_25', 'number_match', 'generator_46', 'generator_47', 'generator_48', 'generator_49', 'generator_50', 'generator_51', 'generator_52', 'generator_53', 'generator_54', 'number_match', 'generator_55', 'generator_56', 'generator_57', 'generator_58', 'generator_59', 'number_match']
number opened: 2
TRIAL 6
Action chosen: (green3, purple)
Outcome: True
partcle ids: ['generator_61', 'generator_62', 'generator_63', 'generator_64', 'generator_65', 'generator_66', 'generator_48', 'generator_67', 'generator_68', 'generator_69', 'generator_70', 'generator_71', 'generator_72', 'number_match', 'generator_74', 'generator_75', 'generator_76', 'generator_77', 'generator_78', 'generator_56', 'generator_67', 'generator_79', 'generator_80', 'generator_81', 'generator_82', 'generator_83', 'generator_84', 'generator_69', 'generator_53', 'generator_85']
number opened: 3
TRIAL 7
Action chosen: (purple, pink)
Outcome: False
partcle ids: ['generator_61', 'generator_62', 'generator_63', 'generator_64', 'generator_65', 'generator_66', 'generator_48', 'generator_67', 'generator_68', 'generator_69', 'generator_70', 'generator_71', 'generator_72', 'number_match', 'generator_74', 'generator_75', 'generator_76', 'generator_77', 'generator_78', 'generator_56', 'generator_67', 'generator_79', 'generator_80', 'generator_81', 'generator_82', 'generator_83', 'generator_84', 'generator_69', 'generator_53', 'generator_85']
number opened: 3
TRIAL 8
Action chosen: (diamond, white)
Outcome: False
partcle ids: ['generator_61', 'generator_62', 'generator_63', 'generator_64', 'generator_65', 'generator_66', 'generator_48', 'generator_67', 'generator_68', 'generator_69', 'generator_70', 'generator_71', 'generator_72', 'number_match', 'generator_74', 'generator_75', 'generator_76', 'generator_77', 'generator_78', 'generator_56', 'generator_67', 'generator_79', 'generator_80', 'generator_81', 'generator_82', 'generator_83', 'generator_84', 'generator_69', 'generator_53', 'generator_85']
number opened: 3
TRIAL 9
Action chosen: (orange4, pink)
Outcome: False
partcle ids: ['generator_61', 'generator_62', 'generator_63', 'generator_64', 'generator_65', 'generator_66', 'generator_48', 'generator_67', 'generator_68', 'generator_69', 'generator_70', 'generator_71', 'generator_72', 'number_match', 'generator_74', 'generator_75', 'generator_76', 'generator_77', 'generator_78', 'generator_56', 'generator_67', 'generator_79', 'generator_80', 'generator_81', 'generator_82', 'generator_83', 'generator_84', 'generator_69', 'generator_53', 'generator_85']
number opened: 3
TRIAL 10
Action chosen: (heart, pink)
Outcome: False
partcle ids: ['generator_86', 'generator_87', 'generator_88', 'generator_76', 'generator_84', 'generator_69', 'generator_69', 'generator_88', 'generator_79', 'generator_62', 'generator_91', 'generator_92', 'generator_76', 'generator_84', 'generator_94', 'generator_63', 'generator_62', 'generator_97', 'generator_92', 'generator_74', 'generator_75', 'generator_99', 'generator_75', 'generator_97', 'generator_84', 'generator_100', 'generator_83', 'generator_85', 'generator_83', 'generator_84']
number opened: 3
TRIAL 11
Action chosen: (cloud, pink)
Outcome: False
partcle ids: ['generator_86', 'generator_87', 'generator_88', 'generator_76', 'generator_84', 'generator_69', 'generator_69', 'generator_88', 'generator_79', 'generator_62', 'generator_91', 'generator_92', 'generator_76', 'generator_84', 'generator_94', 'generator_63', 'generator_62', 'generator_97', 'generator_92', 'generator_74', 'generator_75', 'generator_99', 'generator_75', 'generator_97', 'generator_84', 'generator_100', 'generator_83', 'generator_85', 'generator_83', 'generator_84']
number opened: 3
TRIAL 12
Action chosen: (diamond, pink)
Outcome: False
partcle ids: ['generator_86', 'generator_87', 'generator_88', 'generator_76', 'generator_84', 'generator_69', 'generator_69', 'generator_88', 'generator_79', 'generator_62', 'generator_91', 'generator_92', 'generator_76', 'generator_84', 'generator_94', 'generator_63', 'generator_62', 'generator_97', 'generator_92', 'generator_74', 'generator_75', 'generator_99', 'generator_75', 'generator_97', 'generator_84', 'generator_100', 'generator_83', 'generator_85', 'generator_83', 'generator_84']
number opened: 3
TRIAL 13
Action chosen: (heart, white)
Outcome: False
partcle ids: ['generator_86', 'generator_87', 'generator_88', 'generator_76', 'generator_84', 'generator_69', 'generator_69', 'generator_88', 'generator_79', 'generator_62', 'generator_91', 'generator_92', 'generator_76', 'generator_84', 'generator_94', 'generator_63', 'generator_62', 'generator_97', 'generator_92', 'generator_74', 'generator_75', 'generator_99', 'generator_75', 'generator_97', 'generator_84', 'generator_100', 'generator_83', 'generator_85', 'generator_83', 'generator_84']
number opened: 3
TRIAL 14
Action chosen: (white, pink)
Outcome: False
partcle ids: ['generator_102', 'number_match', 'generator_103', 'generator_62', 'generator_104', 'generator_100', 'generator_105', 'generator_80', 'generator_106', 'generator_62', 'generator_62', 'generator_76', 'generator_83', 'generator_62', 'generator_70', 'generator_86', 'generator_63', 'generator_56', 'generator_110', 'generator_62', 'generator_76', 'generator_102', 'generator_111', 'generator_86', 'generator_76', 'generator_83', 'generator_113', 'generator_83', 'generator_84', 'generator_76']
number opened: 3
TRIAL 15
Action chosen: (triangle, pink)
Outcome: False
partcle ids: ['generator_102', 'number_match', 'generator_103', 'generator_62', 'generator_104', 'generator_100', 'generator_105', 'generator_80', 'generator_106', 'generator_62', 'generator_62', 'generator_76', 'generator_83', 'generator_62', 'generator_70', 'generator_86', 'generator_63', 'generator_56', 'generator_110', 'generator_62', 'generator_76', 'generator_102', 'generator_111', 'generator_86', 'generator_76', 'generator_83', 'generator_113', 'generator_83', 'generator_84', 'generator_76']
number opened: 3
TRIAL 16
Action chosen: (blue, pink)
Outcome: False
partcle ids: ['generator_102', 'number_match', 'generator_103', 'generator_62', 'generator_104', 'generator_100', 'generator_105', 'generator_80', 'generator_106', 'generator_62', 'generator_62', 'generator_76', 'generator_83', 'generator_62', 'generator_70', 'generator_86', 'generator_63', 'generator_56', 'generator_110', 'generator_62', 'generator_76', 'generator_102', 'generator_111', 'generator_86', 'generator_76', 'generator_83', 'generator_113', 'generator_83', 'generator_84', 'generator_76']
number opened: 3
TRIAL 17
Action chosen: (triangle, white)
Outcome: False
partcle ids: ['generator_102', 'number_match', 'generator_103', 'generator_62', 'generator_104', 'generator_100', 'generator_105', 'generator_80', 'generator_106', 'generator_62', 'generator_62', 'generator_76', 'generator_83', 'generator_62', 'generator_70', 'generator_86', 'generator_63', 'generator_56', 'generator_110', 'generator_62', 'generator_76', 'generator_102', 'generator_111', 'generator_86', 'generator_76', 'generator_83', 'generator_113', 'generator_83', 'generator_84', 'generator_76']
number opened: 3
TRIAL 18
Action chosen: (grey2, pink)
Outcome: True
partcle ids: ['generator_114', 'number_match', 'generator_83', 'generator_83', 'generator_83', 'generator_115', 'generator_116', 'generator_117', 'generator_117', 'generator_117', 'generator_116', 'generator_83', 'generator_83', 'generator_114', 'generator_83', 'generator_83', 'generator_92', 'generator_83', 'generator_115', 'generator_83', 'generator_116', 'generator_114', 'generator_115', 'number_match', 'generator_115', 'generator_92', 'generator_115', 'generator_117', 'generator_83', 'generator_83']
number opened: 4
TRIAL 19
Action chosen: (blue, white)
Outcome: False
partcle ids: ['generator_114', 'number_match', 'generator_83', 'generator_83', 'generator_83', 'generator_115', 'generator_116', 'generator_117', 'generator_117', 'generator_117', 'generator_116', 'generator_83', 'generator_83', 'generator_114', 'generator_83', 'generator_83', 'generator_92', 'generator_83', 'generator_115', 'generator_83', 'generator_116', 'generator_114', 'generator_115', 'number_match', 'generator_115', 'generator_92', 'generator_115', 'generator_117', 'generator_83', 'generator_83']
number opened: 4
TRIAL 20
Action chosen: (purple, white)
Outcome: False
partcle ids: ['generator_114', 'number_match', 'generator_83', 'generator_83', 'generator_83', 'generator_115', 'generator_116', 'generator_117', 'generator_117', 'generator_117', 'generator_116', 'generator_83', 'generator_83', 'generator_114', 'generator_83', 'generator_83', 'generator_92', 'generator_83', 'generator_115', 'generator_83', 'generator_116', 'generator_114', 'generator_115', 'number_match', 'generator_115', 'generator_92', 'generator_115', 'generator_117', 'generator_83', 'generator_83']
number opened: 4
TRIAL 21
Action chosen: (pink, white)
Outcome: False
partcle ids: ['generator_116', 'generator_114', 'generator_116', 'number_match', 'generator_116', 'generator_116', 'generator_115', 'generator_116', 'generator_114', 'generator_114', 'generator_114', 'generator_116', 'generator_114', 'generator_114', 'generator_114', 'generator_114', 'generator_118', 'number_match', 'generator_114', 'generator_114', 'generator_114', 'generator_66', 'number_match', 'generator_116', 'generator_114', 'generator_114', 'generator_116', 'generator_118', 'generator_116', 'generator_116']
number opened: 4
TRIAL 22
Action chosen: (cloud, white)
Outcome: False
partcle ids: ['generator_116', 'generator_114', 'generator_116', 'number_match', 'generator_116', 'generator_116', 'generator_115', 'generator_116', 'generator_114', 'generator_114', 'generator_114', 'generator_116', 'generator_114', 'generator_114', 'generator_114', 'generator_114', 'generator_118', 'number_match', 'generator_114', 'generator_114', 'generator_114', 'generator_66', 'number_match', 'generator_116', 'generator_114', 'generator_114', 'generator_116', 'generator_118', 'generator_116', 'generator_116']
number opened: 4
TRIAL 23
Action chosen: (white, white)
Outcome: False
partcle ids: ['number_match', 'generator_118', 'generator_83', 'number_match', 'generator_114', 'generator_66', 'generator_117', 'number_match', 'number_match', 'generator_117', 'generator_115', 'generator_66', 'number_match', 'number_match', 'generator_83', 'number_match', 'number_match', 'generator_117', 'generator_118', 'generator_92', 'number_match', 'number_match', 'generator_118', 'generator_115', 'generator_116', 'generator_116', 'number_match', 'generator_115', 'number_match', 'generator_117']
number opened: 4
TRIAL 24
Action chosen: (orange4, white)
Outcome: True
partcle ids: ['number_match', 'number_match', 'number_match', 'number_match', 'number_match', 'number_match', 'number_match', 'number_match', 'number_match', 'number_match', 'number_match', 'number_match', 'number_match', 'number_match', 'number_match', 'number_match', 'number_match', 'number_match', 'number_match', 'number_match', 'number_match', 'number_match', 'number_match', 'number_match', 'number_match', 'number_match', 'number_match', 'number_match', 'number_match', 'number_match']
number opened: 5
{"attempts": 24, "unique_key_box_pairs": 23, "revisit_attempts": 1, "revisit_rate": 0.043478260869565216, "attempts_before_abandoning_color_matching": 1, "color_matching_abandoned": true}
