{"Child_ID": "D074", "SoC_variant": "SoC-Full", "theta": [9, 1], "p_gen": 0.4, "true_prior": 0.02, "run_number": 18, "seed": 6485586130158468542}
TRIAL 1
Action chosen: (purple, purple)
Outcome: False
partcle ids: ['similar_color_10', 'similar_color_2', 'generator_1', 'similar_color_2', 'generator_2', 'similar_color_14', 'similar_color_9', 'generator_3', 'generator_4', 'generator_5', 'order_match', 'generator_6', 'generator_7', 'similar_color_1', 'similar_color_10', 'similar_color_11', 'similar_color_9', 'similar_color_2', 'generator_8', 'order_match', 'generator_9', 'generator_10', 'generator_11', 'generator_12', 'generator_13', 'similar_color_4', 'similar_color_3', 'similar_color_1', 'similar_color_6', 'similar_color_6']
number opened: 0
TRIAL 2
Action chosen: (orange4, purple)
Outcome: False
partcle ids: ['generator_4', 'generator_14', 'generator_8', 'generator_10', 'generator_2', 'generator_10', 'similar_color_8', 'generator_2', 'generator_3', 'shape_match', 'generator_8', 'generator_15', 'similar_color_2', 'generator_8', 'similar_color_10', 'generator_16', 'similar_color_2', 'generator_17', 'generator_4', 'generator_3', 'generator_18', 'generator_9', 'similar_color_6', 'generator_10', 'generator_3', 'generator_8', 'similar_color_11', 'generator_3', 'generator_10', 'generator_10']
number opened: 0
TRIAL 3
Action chosen: (green3, purple)
Outcome: True
partcle ids: ['generator_19', 'generator_20', 'generator_21', 'generator_22', 'generator_23', 'generator_24', 'generator_25', 'generator_26', 'generator_27', 'generator_28', 'generator_29', 'generator_30', 'generator_17', 'generator_31', 'generator_32', 'generator_33', 'generator_34', 'generator_10', 'generator_35', 'generator_36', 'generator_37', 'generator_38', 'generator_39', 'generator_40', 'generator_41', 'generator_42', 'generator_43', 'generator_44', 'generator_45', 'generator_46']
number opened: 1
TRIAL 4
Action chosen: (triangle, pink)
Outcome: False
partcle ids: ['generator_19', 'generator_20', 'generator_21', 'generator_22', 'generator_23', 'generator_24', 'generator_25', 'generator_26', 'generator_27', 'generator_28', 'generator_29', 'generator_30', 'generator_17', 'generator_31', 'generator_32', 'generator_33', 'generator_34', 'generator_10', 'generator_35', 'generator_36', 'generator_37', 'generator_38', 'generator_39', 'generator_40', 'generator_41', 'generator_42', 'generator_43', 'generator_44', 'generator_45', 'generator_46']
number opened: 1
TRIAL 5
Action chosen: (grey2, white)
Outcome: False
partcle ids: ['generator_19', 'generator_20', 'generator_21', 'generator_22', 'generator_23', 'generator_24', 'generator_25', 'generator_26', 'generator_27', 'generator_28', 'generator_29', 'generator_30', 'generator_17', 'generator_31', 'generator_32', 'generator_33', 'generator_34', 'generator_10', 'generator_35', 'generator_36', 'generator_37', 'generator_38', 'generator_39', 'generator_40', 'generator_41', 'generator_42', 'generator_43', 'generator_44', 'generator_45', 'generator_46']
number opened: 1
TRIAL 6
Action chosen: (grey2, blue)
Outcome: False
partcle ids: ['generator_19', 'generator_20', 'generator_21', 'generator_22', 'generator_23', 'generator_24', 'generator_25', 'generator_26', 'generator_27', 'generator_28', 'generator_29', 'generator_30', 'generator_17', 'generator_31', 'generator_32', 'generator_33', 'generator_34', 'generator_10', 'generator_35', 'generator_36', 'generator_37', 'generator_38', 'generator_39', 'generator_40', 'generator_41', 'generator_42', 'generator_43', 'generator_44', 'generator_45', 'generator_46']
number opened: 1
TRIAL 7
Action chosen: (cloud, pink)
Outcome: False
partcle ids: ['generator_19', 'generator_20', 'generator_21', 'generator_22', 'generator_23', 'generator_24', 'generator_25', 'generator_26', 'generator_27', 'generator_28', 'generator_29', 'generator_30', 'generator_17', 'generator_31', 'generator_32', 'generator_33', 'generator_34', 'generator_10', 'generator_35', 'generator_36', 'generator_37', 'generator_38', 'generator_39', 'generator_40', 'generator_41', 'generator_42', 'generator_43', 'generator_44', 'generator_45', 'generator_46']
number opened: 1
TRIAL 8
Action chosen: (cloud, blue)
Outcome: False
partcle ids: ['generator_47', 'generator_32', 'generator_49', 'generator_50', 'generator_51', 'generator_52', 'generator_53', 'generator_54', 'generator_55', 'generator_27', 'generator_57', 'generator_58', 'generator_46', 'generator_32', 'generator_25', 'generator_62', 'generator_63', 'generator_64', 'generator_19', 'generator_66', 'generator_67', 'generator_68', 'generator_69', 'generator_70', 'generator_71', 'generator_46', 'generator_27', 'generator_74', 'generator_27', 'generator_76']
number opened: 1
TRIAL 9
Action chosen: (orange4, blue)
Outcome: False
partcle ids: ['generator_47', 'generator_32', 'generator_49', 'generator_50', 'generator_51', 'generator_52', 'generator_53', 'generator_54', 'generator_55', 'generator_27', 'generator_57', 'generator_58', 'generator_46', 'generator_32', 'generator_25', 'generator_62', 'generator_63', 'generator_64', 'generator_19', 'generator_66', 'generator_67', 'generator_68', 'generator_69', 'generator_70', 'generator_71', 'generator_46', 'generator_27', 'generator_74', 'generator_27', 'generator_76']
number opened: 1
TRIAL 10
Action chosen: (red, blue)
Outcome: False
partcle ids: ['generator_47', 'generator_32', 'generator_49', 'generator_50', 'generator_51', 'generator_52', 'generator_53', 'generator_54', 'generator_55', 'generator_27', 'generator_57', 'generator_58', 'generator_46', 'generator_32', 'generator_25', 'generator_62', 'generator_63', 'generator_64', 'generator_19', 'generator_66', 'generator_67', 'generator_68', 'generator_69', 'generator_70', 'generator_71', 'generator_46', 'generator_27', 'generator_74', 'generator_27', 'generator_76']
number opened: 1
TRIAL 11
Action chosen: (red, pink)
Outcome: False
partcle ids: ['generator_47', 'generator_32', 'generator_49', 'generator_50', 'generator_51', 'generator_52', 'generator_53', 'generator_54', 'generator_55', 'generator_27', 'generator_57', 'generator_58', 'generator_46', 'generator_32', 'generator_25', 'generator_62', 'generator_63', 'generator_64', 'generator_19', 'generator_66', 'generator_67', 'generator_68', 'generator_69', 'generator_70', 'generator_71', 'generator_46', 'generator_27', 'generator_74', 'generator_27', 'generator_76']
number opened: 1
TRIAL 12
Action chosen: (triangle, white)
Outcome: False
partcle ids: ['generator_77', 'generator_78', 'generator_79', 'generator_76', 'generator_74', 'generator_82', 'generator_83', 'generator_70', 'generator_49', 'generator_86', 'generator_87', 'generator_68', 'generator_89', 'generator_90', 'generator_91', 'generator_92', 'generator_93', 'generator_94', 'generator_67', 'generator_96', 'generator_97', 'generator_68', 'generator_68', 'generator_100', 'generator_101', 'generator_102', 'generator_103', 'number_match', 'generator_27', 'generator_105']
number opened: 1
TRIAL 13
Action chosen: (orange4, white)
Outcome: True
partcle ids: ['generator_106', 'generator_97', 'generator_108', 'generator_97', 'generator_110', 'generator_97', 'generator_111', 'generator_112', 'generator_113', 'generator_114', 'generator_115', 'generator_116', 'generator_117', 'generator_118', 'generator_100', 'generator_119', 'generator_97', 'generator_121', 'generator_97', 'generator_123', 'generator_124', 'generator_83', 'generator_125', 'generator_126', 'generator_127', 'generator_128', 'generator_129', 'generator_130', 'generator_97', 'generator_132']
number opened: 2
TRIAL 14
Action chosen: (blue, blue)
Outcome: False
partcle ids: ['generator_106', 'generator_97', 'generator_108', 'generator_97', 'generator_110', 'generator_97', 'generator_111', 'generator_112', 'generator_113', 'generator_114', 'generator_115', 'generator_116', 'generator_117', 'generator_118', 'generator_100', 'generator_119', 'generator_97', 'generator_121', 'generator_97', 'generator_123', 'generator_124', 'generator_83', 'generator_125', 'generator_126', 'generator_127', 'generator_128', 'generator_129', 'generator_130', 'generator_97', 'generator_132']
number opened: 2
TRIAL 15
Action chosen: (purple, blue)
Outcome: False
partcle ids: ['generator_106', 'generator_97', 'generator_108', 'generator_97', 'generator_110', 'generator_97', 'generator_111', 'generator_112', 'generator_113', 'generator_114', 'generator_115', 'generator_116', 'generator_117', 'generator_118', 'generator_100', 'generator_119', 'generator_97', 'generator_121', 'generator_97', 'generator_123', 'generator_124', 'generator_83', 'generator_125', 'generator_126', 'generator_127', 'generator_128', 'generator_129', 'generator_130', 'generator_97', 'generator_132']
number opened: 2
TRIAL 16
Action chosen: (pink, blue)
Outcome: False
partcle ids: ['generator_106', 'generator_97', 'generator_108', 'generator_97', 'generator_110', 'generator_97', 'generator_111', 'generator_112', 'generator_113', 'generator_114', 'generator_115', 'generator_116', 'generator_117', 'generator_118', 'generator_100', 'generator_119', 'generator_97', 'generator_121', 'generator_97', 'generator_123', 'generator_124', 'generator_83', 'generator_125', 'generator_126', 'generator_127', 'generator_128', 'generator_129', 'generator_130', 'generator_97', 'generator_132']
number opened: 2
TRIAL 17
Action chosen: (blue, pink)
Outcome: False
partcle ids: ['generator_83', 'generator_134', 'generator_119', 'generator_126', 'generator_126', 'generator_108', 'generator_119', 'generator_137', 'generator_126', 'generator_139', 'generator_83', 'generator_141', 'generator_123', 'generator_143', 'generator_124', 'generator_116', 'generator_145', 'generator_146', 'generator_147', 'generator_123', 'generator_126', 'generator_150', 'generator_151', 'generator_83', 'generator_123', 'generator_129', 'generator_154', 'generator_155', 'generator_100', 'generator_157']
number opened: 2
TRIAL 18
Action chosen: (diamond, pink)
Outcome: False
partcle ids: ['generator_83', 'generator_134', 'generator_119', 'generator_126', 'generator_126', 'generator_108', 'generator_119', 'generator_137', 'generator_126', 'generator_139', 'generator_83', 'generator_141', 'generator_123', 'generator_143', 'generator_124', 'generator_116', 'generator_145', 'generator_146', 'generator_147', 'generator_123', 'generator_126', 'generator_150', 'generator_151', 'generator_83', 'generator_123', 'generator_129', 'generator_154', 'generator_155', 'generator_100', 'generator_157']
number opened: 2
TRIAL 19
Action chosen: (yellow5, pink)
Outcome: False
partcle ids: ['generator_83', 'generator_134', 'generator_119', 'generator_126', 'generator_126', 'generator_108', 'generator_119', 'generator_137', 'generator_126', 'generator_139', 'generator_83', 'generator_141', 'generator_123', 'generator_143', 'generator_124', 'generator_116', 'generator_145', 'generator_146', 'generator_147', 'generator_123', 'generator_126', 'generator_150', 'generator_151', 'generator_83', 'generator_123', 'generator_129', 'generator_154', 'generator_155', 'generator_100', 'generator_157']
number opened: 2
TRIAL 20
Action chosen: (diamond, blue)
Outcome: False
partcle ids: ['generator_83', 'generator_134', 'generator_119', 'generator_126', 'generator_126', 'generator_108', 'generator_119', 'generator_137', 'generator_126', 'generator_139', 'generator_83', 'generator_141', 'generator_123', 'generator_143', 'generator_124', 'generator_116', 'generator_145', 'generator_146', 'generator_147', 'generator_123', 'generator_126', 'generator_150', 'generator_151', 'generator_83', 'generator_123', 'generator_129', 'generator_154', 'generator_155', 'generator_100', 'generator_157']
number opened: 2
TRIAL 21
Action chosen: (blue, red)
Outcome: False
partcle ids: ['generator_158', 'generator_159', 'generator_160', 'generator_116', 'generator_162', 'generator_163', 'generator_164', 'generator_165', 'generator_166', 'generator_167', 'generator_157', 'generator_169', 'generator_146', 'generator_171', 'generator_172', 'generator_173', 'generator_174', 'generator_175', 'generator_145', 'generator_157', 'generator_178', 'generator_179', 'generator_168', 'generator_143', 'generator_129', 'generator_181', 'generator_182', 'generator_123', 'generator_183', 'generator_184']
number opened: 2
TRIAL 22
Action chosen: (heart, blue)
Outcome: False
partcle ids: ['generator_158', 'generator_159', 'generator_160', 'generator_116', 'generator_162', 'generator_163', 'generator_164', 'generator_165', 'generator_166', 'generator_167', 'generator_157', 'generator_169', 'generator_146', 'generator_171', 'generator_172', 'generator_173', 'generator_174', 'generator_175', 'generator_145', 'generator_157', 'generator_178', 'generator_179', 'generator_168', 'generator_143', 'generator_129', 'generator_181', 'generator_182', 'generator_123', 'generator_183', 'generator_184']
number opened: 2
TRIAL 23
Action chosen: (yellow5, blue)
Outcome: True
partcle ids: ['generator_185', 'generator_186', 'generator_186', 'generator_187', 'generator_188', 'generator_157', 'generator_190', 'generator_129', 'generator_162', 'generator_162', 'generator_192', 'generator_189', 'generator_193', 'generator_166', 'generator_195', 'generator_196', 'generator_190', 'generator_197', 'generator_166', 'generator_198', 'generator_199', 'number_match', 'generator_200', 'generator_166', 'generator_201', 'generator_157', 'generator_203', 'generator_157', 'generator_205', 'generator_206']
number opened: 3
TRIAL 24
Action chosen: (cloud, pink)
Outcome: False
partcle ids: ['generator_185', 'generator_186', 'generator_186', 'generator_187', 'generator_188', 'generator_157', 'generator_190', 'generator_129', 'generator_162', 'generator_162', 'generator_192', 'generator_189', 'generator_193', 'generator_166', 'generator_195', 'generator_196', 'generator_190', 'generator_197', 'generator_166', 'generator_198', 'generator_199', 'number_match', 'generator_200', 'generator_166', 'generator_201', 'generator_157', 'generator_203', 'generator_157', 'generator_205', 'generator_206']
number opened: 3
TRIAL 25
Action chosen: (purple, pink)
Outcome: False
partcle ids: ['generator_185', 'generator_186', 'generator_186', 'generator_187', 'generator_188', 'generator_157', 'generator_190', 'generator_129', 'generator_162', 'generator_162', 'generator_192', 'generator_189', 'generator_193', 'generator_166', 'generator_195', 'generator_196', 'generator_190', 'generator_197', 'generator_166', 'generator_198', 'generator_199', 'number_match', 'generator_200', 'generator_166', 'generator_201', 'generator_157', 'generator_203', 'generator_157', 'generator_205', 'generator_206']
number opened: 3
TRIAL 26
Action chosen: (pink, red)
Outcome: False
partcle ids: ['generator_185', 'generator_186', 'generator_186', 'generator_187', 'generator_188', 'generator_157', 'generator_190', 'generator_129', 'generator_162', 'generator_162', 'generator_192', 'generator_189', 'generator_193', 'generator_166', 'generator_195', 'generator_196', 'generator_190', 'generator_197', 'generator_166', 'generator_198', 'generator_199', 'number_match', 'generator_200', 'generator_166', 'generator_201', 'generator_157', 'generator_203', 'generator_157', 'generator_205', 'generator_206']
number opened: 3
TRIAL 27
Action chosen: (white, red)
Outcome: False
partcle ids: ['generator_200', 'generator_208', 'generator_209', 'generator_204', 'generator_192', 'generator_192', 'generator_201', 'generator_210', 'generator_211', 'generator_208', 'generator_201', 'generator_191', 'generator_206', 'generator_212', 'generator_203', 'generator_190', 'number_match', 'generator_200', 'generator_199', 'generator_215', 'generator_209', 'generator_216', 'generator_217', 'generator_206', 'generator_213', 'generator_219', 'generator_185', 'generator_220', 'generator_221', 'generator_187']
number opened: 3
TRIAL 28
Action chosen: (heart, red)
Outcome: False
partcle ids: ['generator_200', 'generator_208', 'generator_209', 'generator_204', 'generator_192', 'generator_192', 'generator_201', 'generator_210', 'generator_211', 'generator_208', 'generator_201', 'generator_191', 'generator_206', 'generator_212', 'generator_203', 'generator_190', 'number_match', 'generator_200', 'generator_199', 'generator_215', 'generator_209', 'generator_216', 'generator_217', 'generator_206', 'generator_213', 'generator_219', 'generator_185', 'generator_220', 'generator_221', 'generator_187']
number opened: 3
TRIAL 29
Action chosen: (heart, pink)
Outcome: False
partcle ids: ['generator_200', 'generator_208', 'generator_209', 'generator_204', 'generator_192', 'generator_192', 'generator_201', 'generator_210', 'generator_211', 'generator_208', 'generator_201', 'generator_191', 'generator_206', 'generator_212', 'generator_203', 'generator_190', 'number_match', 'generator_200', 'generator_199', 'generator_215', 'generator_209', 'generator_216', 'generator_217', 'generator_206', 'generator_213', 'generator_219', 'generator_185', 'generator_220', 'generator_221', 'generator_187']
number opened: 3
TRIAL 30
Action chosen: (triangle, red)
Outcome: False
partcle ids: ['generator_200', 'generator_208', 'generator_209', 'generator_204', 'generator_192', 'generator_192', 'generator_201', 'generator_210', 'generator_211', 'generator_208', 'generator_201', 'generator_191', 'generator_206', 'generator_212', 'generator_203', 'generator_190', 'number_match', 'generator_200', 'generator_199', 'generator_215', 'generator_209', 'generator_216', 'generator_217', 'generator_206', 'generator_213', 'generator_219', 'generator_185', 'generator_220', 'generator_221', 'generator_187']
number opened: 3
TRIAL 31
Action chosen: (white, pink)
Outcome: False
partcle ids: ['generator_192', 'generator_220', 'generator_211', 'generator_222', 'generator_223', 'generator_206', 'generator_224', 'generator_225', 'generator_219', 'generator_216', 'number_match', 'generator_212', 'generator_220', 'generator_226', 'generator_219', 'generator_190', 'generator_219', 'generator_227', 'generator_228', 'generator_220', 'generator_219', 'generator_219', 'generator_229', 'generator_219', 'generator_212', 'generator_215', 'generator_213', 'generator_231', 'generator_232', 'generator_233']
number opened: 3
TRIAL 32
Action chosen: (pink, pink)
Outcome: False
partcle ids: ['generator_192', 'generator_220', 'generator_211', 'generator_222', 'generator_223', 'generator_206', 'generator_224', 'generator_225', 'generator_219', 'generator_216', 'number_match', 'generator_212', 'generator_220', 'generator_226', 'generator_219', 'generator_190', 'generator_219', 'generator_227', 'generator_228', 'generator_220', 'generator_219', 'generator_219', 'generator_229', 'generator_219', 'generator_212', 'generator_215', 'generator_213', 'generator_231', 'generator_232', 'generator_233']
number opened: 3
TRIAL 33
Action chosen: (grey2, pink)
Outcome: True
partcle ids: ['generator_220', 'generator_234', 'generator_220', 'generator_223', 'generator_220', 'generator_235', 'generator_234', 'generator_220', 'number_match', 'generator_236', 'generator_220', 'generator_220', 'generator_236', 'number_match', 'number_match', 'generator_220', 'number_match', 'generator_206', 'generator_234', 'generator_206', 'generator_220', 'generator_220', 'generator_225', 'generator_220', 'generator_223', 'generator_235', 'generator_220', 'generator_234', 'generator_225', 'generator_220']
number opened: 4
TRIAL 34
Action chosen: (purple, red)
Outcome: False
partcle ids: ['generator_220', 'generator_234', 'generator_220', 'generator_223', 'generator_220', 'generator_235', 'generator_234', 'generator_220', 'number_match', 'generator_236', 'generator_220', 'generator_220', 'generator_236', 'number_match', 'number_match', 'generator_220', 'number_match', 'generator_206', 'generator_234', 'generator_206', 'generator_220', 'generator_220', 'generator_225', 'generator_220', 'generator_223', 'generator_235', 'generator_220', 'generator_234', 'generator_225', 'generator_220']
number opened: 4
TRIAL 35
Action chosen: (diamond, red)
Outcome: False
partcle ids: ['generator_220', 'generator_234', 'generator_220', 'generator_223', 'generator_220', 'generator_235', 'generator_234', 'generator_220', 'number_match', 'generator_236', 'generator_220', 'generator_220', 'generator_236', 'number_match', 'number_match', 'generator_220', 'number_match', 'generator_206', 'generator_234', 'generator_206', 'generator_220', 'generator_220', 'generator_225', 'generator_220', 'generator_223', 'generator_235', 'generator_220', 'generator_234', 'generator_225', 'generator_220']
number opened: 4
TRIAL 36
Action chosen: (red, red)
Outcome: True
partcle ids: ['number_match', 'number_match', 'number_match', 'number_match', 'number_match', 'number_match', 'number_match', 'number_match', 'number_match', 'number_match', 'number_match', 'number_match', 'number_match', 'number_match', 'number_match', 'number_match', 'number_match', 'number_match', 'number_match', 'number_match', 'number_match', 'number_match', 'number_match', 'number_match', 'number_match', 'number_match', 'number_match', 'number_match', 'number_match', 'number_match']
number opened: 5
{"attempts": 36, "unique_key_box_pairs": 35, "revisit_attempts": 1, "revisit_rate": 0.02857142857142857, "attempts_before_abandoning_color_matching": 1, "color_matching_abandoned": true}
