{"Child_ID": "D074", "SoC_variant": "SoC-Full", "theta": [9, 1], "p_gen": 0.4, "true_prior": 0.02, "run_number": 83, "seed": 3679426000323502922}
TRIAL 1
Action chosen: (purple, purple)
Outcome: False
partcle ids: ['generator_1', 'similar_color_1', 'generator_2', 'generator_3', 'similar_color_1', 'similar_color_13', 'shape_match', 'generator_4', 'order_match', 'similar_color_10', 'similar_color_7', 'generator_5', 'similar_color_9', 'generator_6', 'shape_match', 'generator_7', 'similar_color_14', 'generator_8', 'similar_color_3', 'order_match', 'similar_color_11', 'generator_9', 'similar_color_11', 'generator_10', 'shape_match', 'similar_color_13', 'generator_11', 'similar_color_1', 'color_match', 'similar_color_7']
number opened: 0
TRIAL 2
Action chosen: (triangle, blue)
Outcome: False
partcle ids: ['generator_1', 'similar_color_1', 'generator_2', 'generator_3', 'similar_color_1', 'similar_color_13', 'shape_match', 'generator_4', 'order_match', 'similar_color_10', 'similar_color_7', 'generator_5', 'similar_color_9', 'generator_6', 'shape_match', 'generator_7', 'similar_color_14', 'generator_8', 'similar_color_3', 'order_match', 'similar_color_11', 'generator_9', 'similar_color_11', 'generator_10', 'shape_match', 'similar_color_13', 'generator_11', 'similar_color_1', 'color_match', 'similar_color_7']
number opened: 0
TRIAL 3
Action chosen: (red, red)
Outcome: True
partcle ids: ['generator_12', 'similar_color_12', 'generator_13', 'generator_14', 'color_match', 'order_match', 'generator_15', 'generator_16', 'similar_color_8', 'similar_color_11', 'order_match', 'generator_17', 'order_match', 'generator_18', 'order_match', 'order_match', 'order_match', 'generator_19', 'similar_color_2', 'similar_color_11', 'similar_color_14', 'generator_20', 'number_match', 'similar_color_1', 'similar_color_4', 'order_match', 'generator_21', 'similar_color_13', 'generator_22', 'similar_color_4']
number opened: 1
TRIAL 4
Action chosen: (pink, pink)
Outcome: False
partcle ids: ['generator_12', 'similar_color_12', 'generator_13', 'generator_14', 'color_match', 'order_match', 'generator_15', 'generator_16', 'similar_color_8', 'similar_color_11', 'order_match', 'generator_17', 'order_match', 'generator_18', 'order_match', 'order_match', 'order_match', 'generator_19', 'similar_color_2', 'similar_color_11', 'similar_color_14', 'generator_20', 'number_match', 'similar_color_1', 'similar_color_4', 'order_match', 'generator_21', 'similar_color_13', 'generator_22', 'similar_color_4']
number opened: 1
TRIAL 5
Action chosen: (orange4, purple)
Outcome: False
partcle ids: ['generator_23', 'generator_24', 'generator_20', 'generator_17', 'similar_color_5', 'generator_18', 'order_match', 'generator_17', 'generator_25', 'generator_21', 'generator_26', 'number_match', 'generator_27', 'color_match', 'generator_16', 'generator_28', 'order_match', 'generator_16', 'generator_29', 'generator_17', 'generator_14', 'generator_14', 'generator_14', 'number_match', 'order_match', 'generator_30', 'number_match', 'generator_20', 'generator_18', 'generator_31']
number opened: 1
TRIAL 6
Action chosen: (orange4, white)
Outcome: True
partcle ids: ['generator_32', 'generator_33', 'generator_34', 'generator_35', 'generator_36', 'number_match', 'generator_37', 'generator_38', 'generator_39', 'generator_40', 'generator_18', 'generator_42', 'generator_43', 'generator_44', 'generator_45', 'generator_46', 'generator_47', 'generator_48', 'generator_49', 'generator_50', 'generator_51', 'generator_52', 'generator_53', 'generator_18', 'generator_55', 'generator_18', 'generator_57', 'generator_58', 'generator_59', 'generator_60']
number opened: 2
TRIAL 7
Action chosen: (yellow5, pink)
Outcome: False
partcle ids: ['generator_32', 'generator_33', 'generator_34', 'generator_35', 'generator_36', 'number_match', 'generator_37', 'generator_38', 'generator_39', 'generator_40', 'generator_18', 'generator_42', 'generator_43', 'generator_44', 'generator_45', 'generator_46', 'generator_47', 'generator_48', 'generator_49', 'generator_50', 'generator_51', 'generator_52', 'generator_53', 'generator_18', 'generator_55', 'generator_18', 'generator_57', 'generator_58', 'generator_59', 'generator_60']
number opened: 2
TRIAL 8
Action chosen: (white, blue)
Outcome: False
partcle ids: ['generator_32', 'generator_33', 'generator_34', 'generator_35', 'generator_36', 'number_match', 'generator_37', 'generator_38', 'generator_39', 'generator_40', 'generator_18', 'generator_42', 'generator_43', 'generator_44', 'generator_45', 'generator_46', 'generator_47', 'generator_48', 'generator_49', 'generator_50', 'generator_51', 'generator_52', 'generator_53', 'generator_18', 'generator_55', 'generator_18', 'generator_57', 'generator_58', 'generator_59', 'generator_60']
number opened: 2
TRIAL 9
Action chosen: (white, purple)
Outcome: False
partcle ids: ['generator_32', 'generator_33', 'generator_34', 'generator_35', 'generator_36', 'number_match', 'generator_37', 'generator_38', 'generator_39', 'generator_40', 'generator_18', 'generator_42', 'generator_43', 'generator_44', 'generator_45', 'generator_46', 'generator_47', 'generator_48', 'generator_49', 'generator_50', 'generator_51', 'generator_52', 'generator_53', 'generator_18', 'generator_55', 'generator_18', 'generator_57', 'generator_58', 'generator_59', 'generator_60']
number opened: 2
TRIAL 10
Action chosen: (pink, purple)
Outcome: False
partcle ids: ['generator_42', 'generator_46', 'generator_63', 'generator_64', 'generator_65', 'generator_55', 'generator_67', 'generator_68', 'generator_49', 'generator_46', 'generator_71', 'generator_72', 'generator_44', 'number_match', 'generator_74', 'generator_75', 'generator_76', 'generator_77', 'generator_78', 'generator_79', 'generator_25', 'generator_80', 'generator_81', 'generator_40', 'generator_82', 'generator_83', 'generator_84', 'generator_39', 'generator_86', 'number_match']
number opened: 2
TRIAL 11
Action chosen: (purple, pink)
Outcome: False
partcle ids: ['generator_42', 'generator_46', 'generator_63', 'generator_64', 'generator_65', 'generator_55', 'generator_67', 'generator_68', 'generator_49', 'generator_46', 'generator_71', 'generator_72', 'generator_44', 'number_match', 'generator_74', 'generator_75', 'generator_76', 'generator_77', 'generator_78', 'generator_79', 'generator_25', 'generator_80', 'generator_81', 'generator_40', 'generator_82', 'generator_83', 'generator_84', 'generator_39', 'generator_86', 'number_match']
number opened: 2
TRIAL 12
Action chosen: (heart, pink)
Outcome: False
partcle ids: ['generator_42', 'generator_46', 'generator_63', 'generator_64', 'generator_65', 'generator_55', 'generator_67', 'generator_68', 'generator_49', 'generator_46', 'generator_71', 'generator_72', 'generator_44', 'number_match', 'generator_74', 'generator_75', 'generator_76', 'generator_77', 'generator_78', 'generator_79', 'generator_25', 'generator_80', 'generator_81', 'generator_40', 'generator_82', 'generator_83', 'generator_84', 'generator_39', 'generator_86', 'number_match']
number opened: 2
TRIAL 13
Action chosen: (yellow5, blue)
Outcome: True
partcle ids: ['generator_44', 'number_match', 'generator_87', 'generator_79', 'generator_89', 'generator_79', 'generator_90', 'generator_91', 'generator_92', 'generator_93', 'generator_94', 'generator_95', 'generator_96', 'generator_97', 'generator_92', 'generator_87', 'generator_98', 'generator_44', 'generator_97', 'generator_79', 'generator_101', 'generator_102', 'generator_103', 'generator_104', 'generator_94', 'generator_63', 'number_match', 'generator_106', 'generator_107', 'generator_98']
number opened: 3
TRIAL 14
Action chosen: (blue, pink)
Outcome: False
partcle ids: ['generator_44', 'number_match', 'generator_87', 'generator_79', 'generator_89', 'generator_79', 'generator_90', 'generator_91', 'generator_92', 'generator_93', 'generator_94', 'generator_95', 'generator_96', 'generator_97', 'generator_92', 'generator_87', 'generator_98', 'generator_44', 'generator_97', 'generator_79', 'generator_101', 'generator_102', 'generator_103', 'generator_104', 'generator_94', 'generator_63', 'number_match', 'generator_106', 'generator_107', 'generator_98']
number opened: 3
TRIAL 15
Action chosen: (white, pink)
Outcome: False
partcle ids: ['generator_44', 'number_match', 'generator_87', 'generator_79', 'generator_89', 'generator_79', 'generator_90', 'generator_91', 'generator_92', 'generator_93', 'generator_94', 'generator_95', 'generator_96', 'generator_97', 'generator_92', 'generator_87', 'generator_98', 'generator_44', 'generator_97', 'generator_79', 'generator_101', 'generator_102', 'generator_103', 'generator_104', 'generator_94', 'generator_63', 'number_match', 'generator_106', 'generator_107', 'generator_98']
number opened: 3
TRIAL 16
Action chosen: (green3, pink)
Outcome: False
partcle ids: ['generator_44', 'number_match', 'generator_87', 'generator_79', 'generator_89', 'generator_79', 'generator_90', 'generator_91', 'generator_92', 'generator_93', 'generator_94', 'generator_95', 'generator_96', 'generator_97', 'generator_92', 'generator_87', 'generator_98', 'generator_44', 'generator_97', 'generator_79', 'generator_101', 'generator_102', 'generator_103', 'generator_104', 'generator_94', 'generator_63', 'number_match', 'generator_106', 'generator_107', 'generator_98']
number opened: 3
TRIAL 17
Action chosen: (diamond, pink)
Outcome: False
partcle ids: ['generator_87', 'generator_109', 'generator_110', 'generator_92', 'generator_111', 'number_match', 'generator_92', 'generator_114', 'generator_112', 'generator_92', 'generator_116', 'generator_92', 'generator_117', 'generator_118', 'generator_104', 'generator_119', 'generator_120', 'generator_92', 'generator_122', 'generator_123', 'generator_109', 'generator_104', 'generator_124', 'generator_79', 'generator_125', 'generator_117', 'generator_103', 'generator_96', 'number_match', 'generator_127']
number opened: 3
TRIAL 18
Action chosen: (heart, purple)
Outcome: False
partcle ids: ['generator_87', 'generator_109', 'generator_110', 'generator_92', 'generator_111', 'number_match', 'generator_92', 'generator_114', 'generator_112', 'generator_92', 'generator_116', 'generator_92', 'generator_117', 'generator_118', 'generator_104', 'generator_119', 'generator_120', 'generator_92', 'generator_122', 'generator_123', 'generator_109', 'generator_104', 'generator_124', 'generator_79', 'generator_125', 'generator_117', 'generator_103', 'generator_96', 'number_match', 'generator_127']
number opened: 3
TRIAL 19
Action chosen: (triangle, purple)
Outcome: False
partcle ids: ['generator_87', 'generator_109', 'generator_110', 'generator_92', 'generator_111', 'number_match', 'generator_92', 'generator_114', 'generator_112', 'generator_92', 'generator_116', 'generator_92', 'generator_117', 'generator_118', 'generator_104', 'generator_119', 'generator_120', 'generator_92', 'generator_122', 'generator_123', 'generator_109', 'generator_104', 'generator_124', 'generator_79', 'generator_125', 'generator_117', 'generator_103', 'generator_96', 'number_match', 'generator_127']
number opened: 3
TRIAL 20
Action chosen: (green3, purple)
Outcome: True
partcle ids: ['generator_97', 'generator_128', 'generator_129', 'generator_120', 'number_match', 'generator_130', 'generator_128', 'generator_120', 'generator_99', 'generator_128', 'generator_129', 'generator_97', 'generator_120', 'generator_130', 'generator_120', 'generator_120', 'generator_110', 'generator_120', 'generator_131', 'generator_131', 'generator_97', 'generator_99', 'generator_99', 'generator_110', 'generator_128', 'number_match', 'generator_110', 'generator_120', 'generator_129', 'generator_128']
number opened: 4
TRIAL 21
Action chosen: (cloud, pink)
Outcome: False
partcle ids: ['generator_97', 'generator_128', 'generator_129', 'generator_120', 'number_match', 'generator_130', 'generator_128', 'generator_120', 'generator_99', 'generator_128', 'generator_129', 'generator_97', 'generator_120', 'generator_130', 'generator_120', 'generator_120', 'generator_110', 'generator_120', 'generator_131', 'generator_131', 'generator_97', 'generator_99', 'generator_99', 'generator_110', 'generator_128', 'number_match', 'generator_110', 'generator_120', 'generator_129', 'generator_128']
number opened: 4
TRIAL 22
Action chosen: (triangle, pink)
Outcome: False
partcle ids: ['generator_97', 'generator_128', 'generator_129', 'generator_120', 'number_match', 'generator_130', 'generator_128', 'generator_120', 'generator_99', 'generator_128', 'generator_129', 'generator_97', 'generator_120', 'generator_130', 'generator_120', 'generator_120', 'generator_110', 'generator_120', 'generator_131', 'generator_131', 'generator_97', 'generator_99', 'generator_99', 'generator_110', 'generator_128', 'number_match', 'generator_110', 'generator_120', 'generator_129', 'generator_128']
number opened: 4
TRIAL 23
Action chosen: (purple, pink)
Outcome: False
partcle ids: ['generator_97', 'generator_128', 'generator_129', 'generator_120', 'number_match', 'generator_130', 'generator_128', 'generator_120', 'generator_99', 'generator_128', 'generator_129', 'generator_97', 'generator_120', 'generator_130', 'generator_120', 'generator_120', 'generator_110', 'generator_120', 'generator_131', 'generator_131', 'generator_97', 'generator_99', 'generator_99', 'generator_110', 'generator_128', 'number_match', 'generator_110', 'generator_120', 'generator_129', 'generator_128']
number opened: 4
TRIAL 24
Action chosen: (diamond, pink)
Outcome: False
partcle ids: ['generator_97', 'generator_128', 'generator_129', 'generator_120', 'number_match', 'generator_130', 'generator_128', 'generator_120', 'generator_99', 'generator_128', 'generator_129', 'generator_97', 'generator_120', 'generator_130', 'generator_120', 'generator_120', 'generator_110', 'generator_120', 'generator_131', 'generator_131', 'generator_97', 'generator_99', 'generator_99', 'generator_110', 'generator_128', 'number_match', 'generator_110', 'generator_120', 'generator_129', 'generator_128']
number opened: 4
TRIAL 25
Action chosen: (white, pink)
Outcome: False
partcle ids: ['generator_131', 'generator_120', 'generator_110', 'generator_99', 'generator_128', 'generator_131', 'number_match', 'generator_99', 'generator_131', 'generator_99', 'number_match', 'generator_128', 'generator_120', 'generator_128', 'generator_130', 'generator_131', 'number_match', 'number_match', 'generator_130', 'generator_131', 'generator_120', 'generator_99', 'generator_128', 'generator_130', 'generator_99', 'number_match', 'generator_130', 'generator_130', 'generator_120', 'generator_131']
number opened: 4
TRIAL 26
Action chosen: (blue, pink)
Outcome: False
partcle ids: ['generator_131', 'generator_120', 'generator_110', 'generator_99', 'generator_128', 'generator_131', 'number_match', 'generator_99', 'generator_131', 'generator_99', 'number_match', 'generator_128', 'generator_120', 'generator_128', 'generator_130', 'generator_131', 'number_match', 'number_match', 'generator_130', 'generator_131', 'generator_120', 'generator_99', 'generator_128', 'generator_130', 'generator_99', 'number_match', 'generator_130', 'generator_130', 'generator_120', 'generator_131']
number opened: 4
TRIAL 27
Action chosen: (pink, pink)
Outcome: False
partcle ids: ['generator_131', 'generator_120', 'generator_110', 'generator_99', 'generator_128', 'generator_131', 'number_match', 'generator_99', 'generator_131', 'generator_99', 'number_match', 'generator_128', 'generator_120', 'generator_128', 'generator_130', 'generator_131', 'number_match', 'number_match', 'generator_130', 'generator_131', 'generator_120', 'generator_99', 'generator_128', 'generator_130', 'generator_99', 'number_match', 'generator_130', 'generator_130', 'generator_120', 'generator_131']
number opened: 4
TRIAL 28
Action chosen: (heart, pink)
Outcome: False
partcle ids: ['generator_131', 'generator_120', 'generator_110', 'generator_99', 'generator_128', 'generator_131', 'number_match', 'generator_99', 'generator_131', 'generator_99', 'number_match', 'generator_128', 'generator_120', 'generator_128', 'generator_130', 'generator_131', 'number_match', 'number_match', 'generator_130', 'generator_131', 'generator_120', 'generator_99', 'generator_128', 'generator_130', 'generator_99', 'number_match', 'generator_130', 'generator_130', 'generator_120', 'generator_131']
number opened: 4
TRIAL 29
Action chosen: (grey2, pink)
Outcome: True
partcle ids: ['number_match', 'number_match', 'number_match', 'number_match', 'number_match', 'number_match', 'number_match', 'number_match', 'number_match', 'number_match', 'number_match', 'number_match', 'number_match', 'number_match', 'number_match', 'number_match', 'number_match', 'number_match', 'number_match', 'number_match', 'number_match', 'number_match', 'number_match', 'number_match', 'number_match', 'number_match', 'number_match', 'number_match', 'number_match', 'number_match']
number opened: 5
{"attempts": 29, "unique_key_box_pairs": 23, "revisit_attempts": 6, "revisit_rate": 0.21428571428571427, "attempts_before_abandoning_color_matching": 1, "color_matching_abandoned": true}
