{"Child_ID": "D097", "SoC_variant": "SoC-Full", "theta": [1, 2], "p_gen": 0.3, "true_prior": 0.02, "run_number": 28, "seed": 975506430579121402}
TRIAL 1
Action chosen: (heart, blue)
Outcome: False
partcle ids: ['similar_color_4', 'generator_1', 'similar_color_8', 'similar_color_9', 'similar_color_4', 'similar_color_10', 'similar_color_10', 'similar_color_5', 'similar_color_7', 'similar_color_1', 'shape_match', 'similar_color_2', 'shape_match', 'similar_color_5', 'similar_color_4', 'similar_color_11', 'similar_color_2', 'similar_color_9', 'similar_color_8', 'similar_color_10', 'similar_color_13', 'generator_2', 'similar_color_11', 'similar_color_11', 'similar_color_8', 'similar_color_3', 'similar_color_7', 'color_match', 'generator_3', 'similar_color_6']
number opened: 0
TRIAL 2
Action chosen: (blue, blue)
Outcome: False
partcle ids: ['similar_color_4', 'generator_1', 'similar_color_8', 'similar_color_9', 'similar_color_4', 'similar_color_10', 'similar_color_10', 'similar_color_5', 'similar_color_7', 'similar_color_1', 'shape_match', 'similar_color_2', 'shape_match', 'similar_color_5', 'similar_color_4', 'similar_color_11', 'similar_color_2', 'similar_color_9', 'similar_color_8', 'similar_color_10', 'similar_color_13', 'generator_2', 'similar_color_11', 'similar_color_11', 'similar_color_8', 'similar_color_3', 'similar_color_7', 'color_match', 'generator_3', 'similar_color_6']
number opened: 0
TRIAL 3
Action chosen: (heart, blue)
Outcome: False
partcle ids: ['similar_color_4', 'generator_1', 'similar_color_8', 'similar_color_9', 'similar_color_4', 'similar_color_10', 'similar_color_10', 'similar_color_5', 'similar_color_7', 'similar_color_1', 'shape_match', 'similar_color_2', 'shape_match', 'similar_color_5', 'similar_color_4', 'similar_color_11', 'similar_color_2', 'similar_color_9', 'similar_color_8', 'similar_color_10', 'similar_color_13', 'generator_2', 'similar_color_11', 'similar_color_11', 'similar_color_8', 'similar_color_3', 'similar_color_7', 'color_match', 'generator_3', 'similar_color_6']
number opened: 0
TRIAL 4
Action chosen: (green3, blue)
Outcome: False
partcle ids: ['similar_color_4', 'generator_1', 'similar_color_8', 'similar_color_9', 'similar_color_4', 'similar_color_10', 'similar_color_10', 'similar_color_5', 'similar_color_7', 'similar_color_1', 'shape_match', 'similar_color_2', 'shape_match', 'similar_color_5', 'similar_color_4', 'similar_color_11', 'similar_color_2', 'similar_color_9', 'similar_color_8', 'similar_color_10', 'similar_color_13', 'generator_2', 'similar_color_11', 'similar_color_11', 'similar_color_8', 'similar_color_3', 'similar_color_7', 'color_match', 'generator_3', 'similar_color_6']
number opened: 0
TRIAL 5
Action chosen: (blue, blue)
Outcome: False
partcle ids: ['similar_color_4', 'generator_1', 'similar_color_8', 'similar_color_9', 'similar_color_4', 'similar_color_10', 'similar_color_10', 'similar_color_5', 'similar_color_7', 'similar_color_1', 'shape_match', 'similar_color_2', 'shape_match', 'similar_color_5', 'similar_color_4', 'similar_color_11', 'similar_color_2', 'similar_color_9', 'similar_color_8', 'similar_color_10', 'similar_color_13', 'generator_2', 'similar_color_11', 'similar_color_11', 'similar_color_8', 'similar_color_3', 'similar_color_7', 'color_match', 'generator_3', 'similar_color_6']
number opened: 0
TRIAL 6
Action chosen: (heart, blue)
Outcome: False
partcle ids: ['similar_color_4', 'generator_1', 'similar_color_8', 'similar_color_9', 'similar_color_4', 'similar_color_10', 'similar_color_10', 'similar_color_5', 'similar_color_7', 'similar_color_1', 'shape_match', 'similar_color_2', 'shape_match', 'similar_color_5', 'similar_color_4', 'similar_color_11', 'similar_color_2', 'similar_color_9', 'similar_color_8', 'similar_color_10', 'similar_color_13', 'generator_2', 'similar_color_11', 'similar_color_11', 'similar_color_8', 'similar_color_3', 'similar_color_7', 'color_match', 'generator_3', 'similar_color_6']
number opened: 0
TRIAL 7
Action chosen: (green3, blue)
Outcome: False
partcle ids: ['similar_color_4', 'generator_1', 'similar_color_8', 'similar_color_9', 'similar_color_4', 'similar_color_10', 'similar_color_10', 'similar_color_5', 'similar_color_7', 'similar_color_1', 'shape_match', 'similar_color_2', 'shape_match', 'similar_color_5', 'similar_color_4', 'similar_color_11', 'similar_color_2', 'similar_color_9', 'similar_color_8', 'similar_color_10', 'similar_color_13', 'generator_2', 'similar_color_11', 'similar_color_11', 'similar_color_8', 'similar_color_3', 'similar_color_7', 'color_match', 'generator_3', 'similar_color_6']
number opened: 0
TRIAL 8
Action chosen: (blue, blue)
Outcome: False
partcle ids: ['similar_color_4', 'generator_1', 'similar_color_8', 'similar_color_9', 'similar_color_4', 'similar_color_10', 'similar_color_10', 'similar_color_5', 'similar_color_7', 'similar_color_1', 'shape_match', 'similar_color_2', 'shape_match', 'similar_color_5', 'similar_color_4', 'similar_color_11', 'similar_color_2', 'similar_color_9', 'similar_color_8', 'similar_color_10', 'similar_color_13', 'generator_2', 'similar_color_11', 'similar_color_11', 'similar_color_8', 'similar_color_3', 'similar_color_7', 'color_match', 'generator_3', 'similar_color_6']
number opened: 0
TRIAL 9
Action chosen: (heart, blue)
Outcome: False
partcle ids: ['similar_color_4', 'generator_1', 'similar_color_8', 'similar_color_9', 'similar_color_4', 'similar_color_10', 'similar_color_10', 'similar_color_5', 'similar_color_7', 'similar_color_1', 'shape_match', 'similar_color_2', 'shape_match', 'similar_color_5', 'similar_color_4', 'similar_color_11', 'similar_color_2', 'similar_color_9', 'similar_color_8', 'similar_color_10', 'similar_color_13', 'generator_2', 'similar_color_11', 'similar_color_11', 'similar_color_8', 'similar_color_3', 'similar_color_7', 'color_match', 'generator_3', 'similar_color_6']
number opened: 0
TRIAL 10
Action chosen: (green3, blue)
Outcome: False
partcle ids: ['similar_color_4', 'generator_1', 'similar_color_8', 'similar_color_9', 'similar_color_4', 'similar_color_10', 'similar_color_10', 'similar_color_5', 'similar_color_7', 'similar_color_1', 'shape_match', 'similar_color_2', 'shape_match', 'similar_color_5', 'similar_color_4', 'similar_color_11', 'similar_color_2', 'similar_color_9', 'similar_color_8', 'similar_color_10', 'similar_color_13', 'generator_2', 'similar_color_11', 'similar_color_11', 'similar_color_8', 'similar_color_3', 'similar_color_7', 'color_match', 'generator_3', 'similar_color_6']
number opened: 0
TRIAL 11
Action chosen: (blue, blue)
Outcome: False
partcle ids: ['similar_color_4', 'generator_1', 'similar_color_8', 'similar_color_9', 'similar_color_4', 'similar_color_10', 'similar_color_10', 'similar_color_5', 'similar_color_7', 'similar_color_1', 'shape_match', 'similar_color_2', 'shape_match', 'similar_color_5', 'similar_color_4', 'similar_color_11', 'similar_color_2', 'similar_color_9', 'similar_color_8', 'similar_color_10', 'similar_color_13', 'generator_2', 'similar_color_11', 'similar_color_11', 'similar_color_8', 'similar_color_3', 'similar_color_7', 'color_match', 'generator_3', 'similar_color_6']
number opened: 0
TRIAL 12
Action chosen: (heart, blue)
Outcome: False
partcle ids: ['similar_color_4', 'generator_1', 'similar_color_8', 'similar_color_9', 'similar_color_4', 'similar_color_10', 'similar_color_10', 'similar_color_5', 'similar_color_7', 'similar_color_1', 'shape_match', 'similar_color_2', 'shape_match', 'similar_color_5', 'similar_color_4', 'similar_color_11', 'similar_color_2', 'similar_color_9', 'similar_color_8', 'similar_color_10', 'similar_color_13', 'generator_2', 'similar_color_11', 'similar_color_11', 'similar_color_8', 'similar_color_3', 'similar_color_7', 'color_match', 'generator_3', 'similar_color_6']
number opened: 0
TRIAL 13
Action chosen: (green3, blue)
Outcome: False
partcle ids: ['similar_color_4', 'generator_1', 'similar_color_8', 'similar_color_9', 'similar_color_4', 'similar_color_10', 'similar_color_10', 'similar_color_5', 'similar_color_7', 'similar_color_1', 'shape_match', 'similar_color_2', 'shape_match', 'similar_color_5', 'similar_color_4', 'similar_color_11', 'similar_color_2', 'similar_color_9', 'similar_color_8', 'similar_color_10', 'similar_color_13', 'generator_2', 'similar_color_11', 'similar_color_11', 'similar_color_8', 'similar_color_3', 'similar_color_7', 'color_match', 'generator_3', 'similar_color_6']
number opened: 0
TRIAL 14
Action chosen: (blue, blue)
Outcome: False
partcle ids: ['similar_color_4', 'generator_1', 'similar_color_8', 'similar_color_9', 'similar_color_4', 'similar_color_10', 'similar_color_10', 'similar_color_5', 'similar_color_7', 'similar_color_1', 'shape_match', 'similar_color_2', 'shape_match', 'similar_color_5', 'similar_color_4', 'similar_color_11', 'similar_color_2', 'similar_color_9', 'similar_color_8', 'similar_color_10', 'similar_color_13', 'generator_2', 'similar_color_11', 'similar_color_11', 'similar_color_8', 'similar_color_3', 'similar_color_7', 'color_match', 'generator_3', 'similar_color_6']
number opened: 0
TRIAL 15
Action chosen: (heart, blue)
Outcome: False
partcle ids: ['similar_color_4', 'generator_1', 'similar_color_8', 'similar_color_9', 'similar_color_4', 'similar_color_10', 'similar_color_10', 'similar_color_5', 'similar_color_7', 'similar_color_1', 'shape_match', 'similar_color_2', 'shape_match', 'similar_color_5', 'similar_color_4', 'similar_color_11', 'similar_color_2', 'similar_color_9', 'similar_color_8', 'similar_color_10', 'similar_color_13', 'generator_2', 'similar_color_11', 'similar_color_11', 'similar_color_8', 'similar_color_3', 'similar_color_7', 'color_match', 'generator_3', 'similar_color_6']
number opened: 0
TRIAL 16
Action chosen: (green3, blue)
Outcome: False
partcle ids: ['similar_color_4', 'generator_1', 'similar_color_8', 'similar_color_9', 'similar_color_4', 'similar_color_10', 'similar_color_10', 'similar_color_5', 'similar_color_7', 'similar_color_1', 'shape_match', 'similar_color_2', 'shape_match', 'similar_color_5', 'similar_color_4', 'similar_color_11', 'similar_color_2', 'similar_color_9', 'similar_color_8', 'similar_color_10', 'similar_color_13', 'generator_2', 'similar_color_11', 'similar_color_11', 'similar_color_8', 'similar_color_3', 'similar_color_7', 'color_match', 'generator_3', 'similar_color_6']
number opened: 0
TRIAL 17
Action chosen: (blue, blue)
Outcome: False
partcle ids: ['similar_color_4', 'generator_1', 'similar_color_8', 'similar_color_9', 'similar_color_4', 'similar_color_10', 'similar_color_10', 'similar_color_5', 'similar_color_7', 'similar_color_1', 'shape_match', 'similar_color_2', 'shape_match', 'similar_color_5', 'similar_color_4', 'similar_color_11', 'similar_color_2', 'similar_color_9', 'similar_color_8', 'similar_color_10', 'similar_color_13', 'generator_2', 'similar_color_11', 'similar_color_11', 'similar_color_8', 'similar_color_3', 'similar_color_7', 'color_match', 'generator_3', 'similar_color_6']
number opened: 0
TRIAL 18
Action chosen: (heart, blue)
Outcome: False
partcle ids: ['similar_color_4', 'generator_1', 'similar_color_8', 'similar_color_9', 'similar_color_4', 'similar_color_10', 'similar_color_10', 'similar_color_5', 'similar_color_7', 'similar_color_1', 'shape_match', 'similar_color_2', 'shape_match', 'similar_color_5', 'similar_color_4', 'similar_color_11', 'similar_color_2', 'similar_color_9', 'similar_color_8', 'similar_color_10', 'similar_color_13', 'generator_2', 'similar_color_11', 'similar_color_11', 'similar_color_8', 'similar_color_3', 'similar_color_7', 'color_match', 'generator_3', 'similar_color_6']
number opened: 0
TRIAL 19
Action chosen: (green3, blue)
Outcome: False
partcle ids: ['similar_color_4', 'generator_1', 'similar_color_8', 'similar_color_9', 'similar_color_4', 'similar_color_10', 'similar_color_10', 'similar_color_5', 'similar_color_7', 'similar_color_1', 'shape_match', 'similar_color_2', 'shape_match', 'similar_color_5', 'similar_color_4', 'similar_color_11', 'similar_color_2', 'similar_color_9', 'similar_color_8', 'similar_color_10', 'similar_color_13', 'generator_2', 'similar_color_11', 'similar_color_11', 'similar_color_8', 'similar_color_3', 'similar_color_7', 'color_match', 'generator_3', 'similar_color_6']
number opened: 0
TRIAL 20
Action chosen: (blue, blue)
Outcome: False
partcle ids: ['similar_color_4', 'generator_1', 'similar_color_8', 'similar_color_9', 'similar_color_4', 'similar_color_10', 'similar_color_10', 'similar_color_5', 'similar_color_7', 'similar_color_1', 'shape_match', 'similar_color_2', 'shape_match', 'similar_color_5', 'similar_color_4', 'similar_color_11', 'similar_color_2', 'similar_color_9', 'similar_color_8', 'similar_color_10', 'similar_color_13', 'generator_2', 'similar_color_11', 'similar_color_11', 'similar_color_8', 'similar_color_3', 'similar_color_7', 'color_match', 'generator_3', 'similar_color_6']
number opened: 0
TRIAL 21
Action chosen: (heart, blue)
Outcome: False
partcle ids: ['similar_color_4', 'generator_1', 'similar_color_8', 'similar_color_9', 'similar_color_4', 'similar_color_10', 'similar_color_10', 'similar_color_5', 'similar_color_7', 'similar_color_1', 'shape_match', 'similar_color_2', 'shape_match', 'similar_color_5', 'similar_color_4', 'similar_color_11', 'similar_color_2', 'similar_color_9', 'similar_color_8', 'similar_color_10', 'similar_color_13', 'generator_2', 'similar_color_11', 'similar_color_11', 'similar_color_8', 'similar_color_3', 'similar_color_7', 'color_match', 'generator_3', 'similar_color_6']
number opened: 0
TRIAL 22
Action chosen: (green3, blue)
Outcome: False
partcle ids: ['similar_color_4', 'generator_1', 'similar_color_8', 'similar_color_9', 'similar_color_4', 'similar_color_10', 'similar_color_10', 'similar_color_5', 'similar_color_7', 'similar_color_1', 'shape_match', 'similar_color_2', 'shape_match', 'similar_color_5', 'similar_color_4', 'similar_color_11', 'similar_color_2', 'similar_color_9', 'similar_color_8', 'similar_color_10', 'similar_color_13', 'generator_2', 'similar_color_11', 'similar_color_11', 'similar_color_8', 'similar_color_3', 'similar_color_7', 'color_match', 'generator_3', 'similar_color_6']
number opened: 0
TRIAL 23
Action chosen: (blue, blue)
Outcome: False
partcle ids: ['similar_color_4', 'generator_1', 'similar_color_8', 'similar_color_9', 'similar_color_4', 'similar_color_10', 'similar_color_10', 'similar_color_5', 'similar_color_7', 'similar_color_1', 'shape_match', 'similar_color_2', 'shape_match', 'similar_color_5', 'similar_color_4', 'similar_color_11', 'similar_color_2', 'similar_color_9', 'similar_color_8', 'similar_color_10', 'similar_color_13', 'generator_2', 'similar_color_11', 'similar_color_11', 'similar_color_8', 'similar_color_3', 'similar_color_7', 'color_match', 'generator_3', 'similar_color_6']
number opened: 0
TRIAL 24
Action chosen: (heart, purple)
Outcome: False
partcle ids: ['similar_color_4', 'generator_1', 'similar_color_8', 'similar_color_9', 'similar_color_4', 'similar_color_10', 'similar_color_10', 'similar_color_5', 'similar_color_7', 'similar_color_1', 'shape_match', 'similar_color_2', 'shape_match', 'similar_color_5', 'similar_color_4', 'similar_color_11', 'similar_color_2', 'similar_color_9', 'similar_color_8', 'similar_color_10', 'similar_color_13', 'generator_2', 'similar_color_11', 'similar_color_11', 'similar_color_8', 'similar_color_3', 'similar_color_7', 'color_match', 'generator_3', 'similar_color_6']
number opened: 0
TRIAL 25
Action chosen: (heart, blue)
Outcome: False
partcle ids: ['similar_color_4', 'generator_1', 'similar_color_8', 'similar_color_9', 'similar_color_4', 'similar_color_10', 'similar_color_10', 'similar_color_5', 'similar_color_7', 'similar_color_1', 'shape_match', 'similar_color_2', 'shape_match', 'similar_color_5', 'similar_color_4', 'similar_color_11', 'similar_color_2', 'similar_color_9', 'similar_color_8', 'similar_color_10', 'similar_color_13', 'generator_2', 'similar_color_11', 'similar_color_11', 'similar_color_8', 'similar_color_3', 'similar_color_7', 'color_match', 'generator_3', 'similar_color_6']
number opened: 0
TRIAL 26
Action chosen: (green3, blue)
Outcome: False
partcle ids: ['similar_color_4', 'generator_1', 'similar_color_8', 'similar_color_9', 'similar_color_4', 'similar_color_10', 'similar_color_10', 'similar_color_5', 'similar_color_7', 'similar_color_1', 'shape_match', 'similar_color_2', 'shape_match', 'similar_color_5', 'similar_color_4', 'similar_color_11', 'similar_color_2', 'similar_color_9', 'similar_color_8', 'similar_color_10', 'similar_color_13', 'generator_2', 'similar_color_11', 'similar_color_11', 'similar_color_8', 'similar_color_3', 'similar_color_7', 'color_match', 'generator_3', 'similar_color_6']
number opened: 0
TRIAL 27
Action chosen: (blue, blue)
Outcome: False
partcle ids: ['similar_color_4', 'generator_1', 'similar_color_8', 'similar_color_9', 'similar_color_4', 'similar_color_10', 'similar_color_10', 'similar_color_5', 'similar_color_7', 'similar_color_1', 'shape_match', 'similar_color_2', 'shape_match', 'similar_color_5', 'similar_color_4', 'similar_color_11', 'similar_color_2', 'similar_color_9', 'similar_color_8', 'similar_color_10', 'similar_color_13', 'generator_2', 'similar_color_11', 'similar_color_11', 'similar_color_8', 'similar_color_3', 'similar_color_7', 'color_match', 'generator_3', 'similar_color_6']
number opened: 0
TRIAL 28
Action chosen: (heart, purple)
Outcome: False
partcle ids: ['similar_color_4', 'generator_1', 'similar_color_8', 'similar_color_9', 'similar_color_4', 'similar_color_10', 'similar_color_10', 'similar_color_5', 'similar_color_7', 'similar_color_1', 'shape_match', 'similar_color_2', 'shape_match', 'similar_color_5', 'similar_color_4', 'similar_color_11', 'similar_color_2', 'similar_color_9', 'similar_color_8', 'similar_color_10', 'similar_color_13', 'generator_2', 'similar_color_11', 'similar_color_11', 'similar_color_8', 'similar_color_3', 'similar_color_7', 'color_match', 'generator_3', 'similar_color_6']
number opened: 0
TRIAL 29
Action chosen: (heart, blue)
Outcome: False
partcle ids: ['similar_color_4', 'generator_1', 'similar_color_8', 'similar_color_9', 'similar_color_4', 'similar_color_10', 'similar_color_10', 'similar_color_5', 'similar_color_7', 'similar_color_1', 'shape_match', 'similar_color_2', 'shape_match', 'similar_color_5', 'similar_color_4', 'similar_color_11', 'similar_color_2', 'similar_color_9', 'similar_color_8', 'similar_color_10', 'similar_color_13', 'generator_2', 'similar_color_11', 'similar_color_11', 'similar_color_8', 'similar_color_3', 'similar_color_7', 'color_match', 'generator_3', 'similar_color_6']
number opened: 0
TRIAL 30
Action chosen: (green3, blue)
Outcome: False
partcle ids: ['similar_color_4', 'generator_1', 'similar_color_8', 'similar_color_9', 'similar_color_4', 'similar_color_10', 'similar_color_10', 'similar_color_5', 'similar_color_7', 'similar_color_1', 'shape_match', 'similar_color_2', 'shape_match', 'similar_color_5', 'similar_color_4', 'similar_color_11', 'similar_color_2', 'similar_color_9', 'similar_color_8', 'similar_color_10', 'similar_color_13', 'generator_2', 'similar_color_11', 'similar_color_11', 'similar_color_8', 'similar_color_3', 'similar_color_7', 'color_match', 'generator_3', 'similar_color_6']
number opened: 0
TRIAL 31
Action chosen: (blue, blue)
Outcome: False
partcle ids: ['similar_color_4', 'generator_1', 'similar_color_8', 'similar_color_9', 'similar_color_4', 'similar_color_10', 'similar_color_10', 'similar_color_5', 'similar_color_7', 'similar_color_1', 'shape_match', 'similar_color_2', 'shape_match', 'similar_color_5', 'similar_color_4', 'similar_color_11', 'similar_color_2', 'similar_color_9', 'similar_color_8', 'similar_color_10', 'similar_color_13', 'generator_2', 'similar_color_11', 'similar_color_11', 'similar_color_8', 'similar_color_3', 'similar_color_7', 'color_match', 'generator_3', 'similar_color_6']
number opened: 0
TRIAL 32
Action chosen: (heart, blue)
Outcome: False
partcle ids: ['similar_color_4', 'generator_1', 'similar_color_8', 'similar_color_9', 'similar_color_4', 'similar_color_10', 'similar_color_10', 'similar_color_5', 'similar_color_7', 'similar_color_1', 'shape_match', 'similar_color_2', 'shape_match', 'similar_color_5', 'similar_color_4', 'similar_color_11', 'similar_color_2', 'similar_color_9', 'similar_color_8', 'similar_color_10', 'similar_color_13', 'generator_2', 'similar_color_11', 'similar_color_11', 'similar_color_8', 'similar_color_3', 'similar_color_7', 'color_match', 'generator_3', 'similar_color_6']
number opened: 0
TRIAL 33
Action chosen: (heart, purple)
Outcome: False
partcle ids: ['similar_color_4', 'generator_1', 'similar_color_8', 'similar_color_9', 'similar_color_4', 'similar_color_10', 'similar_color_10', 'similar_color_5', 'similar_color_7', 'similar_color_1', 'shape_match', 'similar_color_2', 'shape_match', 'similar_color_5', 'similar_color_4', 'similar_color_11', 'similar_color_2', 'similar_color_9', 'similar_color_8', 'similar_color_10', 'similar_color_13', 'generator_2', 'similar_color_11', 'similar_color_11', 'similar_color_8', 'similar_color_3', 'similar_color_7', 'color_match', 'generator_3', 'similar_color_6']
number opened: 0
TRIAL 34
Action chosen: (green3, blue)
Outcome: False
partcle ids: ['similar_color_4', 'generator_1', 'similar_color_8', 'similar_color_9', 'similar_color_4', 'similar_color_10', 'similar_color_10', 'similar_color_5', 'similar_color_7', 'similar_color_1', 'shape_match', 'similar_color_2', 'shape_match', 'similar_color_5', 'similar_color_4', 'similar_color_11', 'similar_color_2', 'similar_color_9', 'similar_color_8', 'similar_color_10', 'similar_color_13', 'generator_2', 'similar_color_11', 'similar_color_11', 'similar_color_8', 'similar_color_3', 'similar_color_7', 'color_match', 'generator_3', 'similar_color_6']
number opened: 0
TRIAL 35
Action chosen: (blue, blue)
Outcome: False
partcle ids: ['similar_color_4', 'generator_1', 'similar_color_8', 'similar_color_9', 'similar_color_4', 'similar_color_10', 'similar_color_10', 'similar_color_5', 'similar_color_7', 'similar_color_1', 'shape_match', 'similar_color_2', 'shape_match', 'similar_color_5', 'similar_color_4', 'similar_color_11', 'similar_color_2', 'similar_color_9', 'similar_color_8', 'similar_color_10', 'similar_color_13', 'generator_2', 'similar_color_11', 'similar_color_11', 'similar_color_8', 'similar_color_3', 'similar_color_7', 'color_match', 'generator_3', 'similar_color_6']
number opened: 0
TRIAL 36
Action chosen: (heart, blue)
Outcome: False
partcle ids: ['similar_color_4', 'generator_1', 'similar_color_8', 'similar_color_9', 'similar_color_4', 'similar_color_10', 'similar_color_10', 'similar_color_5', 'similar_color_7', 'similar_color_1', 'shape_match', 'similar_color_2', 'shape_match', 'similar_color_5', 'similar_color_4', 'similar_color_11', 'similar_color_2', 'similar_color_9', 'similar_color_8', 'similar_color_10', 'similar_color_13', 'generator_2', 'similar_color_11', 'similar_color_11', 'similar_color_8', 'similar_color_3', 'similar_color_7', 'color_match', 'generator_3', 'similar_color_6']
number opened: 0
TRIAL 37
Action chosen: (cloud, pink)
Outcome: False
partcle ids: ['similar_color_4', 'generator_1', 'similar_color_8', 'similar_color_9', 'similar_color_4', 'similar_color_10', 'similar_color_10', 'similar_color_5', 'similar_color_7', 'similar_color_1', 'shape_match', 'similar_color_2', 'shape_match', 'similar_color_5', 'similar_color_4', 'similar_color_11', 'similar_color_2', 'similar_color_9', 'similar_color_8', 'similar_color_10', 'similar_color_13', 'generator_2', 'similar_color_11', 'similar_color_11', 'similar_color_8', 'similar_color_3', 'similar_color_7', 'color_match', 'generator_3', 'similar_color_6']
number opened: 0
TRIAL 38
Action chosen: (blue, blue)
Outcome: False
partcle ids: ['similar_color_4', 'generator_1', 'similar_color_8', 'similar_color_9', 'similar_color_4', 'similar_color_10', 'similar_color_10', 'similar_color_5', 'similar_color_7', 'similar_color_1', 'shape_match', 'similar_color_2', 'shape_match', 'similar_color_5', 'similar_color_4', 'similar_color_11', 'similar_color_2', 'similar_color_9', 'similar_color_8', 'similar_color_10', 'similar_color_13', 'generator_2', 'similar_color_11', 'similar_color_11', 'similar_color_8', 'similar_color_3', 'similar_color_7', 'color_match', 'generator_3', 'similar_color_6']
number opened: 0
TRIAL 39
Action chosen: (green3, blue)
Outcome: False
partcle ids: ['similar_color_4', 'generator_1', 'similar_color_8', 'similar_color_9', 'similar_color_4', 'similar_color_10', 'similar_color_10', 'similar_color_5', 'similar_color_7', 'similar_color_1', 'shape_match', 'similar_color_2', 'shape_match', 'similar_color_5', 'similar_color_4', 'similar_color_11', 'similar_color_2', 'similar_color_9', 'similar_color_8', 'similar_color_10', 'similar_color_13', 'generator_2', 'similar_color_11', 'similar_color_11', 'similar_color_8', 'similar_color_3', 'similar_color_7', 'color_match', 'generator_3', 'similar_color_6']
number opened: 0
TRIAL 40
Action chosen: (heart, blue)
Outcome: False
partcle ids: ['similar_color_4', 'generator_1', 'similar_color_8', 'similar_color_9', 'similar_color_4', 'similar_color_10', 'similar_color_10', 'similar_color_5', 'similar_color_7', 'similar_color_1', 'shape_match', 'similar_color_2', 'shape_match', 'similar_color_5', 'similar_color_4', 'similar_color_11', 'similar_color_2', 'similar_color_9', 'similar_color_8', 'similar_color_10', 'similar_color_13', 'generator_2', 'similar_color_11', 'similar_color_11', 'similar_color_8', 'similar_color_3', 'similar_color_7', 'color_match', 'generator_3', 'similar_color_6']
number opened: 0
TRIAL 41
Action chosen: (triangle, blue)
Outcome: False
partcle ids: ['similar_color_4', 'generator_1', 'similar_color_8', 'similar_color_9', 'similar_color_4', 'similar_color_10', 'similar_color_10', 'similar_color_5', 'similar_color_7', 'similar_color_1', 'shape_match', 'similar_color_2', 'shape_match', 'similar_color_5', 'similar_color_4', 'similar_color_11', 'similar_color_2', 'similar_color_9', 'similar_color_8', 'similar_color_10', 'similar_color_13', 'generator_2', 'similar_color_11', 'similar_color_11', 'similar_color_8', 'similar_color_3', 'similar_color_7', 'color_match', 'generator_3', 'similar_color_6']
number opened: 0
TRIAL 42
Action chosen: (blue, blue)
Outcome: False
partcle ids: ['similar_color_4', 'generator_1', 'similar_color_8', 'similar_color_9', 'similar_color_4', 'similar_color_10', 'similar_color_10', 'similar_color_5', 'similar_color_7', 'similar_color_1', 'shape_match', 'similar_color_2', 'shape_match', 'similar_color_5', 'similar_color_4', 'similar_color_11', 'similar_color_2', 'similar_color_9', 'similar_color_8', 'similar_color_10', 'similar_color_13', 'generator_2', 'similar_color_11', 'similar_color_11', 'similar_color_8', 'similar_color_3', 'similar_color_7', 'color_match', 'generator_3', 'similar_color_6']
number opened: 0
TRIAL 43
Action chosen: (green3, blue)
Outcome: False
partcle ids: ['similar_color_11', 'shape_match', 'similar_color_8', 'generator_1', 'generator_1', 'similar_color_5', 'generator_4', 'order_match', 'shape_match', 'shape_match', 'similar_color_12', 'generator_1', 'similar_color_11', 'shape_match', 'generator_1', 'color_match', 'similar_color_5', 'similar_color_8', 'generator_3', 'generator_6', 'generator_7', 'similar_color_2', 'similar_color_6', 'similar_color_5', 'similar_color_3', 'generator_1', 'generator_3', 'generator_8', 'similar_color_13', 'generator_9']
number opened: 0
TRIAL 44
Action chosen: (purple, purple)
Outcome: False
partcle ids: ['similar_color_11', 'shape_match', 'similar_color_8', 'generator_1', 'generator_1', 'similar_color_5', 'generator_4', 'order_match', 'shape_match', 'shape_match', 'similar_color_12', 'generator_1', 'similar_color_11', 'shape_match', 'generator_1', 'color_match', 'similar_color_5', 'similar_color_8', 'generator_3', 'generator_6', 'generator_7', 'similar_color_2', 'similar_color_6', 'similar_color_5', 'similar_color_3', 'generator_1', 'generator_3', 'generator_8', 'similar_color_13', 'generator_9']
number opened: 0
TRIAL 45
Action chosen: (pink, pink)
Outcome: False
partcle ids: ['similar_color_11', 'shape_match', 'similar_color_8', 'generator_1', 'generator_1', 'similar_color_5', 'generator_4', 'order_match', 'shape_match', 'shape_match', 'similar_color_12', 'generator_1', 'similar_color_11', 'shape_match', 'generator_1', 'color_match', 'similar_color_5', 'similar_color_8', 'generator_3', 'generator_6', 'generator_7', 'similar_color_2', 'similar_color_6', 'similar_color_5', 'similar_color_3', 'generator_1', 'generator_3', 'generator_8', 'similar_color_13', 'generator_9']
number opened: 0
TRIAL 46
Action chosen: (pink, pink)
Outcome: False
partcle ids: ['similar_color_11', 'shape_match', 'similar_color_8', 'generator_1', 'generator_1', 'similar_color_5', 'generator_4', 'order_match', 'shape_match', 'shape_match', 'similar_color_12', 'generator_1', 'similar_color_11', 'shape_match', 'generator_1', 'color_match', 'similar_color_5', 'similar_color_8', 'generator_3', 'generator_6', 'generator_7', 'similar_color_2', 'similar_color_6', 'similar_color_5', 'similar_color_3', 'generator_1', 'generator_3', 'generator_8', 'similar_color_13', 'generator_9']
number opened: 0
TRIAL 47
Action chosen: (purple, purple)
Outcome: False
partcle ids: ['similar_color_11', 'shape_match', 'similar_color_8', 'generator_1', 'generator_1', 'similar_color_5', 'generator_4', 'order_match', 'shape_match', 'shape_match', 'similar_color_12', 'generator_1', 'similar_color_11', 'shape_match', 'generator_1', 'color_match', 'similar_color_5', 'similar_color_8', 'generator_3', 'generator_6', 'generator_7', 'similar_color_2', 'similar_color_6', 'similar_color_5', 'similar_color_3', 'generator_1', 'generator_3', 'generator_8', 'similar_color_13', 'generator_9']
number opened: 0
TRIAL 48
Action chosen: (purple, purple)
Outcome: False
partcle ids: ['similar_color_11', 'shape_match', 'similar_color_8', 'generator_1', 'generator_1', 'similar_color_5', 'generator_4', 'order_match', 'shape_match', 'shape_match', 'similar_color_12', 'generator_1', 'similar_color_11', 'shape_match', 'generator_1', 'color_match', 'similar_color_5', 'similar_color_8', 'generator_3', 'generator_6', 'generator_7', 'similar_color_2', 'similar_color_6', 'similar_color_5', 'similar_color_3', 'generator_1', 'generator_3', 'generator_8', 'similar_color_13', 'generator_9']
number opened: 0
TRIAL 49
Action chosen: (purple, purple)
Outcome: False
partcle ids: ['similar_color_11', 'shape_match', 'similar_color_8', 'generator_1', 'generator_1', 'similar_color_5', 'generator_4', 'order_match', 'shape_match', 'shape_match', 'similar_color_12', 'generator_1', 'similar_color_11', 'shape_match', 'generator_1', 'color_match', 'similar_color_5', 'similar_color_8', 'generator_3', 'generator_6', 'generator_7', 'similar_color_2', 'similar_color_6', 'similar_color_5', 'similar_color_3', 'generator_1', 'generator_3', 'generator_8', 'similar_color_13', 'generator_9']
number opened: 0
TRIAL 50
Action chosen: (red, red)
Outcome: True
partcle ids: ['similar_color_11', 'shape_match', 'similar_color_8', 'generator_1', 'generator_1', 'similar_color_5', 'generator_4', 'order_match', 'shape_match', 'shape_match', 'similar_color_12', 'generator_1', 'similar_color_11', 'shape_match', 'generator_1', 'color_match', 'similar_color_5', 'similar_color_8', 'generator_3', 'generator_6', 'generator_7', 'similar_color_2', 'similar_color_6', 'similar_color_5', 'similar_color_3', 'generator_1', 'generator_3', 'generator_8', 'similar_color_13', 'generator_9']
number opened: 1
TRIAL 51
Action chosen: (green3, blue)
Outcome: False
partcle ids: ['similar_color_11', 'shape_match', 'similar_color_8', 'generator_1', 'generator_1', 'similar_color_5', 'generator_4', 'order_match', 'shape_match', 'shape_match', 'similar_color_12', 'generator_1', 'similar_color_11', 'shape_match', 'generator_1', 'color_match', 'similar_color_5', 'similar_color_8', 'generator_3', 'generator_6', 'generator_7', 'similar_color_2', 'similar_color_6', 'similar_color_5', 'similar_color_3', 'generator_1', 'generator_3', 'generator_8', 'similar_color_13', 'generator_9']
number opened: 1
TRIAL 52
Action chosen: (green3, blue)
Outcome: False
partcle ids: ['generator_10', 'similar_color_4', 'generator_8', 'similar_color_5', 'generator_6', 'similar_color_9', 'number_match', 'similar_color_1', 'similar_color_9', 'generator_11', 'similar_color_13', 'generator_6', 'order_match', 'similar_color_6', 'order_match', 'similar_color_9', 'generator_12', 'generator_13', 'generator_14', 'order_match', 'generator_15', 'generator_8', 'generator_16', 'color_match', 'similar_color_13', 'similar_color_8', 'color_match', 'generator_17', 'order_match', 'generator_18']
number opened: 1
TRIAL 53
Action chosen: (purple, purple)
Outcome: False
partcle ids: ['generator_10', 'similar_color_4', 'generator_8', 'similar_color_5', 'generator_6', 'similar_color_9', 'number_match', 'similar_color_1', 'similar_color_9', 'generator_11', 'similar_color_13', 'generator_6', 'order_match', 'similar_color_6', 'order_match', 'similar_color_9', 'generator_12', 'generator_13', 'generator_14', 'order_match', 'generator_15', 'generator_8', 'generator_16', 'color_match', 'similar_color_13', 'similar_color_8', 'color_match', 'generator_17', 'order_match', 'generator_18']
number opened: 1
TRIAL 54
Action chosen: (purple, purple)
Outcome: False
partcle ids: ['generator_10', 'similar_color_4', 'generator_8', 'similar_color_5', 'generator_6', 'similar_color_9', 'number_match', 'similar_color_1', 'similar_color_9', 'generator_11', 'similar_color_13', 'generator_6', 'order_match', 'similar_color_6', 'order_match', 'similar_color_9', 'generator_12', 'generator_13', 'generator_14', 'order_match', 'generator_15', 'generator_8', 'generator_16', 'color_match', 'similar_color_13', 'similar_color_8', 'color_match', 'generator_17', 'order_match', 'generator_18']
number opened: 1
TRIAL 55
Action chosen: (pink, pink)
Outcome: False
partcle ids: ['generator_10', 'similar_color_4', 'generator_8', 'similar_color_5', 'generator_6', 'similar_color_9', 'number_match', 'similar_color_1', 'similar_color_9', 'generator_11', 'similar_color_13', 'generator_6', 'order_match', 'similar_color_6', 'order_match', 'similar_color_9', 'generator_12', 'generator_13', 'generator_14', 'order_match', 'generator_15', 'generator_8', 'generator_16', 'color_match', 'similar_color_13', 'similar_color_8', 'color_match', 'generator_17', 'order_match', 'generator_18']
number opened: 1
TRIAL 56
Action chosen: (pink, pink)
Outcome: False
partcle ids: ['generator_10', 'similar_color_4', 'generator_8', 'similar_color_5', 'generator_6', 'similar_color_9', 'number_match', 'similar_color_1', 'similar_color_9', 'generator_11', 'similar_color_13', 'generator_6', 'order_match', 'similar_color_6', 'order_match', 'similar_color_9', 'generator_12', 'generator_13', 'generator_14', 'order_match', 'generator_15', 'generator_8', 'generator_16', 'color_match', 'similar_color_13', 'similar_color_8', 'color_match', 'generator_17', 'order_match', 'generator_18']
number opened: 1
TRIAL 57
Action chosen: (pink, pink)
Outcome: False
partcle ids: ['generator_10', 'similar_color_4', 'generator_8', 'similar_color_5', 'generator_6', 'similar_color_9', 'number_match', 'similar_color_1', 'similar_color_9', 'generator_11', 'similar_color_13', 'generator_6', 'order_match', 'similar_color_6', 'order_match', 'similar_color_9', 'generator_12', 'generator_13', 'generator_14', 'order_match', 'generator_15', 'generator_8', 'generator_16', 'color_match', 'similar_color_13', 'similar_color_8', 'color_match', 'generator_17', 'order_match', 'generator_18']
number opened: 1
TRIAL 58
Action chosen: (green3, white)
Outcome: False
partcle ids: ['generator_10', 'similar_color_4', 'generator_8', 'similar_color_5', 'generator_6', 'similar_color_9', 'number_match', 'similar_color_1', 'similar_color_9', 'generator_11', 'similar_color_13', 'generator_6', 'order_match', 'similar_color_6', 'order_match', 'similar_color_9', 'generator_12', 'generator_13', 'generator_14', 'order_match', 'generator_15', 'generator_8', 'generator_16', 'color_match', 'similar_color_13', 'similar_color_8', 'color_match', 'generator_17', 'order_match', 'generator_18']
number opened: 1
TRIAL 59
Action chosen: (pink, pink)
Outcome: False
partcle ids: ['generator_10', 'similar_color_4', 'generator_8', 'similar_color_5', 'generator_6', 'similar_color_9', 'number_match', 'similar_color_1', 'similar_color_9', 'generator_11', 'similar_color_13', 'generator_6', 'order_match', 'similar_color_6', 'order_match', 'similar_color_9', 'generator_12', 'generator_13', 'generator_14', 'order_match', 'generator_15', 'generator_8', 'generator_16', 'color_match', 'similar_color_13', 'similar_color_8', 'color_match', 'generator_17', 'order_match', 'generator_18']
number opened: 1
TRIAL 60
Action chosen: (green3, white)
Outcome: False
partcle ids: ['generator_10', 'similar_color_4', 'generator_8', 'similar_color_5', 'generator_6', 'similar_color_9', 'number_match', 'similar_color_1', 'similar_color_9', 'generator_11', 'similar_color_13', 'generator_6', 'order_match', 'similar_color_6', 'order_match', 'similar_color_9', 'generator_12', 'generator_13', 'generator_14', 'order_match', 'generator_15', 'generator_8', 'generator_16', 'color_match', 'similar_color_13', 'similar_color_8', 'color_match', 'generator_17', 'order_match', 'generator_18']
number opened: 1
TRIAL 61
Action chosen: (pink, pink)
Outcome: False
partcle ids: ['generator_10', 'similar_color_4', 'generator_8', 'similar_color_5', 'generator_6', 'similar_color_9', 'number_match', 'similar_color_1', 'similar_color_9', 'generator_11', 'similar_color_13', 'generator_6', 'order_match', 'similar_color_6', 'order_match', 'similar_color_9', 'generator_12', 'generator_13', 'generator_14', 'order_match', 'generator_15', 'generator_8', 'generator_16', 'color_match', 'similar_color_13', 'similar_color_8', 'color_match', 'generator_17', 'order_match', 'generator_18']
number opened: 1
TRIAL 62
Action chosen: (green3, white)
Outcome: False
partcle ids: ['generator_10', 'similar_color_4', 'generator_8', 'similar_color_5', 'generator_6', 'similar_color_9', 'number_match', 'similar_color_1', 'similar_color_9', 'generator_11', 'similar_color_13', 'generator_6', 'order_match', 'similar_color_6', 'order_match', 'similar_color_9', 'generator_12', 'generator_13', 'generator_14', 'order_match', 'generator_15', 'generator_8', 'generator_16', 'color_match', 'similar_color_13', 'similar_color_8', 'color_match', 'generator_17', 'order_match', 'generator_18']
number opened: 1
TRIAL 63
Action chosen: (pink, pink)
Outcome: False
partcle ids: ['generator_10', 'similar_color_4', 'generator_8', 'similar_color_5', 'generator_6', 'similar_color_9', 'number_match', 'similar_color_1', 'similar_color_9', 'generator_11', 'similar_color_13', 'generator_6', 'order_match', 'similar_color_6', 'order_match', 'similar_color_9', 'generator_12', 'generator_13', 'generator_14', 'order_match', 'generator_15', 'generator_8', 'generator_16', 'color_match', 'similar_color_13', 'similar_color_8', 'color_match', 'generator_17', 'order_match', 'generator_18']
number opened: 1
TRIAL 64
Action chosen: (grey2, pink)
Outcome: True
partcle ids: ['generator_19', 'generator_20', 'generator_21', 'generator_22', 'generator_23', 'order_match', 'generator_24', 'generator_14', 'generator_26', 'generator_27', 'generator_28', 'generator_29', 'generator_14', 'generator_14', 'generator_31', 'generator_32', 'generator_33', 'generator_14', 'generator_35', 'generator_36', 'order_match', 'generator_37', 'generator_38', 'generator_39', 'generator_40', 'generator_41', 'order_match', 'order_match', 'generator_42', 'generator_14']
number opened: 2
TRIAL 65
Action chosen: (yellow5, blue)
Outcome: True
partcle ids: ['generator_44', 'generator_45', 'generator_46', 'generator_47', 'generator_48', 'generator_23', 'generator_23', 'generator_49', 'generator_50', 'generator_19', 'generator_51', 'generator_52', 'generator_53', 'generator_54', 'order_match', 'generator_55', 'generator_56', 'generator_57', 'generator_58', 'generator_59', 'generator_60', 'generator_52', 'number_match', 'generator_61', 'generator_20', 'generator_62', 'generator_56', 'generator_63', 'order_match', 'order_match']
number opened: 3
TRIAL 66
Action chosen: (triangle, white)
Outcome: False
partcle ids: ['generator_44', 'generator_45', 'generator_46', 'generator_47', 'generator_48', 'generator_23', 'generator_23', 'generator_49', 'generator_50', 'generator_19', 'generator_51', 'generator_52', 'generator_53', 'generator_54', 'order_match', 'generator_55', 'generator_56', 'generator_57', 'generator_58', 'generator_59', 'generator_60', 'generator_52', 'number_match', 'generator_61', 'generator_20', 'generator_62', 'generator_56', 'generator_63', 'order_match', 'order_match']
number opened: 3
TRIAL 67
Action chosen: (green3, white)
Outcome: False
partcle ids: ['generator_44', 'generator_45', 'generator_46', 'generator_47', 'generator_48', 'generator_23', 'generator_23', 'generator_49', 'generator_50', 'generator_19', 'generator_51', 'generator_52', 'generator_53', 'generator_54', 'order_match', 'generator_55', 'generator_56', 'generator_57', 'generator_58', 'generator_59', 'generator_60', 'generator_52', 'number_match', 'generator_61', 'generator_20', 'generator_62', 'generator_56', 'generator_63', 'order_match', 'order_match']
number opened: 3
TRIAL 68
Action chosen: (triangle, purple)
Outcome: False
partcle ids: ['generator_44', 'generator_45', 'generator_46', 'generator_47', 'generator_48', 'generator_23', 'generator_23', 'generator_49', 'generator_50', 'generator_19', 'generator_51', 'generator_52', 'generator_53', 'generator_54', 'order_match', 'generator_55', 'generator_56', 'generator_57', 'generator_58', 'generator_59', 'generator_60', 'generator_52', 'number_match', 'generator_61', 'generator_20', 'generator_62', 'generator_56', 'generator_63', 'order_match', 'order_match']
number opened: 3
TRIAL 69
Action chosen: (white, white)
Outcome: False
partcle ids: ['generator_44', 'generator_45', 'generator_46', 'generator_47', 'generator_48', 'generator_23', 'generator_23', 'generator_49', 'generator_50', 'generator_19', 'generator_51', 'generator_52', 'generator_53', 'generator_54', 'order_match', 'generator_55', 'generator_56', 'generator_57', 'generator_58', 'generator_59', 'generator_60', 'generator_52', 'number_match', 'generator_61', 'generator_20', 'generator_62', 'generator_56', 'generator_63', 'order_match', 'order_match']
number opened: 3
TRIAL 70
Action chosen: (orange4, white)
Outcome: True
partcle ids: ['generator_46', 'generator_47', 'generator_64', 'generator_65', 'number_match', 'generator_47', 'number_match', 'number_match', 'generator_47', 'generator_46', 'generator_64', 'generator_65', 'number_match', 'generator_47', 'generator_64', 'generator_46', 'number_match', 'generator_44', 'generator_65', 'number_match', 'generator_47', 'number_match', 'generator_47', 'generator_46', 'generator_68', 'generator_47', 'number_match', 'generator_64', 'number_match', 'generator_65']
number opened: 4
{"attempts": 70, "unique_key_box_pairs": 16, "revisit_attempts": 54, "revisit_rate": 0.782608695652174, "attempts_before_abandoning_color_matching": 0, "color_matching_abandoned": true}
