{"Child_ID": "D097", "SoC_variant": "SoC-Full", "theta": [1, 2], "p_gen": 0.3, "true_prior": 0.02, "run_number": 16, "seed": 2657795906583844372}
TRIAL 1
Action chosen: (heart, blue)
Outcome: False
partcle ids: ['similar_color_13', 'similar_color_2', 'similar_color_3', 'shape_match', 'similar_color_13', 'similar_color_3', 'similar_color_11', 'order_match', 'similar_color_8', 'similar_color_11', 'similar_color_8', 'number_match', 'similar_color_12', 'generator_1', 'similar_color_9', 'similar_color_11', 'similar_color_4', 'order_match', 'generator_2', 'generator_3', 'similar_color_1', 'similar_color_7', 'similar_color_4', 'generator_4', 'similar_color_4', 'similar_color_14', 'color_match', 'similar_color_4', 'similar_color_14', 'generator_5']
number opened: 0
TRIAL 2
Action chosen: (green3, blue)
Outcome: False
partcle ids: ['similar_color_13', 'similar_color_2', 'similar_color_3', 'shape_match', 'similar_color_13', 'similar_color_3', 'similar_color_11', 'order_match', 'similar_color_8', 'similar_color_11', 'similar_color_8', 'number_match', 'similar_color_12', 'generator_1', 'similar_color_9', 'similar_color_11', 'similar_color_4', 'order_match', 'generator_2', 'generator_3', 'similar_color_1', 'similar_color_7', 'similar_color_4', 'generator_4', 'similar_color_4', 'similar_color_14', 'color_match', 'similar_color_4', 'similar_color_14', 'generator_5']
number opened: 0
TRIAL 3
Action chosen: (blue, blue)
Outcome: False
partcle ids: ['similar_color_13', 'similar_color_2', 'similar_color_3', 'shape_match', 'similar_color_13', 'similar_color_3', 'similar_color_11', 'order_match', 'similar_color_8', 'similar_color_11', 'similar_color_8', 'number_match', 'similar_color_12', 'generator_1', 'similar_color_9', 'similar_color_11', 'similar_color_4', 'order_match', 'generator_2', 'generator_3', 'similar_color_1', 'similar_color_7', 'similar_color_4', 'generator_4', 'similar_color_4', 'similar_color_14', 'color_match', 'similar_color_4', 'similar_color_14', 'generator_5']
number opened: 0
TRIAL 4
Action chosen: (heart, blue)
Outcome: False
partcle ids: ['similar_color_13', 'similar_color_2', 'similar_color_3', 'shape_match', 'similar_color_13', 'similar_color_3', 'similar_color_11', 'order_match', 'similar_color_8', 'similar_color_11', 'similar_color_8', 'number_match', 'similar_color_12', 'generator_1', 'similar_color_9', 'similar_color_11', 'similar_color_4', 'order_match', 'generator_2', 'generator_3', 'similar_color_1', 'similar_color_7', 'similar_color_4', 'generator_4', 'similar_color_4', 'similar_color_14', 'color_match', 'similar_color_4', 'similar_color_14', 'generator_5']
number opened: 0
TRIAL 5
Action chosen: (green3, blue)
Outcome: False
partcle ids: ['similar_color_13', 'similar_color_2', 'similar_color_3', 'shape_match', 'similar_color_13', 'similar_color_3', 'similar_color_11', 'order_match', 'similar_color_8', 'similar_color_11', 'similar_color_8', 'number_match', 'similar_color_12', 'generator_1', 'similar_color_9', 'similar_color_11', 'similar_color_4', 'order_match', 'generator_2', 'generator_3', 'similar_color_1', 'similar_color_7', 'similar_color_4', 'generator_4', 'similar_color_4', 'similar_color_14', 'color_match', 'similar_color_4', 'similar_color_14', 'generator_5']
number opened: 0
TRIAL 6
Action chosen: (blue, blue)
Outcome: False
partcle ids: ['similar_color_13', 'similar_color_2', 'similar_color_3', 'shape_match', 'similar_color_13', 'similar_color_3', 'similar_color_11', 'order_match', 'similar_color_8', 'similar_color_11', 'similar_color_8', 'number_match', 'similar_color_12', 'generator_1', 'similar_color_9', 'similar_color_11', 'similar_color_4', 'order_match', 'generator_2', 'generator_3', 'similar_color_1', 'similar_color_7', 'similar_color_4', 'generator_4', 'similar_color_4', 'similar_color_14', 'color_match', 'similar_color_4', 'similar_color_14', 'generator_5']
number opened: 0
TRIAL 7
Action chosen: (heart, blue)
Outcome: False
partcle ids: ['similar_color_13', 'similar_color_2', 'similar_color_3', 'shape_match', 'similar_color_13', 'similar_color_3', 'similar_color_11', 'order_match', 'similar_color_8', 'similar_color_11', 'similar_color_8', 'number_match', 'similar_color_12', 'generator_1', 'similar_color_9', 'similar_color_11', 'similar_color_4', 'order_match', 'generator_2', 'generator_3', 'similar_color_1', 'similar_color_7', 'similar_color_4', 'generator_4', 'similar_color_4', 'similar_color_14', 'color_match', 'similar_color_4', 'similar_color_14', 'generator_5']
number opened: 0
TRIAL 8
Action chosen: (green3, blue)
Outcome: False
partcle ids: ['similar_color_13', 'similar_color_2', 'similar_color_3', 'shape_match', 'similar_color_13', 'similar_color_3', 'similar_color_11', 'order_match', 'similar_color_8', 'similar_color_11', 'similar_color_8', 'number_match', 'similar_color_12', 'generator_1', 'similar_color_9', 'similar_color_11', 'similar_color_4', 'order_match', 'generator_2', 'generator_3', 'similar_color_1', 'similar_color_7', 'similar_color_4', 'generator_4', 'similar_color_4', 'similar_color_14', 'color_match', 'similar_color_4', 'similar_color_14', 'generator_5']
number opened: 0
TRIAL 9
Action chosen: (blue, blue)
Outcome: False
partcle ids: ['similar_color_13', 'similar_color_2', 'similar_color_3', 'shape_match', 'similar_color_13', 'similar_color_3', 'similar_color_11', 'order_match', 'similar_color_8', 'similar_color_11', 'similar_color_8', 'number_match', 'similar_color_12', 'generator_1', 'similar_color_9', 'similar_color_11', 'similar_color_4', 'order_match', 'generator_2', 'generator_3', 'similar_color_1', 'similar_color_7', 'similar_color_4', 'generator_4', 'similar_color_4', 'similar_color_14', 'color_match', 'similar_color_4', 'similar_color_14', 'generator_5']
number opened: 0
TRIAL 10
Action chosen: (heart, blue)
Outcome: False
partcle ids: ['similar_color_13', 'similar_color_2', 'similar_color_3', 'shape_match', 'similar_color_13', 'similar_color_3', 'similar_color_11', 'order_match', 'similar_color_8', 'similar_color_11', 'similar_color_8', 'number_match', 'similar_color_12', 'generator_1', 'similar_color_9', 'similar_color_11', 'similar_color_4', 'order_match', 'generator_2', 'generator_3', 'similar_color_1', 'similar_color_7', 'similar_color_4', 'generator_4', 'similar_color_4', 'similar_color_14', 'color_match', 'similar_color_4', 'similar_color_14', 'generator_5']
number opened: 0
TRIAL 11
Action chosen: (purple, purple)
Outcome: False
partcle ids: ['similar_color_13', 'similar_color_2', 'similar_color_3', 'shape_match', 'similar_color_13', 'similar_color_3', 'similar_color_11', 'order_match', 'similar_color_8', 'similar_color_11', 'similar_color_8', 'number_match', 'similar_color_12', 'generator_1', 'similar_color_9', 'similar_color_11', 'similar_color_4', 'order_match', 'generator_2', 'generator_3', 'similar_color_1', 'similar_color_7', 'similar_color_4', 'generator_4', 'similar_color_4', 'similar_color_14', 'color_match', 'similar_color_4', 'similar_color_14', 'generator_5']
number opened: 0
TRIAL 12
Action chosen: (purple, purple)
Outcome: False
partcle ids: ['similar_color_13', 'similar_color_2', 'similar_color_3', 'shape_match', 'similar_color_13', 'similar_color_3', 'similar_color_11', 'order_match', 'similar_color_8', 'similar_color_11', 'similar_color_8', 'number_match', 'similar_color_12', 'generator_1', 'similar_color_9', 'similar_color_11', 'similar_color_4', 'order_match', 'generator_2', 'generator_3', 'similar_color_1', 'similar_color_7', 'similar_color_4', 'generator_4', 'similar_color_4', 'similar_color_14', 'color_match', 'similar_color_4', 'similar_color_14', 'generator_5']
number opened: 0
TRIAL 13
Action chosen: (purple, purple)
Outcome: False
partcle ids: ['similar_color_13', 'similar_color_2', 'similar_color_3', 'shape_match', 'similar_color_13', 'similar_color_3', 'similar_color_11', 'order_match', 'similar_color_8', 'similar_color_11', 'similar_color_8', 'number_match', 'similar_color_12', 'generator_1', 'similar_color_9', 'similar_color_11', 'similar_color_4', 'order_match', 'generator_2', 'generator_3', 'similar_color_1', 'similar_color_7', 'similar_color_4', 'generator_4', 'similar_color_4', 'similar_color_14', 'color_match', 'similar_color_4', 'similar_color_14', 'generator_5']
number opened: 0
TRIAL 14
Action chosen: (purple, purple)
Outcome: False
partcle ids: ['similar_color_13', 'similar_color_2', 'similar_color_3', 'shape_match', 'similar_color_13', 'similar_color_3', 'similar_color_11', 'order_match', 'similar_color_8', 'similar_color_11', 'similar_color_8', 'number_match', 'similar_color_12', 'generator_1', 'similar_color_9', 'similar_color_11', 'similar_color_4', 'order_match', 'generator_2', 'generator_3', 'similar_color_1', 'similar_color_7', 'similar_color_4', 'generator_4', 'similar_color_4', 'similar_color_14', 'color_match', 'similar_color_4', 'similar_color_14', 'generator_5']
number opened: 0
TRIAL 15
Action chosen: (purple, purple)
Outcome: False
partcle ids: ['similar_color_13', 'similar_color_2', 'similar_color_3', 'shape_match', 'similar_color_13', 'similar_color_3', 'similar_color_11', 'order_match', 'similar_color_8', 'similar_color_11', 'similar_color_8', 'number_match', 'similar_color_12', 'generator_1', 'similar_color_9', 'similar_color_11', 'similar_color_4', 'order_match', 'generator_2', 'generator_3', 'similar_color_1', 'similar_color_7', 'similar_color_4', 'generator_4', 'similar_color_4', 'similar_color_14', 'color_match', 'similar_color_4', 'similar_color_14', 'generator_5']
number opened: 0
TRIAL 16
Action chosen: (pink, pink)
Outcome: False
partcle ids: ['generator_5', 'order_match', 'generator_6', 'order_match', 'generator_7', 'number_match', 'generator_8', 'generator_9', 'generator_10', 'generator_11', 'generator_12', 'similar_color_9', 'color_match', 'similar_color_12', 'order_match', 'similar_color_8', 'similar_color_5', 'generator_3', 'color_match', 'similar_color_8', 'similar_color_4', 'generator_4', 'similar_color_12', 'number_match', 'generator_3', 'generator_5', 'similar_color_10', 'similar_color_10', 'generator_3', 'generator_13']
number opened: 0
TRIAL 17
Action chosen: (pink, pink)
Outcome: False
partcle ids: ['generator_5', 'order_match', 'generator_6', 'order_match', 'generator_7', 'number_match', 'generator_8', 'generator_9', 'generator_10', 'generator_11', 'generator_12', 'similar_color_9', 'color_match', 'similar_color_12', 'order_match', 'similar_color_8', 'similar_color_5', 'generator_3', 'color_match', 'similar_color_8', 'similar_color_4', 'generator_4', 'similar_color_12', 'number_match', 'generator_3', 'generator_5', 'similar_color_10', 'similar_color_10', 'generator_3', 'generator_13']
number opened: 0
TRIAL 18
Action chosen: (pink, pink)
Outcome: False
partcle ids: ['generator_5', 'order_match', 'generator_6', 'order_match', 'generator_7', 'number_match', 'generator_8', 'generator_9', 'generator_10', 'generator_11', 'generator_12', 'similar_color_9', 'color_match', 'similar_color_12', 'order_match', 'similar_color_8', 'similar_color_5', 'generator_3', 'color_match', 'similar_color_8', 'similar_color_4', 'generator_4', 'similar_color_12', 'number_match', 'generator_3', 'generator_5', 'similar_color_10', 'similar_color_10', 'generator_3', 'generator_13']
number opened: 0
TRIAL 19
Action chosen: (purple, purple)
Outcome: False
partcle ids: ['generator_5', 'order_match', 'generator_6', 'order_match', 'generator_7', 'number_match', 'generator_8', 'generator_9', 'generator_10', 'generator_11', 'generator_12', 'similar_color_9', 'color_match', 'similar_color_12', 'order_match', 'similar_color_8', 'similar_color_5', 'generator_3', 'color_match', 'similar_color_8', 'similar_color_4', 'generator_4', 'similar_color_12', 'number_match', 'generator_3', 'generator_5', 'similar_color_10', 'similar_color_10', 'generator_3', 'generator_13']
number opened: 0
TRIAL 20
Action chosen: (purple, purple)
Outcome: False
partcle ids: ['generator_5', 'order_match', 'generator_6', 'order_match', 'generator_7', 'number_match', 'generator_8', 'generator_9', 'generator_10', 'generator_11', 'generator_12', 'similar_color_9', 'color_match', 'similar_color_12', 'order_match', 'similar_color_8', 'similar_color_5', 'generator_3', 'color_match', 'similar_color_8', 'similar_color_4', 'generator_4', 'similar_color_12', 'number_match', 'generator_3', 'generator_5', 'similar_color_10', 'similar_color_10', 'generator_3', 'generator_13']
number opened: 0
TRIAL 21
Action chosen: (purple, purple)
Outcome: False
partcle ids: ['generator_5', 'order_match', 'generator_6', 'order_match', 'generator_7', 'number_match', 'generator_8', 'generator_9', 'generator_10', 'generator_11', 'generator_12', 'similar_color_9', 'color_match', 'similar_color_12', 'order_match', 'similar_color_8', 'similar_color_5', 'generator_3', 'color_match', 'similar_color_8', 'similar_color_4', 'generator_4', 'similar_color_12', 'number_match', 'generator_3', 'generator_5', 'similar_color_10', 'similar_color_10', 'generator_3', 'generator_13']
number opened: 0
TRIAL 22
Action chosen: (yellow5, blue)
Outcome: True
partcle ids: ['generator_14', 'generator_15', 'generator_16', 'generator_12', 'generator_18', 'generator_10', 'generator_20', 'generator_21', 'generator_22', 'generator_23', 'generator_10', 'generator_24', 'generator_25', 'generator_26', 'generator_27', 'generator_28', 'number_match', 'order_match', 'generator_29', 'generator_30', 'order_match', 'generator_31', 'generator_32', 'order_match', 'generator_33', 'generator_34', 'generator_35', 'generator_36', 'generator_37', 'order_match']
number opened: 1
TRIAL 23
Action chosen: (red, red)
Outcome: True
partcle ids: ['generator_38', 'order_match', 'order_match', 'generator_39', 'generator_40', 'generator_28', 'generator_41', 'generator_28', 'generator_28', 'generator_43', 'generator_44', 'generator_45', 'order_match', 'generator_46', 'generator_47', 'generator_31', 'generator_48', 'generator_49', 'generator_50', 'generator_26', 'generator_51', 'generator_52', 'generator_53', 'generator_54', 'order_match', 'generator_56', 'generator_57', 'generator_31', 'generator_58', 'generator_26']
number opened: 2
TRIAL 24
Action chosen: (green3, white)
Outcome: False
partcle ids: ['generator_38', 'order_match', 'order_match', 'generator_39', 'generator_40', 'generator_28', 'generator_41', 'generator_28', 'generator_28', 'generator_43', 'generator_44', 'generator_45', 'order_match', 'generator_46', 'generator_47', 'generator_31', 'generator_48', 'generator_49', 'generator_50', 'generator_26', 'generator_51', 'generator_52', 'generator_53', 'generator_54', 'order_match', 'generator_56', 'generator_57', 'generator_31', 'generator_58', 'generator_26']
number opened: 2
TRIAL 25
Action chosen: (orange4, pink)
Outcome: False
partcle ids: ['generator_38', 'order_match', 'order_match', 'generator_39', 'generator_40', 'generator_28', 'generator_41', 'generator_28', 'generator_28', 'generator_43', 'generator_44', 'generator_45', 'order_match', 'generator_46', 'generator_47', 'generator_31', 'generator_48', 'generator_49', 'generator_50', 'generator_26', 'generator_51', 'generator_52', 'generator_53', 'generator_54', 'order_match', 'generator_56', 'generator_57', 'generator_31', 'generator_58', 'generator_26']
number opened: 2
TRIAL 26
Action chosen: (diamond, pink)
Outcome: False
partcle ids: ['generator_38', 'order_match', 'order_match', 'generator_39', 'generator_40', 'generator_28', 'generator_41', 'generator_28', 'generator_28', 'generator_43', 'generator_44', 'generator_45', 'order_match', 'generator_46', 'generator_47', 'generator_31', 'generator_48', 'generator_49', 'generator_50', 'generator_26', 'generator_51', 'generator_52', 'generator_53', 'generator_54', 'order_match', 'generator_56', 'generator_57', 'generator_31', 'generator_58', 'generator_26']
number opened: 2
TRIAL 27
Action chosen: (grey2, pink)
Outcome: True
partcle ids: ['order_match', 'order_match', 'generator_62', 'generator_63', 'generator_64', 'generator_65', 'generator_66', 'generator_62', 'generator_67', 'generator_56', 'generator_46', 'generator_67', 'generator_68', 'generator_69', 'number_match', 'generator_70', 'generator_71', 'generator_72', 'generator_73', 'generator_74', 'generator_54', 'generator_66', 'generator_75', 'generator_76', 'generator_77', 'generator_78', 'order_match', 'generator_54', 'generator_66', 'generator_46']
number opened: 3
TRIAL 28
Action chosen: (cloud, purple)
Outcome: False
partcle ids: ['order_match', 'order_match', 'generator_62', 'generator_63', 'generator_64', 'generator_65', 'generator_66', 'generator_62', 'generator_67', 'generator_56', 'generator_46', 'generator_67', 'generator_68', 'generator_69', 'number_match', 'generator_70', 'generator_71', 'generator_72', 'generator_73', 'generator_74', 'generator_54', 'generator_66', 'generator_75', 'generator_76', 'generator_77', 'generator_78', 'order_match', 'generator_54', 'generator_66', 'generator_46']
number opened: 3
TRIAL 29
Action chosen: (orange4, purple)
Outcome: False
partcle ids: ['order_match', 'order_match', 'generator_62', 'generator_63', 'generator_64', 'generator_65', 'generator_66', 'generator_62', 'generator_67', 'generator_56', 'generator_46', 'generator_67', 'generator_68', 'generator_69', 'number_match', 'generator_70', 'generator_71', 'generator_72', 'generator_73', 'generator_74', 'generator_54', 'generator_66', 'generator_75', 'generator_76', 'generator_77', 'generator_78', 'order_match', 'generator_54', 'generator_66', 'generator_46']
number opened: 3
TRIAL 30
Action chosen: (heart, purple)
Outcome: False
partcle ids: ['order_match', 'order_match', 'generator_62', 'generator_63', 'generator_64', 'generator_65', 'generator_66', 'generator_62', 'generator_67', 'generator_56', 'generator_46', 'generator_67', 'generator_68', 'generator_69', 'number_match', 'generator_70', 'generator_71', 'generator_72', 'generator_73', 'generator_74', 'generator_54', 'generator_66', 'generator_75', 'generator_76', 'generator_77', 'generator_78', 'order_match', 'generator_54', 'generator_66', 'generator_46']
number opened: 3
TRIAL 31
Action chosen: (green3, white)
Outcome: False
partcle ids: ['order_match', 'order_match', 'generator_62', 'generator_63', 'generator_64', 'generator_65', 'generator_66', 'generator_62', 'generator_67', 'generator_56', 'generator_46', 'generator_67', 'generator_68', 'generator_69', 'number_match', 'generator_70', 'generator_71', 'generator_72', 'generator_73', 'generator_74', 'generator_54', 'generator_66', 'generator_75', 'generator_76', 'generator_77', 'generator_78', 'order_match', 'generator_54', 'generator_66', 'generator_46']
number opened: 3
TRIAL 32
Action chosen: (cloud, purple)
Outcome: False
partcle ids: ['order_match', 'order_match', 'generator_62', 'generator_63', 'generator_64', 'generator_65', 'generator_66', 'generator_62', 'generator_67', 'generator_56', 'generator_46', 'generator_67', 'generator_68', 'generator_69', 'number_match', 'generator_70', 'generator_71', 'generator_72', 'generator_73', 'generator_74', 'generator_54', 'generator_66', 'generator_75', 'generator_76', 'generator_77', 'generator_78', 'order_match', 'generator_54', 'generator_66', 'generator_46']
number opened: 3
TRIAL 33
Action chosen: (pink, white)
Outcome: False
partcle ids: ['order_match', 'order_match', 'generator_62', 'generator_63', 'generator_64', 'generator_65', 'generator_66', 'generator_62', 'generator_67', 'generator_56', 'generator_46', 'generator_67', 'generator_68', 'generator_69', 'number_match', 'generator_70', 'generator_71', 'generator_72', 'generator_73', 'generator_74', 'generator_54', 'generator_66', 'generator_75', 'generator_76', 'generator_77', 'generator_78', 'order_match', 'generator_54', 'generator_66', 'generator_46']
number opened: 3
TRIAL 34
Action chosen: (purple, white)
Outcome: False
partcle ids: ['order_match', 'order_match', 'generator_62', 'generator_63', 'generator_64', 'generator_65', 'generator_66', 'generator_62', 'generator_67', 'generator_56', 'generator_46', 'generator_67', 'generator_68', 'generator_69', 'number_match', 'generator_70', 'generator_71', 'generator_72', 'generator_73', 'generator_74', 'generator_54', 'generator_66', 'generator_75', 'generator_76', 'generator_77', 'generator_78', 'order_match', 'generator_54', 'generator_66', 'generator_46']
number opened: 3
TRIAL 35
Action chosen: (triangle, white)
Outcome: False
partcle ids: ['order_match', 'order_match', 'generator_62', 'generator_63', 'generator_64', 'generator_65', 'generator_66', 'generator_62', 'generator_67', 'generator_56', 'generator_46', 'generator_67', 'generator_68', 'generator_69', 'number_match', 'generator_70', 'generator_71', 'generator_72', 'generator_73', 'generator_74', 'generator_54', 'generator_66', 'generator_75', 'generator_76', 'generator_77', 'generator_78', 'order_match', 'generator_54', 'generator_66', 'generator_46']
number opened: 3
TRIAL 36
Action chosen: (diamond, white)
Outcome: False
partcle ids: ['order_match', 'order_match', 'generator_62', 'generator_63', 'generator_64', 'generator_65', 'generator_66', 'generator_62', 'generator_67', 'generator_56', 'generator_46', 'generator_67', 'generator_68', 'generator_69', 'number_match', 'generator_70', 'generator_71', 'generator_72', 'generator_73', 'generator_74', 'generator_54', 'generator_66', 'generator_75', 'generator_76', 'generator_77', 'generator_78', 'order_match', 'generator_54', 'generator_66', 'generator_46']
number opened: 3
TRIAL 37
Action chosen: (green3, purple)
Outcome: True
partcle ids: ['generator_80', 'generator_81', 'generator_80', 'generator_82', 'generator_83', 'generator_84', 'generator_85', 'number_match', 'generator_80', 'number_match', 'generator_83', 'generator_86', 'generator_64', 'generator_85', 'generator_82', 'generator_85', 'generator_84', 'generator_82', 'generator_80', 'generator_85', 'generator_84', 'generator_81', 'generator_80', 'generator_82', 'generator_82', 'number_match', 'generator_85', 'generator_82', 'generator_83', 'generator_64']
number opened: 4
TRIAL 38
Action chosen: (heart, white)
Outcome: False
partcle ids: ['generator_80', 'generator_81', 'generator_80', 'generator_82', 'generator_83', 'generator_84', 'generator_85', 'number_match', 'generator_80', 'number_match', 'generator_83', 'generator_86', 'generator_64', 'generator_85', 'generator_82', 'generator_85', 'generator_84', 'generator_82', 'generator_80', 'generator_85', 'generator_84', 'generator_81', 'generator_80', 'generator_82', 'generator_82', 'number_match', 'generator_85', 'generator_82', 'generator_83', 'generator_64']
number opened: 4
TRIAL 39
Action chosen: (white, white)
Outcome: False
partcle ids: ['generator_80', 'generator_81', 'generator_80', 'generator_82', 'generator_83', 'generator_84', 'generator_85', 'number_match', 'generator_80', 'number_match', 'generator_83', 'generator_86', 'generator_64', 'generator_85', 'generator_82', 'generator_85', 'generator_84', 'generator_82', 'generator_80', 'generator_85', 'generator_84', 'generator_81', 'generator_80', 'generator_82', 'generator_82', 'number_match', 'generator_85', 'generator_82', 'generator_83', 'generator_64']
number opened: 4
TRIAL 40
Action chosen: (pink, white)
Outcome: False
partcle ids: ['generator_80', 'generator_81', 'generator_80', 'generator_82', 'generator_83', 'generator_84', 'generator_85', 'number_match', 'generator_80', 'number_match', 'generator_83', 'generator_86', 'generator_64', 'generator_85', 'generator_82', 'generator_85', 'generator_84', 'generator_82', 'generator_80', 'generator_85', 'generator_84', 'generator_81', 'generator_80', 'generator_82', 'generator_82', 'number_match', 'generator_85', 'generator_82', 'generator_83', 'generator_64']
number opened: 4
TRIAL 41
Action chosen: (orange4, white)
Outcome: True
partcle ids: ['number_match', 'number_match', 'number_match', 'number_match', 'number_match', 'number_match', 'number_match', 'number_match', 'number_match', 'number_match', 'number_match', 'number_match', 'number_match', 'number_match', 'number_match', 'number_match', 'number_match', 'number_match', 'number_match', 'number_match', 'number_match', 'number_match', 'number_match', 'number_match', 'number_match', 'number_match', 'number_match', 'number_match', 'number_match', 'number_match']
number opened: 5
{"attempts": 41, "unique_key_box_pairs": 22, "revisit_attempts": 19, "revisit_rate": 0.475, "attempts_before_abandoning_color_matching": 0, "color_matching_abandoned": true}
