{"Child_ID": "D080", "SoC_variant": "SoC-Full", "theta": [1, 3], "p_gen": 0.7, "true_prior": 0.02, "run_number": 53, "seed": 7614682726165038161}
TRIAL 1
Action chosen: (purple, purple)
Outcome: False
partcle ids: ['generator_1', 'generator_2', 'generator_3', 'generator_4', 'generator_5', 'similar_color_13', 'generator_6', 'generator_7', 'generator_8', 'generator_9', 'generator_10', 'generator_11', 'generator_12', 'generator_13', 'generator_14', 'generator_15', 'generator_16', 'generator_17', 'generator_18', 'similar_color_13', 'similar_color_11', 'similar_color_3', 'generator_19', 'number_match', 'similar_color_1', 'generator_20', 'generator_21', 'order_match', 'similar_color_10', 'similar_color_11']
number opened: 0
TRIAL 2
Action chosen: (red, red)
Outcome: True
partcle ids: ['generator_22', 'generator_23', 'generator_24', 'generator_25', 'generator_26', 'generator_27', 'generator_28', 'generator_29', 'generator_30', 'order_match', 'generator_31', 'similar_color_1', 'generator_32', 'generator_33', 'generator_4', 'generator_34', 'generator_35', 'generator_36', 'generator_37', 'order_match', 'generator_38', 'color_match', 'generator_39', 'generator_40', 'generator_41', 'generator_42', 'generator_43', 'generator_44', 'generator_45', 'generator_46']
number opened: 1
TRIAL 3
Action chosen: (grey2, pink)
Outcome: True
partcle ids: ['generator_47', 'generator_48', 'generator_49', 'generator_50', 'generator_51', 'generator_52', 'generator_53', 'generator_54', 'generator_55', 'generator_56', 'generator_57', 'generator_58', 'generator_59', 'generator_60', 'generator_61', 'generator_62', 'generator_63', 'generator_64', 'generator_65', 'generator_66', 'generator_67', 'generator_68', 'generator_69', 'generator_70', 'generator_71', 'generator_72', 'generator_73', 'generator_74', 'generator_75', 'generator_24']
number opened: 2
TRIAL 4
Action chosen: (green3, purple)
Outcome: True
partcle ids: ['generator_77', 'generator_78', 'generator_79', 'generator_80', 'generator_81', 'generator_82', 'generator_83', 'generator_58', 'generator_84', 'generator_85', 'generator_86', 'generator_87', 'generator_88', 'generator_89', 'generator_90', 'generator_91', 'generator_92', 'generator_93', 'generator_75', 'generator_94', 'generator_95', 'generator_96', 'generator_91', 'generator_97', 'generator_98', 'generator_99', 'generator_100', 'generator_101', 'generator_84', 'generator_102']
number opened: 3
TRIAL 5
Action chosen: (diamond, white)
Outcome: False
partcle ids: ['generator_77', 'generator_78', 'generator_79', 'generator_80', 'generator_81', 'generator_82', 'generator_83', 'generator_58', 'generator_84', 'generator_85', 'generator_86', 'generator_87', 'generator_88', 'generator_89', 'generator_90', 'generator_91', 'generator_92', 'generator_93', 'generator_75', 'generator_94', 'generator_95', 'generator_96', 'generator_91', 'generator_97', 'generator_98', 'generator_99', 'generator_100', 'generator_101', 'generator_84', 'generator_102']
number opened: 3
TRIAL 6
Action chosen: (purple, white)
Outcome: False
partcle ids: ['generator_77', 'generator_78', 'generator_79', 'generator_80', 'generator_81', 'generator_82', 'generator_83', 'generator_58', 'generator_84', 'generator_85', 'generator_86', 'generator_87', 'generator_88', 'generator_89', 'generator_90', 'generator_91', 'generator_92', 'generator_93', 'generator_75', 'generator_94', 'generator_95', 'generator_96', 'generator_91', 'generator_97', 'generator_98', 'generator_99', 'generator_100', 'generator_101', 'generator_84', 'generator_102']
number opened: 3
TRIAL 7
Action chosen: (yellow5, white)
Outcome: False
partcle ids: ['generator_77', 'generator_78', 'generator_79', 'generator_80', 'generator_81', 'generator_82', 'generator_83', 'generator_58', 'generator_84', 'generator_85', 'generator_86', 'generator_87', 'generator_88', 'generator_89', 'generator_90', 'generator_91', 'generator_92', 'generator_93', 'generator_75', 'generator_94', 'generator_95', 'generator_96', 'generator_91', 'generator_97', 'generator_98', 'generator_99', 'generator_100', 'generator_101', 'generator_84', 'generator_102']
number opened: 3
TRIAL 8
Action chosen: (blue, white)
Outcome: False
partcle ids: ['generator_77', 'generator_78', 'generator_79', 'generator_80', 'generator_81', 'generator_82', 'generator_83', 'generator_58', 'generator_84', 'generator_85', 'generator_86', 'generator_87', 'generator_88', 'generator_89', 'generator_90', 'generator_91', 'generator_92', 'generator_93', 'generator_75', 'generator_94', 'generator_95', 'generator_96', 'generator_91', 'generator_97', 'generator_98', 'generator_99', 'generator_100', 'generator_101', 'generator_84', 'generator_102']
number opened: 3
TRIAL 9
Action chosen: (purple, blue)
Outcome: False
partcle ids: ['generator_77', 'generator_78', 'generator_79', 'generator_80', 'generator_81', 'generator_82', 'generator_83', 'generator_58', 'generator_84', 'generator_85', 'generator_86', 'generator_87', 'generator_88', 'generator_89', 'generator_90', 'generator_91', 'generator_92', 'generator_93', 'generator_75', 'generator_94', 'generator_95', 'generator_96', 'generator_91', 'generator_97', 'generator_98', 'generator_99', 'generator_100', 'generator_101', 'generator_84', 'generator_102']
number opened: 3
TRIAL 10
Action chosen: (white, white)
Outcome: False
partcle ids: ['generator_77', 'generator_78', 'generator_79', 'generator_80', 'generator_81', 'generator_82', 'generator_83', 'generator_58', 'generator_84', 'generator_85', 'generator_86', 'generator_87', 'generator_88', 'generator_89', 'generator_90', 'generator_91', 'generator_92', 'generator_93', 'generator_75', 'generator_94', 'generator_95', 'generator_96', 'generator_91', 'generator_97', 'generator_98', 'generator_99', 'generator_100', 'generator_101', 'generator_84', 'generator_102']
number opened: 3
TRIAL 11
Action chosen: (diamond, blue)
Outcome: False
partcle ids: ['generator_77', 'generator_78', 'generator_79', 'generator_80', 'generator_81', 'generator_82', 'generator_83', 'generator_58', 'generator_84', 'generator_85', 'generator_86', 'generator_87', 'generator_88', 'generator_89', 'generator_90', 'generator_91', 'generator_92', 'generator_93', 'generator_75', 'generator_94', 'generator_95', 'generator_96', 'generator_91', 'generator_97', 'generator_98', 'generator_99', 'generator_100', 'generator_101', 'generator_84', 'generator_102']
number opened: 3
TRIAL 12
Action chosen: (white, blue)
Outcome: False
partcle ids: ['generator_77', 'generator_78', 'generator_79', 'generator_80', 'generator_81', 'generator_82', 'generator_83', 'generator_58', 'generator_84', 'generator_85', 'generator_86', 'generator_87', 'generator_88', 'generator_89', 'generator_90', 'generator_91', 'generator_92', 'generator_93', 'generator_75', 'generator_94', 'generator_95', 'generator_96', 'generator_91', 'generator_97', 'generator_98', 'generator_99', 'generator_100', 'generator_101', 'generator_84', 'generator_102']
number opened: 3
TRIAL 13
Action chosen: (orange4, blue)
Outcome: False
partcle ids: ['generator_77', 'generator_78', 'generator_79', 'generator_80', 'generator_81', 'generator_82', 'generator_83', 'generator_58', 'generator_84', 'generator_85', 'generator_86', 'generator_87', 'generator_88', 'generator_89', 'generator_90', 'generator_91', 'generator_92', 'generator_93', 'generator_75', 'generator_94', 'generator_95', 'generator_96', 'generator_91', 'generator_97', 'generator_98', 'generator_99', 'generator_100', 'generator_101', 'generator_84', 'generator_102']
number opened: 3
TRIAL 14
Action chosen: (triangle, blue)
Outcome: False
partcle ids: ['generator_77', 'generator_78', 'generator_79', 'generator_80', 'generator_81', 'generator_82', 'generator_83', 'generator_58', 'generator_84', 'generator_85', 'generator_86', 'generator_87', 'generator_88', 'generator_89', 'generator_90', 'generator_91', 'generator_92', 'generator_93', 'generator_75', 'generator_94', 'generator_95', 'generator_96', 'generator_91', 'generator_97', 'generator_98', 'generator_99', 'generator_100', 'generator_101', 'generator_84', 'generator_102']
number opened: 3
TRIAL 15
Action chosen: (yellow5, blue)
Outcome: True
partcle ids: ['generator_83', 'generator_103', 'generator_104', 'generator_88', 'generator_88', 'generator_93', 'generator_93', 'generator_93', 'generator_106', 'generator_105', 'generator_105', 'generator_105', 'generator_104', 'generator_103', 'generator_107', 'generator_105', 'generator_93', 'generator_93', 'number_match', 'generator_83', 'generator_88', 'generator_93', 'generator_103', 'generator_107', 'generator_93', 'generator_107', 'generator_88', 'generator_103', 'generator_83', 'generator_88']
number opened: 4
TRIAL 16
Action chosen: (cloud, white)
Outcome: False
partcle ids: ['generator_83', 'generator_103', 'generator_104', 'generator_88', 'generator_88', 'generator_93', 'generator_93', 'generator_93', 'generator_106', 'generator_105', 'generator_105', 'generator_105', 'generator_104', 'generator_103', 'generator_107', 'generator_105', 'generator_93', 'generator_93', 'number_match', 'generator_83', 'generator_88', 'generator_93', 'generator_103', 'generator_107', 'generator_93', 'generator_107', 'generator_88', 'generator_103', 'generator_83', 'generator_88']
number opened: 4
TRIAL 17
Action chosen: (diamond, white)
Outcome: False
partcle ids: ['generator_83', 'generator_103', 'generator_104', 'generator_88', 'generator_88', 'generator_93', 'generator_93', 'generator_93', 'generator_106', 'generator_105', 'generator_105', 'generator_105', 'generator_104', 'generator_103', 'generator_107', 'generator_105', 'generator_93', 'generator_93', 'number_match', 'generator_83', 'generator_88', 'generator_93', 'generator_103', 'generator_107', 'generator_93', 'generator_107', 'generator_88', 'generator_103', 'generator_83', 'generator_88']
number opened: 4
TRIAL 18
Action chosen: (heart, white)
Outcome: False
partcle ids: ['generator_83', 'generator_103', 'generator_104', 'generator_88', 'generator_88', 'generator_93', 'generator_93', 'generator_93', 'generator_106', 'generator_105', 'generator_105', 'generator_105', 'generator_104', 'generator_103', 'generator_107', 'generator_105', 'generator_93', 'generator_93', 'number_match', 'generator_83', 'generator_88', 'generator_93', 'generator_103', 'generator_107', 'generator_93', 'generator_107', 'generator_88', 'generator_103', 'generator_83', 'generator_88']
number opened: 4
TRIAL 19
Action chosen: (white, white)
Outcome: False
partcle ids: ['generator_83', 'generator_103', 'generator_104', 'generator_88', 'generator_88', 'generator_93', 'generator_93', 'generator_93', 'generator_106', 'generator_105', 'generator_105', 'generator_105', 'generator_104', 'generator_103', 'generator_107', 'generator_105', 'generator_93', 'generator_93', 'number_match', 'generator_83', 'generator_88', 'generator_93', 'generator_103', 'generator_107', 'generator_93', 'generator_107', 'generator_88', 'generator_103', 'generator_83', 'generator_88']
number opened: 4
TRIAL 20
Action chosen: (pink, white)
Outcome: False
partcle ids: ['generator_83', 'generator_103', 'generator_104', 'generator_88', 'generator_88', 'generator_93', 'generator_93', 'generator_93', 'generator_106', 'generator_105', 'generator_105', 'generator_105', 'generator_104', 'generator_103', 'generator_107', 'generator_105', 'generator_93', 'generator_93', 'number_match', 'generator_83', 'generator_88', 'generator_93', 'generator_103', 'generator_107', 'generator_93', 'generator_107', 'generator_88', 'generator_103', 'generator_83', 'generator_88']
number opened: 4
TRIAL 21
Action chosen: (blue, white)
Outcome: False
partcle ids: ['generator_83', 'generator_103', 'generator_104', 'generator_88', 'generator_88', 'generator_93', 'generator_93', 'generator_93', 'generator_106', 'generator_105', 'generator_105', 'generator_105', 'generator_104', 'generator_103', 'generator_107', 'generator_105', 'generator_93', 'generator_93', 'number_match', 'generator_83', 'generator_88', 'generator_93', 'generator_103', 'generator_107', 'generator_93', 'generator_107', 'generator_88', 'generator_103', 'generator_83', 'generator_88']
number opened: 4
TRIAL 22
Action chosen: (cloud, white)
Outcome: False
partcle ids: ['generator_83', 'generator_103', 'generator_104', 'generator_88', 'generator_88', 'generator_93', 'generator_93', 'generator_93', 'generator_106', 'generator_105', 'generator_105', 'generator_105', 'generator_104', 'generator_103', 'generator_107', 'generator_105', 'generator_93', 'generator_93', 'number_match', 'generator_83', 'generator_88', 'generator_93', 'generator_103', 'generator_107', 'generator_93', 'generator_107', 'generator_88', 'generator_103', 'generator_83', 'generator_88']
number opened: 4
TRIAL 23
Action chosen: (diamond, white)
Outcome: False
partcle ids: ['generator_83', 'generator_103', 'generator_104', 'generator_88', 'generator_88', 'generator_93', 'generator_93', 'generator_93', 'generator_106', 'generator_105', 'generator_105', 'generator_105', 'generator_104', 'generator_103', 'generator_107', 'generator_105', 'generator_93', 'generator_93', 'number_match', 'generator_83', 'generator_88', 'generator_93', 'generator_103', 'generator_107', 'generator_93', 'generator_107', 'generator_88', 'generator_103', 'generator_83', 'generator_88']
number opened: 4
TRIAL 24
Action chosen: (purple, white)
Outcome: False
partcle ids: ['generator_83', 'generator_103', 'generator_104', 'generator_88', 'generator_88', 'generator_93', 'generator_93', 'generator_93', 'generator_106', 'generator_105', 'generator_105', 'generator_105', 'generator_104', 'generator_103', 'generator_107', 'generator_105', 'generator_93', 'generator_93', 'number_match', 'generator_83', 'generator_88', 'generator_93', 'generator_103', 'generator_107', 'generator_93', 'generator_107', 'generator_88', 'generator_103', 'generator_83', 'generator_88']
number opened: 4
TRIAL 25
Action chosen: (white, white)
Outcome: False
partcle ids: ['generator_83', 'generator_103', 'generator_104', 'generator_88', 'generator_88', 'generator_93', 'generator_93', 'generator_93', 'generator_106', 'generator_105', 'generator_105', 'generator_105', 'generator_104', 'generator_103', 'generator_107', 'generator_105', 'generator_93', 'generator_93', 'number_match', 'generator_83', 'generator_88', 'generator_93', 'generator_103', 'generator_107', 'generator_93', 'generator_107', 'generator_88', 'generator_103', 'generator_83', 'generator_88']
number opened: 4
TRIAL 26
Action chosen: (heart, white)
Outcome: False
partcle ids: ['generator_83', 'generator_103', 'generator_104', 'generator_88', 'generator_88', 'generator_93', 'generator_93', 'generator_93', 'generator_106', 'generator_105', 'generator_105', 'generator_105', 'generator_104', 'generator_103', 'generator_107', 'generator_105', 'generator_93', 'generator_93', 'number_match', 'generator_83', 'generator_88', 'generator_93', 'generator_103', 'generator_107', 'generator_93', 'generator_107', 'generator_88', 'generator_103', 'generator_83', 'generator_88']
number opened: 4
TRIAL 27
Action chosen: (cloud, white)
Outcome: False
partcle ids: ['generator_83', 'generator_103', 'generator_104', 'generator_88', 'generator_88', 'generator_93', 'generator_93', 'generator_93', 'generator_106', 'generator_105', 'generator_105', 'generator_105', 'generator_104', 'generator_103', 'generator_107', 'generator_105', 'generator_93', 'generator_93', 'number_match', 'generator_83', 'generator_88', 'generator_93', 'generator_103', 'generator_107', 'generator_93', 'generator_107', 'generator_88', 'generator_103', 'generator_83', 'generator_88']
number opened: 4
TRIAL 28
Action chosen: (blue, white)
Outcome: False
partcle ids: ['generator_83', 'generator_103', 'generator_104', 'generator_88', 'generator_88', 'generator_93', 'generator_93', 'generator_93', 'generator_106', 'generator_105', 'generator_105', 'generator_105', 'generator_104', 'generator_103', 'generator_107', 'generator_105', 'generator_93', 'generator_93', 'number_match', 'generator_83', 'generator_88', 'generator_93', 'generator_103', 'generator_107', 'generator_93', 'generator_107', 'generator_88', 'generator_103', 'generator_83', 'generator_88']
number opened: 4
TRIAL 29
Action chosen: (pink, white)
Outcome: False
partcle ids: ['generator_83', 'generator_103', 'generator_104', 'generator_88', 'generator_88', 'generator_93', 'generator_93', 'generator_93', 'generator_106', 'generator_105', 'generator_105', 'generator_105', 'generator_104', 'generator_103', 'generator_107', 'generator_105', 'generator_93', 'generator_93', 'number_match', 'generator_83', 'generator_88', 'generator_93', 'generator_103', 'generator_107', 'generator_93', 'generator_107', 'generator_88', 'generator_103', 'generator_83', 'generator_88']
number opened: 4
TRIAL 30
Action chosen: (diamond, white)
Outcome: False
partcle ids: ['generator_83', 'generator_103', 'generator_104', 'generator_88', 'generator_88', 'generator_93', 'generator_93', 'generator_93', 'generator_106', 'generator_105', 'generator_105', 'generator_105', 'generator_104', 'generator_103', 'generator_107', 'generator_105', 'generator_93', 'generator_93', 'number_match', 'generator_83', 'generator_88', 'generator_93', 'generator_103', 'generator_107', 'generator_93', 'generator_107', 'generator_88', 'generator_103', 'generator_83', 'generator_88']
number opened: 4
TRIAL 31
Action chosen: (orange4, white)
Outcome: True
partcle ids: ['number_match', 'number_match', 'number_match', 'number_match', 'number_match', 'number_match', 'number_match', 'number_match', 'number_match', 'number_match', 'number_match', 'number_match', 'number_match', 'number_match', 'number_match', 'number_match', 'number_match', 'number_match', 'number_match', 'number_match', 'number_match', 'number_match', 'number_match', 'number_match', 'number_match', 'number_match', 'number_match', 'number_match', 'number_match', 'number_match']
number opened: 5
{"attempts": 31, "unique_key_box_pairs": 19, "revisit_attempts": 12, "revisit_rate": 0.4, "attempts_before_abandoning_color_matching": 2, "color_matching_abandoned": true}
