{"Child_ID": "D023", "SoC_variant": "SoC-Gen", "theta": [19, 1], "p_gen": 0.4, "true_prior": 0.02, "run_number": 48, "seed": 3534837155522833475}
TRIAL 1
Action chosen: (heart, blue)
Outcome: False
partcle ids: ['similar_color_1', 'similar_color_4', 'generator_1', 'similar_color_4', 'similar_color_13', 'similar_color_2', 'similar_color_2', 'shape_match', 'order_match', 'similar_color_5', 'similar_color_3', 'similar_color_8', 'similar_color_6', 'similar_color_1', 'generator_2', 'generator_3', 'generator_4', 'similar_color_13', 'generator_5', 'generator_6', 'similar_color_1', 'similar_color_11', 'similar_color_14', 'generator_7', 'similar_color_14', 'similar_color_8', 'color_match', 'similar_color_6', 'similar_color_12', 'similar_color_3']
number opened: 0
TRIAL 2
Action chosen: (green3, blue)
Outcome: False
partcle ids: ['generator_7', 'order_match', 'similar_color_6', 'shape_match', 'similar_color_6', 'generator_9', 'generator_6', 'similar_color_8', 'generator_10', 'similar_color_8', 'shape_match', 'generator_11', 'generator_12', 'generator_13', 'generator_3', 'order_match', 'generator_4', 'generator_3', 'generator_15', 'generator_16', 'similar_color_7', 'generator_17', 'generator_3', 'generator_18', 'similar_color_6', 'generator_19', 'color_match', 'similar_color_8', 'generator_6', 'shape_match']
number opened: 0
TRIAL 3
Action chosen: (red, red)
Outcome: True
partcle ids: ['similar_color_8', 'similar_color_6', 'similar_color_6', 'generator_20', 'generator_21', 'generator_22', 'order_match', 'generator_4', 'generator_23', 'similar_color_6', 'generator_24', 'generator_6', 'similar_color_8', 'similar_color_8', 'similar_color_6', 'generator_6', 'color_match', 'generator_26', 'color_match', 'generator_27', 'generator_28', 'generator_29', 'generator_4', 'similar_color_8', 'generator_4', 'order_match', 'generator_30', 'generator_31', 'similar_color_6', 'generator_4']
number opened: 1
TRIAL 4
Action chosen: (pink, pink)
Outcome: False
partcle ids: ['similar_color_8', 'similar_color_6', 'similar_color_6', 'generator_20', 'generator_21', 'generator_22', 'order_match', 'generator_4', 'generator_23', 'similar_color_6', 'generator_24', 'generator_6', 'similar_color_8', 'similar_color_8', 'similar_color_6', 'generator_6', 'color_match', 'generator_26', 'color_match', 'generator_27', 'generator_28', 'generator_29', 'generator_4', 'similar_color_8', 'generator_4', 'order_match', 'generator_30', 'generator_31', 'similar_color_6', 'generator_4']
number opened: 1
TRIAL 5
Action chosen: (grey2, blue)
Outcome: False
partcle ids: ['generator_32', 'generator_31', 'generator_6', 'generator_33', 'generator_27', 'generator_27', 'generator_6', 'generator_35', 'order_match', 'generator_6', 'generator_36', 'similar_color_8', 'generator_31', 'generator_31', 'order_match', 'generator_38', 'generator_23', 'order_match', 'color_match', 'generator_31', 'generator_39', 'generator_40', 'generator_31', 'generator_6', 'generator_41', 'generator_28', 'generator_20', 'order_match', 'generator_42', 'generator_43']
number opened: 1
TRIAL 6
Action chosen: (blue, purple)
Outcome: False
partcle ids: ['generator_32', 'generator_31', 'generator_6', 'generator_33', 'generator_27', 'generator_27', 'generator_6', 'generator_35', 'order_match', 'generator_6', 'generator_36', 'similar_color_8', 'generator_31', 'generator_31', 'order_match', 'generator_38', 'generator_23', 'order_match', 'color_match', 'generator_31', 'generator_39', 'generator_40', 'generator_31', 'generator_6', 'generator_41', 'generator_28', 'generator_20', 'order_match', 'generator_42', 'generator_43']
number opened: 1
TRIAL 7
Action chosen: (yellow5, pink)
Outcome: False
partcle ids: ['generator_32', 'generator_31', 'generator_6', 'generator_33', 'generator_27', 'generator_27', 'generator_6', 'generator_35', 'order_match', 'generator_6', 'generator_36', 'similar_color_8', 'generator_31', 'generator_31', 'order_match', 'generator_38', 'generator_23', 'order_match', 'color_match', 'generator_31', 'generator_39', 'generator_40', 'generator_31', 'generator_6', 'generator_41', 'generator_28', 'generator_20', 'order_match', 'generator_42', 'generator_43']
number opened: 1
TRIAL 8
Action chosen: (green3, white)
Outcome: False
partcle ids: ['generator_28', 'generator_44', 'generator_41', 'generator_45', 'generator_46', 'color_match', 'generator_41', 'generator_42', 'color_match', 'generator_23', 'order_match', 'similar_color_8', 'generator_28', 'generator_49', 'generator_41', 'generator_41', 'generator_50', 'generator_51', 'generator_28', 'generator_38', 'generator_36', 'generator_27', 'generator_23', 'generator_20', 'generator_23', 'generator_53', 'generator_54', 'generator_41', 'generator_42', 'number_match']
number opened: 1
TRIAL 9
Action chosen: (purple, blue)
Outcome: False
partcle ids: ['generator_28', 'generator_44', 'generator_41', 'generator_45', 'generator_46', 'color_match', 'generator_41', 'generator_42', 'color_match', 'generator_23', 'order_match', 'similar_color_8', 'generator_28', 'generator_49', 'generator_41', 'generator_41', 'generator_50', 'generator_51', 'generator_28', 'generator_38', 'generator_36', 'generator_27', 'generator_23', 'generator_20', 'generator_23', 'generator_53', 'generator_54', 'generator_41', 'generator_42', 'number_match']
number opened: 1
TRIAL 10
Action chosen: (green3, pink)
Outcome: False
partcle ids: ['generator_28', 'generator_44', 'generator_41', 'generator_45', 'generator_46', 'color_match', 'generator_41', 'generator_42', 'color_match', 'generator_23', 'order_match', 'similar_color_8', 'generator_28', 'generator_49', 'generator_41', 'generator_41', 'generator_50', 'generator_51', 'generator_28', 'generator_38', 'generator_36', 'generator_27', 'generator_23', 'generator_20', 'generator_23', 'generator_53', 'generator_54', 'generator_41', 'generator_42', 'number_match']
number opened: 1
TRIAL 11
Action chosen: (blue, blue)
Outcome: False
partcle ids: ['generator_28', 'generator_44', 'generator_41', 'generator_45', 'generator_46', 'color_match', 'generator_41', 'generator_42', 'color_match', 'generator_23', 'order_match', 'similar_color_8', 'generator_28', 'generator_49', 'generator_41', 'generator_41', 'generator_50', 'generator_51', 'generator_28', 'generator_38', 'generator_36', 'generator_27', 'generator_23', 'generator_20', 'generator_23', 'generator_53', 'generator_54', 'generator_41', 'generator_42', 'number_match']
number opened: 1
TRIAL 12
Action chosen: (cloud, blue)
Outcome: False
partcle ids: ['generator_53', 'generator_55', 'generator_56', 'generator_49', 'generator_45', 'generator_42', 'number_match', 'generator_59', 'generator_60', 'generator_27', 'generator_41', 'generator_61', 'generator_44', 'generator_62', 'generator_41', 'generator_49', 'generator_42', 'generator_42', 'generator_42', 'generator_27', 'generator_53', 'order_match', 'generator_42', 'generator_42', 'number_match', 'generator_45', 'number_match', 'number_match', 'order_match', 'generator_27']
number opened: 1
TRIAL 13
Action chosen: (triangle, blue)
Outcome: False
partcle ids: ['generator_53', 'generator_55', 'generator_56', 'generator_49', 'generator_45', 'generator_42', 'number_match', 'generator_59', 'generator_60', 'generator_27', 'generator_41', 'generator_61', 'generator_44', 'generator_62', 'generator_41', 'generator_49', 'generator_42', 'generator_42', 'generator_42', 'generator_27', 'generator_53', 'order_match', 'generator_42', 'generator_42', 'number_match', 'generator_45', 'number_match', 'number_match', 'order_match', 'generator_27']
number opened: 1
TRIAL 14
Action chosen: (yellow5, blue)
Outcome: True
partcle ids: ['generator_65', 'generator_66', 'generator_67', 'generator_68', 'generator_69', 'generator_70', 'generator_71', 'generator_72', 'generator_73', 'generator_74', 'generator_75', 'generator_76', 'order_match', 'generator_77', 'generator_78', 'generator_79', 'generator_80', 'generator_81', 'generator_82', 'generator_59', 'generator_84', 'generator_59', 'generator_86', 'generator_87', 'generator_88', 'generator_89', 'generator_90', 'generator_91', 'generator_59', 'number_match']
number opened: 2
TRIAL 15
Action chosen: (white, purple)
Outcome: False
partcle ids: ['generator_65', 'generator_66', 'generator_67', 'generator_68', 'generator_69', 'generator_70', 'generator_71', 'generator_72', 'generator_73', 'generator_74', 'generator_75', 'generator_76', 'order_match', 'generator_77', 'generator_78', 'generator_79', 'generator_80', 'generator_81', 'generator_82', 'generator_59', 'generator_84', 'generator_59', 'generator_86', 'generator_87', 'generator_88', 'generator_89', 'generator_90', 'generator_91', 'generator_59', 'number_match']
number opened: 2
TRIAL 16
Action chosen: (grey2, white)
Outcome: False
partcle ids: ['generator_65', 'generator_66', 'generator_67', 'generator_68', 'generator_69', 'generator_70', 'generator_71', 'generator_72', 'generator_73', 'generator_74', 'generator_75', 'generator_76', 'order_match', 'generator_77', 'generator_78', 'generator_79', 'generator_80', 'generator_81', 'generator_82', 'generator_59', 'generator_84', 'generator_59', 'generator_86', 'generator_87', 'generator_88', 'generator_89', 'generator_90', 'generator_91', 'generator_59', 'number_match']
number opened: 2
TRIAL 17
Action chosen: (triangle, purple)
Outcome: False
partcle ids: ['generator_65', 'generator_66', 'generator_67', 'generator_68', 'generator_69', 'generator_70', 'generator_71', 'generator_72', 'generator_73', 'generator_74', 'generator_75', 'generator_76', 'order_match', 'generator_77', 'generator_78', 'generator_79', 'generator_80', 'generator_81', 'generator_82', 'generator_59', 'generator_84', 'generator_59', 'generator_86', 'generator_87', 'generator_88', 'generator_89', 'generator_90', 'generator_91', 'generator_59', 'number_match']
number opened: 2
TRIAL 18
Action chosen: (grey2, pink)
Outcome: True
partcle ids: ['order_match', 'generator_94', 'generator_95', 'generator_96', 'generator_97', 'number_match', 'generator_65', 'generator_100', 'generator_101', 'generator_102', 'number_match', 'generator_103', 'generator_104', 'generator_65', 'generator_106', 'generator_107', 'generator_108', 'generator_65', 'generator_110', 'generator_65', 'generator_88', 'generator_113', 'generator_114', 'number_match', 'generator_115', 'generator_116', 'generator_117', 'generator_88', 'generator_118', 'generator_119']
number opened: 3
TRIAL 19
Action chosen: (purple, white)
Outcome: False
partcle ids: ['order_match', 'generator_94', 'generator_95', 'generator_96', 'generator_97', 'number_match', 'generator_65', 'generator_100', 'generator_101', 'generator_102', 'number_match', 'generator_103', 'generator_104', 'generator_65', 'generator_106', 'generator_107', 'generator_108', 'generator_65', 'generator_110', 'generator_65', 'generator_88', 'generator_113', 'generator_114', 'number_match', 'generator_115', 'generator_116', 'generator_117', 'generator_88', 'generator_118', 'generator_119']
number opened: 3
TRIAL 20
Action chosen: (green3, purple)
Outcome: True
partcle ids: ['generator_120', 'generator_107', 'generator_121', 'generator_122', 'generator_120', 'generator_123', 'generator_123', 'generator_123', 'generator_122', 'generator_120', 'generator_122', 'generator_114', 'generator_121', 'generator_107', 'generator_110', 'generator_124', 'generator_122', 'number_match', 'generator_121', 'generator_121', 'generator_114', 'generator_110', 'generator_124', 'generator_110', 'generator_110', 'generator_121', 'generator_114', 'generator_110', 'number_match', 'generator_122']
number opened: 4
TRIAL 21
Action chosen: (diamond, white)
Outcome: False
partcle ids: ['generator_120', 'generator_107', 'generator_121', 'generator_122', 'generator_120', 'generator_123', 'generator_123', 'generator_123', 'generator_122', 'generator_120', 'generator_122', 'generator_114', 'generator_121', 'generator_107', 'generator_110', 'generator_124', 'generator_122', 'number_match', 'generator_121', 'generator_121', 'generator_114', 'generator_110', 'generator_124', 'generator_110', 'generator_110', 'generator_121', 'generator_114', 'generator_110', 'number_match', 'generator_122']
number opened: 4
TRIAL 22
Action chosen: (heart, white)
Outcome: False
partcle ids: ['generator_120', 'generator_107', 'generator_121', 'generator_122', 'generator_120', 'generator_123', 'generator_123', 'generator_123', 'generator_122', 'generator_120', 'generator_122', 'generator_114', 'generator_121', 'generator_107', 'generator_110', 'generator_124', 'generator_122', 'number_match', 'generator_121', 'generator_121', 'generator_114', 'generator_110', 'generator_124', 'generator_110', 'generator_110', 'generator_121', 'generator_114', 'generator_110', 'number_match', 'generator_122']
number opened: 4
TRIAL 23
Action chosen: (pink, white)
Outcome: False
partcle ids: ['generator_120', 'generator_107', 'generator_121', 'generator_122', 'generator_120', 'generator_123', 'generator_123', 'generator_123', 'generator_122', 'generator_120', 'generator_122', 'generator_114', 'generator_121', 'generator_107', 'generator_110', 'generator_124', 'generator_122', 'number_match', 'generator_121', 'generator_121', 'generator_114', 'generator_110', 'generator_124', 'generator_110', 'generator_110', 'generator_121', 'generator_114', 'generator_110', 'number_match', 'generator_122']
number opened: 4
TRIAL 24
Action chosen: (white, white)
Outcome: False
partcle ids: ['generator_122', 'generator_114', 'generator_120', 'generator_114', 'generator_124', 'generator_114', 'generator_107', 'generator_114', 'generator_114', 'generator_120', 'generator_107', 'generator_114', 'generator_120', 'generator_114', 'generator_114', 'generator_107', 'generator_123', 'generator_122', 'generator_107', 'generator_120', 'generator_107', 'generator_120', 'generator_107', 'number_match', 'generator_120', 'generator_107', 'generator_114', 'generator_107', 'generator_120', 'generator_114']
number opened: 4
TRIAL 25
Action chosen: (cloud, white)
Outcome: False
partcle ids: ['generator_122', 'generator_114', 'generator_120', 'generator_114', 'generator_124', 'generator_114', 'generator_107', 'generator_114', 'generator_114', 'generator_120', 'generator_107', 'generator_114', 'generator_120', 'generator_114', 'generator_114', 'generator_107', 'generator_123', 'generator_122', 'generator_107', 'generator_120', 'generator_107', 'generator_120', 'generator_107', 'number_match', 'generator_120', 'generator_107', 'generator_114', 'generator_107', 'generator_120', 'generator_114']
number opened: 4
TRIAL 26
Action chosen: (triangle, white)
Outcome: False
partcle ids: ['generator_110', 'number_match', 'generator_120', 'generator_120', 'generator_120', 'generator_120', 'generator_120', 'generator_107', 'generator_122', 'number_match', 'generator_122', 'generator_120', 'generator_120', 'generator_120', 'number_match', 'number_match', 'generator_120', 'generator_120', 'generator_110', 'generator_110', 'generator_120', 'generator_120', 'generator_107', 'generator_110', 'number_match', 'generator_120', 'generator_122', 'generator_120', 'generator_120', 'number_match']
number opened: 4
TRIAL 27
Action chosen: (blue, white)
Outcome: False
partcle ids: ['generator_110', 'number_match', 'generator_120', 'generator_120', 'generator_120', 'generator_120', 'generator_120', 'generator_107', 'generator_122', 'number_match', 'generator_122', 'generator_120', 'generator_120', 'generator_120', 'number_match', 'number_match', 'generator_120', 'generator_120', 'generator_110', 'generator_110', 'generator_120', 'generator_120', 'generator_107', 'generator_110', 'number_match', 'generator_120', 'generator_122', 'generator_120', 'generator_120', 'number_match']
number opened: 4
TRIAL 28
Action chosen: (orange4, white)
Outcome: True
partcle ids: ['number_match', 'number_match', 'number_match', 'number_match', 'number_match', 'number_match', 'number_match', 'number_match', 'number_match', 'number_match', 'number_match', 'number_match', 'number_match', 'number_match', 'number_match', 'number_match', 'number_match', 'number_match', 'number_match', 'number_match', 'number_match', 'number_match', 'number_match', 'number_match', 'number_match', 'number_match', 'number_match', 'number_match', 'number_match', 'number_match']
number opened: 5
{"attempts": 28, "unique_key_box_pairs": 28, "revisit_attempts": 0, "revisit_rate": 0.0, "attempts_before_abandoning_color_matching": 0, "color_matching_abandoned": true}
