{"Child_ID": "D029", "SoC_variant": "SoC-Gen", "theta": [19, 1], "p_gen": 0.7, "true_prior": 0.02, "run_number": 68, "seed": 1156704645359824380}
TRIAL 1
Action chosen: (green3, blue)
Outcome: False
partcle ids: ['generator_1', 'generator_2', 'generator_3', 'generator_4', 'similar_color_10', 'generator_5', 'generator_6', 'generator_7', 'generator_8', 'similar_color_11', 'generator_9', 'generator_10', 'generator_11', 'similar_color_11', 'generator_12', 'generator_13', 'generator_14', 'generator_15', 'generator_16', 'similar_color_13', 'generator_17', 'generator_18', 'generator_19', 'similar_color_4', 'generator_20', 'generator_21', 'generator_22', 'generator_23', 'similar_color_10', 'generator_24']
number opened: 0
TRIAL 2
Action chosen: (white, white)
Outcome: False
partcle ids: ['generator_1', 'generator_2', 'generator_3', 'generator_4', 'similar_color_10', 'generator_5', 'generator_6', 'generator_7', 'generator_8', 'similar_color_11', 'generator_9', 'generator_10', 'generator_11', 'similar_color_11', 'generator_12', 'generator_13', 'generator_14', 'generator_15', 'generator_16', 'similar_color_13', 'generator_17', 'generator_18', 'generator_19', 'similar_color_4', 'generator_20', 'generator_21', 'generator_22', 'generator_23', 'similar_color_10', 'generator_24']
number opened: 0
TRIAL 3
Action chosen: (yellow5, purple)
Outcome: False
partcle ids: ['generator_15', 'generator_25', 'generator_26', 'generator_21', 'generator_24', 'generator_27', 'generator_28', 'generator_23', 'generator_30', 'generator_31', 'generator_24', 'generator_23', 'generator_21', 'generator_24', 'generator_18', 'generator_33', 'generator_19', 'generator_34', 'generator_35', 'generator_1', 'generator_36', 'generator_18', 'generator_38', 'similar_color_3', 'generator_39', 'generator_40', 'generator_41', 'generator_23', 'generator_42', 'generator_43']
number opened: 0
TRIAL 4
Action chosen: (grey2, blue)
Outcome: False
partcle ids: ['generator_15', 'generator_25', 'generator_26', 'generator_21', 'generator_24', 'generator_27', 'generator_28', 'generator_23', 'generator_30', 'generator_31', 'generator_24', 'generator_23', 'generator_21', 'generator_24', 'generator_18', 'generator_33', 'generator_19', 'generator_34', 'generator_35', 'generator_1', 'generator_36', 'generator_18', 'generator_38', 'similar_color_3', 'generator_39', 'generator_40', 'generator_41', 'generator_23', 'generator_42', 'generator_43']
number opened: 0
TRIAL 5
Action chosen: (white, blue)
Outcome: False
partcle ids: ['generator_15', 'generator_25', 'generator_26', 'generator_21', 'generator_24', 'generator_27', 'generator_28', 'generator_23', 'generator_30', 'generator_31', 'generator_24', 'generator_23', 'generator_21', 'generator_24', 'generator_18', 'generator_33', 'generator_19', 'generator_34', 'generator_35', 'generator_1', 'generator_36', 'generator_18', 'generator_38', 'similar_color_3', 'generator_39', 'generator_40', 'generator_41', 'generator_23', 'generator_42', 'generator_43']
number opened: 0
TRIAL 6
Action chosen: (orange4, white)
Outcome: True
partcle ids: ['generator_44', 'generator_45', 'generator_46', 'generator_47', 'generator_48', 'generator_49', 'generator_50', 'generator_51', 'generator_21', 'generator_53', 'generator_42', 'generator_55', 'generator_40', 'generator_57', 'generator_21', 'generator_59', 'generator_60', 'generator_42', 'generator_40', 'generator_63', 'generator_21', 'generator_65', 'generator_66', 'generator_67', 'generator_68', 'generator_42', 'generator_70', 'generator_71', 'generator_72', 'generator_73']
number opened: 1
TRIAL 7
Action chosen: (blue, blue)
Outcome: False
partcle ids: ['generator_44', 'generator_45', 'generator_46', 'generator_47', 'generator_48', 'generator_49', 'generator_50', 'generator_51', 'generator_21', 'generator_53', 'generator_42', 'generator_55', 'generator_40', 'generator_57', 'generator_21', 'generator_59', 'generator_60', 'generator_42', 'generator_40', 'generator_63', 'generator_21', 'generator_65', 'generator_66', 'generator_67', 'generator_68', 'generator_42', 'generator_70', 'generator_71', 'generator_72', 'generator_73']
number opened: 1
TRIAL 8
Action chosen: (heart, purple)
Outcome: False
partcle ids: ['generator_44', 'generator_45', 'generator_46', 'generator_47', 'generator_48', 'generator_49', 'generator_50', 'generator_51', 'generator_21', 'generator_53', 'generator_42', 'generator_55', 'generator_40', 'generator_57', 'generator_21', 'generator_59', 'generator_60', 'generator_42', 'generator_40', 'generator_63', 'generator_21', 'generator_65', 'generator_66', 'generator_67', 'generator_68', 'generator_42', 'generator_70', 'generator_71', 'generator_72', 'generator_73']
number opened: 1
TRIAL 9
Action chosen: (blue, purple)
Outcome: False
partcle ids: ['generator_74', 'generator_70', 'generator_76', 'generator_49', 'generator_78', 'generator_79', 'generator_59', 'generator_81', 'generator_44', 'generator_83', 'generator_67', 'generator_85', 'generator_49', 'generator_86', 'generator_87', 'generator_88', 'generator_89', 'generator_90', 'generator_91', 'generator_67', 'generator_59', 'generator_63', 'generator_95', 'generator_96', 'generator_40', 'generator_44', 'generator_49', 'generator_49', 'generator_100', 'generator_70']
number opened: 1
TRIAL 10
Action chosen: (triangle, blue)
Outcome: False
partcle ids: ['generator_74', 'generator_70', 'generator_76', 'generator_49', 'generator_78', 'generator_79', 'generator_59', 'generator_81', 'generator_44', 'generator_83', 'generator_67', 'generator_85', 'generator_49', 'generator_86', 'generator_87', 'generator_88', 'generator_89', 'generator_90', 'generator_91', 'generator_67', 'generator_59', 'generator_63', 'generator_95', 'generator_96', 'generator_40', 'generator_44', 'generator_49', 'generator_49', 'generator_100', 'generator_70']
number opened: 1
TRIAL 11
Action chosen: (red, blue)
Outcome: False
partcle ids: ['generator_74', 'generator_70', 'generator_76', 'generator_49', 'generator_78', 'generator_79', 'generator_59', 'generator_81', 'generator_44', 'generator_83', 'generator_67', 'generator_85', 'generator_49', 'generator_86', 'generator_87', 'generator_88', 'generator_89', 'generator_90', 'generator_91', 'generator_67', 'generator_59', 'generator_63', 'generator_95', 'generator_96', 'generator_40', 'generator_44', 'generator_49', 'generator_49', 'generator_100', 'generator_70']
number opened: 1
TRIAL 12
Action chosen: (pink, blue)
Outcome: False
partcle ids: ['generator_100', 'generator_83', 'generator_83', 'generator_105', 'generator_95', 'generator_79', 'generator_70', 'generator_81', 'generator_100', 'generator_63', 'generator_112', 'generator_63', 'generator_70', 'generator_79', 'generator_95', 'generator_100', 'generator_63', 'generator_79', 'generator_70', 'generator_100', 'generator_79', 'generator_95', 'generator_124', 'generator_83', 'generator_126', 'generator_87', 'generator_128', 'generator_129', 'generator_44', 'generator_51']
number opened: 1
TRIAL 13
Action chosen: (purple, blue)
Outcome: False
partcle ids: ['generator_100', 'generator_83', 'generator_83', 'generator_105', 'generator_95', 'generator_79', 'generator_70', 'generator_81', 'generator_100', 'generator_63', 'generator_112', 'generator_63', 'generator_70', 'generator_79', 'generator_95', 'generator_100', 'generator_63', 'generator_79', 'generator_70', 'generator_100', 'generator_79', 'generator_95', 'generator_124', 'generator_83', 'generator_126', 'generator_87', 'generator_128', 'generator_129', 'generator_44', 'generator_51']
number opened: 1
TRIAL 14
Action chosen: (triangle, purple)
Outcome: False
partcle ids: ['generator_131', 'generator_95', 'generator_132', 'generator_133', 'generator_105', 'generator_105', 'generator_81', 'generator_95', 'generator_128', 'generator_138', 'generator_95', 'generator_51', 'generator_87', 'generator_112', 'generator_87', 'generator_144', 'generator_95', 'generator_129', 'generator_105', 'generator_148', 'generator_105', 'generator_112', 'generator_95', 'generator_87', 'generator_51', 'generator_105', 'generator_105', 'generator_154', 'generator_128', 'generator_156']
number opened: 1
TRIAL 15
Action chosen: (cloud, blue)
Outcome: False
partcle ids: ['generator_131', 'generator_95', 'generator_132', 'generator_133', 'generator_105', 'generator_105', 'generator_81', 'generator_95', 'generator_128', 'generator_138', 'generator_95', 'generator_51', 'generator_87', 'generator_112', 'generator_87', 'generator_144', 'generator_95', 'generator_129', 'generator_105', 'generator_148', 'generator_105', 'generator_112', 'generator_95', 'generator_87', 'generator_51', 'generator_105', 'generator_105', 'generator_154', 'generator_128', 'generator_156']
number opened: 1
TRIAL 16
Action chosen: (purple, pink)
Outcome: False
partcle ids: ['generator_157', 'generator_158', 'generator_159', 'generator_144', 'generator_154', 'generator_162', 'generator_87', 'generator_133', 'generator_129', 'generator_166', 'generator_167', 'generator_168', 'generator_169', 'generator_128', 'generator_128', 'generator_154', 'generator_87', 'generator_87', 'generator_128', 'generator_176', 'generator_177', 'generator_178', 'generator_81', 'generator_81', 'generator_181', 'generator_131', 'generator_154', 'generator_184', 'generator_95', 'generator_87']
number opened: 1
TRIAL 17
Action chosen: (heart, blue)
Outcome: False
partcle ids: ['generator_157', 'generator_158', 'generator_159', 'generator_144', 'generator_154', 'generator_162', 'generator_87', 'generator_133', 'generator_129', 'generator_166', 'generator_167', 'generator_168', 'generator_169', 'generator_128', 'generator_128', 'generator_154', 'generator_87', 'generator_87', 'generator_128', 'generator_176', 'generator_177', 'generator_178', 'generator_81', 'generator_81', 'generator_181', 'generator_131', 'generator_154', 'generator_184', 'generator_95', 'generator_87']
number opened: 1
TRIAL 18
Action chosen: (diamond, blue)
Outcome: False
partcle ids: ['generator_157', 'generator_158', 'generator_159', 'generator_144', 'generator_154', 'generator_162', 'generator_87', 'generator_133', 'generator_129', 'generator_166', 'generator_167', 'generator_168', 'generator_169', 'generator_128', 'generator_128', 'generator_154', 'generator_87', 'generator_87', 'generator_128', 'generator_176', 'generator_177', 'generator_178', 'generator_81', 'generator_81', 'generator_181', 'generator_131', 'generator_154', 'generator_184', 'generator_95', 'generator_87']
number opened: 1
TRIAL 19
Action chosen: (yellow5, blue)
Outcome: True
partcle ids: ['generator_187', 'generator_188', 'generator_81', 'generator_190', 'generator_191', 'generator_192', 'generator_193', 'generator_194', 'generator_195', 'generator_81', 'generator_197', 'generator_198', 'generator_199', 'generator_200', 'generator_201', 'generator_202', 'generator_203', 'generator_204', 'generator_205', 'generator_157', 'generator_207', 'generator_208', 'generator_209', 'generator_210', 'generator_157', 'generator_81', 'generator_213', 'generator_214', 'generator_215', 'generator_216']
number opened: 2
TRIAL 20
Action chosen: (red, purple)
Outcome: False
partcle ids: ['generator_187', 'generator_188', 'generator_81', 'generator_190', 'generator_191', 'generator_192', 'generator_193', 'generator_194', 'generator_195', 'generator_81', 'generator_197', 'generator_198', 'generator_199', 'generator_200', 'generator_201', 'generator_202', 'generator_203', 'generator_204', 'generator_205', 'generator_157', 'generator_207', 'generator_208', 'generator_209', 'generator_210', 'generator_157', 'generator_81', 'generator_213', 'generator_214', 'generator_215', 'generator_216']
number opened: 2
TRIAL 21
Action chosen: (purple, purple)
Outcome: False
partcle ids: ['generator_187', 'generator_188', 'generator_81', 'generator_190', 'generator_191', 'generator_192', 'generator_193', 'generator_194', 'generator_195', 'generator_81', 'generator_197', 'generator_198', 'generator_199', 'generator_200', 'generator_201', 'generator_202', 'generator_203', 'generator_204', 'generator_205', 'generator_157', 'generator_207', 'generator_208', 'generator_209', 'generator_210', 'generator_157', 'generator_81', 'generator_213', 'generator_214', 'generator_215', 'generator_216']
number opened: 2
TRIAL 22
Action chosen: (red, red)
Outcome: True
partcle ids: ['generator_194', 'generator_217', 'generator_218', 'generator_194', 'generator_220', 'generator_157', 'generator_222', 'generator_223', 'generator_224', 'generator_201', 'generator_193', 'generator_193', 'generator_157', 'generator_229', 'generator_201', 'generator_231', 'generator_232', 'generator_157', 'generator_194', 'generator_157', 'generator_157', 'generator_236', 'generator_237', 'generator_194', 'generator_193', 'generator_239', 'generator_237', 'generator_193', 'generator_241', 'generator_242']
number opened: 3
TRIAL 23
Action chosen: (pink, purple)
Outcome: False
partcle ids: ['generator_194', 'generator_217', 'generator_218', 'generator_194', 'generator_220', 'generator_157', 'generator_222', 'generator_223', 'generator_224', 'generator_201', 'generator_193', 'generator_193', 'generator_157', 'generator_229', 'generator_201', 'generator_231', 'generator_232', 'generator_157', 'generator_194', 'generator_157', 'generator_157', 'generator_236', 'generator_237', 'generator_194', 'generator_193', 'generator_239', 'generator_237', 'generator_193', 'generator_241', 'generator_242']
number opened: 3
TRIAL 24
Action chosen: (heart, pink)
Outcome: False
partcle ids: ['generator_243', 'generator_244', 'generator_232', 'generator_236', 'generator_246', 'generator_232', 'generator_201', 'generator_217', 'generator_201', 'generator_235', 'generator_201', 'number_match', 'generator_217', 'generator_236', 'generator_250', 'generator_251', 'generator_217', 'generator_218', 'generator_201', 'generator_250', 'generator_254', 'generator_201', 'generator_224', 'generator_229', 'generator_244', 'generator_201', 'generator_217', 'generator_256', 'generator_224', 'generator_231']
number opened: 3
TRIAL 25
Action chosen: (cloud, purple)
Outcome: False
partcle ids: ['generator_243', 'generator_244', 'generator_232', 'generator_236', 'generator_246', 'generator_232', 'generator_201', 'generator_217', 'generator_201', 'generator_235', 'generator_201', 'number_match', 'generator_217', 'generator_236', 'generator_250', 'generator_251', 'generator_217', 'generator_218', 'generator_201', 'generator_250', 'generator_254', 'generator_201', 'generator_224', 'generator_229', 'generator_244', 'generator_201', 'generator_217', 'generator_256', 'generator_224', 'generator_231']
number opened: 3
TRIAL 26
Action chosen: (green3, purple)
Outcome: True
partcle ids: ['generator_251', 'generator_251', 'number_match', 'number_match', 'generator_258', 'generator_229', 'generator_251', 'number_match', 'generator_258', 'generator_229', 'generator_229', 'generator_236', 'generator_259', 'generator_244', 'generator_258', 'generator_229', 'generator_251', 'generator_251', 'generator_258', 'generator_251', 'generator_259', 'generator_236', 'generator_259', 'generator_229', 'generator_251', 'generator_236', 'generator_229', 'generator_244', 'generator_244', 'generator_244']
number opened: 4
TRIAL 27
Action chosen: (pink, pink)
Outcome: False
partcle ids: ['generator_251', 'generator_251', 'number_match', 'number_match', 'generator_258', 'generator_229', 'generator_251', 'number_match', 'generator_258', 'generator_229', 'generator_229', 'generator_236', 'generator_259', 'generator_244', 'generator_258', 'generator_229', 'generator_251', 'generator_251', 'generator_258', 'generator_251', 'generator_259', 'generator_236', 'generator_259', 'generator_229', 'generator_251', 'generator_236', 'generator_229', 'generator_244', 'generator_244', 'generator_244']
number opened: 4
TRIAL 28
Action chosen: (cloud, pink)
Outcome: False
partcle ids: ['generator_251', 'generator_251', 'number_match', 'number_match', 'generator_258', 'generator_229', 'generator_251', 'number_match', 'generator_258', 'generator_229', 'generator_229', 'generator_236', 'generator_259', 'generator_244', 'generator_258', 'generator_229', 'generator_251', 'generator_251', 'generator_258', 'generator_251', 'generator_259', 'generator_236', 'generator_259', 'generator_229', 'generator_251', 'generator_236', 'generator_229', 'generator_244', 'generator_244', 'generator_244']
number opened: 4
TRIAL 29
Action chosen: (blue, pink)
Outcome: False
partcle ids: ['generator_244', 'generator_244', 'generator_259', 'generator_259', 'number_match', 'number_match', 'generator_244', 'number_match', 'number_match', 'generator_244', 'number_match', 'generator_236', 'generator_244', 'generator_236', 'generator_236', 'generator_236', 'number_match', 'generator_259', 'number_match', 'generator_236', 'generator_236', 'number_match', 'generator_244', 'number_match', 'generator_236', 'generator_244', 'generator_236', 'generator_236', 'generator_244', 'number_match']
number opened: 4
TRIAL 30
Action chosen: (grey2, pink)
Outcome: True
partcle ids: ['number_match', 'number_match', 'number_match', 'number_match', 'number_match', 'number_match', 'number_match', 'number_match', 'number_match', 'number_match', 'number_match', 'number_match', 'number_match', 'number_match', 'number_match', 'number_match', 'number_match', 'number_match', 'number_match', 'number_match', 'number_match', 'number_match', 'number_match', 'number_match', 'number_match', 'number_match', 'number_match', 'number_match', 'number_match', 'number_match']
number opened: 5
{"attempts": 30, "unique_key_box_pairs": 30, "revisit_attempts": 0, "revisit_rate": 0.0, "attempts_before_abandoning_color_matching": 0, "color_matching_abandoned": true}
