{"Child_ID": "D029", "SoC_variant": "SoC-Gen", "theta": [19, 1], "p_gen": 0.7, "true_prior": 0.02, "run_number": 30, "seed": 2294916515149546547}
TRIAL 1
Action chosen: (pink, pink)
Outcome: False
partcle ids: ['generator_1', 'generator_2', 'similar_color_7', 'generator_3', 'generator_4', 'generator_5', 'generator_6', 'similar_color_3', 'similar_color_7', 'color_match', 'similar_color_12', 'generator_7', 'similar_color_11', 'generator_8', 'shape_match', 'generator_9', 'generator_10', 'generator_11', 'similar_color_8', 'generator_12', 'generator_13', 'generator_14', 'generator_15', 'generator_16', 'order_match', 'generator_17', 'similar_color_11', 'generator_18', 'generator_19', 'generator_20']
number opened: 0
TRIAL 2
Action chosen: (diamond, pink)
Outcome: False
partcle ids: ['generator_21', 'generator_22', 'generator_1', 'generator_15', 'generator_23', 'generator_24', 'generator_14', 'generator_25', 'generator_14', 'generator_26', 'generator_17', 'generator_27', 'generator_19', 'generator_7', 'generator_28', 'order_match', 'generator_29', 'generator_30', 'generator_31', 'generator_9', 'generator_19', 'generator_32', 'generator_1', 'generator_33', 'generator_34', 'generator_35', 'generator_36', 'generator_37', 'generator_38', 'generator_39']
number opened: 0
TRIAL 3
Action chosen: (grey2, white)
Outcome: False
partcle ids: ['generator_21', 'generator_22', 'generator_1', 'generator_15', 'generator_23', 'generator_24', 'generator_14', 'generator_25', 'generator_14', 'generator_26', 'generator_17', 'generator_27', 'generator_19', 'generator_7', 'generator_28', 'order_match', 'generator_29', 'generator_30', 'generator_31', 'generator_9', 'generator_19', 'generator_32', 'generator_1', 'generator_33', 'generator_34', 'generator_35', 'generator_36', 'generator_37', 'generator_38', 'generator_39']
number opened: 0
TRIAL 4
Action chosen: (orange4, purple)
Outcome: False
partcle ids: ['generator_21', 'generator_22', 'generator_1', 'generator_15', 'generator_23', 'generator_24', 'generator_14', 'generator_25', 'generator_14', 'generator_26', 'generator_17', 'generator_27', 'generator_19', 'generator_7', 'generator_28', 'order_match', 'generator_29', 'generator_30', 'generator_31', 'generator_9', 'generator_19', 'generator_32', 'generator_1', 'generator_33', 'generator_34', 'generator_35', 'generator_36', 'generator_37', 'generator_38', 'generator_39']
number opened: 0
TRIAL 5
Action chosen: (pink, purple)
Outcome: False
partcle ids: ['generator_21', 'generator_22', 'generator_1', 'generator_15', 'generator_23', 'generator_24', 'generator_14', 'generator_25', 'generator_14', 'generator_26', 'generator_17', 'generator_27', 'generator_19', 'generator_7', 'generator_28', 'order_match', 'generator_29', 'generator_30', 'generator_31', 'generator_9', 'generator_19', 'generator_32', 'generator_1', 'generator_33', 'generator_34', 'generator_35', 'generator_36', 'generator_37', 'generator_38', 'generator_39']
number opened: 0
TRIAL 6
Action chosen: (grey2, pink)
Outcome: True
partcle ids: ['generator_40', 'generator_41', 'generator_9', 'generator_42', 'generator_43', 'generator_44', 'generator_45', 'generator_46', 'generator_47', 'generator_48', 'generator_7', 'generator_50', 'generator_51', 'order_match', 'generator_52', 'generator_53', 'generator_54', 'generator_55', 'generator_56', 'generator_31', 'generator_57', 'generator_58', 'generator_59', 'generator_60', 'generator_61', 'generator_31', 'generator_63', 'generator_64', 'generator_65', 'generator_66']
number opened: 1
TRIAL 7
Action chosen: (blue, purple)
Outcome: False
partcle ids: ['generator_40', 'generator_41', 'generator_9', 'generator_42', 'generator_43', 'generator_44', 'generator_45', 'generator_46', 'generator_47', 'generator_48', 'generator_7', 'generator_50', 'generator_51', 'order_match', 'generator_52', 'generator_53', 'generator_54', 'generator_55', 'generator_56', 'generator_31', 'generator_57', 'generator_58', 'generator_59', 'generator_60', 'generator_61', 'generator_31', 'generator_63', 'generator_64', 'generator_65', 'generator_66']
number opened: 1
TRIAL 8
Action chosen: (yellow5, white)
Outcome: False
partcle ids: ['generator_40', 'generator_41', 'generator_9', 'generator_42', 'generator_43', 'generator_44', 'generator_45', 'generator_46', 'generator_47', 'generator_48', 'generator_7', 'generator_50', 'generator_51', 'order_match', 'generator_52', 'generator_53', 'generator_54', 'generator_55', 'generator_56', 'generator_31', 'generator_57', 'generator_58', 'generator_59', 'generator_60', 'generator_61', 'generator_31', 'generator_63', 'generator_64', 'generator_65', 'generator_66']
number opened: 1
TRIAL 9
Action chosen: (heart, purple)
Outcome: False
partcle ids: ['generator_40', 'generator_41', 'generator_9', 'generator_42', 'generator_43', 'generator_44', 'generator_45', 'generator_46', 'generator_47', 'generator_48', 'generator_7', 'generator_50', 'generator_51', 'order_match', 'generator_52', 'generator_53', 'generator_54', 'generator_55', 'generator_56', 'generator_31', 'generator_57', 'generator_58', 'generator_59', 'generator_60', 'generator_61', 'generator_31', 'generator_63', 'generator_64', 'generator_65', 'generator_66']
number opened: 1
TRIAL 10
Action chosen: (diamond, white)
Outcome: False
partcle ids: ['generator_67', 'generator_48', 'generator_69', 'generator_70', 'generator_56', 'generator_72', 'generator_48', 'generator_74', 'generator_75', 'generator_76', 'generator_77', 'generator_78', 'generator_60', 'generator_54', 'generator_58', 'generator_81', 'generator_82', 'generator_83', 'generator_84', 'generator_85', 'generator_86', 'generator_87', 'generator_88', 'generator_89', 'generator_90', 'generator_91', 'generator_48', 'generator_92', 'generator_44', 'generator_93']
number opened: 1
TRIAL 11
Action chosen: (yellow5, red)
Outcome: False
partcle ids: ['generator_67', 'generator_48', 'generator_69', 'generator_70', 'generator_56', 'generator_72', 'generator_48', 'generator_74', 'generator_75', 'generator_76', 'generator_77', 'generator_78', 'generator_60', 'generator_54', 'generator_58', 'generator_81', 'generator_82', 'generator_83', 'generator_84', 'generator_85', 'generator_86', 'generator_87', 'generator_88', 'generator_89', 'generator_90', 'generator_91', 'generator_48', 'generator_92', 'generator_44', 'generator_93']
number opened: 1
TRIAL 12
Action chosen: (cloud, purple)
Outcome: False
partcle ids: ['generator_67', 'generator_48', 'generator_69', 'generator_70', 'generator_56', 'generator_72', 'generator_48', 'generator_74', 'generator_75', 'generator_76', 'generator_77', 'generator_78', 'generator_60', 'generator_54', 'generator_58', 'generator_81', 'generator_82', 'generator_83', 'generator_84', 'generator_85', 'generator_86', 'generator_87', 'generator_88', 'generator_89', 'generator_90', 'generator_91', 'generator_48', 'generator_92', 'generator_44', 'generator_93']
number opened: 1
TRIAL 13
Action chosen: (green3, purple)
Outcome: True
partcle ids: ['generator_94', 'generator_95', 'generator_91', 'generator_97', 'generator_98', 'generator_99', 'generator_100', 'generator_75', 'generator_102', 'generator_103', 'generator_104', 'generator_86', 'generator_106', 'generator_86', 'generator_108', 'generator_109', 'generator_110', 'generator_111', 'generator_112', 'generator_113', 'generator_114', 'generator_115', 'generator_116', 'generator_117', 'generator_118', 'generator_119', 'generator_58', 'generator_121', 'generator_122', 'generator_123']
number opened: 2
TRIAL 14
Action chosen: (blue, blue)
Outcome: False
partcle ids: ['generator_94', 'generator_95', 'generator_91', 'generator_97', 'generator_98', 'generator_99', 'generator_100', 'generator_75', 'generator_102', 'generator_103', 'generator_104', 'generator_86', 'generator_106', 'generator_86', 'generator_108', 'generator_109', 'generator_110', 'generator_111', 'generator_112', 'generator_113', 'generator_114', 'generator_115', 'generator_116', 'generator_117', 'generator_118', 'generator_119', 'generator_58', 'generator_121', 'generator_122', 'generator_123']
number opened: 2
TRIAL 15
Action chosen: (yellow5, blue)
Outcome: True
partcle ids: ['number_match', 'generator_124', 'generator_125', 'generator_126', 'generator_127', 'generator_128', 'generator_111', 'generator_130', 'generator_131', 'generator_132', 'generator_133', 'generator_134', 'generator_108', 'generator_135', 'generator_128', 'generator_136', 'generator_137', 'generator_137', 'generator_138', 'generator_135', 'generator_139', 'generator_132', 'generator_140', 'generator_141', 'generator_111', 'generator_112', 'generator_143', 'generator_144', 'generator_128', 'generator_145']
number opened: 3
TRIAL 16
Action chosen: (pink, white)
Outcome: False
partcle ids: ['number_match', 'generator_124', 'generator_125', 'generator_126', 'generator_127', 'generator_128', 'generator_111', 'generator_130', 'generator_131', 'generator_132', 'generator_133', 'generator_134', 'generator_108', 'generator_135', 'generator_128', 'generator_136', 'generator_137', 'generator_137', 'generator_138', 'generator_135', 'generator_139', 'generator_132', 'generator_140', 'generator_141', 'generator_111', 'generator_112', 'generator_143', 'generator_144', 'generator_128', 'generator_145']
number opened: 3
TRIAL 17
Action chosen: (purple, white)
Outcome: False
partcle ids: ['number_match', 'generator_124', 'generator_125', 'generator_126', 'generator_127', 'generator_128', 'generator_111', 'generator_130', 'generator_131', 'generator_132', 'generator_133', 'generator_134', 'generator_108', 'generator_135', 'generator_128', 'generator_136', 'generator_137', 'generator_137', 'generator_138', 'generator_135', 'generator_139', 'generator_132', 'generator_140', 'generator_141', 'generator_111', 'generator_112', 'generator_143', 'generator_144', 'generator_128', 'generator_145']
number opened: 3
TRIAL 18
Action chosen: (cloud, white)
Outcome: False
partcle ids: ['generator_124', 'generator_127', 'generator_146', 'generator_147', 'generator_148', 'generator_125', 'generator_143', 'generator_132', 'generator_140', 'generator_149', 'number_match', 'generator_127', 'generator_151', 'generator_152', 'generator_142', 'generator_153', 'generator_154', 'generator_140', 'generator_132', 'generator_155', 'generator_156', 'generator_157', 'generator_158', 'generator_159', 'generator_160', 'generator_157', 'generator_124', 'generator_143', 'generator_125', 'generator_163']
number opened: 3
TRIAL 19
Action chosen: (triangle, white)
Outcome: False
partcle ids: ['generator_124', 'generator_127', 'generator_146', 'generator_147', 'generator_148', 'generator_125', 'generator_143', 'generator_132', 'generator_140', 'generator_149', 'number_match', 'generator_127', 'generator_151', 'generator_152', 'generator_142', 'generator_153', 'generator_154', 'generator_140', 'generator_132', 'generator_155', 'generator_156', 'generator_157', 'generator_158', 'generator_159', 'generator_160', 'generator_157', 'generator_124', 'generator_143', 'generator_125', 'generator_163']
number opened: 3
TRIAL 20
Action chosen: (white, white)
Outcome: False
partcle ids: ['generator_124', 'generator_127', 'generator_146', 'generator_147', 'generator_148', 'generator_125', 'generator_143', 'generator_132', 'generator_140', 'generator_149', 'number_match', 'generator_127', 'generator_151', 'generator_152', 'generator_142', 'generator_153', 'generator_154', 'generator_140', 'generator_132', 'generator_155', 'generator_156', 'generator_157', 'generator_158', 'generator_159', 'generator_160', 'generator_157', 'generator_124', 'generator_143', 'generator_125', 'generator_163']
number opened: 3
TRIAL 21
Action chosen: (orange4, white)
Outcome: True
partcle ids: ['generator_164', 'generator_152', 'number_match', 'generator_160', 'generator_164', 'generator_148', 'generator_130', 'generator_163', 'generator_163', 'number_match', 'generator_164', 'generator_152', 'generator_165', 'generator_163', 'generator_160', 'generator_130', 'generator_165', 'generator_130', 'generator_164', 'generator_164', 'generator_163', 'generator_160', 'generator_165', 'generator_165', 'generator_165', 'number_match', 'number_match', 'generator_163', 'generator_165', 'generator_148']
number opened: 4
TRIAL 22
Action chosen: (white, red)
Outcome: False
partcle ids: ['generator_164', 'generator_152', 'number_match', 'generator_160', 'generator_164', 'generator_148', 'generator_130', 'generator_163', 'generator_163', 'number_match', 'generator_164', 'generator_152', 'generator_165', 'generator_163', 'generator_160', 'generator_130', 'generator_165', 'generator_130', 'generator_164', 'generator_164', 'generator_163', 'generator_160', 'generator_165', 'generator_165', 'generator_165', 'number_match', 'number_match', 'generator_163', 'generator_165', 'generator_148']
number opened: 4
TRIAL 23
Action chosen: (purple, red)
Outcome: False
partcle ids: ['generator_164', 'generator_152', 'number_match', 'generator_160', 'generator_164', 'generator_148', 'generator_130', 'generator_163', 'generator_163', 'number_match', 'generator_164', 'generator_152', 'generator_165', 'generator_163', 'generator_160', 'generator_130', 'generator_165', 'generator_130', 'generator_164', 'generator_164', 'generator_163', 'generator_160', 'generator_165', 'generator_165', 'generator_165', 'number_match', 'number_match', 'generator_163', 'generator_165', 'generator_148']
number opened: 4
TRIAL 24
Action chosen: (pink, red)
Outcome: False
partcle ids: ['generator_164', 'generator_152', 'number_match', 'generator_160', 'generator_164', 'generator_148', 'generator_130', 'generator_163', 'generator_163', 'number_match', 'generator_164', 'generator_152', 'generator_165', 'generator_163', 'generator_160', 'generator_130', 'generator_165', 'generator_130', 'generator_164', 'generator_164', 'generator_163', 'generator_160', 'generator_165', 'generator_165', 'generator_165', 'number_match', 'number_match', 'generator_163', 'generator_165', 'generator_148']
number opened: 4
TRIAL 25
Action chosen: (red, red)
Outcome: True
partcle ids: ['number_match', 'number_match', 'number_match', 'number_match', 'number_match', 'number_match', 'number_match', 'number_match', 'number_match', 'number_match', 'number_match', 'number_match', 'number_match', 'number_match', 'number_match', 'number_match', 'number_match', 'number_match', 'number_match', 'number_match', 'number_match', 'number_match', 'number_match', 'number_match', 'number_match', 'number_match', 'number_match', 'number_match', 'number_match', 'number_match']
number opened: 5
{"attempts": 25, "unique_key_box_pairs": 25, "revisit_attempts": 0, "revisit_rate": 0.0, "attempts_before_abandoning_color_matching": 1, "color_matching_abandoned": true}
