{"Child_ID": "D029", "SoC_variant": "SoC-Gen", "theta": [19, 1], "p_gen": 0.7, "true_prior": 0.02, "run_number": 10, "seed": 592983725364761786}
TRIAL 1
Action chosen: (red, red)
Outcome: True
partcle ids: ['generator_22', 'generator_23', 'generator_24', 'generator_25', 'generator_26', 'generator_7', 'similar_color_14', 'generator_27', 'generator_28', 'generator_29', 'similar_color_12', 'generator_30', 'generator_31', 'generator_32', 'generator_7', 'generator_33', 'similar_color_14', 'generator_34', 'generator_35', 'generator_36', 'generator_37', 'generator_38', 'generator_39', 'number_match', 'generator_40', 'generator_41', 'generator_42', 'generator_43', 'similar_color_7', 'generator_44']
number opened: 1
TRIAL 2
Action chosen: (pink, pink)
Outcome: False
partcle ids: ['generator_22', 'generator_23', 'generator_24', 'generator_25', 'generator_26', 'generator_7', 'similar_color_14', 'generator_27', 'generator_28', 'generator_29', 'similar_color_12', 'generator_30', 'generator_31', 'generator_32', 'generator_7', 'generator_33', 'similar_color_14', 'generator_34', 'generator_35', 'generator_36', 'generator_37', 'generator_38', 'generator_39', 'number_match', 'generator_40', 'generator_41', 'generator_42', 'generator_43', 'similar_color_7', 'generator_44']
number opened: 1
TRIAL 3
Action chosen: (purple, blue)
Outcome: False
partcle ids: ['generator_22', 'generator_23', 'generator_24', 'generator_25', 'generator_26', 'generator_7', 'similar_color_14', 'generator_27', 'generator_28', 'generator_29', 'similar_color_12', 'generator_30', 'generator_31', 'generator_32', 'generator_7', 'generator_33', 'similar_color_14', 'generator_34', 'generator_35', 'generator_36', 'generator_37', 'generator_38', 'generator_39', 'number_match', 'generator_40', 'generator_41', 'generator_42', 'generator_43', 'similar_color_7', 'generator_44']
number opened: 1
TRIAL 4
Action chosen: (purple, white)
Outcome: False
partcle ids: ['generator_22', 'generator_23', 'generator_24', 'generator_25', 'generator_26', 'generator_7', 'similar_color_14', 'generator_27', 'generator_28', 'generator_29', 'similar_color_12', 'generator_30', 'generator_31', 'generator_32', 'generator_7', 'generator_33', 'similar_color_14', 'generator_34', 'generator_35', 'generator_36', 'generator_37', 'generator_38', 'generator_39', 'number_match', 'generator_40', 'generator_41', 'generator_42', 'generator_43', 'similar_color_7', 'generator_44']
number opened: 1
TRIAL 5
Action chosen: (orange4, white)
Outcome: True
partcle ids: ['generator_45', 'generator_46', 'generator_47', 'generator_48', 'generator_49', 'generator_34', 'generator_51', 'generator_52', 'generator_53', 'generator_54', 'generator_55', 'generator_56', 'generator_57', 'generator_58', 'generator_59', 'generator_60', 'generator_61', 'generator_62', 'generator_63', 'generator_64', 'generator_65', 'generator_66', 'generator_34', 'generator_34', 'generator_69', 'generator_70', 'generator_71', 'generator_72', 'generator_73', 'generator_27']
number opened: 2
TRIAL 6
Action chosen: (triangle, pink)
Outcome: False
partcle ids: ['generator_45', 'generator_46', 'generator_47', 'generator_48', 'generator_49', 'generator_34', 'generator_51', 'generator_52', 'generator_53', 'generator_54', 'generator_55', 'generator_56', 'generator_57', 'generator_58', 'generator_59', 'generator_60', 'generator_61', 'generator_62', 'generator_63', 'generator_64', 'generator_65', 'generator_66', 'generator_34', 'generator_34', 'generator_69', 'generator_70', 'generator_71', 'generator_72', 'generator_73', 'generator_27']
number opened: 2
TRIAL 7
Action chosen: (triangle, blue)
Outcome: False
partcle ids: ['generator_45', 'generator_46', 'generator_47', 'generator_48', 'generator_49', 'generator_34', 'generator_51', 'generator_52', 'generator_53', 'generator_54', 'generator_55', 'generator_56', 'generator_57', 'generator_58', 'generator_59', 'generator_60', 'generator_61', 'generator_62', 'generator_63', 'generator_64', 'generator_65', 'generator_66', 'generator_34', 'generator_34', 'generator_69', 'generator_70', 'generator_71', 'generator_72', 'generator_73', 'generator_27']
number opened: 2
TRIAL 8
Action chosen: (heart, blue)
Outcome: False
partcle ids: ['generator_45', 'generator_46', 'generator_47', 'generator_48', 'generator_49', 'generator_34', 'generator_51', 'generator_52', 'generator_53', 'generator_54', 'generator_55', 'generator_56', 'generator_57', 'generator_58', 'generator_59', 'generator_60', 'generator_61', 'generator_62', 'generator_63', 'generator_64', 'generator_65', 'generator_66', 'generator_34', 'generator_34', 'generator_69', 'generator_70', 'generator_71', 'generator_72', 'generator_73', 'generator_27']
number opened: 2
TRIAL 9
Action chosen: (white, pink)
Outcome: False
partcle ids: ['generator_53', 'generator_46', 'generator_66', 'generator_77', 'generator_59', 'generator_79', 'generator_80', 'generator_47', 'generator_82', 'generator_70', 'generator_84', 'generator_85', 'generator_58', 'generator_48', 'generator_47', 'generator_59', 'generator_90', 'generator_91', 'generator_92', 'generator_93', 'generator_70', 'generator_95', 'generator_96', 'generator_97', 'generator_98', 'generator_62', 'generator_48', 'generator_58', 'generator_101', 'generator_102']
number opened: 2
TRIAL 10
Action chosen: (grey2, blue)
Outcome: False
partcle ids: ['generator_53', 'generator_46', 'generator_66', 'generator_77', 'generator_59', 'generator_79', 'generator_80', 'generator_47', 'generator_82', 'generator_70', 'generator_84', 'generator_85', 'generator_58', 'generator_48', 'generator_47', 'generator_59', 'generator_90', 'generator_91', 'generator_92', 'generator_93', 'generator_70', 'generator_95', 'generator_96', 'generator_97', 'generator_98', 'generator_62', 'generator_48', 'generator_58', 'generator_101', 'generator_102']
number opened: 2
TRIAL 11
Action chosen: (white, blue)
Outcome: False
partcle ids: ['generator_53', 'generator_46', 'generator_66', 'generator_77', 'generator_59', 'generator_79', 'generator_80', 'generator_47', 'generator_82', 'generator_70', 'generator_84', 'generator_85', 'generator_58', 'generator_48', 'generator_47', 'generator_59', 'generator_90', 'generator_91', 'generator_92', 'generator_93', 'generator_70', 'generator_95', 'generator_96', 'generator_97', 'generator_98', 'generator_62', 'generator_48', 'generator_58', 'generator_101', 'generator_102']
number opened: 2
TRIAL 12
Action chosen: (cloud, blue)
Outcome: False
partcle ids: ['generator_53', 'generator_46', 'generator_66', 'generator_77', 'generator_59', 'generator_79', 'generator_80', 'generator_47', 'generator_82', 'generator_70', 'generator_84', 'generator_85', 'generator_58', 'generator_48', 'generator_47', 'generator_59', 'generator_90', 'generator_91', 'generator_92', 'generator_93', 'generator_70', 'generator_95', 'generator_96', 'generator_97', 'generator_98', 'generator_62', 'generator_48', 'generator_58', 'generator_101', 'generator_102']
number opened: 2
TRIAL 13
Action chosen: (blue, blue)
Outcome: False
partcle ids: ['generator_103', 'generator_57', 'generator_104', 'generator_48', 'generator_79', 'generator_107', 'generator_79', 'generator_90', 'generator_110', 'generator_80', 'generator_90', 'generator_48', 'generator_113', 'generator_46', 'generator_114', 'generator_115', 'generator_80', 'generator_80', 'generator_118', 'generator_59', 'generator_120', 'generator_121', 'generator_122', 'generator_79', 'generator_90', 'generator_59', 'generator_125', 'generator_126', 'generator_48', 'generator_90']
number opened: 2
TRIAL 14
Action chosen: (green3, blue)
Outcome: False
partcle ids: ['generator_103', 'generator_57', 'generator_104', 'generator_48', 'generator_79', 'generator_107', 'generator_79', 'generator_90', 'generator_110', 'generator_80', 'generator_90', 'generator_48', 'generator_113', 'generator_46', 'generator_114', 'generator_115', 'generator_80', 'generator_80', 'generator_118', 'generator_59', 'generator_120', 'generator_121', 'generator_122', 'generator_79', 'generator_90', 'generator_59', 'generator_125', 'generator_126', 'generator_48', 'generator_90']
number opened: 2
TRIAL 15
Action chosen: (diamond, blue)
Outcome: False
partcle ids: ['generator_90', 'generator_125', 'generator_90', 'generator_115', 'generator_89', 'generator_125', 'generator_103', 'generator_90', 'generator_90', 'number_match', 'generator_135', 'generator_90', 'generator_103', 'generator_90', 'generator_107', 'generator_140', 'generator_49', 'generator_107', 'generator_142', 'generator_113', 'generator_90', 'generator_125', 'generator_125', 'generator_115', 'generator_148', 'generator_90', 'generator_149', 'generator_90', 'generator_151', 'generator_107']
number opened: 2
TRIAL 16
Action chosen: (yellow5, pink)
Outcome: False
partcle ids: ['generator_90', 'generator_125', 'generator_90', 'generator_115', 'generator_89', 'generator_125', 'generator_103', 'generator_90', 'generator_90', 'number_match', 'generator_135', 'generator_90', 'generator_103', 'generator_90', 'generator_107', 'generator_140', 'generator_49', 'generator_107', 'generator_142', 'generator_113', 'generator_90', 'generator_125', 'generator_125', 'generator_115', 'generator_148', 'generator_90', 'generator_149', 'generator_90', 'generator_151', 'generator_107']
number opened: 2
TRIAL 17
Action chosen: (pink, blue)
Outcome: False
partcle ids: ['number_match', 'generator_115', 'generator_140', 'generator_115', 'generator_155', 'generator_156', 'generator_157', 'generator_140', 'generator_159', 'generator_148', 'generator_160', 'generator_115', 'generator_162', 'generator_115', 'number_match', 'generator_103', 'generator_165', 'generator_166', 'generator_167', 'generator_168', 'generator_169', 'generator_170', 'generator_149', 'generator_113', 'generator_173', 'generator_115', 'generator_175', 'generator_115', 'generator_177', 'generator_178']
number opened: 2
TRIAL 18
Action chosen: (yellow5, blue)
Outcome: True
partcle ids: ['generator_179', 'generator_180', 'generator_181', 'generator_115', 'generator_183', 'generator_184', 'generator_185', 'generator_186', 'generator_115', 'generator_188', 'generator_189', 'generator_115', 'generator_115', 'generator_192', 'generator_193', 'generator_115', 'generator_195', 'generator_115', 'generator_157', 'generator_198', 'generator_199', 'generator_200', 'generator_201', 'generator_115', 'generator_202', 'generator_203', 'generator_186', 'generator_115', 'generator_204', 'generator_115']
number opened: 3
TRIAL 19
Action chosen: (heart, pink)
Outcome: False
partcle ids: ['generator_179', 'generator_180', 'generator_181', 'generator_115', 'generator_183', 'generator_184', 'generator_185', 'generator_186', 'generator_115', 'generator_188', 'generator_189', 'generator_115', 'generator_115', 'generator_192', 'generator_193', 'generator_115', 'generator_195', 'generator_115', 'generator_157', 'generator_198', 'generator_199', 'generator_200', 'generator_201', 'generator_115', 'generator_202', 'generator_203', 'generator_186', 'generator_115', 'generator_204', 'generator_115']
number opened: 3
TRIAL 20
Action chosen: (diamond, pink)
Outcome: False
partcle ids: ['generator_179', 'generator_180', 'generator_181', 'generator_115', 'generator_183', 'generator_184', 'generator_185', 'generator_186', 'generator_115', 'generator_188', 'generator_189', 'generator_115', 'generator_115', 'generator_192', 'generator_193', 'generator_115', 'generator_195', 'generator_115', 'generator_157', 'generator_198', 'generator_199', 'generator_200', 'generator_201', 'generator_115', 'generator_202', 'generator_203', 'generator_186', 'generator_115', 'generator_204', 'generator_115']
number opened: 3
TRIAL 21
Action chosen: (green3, pink)
Outcome: False
partcle ids: ['generator_205', 'generator_206', 'generator_184', 'generator_207', 'generator_201', 'generator_200', 'generator_157', 'generator_202', 'generator_193', 'generator_189', 'generator_202', 'generator_210', 'generator_193', 'generator_201', 'generator_212', 'generator_213', 'generator_157', 'generator_200', 'generator_200', 'generator_193', 'generator_193', 'generator_140', 'generator_193', 'generator_192', 'generator_201', 'generator_217', 'generator_201', 'generator_189', 'generator_218', 'generator_200']
number opened: 3
TRIAL 22
Action chosen: (cloud, pink)
Outcome: False
partcle ids: ['generator_205', 'generator_206', 'generator_184', 'generator_207', 'generator_201', 'generator_200', 'generator_157', 'generator_202', 'generator_193', 'generator_189', 'generator_202', 'generator_210', 'generator_193', 'generator_201', 'generator_212', 'generator_213', 'generator_157', 'generator_200', 'generator_200', 'generator_193', 'generator_193', 'generator_140', 'generator_193', 'generator_192', 'generator_201', 'generator_217', 'generator_201', 'generator_189', 'generator_218', 'generator_200']
number opened: 3
TRIAL 23
Action chosen: (blue, pink)
Outcome: False
partcle ids: ['generator_205', 'generator_206', 'generator_184', 'generator_207', 'generator_201', 'generator_200', 'generator_157', 'generator_202', 'generator_193', 'generator_189', 'generator_202', 'generator_210', 'generator_193', 'generator_201', 'generator_212', 'generator_213', 'generator_157', 'generator_200', 'generator_200', 'generator_193', 'generator_193', 'generator_140', 'generator_193', 'generator_192', 'generator_201', 'generator_217', 'generator_201', 'generator_189', 'generator_218', 'generator_200']
number opened: 3
TRIAL 24
Action chosen: (cloud, purple)
Outcome: False
partcle ids: ['generator_211', 'generator_193', 'generator_207', 'generator_219', 'generator_210', 'generator_218', 'generator_210', 'generator_192', 'generator_220', 'generator_221', 'generator_212', 'generator_218', 'generator_197', 'generator_218', 'generator_218', 'generator_210', 'generator_218', 'generator_192', 'generator_210', 'generator_225', 'generator_218', 'generator_219', 'generator_157', 'generator_227', 'generator_218', 'generator_192', 'generator_221', 'generator_210', 'generator_218', 'generator_210']
number opened: 3
TRIAL 25
Action chosen: (grey2, pink)
Outcome: True
partcle ids: ['generator_230', 'number_match', 'generator_218', 'generator_218', 'generator_225', 'generator_225', 'generator_231', 'generator_221', 'generator_231', 'generator_225', 'number_match', 'generator_225', 'generator_231', 'number_match', 'generator_231', 'generator_221', 'generator_221', 'generator_225', 'generator_218', 'generator_218', 'generator_231', 'generator_205', 'generator_225', 'generator_230', 'generator_218', 'generator_205', 'generator_205', 'number_match', 'generator_205', 'generator_225']
number opened: 4
TRIAL 26
Action chosen: (pink, purple)
Outcome: False
partcle ids: ['generator_230', 'number_match', 'generator_218', 'generator_218', 'generator_225', 'generator_225', 'generator_231', 'generator_221', 'generator_231', 'generator_225', 'number_match', 'generator_225', 'generator_231', 'number_match', 'generator_231', 'generator_221', 'generator_221', 'generator_225', 'generator_218', 'generator_218', 'generator_231', 'generator_205', 'generator_225', 'generator_230', 'generator_218', 'generator_205', 'generator_205', 'number_match', 'generator_205', 'generator_225']
number opened: 4
TRIAL 27
Action chosen: (white, purple)
Outcome: False
partcle ids: ['generator_230', 'number_match', 'generator_218', 'generator_218', 'generator_225', 'generator_225', 'generator_231', 'generator_221', 'generator_231', 'generator_225', 'number_match', 'generator_225', 'generator_231', 'number_match', 'generator_231', 'generator_221', 'generator_221', 'generator_225', 'generator_218', 'generator_218', 'generator_231', 'generator_205', 'generator_225', 'generator_230', 'generator_218', 'generator_205', 'generator_205', 'number_match', 'generator_205', 'generator_225']
number opened: 4
TRIAL 28
Action chosen: (triangle, purple)
Outcome: False
partcle ids: ['generator_205', 'generator_221', 'generator_219', 'generator_221', 'generator_219', 'generator_221', 'generator_221', 'generator_205', 'number_match', 'generator_230', 'generator_230', 'generator_219', 'generator_219', 'generator_221', 'generator_205', 'generator_230', 'generator_219', 'number_match', 'generator_221', 'generator_221', 'generator_230', 'generator_205', 'generator_219', 'number_match', 'number_match', 'generator_230', 'generator_221', 'generator_219', 'generator_230', 'generator_221']
number opened: 4
TRIAL 29
Action chosen: (purple, purple)
Outcome: False
partcle ids: ['generator_205', 'generator_221', 'generator_219', 'generator_221', 'generator_219', 'generator_221', 'generator_221', 'generator_205', 'number_match', 'generator_230', 'generator_230', 'generator_219', 'generator_219', 'generator_221', 'generator_205', 'generator_230', 'generator_219', 'number_match', 'generator_221', 'generator_221', 'generator_230', 'generator_205', 'generator_219', 'number_match', 'number_match', 'generator_230', 'generator_221', 'generator_219', 'generator_230', 'generator_221']
number opened: 4
TRIAL 30
Action chosen: (blue, purple)
Outcome: False
partcle ids: ['generator_205', 'generator_221', 'generator_219', 'generator_221', 'generator_219', 'generator_221', 'generator_221', 'generator_205', 'number_match', 'generator_230', 'generator_230', 'generator_219', 'generator_219', 'generator_221', 'generator_205', 'generator_230', 'generator_219', 'number_match', 'generator_221', 'generator_221', 'generator_230', 'generator_205', 'generator_219', 'number_match', 'number_match', 'generator_230', 'generator_221', 'generator_219', 'generator_230', 'generator_221']
number opened: 4
TRIAL 31
Action chosen: (diamond, purple)
Outcome: False
partcle ids: ['number_match', 'generator_205', 'number_match', 'generator_205', 'number_match', 'number_match', 'generator_205', 'number_match', 'generator_205', 'number_match', 'generator_205', 'number_match', 'generator_205', 'generator_205', 'generator_205', 'number_match', 'generator_205', 'number_match', 'number_match', 'generator_205', 'number_match', 'generator_205', 'generator_205', 'number_match', 'number_match', 'number_match', 'generator_205', 'generator_205', 'generator_205', 'generator_205']
number opened: 4
TRIAL 32
Action chosen: (green3, purple)
Outcome: True
partcle ids: ['number_match', 'number_match', 'number_match', 'number_match', 'number_match', 'number_match', 'number_match', 'number_match', 'number_match', 'number_match', 'number_match', 'number_match', 'number_match', 'number_match', 'number_match', 'number_match', 'number_match', 'number_match', 'number_match', 'number_match', 'number_match', 'number_match', 'number_match', 'number_match', 'number_match', 'number_match', 'number_match', 'number_match', 'number_match', 'number_match']
number opened: 5
{"attempts": 32, "unique_key_box_pairs": 32, "revisit_attempts": 0, "revisit_rate": 0.0, "attempts_before_abandoning_color_matching": 2, "color_matching_abandoned": true}
