{"Child_ID": "D029", "SoC_variant": "SoC-Gen", "theta": [19, 1], "p_gen": 0.7, "true_prior": 0.02, "run_number": 9, "seed": 646851981970600971}
TRIAL 1
Action chosen: (purple, purple)
Outcome: False
partcle ids: ['generator_1', 'similar_color_4', 'generator_2', 'generator_3', 'generator_4', 'generator_5', 'generator_6', 'generator_7', 'generator_8', 'similar_color_10', 'generator_9', 'order_match', 'generator_10', 'similar_color_12', 'similar_color_9', 'generator_11', 'generator_12', 'generator_13', 'generator_14', 'generator_15', 'generator_16', 'generator_17', 'generator_18', 'similar_color_13', 'generator_19', 'generator_20', 'generator_21', 'similar_color_4', 'generator_22', 'similar_color_12']
number opened: 0
TRIAL 2
Action chosen: (purple, red)
Outcome: False
partcle ids: ['generator_1', 'similar_color_4', 'generator_2', 'generator_3', 'generator_4', 'generator_5', 'generator_6', 'generator_7', 'generator_8', 'similar_color_10', 'generator_9', 'order_match', 'generator_10', 'similar_color_12', 'similar_color_9', 'generator_11', 'generator_12', 'generator_13', 'generator_14', 'generator_15', 'generator_16', 'generator_17', 'generator_18', 'similar_color_13', 'generator_19', 'generator_20', 'generator_21', 'similar_color_4', 'generator_22', 'similar_color_12']
number opened: 0
TRIAL 3
Action chosen: (yellow5, white)
Outcome: False
partcle ids: ['generator_23', 'generator_24', 'generator_25', 'generator_15', 'generator_9', 'generator_26', 'generator_27', 'generator_8', 'generator_28', 'generator_29', 'generator_8', 'generator_30', 'generator_31', 'generator_32', 'generator_15', 'generator_33', 'generator_34', 'generator_8', 'generator_10', 'generator_15', 'generator_14', 'generator_35', 'generator_36', 'generator_37', 'generator_6', 'generator_38', 'generator_39', 'generator_14', 'generator_40', 'generator_8']
number opened: 0
TRIAL 4
Action chosen: (orange4, purple)
Outcome: False
partcle ids: ['generator_23', 'generator_24', 'generator_25', 'generator_15', 'generator_9', 'generator_26', 'generator_27', 'generator_8', 'generator_28', 'generator_29', 'generator_8', 'generator_30', 'generator_31', 'generator_32', 'generator_15', 'generator_33', 'generator_34', 'generator_8', 'generator_10', 'generator_15', 'generator_14', 'generator_35', 'generator_36', 'generator_37', 'generator_6', 'generator_38', 'generator_39', 'generator_14', 'generator_40', 'generator_8']
number opened: 0
TRIAL 5
Action chosen: (green3, white)
Outcome: False
partcle ids: ['generator_23', 'generator_24', 'generator_25', 'generator_15', 'generator_9', 'generator_26', 'generator_27', 'generator_8', 'generator_28', 'generator_29', 'generator_8', 'generator_30', 'generator_31', 'generator_32', 'generator_15', 'generator_33', 'generator_34', 'generator_8', 'generator_10', 'generator_15', 'generator_14', 'generator_35', 'generator_36', 'generator_37', 'generator_6', 'generator_38', 'generator_39', 'generator_14', 'generator_40', 'generator_8']
number opened: 0
TRIAL 6
Action chosen: (heart, white)
Outcome: False
partcle ids: ['generator_9', 'generator_42', 'generator_40', 'generator_29', 'generator_44', 'generator_36', 'generator_45', 'generator_46', 'generator_47', 'generator_38', 'generator_48', 'generator_49', 'generator_34', 'generator_29', 'generator_51', 'generator_36', 'generator_40', 'generator_32', 'generator_40', 'generator_38', 'generator_54', 'generator_55', 'generator_56', 'generator_38', 'generator_9', 'generator_59', 'generator_29', 'generator_61', 'generator_62', 'generator_8']
number opened: 0
TRIAL 7
Action chosen: (diamond, purple)
Outcome: False
partcle ids: ['generator_9', 'generator_42', 'generator_40', 'generator_29', 'generator_44', 'generator_36', 'generator_45', 'generator_46', 'generator_47', 'generator_38', 'generator_48', 'generator_49', 'generator_34', 'generator_29', 'generator_51', 'generator_36', 'generator_40', 'generator_32', 'generator_40', 'generator_38', 'generator_54', 'generator_55', 'generator_56', 'generator_38', 'generator_9', 'generator_59', 'generator_29', 'generator_61', 'generator_62', 'generator_8']
number opened: 0
TRIAL 8
Action chosen: (white, purple)
Outcome: False
partcle ids: ['generator_9', 'generator_42', 'generator_40', 'generator_29', 'generator_44', 'generator_36', 'generator_45', 'generator_46', 'generator_47', 'generator_38', 'generator_48', 'generator_49', 'generator_34', 'generator_29', 'generator_51', 'generator_36', 'generator_40', 'generator_32', 'generator_40', 'generator_38', 'generator_54', 'generator_55', 'generator_56', 'generator_38', 'generator_9', 'generator_59', 'generator_29', 'generator_61', 'generator_62', 'generator_8']
number opened: 0
TRIAL 9
Action chosen: (grey2, purple)
Outcome: False
partcle ids: ['generator_32', 'generator_59', 'generator_63', 'generator_9', 'generator_64', 'generator_48', 'generator_45', 'generator_59', 'generator_67', 'generator_47', 'generator_32', 'generator_59', 'generator_69', 'generator_70', 'generator_71', 'generator_72', 'generator_73', 'generator_74', 'generator_32', 'shape_match', 'generator_75', 'generator_55', 'generator_32', 'generator_49', 'generator_77', 'generator_47', 'generator_55', 'generator_54', 'generator_51', 'generator_80']
number opened: 0
TRIAL 10
Action chosen: (triangle, white)
Outcome: False
partcle ids: ['generator_32', 'generator_59', 'generator_63', 'generator_9', 'generator_64', 'generator_48', 'generator_45', 'generator_59', 'generator_67', 'generator_47', 'generator_32', 'generator_59', 'generator_69', 'generator_70', 'generator_71', 'generator_72', 'generator_73', 'generator_74', 'generator_32', 'shape_match', 'generator_75', 'generator_55', 'generator_32', 'generator_49', 'generator_77', 'generator_47', 'generator_55', 'generator_54', 'generator_51', 'generator_80']
number opened: 0
TRIAL 11
Action chosen: (pink, purple)
Outcome: False
partcle ids: ['generator_32', 'generator_59', 'generator_63', 'generator_9', 'generator_64', 'generator_48', 'generator_45', 'generator_59', 'generator_67', 'generator_47', 'generator_32', 'generator_59', 'generator_69', 'generator_70', 'generator_71', 'generator_72', 'generator_73', 'generator_74', 'generator_32', 'shape_match', 'generator_75', 'generator_55', 'generator_32', 'generator_49', 'generator_77', 'generator_47', 'generator_55', 'generator_54', 'generator_51', 'generator_80']
number opened: 0
TRIAL 12
Action chosen: (grey2, white)
Outcome: False
partcle ids: ['generator_73', 'generator_82', 'generator_83', 'generator_63', 'generator_67', 'generator_70', 'generator_80', 'generator_73', 'generator_87', 'generator_9', 'generator_9', 'generator_89', 'generator_55', 'generator_91', 'generator_92', 'generator_93', 'generator_73', 'generator_73', 'generator_69', 'generator_73', 'generator_96', 'generator_67', 'generator_69', 'generator_70', 'generator_80', 'shape_match', 'generator_100', 'generator_101', 'generator_70', 'generator_75']
number opened: 0
TRIAL 13
Action chosen: (cloud, purple)
Outcome: False
partcle ids: ['generator_73', 'generator_82', 'generator_83', 'generator_63', 'generator_67', 'generator_70', 'generator_80', 'generator_73', 'generator_87', 'generator_9', 'generator_9', 'generator_89', 'generator_55', 'generator_91', 'generator_92', 'generator_93', 'generator_73', 'generator_73', 'generator_69', 'generator_73', 'generator_96', 'generator_67', 'generator_69', 'generator_70', 'generator_80', 'shape_match', 'generator_100', 'generator_101', 'generator_70', 'generator_75']
number opened: 0
TRIAL 14
Action chosen: (heart, red)
Outcome: False
partcle ids: ['generator_73', 'generator_82', 'generator_83', 'generator_63', 'generator_67', 'generator_70', 'generator_80', 'generator_73', 'generator_87', 'generator_9', 'generator_9', 'generator_89', 'generator_55', 'generator_91', 'generator_92', 'generator_93', 'generator_73', 'generator_73', 'generator_69', 'generator_73', 'generator_96', 'generator_67', 'generator_69', 'generator_70', 'generator_80', 'shape_match', 'generator_100', 'generator_101', 'generator_70', 'generator_75']
number opened: 0
TRIAL 15
Action chosen: (yellow5, pink)
Outcome: False
partcle ids: ['generator_73', 'generator_82', 'generator_83', 'generator_63', 'generator_67', 'generator_70', 'generator_80', 'generator_73', 'generator_87', 'generator_9', 'generator_9', 'generator_89', 'generator_55', 'generator_91', 'generator_92', 'generator_93', 'generator_73', 'generator_73', 'generator_69', 'generator_73', 'generator_96', 'generator_67', 'generator_69', 'generator_70', 'generator_80', 'shape_match', 'generator_100', 'generator_101', 'generator_70', 'generator_75']
number opened: 0
TRIAL 16
Action chosen: (white, red)
Outcome: False
partcle ids: ['generator_103', 'generator_87', 'shape_match', 'generator_91', 'generator_55', 'generator_87', 'generator_73', 'generator_55', 'generator_108', 'generator_89', 'generator_96', 'generator_80', 'generator_96', 'generator_111', 'generator_112', 'generator_113', 'generator_55', 'generator_114', 'generator_115', 'generator_116', 'generator_80', 'generator_117', 'generator_118', 'generator_119', 'generator_87', 'generator_80', 'generator_87', 'generator_91', 'generator_122', 'generator_123']
number opened: 0
TRIAL 17
Action chosen: (green3, purple)
Outcome: True
partcle ids: ['generator_116', 'generator_125', 'generator_126', 'generator_127', 'number_match', 'generator_87', 'generator_129', 'generator_119', 'generator_87', 'generator_103', 'generator_116', 'generator_134', 'generator_116', 'generator_87', 'generator_137', 'generator_138', 'generator_87', 'generator_103', 'generator_141', 'generator_87', 'generator_143', 'generator_144', 'generator_145', 'generator_146', 'generator_147', 'generator_148', 'generator_87', 'generator_150', 'number_match', 'generator_151']
number opened: 1
TRIAL 18
Action chosen: (heart, pink)
Outcome: False
partcle ids: ['generator_116', 'generator_125', 'generator_126', 'generator_127', 'number_match', 'generator_87', 'generator_129', 'generator_119', 'generator_87', 'generator_103', 'generator_116', 'generator_134', 'generator_116', 'generator_87', 'generator_137', 'generator_138', 'generator_87', 'generator_103', 'generator_141', 'generator_87', 'generator_143', 'generator_144', 'generator_145', 'generator_146', 'generator_147', 'generator_148', 'generator_87', 'generator_150', 'number_match', 'generator_151']
number opened: 1
TRIAL 19
Action chosen: (triangle, pink)
Outcome: False
partcle ids: ['generator_116', 'generator_125', 'generator_126', 'generator_127', 'number_match', 'generator_87', 'generator_129', 'generator_119', 'generator_87', 'generator_103', 'generator_116', 'generator_134', 'generator_116', 'generator_87', 'generator_137', 'generator_138', 'generator_87', 'generator_103', 'generator_141', 'generator_87', 'generator_143', 'generator_144', 'generator_145', 'generator_146', 'generator_147', 'generator_148', 'generator_87', 'generator_150', 'number_match', 'generator_151']
number opened: 1
TRIAL 20
Action chosen: (purple, blue)
Outcome: False
partcle ids: ['generator_152', 'generator_153', 'generator_119', 'generator_155', 'generator_156', 'generator_157', 'generator_158', 'generator_159', 'generator_160', 'generator_161', 'generator_162', 'generator_148', 'generator_151', 'generator_165', 'generator_146', 'generator_87', 'generator_168', 'generator_146', 'generator_146', 'generator_171', 'generator_103', 'generator_173', 'generator_174', 'generator_175', 'generator_141', 'generator_177', 'generator_178', 'generator_179', 'generator_144', 'number_match']
number opened: 1
TRIAL 21
Action chosen: (orange4, pink)
Outcome: False
partcle ids: ['generator_152', 'generator_153', 'generator_119', 'generator_155', 'generator_156', 'generator_157', 'generator_158', 'generator_159', 'generator_160', 'generator_161', 'generator_162', 'generator_148', 'generator_151', 'generator_165', 'generator_146', 'generator_87', 'generator_168', 'generator_146', 'generator_146', 'generator_171', 'generator_103', 'generator_173', 'generator_174', 'generator_175', 'generator_141', 'generator_177', 'generator_178', 'generator_179', 'generator_144', 'number_match']
number opened: 1
TRIAL 22
Action chosen: (grey2, pink)
Outcome: True
partcle ids: ['number_match', 'generator_182', 'generator_183', 'generator_184', 'generator_161', 'generator_186', 'generator_165', 'generator_174', 'generator_144', 'generator_189', 'generator_165', 'generator_190', 'generator_165', 'generator_192', 'generator_193', 'generator_194', 'generator_195', 'generator_196', 'number_match', 'generator_144', 'generator_174', 'generator_200', 'generator_144', 'generator_161', 'generator_203', 'generator_204', 'generator_205', 'generator_161', 'generator_144', 'generator_208']
number opened: 2
TRIAL 23
Action chosen: (triangle, red)
Outcome: False
partcle ids: ['number_match', 'generator_182', 'generator_183', 'generator_184', 'generator_161', 'generator_186', 'generator_165', 'generator_174', 'generator_144', 'generator_189', 'generator_165', 'generator_190', 'generator_165', 'generator_192', 'generator_193', 'generator_194', 'generator_195', 'generator_196', 'number_match', 'generator_144', 'generator_174', 'generator_200', 'generator_144', 'generator_161', 'generator_203', 'generator_204', 'generator_205', 'generator_161', 'generator_144', 'generator_208']
number opened: 2
TRIAL 24
Action chosen: (red, white)
Outcome: False
partcle ids: ['number_match', 'generator_182', 'generator_183', 'generator_184', 'generator_161', 'generator_186', 'generator_165', 'generator_174', 'generator_144', 'generator_189', 'generator_165', 'generator_190', 'generator_165', 'generator_192', 'generator_193', 'generator_194', 'generator_195', 'generator_196', 'number_match', 'generator_144', 'generator_174', 'generator_200', 'generator_144', 'generator_161', 'generator_203', 'generator_204', 'generator_205', 'generator_161', 'generator_144', 'generator_208']
number opened: 2
TRIAL 25
Action chosen: (red, red)
Outcome: True
partcle ids: ['generator_209', 'generator_210', 'generator_211', 'generator_212', 'generator_184', 'generator_195', 'generator_214', 'generator_215', 'generator_216', 'generator_217', 'generator_218', 'generator_184', 'generator_219', 'generator_220', 'generator_184', 'generator_222', 'generator_223', 'generator_224', 'generator_225', 'generator_184', 'generator_227', 'generator_228', 'generator_229', 'generator_225', 'generator_195', 'generator_231', 'generator_223', 'generator_184', 'generator_195', 'generator_229']
number opened: 3
TRIAL 26
Action chosen: (orange4, blue)
Outcome: False
partcle ids: ['generator_209', 'generator_210', 'generator_211', 'generator_212', 'generator_184', 'generator_195', 'generator_214', 'generator_215', 'generator_216', 'generator_217', 'generator_218', 'generator_184', 'generator_219', 'generator_220', 'generator_184', 'generator_222', 'generator_223', 'generator_224', 'generator_225', 'generator_184', 'generator_227', 'generator_228', 'generator_229', 'generator_225', 'generator_195', 'generator_231', 'generator_223', 'generator_184', 'generator_195', 'generator_229']
number opened: 3
TRIAL 27
Action chosen: (diamond, white)
Outcome: False
partcle ids: ['generator_209', 'generator_210', 'generator_211', 'generator_212', 'generator_184', 'generator_195', 'generator_214', 'generator_215', 'generator_216', 'generator_217', 'generator_218', 'generator_184', 'generator_219', 'generator_220', 'generator_184', 'generator_222', 'generator_223', 'generator_224', 'generator_225', 'generator_184', 'generator_227', 'generator_228', 'generator_229', 'generator_225', 'generator_195', 'generator_231', 'generator_223', 'generator_184', 'generator_195', 'generator_229']
number opened: 3
TRIAL 28
Action chosen: (pink, white)
Outcome: False
partcle ids: ['generator_232', 'generator_229', 'number_match', 'generator_209', 'generator_229', 'generator_235', 'generator_229', 'generator_236', 'generator_237', 'generator_210', 'generator_238', 'generator_239', 'generator_240', 'generator_241', 'generator_242', 'generator_216', 'generator_243', 'generator_244', 'generator_225', 'generator_240', 'generator_222', 'generator_225', 'generator_246', 'generator_247', 'generator_248', 'generator_249', 'generator_218', 'generator_222', 'generator_251', 'generator_209']
number opened: 3
TRIAL 29
Action chosen: (cloud, white)
Outcome: False
partcle ids: ['generator_232', 'generator_229', 'number_match', 'generator_209', 'generator_229', 'generator_235', 'generator_229', 'generator_236', 'generator_237', 'generator_210', 'generator_238', 'generator_239', 'generator_240', 'generator_241', 'generator_242', 'generator_216', 'generator_243', 'generator_244', 'generator_225', 'generator_240', 'generator_222', 'generator_225', 'generator_246', 'generator_247', 'generator_248', 'generator_249', 'generator_218', 'generator_222', 'generator_251', 'generator_209']
number opened: 3
TRIAL 30
Action chosen: (triangle, blue)
Outcome: False
partcle ids: ['generator_232', 'generator_229', 'number_match', 'generator_209', 'generator_229', 'generator_235', 'generator_229', 'generator_236', 'generator_237', 'generator_210', 'generator_238', 'generator_239', 'generator_240', 'generator_241', 'generator_242', 'generator_216', 'generator_243', 'generator_244', 'generator_225', 'generator_240', 'generator_222', 'generator_225', 'generator_246', 'generator_247', 'generator_248', 'generator_249', 'generator_218', 'generator_222', 'generator_251', 'generator_209']
number opened: 3
TRIAL 31
Action chosen: (blue, white)
Outcome: False
partcle ids: ['generator_232', 'generator_229', 'number_match', 'generator_209', 'generator_229', 'generator_235', 'generator_229', 'generator_236', 'generator_237', 'generator_210', 'generator_238', 'generator_239', 'generator_240', 'generator_241', 'generator_242', 'generator_216', 'generator_243', 'generator_244', 'generator_225', 'generator_240', 'generator_222', 'generator_225', 'generator_246', 'generator_247', 'generator_248', 'generator_249', 'generator_218', 'generator_222', 'generator_251', 'generator_209']
number opened: 3
TRIAL 32
Action chosen: (orange4, white)
Outcome: True
partcle ids: ['generator_252', 'generator_252', 'generator_253', 'generator_254', 'generator_216', 'generator_254', 'generator_228', 'number_match', 'generator_251', 'generator_251', 'generator_255', 'generator_253', 'generator_251', 'generator_216', 'generator_255', 'generator_251', 'generator_251', 'generator_251', 'generator_251', 'generator_252', 'generator_216', 'generator_255', 'generator_254', 'generator_251', 'generator_253', 'generator_251', 'number_match', 'generator_251', 'generator_216', 'generator_253']
number opened: 4
TRIAL 33
Action chosen: (heart, blue)
Outcome: False
partcle ids: ['generator_252', 'generator_252', 'generator_253', 'generator_254', 'generator_216', 'generator_254', 'generator_228', 'number_match', 'generator_251', 'generator_251', 'generator_255', 'generator_253', 'generator_251', 'generator_216', 'generator_255', 'generator_251', 'generator_251', 'generator_251', 'generator_251', 'generator_252', 'generator_216', 'generator_255', 'generator_254', 'generator_251', 'generator_253', 'generator_251', 'number_match', 'generator_251', 'generator_216', 'generator_253']
number opened: 4
TRIAL 34
Action chosen: (blue, blue)
Outcome: False
partcle ids: ['generator_252', 'generator_252', 'generator_253', 'generator_254', 'generator_216', 'generator_254', 'generator_228', 'number_match', 'generator_251', 'generator_251', 'generator_255', 'generator_253', 'generator_251', 'generator_216', 'generator_255', 'generator_251', 'generator_251', 'generator_251', 'generator_251', 'generator_252', 'generator_216', 'generator_255', 'generator_254', 'generator_251', 'generator_253', 'generator_251', 'number_match', 'generator_251', 'generator_216', 'generator_253']
number opened: 4
TRIAL 35
Action chosen: (pink, blue)
Outcome: False
partcle ids: ['number_match', 'generator_216', 'generator_252', 'generator_252', 'generator_252', 'generator_254', 'generator_254', 'generator_252', 'generator_254', 'number_match', 'generator_255', 'number_match', 'number_match', 'number_match', 'generator_255', 'generator_228', 'number_match', 'generator_252', 'generator_252', 'generator_254', 'generator_255', 'generator_254', 'generator_254', 'generator_252', 'generator_254', 'generator_252', 'number_match', 'generator_255', 'generator_254', 'generator_254']
number opened: 4
TRIAL 36
Action chosen: (diamond, blue)
Outcome: False
partcle ids: ['number_match', 'generator_216', 'generator_252', 'generator_252', 'generator_252', 'generator_254', 'generator_254', 'generator_252', 'generator_254', 'number_match', 'generator_255', 'number_match', 'number_match', 'number_match', 'generator_255', 'generator_228', 'number_match', 'generator_252', 'generator_252', 'generator_254', 'generator_255', 'generator_254', 'generator_254', 'generator_252', 'generator_254', 'generator_252', 'number_match', 'generator_255', 'generator_254', 'generator_254']
number opened: 4
TRIAL 37
Action chosen: (white, blue)
Outcome: False
partcle ids: ['generator_255', 'number_match', 'number_match', 'generator_255', 'generator_216', 'generator_252', 'number_match', 'generator_255', 'generator_255', 'generator_255', 'generator_255', 'generator_255', 'generator_255', 'number_match', 'number_match', 'number_match', 'generator_251', 'number_match', 'generator_255', 'number_match', 'generator_252', 'number_match', 'generator_253', 'number_match', 'generator_243', 'generator_255', 'number_match', 'number_match', 'generator_228', 'generator_252']
number opened: 4
TRIAL 38
Action chosen: (yellow5, blue)
Outcome: True
partcle ids: ['number_match', 'number_match', 'number_match', 'number_match', 'number_match', 'number_match', 'number_match', 'number_match', 'number_match', 'number_match', 'number_match', 'number_match', 'number_match', 'number_match', 'number_match', 'number_match', 'number_match', 'number_match', 'number_match', 'number_match', 'number_match', 'number_match', 'number_match', 'number_match', 'number_match', 'number_match', 'number_match', 'number_match', 'number_match', 'number_match']
number opened: 5
{"attempts": 38, "unique_key_box_pairs": 38, "revisit_attempts": 0, "revisit_rate": 0.0, "attempts_before_abandoning_color_matching": 1, "color_matching_abandoned": true}
