{"Child_ID": "D044", "SoC_variant": "SoC-Full", "theta": [9, 1], "p_gen": 0.8, "true_prior": 0.02, "run_number": 96, "seed": 5926738545137399978}
TRIAL 1
Action chosen: (red, red)
Outcome: True
partcle ids: ['generator_24', 'generator_25', 'generator_26', 'similar_color_9', 'generator_27', 'similar_color_10', 'generator_28', 'generator_29', 'generator_30', 'generator_31', 'generator_32', 'generator_33', 'generator_34', 'generator_35', 'generator_36', 'generator_37', 'generator_38', 'generator_39', 'generator_40', 'generator_41', 'generator_42', 'generator_43', 'generator_44', 'generator_45', 'generator_46', 'generator_47', 'generator_48', 'generator_49', 'generator_50', 'generator_51']
number opened: 1
TRIAL 2
Action chosen: (blue, purple)
Outcome: False
partcle ids: ['generator_24', 'generator_25', 'generator_26', 'similar_color_9', 'generator_27', 'similar_color_10', 'generator_28', 'generator_29', 'generator_30', 'generator_31', 'generator_32', 'generator_33', 'generator_34', 'generator_35', 'generator_36', 'generator_37', 'generator_38', 'generator_39', 'generator_40', 'generator_41', 'generator_42', 'generator_43', 'generator_44', 'generator_45', 'generator_46', 'generator_47', 'generator_48', 'generator_49', 'generator_50', 'generator_51']
number opened: 1
TRIAL 3
Action chosen: (purple, white)
Outcome: False
partcle ids: ['generator_24', 'generator_25', 'generator_26', 'similar_color_9', 'generator_27', 'similar_color_10', 'generator_28', 'generator_29', 'generator_30', 'generator_31', 'generator_32', 'generator_33', 'generator_34', 'generator_35', 'generator_36', 'generator_37', 'generator_38', 'generator_39', 'generator_40', 'generator_41', 'generator_42', 'generator_43', 'generator_44', 'generator_45', 'generator_46', 'generator_47', 'generator_48', 'generator_49', 'generator_50', 'generator_51']
number opened: 1
TRIAL 4
Action chosen: (yellow5, white)
Outcome: False
partcle ids: ['generator_24', 'generator_25', 'generator_26', 'similar_color_9', 'generator_27', 'similar_color_10', 'generator_28', 'generator_29', 'generator_30', 'generator_31', 'generator_32', 'generator_33', 'generator_34', 'generator_35', 'generator_36', 'generator_37', 'generator_38', 'generator_39', 'generator_40', 'generator_41', 'generator_42', 'generator_43', 'generator_44', 'generator_45', 'generator_46', 'generator_47', 'generator_48', 'generator_49', 'generator_50', 'generator_51']
number opened: 1
TRIAL 5
Action chosen: (diamond, white)
Outcome: False
partcle ids: ['generator_24', 'generator_25', 'generator_26', 'similar_color_9', 'generator_27', 'similar_color_10', 'generator_28', 'generator_29', 'generator_30', 'generator_31', 'generator_32', 'generator_33', 'generator_34', 'generator_35', 'generator_36', 'generator_37', 'generator_38', 'generator_39', 'generator_40', 'generator_41', 'generator_42', 'generator_43', 'generator_44', 'generator_45', 'generator_46', 'generator_47', 'generator_48', 'generator_49', 'generator_50', 'generator_51']
number opened: 1
TRIAL 6
Action chosen: (purple, purple)
Outcome: False
partcle ids: ['generator_33', 'generator_52', 'generator_28', 'generator_43', 'generator_29', 'generator_33', 'generator_57', 'generator_49', 'generator_24', 'generator_45', 'generator_38', 'generator_46', 'generator_33', 'generator_62', 'generator_28', 'generator_49', 'generator_63', 'generator_64', 'generator_65', 'generator_26', 'generator_24', 'generator_66', 'generator_67', 'generator_68', 'generator_43', 'generator_38', 'generator_71', 'generator_72', 'generator_45', 'generator_74']
number opened: 1
TRIAL 7
Action chosen: (triangle, purple)
Outcome: False
partcle ids: ['generator_33', 'generator_52', 'generator_28', 'generator_43', 'generator_29', 'generator_33', 'generator_57', 'generator_49', 'generator_24', 'generator_45', 'generator_38', 'generator_46', 'generator_33', 'generator_62', 'generator_28', 'generator_49', 'generator_63', 'generator_64', 'generator_65', 'generator_26', 'generator_24', 'generator_66', 'generator_67', 'generator_68', 'generator_43', 'generator_38', 'generator_71', 'generator_72', 'generator_45', 'generator_74']
number opened: 1
TRIAL 8
Action chosen: (diamond, purple)
Outcome: False
partcle ids: ['generator_33', 'generator_52', 'generator_28', 'generator_43', 'generator_29', 'generator_33', 'generator_57', 'generator_49', 'generator_24', 'generator_45', 'generator_38', 'generator_46', 'generator_33', 'generator_62', 'generator_28', 'generator_49', 'generator_63', 'generator_64', 'generator_65', 'generator_26', 'generator_24', 'generator_66', 'generator_67', 'generator_68', 'generator_43', 'generator_38', 'generator_71', 'generator_72', 'generator_45', 'generator_74']
number opened: 1
TRIAL 9
Action chosen: (yellow5, pink)
Outcome: False
partcle ids: ['generator_33', 'generator_52', 'generator_28', 'generator_43', 'generator_29', 'generator_33', 'generator_57', 'generator_49', 'generator_24', 'generator_45', 'generator_38', 'generator_46', 'generator_33', 'generator_62', 'generator_28', 'generator_49', 'generator_63', 'generator_64', 'generator_65', 'generator_26', 'generator_24', 'generator_66', 'generator_67', 'generator_68', 'generator_43', 'generator_38', 'generator_71', 'generator_72', 'generator_45', 'generator_74']
number opened: 1
TRIAL 10
Action chosen: (orange4, purple)
Outcome: False
partcle ids: ['generator_68', 'generator_76', 'generator_68', 'generator_77', 'generator_24', 'generator_79', 'generator_80', 'generator_81', 'generator_24', 'generator_24', 'generator_68', 'generator_65', 'generator_65', 'generator_86', 'generator_87', 'generator_88', 'generator_24', 'generator_89', 'generator_63', 'generator_63', 'generator_92', 'generator_93', 'generator_94', 'generator_24', 'generator_66', 'generator_95', 'generator_24', 'generator_24', 'generator_65', 'generator_99']
number opened: 1
TRIAL 11
Action chosen: (green3, white)
Outcome: False
partcle ids: ['generator_68', 'generator_76', 'generator_68', 'generator_77', 'generator_24', 'generator_79', 'generator_80', 'generator_81', 'generator_24', 'generator_24', 'generator_68', 'generator_65', 'generator_65', 'generator_86', 'generator_87', 'generator_88', 'generator_24', 'generator_89', 'generator_63', 'generator_63', 'generator_92', 'generator_93', 'generator_94', 'generator_24', 'generator_66', 'generator_95', 'generator_24', 'generator_24', 'generator_65', 'generator_99']
number opened: 1
TRIAL 12
Action chosen: (yellow5, purple)
Outcome: False
partcle ids: ['generator_68', 'generator_76', 'generator_68', 'generator_77', 'generator_24', 'generator_79', 'generator_80', 'generator_81', 'generator_24', 'generator_24', 'generator_68', 'generator_65', 'generator_65', 'generator_86', 'generator_87', 'generator_88', 'generator_24', 'generator_89', 'generator_63', 'generator_63', 'generator_92', 'generator_93', 'generator_94', 'generator_24', 'generator_66', 'generator_95', 'generator_24', 'generator_24', 'generator_65', 'generator_99']
number opened: 1
TRIAL 13
Action chosen: (white, white)
Outcome: False
partcle ids: ['generator_76', 'generator_101', 'generator_102', 'generator_103', 'generator_104', 'generator_105', 'generator_106', 'generator_107', 'generator_65', 'generator_108', 'generator_24', 'generator_86', 'generator_110', 'generator_87', 'generator_112', 'generator_113', 'generator_114', 'generator_115', 'generator_86', 'generator_76', 'generator_76', 'generator_119', 'generator_120', 'generator_76', 'generator_122', 'generator_123', 'generator_86', 'generator_92', 'generator_76', 'generator_127']
number opened: 1
TRIAL 14
Action chosen: (grey2, purple)
Outcome: False
partcle ids: ['generator_76', 'generator_101', 'generator_102', 'generator_103', 'generator_104', 'generator_105', 'generator_106', 'generator_107', 'generator_65', 'generator_108', 'generator_24', 'generator_86', 'generator_110', 'generator_87', 'generator_112', 'generator_113', 'generator_114', 'generator_115', 'generator_86', 'generator_76', 'generator_76', 'generator_119', 'generator_120', 'generator_76', 'generator_122', 'generator_123', 'generator_86', 'generator_92', 'generator_76', 'generator_127']
number opened: 1
TRIAL 15
Action chosen: (blue, pink)
Outcome: False
partcle ids: ['generator_76', 'generator_101', 'generator_102', 'generator_103', 'generator_104', 'generator_105', 'generator_106', 'generator_107', 'generator_65', 'generator_108', 'generator_24', 'generator_86', 'generator_110', 'generator_87', 'generator_112', 'generator_113', 'generator_114', 'generator_115', 'generator_86', 'generator_76', 'generator_76', 'generator_119', 'generator_120', 'generator_76', 'generator_122', 'generator_123', 'generator_86', 'generator_92', 'generator_76', 'generator_127']
number opened: 1
TRIAL 16
Action chosen: (green3, purple)
Outcome: True
partcle ids: ['generator_128', 'generator_129', 'generator_122', 'generator_108', 'generator_132', 'generator_122', 'generator_108', 'generator_135', 'number_match', 'generator_136', 'generator_108', 'generator_138', 'generator_108', 'generator_108', 'generator_141', 'generator_122', 'generator_143', 'generator_144', 'generator_145', 'generator_146', 'generator_147', 'generator_148', 'generator_122', 'generator_127', 'generator_151', 'generator_122', 'generator_153', 'generator_154', 'generator_155', 'generator_127']
number opened: 2
TRIAL 17
Action chosen: (pink, blue)
Outcome: False
partcle ids: ['generator_128', 'generator_129', 'generator_122', 'generator_108', 'generator_132', 'generator_122', 'generator_108', 'generator_135', 'number_match', 'generator_136', 'generator_108', 'generator_138', 'generator_108', 'generator_108', 'generator_141', 'generator_122', 'generator_143', 'generator_144', 'generator_145', 'generator_146', 'generator_147', 'generator_148', 'generator_122', 'generator_127', 'generator_151', 'generator_122', 'generator_153', 'generator_154', 'generator_155', 'generator_127']
number opened: 2
TRIAL 18
Action chosen: (heart, pink)
Outcome: False
partcle ids: ['generator_128', 'generator_129', 'generator_122', 'generator_108', 'generator_132', 'generator_122', 'generator_108', 'generator_135', 'number_match', 'generator_136', 'generator_108', 'generator_138', 'generator_108', 'generator_108', 'generator_141', 'generator_122', 'generator_143', 'generator_144', 'generator_145', 'generator_146', 'generator_147', 'generator_148', 'generator_122', 'generator_127', 'generator_151', 'generator_122', 'generator_153', 'generator_154', 'generator_155', 'generator_127']
number opened: 2
TRIAL 19
Action chosen: (grey2, pink)
Outcome: True
partcle ids: ['generator_157', 'generator_158', 'generator_159', 'generator_160', 'number_match', 'generator_161', 'number_match', 'generator_160', 'generator_163', 'generator_164', 'generator_165', 'generator_144', 'generator_167', 'generator_168', 'generator_169', 'generator_170', 'generator_171', 'generator_172', 'generator_173', 'generator_174', 'generator_144', 'generator_176', 'generator_144', 'generator_178', 'number_match', 'generator_144', 'generator_181', 'number_match', 'generator_182', 'generator_183']
number opened: 3
TRIAL 20
Action chosen: (heart, white)
Outcome: False
partcle ids: ['generator_157', 'generator_158', 'generator_159', 'generator_160', 'number_match', 'generator_161', 'number_match', 'generator_160', 'generator_163', 'generator_164', 'generator_165', 'generator_144', 'generator_167', 'generator_168', 'generator_169', 'generator_170', 'generator_171', 'generator_172', 'generator_173', 'generator_174', 'generator_144', 'generator_176', 'generator_144', 'generator_178', 'number_match', 'generator_144', 'generator_181', 'number_match', 'generator_182', 'generator_183']
number opened: 3
TRIAL 21
Action chosen: (orange4, white)
Outcome: True
partcle ids: ['generator_174', 'generator_184', 'generator_185', 'number_match', 'number_match', 'generator_174', 'generator_187', 'number_match', 'generator_165', 'generator_188', 'generator_174', 'generator_184', 'generator_171', 'number_match', 'generator_171', 'number_match', 'generator_171', 'generator_165', 'generator_184', 'generator_174', 'generator_174', 'generator_184', 'generator_185', 'generator_171', 'generator_187', 'number_match', 'number_match', 'generator_171', 'generator_171', 'generator_188']
number opened: 4
TRIAL 22
Action chosen: (yellow5, blue)
Outcome: True
partcle ids: ['number_match', 'number_match', 'number_match', 'number_match', 'number_match', 'number_match', 'number_match', 'number_match', 'number_match', 'number_match', 'number_match', 'number_match', 'number_match', 'number_match', 'number_match', 'number_match', 'number_match', 'number_match', 'number_match', 'number_match', 'number_match', 'number_match', 'number_match', 'number_match', 'number_match', 'number_match', 'number_match', 'number_match', 'number_match', 'number_match']
number opened: 5
{"attempts": 22, "unique_key_box_pairs": 22, "revisit_attempts": 0, "revisit_rate": 0.0, "attempts_before_abandoning_color_matching": 1, "color_matching_abandoned": true}
