{"Child_ID": "D084", "SoC_variant": "SoC-Full", "theta": [1, 3], "p_gen": 0.7, "true_prior": 0.02, "run_number": 88, "seed": 618658881456243438}
TRIAL 1
Action chosen: (pink, pink)
Outcome: False
partcle ids: ['generator_1', 'similar_color_2', 'generator_2', 'generator_3', 'order_match', 'generator_4', 'similar_color_6', 'generator_5', 'shape_match', 'generator_6', 'generator_7', 'generator_8', 'similar_color_3', 'similar_color_7', 'similar_color_14', 'generator_9', 'similar_color_13', 'generator_10', 'similar_color_3', 'generator_11', 'number_match', 'similar_color_1', 'similar_color_6', 'generator_12', 'generator_13', 'similar_color_1', 'generator_14', 'generator_15', 'similar_color_9', 'generator_16']
number opened: 0
TRIAL 2
Action chosen: (red, red)
Outcome: True
partcle ids: ['similar_color_1', 'generator_17', 'generator_18', 'similar_color_9', 'generator_19', 'generator_20', 'similar_color_3', 'generator_21', 'similar_color_1', 'similar_color_4', 'generator_22', 'generator_23', 'generator_24', 'similar_color_14', 'generator_25', 'generator_26', 'generator_27', 'similar_color_6', 'generator_28', 'similar_color_13', 'generator_29', 'generator_30', 'generator_31', 'generator_32', 'generator_33', 'similar_color_3', 'similar_color_6', 'generator_34', 'similar_color_2', 'order_match']
number opened: 1
TRIAL 3
Action chosen: (pink, pink)
Outcome: False
partcle ids: ['similar_color_1', 'generator_17', 'generator_18', 'similar_color_9', 'generator_19', 'generator_20', 'similar_color_3', 'generator_21', 'similar_color_1', 'similar_color_4', 'generator_22', 'generator_23', 'generator_24', 'similar_color_14', 'generator_25', 'generator_26', 'generator_27', 'similar_color_6', 'generator_28', 'similar_color_13', 'generator_29', 'generator_30', 'generator_31', 'generator_32', 'generator_33', 'similar_color_3', 'similar_color_6', 'generator_34', 'similar_color_2', 'order_match']
number opened: 1
TRIAL 4
Action chosen: (purple, purple)
Outcome: False
partcle ids: ['similar_color_1', 'generator_17', 'generator_18', 'similar_color_9', 'generator_19', 'generator_20', 'similar_color_3', 'generator_21', 'similar_color_1', 'similar_color_4', 'generator_22', 'generator_23', 'generator_24', 'similar_color_14', 'generator_25', 'generator_26', 'generator_27', 'similar_color_6', 'generator_28', 'similar_color_13', 'generator_29', 'generator_30', 'generator_31', 'generator_32', 'generator_33', 'similar_color_3', 'similar_color_6', 'generator_34', 'similar_color_2', 'order_match']
number opened: 1
TRIAL 5
Action chosen: (purple, purple)
Outcome: False
partcle ids: ['similar_color_1', 'generator_17', 'generator_18', 'similar_color_9', 'generator_19', 'generator_20', 'similar_color_3', 'generator_21', 'similar_color_1', 'similar_color_4', 'generator_22', 'generator_23', 'generator_24', 'similar_color_14', 'generator_25', 'generator_26', 'generator_27', 'similar_color_6', 'generator_28', 'similar_color_13', 'generator_29', 'generator_30', 'generator_31', 'generator_32', 'generator_33', 'similar_color_3', 'similar_color_6', 'generator_34', 'similar_color_2', 'order_match']
number opened: 1
TRIAL 6
Action chosen: (heart, pink)
Outcome: False
partcle ids: ['similar_color_1', 'generator_17', 'generator_18', 'similar_color_9', 'generator_19', 'generator_20', 'similar_color_3', 'generator_21', 'similar_color_1', 'similar_color_4', 'generator_22', 'generator_23', 'generator_24', 'similar_color_14', 'generator_25', 'generator_26', 'generator_27', 'similar_color_6', 'generator_28', 'similar_color_13', 'generator_29', 'generator_30', 'generator_31', 'generator_32', 'generator_33', 'similar_color_3', 'similar_color_6', 'generator_34', 'similar_color_2', 'order_match']
number opened: 1
TRIAL 7
Action chosen: (grey2, white)
Outcome: False
partcle ids: ['similar_color_1', 'generator_17', 'generator_18', 'similar_color_9', 'generator_19', 'generator_20', 'similar_color_3', 'generator_21', 'similar_color_1', 'similar_color_4', 'generator_22', 'generator_23', 'generator_24', 'similar_color_14', 'generator_25', 'generator_26', 'generator_27', 'similar_color_6', 'generator_28', 'similar_color_13', 'generator_29', 'generator_30', 'generator_31', 'generator_32', 'generator_33', 'similar_color_3', 'similar_color_6', 'generator_34', 'similar_color_2', 'order_match']
number opened: 1
TRIAL 8
Action chosen: (purple, pink)
Outcome: False
partcle ids: ['similar_color_1', 'generator_17', 'generator_18', 'similar_color_9', 'generator_19', 'generator_20', 'similar_color_3', 'generator_21', 'similar_color_1', 'similar_color_4', 'generator_22', 'generator_23', 'generator_24', 'similar_color_14', 'generator_25', 'generator_26', 'generator_27', 'similar_color_6', 'generator_28', 'similar_color_13', 'generator_29', 'generator_30', 'generator_31', 'generator_32', 'generator_33', 'similar_color_3', 'similar_color_6', 'generator_34', 'similar_color_2', 'order_match']
number opened: 1
TRIAL 9
Action chosen: (pink, pink)
Outcome: False
partcle ids: ['similar_color_1', 'generator_17', 'generator_18', 'similar_color_9', 'generator_19', 'generator_20', 'similar_color_3', 'generator_21', 'similar_color_1', 'similar_color_4', 'generator_22', 'generator_23', 'generator_24', 'similar_color_14', 'generator_25', 'generator_26', 'generator_27', 'similar_color_6', 'generator_28', 'similar_color_13', 'generator_29', 'generator_30', 'generator_31', 'generator_32', 'generator_33', 'similar_color_3', 'similar_color_6', 'generator_34', 'similar_color_2', 'order_match']
number opened: 1
TRIAL 10
Action chosen: (cloud, purple)
Outcome: False
partcle ids: ['similar_color_1', 'generator_17', 'generator_18', 'similar_color_9', 'generator_19', 'generator_20', 'similar_color_3', 'generator_21', 'similar_color_1', 'similar_color_4', 'generator_22', 'generator_23', 'generator_24', 'similar_color_14', 'generator_25', 'generator_26', 'generator_27', 'similar_color_6', 'generator_28', 'similar_color_13', 'generator_29', 'generator_30', 'generator_31', 'generator_32', 'generator_33', 'similar_color_3', 'similar_color_6', 'generator_34', 'similar_color_2', 'order_match']
number opened: 1
TRIAL 11
Action chosen: (orange4, purple)
Outcome: False
partcle ids: ['similar_color_1', 'generator_17', 'generator_18', 'similar_color_9', 'generator_19', 'generator_20', 'similar_color_3', 'generator_21', 'similar_color_1', 'similar_color_4', 'generator_22', 'generator_23', 'generator_24', 'similar_color_14', 'generator_25', 'generator_26', 'generator_27', 'similar_color_6', 'generator_28', 'similar_color_13', 'generator_29', 'generator_30', 'generator_31', 'generator_32', 'generator_33', 'similar_color_3', 'similar_color_6', 'generator_34', 'similar_color_2', 'order_match']
number opened: 1
TRIAL 12
Action chosen: (grey2, white)
Outcome: False
partcle ids: ['similar_color_1', 'generator_17', 'generator_18', 'similar_color_9', 'generator_19', 'generator_20', 'similar_color_3', 'generator_21', 'similar_color_1', 'similar_color_4', 'generator_22', 'generator_23', 'generator_24', 'similar_color_14', 'generator_25', 'generator_26', 'generator_27', 'similar_color_6', 'generator_28', 'similar_color_13', 'generator_29', 'generator_30', 'generator_31', 'generator_32', 'generator_33', 'similar_color_3', 'similar_color_6', 'generator_34', 'similar_color_2', 'order_match']
number opened: 1
TRIAL 13
Action chosen: (heart, pink)
Outcome: False
partcle ids: ['similar_color_1', 'generator_17', 'generator_18', 'similar_color_9', 'generator_19', 'generator_20', 'similar_color_3', 'generator_21', 'similar_color_1', 'similar_color_4', 'generator_22', 'generator_23', 'generator_24', 'similar_color_14', 'generator_25', 'generator_26', 'generator_27', 'similar_color_6', 'generator_28', 'similar_color_13', 'generator_29', 'generator_30', 'generator_31', 'generator_32', 'generator_33', 'similar_color_3', 'similar_color_6', 'generator_34', 'similar_color_2', 'order_match']
number opened: 1
TRIAL 14
Action chosen: (pink, pink)
Outcome: False
partcle ids: ['similar_color_1', 'generator_17', 'generator_18', 'similar_color_9', 'generator_19', 'generator_20', 'similar_color_3', 'generator_21', 'similar_color_1', 'similar_color_4', 'generator_22', 'generator_23', 'generator_24', 'similar_color_14', 'generator_25', 'generator_26', 'generator_27', 'similar_color_6', 'generator_28', 'similar_color_13', 'generator_29', 'generator_30', 'generator_31', 'generator_32', 'generator_33', 'similar_color_3', 'similar_color_6', 'generator_34', 'similar_color_2', 'order_match']
number opened: 1
TRIAL 15
Action chosen: (cloud, purple)
Outcome: False
partcle ids: ['similar_color_1', 'generator_17', 'generator_18', 'similar_color_9', 'generator_19', 'generator_20', 'similar_color_3', 'generator_21', 'similar_color_1', 'similar_color_4', 'generator_22', 'generator_23', 'generator_24', 'similar_color_14', 'generator_25', 'generator_26', 'generator_27', 'similar_color_6', 'generator_28', 'similar_color_13', 'generator_29', 'generator_30', 'generator_31', 'generator_32', 'generator_33', 'similar_color_3', 'similar_color_6', 'generator_34', 'similar_color_2', 'order_match']
number opened: 1
TRIAL 16
Action chosen: (orange4, purple)
Outcome: False
partcle ids: ['similar_color_1', 'generator_17', 'generator_18', 'similar_color_9', 'generator_19', 'generator_20', 'similar_color_3', 'generator_21', 'similar_color_1', 'similar_color_4', 'generator_22', 'generator_23', 'generator_24', 'similar_color_14', 'generator_25', 'generator_26', 'generator_27', 'similar_color_6', 'generator_28', 'similar_color_13', 'generator_29', 'generator_30', 'generator_31', 'generator_32', 'generator_33', 'similar_color_3', 'similar_color_6', 'generator_34', 'similar_color_2', 'order_match']
number opened: 1
TRIAL 17
Action chosen: (purple, purple)
Outcome: False
partcle ids: ['similar_color_1', 'generator_17', 'generator_18', 'similar_color_9', 'generator_19', 'generator_20', 'similar_color_3', 'generator_21', 'similar_color_1', 'similar_color_4', 'generator_22', 'generator_23', 'generator_24', 'similar_color_14', 'generator_25', 'generator_26', 'generator_27', 'similar_color_6', 'generator_28', 'similar_color_13', 'generator_29', 'generator_30', 'generator_31', 'generator_32', 'generator_33', 'similar_color_3', 'similar_color_6', 'generator_34', 'similar_color_2', 'order_match']
number opened: 1
TRIAL 18
Action chosen: (grey2, white)
Outcome: False
partcle ids: ['similar_color_1', 'generator_17', 'generator_18', 'similar_color_9', 'generator_19', 'generator_20', 'similar_color_3', 'generator_21', 'similar_color_1', 'similar_color_4', 'generator_22', 'generator_23', 'generator_24', 'similar_color_14', 'generator_25', 'generator_26', 'generator_27', 'similar_color_6', 'generator_28', 'similar_color_13', 'generator_29', 'generator_30', 'generator_31', 'generator_32', 'generator_33', 'similar_color_3', 'similar_color_6', 'generator_34', 'similar_color_2', 'order_match']
number opened: 1
TRIAL 19
Action chosen: (purple, pink)
Outcome: False
partcle ids: ['similar_color_1', 'generator_17', 'generator_18', 'similar_color_9', 'generator_19', 'generator_20', 'similar_color_3', 'generator_21', 'similar_color_1', 'similar_color_4', 'generator_22', 'generator_23', 'generator_24', 'similar_color_14', 'generator_25', 'generator_26', 'generator_27', 'similar_color_6', 'generator_28', 'similar_color_13', 'generator_29', 'generator_30', 'generator_31', 'generator_32', 'generator_33', 'similar_color_3', 'similar_color_6', 'generator_34', 'similar_color_2', 'order_match']
number opened: 1
TRIAL 20
Action chosen: (heart, pink)
Outcome: False
partcle ids: ['similar_color_1', 'generator_17', 'generator_18', 'similar_color_9', 'generator_19', 'generator_20', 'similar_color_3', 'generator_21', 'similar_color_1', 'similar_color_4', 'generator_22', 'generator_23', 'generator_24', 'similar_color_14', 'generator_25', 'generator_26', 'generator_27', 'similar_color_6', 'generator_28', 'similar_color_13', 'generator_29', 'generator_30', 'generator_31', 'generator_32', 'generator_33', 'similar_color_3', 'similar_color_6', 'generator_34', 'similar_color_2', 'order_match']
number opened: 1
TRIAL 21
Action chosen: (pink, white)
Outcome: False
partcle ids: ['similar_color_1', 'generator_17', 'generator_18', 'similar_color_9', 'generator_19', 'generator_20', 'similar_color_3', 'generator_21', 'similar_color_1', 'similar_color_4', 'generator_22', 'generator_23', 'generator_24', 'similar_color_14', 'generator_25', 'generator_26', 'generator_27', 'similar_color_6', 'generator_28', 'similar_color_13', 'generator_29', 'generator_30', 'generator_31', 'generator_32', 'generator_33', 'similar_color_3', 'similar_color_6', 'generator_34', 'similar_color_2', 'order_match']
number opened: 1
TRIAL 22
Action chosen: (orange4, pink)
Outcome: False
partcle ids: ['similar_color_1', 'generator_17', 'generator_18', 'similar_color_9', 'generator_19', 'generator_20', 'similar_color_3', 'generator_21', 'similar_color_1', 'similar_color_4', 'generator_22', 'generator_23', 'generator_24', 'similar_color_14', 'generator_25', 'generator_26', 'generator_27', 'similar_color_6', 'generator_28', 'similar_color_13', 'generator_29', 'generator_30', 'generator_31', 'generator_32', 'generator_33', 'similar_color_3', 'similar_color_6', 'generator_34', 'similar_color_2', 'order_match']
number opened: 1
TRIAL 23
Action chosen: (pink, pink)
Outcome: False
partcle ids: ['similar_color_1', 'generator_17', 'generator_18', 'similar_color_9', 'generator_19', 'generator_20', 'similar_color_3', 'generator_21', 'similar_color_1', 'similar_color_4', 'generator_22', 'generator_23', 'generator_24', 'similar_color_14', 'generator_25', 'generator_26', 'generator_27', 'similar_color_6', 'generator_28', 'similar_color_13', 'generator_29', 'generator_30', 'generator_31', 'generator_32', 'generator_33', 'similar_color_3', 'similar_color_6', 'generator_34', 'similar_color_2', 'order_match']
number opened: 1
TRIAL 24
Action chosen: (purple, pink)
Outcome: False
partcle ids: ['similar_color_1', 'generator_17', 'generator_18', 'similar_color_9', 'generator_19', 'generator_20', 'similar_color_3', 'generator_21', 'similar_color_1', 'similar_color_4', 'generator_22', 'generator_23', 'generator_24', 'similar_color_14', 'generator_25', 'generator_26', 'generator_27', 'similar_color_6', 'generator_28', 'similar_color_13', 'generator_29', 'generator_30', 'generator_31', 'generator_32', 'generator_33', 'similar_color_3', 'similar_color_6', 'generator_34', 'similar_color_2', 'order_match']
number opened: 1
TRIAL 25
Action chosen: (grey2, white)
Outcome: False
partcle ids: ['similar_color_1', 'generator_17', 'generator_18', 'similar_color_9', 'generator_19', 'generator_20', 'similar_color_3', 'generator_21', 'similar_color_1', 'similar_color_4', 'generator_22', 'generator_23', 'generator_24', 'similar_color_14', 'generator_25', 'generator_26', 'generator_27', 'similar_color_6', 'generator_28', 'similar_color_13', 'generator_29', 'generator_30', 'generator_31', 'generator_32', 'generator_33', 'similar_color_3', 'similar_color_6', 'generator_34', 'similar_color_2', 'order_match']
number opened: 1
TRIAL 26
Action chosen: (heart, pink)
Outcome: False
partcle ids: ['similar_color_1', 'generator_17', 'generator_18', 'similar_color_9', 'generator_19', 'generator_20', 'similar_color_3', 'generator_21', 'similar_color_1', 'similar_color_4', 'generator_22', 'generator_23', 'generator_24', 'similar_color_14', 'generator_25', 'generator_26', 'generator_27', 'similar_color_6', 'generator_28', 'similar_color_13', 'generator_29', 'generator_30', 'generator_31', 'generator_32', 'generator_33', 'similar_color_3', 'similar_color_6', 'generator_34', 'similar_color_2', 'order_match']
number opened: 1
TRIAL 27
Action chosen: (orange4, pink)
Outcome: False
partcle ids: ['similar_color_1', 'generator_17', 'generator_18', 'similar_color_9', 'generator_19', 'generator_20', 'similar_color_3', 'generator_21', 'similar_color_1', 'similar_color_4', 'generator_22', 'generator_23', 'generator_24', 'similar_color_14', 'generator_25', 'generator_26', 'generator_27', 'similar_color_6', 'generator_28', 'similar_color_13', 'generator_29', 'generator_30', 'generator_31', 'generator_32', 'generator_33', 'similar_color_3', 'similar_color_6', 'generator_34', 'similar_color_2', 'order_match']
number opened: 1
TRIAL 28
Action chosen: (pink, white)
Outcome: False
partcle ids: ['similar_color_1', 'generator_17', 'generator_18', 'similar_color_9', 'generator_19', 'generator_20', 'similar_color_3', 'generator_21', 'similar_color_1', 'similar_color_4', 'generator_22', 'generator_23', 'generator_24', 'similar_color_14', 'generator_25', 'generator_26', 'generator_27', 'similar_color_6', 'generator_28', 'similar_color_13', 'generator_29', 'generator_30', 'generator_31', 'generator_32', 'generator_33', 'similar_color_3', 'similar_color_6', 'generator_34', 'similar_color_2', 'order_match']
number opened: 1
TRIAL 29
Action chosen: (purple, purple)
Outcome: False
partcle ids: ['similar_color_1', 'generator_17', 'generator_18', 'similar_color_9', 'generator_19', 'generator_20', 'similar_color_3', 'generator_21', 'similar_color_1', 'similar_color_4', 'generator_22', 'generator_23', 'generator_24', 'similar_color_14', 'generator_25', 'generator_26', 'generator_27', 'similar_color_6', 'generator_28', 'similar_color_13', 'generator_29', 'generator_30', 'generator_31', 'generator_32', 'generator_33', 'similar_color_3', 'similar_color_6', 'generator_34', 'similar_color_2', 'order_match']
number opened: 1
TRIAL 30
Action chosen: (orange4, purple)
Outcome: False
partcle ids: ['similar_color_1', 'generator_17', 'generator_18', 'similar_color_9', 'generator_19', 'generator_20', 'similar_color_3', 'generator_21', 'similar_color_1', 'similar_color_4', 'generator_22', 'generator_23', 'generator_24', 'similar_color_14', 'generator_25', 'generator_26', 'generator_27', 'similar_color_6', 'generator_28', 'similar_color_13', 'generator_29', 'generator_30', 'generator_31', 'generator_32', 'generator_33', 'similar_color_3', 'similar_color_6', 'generator_34', 'similar_color_2', 'order_match']
number opened: 1
TRIAL 31
Action chosen: (grey2, white)
Outcome: False
partcle ids: ['similar_color_1', 'generator_17', 'generator_18', 'similar_color_9', 'generator_19', 'generator_20', 'similar_color_3', 'generator_21', 'similar_color_1', 'similar_color_4', 'generator_22', 'generator_23', 'generator_24', 'similar_color_14', 'generator_25', 'generator_26', 'generator_27', 'similar_color_6', 'generator_28', 'similar_color_13', 'generator_29', 'generator_30', 'generator_31', 'generator_32', 'generator_33', 'similar_color_3', 'similar_color_6', 'generator_34', 'similar_color_2', 'order_match']
number opened: 1
TRIAL 32
Action chosen: (cloud, purple)
Outcome: False
partcle ids: ['similar_color_1', 'generator_17', 'generator_18', 'similar_color_9', 'generator_19', 'generator_20', 'similar_color_3', 'generator_21', 'similar_color_1', 'similar_color_4', 'generator_22', 'generator_23', 'generator_24', 'similar_color_14', 'generator_25', 'generator_26', 'generator_27', 'similar_color_6', 'generator_28', 'similar_color_13', 'generator_29', 'generator_30', 'generator_31', 'generator_32', 'generator_33', 'similar_color_3', 'similar_color_6', 'generator_34', 'similar_color_2', 'order_match']
number opened: 1
TRIAL 33
Action chosen: (purple, purple)
Outcome: False
partcle ids: ['similar_color_1', 'generator_17', 'generator_18', 'similar_color_9', 'generator_19', 'generator_20', 'similar_color_3', 'generator_21', 'similar_color_1', 'similar_color_4', 'generator_22', 'generator_23', 'generator_24', 'similar_color_14', 'generator_25', 'generator_26', 'generator_27', 'similar_color_6', 'generator_28', 'similar_color_13', 'generator_29', 'generator_30', 'generator_31', 'generator_32', 'generator_33', 'similar_color_3', 'similar_color_6', 'generator_34', 'similar_color_2', 'order_match']
number opened: 1
TRIAL 34
Action chosen: (purple, pink)
Outcome: False
partcle ids: ['similar_color_1', 'generator_17', 'generator_18', 'similar_color_9', 'generator_19', 'generator_20', 'similar_color_3', 'generator_21', 'similar_color_1', 'similar_color_4', 'generator_22', 'generator_23', 'generator_24', 'similar_color_14', 'generator_25', 'generator_26', 'generator_27', 'similar_color_6', 'generator_28', 'similar_color_13', 'generator_29', 'generator_30', 'generator_31', 'generator_32', 'generator_33', 'similar_color_3', 'similar_color_6', 'generator_34', 'similar_color_2', 'order_match']
number opened: 1
TRIAL 35
Action chosen: (heart, pink)
Outcome: False
partcle ids: ['similar_color_1', 'generator_17', 'generator_18', 'similar_color_9', 'generator_19', 'generator_20', 'similar_color_3', 'generator_21', 'similar_color_1', 'similar_color_4', 'generator_22', 'generator_23', 'generator_24', 'similar_color_14', 'generator_25', 'generator_26', 'generator_27', 'similar_color_6', 'generator_28', 'similar_color_13', 'generator_29', 'generator_30', 'generator_31', 'generator_32', 'generator_33', 'similar_color_3', 'similar_color_6', 'generator_34', 'similar_color_2', 'order_match']
number opened: 1
TRIAL 36
Action chosen: (orange4, pink)
Outcome: False
partcle ids: ['similar_color_1', 'generator_17', 'generator_18', 'similar_color_9', 'generator_19', 'generator_20', 'similar_color_3', 'generator_21', 'similar_color_1', 'similar_color_4', 'generator_22', 'generator_23', 'generator_24', 'similar_color_14', 'generator_25', 'generator_26', 'generator_27', 'similar_color_6', 'generator_28', 'similar_color_13', 'generator_29', 'generator_30', 'generator_31', 'generator_32', 'generator_33', 'similar_color_3', 'similar_color_6', 'generator_34', 'similar_color_2', 'order_match']
number opened: 1
TRIAL 37
Action chosen: (triangle, pink)
Outcome: False
partcle ids: ['similar_color_1', 'generator_17', 'generator_18', 'similar_color_9', 'generator_19', 'generator_20', 'similar_color_3', 'generator_21', 'similar_color_1', 'similar_color_4', 'generator_22', 'generator_23', 'generator_24', 'similar_color_14', 'generator_25', 'generator_26', 'generator_27', 'similar_color_6', 'generator_28', 'similar_color_13', 'generator_29', 'generator_30', 'generator_31', 'generator_32', 'generator_33', 'similar_color_3', 'similar_color_6', 'generator_34', 'similar_color_2', 'order_match']
number opened: 1
TRIAL 38
Action chosen: (orange4, purple)
Outcome: False
partcle ids: ['similar_color_1', 'generator_17', 'generator_18', 'similar_color_9', 'generator_19', 'generator_20', 'similar_color_3', 'generator_21', 'similar_color_1', 'similar_color_4', 'generator_22', 'generator_23', 'generator_24', 'similar_color_14', 'generator_25', 'generator_26', 'generator_27', 'similar_color_6', 'generator_28', 'similar_color_13', 'generator_29', 'generator_30', 'generator_31', 'generator_32', 'generator_33', 'similar_color_3', 'similar_color_6', 'generator_34', 'similar_color_2', 'order_match']
number opened: 1
TRIAL 39
Action chosen: (pink, pink)
Outcome: False
partcle ids: ['similar_color_1', 'generator_17', 'generator_18', 'similar_color_9', 'generator_19', 'generator_20', 'similar_color_3', 'generator_21', 'similar_color_1', 'similar_color_4', 'generator_22', 'generator_23', 'generator_24', 'similar_color_14', 'generator_25', 'generator_26', 'generator_27', 'similar_color_6', 'generator_28', 'similar_color_13', 'generator_29', 'generator_30', 'generator_31', 'generator_32', 'generator_33', 'similar_color_3', 'similar_color_6', 'generator_34', 'similar_color_2', 'order_match']
number opened: 1
TRIAL 40
Action chosen: (grey2, white)
Outcome: False
partcle ids: ['similar_color_1', 'generator_17', 'generator_18', 'similar_color_9', 'generator_19', 'generator_20', 'similar_color_3', 'generator_21', 'similar_color_1', 'similar_color_4', 'generator_22', 'generator_23', 'generator_24', 'similar_color_14', 'generator_25', 'generator_26', 'generator_27', 'similar_color_6', 'generator_28', 'similar_color_13', 'generator_29', 'generator_30', 'generator_31', 'generator_32', 'generator_33', 'similar_color_3', 'similar_color_6', 'generator_34', 'similar_color_2', 'order_match']
number opened: 1
TRIAL 41
Action chosen: (triangle, pink)
Outcome: False
partcle ids: ['similar_color_1', 'generator_17', 'generator_18', 'similar_color_9', 'generator_19', 'generator_20', 'similar_color_3', 'generator_21', 'similar_color_1', 'similar_color_4', 'generator_22', 'generator_23', 'generator_24', 'similar_color_14', 'generator_25', 'generator_26', 'generator_27', 'similar_color_6', 'generator_28', 'similar_color_13', 'generator_29', 'generator_30', 'generator_31', 'generator_32', 'generator_33', 'similar_color_3', 'similar_color_6', 'generator_34', 'similar_color_2', 'order_match']
number opened: 1
TRIAL 42
Action chosen: (orange4, pink)
Outcome: False
partcle ids: ['similar_color_1', 'generator_17', 'generator_18', 'similar_color_9', 'generator_19', 'generator_20', 'similar_color_3', 'generator_21', 'similar_color_1', 'similar_color_4', 'generator_22', 'generator_23', 'generator_24', 'similar_color_14', 'generator_25', 'generator_26', 'generator_27', 'similar_color_6', 'generator_28', 'similar_color_13', 'generator_29', 'generator_30', 'generator_31', 'generator_32', 'generator_33', 'similar_color_3', 'similar_color_6', 'generator_34', 'similar_color_2', 'order_match']
number opened: 1
TRIAL 43
Action chosen: (heart, pink)
Outcome: False
partcle ids: ['similar_color_1', 'generator_17', 'generator_18', 'similar_color_9', 'generator_19', 'generator_20', 'similar_color_3', 'generator_21', 'similar_color_1', 'similar_color_4', 'generator_22', 'generator_23', 'generator_24', 'similar_color_14', 'generator_25', 'generator_26', 'generator_27', 'similar_color_6', 'generator_28', 'similar_color_13', 'generator_29', 'generator_30', 'generator_31', 'generator_32', 'generator_33', 'similar_color_3', 'similar_color_6', 'generator_34', 'similar_color_2', 'order_match']
number opened: 1
TRIAL 44
Action chosen: (purple, pink)
Outcome: False
partcle ids: ['similar_color_1', 'generator_17', 'generator_18', 'similar_color_9', 'generator_19', 'generator_20', 'similar_color_3', 'generator_21', 'similar_color_1', 'similar_color_4', 'generator_22', 'generator_23', 'generator_24', 'similar_color_14', 'generator_25', 'generator_26', 'generator_27', 'similar_color_6', 'generator_28', 'similar_color_13', 'generator_29', 'generator_30', 'generator_31', 'generator_32', 'generator_33', 'similar_color_3', 'similar_color_6', 'generator_34', 'similar_color_2', 'order_match']
number opened: 1
TRIAL 45
Action chosen: (pink, pink)
Outcome: False
partcle ids: ['similar_color_1', 'generator_17', 'generator_18', 'similar_color_9', 'generator_19', 'generator_20', 'similar_color_3', 'generator_21', 'similar_color_1', 'similar_color_4', 'generator_22', 'generator_23', 'generator_24', 'similar_color_14', 'generator_25', 'generator_26', 'generator_27', 'similar_color_6', 'generator_28', 'similar_color_13', 'generator_29', 'generator_30', 'generator_31', 'generator_32', 'generator_33', 'similar_color_3', 'similar_color_6', 'generator_34', 'similar_color_2', 'order_match']
number opened: 1
TRIAL 46
Action chosen: (green3, white)
Outcome: False
partcle ids: ['similar_color_1', 'generator_17', 'generator_18', 'similar_color_9', 'generator_19', 'generator_20', 'similar_color_3', 'generator_21', 'similar_color_1', 'similar_color_4', 'generator_22', 'generator_23', 'generator_24', 'similar_color_14', 'generator_25', 'generator_26', 'generator_27', 'similar_color_6', 'generator_28', 'similar_color_13', 'generator_29', 'generator_30', 'generator_31', 'generator_32', 'generator_33', 'similar_color_3', 'similar_color_6', 'generator_34', 'similar_color_2', 'order_match']
number opened: 1
TRIAL 47
Action chosen: (grey2, white)
Outcome: False
partcle ids: ['similar_color_1', 'generator_17', 'generator_18', 'similar_color_9', 'generator_19', 'generator_20', 'similar_color_3', 'generator_21', 'similar_color_1', 'similar_color_4', 'generator_22', 'generator_23', 'generator_24', 'similar_color_14', 'generator_25', 'generator_26', 'generator_27', 'similar_color_6', 'generator_28', 'similar_color_13', 'generator_29', 'generator_30', 'generator_31', 'generator_32', 'generator_33', 'similar_color_3', 'similar_color_6', 'generator_34', 'similar_color_2', 'order_match']
number opened: 1
TRIAL 48
Action chosen: (orange4, pink)
Outcome: False
partcle ids: ['similar_color_1', 'generator_17', 'generator_18', 'similar_color_9', 'generator_19', 'generator_20', 'similar_color_3', 'generator_21', 'similar_color_1', 'similar_color_4', 'generator_22', 'generator_23', 'generator_24', 'similar_color_14', 'generator_25', 'generator_26', 'generator_27', 'similar_color_6', 'generator_28', 'similar_color_13', 'generator_29', 'generator_30', 'generator_31', 'generator_32', 'generator_33', 'similar_color_3', 'similar_color_6', 'generator_34', 'similar_color_2', 'order_match']
number opened: 1
TRIAL 49
Action chosen: (pink, white)
Outcome: False
partcle ids: ['similar_color_1', 'generator_17', 'generator_18', 'similar_color_9', 'generator_19', 'generator_20', 'similar_color_3', 'generator_21', 'similar_color_1', 'similar_color_4', 'generator_22', 'generator_23', 'generator_24', 'similar_color_14', 'generator_25', 'generator_26', 'generator_27', 'similar_color_6', 'generator_28', 'similar_color_13', 'generator_29', 'generator_30', 'generator_31', 'generator_32', 'generator_33', 'similar_color_3', 'similar_color_6', 'generator_34', 'similar_color_2', 'order_match']
number opened: 1
TRIAL 50
Action chosen: (purple, pink)
Outcome: False
partcle ids: ['similar_color_1', 'generator_17', 'generator_18', 'similar_color_9', 'generator_19', 'generator_20', 'similar_color_3', 'generator_21', 'similar_color_1', 'similar_color_4', 'generator_22', 'generator_23', 'generator_24', 'similar_color_14', 'generator_25', 'generator_26', 'generator_27', 'similar_color_6', 'generator_28', 'similar_color_13', 'generator_29', 'generator_30', 'generator_31', 'generator_32', 'generator_33', 'similar_color_3', 'similar_color_6', 'generator_34', 'similar_color_2', 'order_match']
number opened: 1
TRIAL 51
Action chosen: (heart, pink)
Outcome: False
partcle ids: ['similar_color_1', 'generator_17', 'generator_18', 'similar_color_9', 'generator_19', 'generator_20', 'similar_color_3', 'generator_21', 'similar_color_1', 'similar_color_4', 'generator_22', 'generator_23', 'generator_24', 'similar_color_14', 'generator_25', 'generator_26', 'generator_27', 'similar_color_6', 'generator_28', 'similar_color_13', 'generator_29', 'generator_30', 'generator_31', 'generator_32', 'generator_33', 'similar_color_3', 'similar_color_6', 'generator_34', 'similar_color_2', 'order_match']
number opened: 1
TRIAL 52
Action chosen: (pink, pink)
Outcome: False
partcle ids: ['similar_color_1', 'generator_17', 'generator_18', 'similar_color_9', 'generator_19', 'generator_20', 'similar_color_3', 'generator_21', 'similar_color_1', 'similar_color_4', 'generator_22', 'generator_23', 'generator_24', 'similar_color_14', 'generator_25', 'generator_26', 'generator_27', 'similar_color_6', 'generator_28', 'similar_color_13', 'generator_29', 'generator_30', 'generator_31', 'generator_32', 'generator_33', 'similar_color_3', 'similar_color_6', 'generator_34', 'similar_color_2', 'order_match']
number opened: 1
TRIAL 53
Action chosen: (green3, white)
Outcome: False
partcle ids: ['similar_color_1', 'generator_17', 'generator_18', 'similar_color_9', 'generator_19', 'generator_20', 'similar_color_3', 'generator_21', 'similar_color_1', 'similar_color_4', 'generator_22', 'generator_23', 'generator_24', 'similar_color_14', 'generator_25', 'generator_26', 'generator_27', 'similar_color_6', 'generator_28', 'similar_color_13', 'generator_29', 'generator_30', 'generator_31', 'generator_32', 'generator_33', 'similar_color_3', 'similar_color_6', 'generator_34', 'similar_color_2', 'order_match']
number opened: 1
TRIAL 54
Action chosen: (grey2, white)
Outcome: False
partcle ids: ['similar_color_1', 'generator_17', 'generator_18', 'similar_color_9', 'generator_19', 'generator_20', 'similar_color_3', 'generator_21', 'similar_color_1', 'similar_color_4', 'generator_22', 'generator_23', 'generator_24', 'similar_color_14', 'generator_25', 'generator_26', 'generator_27', 'similar_color_6', 'generator_28', 'similar_color_13', 'generator_29', 'generator_30', 'generator_31', 'generator_32', 'generator_33', 'similar_color_3', 'similar_color_6', 'generator_34', 'similar_color_2', 'order_match']
number opened: 1
TRIAL 55
Action chosen: (pink, white)
Outcome: False
partcle ids: ['similar_color_1', 'generator_17', 'generator_18', 'similar_color_9', 'generator_19', 'generator_20', 'similar_color_3', 'generator_21', 'similar_color_1', 'similar_color_4', 'generator_22', 'generator_23', 'generator_24', 'similar_color_14', 'generator_25', 'generator_26', 'generator_27', 'similar_color_6', 'generator_28', 'similar_color_13', 'generator_29', 'generator_30', 'generator_31', 'generator_32', 'generator_33', 'similar_color_3', 'similar_color_6', 'generator_34', 'similar_color_2', 'order_match']
number opened: 1
TRIAL 56
Action chosen: (orange4, pink)
Outcome: False
partcle ids: ['similar_color_1', 'generator_17', 'generator_18', 'similar_color_9', 'generator_19', 'generator_20', 'similar_color_3', 'generator_21', 'similar_color_1', 'similar_color_4', 'generator_22', 'generator_23', 'generator_24', 'similar_color_14', 'generator_25', 'generator_26', 'generator_27', 'similar_color_6', 'generator_28', 'similar_color_13', 'generator_29', 'generator_30', 'generator_31', 'generator_32', 'generator_33', 'similar_color_3', 'similar_color_6', 'generator_34', 'similar_color_2', 'order_match']
number opened: 1
TRIAL 57
Action chosen: (purple, pink)
Outcome: False
partcle ids: ['similar_color_1', 'generator_17', 'generator_18', 'similar_color_9', 'generator_19', 'generator_20', 'similar_color_3', 'generator_21', 'similar_color_1', 'similar_color_4', 'generator_22', 'generator_23', 'generator_24', 'similar_color_14', 'generator_25', 'generator_26', 'generator_27', 'similar_color_6', 'generator_28', 'similar_color_13', 'generator_29', 'generator_30', 'generator_31', 'generator_32', 'generator_33', 'similar_color_3', 'similar_color_6', 'generator_34', 'similar_color_2', 'order_match']
number opened: 1
TRIAL 58
Action chosen: (heart, pink)
Outcome: False
partcle ids: ['similar_color_1', 'generator_17', 'generator_18', 'similar_color_9', 'generator_19', 'generator_20', 'similar_color_3', 'generator_21', 'similar_color_1', 'similar_color_4', 'generator_22', 'generator_23', 'generator_24', 'similar_color_14', 'generator_25', 'generator_26', 'generator_27', 'similar_color_6', 'generator_28', 'similar_color_13', 'generator_29', 'generator_30', 'generator_31', 'generator_32', 'generator_33', 'similar_color_3', 'similar_color_6', 'generator_34', 'similar_color_2', 'order_match']
number opened: 1
TRIAL 59
Action chosen: (pink, pink)
Outcome: False
partcle ids: ['similar_color_1', 'generator_17', 'generator_18', 'similar_color_9', 'generator_19', 'generator_20', 'similar_color_3', 'generator_21', 'similar_color_1', 'similar_color_4', 'generator_22', 'generator_23', 'generator_24', 'similar_color_14', 'generator_25', 'generator_26', 'generator_27', 'similar_color_6', 'generator_28', 'similar_color_13', 'generator_29', 'generator_30', 'generator_31', 'generator_32', 'generator_33', 'similar_color_3', 'similar_color_6', 'generator_34', 'similar_color_2', 'order_match']
number opened: 1
TRIAL 60
Action chosen: (green3, white)
Outcome: False
partcle ids: ['similar_color_1', 'generator_17', 'generator_18', 'similar_color_9', 'generator_19', 'generator_20', 'similar_color_3', 'generator_21', 'similar_color_1', 'similar_color_4', 'generator_22', 'generator_23', 'generator_24', 'similar_color_14', 'generator_25', 'generator_26', 'generator_27', 'similar_color_6', 'generator_28', 'similar_color_13', 'generator_29', 'generator_30', 'generator_31', 'generator_32', 'generator_33', 'similar_color_3', 'similar_color_6', 'generator_34', 'similar_color_2', 'order_match']
number opened: 1
TRIAL 61
Action chosen: (grey2, white)
Outcome: False
partcle ids: ['similar_color_1', 'generator_17', 'generator_18', 'similar_color_9', 'generator_19', 'generator_20', 'similar_color_3', 'generator_21', 'similar_color_1', 'similar_color_4', 'generator_22', 'generator_23', 'generator_24', 'similar_color_14', 'generator_25', 'generator_26', 'generator_27', 'similar_color_6', 'generator_28', 'similar_color_13', 'generator_29', 'generator_30', 'generator_31', 'generator_32', 'generator_33', 'similar_color_3', 'similar_color_6', 'generator_34', 'similar_color_2', 'order_match']
number opened: 1
TRIAL 62
Action chosen: (orange4, pink)
Outcome: False
partcle ids: ['similar_color_1', 'generator_17', 'generator_18', 'similar_color_9', 'generator_19', 'generator_20', 'similar_color_3', 'generator_21', 'similar_color_1', 'similar_color_4', 'generator_22', 'generator_23', 'generator_24', 'similar_color_14', 'generator_25', 'generator_26', 'generator_27', 'similar_color_6', 'generator_28', 'similar_color_13', 'generator_29', 'generator_30', 'generator_31', 'generator_32', 'generator_33', 'similar_color_3', 'similar_color_6', 'generator_34', 'similar_color_2', 'order_match']
number opened: 1
TRIAL 63
Action chosen: (pink, white)
Outcome: False
partcle ids: ['similar_color_1', 'generator_17', 'generator_18', 'similar_color_9', 'generator_19', 'generator_20', 'similar_color_3', 'generator_21', 'similar_color_1', 'similar_color_4', 'generator_22', 'generator_23', 'generator_24', 'similar_color_14', 'generator_25', 'generator_26', 'generator_27', 'similar_color_6', 'generator_28', 'similar_color_13', 'generator_29', 'generator_30', 'generator_31', 'generator_32', 'generator_33', 'similar_color_3', 'similar_color_6', 'generator_34', 'similar_color_2', 'order_match']
number opened: 1
TRIAL 64
Action chosen: (purple, pink)
Outcome: False
partcle ids: ['similar_color_1', 'generator_17', 'generator_18', 'similar_color_9', 'generator_19', 'generator_20', 'similar_color_3', 'generator_21', 'similar_color_1', 'similar_color_4', 'generator_22', 'generator_23', 'generator_24', 'similar_color_14', 'generator_25', 'generator_26', 'generator_27', 'similar_color_6', 'generator_28', 'similar_color_13', 'generator_29', 'generator_30', 'generator_31', 'generator_32', 'generator_33', 'similar_color_3', 'similar_color_6', 'generator_34', 'similar_color_2', 'order_match']
number opened: 1
TRIAL 65
Action chosen: (pink, pink)
Outcome: False
partcle ids: ['similar_color_1', 'generator_17', 'generator_18', 'similar_color_9', 'generator_19', 'generator_20', 'similar_color_3', 'generator_21', 'similar_color_1', 'similar_color_4', 'generator_22', 'generator_23', 'generator_24', 'similar_color_14', 'generator_25', 'generator_26', 'generator_27', 'similar_color_6', 'generator_28', 'similar_color_13', 'generator_29', 'generator_30', 'generator_31', 'generator_32', 'generator_33', 'similar_color_3', 'similar_color_6', 'generator_34', 'similar_color_2', 'order_match']
number opened: 1
TRIAL 66
Action chosen: (heart, pink)
Outcome: False
partcle ids: ['similar_color_1', 'generator_17', 'generator_18', 'similar_color_9', 'generator_19', 'generator_20', 'similar_color_3', 'generator_21', 'similar_color_1', 'similar_color_4', 'generator_22', 'generator_23', 'generator_24', 'similar_color_14', 'generator_25', 'generator_26', 'generator_27', 'similar_color_6', 'generator_28', 'similar_color_13', 'generator_29', 'generator_30', 'generator_31', 'generator_32', 'generator_33', 'similar_color_3', 'similar_color_6', 'generator_34', 'similar_color_2', 'order_match']
number opened: 1
TRIAL 67
Action chosen: (green3, white)
Outcome: False
partcle ids: ['similar_color_1', 'generator_17', 'generator_18', 'similar_color_9', 'generator_19', 'generator_20', 'similar_color_3', 'generator_21', 'similar_color_1', 'similar_color_4', 'generator_22', 'generator_23', 'generator_24', 'similar_color_14', 'generator_25', 'generator_26', 'generator_27', 'similar_color_6', 'generator_28', 'similar_color_13', 'generator_29', 'generator_30', 'generator_31', 'generator_32', 'generator_33', 'similar_color_3', 'similar_color_6', 'generator_34', 'similar_color_2', 'order_match']
number opened: 1
TRIAL 68
Action chosen: (grey2, white)
Outcome: False
partcle ids: ['similar_color_1', 'generator_17', 'generator_18', 'similar_color_9', 'generator_19', 'generator_20', 'similar_color_3', 'generator_21', 'similar_color_1', 'similar_color_4', 'generator_22', 'generator_23', 'generator_24', 'similar_color_14', 'generator_25', 'generator_26', 'generator_27', 'similar_color_6', 'generator_28', 'similar_color_13', 'generator_29', 'generator_30', 'generator_31', 'generator_32', 'generator_33', 'similar_color_3', 'similar_color_6', 'generator_34', 'similar_color_2', 'order_match']
number opened: 1
TRIAL 69
Action chosen: (pink, white)
Outcome: False
partcle ids: ['similar_color_1', 'generator_17', 'generator_18', 'similar_color_9', 'generator_19', 'generator_20', 'similar_color_3', 'generator_21', 'similar_color_1', 'similar_color_4', 'generator_22', 'generator_23', 'generator_24', 'similar_color_14', 'generator_25', 'generator_26', 'generator_27', 'similar_color_6', 'generator_28', 'similar_color_13', 'generator_29', 'generator_30', 'generator_31', 'generator_32', 'generator_33', 'similar_color_3', 'similar_color_6', 'generator_34', 'similar_color_2', 'order_match']
number opened: 1
TRIAL 70
Action chosen: (orange4, pink)
Outcome: False
partcle ids: ['similar_color_1', 'generator_17', 'generator_18', 'similar_color_9', 'generator_19', 'generator_20', 'similar_color_3', 'generator_21', 'similar_color_1', 'similar_color_4', 'generator_22', 'generator_23', 'generator_24', 'similar_color_14', 'generator_25', 'generator_26', 'generator_27', 'similar_color_6', 'generator_28', 'similar_color_13', 'generator_29', 'generator_30', 'generator_31', 'generator_32', 'generator_33', 'similar_color_3', 'similar_color_6', 'generator_34', 'similar_color_2', 'order_match']
number opened: 1
{"attempts": 70, "unique_key_box_pairs": 12, "revisit_attempts": 58, "revisit_rate": 0.8405797101449275, "attempts_before_abandoning_color_matching": 5, "color_matching_abandoned": true}
