{"Child_ID": "D084", "SoC_variant": "SoC-Full", "theta": [1, 3], "p_gen": 0.7, "true_prior": 0.02, "run_number": 32, "seed": 2103498564105936640}
TRIAL 1
Action chosen: (red, red)
Outcome: True
partcle ids: ['similar_color_7', 'generator_22', 'similar_color_7', 'generator_23', 'generator_24', 'similar_color_1', 'generator_25', 'similar_color_6', 'generator_26', 'generator_27', 'generator_28', 'similar_color_4', 'generator_18', 'generator_29', 'generator_30', 'generator_31', 'generator_32', 'generator_33', 'similar_color_4', 'generator_34', 'generator_35', 'color_match', 'generator_36', 'generator_37', 'similar_color_3', 'generator_38', 'generator_39', 'generator_40', 'generator_41', 'generator_42']
number opened: 1
TRIAL 2
Action chosen: (pink, pink)
Outcome: False
partcle ids: ['similar_color_7', 'generator_22', 'similar_color_7', 'generator_23', 'generator_24', 'similar_color_1', 'generator_25', 'similar_color_6', 'generator_26', 'generator_27', 'generator_28', 'similar_color_4', 'generator_18', 'generator_29', 'generator_30', 'generator_31', 'generator_32', 'generator_33', 'similar_color_4', 'generator_34', 'generator_35', 'color_match', 'generator_36', 'generator_37', 'similar_color_3', 'generator_38', 'generator_39', 'generator_40', 'generator_41', 'generator_42']
number opened: 1
TRIAL 3
Action chosen: (purple, purple)
Outcome: False
partcle ids: ['similar_color_7', 'generator_22', 'similar_color_7', 'generator_23', 'generator_24', 'similar_color_1', 'generator_25', 'similar_color_6', 'generator_26', 'generator_27', 'generator_28', 'similar_color_4', 'generator_18', 'generator_29', 'generator_30', 'generator_31', 'generator_32', 'generator_33', 'similar_color_4', 'generator_34', 'generator_35', 'color_match', 'generator_36', 'generator_37', 'similar_color_3', 'generator_38', 'generator_39', 'generator_40', 'generator_41', 'generator_42']
number opened: 1
TRIAL 4
Action chosen: (triangle, white)
Outcome: False
partcle ids: ['similar_color_7', 'generator_22', 'similar_color_7', 'generator_23', 'generator_24', 'similar_color_1', 'generator_25', 'similar_color_6', 'generator_26', 'generator_27', 'generator_28', 'similar_color_4', 'generator_18', 'generator_29', 'generator_30', 'generator_31', 'generator_32', 'generator_33', 'similar_color_4', 'generator_34', 'generator_35', 'color_match', 'generator_36', 'generator_37', 'similar_color_3', 'generator_38', 'generator_39', 'generator_40', 'generator_41', 'generator_42']
number opened: 1
TRIAL 5
Action chosen: (heart, blue)
Outcome: False
partcle ids: ['similar_color_7', 'generator_22', 'similar_color_7', 'generator_23', 'generator_24', 'similar_color_1', 'generator_25', 'similar_color_6', 'generator_26', 'generator_27', 'generator_28', 'similar_color_4', 'generator_18', 'generator_29', 'generator_30', 'generator_31', 'generator_32', 'generator_33', 'similar_color_4', 'generator_34', 'generator_35', 'color_match', 'generator_36', 'generator_37', 'similar_color_3', 'generator_38', 'generator_39', 'generator_40', 'generator_41', 'generator_42']
number opened: 1
TRIAL 6
Action chosen: (purple, purple)
Outcome: False
partcle ids: ['similar_color_7', 'generator_22', 'similar_color_7', 'generator_23', 'generator_24', 'similar_color_1', 'generator_25', 'similar_color_6', 'generator_26', 'generator_27', 'generator_28', 'similar_color_4', 'generator_18', 'generator_29', 'generator_30', 'generator_31', 'generator_32', 'generator_33', 'similar_color_4', 'generator_34', 'generator_35', 'color_match', 'generator_36', 'generator_37', 'similar_color_3', 'generator_38', 'generator_39', 'generator_40', 'generator_41', 'generator_42']
number opened: 1
TRIAL 7
Action chosen: (orange4, pink)
Outcome: False
partcle ids: ['similar_color_7', 'generator_22', 'similar_color_7', 'generator_23', 'generator_24', 'similar_color_1', 'generator_25', 'similar_color_6', 'generator_26', 'generator_27', 'generator_28', 'similar_color_4', 'generator_18', 'generator_29', 'generator_30', 'generator_31', 'generator_32', 'generator_33', 'similar_color_4', 'generator_34', 'generator_35', 'color_match', 'generator_36', 'generator_37', 'similar_color_3', 'generator_38', 'generator_39', 'generator_40', 'generator_41', 'generator_42']
number opened: 1
TRIAL 8
Action chosen: (triangle, white)
Outcome: False
partcle ids: ['similar_color_7', 'generator_22', 'similar_color_7', 'generator_23', 'generator_24', 'similar_color_1', 'generator_25', 'similar_color_6', 'generator_26', 'generator_27', 'generator_28', 'similar_color_4', 'generator_18', 'generator_29', 'generator_30', 'generator_31', 'generator_32', 'generator_33', 'similar_color_4', 'generator_34', 'generator_35', 'color_match', 'generator_36', 'generator_37', 'similar_color_3', 'generator_38', 'generator_39', 'generator_40', 'generator_41', 'generator_42']
number opened: 1
TRIAL 9
Action chosen: (triangle, blue)
Outcome: False
partcle ids: ['similar_color_7', 'generator_22', 'similar_color_7', 'generator_23', 'generator_24', 'similar_color_1', 'generator_25', 'similar_color_6', 'generator_26', 'generator_27', 'generator_28', 'similar_color_4', 'generator_18', 'generator_29', 'generator_30', 'generator_31', 'generator_32', 'generator_33', 'similar_color_4', 'generator_34', 'generator_35', 'color_match', 'generator_36', 'generator_37', 'similar_color_3', 'generator_38', 'generator_39', 'generator_40', 'generator_41', 'generator_42']
number opened: 1
TRIAL 10
Action chosen: (green3, white)
Outcome: False
partcle ids: ['similar_color_7', 'generator_22', 'similar_color_7', 'generator_23', 'generator_24', 'similar_color_1', 'generator_25', 'similar_color_6', 'generator_26', 'generator_27', 'generator_28', 'similar_color_4', 'generator_18', 'generator_29', 'generator_30', 'generator_31', 'generator_32', 'generator_33', 'similar_color_4', 'generator_34', 'generator_35', 'color_match', 'generator_36', 'generator_37', 'similar_color_3', 'generator_38', 'generator_39', 'generator_40', 'generator_41', 'generator_42']
number opened: 1
TRIAL 11
Action chosen: (white, white)
Outcome: False
partcle ids: ['similar_color_7', 'generator_22', 'similar_color_7', 'generator_23', 'generator_24', 'similar_color_1', 'generator_25', 'similar_color_6', 'generator_26', 'generator_27', 'generator_28', 'similar_color_4', 'generator_18', 'generator_29', 'generator_30', 'generator_31', 'generator_32', 'generator_33', 'similar_color_4', 'generator_34', 'generator_35', 'color_match', 'generator_36', 'generator_37', 'similar_color_3', 'generator_38', 'generator_39', 'generator_40', 'generator_41', 'generator_42']
number opened: 1
TRIAL 12
Action chosen: (triangle, white)
Outcome: False
partcle ids: ['similar_color_7', 'generator_22', 'similar_color_7', 'generator_23', 'generator_24', 'similar_color_1', 'generator_25', 'similar_color_6', 'generator_26', 'generator_27', 'generator_28', 'similar_color_4', 'generator_18', 'generator_29', 'generator_30', 'generator_31', 'generator_32', 'generator_33', 'similar_color_4', 'generator_34', 'generator_35', 'color_match', 'generator_36', 'generator_37', 'similar_color_3', 'generator_38', 'generator_39', 'generator_40', 'generator_41', 'generator_42']
number opened: 1
TRIAL 13
Action chosen: (heart, blue)
Outcome: False
partcle ids: ['similar_color_7', 'generator_22', 'similar_color_7', 'generator_23', 'generator_24', 'similar_color_1', 'generator_25', 'similar_color_6', 'generator_26', 'generator_27', 'generator_28', 'similar_color_4', 'generator_18', 'generator_29', 'generator_30', 'generator_31', 'generator_32', 'generator_33', 'similar_color_4', 'generator_34', 'generator_35', 'color_match', 'generator_36', 'generator_37', 'similar_color_3', 'generator_38', 'generator_39', 'generator_40', 'generator_41', 'generator_42']
number opened: 1
TRIAL 14
Action chosen: (cloud, pink)
Outcome: False
partcle ids: ['similar_color_7', 'generator_22', 'similar_color_7', 'generator_23', 'generator_24', 'similar_color_1', 'generator_25', 'similar_color_6', 'generator_26', 'generator_27', 'generator_28', 'similar_color_4', 'generator_18', 'generator_29', 'generator_30', 'generator_31', 'generator_32', 'generator_33', 'similar_color_4', 'generator_34', 'generator_35', 'color_match', 'generator_36', 'generator_37', 'similar_color_3', 'generator_38', 'generator_39', 'generator_40', 'generator_41', 'generator_42']
number opened: 1
TRIAL 15
Action chosen: (triangle, blue)
Outcome: False
partcle ids: ['similar_color_7', 'generator_22', 'similar_color_7', 'generator_23', 'generator_24', 'similar_color_1', 'generator_25', 'similar_color_6', 'generator_26', 'generator_27', 'generator_28', 'similar_color_4', 'generator_18', 'generator_29', 'generator_30', 'generator_31', 'generator_32', 'generator_33', 'similar_color_4', 'generator_34', 'generator_35', 'color_match', 'generator_36', 'generator_37', 'similar_color_3', 'generator_38', 'generator_39', 'generator_40', 'generator_41', 'generator_42']
number opened: 1
TRIAL 16
Action chosen: (green3, white)
Outcome: False
partcle ids: ['similar_color_7', 'generator_22', 'similar_color_7', 'generator_23', 'generator_24', 'similar_color_1', 'generator_25', 'similar_color_6', 'generator_26', 'generator_27', 'generator_28', 'similar_color_4', 'generator_18', 'generator_29', 'generator_30', 'generator_31', 'generator_32', 'generator_33', 'similar_color_4', 'generator_34', 'generator_35', 'color_match', 'generator_36', 'generator_37', 'similar_color_3', 'generator_38', 'generator_39', 'generator_40', 'generator_41', 'generator_42']
number opened: 1
TRIAL 17
Action chosen: (pink, pink)
Outcome: False
partcle ids: ['similar_color_7', 'generator_22', 'similar_color_7', 'generator_23', 'generator_24', 'similar_color_1', 'generator_25', 'similar_color_6', 'generator_26', 'generator_27', 'generator_28', 'similar_color_4', 'generator_18', 'generator_29', 'generator_30', 'generator_31', 'generator_32', 'generator_33', 'similar_color_4', 'generator_34', 'generator_35', 'color_match', 'generator_36', 'generator_37', 'similar_color_3', 'generator_38', 'generator_39', 'generator_40', 'generator_41', 'generator_42']
number opened: 1
TRIAL 18
Action chosen: (diamond, pink)
Outcome: False
partcle ids: ['similar_color_7', 'generator_22', 'similar_color_7', 'generator_23', 'generator_24', 'similar_color_1', 'generator_25', 'similar_color_6', 'generator_26', 'generator_27', 'generator_28', 'similar_color_4', 'generator_18', 'generator_29', 'generator_30', 'generator_31', 'generator_32', 'generator_33', 'similar_color_4', 'generator_34', 'generator_35', 'color_match', 'generator_36', 'generator_37', 'similar_color_3', 'generator_38', 'generator_39', 'generator_40', 'generator_41', 'generator_42']
number opened: 1
TRIAL 19
Action chosen: (cloud, blue)
Outcome: False
partcle ids: ['similar_color_7', 'generator_22', 'similar_color_7', 'generator_23', 'generator_24', 'similar_color_1', 'generator_25', 'similar_color_6', 'generator_26', 'generator_27', 'generator_28', 'similar_color_4', 'generator_18', 'generator_29', 'generator_30', 'generator_31', 'generator_32', 'generator_33', 'similar_color_4', 'generator_34', 'generator_35', 'color_match', 'generator_36', 'generator_37', 'similar_color_3', 'generator_38', 'generator_39', 'generator_40', 'generator_41', 'generator_42']
number opened: 1
TRIAL 20
Action chosen: (triangle, white)
Outcome: False
partcle ids: ['similar_color_7', 'generator_22', 'similar_color_7', 'generator_23', 'generator_24', 'similar_color_1', 'generator_25', 'similar_color_6', 'generator_26', 'generator_27', 'generator_28', 'similar_color_4', 'generator_18', 'generator_29', 'generator_30', 'generator_31', 'generator_32', 'generator_33', 'similar_color_4', 'generator_34', 'generator_35', 'color_match', 'generator_36', 'generator_37', 'similar_color_3', 'generator_38', 'generator_39', 'generator_40', 'generator_41', 'generator_42']
number opened: 1
TRIAL 21
Action chosen: (cloud, pink)
Outcome: False
partcle ids: ['similar_color_7', 'generator_22', 'similar_color_7', 'generator_23', 'generator_24', 'similar_color_1', 'generator_25', 'similar_color_6', 'generator_26', 'generator_27', 'generator_28', 'similar_color_4', 'generator_18', 'generator_29', 'generator_30', 'generator_31', 'generator_32', 'generator_33', 'similar_color_4', 'generator_34', 'generator_35', 'color_match', 'generator_36', 'generator_37', 'similar_color_3', 'generator_38', 'generator_39', 'generator_40', 'generator_41', 'generator_42']
number opened: 1
TRIAL 22
Action chosen: (orange4, pink)
Outcome: False
partcle ids: ['similar_color_7', 'generator_22', 'similar_color_7', 'generator_23', 'generator_24', 'similar_color_1', 'generator_25', 'similar_color_6', 'generator_26', 'generator_27', 'generator_28', 'similar_color_4', 'generator_18', 'generator_29', 'generator_30', 'generator_31', 'generator_32', 'generator_33', 'similar_color_4', 'generator_34', 'generator_35', 'color_match', 'generator_36', 'generator_37', 'similar_color_3', 'generator_38', 'generator_39', 'generator_40', 'generator_41', 'generator_42']
number opened: 1
TRIAL 23
Action chosen: (pink, pink)
Outcome: False
partcle ids: ['similar_color_7', 'generator_22', 'similar_color_7', 'generator_23', 'generator_24', 'similar_color_1', 'generator_25', 'similar_color_6', 'generator_26', 'generator_27', 'generator_28', 'similar_color_4', 'generator_18', 'generator_29', 'generator_30', 'generator_31', 'generator_32', 'generator_33', 'similar_color_4', 'generator_34', 'generator_35', 'color_match', 'generator_36', 'generator_37', 'similar_color_3', 'generator_38', 'generator_39', 'generator_40', 'generator_41', 'generator_42']
number opened: 1
TRIAL 24
Action chosen: (grey2, pink)
Outcome: True
partcle ids: ['generator_38', 'generator_43', 'generator_44', 'generator_45', 'generator_46', 'generator_47', 'generator_48', 'generator_49', 'generator_50', 'generator_51', 'generator_52', 'generator_53', 'generator_54', 'generator_55', 'generator_56', 'generator_38', 'generator_58', 'generator_59', 'generator_60', 'generator_61', 'generator_62', 'generator_63', 'generator_64', 'generator_65', 'generator_66', 'generator_67', 'generator_68', 'generator_69', 'generator_70', 'generator_71']
number opened: 2
TRIAL 25
Action chosen: (blue, blue)
Outcome: False
partcle ids: ['generator_38', 'generator_43', 'generator_44', 'generator_45', 'generator_46', 'generator_47', 'generator_48', 'generator_49', 'generator_50', 'generator_51', 'generator_52', 'generator_53', 'generator_54', 'generator_55', 'generator_56', 'generator_38', 'generator_58', 'generator_59', 'generator_60', 'generator_61', 'generator_62', 'generator_63', 'generator_64', 'generator_65', 'generator_66', 'generator_67', 'generator_68', 'generator_69', 'generator_70', 'generator_71']
number opened: 2
TRIAL 26
Action chosen: (cloud, white)
Outcome: False
partcle ids: ['generator_38', 'generator_43', 'generator_44', 'generator_45', 'generator_46', 'generator_47', 'generator_48', 'generator_49', 'generator_50', 'generator_51', 'generator_52', 'generator_53', 'generator_54', 'generator_55', 'generator_56', 'generator_38', 'generator_58', 'generator_59', 'generator_60', 'generator_61', 'generator_62', 'generator_63', 'generator_64', 'generator_65', 'generator_66', 'generator_67', 'generator_68', 'generator_69', 'generator_70', 'generator_71']
number opened: 2
TRIAL 27
Action chosen: (green3, blue)
Outcome: False
partcle ids: ['generator_38', 'generator_43', 'generator_44', 'generator_45', 'generator_46', 'generator_47', 'generator_48', 'generator_49', 'generator_50', 'generator_51', 'generator_52', 'generator_53', 'generator_54', 'generator_55', 'generator_56', 'generator_38', 'generator_58', 'generator_59', 'generator_60', 'generator_61', 'generator_62', 'generator_63', 'generator_64', 'generator_65', 'generator_66', 'generator_67', 'generator_68', 'generator_69', 'generator_70', 'generator_71']
number opened: 2
TRIAL 28
Action chosen: (heart, purple)
Outcome: False
partcle ids: ['generator_38', 'generator_43', 'generator_44', 'generator_45', 'generator_46', 'generator_47', 'generator_48', 'generator_49', 'generator_50', 'generator_51', 'generator_52', 'generator_53', 'generator_54', 'generator_55', 'generator_56', 'generator_38', 'generator_58', 'generator_59', 'generator_60', 'generator_61', 'generator_62', 'generator_63', 'generator_64', 'generator_65', 'generator_66', 'generator_67', 'generator_68', 'generator_69', 'generator_70', 'generator_71']
number opened: 2
TRIAL 29
Action chosen: (yellow5, purple)
Outcome: False
partcle ids: ['generator_38', 'generator_43', 'generator_44', 'generator_45', 'generator_46', 'generator_47', 'generator_48', 'generator_49', 'generator_50', 'generator_51', 'generator_52', 'generator_53', 'generator_54', 'generator_55', 'generator_56', 'generator_38', 'generator_58', 'generator_59', 'generator_60', 'generator_61', 'generator_62', 'generator_63', 'generator_64', 'generator_65', 'generator_66', 'generator_67', 'generator_68', 'generator_69', 'generator_70', 'generator_71']
number opened: 2
TRIAL 30
Action chosen: (yellow5, white)
Outcome: False
partcle ids: ['generator_38', 'generator_43', 'generator_44', 'generator_45', 'generator_46', 'generator_47', 'generator_48', 'generator_49', 'generator_50', 'generator_51', 'generator_52', 'generator_53', 'generator_54', 'generator_55', 'generator_56', 'generator_38', 'generator_58', 'generator_59', 'generator_60', 'generator_61', 'generator_62', 'generator_63', 'generator_64', 'generator_65', 'generator_66', 'generator_67', 'generator_68', 'generator_69', 'generator_70', 'generator_71']
number opened: 2
TRIAL 31
Action chosen: (blue, blue)
Outcome: False
partcle ids: ['generator_38', 'generator_43', 'generator_44', 'generator_45', 'generator_46', 'generator_47', 'generator_48', 'generator_49', 'generator_50', 'generator_51', 'generator_52', 'generator_53', 'generator_54', 'generator_55', 'generator_56', 'generator_38', 'generator_58', 'generator_59', 'generator_60', 'generator_61', 'generator_62', 'generator_63', 'generator_64', 'generator_65', 'generator_66', 'generator_67', 'generator_68', 'generator_69', 'generator_70', 'generator_71']
number opened: 2
TRIAL 32
Action chosen: (cloud, white)
Outcome: False
partcle ids: ['generator_38', 'generator_43', 'generator_44', 'generator_45', 'generator_46', 'generator_47', 'generator_48', 'generator_49', 'generator_50', 'generator_51', 'generator_52', 'generator_53', 'generator_54', 'generator_55', 'generator_56', 'generator_38', 'generator_58', 'generator_59', 'generator_60', 'generator_61', 'generator_62', 'generator_63', 'generator_64', 'generator_65', 'generator_66', 'generator_67', 'generator_68', 'generator_69', 'generator_70', 'generator_71']
number opened: 2
TRIAL 33
Action chosen: (pink, blue)
Outcome: False
partcle ids: ['generator_38', 'generator_43', 'generator_44', 'generator_45', 'generator_46', 'generator_47', 'generator_48', 'generator_49', 'generator_50', 'generator_51', 'generator_52', 'generator_53', 'generator_54', 'generator_55', 'generator_56', 'generator_38', 'generator_58', 'generator_59', 'generator_60', 'generator_61', 'generator_62', 'generator_63', 'generator_64', 'generator_65', 'generator_66', 'generator_67', 'generator_68', 'generator_69', 'generator_70', 'generator_71']
number opened: 2
TRIAL 34
Action chosen: (heart, purple)
Outcome: False
partcle ids: ['generator_38', 'generator_43', 'generator_44', 'generator_45', 'generator_46', 'generator_47', 'generator_48', 'generator_49', 'generator_50', 'generator_51', 'generator_52', 'generator_53', 'generator_54', 'generator_55', 'generator_56', 'generator_38', 'generator_58', 'generator_59', 'generator_60', 'generator_61', 'generator_62', 'generator_63', 'generator_64', 'generator_65', 'generator_66', 'generator_67', 'generator_68', 'generator_69', 'generator_70', 'generator_71']
number opened: 2
TRIAL 35
Action chosen: (green3, blue)
Outcome: False
partcle ids: ['generator_38', 'generator_43', 'generator_44', 'generator_45', 'generator_46', 'generator_47', 'generator_48', 'generator_49', 'generator_50', 'generator_51', 'generator_52', 'generator_53', 'generator_54', 'generator_55', 'generator_56', 'generator_38', 'generator_58', 'generator_59', 'generator_60', 'generator_61', 'generator_62', 'generator_63', 'generator_64', 'generator_65', 'generator_66', 'generator_67', 'generator_68', 'generator_69', 'generator_70', 'generator_71']
number opened: 2
TRIAL 36
Action chosen: (green3, purple)
Outcome: True
partcle ids: ['generator_72', 'generator_73', 'generator_74', 'generator_62', 'generator_75', 'generator_76', 'generator_77', 'generator_76', 'generator_44', 'generator_79', 'generator_80', 'generator_44', 'generator_81', 'generator_82', 'generator_83', 'generator_84', 'generator_85', 'generator_86', 'generator_87', 'generator_86', 'generator_62', 'generator_89', 'generator_90', 'generator_91', 'generator_69', 'generator_55', 'generator_93', 'generator_94', 'generator_75', 'generator_69']
number opened: 3
TRIAL 37
Action chosen: (blue, blue)
Outcome: False
partcle ids: ['generator_72', 'generator_73', 'generator_74', 'generator_62', 'generator_75', 'generator_76', 'generator_77', 'generator_76', 'generator_44', 'generator_79', 'generator_80', 'generator_44', 'generator_81', 'generator_82', 'generator_83', 'generator_84', 'generator_85', 'generator_86', 'generator_87', 'generator_86', 'generator_62', 'generator_89', 'generator_90', 'generator_91', 'generator_69', 'generator_55', 'generator_93', 'generator_94', 'generator_75', 'generator_69']
number opened: 3
TRIAL 38
Action chosen: (cloud, white)
Outcome: False
partcle ids: ['generator_72', 'generator_73', 'generator_74', 'generator_62', 'generator_75', 'generator_76', 'generator_77', 'generator_76', 'generator_44', 'generator_79', 'generator_80', 'generator_44', 'generator_81', 'generator_82', 'generator_83', 'generator_84', 'generator_85', 'generator_86', 'generator_87', 'generator_86', 'generator_62', 'generator_89', 'generator_90', 'generator_91', 'generator_69', 'generator_55', 'generator_93', 'generator_94', 'generator_75', 'generator_69']
number opened: 3
TRIAL 39
Action chosen: (blue, white)
Outcome: False
partcle ids: ['generator_72', 'generator_73', 'generator_74', 'generator_62', 'generator_75', 'generator_76', 'generator_77', 'generator_76', 'generator_44', 'generator_79', 'generator_80', 'generator_44', 'generator_81', 'generator_82', 'generator_83', 'generator_84', 'generator_85', 'generator_86', 'generator_87', 'generator_86', 'generator_62', 'generator_89', 'generator_90', 'generator_91', 'generator_69', 'generator_55', 'generator_93', 'generator_94', 'generator_75', 'generator_69']
number opened: 3
TRIAL 40
Action chosen: (white, blue)
Outcome: False
partcle ids: ['generator_72', 'generator_73', 'generator_74', 'generator_62', 'generator_75', 'generator_76', 'generator_77', 'generator_76', 'generator_44', 'generator_79', 'generator_80', 'generator_44', 'generator_81', 'generator_82', 'generator_83', 'generator_84', 'generator_85', 'generator_86', 'generator_87', 'generator_86', 'generator_62', 'generator_89', 'generator_90', 'generator_91', 'generator_69', 'generator_55', 'generator_93', 'generator_94', 'generator_75', 'generator_69']
number opened: 3
TRIAL 41
Action chosen: (pink, white)
Outcome: False
partcle ids: ['generator_72', 'generator_73', 'generator_74', 'generator_62', 'generator_75', 'generator_76', 'generator_77', 'generator_76', 'generator_44', 'generator_79', 'generator_80', 'generator_44', 'generator_81', 'generator_82', 'generator_83', 'generator_84', 'generator_85', 'generator_86', 'generator_87', 'generator_86', 'generator_62', 'generator_89', 'generator_90', 'generator_91', 'generator_69', 'generator_55', 'generator_93', 'generator_94', 'generator_75', 'generator_69']
number opened: 3
TRIAL 42
Action chosen: (blue, blue)
Outcome: False
partcle ids: ['generator_72', 'generator_73', 'generator_74', 'generator_62', 'generator_75', 'generator_76', 'generator_77', 'generator_76', 'generator_44', 'generator_79', 'generator_80', 'generator_44', 'generator_81', 'generator_82', 'generator_83', 'generator_84', 'generator_85', 'generator_86', 'generator_87', 'generator_86', 'generator_62', 'generator_89', 'generator_90', 'generator_91', 'generator_69', 'generator_55', 'generator_93', 'generator_94', 'generator_75', 'generator_69']
number opened: 3
TRIAL 43
Action chosen: (triangle, blue)
Outcome: False
partcle ids: ['generator_72', 'generator_73', 'generator_74', 'generator_62', 'generator_75', 'generator_76', 'generator_77', 'generator_76', 'generator_44', 'generator_79', 'generator_80', 'generator_44', 'generator_81', 'generator_82', 'generator_83', 'generator_84', 'generator_85', 'generator_86', 'generator_87', 'generator_86', 'generator_62', 'generator_89', 'generator_90', 'generator_91', 'generator_69', 'generator_55', 'generator_93', 'generator_94', 'generator_75', 'generator_69']
number opened: 3
TRIAL 44
Action chosen: (purple, white)
Outcome: False
partcle ids: ['generator_72', 'generator_73', 'generator_74', 'generator_62', 'generator_75', 'generator_76', 'generator_77', 'generator_76', 'generator_44', 'generator_79', 'generator_80', 'generator_44', 'generator_81', 'generator_82', 'generator_83', 'generator_84', 'generator_85', 'generator_86', 'generator_87', 'generator_86', 'generator_62', 'generator_89', 'generator_90', 'generator_91', 'generator_69', 'generator_55', 'generator_93', 'generator_94', 'generator_75', 'generator_69']
number opened: 3
TRIAL 45
Action chosen: (cloud, white)
Outcome: False
partcle ids: ['generator_72', 'generator_73', 'generator_74', 'generator_62', 'generator_75', 'generator_76', 'generator_77', 'generator_76', 'generator_44', 'generator_79', 'generator_80', 'generator_44', 'generator_81', 'generator_82', 'generator_83', 'generator_84', 'generator_85', 'generator_86', 'generator_87', 'generator_86', 'generator_62', 'generator_89', 'generator_90', 'generator_91', 'generator_69', 'generator_55', 'generator_93', 'generator_94', 'generator_75', 'generator_69']
number opened: 3
TRIAL 46
Action chosen: (blue, white)
Outcome: False
partcle ids: ['generator_72', 'generator_73', 'generator_74', 'generator_62', 'generator_75', 'generator_76', 'generator_77', 'generator_76', 'generator_44', 'generator_79', 'generator_80', 'generator_44', 'generator_81', 'generator_82', 'generator_83', 'generator_84', 'generator_85', 'generator_86', 'generator_87', 'generator_86', 'generator_62', 'generator_89', 'generator_90', 'generator_91', 'generator_69', 'generator_55', 'generator_93', 'generator_94', 'generator_75', 'generator_69']
number opened: 3
TRIAL 47
Action chosen: (pink, blue)
Outcome: False
partcle ids: ['generator_72', 'generator_73', 'generator_74', 'generator_62', 'generator_75', 'generator_76', 'generator_77', 'generator_76', 'generator_44', 'generator_79', 'generator_80', 'generator_44', 'generator_81', 'generator_82', 'generator_83', 'generator_84', 'generator_85', 'generator_86', 'generator_87', 'generator_86', 'generator_62', 'generator_89', 'generator_90', 'generator_91', 'generator_69', 'generator_55', 'generator_93', 'generator_94', 'generator_75', 'generator_69']
number opened: 3
TRIAL 48
Action chosen: (pink, white)
Outcome: False
partcle ids: ['generator_72', 'generator_73', 'generator_74', 'generator_62', 'generator_75', 'generator_76', 'generator_77', 'generator_76', 'generator_44', 'generator_79', 'generator_80', 'generator_44', 'generator_81', 'generator_82', 'generator_83', 'generator_84', 'generator_85', 'generator_86', 'generator_87', 'generator_86', 'generator_62', 'generator_89', 'generator_90', 'generator_91', 'generator_69', 'generator_55', 'generator_93', 'generator_94', 'generator_75', 'generator_69']
number opened: 3
TRIAL 49
Action chosen: (white, blue)
Outcome: False
partcle ids: ['generator_72', 'generator_73', 'generator_74', 'generator_62', 'generator_75', 'generator_76', 'generator_77', 'generator_76', 'generator_44', 'generator_79', 'generator_80', 'generator_44', 'generator_81', 'generator_82', 'generator_83', 'generator_84', 'generator_85', 'generator_86', 'generator_87', 'generator_86', 'generator_62', 'generator_89', 'generator_90', 'generator_91', 'generator_69', 'generator_55', 'generator_93', 'generator_94', 'generator_75', 'generator_69']
number opened: 3
TRIAL 50
Action chosen: (blue, blue)
Outcome: False
partcle ids: ['generator_72', 'generator_73', 'generator_74', 'generator_62', 'generator_75', 'generator_76', 'generator_77', 'generator_76', 'generator_44', 'generator_79', 'generator_80', 'generator_44', 'generator_81', 'generator_82', 'generator_83', 'generator_84', 'generator_85', 'generator_86', 'generator_87', 'generator_86', 'generator_62', 'generator_89', 'generator_90', 'generator_91', 'generator_69', 'generator_55', 'generator_93', 'generator_94', 'generator_75', 'generator_69']
number opened: 3
TRIAL 51
Action chosen: (triangle, blue)
Outcome: False
partcle ids: ['generator_72', 'generator_73', 'generator_74', 'generator_62', 'generator_75', 'generator_76', 'generator_77', 'generator_76', 'generator_44', 'generator_79', 'generator_80', 'generator_44', 'generator_81', 'generator_82', 'generator_83', 'generator_84', 'generator_85', 'generator_86', 'generator_87', 'generator_86', 'generator_62', 'generator_89', 'generator_90', 'generator_91', 'generator_69', 'generator_55', 'generator_93', 'generator_94', 'generator_75', 'generator_69']
number opened: 3
TRIAL 52
Action chosen: (purple, white)
Outcome: False
partcle ids: ['generator_72', 'generator_73', 'generator_74', 'generator_62', 'generator_75', 'generator_76', 'generator_77', 'generator_76', 'generator_44', 'generator_79', 'generator_80', 'generator_44', 'generator_81', 'generator_82', 'generator_83', 'generator_84', 'generator_85', 'generator_86', 'generator_87', 'generator_86', 'generator_62', 'generator_89', 'generator_90', 'generator_91', 'generator_69', 'generator_55', 'generator_93', 'generator_94', 'generator_75', 'generator_69']
number opened: 3
TRIAL 53
Action chosen: (diamond, blue)
Outcome: False
partcle ids: ['generator_72', 'generator_73', 'generator_74', 'generator_62', 'generator_75', 'generator_76', 'generator_77', 'generator_76', 'generator_44', 'generator_79', 'generator_80', 'generator_44', 'generator_81', 'generator_82', 'generator_83', 'generator_84', 'generator_85', 'generator_86', 'generator_87', 'generator_86', 'generator_62', 'generator_89', 'generator_90', 'generator_91', 'generator_69', 'generator_55', 'generator_93', 'generator_94', 'generator_75', 'generator_69']
number opened: 3
TRIAL 54
Action chosen: (yellow5, white)
Outcome: False
partcle ids: ['generator_72', 'generator_73', 'generator_74', 'generator_62', 'generator_75', 'generator_76', 'generator_77', 'generator_76', 'generator_44', 'generator_79', 'generator_80', 'generator_44', 'generator_81', 'generator_82', 'generator_83', 'generator_84', 'generator_85', 'generator_86', 'generator_87', 'generator_86', 'generator_62', 'generator_89', 'generator_90', 'generator_91', 'generator_69', 'generator_55', 'generator_93', 'generator_94', 'generator_75', 'generator_69']
number opened: 3
TRIAL 55
Action chosen: (pink, blue)
Outcome: False
partcle ids: ['generator_72', 'generator_73', 'generator_74', 'generator_62', 'generator_75', 'generator_76', 'generator_77', 'generator_76', 'generator_44', 'generator_79', 'generator_80', 'generator_44', 'generator_81', 'generator_82', 'generator_83', 'generator_84', 'generator_85', 'generator_86', 'generator_87', 'generator_86', 'generator_62', 'generator_89', 'generator_90', 'generator_91', 'generator_69', 'generator_55', 'generator_93', 'generator_94', 'generator_75', 'generator_69']
number opened: 3
TRIAL 56
Action chosen: (cloud, white)
Outcome: False
partcle ids: ['generator_72', 'generator_73', 'generator_74', 'generator_62', 'generator_75', 'generator_76', 'generator_77', 'generator_76', 'generator_44', 'generator_79', 'generator_80', 'generator_44', 'generator_81', 'generator_82', 'generator_83', 'generator_84', 'generator_85', 'generator_86', 'generator_87', 'generator_86', 'generator_62', 'generator_89', 'generator_90', 'generator_91', 'generator_69', 'generator_55', 'generator_93', 'generator_94', 'generator_75', 'generator_69']
number opened: 3
TRIAL 57
Action chosen: (blue, white)
Outcome: False
partcle ids: ['generator_72', 'generator_73', 'generator_74', 'generator_62', 'generator_75', 'generator_76', 'generator_77', 'generator_76', 'generator_44', 'generator_79', 'generator_80', 'generator_44', 'generator_81', 'generator_82', 'generator_83', 'generator_84', 'generator_85', 'generator_86', 'generator_87', 'generator_86', 'generator_62', 'generator_89', 'generator_90', 'generator_91', 'generator_69', 'generator_55', 'generator_93', 'generator_94', 'generator_75', 'generator_69']
number opened: 3
TRIAL 58
Action chosen: (orange4, white)
Outcome: True
partcle ids: ['generator_96', 'generator_97', 'number_match', 'generator_97', 'generator_98', 'generator_99', 'generator_62', 'generator_75', 'generator_100', 'generator_99', 'generator_100', 'generator_98', 'generator_75', 'generator_75', 'generator_98', 'generator_99', 'number_match', 'generator_62', 'generator_75', 'generator_75', 'generator_98', 'generator_97', 'generator_100', 'generator_75', 'generator_98', 'generator_75', 'generator_99', 'number_match', 'number_match', 'generator_100']
number opened: 4
TRIAL 59
Action chosen: (white, blue)
Outcome: False
partcle ids: ['generator_96', 'generator_97', 'number_match', 'generator_97', 'generator_98', 'generator_99', 'generator_62', 'generator_75', 'generator_100', 'generator_99', 'generator_100', 'generator_98', 'generator_75', 'generator_75', 'generator_98', 'generator_99', 'number_match', 'generator_62', 'generator_75', 'generator_75', 'generator_98', 'generator_97', 'generator_100', 'generator_75', 'generator_98', 'generator_75', 'generator_99', 'number_match', 'number_match', 'generator_100']
number opened: 4
TRIAL 60
Action chosen: (triangle, blue)
Outcome: False
partcle ids: ['generator_96', 'generator_97', 'number_match', 'generator_97', 'generator_98', 'generator_99', 'generator_62', 'generator_75', 'generator_100', 'generator_99', 'generator_100', 'generator_98', 'generator_75', 'generator_75', 'generator_98', 'generator_99', 'number_match', 'generator_62', 'generator_75', 'generator_75', 'generator_98', 'generator_97', 'generator_100', 'generator_75', 'generator_98', 'generator_75', 'generator_99', 'number_match', 'number_match', 'generator_100']
number opened: 4
TRIAL 61
Action chosen: (heart, blue)
Outcome: False
partcle ids: ['generator_96', 'generator_97', 'number_match', 'generator_97', 'generator_98', 'generator_99', 'generator_62', 'generator_75', 'generator_100', 'generator_99', 'generator_100', 'generator_98', 'generator_75', 'generator_75', 'generator_98', 'generator_99', 'number_match', 'generator_62', 'generator_75', 'generator_75', 'generator_98', 'generator_97', 'generator_100', 'generator_75', 'generator_98', 'generator_75', 'generator_99', 'number_match', 'number_match', 'generator_100']
number opened: 4
TRIAL 62
Action chosen: (diamond, blue)
Outcome: False
partcle ids: ['generator_96', 'generator_97', 'number_match', 'generator_97', 'generator_98', 'generator_99', 'generator_62', 'generator_75', 'generator_100', 'generator_99', 'generator_100', 'generator_98', 'generator_75', 'generator_75', 'generator_98', 'generator_99', 'number_match', 'generator_62', 'generator_75', 'generator_75', 'generator_98', 'generator_97', 'generator_100', 'generator_75', 'generator_98', 'generator_75', 'generator_99', 'number_match', 'number_match', 'generator_100']
number opened: 4
TRIAL 63
Action chosen: (yellow5, blue)
Outcome: True
partcle ids: ['number_match', 'number_match', 'number_match', 'number_match', 'number_match', 'number_match', 'number_match', 'number_match', 'number_match', 'number_match', 'number_match', 'number_match', 'number_match', 'number_match', 'number_match', 'number_match', 'number_match', 'number_match', 'number_match', 'number_match', 'number_match', 'number_match', 'number_match', 'number_match', 'number_match', 'number_match', 'number_match', 'number_match', 'number_match', 'number_match']
number opened: 5
{"attempts": 63, "unique_key_box_pairs": 28, "revisit_attempts": 35, "revisit_rate": 0.5645161290322581, "attempts_before_abandoning_color_matching": 3, "color_matching_abandoned": true}
