{"Child_ID": "D004", "SoC_variant": "SoC-Gen", "theta": [19, 1], "p_gen": 0.9, "true_prior": 0.02, "run_number": 96, "seed": 1284040665113007367}
TRIAL 1
Action chosen: (pink, pink)
Outcome: False
partcle ids: ['generator_1', 'generator_2', 'generator_3', 'generator_4', 'similar_color_9', 'order_match', 'similar_color_13', 'generator_5', 'generator_6', 'generator_7', 'shape_match', 'number_match', 'generator_8', 'generator_9', 'generator_10', 'generator_11', 'generator_12', 'generator_13', 'generator_14', 'generator_15', 'generator_16', 'generator_17', 'generator_18', 'generator_19', 'generator_20', 'similar_color_6', 'generator_21', 'generator_22', 'generator_23', 'generator_24']
number opened: 0
TRIAL 2
Action chosen: (red, purple)
Outcome: False
partcle ids: ['generator_1', 'generator_2', 'generator_3', 'generator_4', 'similar_color_9', 'order_match', 'similar_color_13', 'generator_5', 'generator_6', 'generator_7', 'shape_match', 'number_match', 'generator_8', 'generator_9', 'generator_10', 'generator_11', 'generator_12', 'generator_13', 'generator_14', 'generator_15', 'generator_16', 'generator_17', 'generator_18', 'generator_19', 'generator_20', 'similar_color_6', 'generator_21', 'generator_22', 'generator_23', 'generator_24']
number opened: 0
TRIAL 3
Action chosen: (heart, purple)
Outcome: False
partcle ids: ['generator_13', 'generator_25', 'generator_26', 'generator_3', 'generator_27', 'generator_28', 'generator_29', 'generator_5', 'generator_30', 'generator_31', 'generator_32', 'generator_33', 'generator_34', 'generator_8', 'generator_36', 'generator_23', 'generator_38', 'generator_39', 'generator_40', 'generator_41', 'generator_42', 'generator_43', 'generator_44', 'generator_45', 'generator_46', 'generator_47', 'generator_8', 'generator_6', 'generator_50', 'generator_51']
number opened: 0
TRIAL 4
Action chosen: (white, blue)
Outcome: False
partcle ids: ['generator_13', 'generator_25', 'generator_26', 'generator_3', 'generator_27', 'generator_28', 'generator_29', 'generator_5', 'generator_30', 'generator_31', 'generator_32', 'generator_33', 'generator_34', 'generator_8', 'generator_36', 'generator_23', 'generator_38', 'generator_39', 'generator_40', 'generator_41', 'generator_42', 'generator_43', 'generator_44', 'generator_45', 'generator_46', 'generator_47', 'generator_8', 'generator_6', 'generator_50', 'generator_51']
number opened: 0
TRIAL 5
Action chosen: (white, pink)
Outcome: False
partcle ids: ['generator_13', 'generator_25', 'generator_26', 'generator_3', 'generator_27', 'generator_28', 'generator_29', 'generator_5', 'generator_30', 'generator_31', 'generator_32', 'generator_33', 'generator_34', 'generator_8', 'generator_36', 'generator_23', 'generator_38', 'generator_39', 'generator_40', 'generator_41', 'generator_42', 'generator_43', 'generator_44', 'generator_45', 'generator_46', 'generator_47', 'generator_8', 'generator_6', 'generator_50', 'generator_51']
number opened: 0
TRIAL 6
Action chosen: (heart, red)
Outcome: False
partcle ids: ['generator_13', 'generator_25', 'generator_26', 'generator_3', 'generator_27', 'generator_28', 'generator_29', 'generator_5', 'generator_30', 'generator_31', 'generator_32', 'generator_33', 'generator_34', 'generator_8', 'generator_36', 'generator_23', 'generator_38', 'generator_39', 'generator_40', 'generator_41', 'generator_42', 'generator_43', 'generator_44', 'generator_45', 'generator_46', 'generator_47', 'generator_8', 'generator_6', 'generator_50', 'generator_51']
number opened: 0
TRIAL 7
Action chosen: (orange4, red)
Outcome: False
partcle ids: ['generator_52', 'generator_53', 'generator_54', 'generator_46', 'generator_56', 'generator_50', 'generator_57', 'generator_58', 'generator_8', 'generator_36', 'generator_46', 'generator_34', 'generator_50', 'generator_42', 'generator_63', 'generator_36', 'generator_50', 'generator_34', 'generator_67', 'generator_34', 'generator_47', 'generator_69', 'generator_70', 'generator_71', 'generator_72', 'generator_38', 'generator_45', 'generator_38', 'generator_43', 'generator_76']
number opened: 0
TRIAL 8
Action chosen: (diamond, blue)
Outcome: False
partcle ids: ['generator_52', 'generator_53', 'generator_54', 'generator_46', 'generator_56', 'generator_50', 'generator_57', 'generator_58', 'generator_8', 'generator_36', 'generator_46', 'generator_34', 'generator_50', 'generator_42', 'generator_63', 'generator_36', 'generator_50', 'generator_34', 'generator_67', 'generator_34', 'generator_47', 'generator_69', 'generator_70', 'generator_71', 'generator_72', 'generator_38', 'generator_45', 'generator_38', 'generator_43', 'generator_76']
number opened: 0
TRIAL 9
Action chosen: (triangle, pink)
Outcome: False
partcle ids: ['generator_52', 'generator_53', 'generator_54', 'generator_46', 'generator_56', 'generator_50', 'generator_57', 'generator_58', 'generator_8', 'generator_36', 'generator_46', 'generator_34', 'generator_50', 'generator_42', 'generator_63', 'generator_36', 'generator_50', 'generator_34', 'generator_67', 'generator_34', 'generator_47', 'generator_69', 'generator_70', 'generator_71', 'generator_72', 'generator_38', 'generator_45', 'generator_38', 'generator_43', 'generator_76']
number opened: 0
TRIAL 10
Action chosen: (white, red)
Outcome: False
partcle ids: ['generator_77', 'generator_46', 'generator_43', 'generator_47', 'generator_46', 'generator_47', 'generator_82', 'generator_83', 'generator_45', 'generator_72', 'generator_85', 'generator_86', 'generator_87', 'generator_47', 'generator_89', 'generator_90', 'generator_91', 'generator_69', 'generator_46', 'generator_94', 'generator_95', 'generator_96', 'generator_71', 'generator_42', 'generator_99', 'generator_100', 'generator_63', 'generator_69', 'generator_69', 'generator_103']
number opened: 0
TRIAL 11
Action chosen: (red, red)
Outcome: True
partcle ids: ['generator_104', 'generator_103', 'generator_106', 'generator_107', 'generator_69', 'generator_108', 'generator_109', 'generator_110', 'generator_111', 'generator_112', 'generator_42', 'generator_69', 'generator_69', 'generator_115', 'generator_103', 'generator_82', 'generator_118', 'generator_119', 'generator_120', 'generator_69', 'generator_69', 'generator_122', 'generator_123', 'generator_124', 'generator_69', 'generator_126', 'generator_127', 'generator_69', 'generator_128', 'generator_69']
number opened: 1
TRIAL 12
Action chosen: (cloud, blue)
Outcome: False
partcle ids: ['generator_104', 'generator_103', 'generator_106', 'generator_107', 'generator_69', 'generator_108', 'generator_109', 'generator_110', 'generator_111', 'generator_112', 'generator_42', 'generator_69', 'generator_69', 'generator_115', 'generator_103', 'generator_82', 'generator_118', 'generator_119', 'generator_120', 'generator_69', 'generator_69', 'generator_122', 'generator_123', 'generator_124', 'generator_69', 'generator_126', 'generator_127', 'generator_69', 'generator_128', 'generator_69']
number opened: 1
TRIAL 13
Action chosen: (pink, purple)
Outcome: False
partcle ids: ['generator_120', 'generator_109', 'generator_103', 'generator_132', 'generator_119', 'generator_104', 'generator_107', 'generator_107', 'generator_123', 'generator_123', 'generator_136', 'generator_137', 'generator_138', 'generator_139', 'generator_140', 'generator_103', 'generator_123', 'generator_142', 'generator_143', 'generator_144', 'generator_145', 'generator_146', 'generator_123', 'generator_110', 'generator_147', 'generator_120', 'generator_42', 'generator_150', 'generator_42', 'generator_103']
number opened: 1
TRIAL 14
Action chosen: (purple, blue)
Outcome: False
partcle ids: ['generator_120', 'generator_109', 'generator_103', 'generator_132', 'generator_119', 'generator_104', 'generator_107', 'generator_107', 'generator_123', 'generator_123', 'generator_136', 'generator_137', 'generator_138', 'generator_139', 'generator_140', 'generator_103', 'generator_123', 'generator_142', 'generator_143', 'generator_144', 'generator_145', 'generator_146', 'generator_123', 'generator_110', 'generator_147', 'generator_120', 'generator_42', 'generator_150', 'generator_42', 'generator_103']
number opened: 1
TRIAL 15
Action chosen: (diamond, pink)
Outcome: False
partcle ids: ['generator_120', 'generator_109', 'generator_103', 'generator_132', 'generator_119', 'generator_104', 'generator_107', 'generator_107', 'generator_123', 'generator_123', 'generator_136', 'generator_137', 'generator_138', 'generator_139', 'generator_140', 'generator_103', 'generator_123', 'generator_142', 'generator_143', 'generator_144', 'generator_145', 'generator_146', 'generator_123', 'generator_110', 'generator_147', 'generator_120', 'generator_42', 'generator_150', 'generator_42', 'generator_103']
number opened: 1
TRIAL 16
Action chosen: (heart, blue)
Outcome: False
partcle ids: ['generator_136', 'generator_154', 'generator_155', 'generator_107', 'generator_140', 'generator_158', 'generator_110', 'generator_160', 'generator_161', 'generator_145', 'generator_136', 'generator_107', 'generator_165', 'generator_109', 'generator_104', 'generator_146', 'generator_169', 'generator_170', 'generator_139', 'generator_142', 'generator_171', 'generator_136', 'generator_136', 'generator_140', 'generator_138', 'generator_139', 'generator_176', 'generator_177', 'generator_136', 'generator_179']
number opened: 1
TRIAL 17
Action chosen: (green3, blue)
Outcome: False
partcle ids: ['generator_136', 'generator_154', 'generator_155', 'generator_107', 'generator_140', 'generator_158', 'generator_110', 'generator_160', 'generator_161', 'generator_145', 'generator_136', 'generator_107', 'generator_165', 'generator_109', 'generator_104', 'generator_146', 'generator_169', 'generator_170', 'generator_139', 'generator_142', 'generator_171', 'generator_136', 'generator_136', 'generator_140', 'generator_138', 'generator_139', 'generator_176', 'generator_177', 'generator_136', 'generator_179']
number opened: 1
TRIAL 18
Action chosen: (triangle, blue)
Outcome: False
partcle ids: ['generator_136', 'generator_154', 'generator_155', 'generator_107', 'generator_140', 'generator_158', 'generator_110', 'generator_160', 'generator_161', 'generator_145', 'generator_136', 'generator_107', 'generator_165', 'generator_109', 'generator_104', 'generator_146', 'generator_169', 'generator_170', 'generator_139', 'generator_142', 'generator_171', 'generator_136', 'generator_136', 'generator_140', 'generator_138', 'generator_139', 'generator_176', 'generator_177', 'generator_136', 'generator_179']
number opened: 1
TRIAL 19
Action chosen: (heart, white)
Outcome: False
partcle ids: ['generator_145', 'generator_181', 'generator_177', 'generator_183', 'generator_104', 'generator_138', 'generator_138', 'generator_136', 'generator_176', 'generator_138', 'generator_155', 'generator_177', 'generator_146', 'generator_160', 'generator_176', 'generator_176', 'generator_138', 'generator_146', 'generator_197', 'generator_198', 'generator_177', 'generator_200', 'generator_146', 'generator_202', 'generator_203', 'generator_177', 'generator_205', 'generator_146', 'generator_138', 'generator_177']
number opened: 1
TRIAL 20
Action chosen: (pink, blue)
Outcome: False
partcle ids: ['generator_145', 'generator_181', 'generator_177', 'generator_183', 'generator_104', 'generator_138', 'generator_138', 'generator_136', 'generator_176', 'generator_138', 'generator_155', 'generator_177', 'generator_146', 'generator_160', 'generator_176', 'generator_176', 'generator_138', 'generator_146', 'generator_197', 'generator_198', 'generator_177', 'generator_200', 'generator_146', 'generator_202', 'generator_203', 'generator_177', 'generator_205', 'generator_146', 'generator_138', 'generator_177']
number opened: 1
TRIAL 21
Action chosen: (orange4, blue)
Outcome: False
partcle ids: ['generator_207', 'generator_160', 'generator_209', 'generator_145', 'generator_160', 'generator_212', 'generator_213', 'generator_136', 'generator_145', 'generator_160', 'generator_160', 'generator_218', 'generator_200', 'number_match', 'generator_197', 'generator_221', 'generator_203', 'generator_145', 'generator_181', 'generator_223', 'generator_160', 'generator_225', 'number_match', 'generator_205', 'generator_227', 'generator_228', 'generator_181', 'generator_205', 'generator_205', 'generator_203']
number opened: 1
TRIAL 22
Action chosen: (grey2, blue)
Outcome: False
partcle ids: ['generator_207', 'generator_160', 'generator_209', 'generator_145', 'generator_160', 'generator_212', 'generator_213', 'generator_136', 'generator_145', 'generator_160', 'generator_160', 'generator_218', 'generator_200', 'number_match', 'generator_197', 'generator_221', 'generator_203', 'generator_145', 'generator_181', 'generator_223', 'generator_160', 'generator_225', 'number_match', 'generator_205', 'generator_227', 'generator_228', 'generator_181', 'generator_205', 'generator_205', 'generator_203']
number opened: 1
TRIAL 23
Action chosen: (cloud, purple)
Outcome: False
partcle ids: ['generator_207', 'generator_160', 'generator_209', 'generator_145', 'generator_160', 'generator_212', 'generator_213', 'generator_136', 'generator_145', 'generator_160', 'generator_160', 'generator_218', 'generator_200', 'number_match', 'generator_197', 'generator_221', 'generator_203', 'generator_145', 'generator_181', 'generator_223', 'generator_160', 'generator_225', 'number_match', 'generator_205', 'generator_227', 'generator_228', 'generator_181', 'generator_205', 'generator_205', 'generator_203']
number opened: 1
TRIAL 24
Action chosen: (orange4, white)
Outcome: True
partcle ids: ['generator_233', 'generator_234', 'generator_235', 'generator_236', 'generator_145', 'generator_238', 'generator_239', 'generator_240', 'generator_241', 'generator_242', 'generator_145', 'generator_145', 'generator_145', 'generator_145', 'generator_246', 'generator_145', 'generator_247', 'generator_145', 'generator_145', 'generator_145', 'generator_145', 'number_match', 'generator_253', 'generator_145', 'number_match', 'generator_256', 'generator_145', 'generator_145', 'generator_259', 'generator_260']
number opened: 2
TRIAL 25
Action chosen: (green3, pink)
Outcome: False
partcle ids: ['generator_233', 'generator_234', 'generator_235', 'generator_236', 'generator_145', 'generator_238', 'generator_239', 'generator_240', 'generator_241', 'generator_242', 'generator_145', 'generator_145', 'generator_145', 'generator_145', 'generator_246', 'generator_145', 'generator_247', 'generator_145', 'generator_145', 'generator_145', 'generator_145', 'number_match', 'generator_253', 'generator_145', 'number_match', 'generator_256', 'generator_145', 'generator_145', 'generator_259', 'generator_260']
number opened: 2
TRIAL 26
Action chosen: (yellow5, blue)
Outcome: True
partcle ids: ['number_match', 'generator_262', 'generator_240', 'generator_264', 'generator_265', 'generator_266', 'generator_267', 'generator_268', 'generator_269', 'generator_270', 'generator_256', 'generator_271', 'generator_272', 'generator_273', 'generator_274', 'generator_234', 'generator_234', 'generator_234', 'generator_234', 'generator_278', 'generator_234', 'generator_234', 'generator_279', 'generator_280', 'generator_270', 'number_match', 'generator_281', 'generator_282', 'generator_240', 'number_match']
number opened: 3
TRIAL 27
Action chosen: (heart, pink)
Outcome: False
partcle ids: ['number_match', 'generator_262', 'generator_240', 'generator_264', 'generator_265', 'generator_266', 'generator_267', 'generator_268', 'generator_269', 'generator_270', 'generator_256', 'generator_271', 'generator_272', 'generator_273', 'generator_274', 'generator_234', 'generator_234', 'generator_234', 'generator_234', 'generator_278', 'generator_234', 'generator_234', 'generator_279', 'generator_280', 'generator_270', 'number_match', 'generator_281', 'generator_282', 'generator_240', 'number_match']
number opened: 3
TRIAL 28
Action chosen: (purple, pink)
Outcome: False
partcle ids: ['number_match', 'generator_262', 'generator_240', 'generator_264', 'generator_265', 'generator_266', 'generator_267', 'generator_268', 'generator_269', 'generator_270', 'generator_256', 'generator_271', 'generator_272', 'generator_273', 'generator_274', 'generator_234', 'generator_234', 'generator_234', 'generator_234', 'generator_278', 'generator_234', 'generator_234', 'generator_279', 'generator_280', 'generator_270', 'number_match', 'generator_281', 'generator_282', 'generator_240', 'number_match']
number opened: 3
TRIAL 29
Action chosen: (blue, pink)
Outcome: False
partcle ids: ['generator_270', 'generator_284', 'generator_281', 'generator_270', 'number_match', 'number_match', 'number_match', 'generator_281', 'number_match', 'generator_289', 'generator_290', 'generator_271', 'generator_270', 'generator_265', 'number_match', 'generator_282', 'generator_264', 'generator_281', 'generator_270', 'number_match', 'generator_270', 'number_match', 'generator_297', 'number_match', 'generator_155', 'generator_281', 'generator_281', 'number_match', 'generator_300', 'number_match']
number opened: 3
TRIAL 30
Action chosen: (grey2, pink)
Outcome: True
partcle ids: ['generator_270', 'generator_284', 'generator_281', 'generator_270', 'number_match', 'number_match', 'number_match', 'generator_281', 'number_match', 'generator_289', 'generator_290', 'generator_271', 'generator_270', 'generator_265', 'number_match', 'generator_282', 'generator_264', 'generator_281', 'generator_270', 'number_match', 'generator_270', 'number_match', 'generator_297', 'number_match', 'generator_155', 'generator_281', 'generator_281', 'number_match', 'generator_300', 'number_match']
number opened: 4
TRIAL 31
Action chosen: (green3, purple)
Outcome: True
partcle ids: ['number_match', 'number_match', 'number_match', 'number_match', 'number_match', 'number_match', 'number_match', 'number_match', 'number_match', 'number_match', 'number_match', 'number_match', 'number_match', 'number_match', 'number_match', 'number_match', 'number_match', 'number_match', 'number_match', 'number_match', 'number_match', 'number_match', 'number_match', 'number_match', 'number_match', 'number_match', 'number_match', 'number_match', 'number_match', 'number_match']
number opened: 5
{"attempts": 31, "unique_key_box_pairs": 31, "revisit_attempts": 0, "revisit_rate": 0.0, "attempts_before_abandoning_color_matching": 1, "color_matching_abandoned": true}
