{"Child_ID": "D004", "SoC_variant": "SoC-Gen", "theta": [19, 1], "p_gen": 0.9, "true_prior": 0.02, "run_number": 39, "seed": 4087413250623840813}
TRIAL 1
Action chosen: (orange4, blue)
Outcome: False
partcle ids: ['generator_1', 'generator_2', 'generator_3', 'generator_4', 'generator_5', 'generator_6', 'generator_7', 'generator_8', 'generator_9', 'generator_10', 'generator_11', 'generator_12', 'generator_13', 'generator_14', 'generator_15', 'generator_16', 'generator_17', 'generator_18', 'generator_19', 'generator_20', 'generator_21', 'generator_22', 'number_match', 'generator_23', 'generator_24', 'generator_25', 'generator_26', 'generator_27', 'generator_28', 'generator_29']
number opened: 0
TRIAL 2
Action chosen: (grey2, red)
Outcome: False
partcle ids: ['generator_1', 'generator_2', 'generator_3', 'generator_4', 'generator_5', 'generator_6', 'generator_7', 'generator_8', 'generator_9', 'generator_10', 'generator_11', 'generator_12', 'generator_13', 'generator_14', 'generator_15', 'generator_16', 'generator_17', 'generator_18', 'generator_19', 'generator_20', 'generator_21', 'generator_22', 'number_match', 'generator_23', 'generator_24', 'generator_25', 'generator_26', 'generator_27', 'generator_28', 'generator_29']
number opened: 0
TRIAL 3
Action chosen: (diamond, white)
Outcome: False
partcle ids: ['generator_1', 'generator_2', 'generator_3', 'generator_4', 'generator_5', 'generator_6', 'generator_7', 'generator_8', 'generator_9', 'generator_10', 'generator_11', 'generator_12', 'generator_13', 'generator_14', 'generator_15', 'generator_16', 'generator_17', 'generator_18', 'generator_19', 'generator_20', 'generator_21', 'generator_22', 'number_match', 'generator_23', 'generator_24', 'generator_25', 'generator_26', 'generator_27', 'generator_28', 'generator_29']
number opened: 0
TRIAL 4
Action chosen: (cloud, blue)
Outcome: False
partcle ids: ['generator_30', 'generator_31', 'generator_18', 'generator_33', 'generator_34', 'generator_35', 'generator_36', 'generator_37', 'generator_38', 'generator_39', 'generator_40', 'generator_41', 'generator_42', 'generator_43', 'generator_44', 'generator_45', 'generator_46', 'generator_47', 'generator_48', 'generator_7', 'generator_23', 'generator_51', 'generator_29', 'generator_53', 'generator_24', 'generator_9', 'generator_29', 'generator_7', 'generator_57', 'generator_58']
number opened: 0
TRIAL 5
Action chosen: (diamond, blue)
Outcome: False
partcle ids: ['generator_30', 'generator_31', 'generator_18', 'generator_33', 'generator_34', 'generator_35', 'generator_36', 'generator_37', 'generator_38', 'generator_39', 'generator_40', 'generator_41', 'generator_42', 'generator_43', 'generator_44', 'generator_45', 'generator_46', 'generator_47', 'generator_48', 'generator_7', 'generator_23', 'generator_51', 'generator_29', 'generator_53', 'generator_24', 'generator_9', 'generator_29', 'generator_7', 'generator_57', 'generator_58']
number opened: 0
TRIAL 6
Action chosen: (red, white)
Outcome: False
partcle ids: ['generator_30', 'generator_31', 'generator_18', 'generator_33', 'generator_34', 'generator_35', 'generator_36', 'generator_37', 'generator_38', 'generator_39', 'generator_40', 'generator_41', 'generator_42', 'generator_43', 'generator_44', 'generator_45', 'generator_46', 'generator_47', 'generator_48', 'generator_7', 'generator_23', 'generator_51', 'generator_29', 'generator_53', 'generator_24', 'generator_9', 'generator_29', 'generator_7', 'generator_57', 'generator_58']
number opened: 0
TRIAL 7
Action chosen: (white, purple)
Outcome: False
partcle ids: ['generator_30', 'generator_31', 'generator_18', 'generator_33', 'generator_34', 'generator_35', 'generator_36', 'generator_37', 'generator_38', 'generator_39', 'generator_40', 'generator_41', 'generator_42', 'generator_43', 'generator_44', 'generator_45', 'generator_46', 'generator_47', 'generator_48', 'generator_7', 'generator_23', 'generator_51', 'generator_29', 'generator_53', 'generator_24', 'generator_9', 'generator_29', 'generator_7', 'generator_57', 'generator_58']
number opened: 0
TRIAL 8
Action chosen: (grey2, blue)
Outcome: False
partcle ids: ['generator_18', 'generator_59', 'generator_47', 'generator_61', 'generator_45', 'generator_63', 'generator_31', 'generator_64', 'generator_48', 'generator_66', 'generator_67', 'generator_31', 'generator_36', 'generator_69', 'generator_70', 'generator_71', 'generator_72', 'generator_73', 'generator_74', 'generator_31', 'generator_76', 'generator_77', 'generator_78', 'generator_79', 'generator_80', 'generator_51', 'generator_18', 'generator_83', 'generator_36', 'generator_85']
number opened: 0
TRIAL 9
Action chosen: (red, blue)
Outcome: False
partcle ids: ['generator_18', 'generator_59', 'generator_47', 'generator_61', 'generator_45', 'generator_63', 'generator_31', 'generator_64', 'generator_48', 'generator_66', 'generator_67', 'generator_31', 'generator_36', 'generator_69', 'generator_70', 'generator_71', 'generator_72', 'generator_73', 'generator_74', 'generator_31', 'generator_76', 'generator_77', 'generator_78', 'generator_79', 'generator_80', 'generator_51', 'generator_18', 'generator_83', 'generator_36', 'generator_85']
number opened: 0
TRIAL 10
Action chosen: (diamond, purple)
Outcome: False
partcle ids: ['generator_18', 'generator_59', 'generator_47', 'generator_61', 'generator_45', 'generator_63', 'generator_31', 'generator_64', 'generator_48', 'generator_66', 'generator_67', 'generator_31', 'generator_36', 'generator_69', 'generator_70', 'generator_71', 'generator_72', 'generator_73', 'generator_74', 'generator_31', 'generator_76', 'generator_77', 'generator_78', 'generator_79', 'generator_80', 'generator_51', 'generator_18', 'generator_83', 'generator_36', 'generator_85']
number opened: 0
TRIAL 11
Action chosen: (white, blue)
Outcome: False
partcle ids: ['generator_18', 'generator_59', 'generator_47', 'generator_61', 'generator_45', 'generator_63', 'generator_31', 'generator_64', 'generator_48', 'generator_66', 'generator_67', 'generator_31', 'generator_36', 'generator_69', 'generator_70', 'generator_71', 'generator_72', 'generator_73', 'generator_74', 'generator_31', 'generator_76', 'generator_77', 'generator_78', 'generator_79', 'generator_80', 'generator_51', 'generator_18', 'generator_83', 'generator_36', 'generator_85']
number opened: 0
TRIAL 12
Action chosen: (pink, white)
Outcome: False
partcle ids: ['generator_51', 'generator_77', 'generator_18', 'generator_89', 'generator_77', 'generator_90', 'generator_73', 'generator_18', 'generator_85', 'generator_92', 'generator_85', 'generator_71', 'generator_18', 'generator_96', 'generator_73', 'generator_71', 'generator_79', 'generator_99', 'generator_66', 'generator_71', 'generator_101', 'generator_102', 'generator_73', 'generator_66', 'generator_103', 'generator_63', 'generator_105', 'generator_63', 'generator_70', 'generator_71']
number opened: 0
TRIAL 13
Action chosen: (yellow5, red)
Outcome: False
partcle ids: ['generator_51', 'generator_77', 'generator_18', 'generator_89', 'generator_77', 'generator_90', 'generator_73', 'generator_18', 'generator_85', 'generator_92', 'generator_85', 'generator_71', 'generator_18', 'generator_96', 'generator_73', 'generator_71', 'generator_79', 'generator_99', 'generator_66', 'generator_71', 'generator_101', 'generator_102', 'generator_73', 'generator_66', 'generator_103', 'generator_63', 'generator_105', 'generator_63', 'generator_70', 'generator_71']
number opened: 0
TRIAL 14
Action chosen: (grey2, white)
Outcome: False
partcle ids: ['generator_51', 'generator_77', 'generator_18', 'generator_89', 'generator_77', 'generator_90', 'generator_73', 'generator_18', 'generator_85', 'generator_92', 'generator_85', 'generator_71', 'generator_18', 'generator_96', 'generator_73', 'generator_71', 'generator_79', 'generator_99', 'generator_66', 'generator_71', 'generator_101', 'generator_102', 'generator_73', 'generator_66', 'generator_103', 'generator_63', 'generator_105', 'generator_63', 'generator_70', 'generator_71']
number opened: 0
TRIAL 15
Action chosen: (yellow5, pink)
Outcome: False
partcle ids: ['generator_109', 'generator_99', 'generator_70', 'generator_112', 'generator_105', 'generator_51', 'generator_51', 'generator_96', 'generator_105', 'generator_96', 'number_match', 'generator_92', 'generator_90', 'generator_70', 'generator_96', 'generator_51', 'generator_122', 'generator_90', 'generator_124', 'generator_105', 'generator_126', 'generator_70', 'generator_102', 'generator_129', 'generator_70', 'generator_92', 'generator_90', 'generator_133', 'generator_134', 'generator_135']
number opened: 0
TRIAL 16
Action chosen: (yellow5, blue)
Outcome: True
partcle ids: ['generator_136', 'generator_70', 'generator_138', 'generator_70', 'generator_70', 'generator_96', 'generator_142', 'generator_143', 'generator_96', 'generator_144', 'generator_105', 'generator_146', 'generator_105', 'generator_70', 'generator_149', 'generator_150', 'generator_151', 'generator_152', 'generator_153', 'generator_105', 'generator_70', 'generator_156', 'generator_96', 'generator_112', 'generator_112', 'generator_160', 'generator_161', 'generator_162', 'generator_163', 'generator_164']
number opened: 1
TRIAL 17
Action chosen: (green3, purple)
Outcome: True
partcle ids: ['generator_165', 'generator_161', 'generator_166', 'generator_167', 'generator_168', 'generator_150', 'generator_170', 'generator_70', 'generator_172', 'generator_105', 'generator_174', 'generator_175', 'generator_176', 'generator_177', 'generator_105', 'generator_70', 'generator_105', 'generator_180', 'generator_181', 'generator_182', 'generator_183', 'generator_184', 'generator_185', 'generator_186', 'generator_187', 'generator_105', 'generator_150', 'generator_150', 'generator_191', 'generator_192']
number opened: 2
TRIAL 18
Action chosen: (orange4, red)
Outcome: False
partcle ids: ['generator_165', 'generator_161', 'generator_166', 'generator_167', 'generator_168', 'generator_150', 'generator_170', 'generator_70', 'generator_172', 'generator_105', 'generator_174', 'generator_175', 'generator_176', 'generator_177', 'generator_105', 'generator_70', 'generator_105', 'generator_180', 'generator_181', 'generator_182', 'generator_183', 'generator_184', 'generator_185', 'generator_186', 'generator_187', 'generator_105', 'generator_150', 'generator_150', 'generator_191', 'generator_192']
number opened: 2
TRIAL 19
Action chosen: (red, pink)
Outcome: False
partcle ids: ['generator_165', 'generator_161', 'generator_166', 'generator_167', 'generator_168', 'generator_150', 'generator_170', 'generator_70', 'generator_172', 'generator_105', 'generator_174', 'generator_175', 'generator_176', 'generator_177', 'generator_105', 'generator_70', 'generator_105', 'generator_180', 'generator_181', 'generator_182', 'generator_183', 'generator_184', 'generator_185', 'generator_186', 'generator_187', 'generator_105', 'generator_150', 'generator_150', 'generator_191', 'generator_192']
number opened: 2
TRIAL 20
Action chosen: (cloud, white)
Outcome: False
partcle ids: ['generator_192', 'generator_180', 'generator_194', 'generator_187', 'generator_196', 'generator_168', 'generator_165', 'generator_185', 'generator_187', 'generator_184', 'generator_175', 'generator_202', 'generator_170', 'generator_185', 'generator_205', 'generator_192', 'generator_207', 'generator_165', 'generator_209', 'generator_210', 'generator_177', 'generator_212', 'generator_213', 'generator_214', 'generator_185', 'generator_216', 'generator_217', 'generator_161', 'generator_170', 'generator_187']
number opened: 2
TRIAL 21
Action chosen: (blue, red)
Outcome: False
partcle ids: ['generator_192', 'generator_180', 'generator_194', 'generator_187', 'generator_196', 'generator_168', 'generator_165', 'generator_185', 'generator_187', 'generator_184', 'generator_175', 'generator_202', 'generator_170', 'generator_185', 'generator_205', 'generator_192', 'generator_207', 'generator_165', 'generator_209', 'generator_210', 'generator_177', 'generator_212', 'generator_213', 'generator_214', 'generator_185', 'generator_216', 'generator_217', 'generator_161', 'generator_170', 'generator_187']
number opened: 2
TRIAL 22
Action chosen: (heart, white)
Outcome: False
partcle ids: ['generator_192', 'generator_180', 'generator_194', 'generator_187', 'generator_196', 'generator_168', 'generator_165', 'generator_185', 'generator_187', 'generator_184', 'generator_175', 'generator_202', 'generator_170', 'generator_185', 'generator_205', 'generator_192', 'generator_207', 'generator_165', 'generator_209', 'generator_210', 'generator_177', 'generator_212', 'generator_213', 'generator_214', 'generator_185', 'generator_216', 'generator_217', 'generator_161', 'generator_170', 'generator_187']
number opened: 2
TRIAL 23
Action chosen: (purple, red)
Outcome: False
partcle ids: ['generator_192', 'generator_180', 'generator_194', 'generator_187', 'generator_196', 'generator_168', 'generator_165', 'generator_185', 'generator_187', 'generator_184', 'generator_175', 'generator_202', 'generator_170', 'generator_185', 'generator_205', 'generator_192', 'generator_207', 'generator_165', 'generator_209', 'generator_210', 'generator_177', 'generator_212', 'generator_213', 'generator_214', 'generator_185', 'generator_216', 'generator_217', 'generator_161', 'generator_170', 'generator_187']
number opened: 2
TRIAL 24
Action chosen: (orange4, white)
Outcome: True
partcle ids: ['generator_185', 'generator_221', 'generator_222', 'generator_223', 'generator_224', 'generator_225', 'generator_226', 'generator_227', 'generator_228', 'generator_229', 'generator_207', 'generator_230', 'generator_231', 'generator_185', 'generator_229', 'generator_228', 'generator_233', 'generator_185', 'generator_235', 'generator_236', 'generator_185', 'generator_226', 'generator_185', 'generator_185', 'generator_221', 'generator_185', 'generator_222', 'generator_240', 'generator_241', 'generator_242']
number opened: 3
TRIAL 25
Action chosen: (cloud, red)
Outcome: False
partcle ids: ['generator_185', 'generator_221', 'generator_222', 'generator_223', 'generator_224', 'generator_225', 'generator_226', 'generator_227', 'generator_228', 'generator_229', 'generator_207', 'generator_230', 'generator_231', 'generator_185', 'generator_229', 'generator_228', 'generator_233', 'generator_185', 'generator_235', 'generator_236', 'generator_185', 'generator_226', 'generator_185', 'generator_185', 'generator_221', 'generator_185', 'generator_222', 'generator_240', 'generator_241', 'generator_242']
number opened: 3
TRIAL 26
Action chosen: (heart, red)
Outcome: False
partcle ids: ['generator_185', 'generator_221', 'generator_222', 'generator_223', 'generator_224', 'generator_225', 'generator_226', 'generator_227', 'generator_228', 'generator_229', 'generator_207', 'generator_230', 'generator_231', 'generator_185', 'generator_229', 'generator_228', 'generator_233', 'generator_185', 'generator_235', 'generator_236', 'generator_185', 'generator_226', 'generator_185', 'generator_185', 'generator_221', 'generator_185', 'generator_222', 'generator_240', 'generator_241', 'generator_242']
number opened: 3
TRIAL 27
Action chosen: (diamond, red)
Outcome: False
partcle ids: ['generator_240', 'generator_235', 'generator_244', 'generator_224', 'generator_228', 'generator_228', 'generator_228', 'generator_235', 'generator_225', 'generator_249', 'generator_224', 'generator_250', 'generator_230', 'generator_185', 'generator_253', 'generator_235', 'generator_254', 'generator_241', 'generator_242', 'generator_230', 'generator_244', 'generator_233', 'generator_229', 'generator_257', 'generator_235', 'generator_242', 'generator_259', 'generator_240', 'generator_240', 'generator_221']
number opened: 3
TRIAL 28
Action chosen: (white, red)
Outcome: False
partcle ids: ['generator_240', 'generator_235', 'generator_244', 'generator_224', 'generator_228', 'generator_228', 'generator_228', 'generator_235', 'generator_225', 'generator_249', 'generator_224', 'generator_250', 'generator_230', 'generator_185', 'generator_253', 'generator_235', 'generator_254', 'generator_241', 'generator_242', 'generator_230', 'generator_244', 'generator_233', 'generator_229', 'generator_257', 'generator_235', 'generator_242', 'generator_259', 'generator_240', 'generator_240', 'generator_221']
number opened: 3
TRIAL 29
Action chosen: (pink, red)
Outcome: False
partcle ids: ['generator_240', 'generator_235', 'generator_244', 'generator_224', 'generator_228', 'generator_228', 'generator_228', 'generator_235', 'generator_225', 'generator_249', 'generator_224', 'generator_250', 'generator_230', 'generator_185', 'generator_253', 'generator_235', 'generator_254', 'generator_241', 'generator_242', 'generator_230', 'generator_244', 'generator_233', 'generator_229', 'generator_257', 'generator_235', 'generator_242', 'generator_259', 'generator_240', 'generator_240', 'generator_221']
number opened: 3
TRIAL 30
Action chosen: (triangle, red)
Outcome: False
partcle ids: ['generator_258', 'generator_249', 'generator_241', 'generator_229', 'generator_185', 'generator_262', 'generator_219', 'generator_244', 'generator_250', 'generator_225', 'generator_241', 'generator_249', 'generator_242', 'generator_265', 'generator_255', 'generator_185', 'generator_267', 'generator_268', 'generator_239', 'generator_268', 'generator_241', 'generator_259', 'generator_238', 'generator_248', 'generator_221', 'generator_269', 'generator_270', 'generator_195', 'generator_242', 'generator_272']
number opened: 3
TRIAL 31
Action chosen: (red, red)
Outcome: True
partcle ids: ['generator_249', 'generator_273', 'generator_249', 'generator_241', 'generator_242', 'generator_273', 'generator_231', 'generator_262', 'generator_262', 'generator_241', 'generator_274', 'generator_262', 'generator_242', 'generator_249', 'generator_275', 'generator_262', 'generator_242', 'generator_275', 'generator_242', 'generator_242', 'generator_262', 'generator_262', 'generator_249', 'generator_242', 'number_match', 'generator_275', 'number_match', 'generator_231', 'generator_242', 'generator_242']
number opened: 4
TRIAL 32
Action chosen: (purple, pink)
Outcome: False
partcle ids: ['generator_249', 'generator_273', 'generator_249', 'generator_241', 'generator_242', 'generator_273', 'generator_231', 'generator_262', 'generator_262', 'generator_241', 'generator_274', 'generator_262', 'generator_242', 'generator_249', 'generator_275', 'generator_262', 'generator_242', 'generator_275', 'generator_242', 'generator_242', 'generator_262', 'generator_262', 'generator_249', 'generator_242', 'number_match', 'generator_275', 'number_match', 'generator_231', 'generator_242', 'generator_242']
number opened: 4
TRIAL 33
Action chosen: (pink, pink)
Outcome: False
partcle ids: ['generator_249', 'generator_273', 'generator_249', 'generator_241', 'generator_242', 'generator_273', 'generator_231', 'generator_262', 'generator_262', 'generator_241', 'generator_274', 'generator_262', 'generator_242', 'generator_249', 'generator_275', 'generator_262', 'generator_242', 'generator_275', 'generator_242', 'generator_242', 'generator_262', 'generator_262', 'generator_249', 'generator_242', 'number_match', 'generator_275', 'number_match', 'generator_231', 'generator_242', 'generator_242']
number opened: 4
TRIAL 34
Action chosen: (cloud, pink)
Outcome: False
partcle ids: ['generator_275', 'generator_273', 'generator_231', 'generator_273', 'generator_275', 'generator_275', 'generator_273', 'generator_241', 'generator_273', 'generator_273', 'generator_231', 'generator_273', 'generator_231', 'generator_274', 'generator_274', 'generator_275', 'generator_231', 'generator_275', 'generator_231', 'generator_274', 'generator_275', 'generator_274', 'generator_274', 'generator_275', 'generator_274', 'generator_275', 'generator_275', 'generator_241', 'number_match', 'generator_274']
number opened: 4
TRIAL 35
Action chosen: (blue, pink)
Outcome: False
partcle ids: ['generator_275', 'generator_273', 'generator_231', 'generator_273', 'generator_275', 'generator_275', 'generator_273', 'generator_241', 'generator_273', 'generator_273', 'generator_231', 'generator_273', 'generator_231', 'generator_274', 'generator_274', 'generator_275', 'generator_231', 'generator_275', 'generator_231', 'generator_274', 'generator_275', 'generator_274', 'generator_274', 'generator_275', 'generator_274', 'generator_275', 'generator_275', 'generator_241', 'number_match', 'generator_274']
number opened: 4
TRIAL 36
Action chosen: (heart, pink)
Outcome: False
partcle ids: ['generator_275', 'generator_273', 'generator_231', 'generator_273', 'generator_275', 'generator_275', 'generator_273', 'generator_241', 'generator_273', 'generator_273', 'generator_231', 'generator_273', 'generator_231', 'generator_274', 'generator_274', 'generator_275', 'generator_231', 'generator_275', 'generator_231', 'generator_274', 'generator_275', 'generator_274', 'generator_274', 'generator_275', 'generator_274', 'generator_275', 'generator_275', 'generator_241', 'number_match', 'generator_274']
number opened: 4
TRIAL 37
Action chosen: (white, pink)
Outcome: False
partcle ids: ['number_match', 'generator_241', 'generator_231', 'generator_241', 'generator_231', 'generator_231', 'generator_241', 'generator_231', 'generator_249', 'number_match', 'generator_231', 'generator_241', 'generator_231', 'generator_231', 'generator_249', 'generator_231', 'number_match', 'generator_262', 'generator_231', 'number_match', 'generator_231', 'generator_241', 'generator_231', 'generator_231', 'generator_241', 'generator_241', 'number_match', 'generator_231', 'generator_249', 'generator_231']
number opened: 4
TRIAL 38
Action chosen: (diamond, pink)
Outcome: False
partcle ids: ['number_match', 'generator_241', 'generator_231', 'generator_241', 'generator_231', 'generator_231', 'generator_241', 'generator_231', 'generator_249', 'number_match', 'generator_231', 'generator_241', 'generator_231', 'generator_231', 'generator_249', 'generator_231', 'number_match', 'generator_262', 'generator_231', 'number_match', 'generator_231', 'generator_241', 'generator_231', 'generator_231', 'generator_241', 'generator_241', 'number_match', 'generator_231', 'generator_249', 'generator_231']
number opened: 4
TRIAL 39
Action chosen: (triangle, pink)
Outcome: False
partcle ids: ['generator_242', 'generator_274', 'number_match', 'number_match', 'generator_275', 'number_match', 'number_match', 'generator_231', 'generator_242', 'generator_275', 'generator_242', 'generator_274', 'generator_273', 'number_match', 'generator_249', 'generator_231', 'generator_241', 'generator_249', 'generator_262', 'generator_242', 'generator_231', 'number_match', 'generator_241', 'number_match', 'number_match', 'generator_273', 'number_match', 'number_match', 'generator_274', 'number_match']
number opened: 4
TRIAL 40
Action chosen: (grey2, pink)
Outcome: True
partcle ids: ['number_match', 'number_match', 'number_match', 'number_match', 'number_match', 'number_match', 'number_match', 'number_match', 'number_match', 'number_match', 'number_match', 'number_match', 'number_match', 'number_match', 'number_match', 'number_match', 'number_match', 'number_match', 'number_match', 'number_match', 'number_match', 'number_match', 'number_match', 'number_match', 'number_match', 'number_match', 'number_match', 'number_match', 'number_match', 'number_match']
number opened: 5
{"attempts": 40, "unique_key_box_pairs": 40, "revisit_attempts": 0, "revisit_rate": 0.0, "attempts_before_abandoning_color_matching": 0, "color_matching_abandoned": true}
