{"Child_ID": "D036", "SoC_variant": "SoC-Gen", "theta": [19, 1], "p_gen": 0.9, "true_prior": 0.02, "run_number": 22, "seed": 3582981227599111856}
TRIAL 1
Action chosen: (purple, purple)
Outcome: False
partcle ids: ['generator_1', 'similar_color_7', 'generator_2', 'generator_3', 'generator_4', 'generator_5', 'generator_6', 'generator_7', 'similar_color_4', 'generator_8', 'generator_9', 'generator_10', 'generator_11', 'generator_12', 'generator_13', 'generator_14', 'generator_15', 'generator_16', 'generator_17', 'similar_color_11', 'generator_18', 'generator_19', 'similar_color_12', 'generator_20', 'generator_21', 'generator_22', 'generator_23', 'generator_24', 'generator_25', 'generator_26']
number opened: 0
TRIAL 2
Action chosen: (yellow5, white)
Outcome: False
partcle ids: ['generator_1', 'similar_color_7', 'generator_2', 'generator_3', 'generator_4', 'generator_5', 'generator_6', 'generator_7', 'similar_color_4', 'generator_8', 'generator_9', 'generator_10', 'generator_11', 'generator_12', 'generator_13', 'generator_14', 'generator_15', 'generator_16', 'generator_17', 'similar_color_11', 'generator_18', 'generator_19', 'similar_color_12', 'generator_20', 'generator_21', 'generator_22', 'generator_23', 'generator_24', 'generator_25', 'generator_26']
number opened: 0
TRIAL 3
Action chosen: (blue, purple)
Outcome: False
partcle ids: ['generator_27', 'generator_19', 'generator_3', 'generator_19', 'generator_19', 'generator_19', 'generator_30', 'generator_31', 'generator_32', 'generator_33', 'generator_34', 'generator_35', 'generator_36', 'generator_37', 'generator_38', 'generator_39', 'generator_40', 'generator_26', 'generator_42', 'generator_43', 'generator_44', 'generator_45', 'generator_16', 'generator_9', 'generator_48', 'generator_49', 'generator_50', 'generator_23', 'generator_51', 'generator_52']
number opened: 0
TRIAL 4
Action chosen: (grey2, blue)
Outcome: False
partcle ids: ['generator_27', 'generator_19', 'generator_3', 'generator_19', 'generator_19', 'generator_19', 'generator_30', 'generator_31', 'generator_32', 'generator_33', 'generator_34', 'generator_35', 'generator_36', 'generator_37', 'generator_38', 'generator_39', 'generator_40', 'generator_26', 'generator_42', 'generator_43', 'generator_44', 'generator_45', 'generator_16', 'generator_9', 'generator_48', 'generator_49', 'generator_50', 'generator_23', 'generator_51', 'generator_52']
number opened: 0
TRIAL 5
Action chosen: (blue, blue)
Outcome: False
partcle ids: ['generator_27', 'generator_19', 'generator_3', 'generator_19', 'generator_19', 'generator_19', 'generator_30', 'generator_31', 'generator_32', 'generator_33', 'generator_34', 'generator_35', 'generator_36', 'generator_37', 'generator_38', 'generator_39', 'generator_40', 'generator_26', 'generator_42', 'generator_43', 'generator_44', 'generator_45', 'generator_16', 'generator_9', 'generator_48', 'generator_49', 'generator_50', 'generator_23', 'generator_51', 'generator_52']
number opened: 0
TRIAL 6
Action chosen: (red, white)
Outcome: False
partcle ids: ['generator_27', 'generator_19', 'generator_3', 'generator_19', 'generator_19', 'generator_19', 'generator_30', 'generator_31', 'generator_32', 'generator_33', 'generator_34', 'generator_35', 'generator_36', 'generator_37', 'generator_38', 'generator_39', 'generator_40', 'generator_26', 'generator_42', 'generator_43', 'generator_44', 'generator_45', 'generator_16', 'generator_9', 'generator_48', 'generator_49', 'generator_50', 'generator_23', 'generator_51', 'generator_52']
number opened: 0
TRIAL 7
Action chosen: (pink, white)
Outcome: False
partcle ids: ['generator_50', 'generator_43', 'generator_54', 'generator_55', 'generator_32', 'generator_57', 'generator_58', 'generator_59', 'generator_60', 'generator_61', 'generator_36', 'generator_30', 'generator_43', 'generator_64', 'generator_50', 'generator_50', 'generator_66', 'generator_67', 'generator_68', 'generator_69', 'generator_70', 'generator_43', 'generator_37', 'number_match', 'generator_73', 'generator_39', 'generator_75', 'generator_76', 'generator_77', 'generator_78']
number opened: 0
TRIAL 8
Action chosen: (orange4, blue)
Outcome: False
partcle ids: ['generator_50', 'generator_43', 'generator_54', 'generator_55', 'generator_32', 'generator_57', 'generator_58', 'generator_59', 'generator_60', 'generator_61', 'generator_36', 'generator_30', 'generator_43', 'generator_64', 'generator_50', 'generator_50', 'generator_66', 'generator_67', 'generator_68', 'generator_69', 'generator_70', 'generator_43', 'generator_37', 'number_match', 'generator_73', 'generator_39', 'generator_75', 'generator_76', 'generator_77', 'generator_78']
number opened: 0
TRIAL 9
Action chosen: (red, blue)
Outcome: False
partcle ids: ['generator_50', 'generator_43', 'generator_54', 'generator_55', 'generator_32', 'generator_57', 'generator_58', 'generator_59', 'generator_60', 'generator_61', 'generator_36', 'generator_30', 'generator_43', 'generator_64', 'generator_50', 'generator_50', 'generator_66', 'generator_67', 'generator_68', 'generator_69', 'generator_70', 'generator_43', 'generator_37', 'number_match', 'generator_73', 'generator_39', 'generator_75', 'generator_76', 'generator_77', 'generator_78']
number opened: 0
TRIAL 10
Action chosen: (triangle, pink)
Outcome: False
partcle ids: ['generator_79', 'generator_66', 'generator_66', 'generator_78', 'generator_59', 'generator_66', 'generator_85', 'generator_86', 'generator_32', 'generator_88', 'generator_68', 'generator_39', 'generator_91', 'generator_66', 'generator_93', 'generator_73', 'generator_95', 'generator_73', 'generator_78', 'generator_78', 'generator_73', 'generator_39', 'generator_100', 'generator_101', 'generator_39', 'generator_59', 'generator_36', 'number_match', 'generator_105', 'generator_106']
number opened: 0
TRIAL 11
Action chosen: (orange4, white)
Outcome: True
partcle ids: ['generator_93', 'generator_59', 'generator_91', 'generator_110', 'generator_111', 'generator_112', 'generator_113', 'generator_93', 'generator_115', 'generator_32', 'generator_117', 'generator_91', 'generator_119', 'generator_120', 'generator_121', 'generator_79', 'generator_36', 'generator_124', 'generator_125', 'generator_93', 'generator_127', 'generator_128', 'generator_59', 'generator_130', 'generator_131', 'generator_132', 'generator_59', 'generator_134', 'generator_135', 'generator_32']
number opened: 1
TRIAL 12
Action chosen: (triangle, blue)
Outcome: False
partcle ids: ['generator_93', 'generator_59', 'generator_91', 'generator_110', 'generator_111', 'generator_112', 'generator_113', 'generator_93', 'generator_115', 'generator_32', 'generator_117', 'generator_91', 'generator_119', 'generator_120', 'generator_121', 'generator_79', 'generator_36', 'generator_124', 'generator_125', 'generator_93', 'generator_127', 'generator_128', 'generator_59', 'generator_130', 'generator_131', 'generator_132', 'generator_59', 'generator_134', 'generator_135', 'generator_32']
number opened: 1
TRIAL 13
Action chosen: (green3, pink)
Outcome: False
partcle ids: ['generator_93', 'generator_59', 'generator_91', 'generator_110', 'generator_111', 'generator_112', 'generator_113', 'generator_93', 'generator_115', 'generator_32', 'generator_117', 'generator_91', 'generator_119', 'generator_120', 'generator_121', 'generator_79', 'generator_36', 'generator_124', 'generator_125', 'generator_93', 'generator_127', 'generator_128', 'generator_59', 'generator_130', 'generator_131', 'generator_132', 'generator_59', 'generator_134', 'generator_135', 'generator_32']
number opened: 1
TRIAL 14
Action chosen: (white, pink)
Outcome: False
partcle ids: ['generator_113', 'generator_111', 'generator_132', 'generator_140', 'generator_141', 'generator_132', 'generator_143', 'generator_144', 'generator_145', 'generator_146', 'generator_147', 'generator_120', 'generator_149', 'generator_113', 'generator_151', 'generator_113', 'generator_153', 'generator_154', 'generator_155', 'generator_156', 'generator_157', 'generator_158', 'generator_132', 'generator_124', 'generator_124', 'generator_162', 'generator_163', 'generator_132', 'generator_165', 'generator_120']
number opened: 1
TRIAL 15
Action chosen: (red, pink)
Outcome: False
partcle ids: ['generator_113', 'generator_111', 'generator_132', 'generator_140', 'generator_141', 'generator_132', 'generator_143', 'generator_144', 'generator_145', 'generator_146', 'generator_147', 'generator_120', 'generator_149', 'generator_113', 'generator_151', 'generator_113', 'generator_153', 'generator_154', 'generator_155', 'generator_156', 'generator_157', 'generator_158', 'generator_132', 'generator_124', 'generator_124', 'generator_162', 'generator_163', 'generator_132', 'generator_165', 'generator_120']
number opened: 1
TRIAL 16
Action chosen: (triangle, purple)
Outcome: False
partcle ids: ['generator_113', 'generator_111', 'generator_132', 'generator_140', 'generator_141', 'generator_132', 'generator_143', 'generator_144', 'generator_145', 'generator_146', 'generator_147', 'generator_120', 'generator_149', 'generator_113', 'generator_151', 'generator_113', 'generator_153', 'generator_154', 'generator_155', 'generator_156', 'generator_157', 'generator_158', 'generator_132', 'generator_124', 'generator_124', 'generator_162', 'generator_163', 'generator_132', 'generator_165', 'generator_120']
number opened: 1
TRIAL 17
Action chosen: (heart, purple)
Outcome: False
partcle ids: ['generator_146', 'generator_147', 'generator_149', 'generator_170', 'generator_113', 'generator_172', 'generator_155', 'generator_158', 'generator_175', 'generator_162', 'generator_177', 'generator_178', 'generator_179', 'generator_156', 'generator_149', 'generator_162', 'generator_147', 'generator_146', 'generator_155', 'generator_186', 'generator_158', 'generator_143', 'generator_162', 'generator_156', 'generator_191', 'generator_153', 'generator_162', 'generator_194', 'generator_163', 'generator_196']
number opened: 1
TRIAL 18
Action chosen: (heart, blue)
Outcome: False
partcle ids: ['generator_146', 'generator_147', 'generator_149', 'generator_170', 'generator_113', 'generator_172', 'generator_155', 'generator_158', 'generator_175', 'generator_162', 'generator_177', 'generator_178', 'generator_179', 'generator_156', 'generator_149', 'generator_162', 'generator_147', 'generator_146', 'generator_155', 'generator_186', 'generator_158', 'generator_143', 'generator_162', 'generator_156', 'generator_191', 'generator_153', 'generator_162', 'generator_194', 'generator_163', 'generator_196']
number opened: 1
TRIAL 19
Action chosen: (pink, purple)
Outcome: False
partcle ids: ['generator_146', 'generator_147', 'generator_149', 'generator_170', 'generator_113', 'generator_172', 'generator_155', 'generator_158', 'generator_175', 'generator_162', 'generator_177', 'generator_178', 'generator_179', 'generator_156', 'generator_149', 'generator_162', 'generator_147', 'generator_146', 'generator_155', 'generator_186', 'generator_158', 'generator_143', 'generator_162', 'generator_156', 'generator_191', 'generator_153', 'generator_162', 'generator_194', 'generator_163', 'generator_196']
number opened: 1
TRIAL 20
Action chosen: (purple, pink)
Outcome: False
partcle ids: ['generator_191', 'generator_197', 'generator_172', 'generator_199', 'generator_200', 'generator_143', 'generator_202', 'generator_191', 'generator_204', 'generator_205', 'generator_206', 'generator_163', 'generator_208', 'generator_191', 'generator_210', 'generator_211', 'generator_212', 'generator_213', 'generator_149', 'generator_215', 'generator_196', 'generator_158', 'generator_149', 'generator_178', 'generator_220', 'generator_191', 'generator_172', 'generator_149', 'generator_172', 'generator_155']
number opened: 1
TRIAL 21
Action chosen: (cloud, pink)
Outcome: False
partcle ids: ['generator_191', 'generator_197', 'generator_172', 'generator_199', 'generator_200', 'generator_143', 'generator_202', 'generator_191', 'generator_204', 'generator_205', 'generator_206', 'generator_163', 'generator_208', 'generator_191', 'generator_210', 'generator_211', 'generator_212', 'generator_213', 'generator_149', 'generator_215', 'generator_196', 'generator_158', 'generator_149', 'generator_178', 'generator_220', 'generator_191', 'generator_172', 'generator_149', 'generator_172', 'generator_155']
number opened: 1
TRIAL 22
Action chosen: (cloud, blue)
Outcome: False
partcle ids: ['generator_191', 'generator_197', 'generator_172', 'generator_199', 'generator_200', 'generator_143', 'generator_202', 'generator_191', 'generator_204', 'generator_205', 'generator_206', 'generator_163', 'generator_208', 'generator_191', 'generator_210', 'generator_211', 'generator_212', 'generator_213', 'generator_149', 'generator_215', 'generator_196', 'generator_158', 'generator_149', 'generator_178', 'generator_220', 'generator_191', 'generator_172', 'generator_149', 'generator_172', 'generator_155']
number opened: 1
TRIAL 23
Action chosen: (white, purple)
Outcome: False
partcle ids: ['generator_225', 'generator_226', 'generator_227', 'generator_228', 'generator_208', 'generator_230', 'generator_231', 'generator_232', 'generator_200', 'generator_211', 'generator_235', 'generator_208', 'generator_237', 'generator_196', 'generator_163', 'generator_197', 'generator_240', 'generator_215', 'generator_242', 'generator_243', 'generator_244', 'generator_215', 'generator_211', 'generator_197', 'generator_191', 'generator_163', 'generator_196', 'generator_250', 'generator_155', 'generator_196']
number opened: 1
TRIAL 24
Action chosen: (grey2, purple)
Outcome: False
partcle ids: ['generator_225', 'generator_226', 'generator_227', 'generator_228', 'generator_208', 'generator_230', 'generator_231', 'generator_232', 'generator_200', 'generator_211', 'generator_235', 'generator_208', 'generator_237', 'generator_196', 'generator_163', 'generator_197', 'generator_240', 'generator_215', 'generator_242', 'generator_243', 'generator_244', 'generator_215', 'generator_211', 'generator_197', 'generator_191', 'generator_163', 'generator_196', 'generator_250', 'generator_155', 'generator_196']
number opened: 1
TRIAL 25
Action chosen: (heart, pink)
Outcome: False
partcle ids: ['generator_225', 'generator_226', 'generator_227', 'generator_228', 'generator_208', 'generator_230', 'generator_231', 'generator_232', 'generator_200', 'generator_211', 'generator_235', 'generator_208', 'generator_237', 'generator_196', 'generator_163', 'generator_197', 'generator_240', 'generator_215', 'generator_242', 'generator_243', 'generator_244', 'generator_215', 'generator_211', 'generator_197', 'generator_191', 'generator_163', 'generator_196', 'generator_250', 'generator_155', 'generator_196']
number opened: 1
TRIAL 26
Action chosen: (triangle, red)
Outcome: False
partcle ids: ['generator_231', 'generator_225', 'generator_255', 'generator_191', 'generator_257', 'generator_258', 'generator_259', 'generator_260', 'generator_261', 'generator_225', 'generator_231', 'generator_264', 'generator_228', 'generator_225', 'generator_227', 'generator_268', 'generator_269', 'generator_270', 'generator_271', 'generator_227', 'generator_273', 'generator_274', 'generator_191', 'generator_276', 'generator_228', 'generator_278', 'generator_227', 'generator_280', 'generator_197', 'generator_282']
number opened: 1
TRIAL 27
Action chosen: (purple, blue)
Outcome: False
partcle ids: ['generator_231', 'generator_225', 'generator_255', 'generator_191', 'generator_257', 'generator_258', 'generator_259', 'generator_260', 'generator_261', 'generator_225', 'generator_231', 'generator_264', 'generator_228', 'generator_225', 'generator_227', 'generator_268', 'generator_269', 'generator_270', 'generator_271', 'generator_227', 'generator_273', 'generator_274', 'generator_191', 'generator_276', 'generator_228', 'generator_278', 'generator_227', 'generator_280', 'generator_197', 'generator_282']
number opened: 1
TRIAL 28
Action chosen: (cloud, purple)
Outcome: False
partcle ids: ['generator_231', 'generator_225', 'generator_255', 'generator_191', 'generator_257', 'generator_258', 'generator_259', 'generator_260', 'generator_261', 'generator_225', 'generator_231', 'generator_264', 'generator_228', 'generator_225', 'generator_227', 'generator_268', 'generator_269', 'generator_270', 'generator_271', 'generator_227', 'generator_273', 'generator_274', 'generator_191', 'generator_276', 'generator_228', 'generator_278', 'generator_227', 'generator_280', 'generator_197', 'generator_282']
number opened: 1
TRIAL 29
Action chosen: (blue, pink)
Outcome: False
partcle ids: ['generator_283', 'generator_274', 'generator_191', 'generator_258', 'generator_286', 'generator_287', 'generator_288', 'generator_269', 'generator_258', 'generator_291', 'generator_278', 'generator_293', 'generator_294', 'generator_288', 'generator_295', 'generator_296', 'generator_191', 'generator_270', 'generator_299', 'generator_278', 'generator_269', 'generator_191', 'generator_278', 'generator_304', 'generator_305', 'generator_257', 'generator_307', 'generator_274', 'generator_270', 'generator_258']
number opened: 1
TRIAL 30
Action chosen: (white, blue)
Outcome: False
partcle ids: ['generator_283', 'generator_274', 'generator_191', 'generator_258', 'generator_286', 'generator_287', 'generator_288', 'generator_269', 'generator_258', 'generator_291', 'generator_278', 'generator_293', 'generator_294', 'generator_288', 'generator_295', 'generator_296', 'generator_191', 'generator_270', 'generator_299', 'generator_278', 'generator_269', 'generator_191', 'generator_278', 'generator_304', 'generator_305', 'generator_257', 'generator_307', 'generator_274', 'generator_270', 'generator_258']
number opened: 1
TRIAL 31
Action chosen: (diamond, purple)
Outcome: False
partcle ids: ['generator_283', 'generator_274', 'generator_191', 'generator_258', 'generator_286', 'generator_287', 'generator_288', 'generator_269', 'generator_258', 'generator_291', 'generator_278', 'generator_293', 'generator_294', 'generator_288', 'generator_295', 'generator_296', 'generator_191', 'generator_270', 'generator_299', 'generator_278', 'generator_269', 'generator_191', 'generator_278', 'generator_304', 'generator_305', 'generator_257', 'generator_307', 'generator_274', 'generator_270', 'generator_258']
number opened: 1
TRIAL 32
Action chosen: (diamond, pink)
Outcome: False
partcle ids: ['generator_291', 'generator_307', 'generator_313', 'generator_307', 'generator_288', 'generator_316', 'generator_294', 'generator_283', 'generator_257', 'generator_294', 'generator_321', 'generator_307', 'generator_323', 'generator_324', 'generator_325', 'generator_291', 'generator_326', 'generator_163', 'generator_288', 'generator_288', 'generator_283', 'generator_283', 'generator_331', 'generator_332', 'generator_333', 'generator_288', 'generator_335', 'generator_336', 'generator_288', 'generator_338']
number opened: 1
TRIAL 33
Action chosen: (green3, blue)
Outcome: False
partcle ids: ['generator_291', 'generator_307', 'generator_313', 'generator_307', 'generator_288', 'generator_316', 'generator_294', 'generator_283', 'generator_257', 'generator_294', 'generator_321', 'generator_307', 'generator_323', 'generator_324', 'generator_325', 'generator_291', 'generator_326', 'generator_163', 'generator_288', 'generator_288', 'generator_283', 'generator_283', 'generator_331', 'generator_332', 'generator_333', 'generator_288', 'generator_335', 'generator_336', 'generator_288', 'generator_338']
number opened: 1
TRIAL 34
Action chosen: (grey2, pink)
Outcome: True
partcle ids: ['generator_283', 'generator_340', 'generator_341', 'generator_342', 'generator_283', 'generator_344', 'generator_345', 'generator_283', 'generator_347', 'generator_348', 'generator_349', 'generator_283', 'generator_351', 'generator_325', 'generator_325', 'generator_283', 'generator_355', 'generator_325', 'generator_325', 'generator_336', 'number_match', 'generator_359', 'generator_360', 'generator_361', 'generator_362', 'generator_363', 'generator_283', 'generator_325', 'generator_283', 'generator_283']
number opened: 2
TRIAL 35
Action chosen: (triangle, blue)
Outcome: False
partcle ids: ['generator_283', 'generator_340', 'generator_341', 'generator_342', 'generator_283', 'generator_344', 'generator_345', 'generator_283', 'generator_347', 'generator_348', 'generator_349', 'generator_283', 'generator_351', 'generator_325', 'generator_325', 'generator_283', 'generator_355', 'generator_325', 'generator_325', 'generator_336', 'number_match', 'generator_359', 'generator_360', 'generator_361', 'generator_362', 'generator_363', 'generator_283', 'generator_325', 'generator_283', 'generator_283']
number opened: 2
TRIAL 36
Action chosen: (pink, blue)
Outcome: False
partcle ids: ['generator_283', 'generator_340', 'generator_341', 'generator_342', 'generator_283', 'generator_344', 'generator_345', 'generator_283', 'generator_347', 'generator_348', 'generator_349', 'generator_283', 'generator_351', 'generator_325', 'generator_325', 'generator_283', 'generator_355', 'generator_325', 'generator_325', 'generator_336', 'number_match', 'generator_359', 'generator_360', 'generator_361', 'generator_362', 'generator_363', 'generator_283', 'generator_325', 'generator_283', 'generator_283']
number opened: 2
TRIAL 37
Action chosen: (heart, purple)
Outcome: False
partcle ids: ['generator_368', 'generator_369', 'generator_370', 'generator_371', 'generator_372', 'generator_373', 'generator_374', 'generator_375', 'generator_376', 'generator_349', 'generator_378', 'generator_379', 'generator_380', 'number_match', 'generator_325', 'generator_383', 'generator_336', 'generator_361', 'generator_386', 'generator_349', 'generator_388', 'generator_389', 'generator_390', 'generator_391', 'generator_392', 'generator_393', 'generator_394', 'generator_395', 'generator_396', 'generator_397']
number opened: 2
TRIAL 38
Action chosen: (green3, red)
Outcome: False
partcle ids: ['generator_368', 'generator_369', 'generator_370', 'generator_371', 'generator_372', 'generator_373', 'generator_374', 'generator_375', 'generator_376', 'generator_349', 'generator_378', 'generator_379', 'generator_380', 'number_match', 'generator_325', 'generator_383', 'generator_336', 'generator_361', 'generator_386', 'generator_349', 'generator_388', 'generator_389', 'generator_390', 'generator_391', 'generator_392', 'generator_393', 'generator_394', 'generator_395', 'generator_396', 'generator_397']
number opened: 2
TRIAL 39
Action chosen: (pink, red)
Outcome: False
partcle ids: ['generator_368', 'generator_369', 'generator_370', 'generator_371', 'generator_372', 'generator_373', 'generator_374', 'generator_375', 'generator_376', 'generator_349', 'generator_378', 'generator_379', 'generator_380', 'number_match', 'generator_325', 'generator_383', 'generator_336', 'generator_361', 'generator_386', 'generator_349', 'generator_388', 'generator_389', 'generator_390', 'generator_391', 'generator_392', 'generator_393', 'generator_394', 'generator_395', 'generator_396', 'generator_397']
number opened: 2
TRIAL 40
Action chosen: (white, blue)
Outcome: False
partcle ids: ['generator_368', 'generator_369', 'generator_370', 'generator_371', 'generator_372', 'generator_373', 'generator_374', 'generator_375', 'generator_376', 'generator_349', 'generator_378', 'generator_379', 'generator_380', 'number_match', 'generator_325', 'generator_383', 'generator_336', 'generator_361', 'generator_386', 'generator_349', 'generator_388', 'generator_389', 'generator_390', 'generator_391', 'generator_392', 'generator_393', 'generator_394', 'generator_395', 'generator_396', 'generator_397']
number opened: 2
TRIAL 41
Action chosen: (purple, red)
Outcome: False
partcle ids: ['generator_368', 'generator_369', 'generator_370', 'generator_371', 'generator_372', 'generator_373', 'generator_374', 'generator_375', 'generator_376', 'generator_349', 'generator_378', 'generator_379', 'generator_380', 'number_match', 'generator_325', 'generator_383', 'generator_336', 'generator_361', 'generator_386', 'generator_349', 'generator_388', 'generator_389', 'generator_390', 'generator_391', 'generator_392', 'generator_393', 'generator_394', 'generator_395', 'generator_396', 'generator_397']
number opened: 2
TRIAL 42
Action chosen: (cloud, red)
Outcome: False
partcle ids: ['generator_398', 'generator_325', 'generator_394', 'generator_401', 'generator_402', 'generator_403', 'generator_378', 'generator_394', 'generator_406', 'generator_376', 'generator_395', 'generator_368', 'generator_410', 'generator_394', 'generator_412', 'generator_413', 'generator_414', 'generator_415', 'number_match', 'generator_417', 'generator_376', 'generator_419', 'generator_420', 'generator_376', 'generator_422', 'generator_423', 'generator_424', 'generator_425', 'generator_426', 'generator_378']
number opened: 2
TRIAL 43
Action chosen: (red, purple)
Outcome: False
partcle ids: ['generator_398', 'generator_325', 'generator_394', 'generator_401', 'generator_402', 'generator_403', 'generator_378', 'generator_394', 'generator_406', 'generator_376', 'generator_395', 'generator_368', 'generator_410', 'generator_394', 'generator_412', 'generator_413', 'generator_414', 'generator_415', 'number_match', 'generator_417', 'generator_376', 'generator_419', 'generator_420', 'generator_376', 'generator_422', 'generator_423', 'generator_424', 'generator_425', 'generator_426', 'generator_378']
number opened: 2
TRIAL 44
Action chosen: (blue, red)
Outcome: False
partcle ids: ['generator_398', 'generator_325', 'generator_394', 'generator_401', 'generator_402', 'generator_403', 'generator_378', 'generator_394', 'generator_406', 'generator_376', 'generator_395', 'generator_368', 'generator_410', 'generator_394', 'generator_412', 'generator_413', 'generator_414', 'generator_415', 'number_match', 'generator_417', 'generator_376', 'generator_419', 'generator_420', 'generator_376', 'generator_422', 'generator_423', 'generator_424', 'generator_425', 'generator_426', 'generator_378']
number opened: 2
TRIAL 45
Action chosen: (pink, purple)
Outcome: False
partcle ids: ['generator_424', 'generator_428', 'generator_429', 'generator_430', 'generator_426', 'generator_432', 'generator_433', 'generator_402', 'generator_424', 'generator_436', 'generator_325', 'generator_425', 'generator_398', 'generator_440', 'generator_424', 'generator_425', 'generator_398', 'generator_412', 'generator_445', 'generator_446', 'generator_447', 'generator_448', 'number_match', 'generator_426', 'generator_451', 'generator_424', 'generator_453', 'generator_425', 'generator_425', 'number_match']
number opened: 2
TRIAL 46
Action chosen: (yellow5, blue)
Outcome: True
partcle ids: ['generator_425', 'generator_457', 'generator_458', 'generator_425', 'generator_460', 'generator_425', 'generator_440', 'generator_457', 'generator_223', 'generator_446', 'generator_425', 'generator_425', 'number_match', 'generator_425', 'generator_440', 'number_match', 'generator_412', 'generator_446', 'number_match', 'generator_425', 'generator_425', 'generator_470', 'generator_460', 'generator_471', 'generator_425', 'generator_440', 'generator_473', 'generator_446', 'generator_440', 'generator_476']
number opened: 3
TRIAL 47
Action chosen: (heart, red)
Outcome: False
partcle ids: ['generator_425', 'generator_457', 'generator_458', 'generator_425', 'generator_460', 'generator_425', 'generator_440', 'generator_457', 'generator_223', 'generator_446', 'generator_425', 'generator_425', 'number_match', 'generator_425', 'generator_440', 'number_match', 'generator_412', 'generator_446', 'number_match', 'generator_425', 'generator_425', 'generator_470', 'generator_460', 'generator_471', 'generator_425', 'generator_440', 'generator_473', 'generator_446', 'generator_440', 'generator_476']
number opened: 3
TRIAL 48
Action chosen: (red, red)
Outcome: True
partcle ids: ['generator_477', 'number_match', 'number_match', 'generator_182', 'generator_479', 'generator_480', 'number_match', 'generator_480', 'generator_446', 'generator_446', 'number_match', 'generator_446', 'generator_481', 'generator_477', 'generator_182', 'generator_479', 'generator_479', 'generator_480', 'generator_479', 'generator_182', 'generator_446', 'number_match', 'generator_480', 'generator_446', 'generator_446', 'generator_446', 'generator_182', 'generator_446', 'generator_480', 'generator_480']
number opened: 4
TRIAL 49
Action chosen: (diamond, purple)
Outcome: False
partcle ids: ['generator_477', 'number_match', 'number_match', 'generator_182', 'generator_479', 'generator_480', 'number_match', 'generator_480', 'generator_446', 'generator_446', 'number_match', 'generator_446', 'generator_481', 'generator_477', 'generator_182', 'generator_479', 'generator_479', 'generator_480', 'generator_479', 'generator_182', 'generator_446', 'number_match', 'generator_480', 'generator_446', 'generator_446', 'generator_446', 'generator_182', 'generator_446', 'generator_480', 'generator_480']
number opened: 4
TRIAL 50
Action chosen: (purple, purple)
Outcome: False
partcle ids: ['generator_477', 'number_match', 'number_match', 'generator_182', 'generator_479', 'generator_480', 'number_match', 'generator_480', 'generator_446', 'generator_446', 'number_match', 'generator_446', 'generator_481', 'generator_477', 'generator_182', 'generator_479', 'generator_479', 'generator_480', 'generator_479', 'generator_182', 'generator_446', 'number_match', 'generator_480', 'generator_446', 'generator_446', 'generator_446', 'generator_182', 'generator_446', 'generator_480', 'generator_480']
number opened: 4
TRIAL 51
Action chosen: (green3, purple)
Outcome: True
partcle ids: ['number_match', 'number_match', 'number_match', 'number_match', 'number_match', 'number_match', 'number_match', 'number_match', 'number_match', 'number_match', 'number_match', 'number_match', 'number_match', 'number_match', 'number_match', 'number_match', 'number_match', 'number_match', 'number_match', 'number_match', 'number_match', 'number_match', 'number_match', 'number_match', 'number_match', 'number_match', 'number_match', 'number_match', 'number_match', 'number_match']
number opened: 5
{"attempts": 51, "unique_key_box_pairs": 45, "revisit_attempts": 6, "revisit_rate": 0.12, "attempts_before_abandoning_color_matching": 1, "color_matching_abandoned": true}
