{"Child_ID": "D036", "SoC_variant": "SoC-Gen", "theta": [19, 1], "p_gen": 0.9, "true_prior": 0.02, "run_number": 12, "seed": 6378852944561247166}
TRIAL 1
Action chosen: (pink, pink)
Outcome: False
partcle ids: ['generator_1', 'generator_2', 'generator_3', 'generator_4', 'generator_5', 'generator_6', 'generator_7', 'generator_8', 'generator_9', 'similar_color_13', 'generator_10', 'generator_11', 'generator_12', 'generator_13', 'generator_14', 'generator_15', 'generator_16', 'generator_17', 'generator_18', 'generator_19', 'generator_20', 'generator_21', 'generator_22', 'generator_23', 'generator_24', 'generator_25', 'number_match', 'generator_26', 'generator_27', 'generator_28']
number opened: 0
TRIAL 2
Action chosen: (orange4, white)
Outcome: True
partcle ids: ['generator_29', 'generator_30', 'generator_31', 'generator_32', 'generator_33', 'generator_34', 'generator_35', 'generator_36', 'generator_37', 'generator_38', 'generator_39', 'generator_40', 'generator_41', 'generator_42', 'generator_43', 'generator_44', 'generator_45', 'generator_46', 'generator_47', 'generator_48', 'generator_49', 'generator_50', 'generator_51', 'generator_52', 'generator_53', 'generator_54', 'generator_55', 'generator_56', 'generator_57', 'generator_11']
number opened: 1
TRIAL 3
Action chosen: (triangle, red)
Outcome: False
partcle ids: ['generator_29', 'generator_30', 'generator_31', 'generator_32', 'generator_33', 'generator_34', 'generator_35', 'generator_36', 'generator_37', 'generator_38', 'generator_39', 'generator_40', 'generator_41', 'generator_42', 'generator_43', 'generator_44', 'generator_45', 'generator_46', 'generator_47', 'generator_48', 'generator_49', 'generator_50', 'generator_51', 'generator_52', 'generator_53', 'generator_54', 'generator_55', 'generator_56', 'generator_57', 'generator_11']
number opened: 1
TRIAL 4
Action chosen: (blue, pink)
Outcome: False
partcle ids: ['generator_29', 'generator_30', 'generator_31', 'generator_32', 'generator_33', 'generator_34', 'generator_35', 'generator_36', 'generator_37', 'generator_38', 'generator_39', 'generator_40', 'generator_41', 'generator_42', 'generator_43', 'generator_44', 'generator_45', 'generator_46', 'generator_47', 'generator_48', 'generator_49', 'generator_50', 'generator_51', 'generator_52', 'generator_53', 'generator_54', 'generator_55', 'generator_56', 'generator_57', 'generator_11']
number opened: 1
TRIAL 5
Action chosen: (cloud, red)
Outcome: False
partcle ids: ['generator_29', 'generator_30', 'generator_31', 'generator_32', 'generator_33', 'generator_34', 'generator_35', 'generator_36', 'generator_37', 'generator_38', 'generator_39', 'generator_40', 'generator_41', 'generator_42', 'generator_43', 'generator_44', 'generator_45', 'generator_46', 'generator_47', 'generator_48', 'generator_49', 'generator_50', 'generator_51', 'generator_52', 'generator_53', 'generator_54', 'generator_55', 'generator_56', 'generator_57', 'generator_11']
number opened: 1
TRIAL 6
Action chosen: (grey2, red)
Outcome: False
partcle ids: ['generator_11', 'generator_37', 'generator_60', 'generator_61', 'generator_62', 'generator_29', 'generator_64', 'generator_65', 'generator_66', 'generator_67', 'generator_68', 'generator_69', 'generator_51', 'generator_71', 'generator_72', 'generator_73', 'generator_74', 'generator_31', 'generator_40', 'generator_48', 'generator_78', 'generator_40', 'generator_80', 'generator_81', 'generator_82', 'generator_83', 'generator_41', 'generator_85', 'generator_37', 'generator_33']
number opened: 1
TRIAL 7
Action chosen: (blue, red)
Outcome: False
partcle ids: ['generator_11', 'generator_37', 'generator_60', 'generator_61', 'generator_62', 'generator_29', 'generator_64', 'generator_65', 'generator_66', 'generator_67', 'generator_68', 'generator_69', 'generator_51', 'generator_71', 'generator_72', 'generator_73', 'generator_74', 'generator_31', 'generator_40', 'generator_48', 'generator_78', 'generator_40', 'generator_80', 'generator_81', 'generator_82', 'generator_83', 'generator_41', 'generator_85', 'generator_37', 'generator_33']
number opened: 1
TRIAL 8
Action chosen: (triangle, purple)
Outcome: False
partcle ids: ['generator_11', 'generator_37', 'generator_60', 'generator_61', 'generator_62', 'generator_29', 'generator_64', 'generator_65', 'generator_66', 'generator_67', 'generator_68', 'generator_69', 'generator_51', 'generator_71', 'generator_72', 'generator_73', 'generator_74', 'generator_31', 'generator_40', 'generator_48', 'generator_78', 'generator_40', 'generator_80', 'generator_81', 'generator_82', 'generator_83', 'generator_41', 'generator_85', 'generator_37', 'generator_33']
number opened: 1
TRIAL 9
Action chosen: (white, blue)
Outcome: False
partcle ids: ['generator_69', 'generator_89', 'generator_80', 'generator_74', 'generator_92', 'generator_93', 'generator_94', 'generator_11', 'generator_62', 'generator_97', 'generator_85', 'generator_98', 'generator_99', 'generator_69', 'generator_48', 'generator_48', 'generator_103', 'generator_104', 'generator_41', 'generator_48', 'generator_78', 'generator_81', 'generator_109', 'generator_60', 'generator_81', 'generator_112', 'generator_113', 'generator_114', 'generator_115', 'generator_116']
number opened: 1
TRIAL 10
Action chosen: (red, red)
Outcome: True
partcle ids: ['generator_117', 'generator_118', 'generator_60', 'generator_120', 'generator_121', 'generator_122', 'generator_123', 'generator_124', 'generator_125', 'generator_81', 'generator_127', 'generator_48', 'generator_112', 'generator_130', 'generator_131', 'generator_132', 'generator_133', 'generator_48', 'generator_135', 'generator_60', 'generator_48', 'generator_138', 'generator_139', 'generator_140', 'generator_141', 'generator_142', 'generator_60', 'generator_144', 'generator_48', 'generator_146']
number opened: 2
TRIAL 11
Action chosen: (diamond, pink)
Outcome: False
partcle ids: ['generator_117', 'generator_118', 'generator_60', 'generator_120', 'generator_121', 'generator_122', 'generator_123', 'generator_124', 'generator_125', 'generator_81', 'generator_127', 'generator_48', 'generator_112', 'generator_130', 'generator_131', 'generator_132', 'generator_133', 'generator_48', 'generator_135', 'generator_60', 'generator_48', 'generator_138', 'generator_139', 'generator_140', 'generator_141', 'generator_142', 'generator_60', 'generator_144', 'generator_48', 'generator_146']
number opened: 2
TRIAL 12
Action chosen: (green3, pink)
Outcome: False
partcle ids: ['generator_117', 'generator_118', 'generator_60', 'generator_120', 'generator_121', 'generator_122', 'generator_123', 'generator_124', 'generator_125', 'generator_81', 'generator_127', 'generator_48', 'generator_112', 'generator_130', 'generator_131', 'generator_132', 'generator_133', 'generator_48', 'generator_135', 'generator_60', 'generator_48', 'generator_138', 'generator_139', 'generator_140', 'generator_141', 'generator_142', 'generator_60', 'generator_144', 'generator_48', 'generator_146']
number opened: 2
TRIAL 13
Action chosen: (purple, pink)
Outcome: False
partcle ids: ['generator_123', 'generator_148', 'generator_142', 'generator_150', 'generator_151', 'generator_121', 'generator_153', 'generator_81', 'generator_130', 'generator_156', 'generator_142', 'generator_158', 'generator_159', 'generator_146', 'generator_160', 'generator_132', 'generator_162', 'generator_163', 'generator_139', 'generator_123', 'generator_142', 'generator_117', 'generator_167', 'generator_121', 'generator_81', 'generator_133', 'generator_171', 'generator_123', 'generator_173', 'generator_130']
number opened: 2
TRIAL 14
Action chosen: (purple, blue)
Outcome: False
partcle ids: ['generator_123', 'generator_148', 'generator_142', 'generator_150', 'generator_151', 'generator_121', 'generator_153', 'generator_81', 'generator_130', 'generator_156', 'generator_142', 'generator_158', 'generator_159', 'generator_146', 'generator_160', 'generator_132', 'generator_162', 'generator_163', 'generator_139', 'generator_123', 'generator_142', 'generator_117', 'generator_167', 'generator_121', 'generator_81', 'generator_133', 'generator_171', 'generator_123', 'generator_173', 'generator_130']
number opened: 2
TRIAL 15
Action chosen: (grey2, pink)
Outcome: True
partcle ids: ['generator_175', 'generator_176', 'generator_177', 'generator_178', 'generator_179', 'generator_180', 'generator_181', 'generator_159', 'generator_183', 'generator_167', 'generator_158', 'generator_185', 'generator_186', 'generator_187', 'generator_188', 'generator_142', 'generator_190', 'generator_191', 'generator_146', 'generator_193', 'generator_194', 'generator_142', 'generator_158', 'generator_197', 'generator_198', 'generator_199', 'generator_142', 'generator_162', 'generator_200', 'generator_177']
number opened: 3
TRIAL 16
Action chosen: (heart, blue)
Outcome: False
partcle ids: ['generator_175', 'generator_176', 'generator_177', 'generator_178', 'generator_179', 'generator_180', 'generator_181', 'generator_159', 'generator_183', 'generator_167', 'generator_158', 'generator_185', 'generator_186', 'generator_187', 'generator_188', 'generator_142', 'generator_190', 'generator_191', 'generator_146', 'generator_193', 'generator_194', 'generator_142', 'generator_158', 'generator_197', 'generator_198', 'generator_199', 'generator_142', 'generator_162', 'generator_200', 'generator_177']
number opened: 3
TRIAL 17
Action chosen: (blue, blue)
Outcome: False
partcle ids: ['generator_175', 'generator_176', 'generator_177', 'generator_178', 'generator_179', 'generator_180', 'generator_181', 'generator_159', 'generator_183', 'generator_167', 'generator_158', 'generator_185', 'generator_186', 'generator_187', 'generator_188', 'generator_142', 'generator_190', 'generator_191', 'generator_146', 'generator_193', 'generator_194', 'generator_142', 'generator_158', 'generator_197', 'generator_198', 'generator_199', 'generator_142', 'generator_162', 'generator_200', 'generator_177']
number opened: 3
TRIAL 18
Action chosen: (triangle, blue)
Outcome: False
partcle ids: ['generator_179', 'generator_202', 'generator_200', 'generator_203', 'generator_183', 'generator_204', 'generator_205', 'generator_197', 'generator_183', 'generator_158', 'generator_176', 'generator_185', 'generator_207', 'generator_183', 'generator_158', 'generator_180', 'generator_185', 'generator_185', 'generator_185', 'generator_188', 'generator_158', 'generator_158', 'generator_197', 'generator_179', 'generator_176', 'generator_185', 'generator_213', 'generator_214', 'generator_176', 'generator_180']
number opened: 3
TRIAL 19
Action chosen: (yellow5, blue)
Outcome: True
partcle ids: ['generator_185', 'number_match', 'number_match', 'generator_176', 'generator_158', 'generator_185', 'generator_217', 'number_match', 'generator_218', 'generator_219', 'generator_219', 'generator_158', 'generator_218', 'generator_146', 'generator_219', 'generator_217', 'generator_219', 'generator_146', 'generator_217', 'number_match', 'generator_158', 'generator_146', 'generator_217', 'generator_219', 'generator_219', 'generator_158', 'generator_158', 'generator_158', 'generator_158', 'generator_185']
number opened: 4
TRIAL 20
Action chosen: (diamond, purple)
Outcome: False
partcle ids: ['generator_185', 'number_match', 'number_match', 'generator_176', 'generator_158', 'generator_185', 'generator_217', 'number_match', 'generator_218', 'generator_219', 'generator_219', 'generator_158', 'generator_218', 'generator_146', 'generator_219', 'generator_217', 'generator_219', 'generator_146', 'generator_217', 'number_match', 'generator_158', 'generator_146', 'generator_217', 'generator_219', 'generator_219', 'generator_158', 'generator_158', 'generator_158', 'generator_158', 'generator_185']
number opened: 4
TRIAL 21
Action chosen: (pink, purple)
Outcome: False
partcle ids: ['generator_185', 'number_match', 'number_match', 'generator_176', 'generator_158', 'generator_185', 'generator_217', 'number_match', 'generator_218', 'generator_219', 'generator_219', 'generator_158', 'generator_218', 'generator_146', 'generator_219', 'generator_217', 'generator_219', 'generator_146', 'generator_217', 'number_match', 'generator_158', 'generator_146', 'generator_217', 'generator_219', 'generator_219', 'generator_158', 'generator_158', 'generator_158', 'generator_158', 'generator_185']
number opened: 4
TRIAL 22
Action chosen: (white, purple)
Outcome: False
partcle ids: ['number_match', 'generator_185', 'generator_146', 'generator_218', 'generator_216', 'number_match', 'generator_185', 'generator_176', 'generator_218', 'generator_146', 'generator_146', 'generator_176', 'number_match', 'generator_218', 'generator_218', 'generator_176', 'generator_146', 'number_match', 'generator_185', 'generator_146', 'generator_185', 'generator_176', 'generator_146', 'generator_176', 'generator_146', 'generator_146', 'number_match', 'generator_146', 'generator_185', 'generator_185']
number opened: 4
TRIAL 23
Action chosen: (heart, purple)
Outcome: False
partcle ids: ['number_match', 'generator_185', 'generator_146', 'generator_218', 'generator_216', 'number_match', 'generator_185', 'generator_176', 'generator_218', 'generator_146', 'generator_146', 'generator_176', 'number_match', 'generator_218', 'generator_218', 'generator_176', 'generator_146', 'number_match', 'generator_185', 'generator_146', 'generator_185', 'generator_176', 'generator_146', 'generator_176', 'generator_146', 'generator_146', 'number_match', 'generator_146', 'generator_185', 'generator_185']
number opened: 4
TRIAL 24
Action chosen: (blue, purple)
Outcome: False
partcle ids: ['number_match', 'generator_185', 'generator_146', 'generator_218', 'generator_216', 'number_match', 'generator_185', 'generator_176', 'generator_218', 'generator_146', 'generator_146', 'generator_176', 'number_match', 'generator_218', 'generator_218', 'generator_176', 'generator_146', 'number_match', 'generator_185', 'generator_146', 'generator_185', 'generator_176', 'generator_146', 'generator_176', 'generator_146', 'generator_146', 'number_match', 'generator_146', 'generator_185', 'generator_185']
number opened: 4
TRIAL 25
Action chosen: (green3, purple)
Outcome: True
partcle ids: ['number_match', 'number_match', 'number_match', 'number_match', 'number_match', 'number_match', 'number_match', 'number_match', 'number_match', 'number_match', 'number_match', 'number_match', 'number_match', 'number_match', 'number_match', 'number_match', 'number_match', 'number_match', 'number_match', 'number_match', 'number_match', 'number_match', 'number_match', 'number_match', 'number_match', 'number_match', 'number_match', 'number_match', 'number_match', 'number_match']
number opened: 5
{"attempts": 25, "unique_key_box_pairs": 25, "revisit_attempts": 0, "revisit_rate": 0.0, "attempts_before_abandoning_color_matching": 1, "color_matching_abandoned": true}
