{"Child_ID": "D036", "SoC_variant": "SoC-Gen", "theta": [19, 1], "p_gen": 0.9, "true_prior": 0.02, "run_number": 62, "seed": 6613211946188941894}
TRIAL 1
Action chosen: (purple, purple)
Outcome: False
partcle ids: ['generator_1', 'generator_2', 'generator_3', 'generator_4', 'generator_5', 'generator_6', 'generator_7', 'generator_8', 'generator_9', 'generator_10', 'generator_11', 'generator_12', 'generator_13', 'generator_14', 'similar_color_8', 'generator_15', 'generator_16', 'generator_17', 'generator_18', 'generator_19', 'generator_20', 'generator_21', 'generator_22', 'generator_23', 'generator_24', 'generator_25', 'generator_26', 'generator_27', 'generator_28', 'generator_29']
number opened: 0
TRIAL 2
Action chosen: (pink, white)
Outcome: False
partcle ids: ['generator_1', 'generator_2', 'generator_3', 'generator_4', 'generator_5', 'generator_6', 'generator_7', 'generator_8', 'generator_9', 'generator_10', 'generator_11', 'generator_12', 'generator_13', 'generator_14', 'similar_color_8', 'generator_15', 'generator_16', 'generator_17', 'generator_18', 'generator_19', 'generator_20', 'generator_21', 'generator_22', 'generator_23', 'generator_24', 'generator_25', 'generator_26', 'generator_27', 'generator_28', 'generator_29']
number opened: 0
TRIAL 3
Action chosen: (orange4, white)
Outcome: True
partcle ids: ['generator_22', 'generator_31', 'generator_32', 'generator_33', 'generator_34', 'generator_35', 'generator_36', 'generator_37', 'generator_24', 'generator_38', 'generator_39', 'generator_40', 'generator_41', 'generator_42', 'generator_43', 'generator_44', 'generator_45', 'generator_46', 'generator_47', 'generator_48', 'generator_49', 'generator_50', 'generator_51', 'generator_52', 'generator_53', 'generator_54', 'generator_55', 'generator_56', 'generator_57', 'generator_58']
number opened: 1
TRIAL 4
Action chosen: (purple, blue)
Outcome: False
partcle ids: ['generator_22', 'generator_31', 'generator_32', 'generator_33', 'generator_34', 'generator_35', 'generator_36', 'generator_37', 'generator_24', 'generator_38', 'generator_39', 'generator_40', 'generator_41', 'generator_42', 'generator_43', 'generator_44', 'generator_45', 'generator_46', 'generator_47', 'generator_48', 'generator_49', 'generator_50', 'generator_51', 'generator_52', 'generator_53', 'generator_54', 'generator_55', 'generator_56', 'generator_57', 'generator_58']
number opened: 1
TRIAL 5
Action chosen: (grey2, purple)
Outcome: False
partcle ids: ['generator_22', 'generator_31', 'generator_32', 'generator_33', 'generator_34', 'generator_35', 'generator_36', 'generator_37', 'generator_24', 'generator_38', 'generator_39', 'generator_40', 'generator_41', 'generator_42', 'generator_43', 'generator_44', 'generator_45', 'generator_46', 'generator_47', 'generator_48', 'generator_49', 'generator_50', 'generator_51', 'generator_52', 'generator_53', 'generator_54', 'generator_55', 'generator_56', 'generator_57', 'generator_58']
number opened: 1
TRIAL 6
Action chosen: (white, purple)
Outcome: False
partcle ids: ['generator_59', 'generator_41', 'generator_61', 'generator_62', 'generator_48', 'generator_64', 'generator_65', 'generator_66', 'generator_36', 'generator_46', 'generator_69', 'generator_70', 'generator_71', 'generator_38', 'generator_72', 'generator_73', 'generator_36', 'generator_75', 'generator_76', 'generator_77', 'generator_78', 'generator_79', 'generator_24', 'generator_81', 'generator_82', 'generator_83', 'generator_41', 'generator_85', 'generator_56', 'generator_87']
number opened: 1
TRIAL 7
Action chosen: (pink, blue)
Outcome: False
partcle ids: ['generator_59', 'generator_41', 'generator_61', 'generator_62', 'generator_48', 'generator_64', 'generator_65', 'generator_66', 'generator_36', 'generator_46', 'generator_69', 'generator_70', 'generator_71', 'generator_38', 'generator_72', 'generator_73', 'generator_36', 'generator_75', 'generator_76', 'generator_77', 'generator_78', 'generator_79', 'generator_24', 'generator_81', 'generator_82', 'generator_83', 'generator_41', 'generator_85', 'generator_56', 'generator_87']
number opened: 1
TRIAL 8
Action chosen: (blue, blue)
Outcome: False
partcle ids: ['generator_59', 'generator_41', 'generator_61', 'generator_62', 'generator_48', 'generator_64', 'generator_65', 'generator_66', 'generator_36', 'generator_46', 'generator_69', 'generator_70', 'generator_71', 'generator_38', 'generator_72', 'generator_73', 'generator_36', 'generator_75', 'generator_76', 'generator_77', 'generator_78', 'generator_79', 'generator_24', 'generator_81', 'generator_82', 'generator_83', 'generator_41', 'generator_85', 'generator_56', 'generator_87']
number opened: 1
TRIAL 9
Action chosen: (cloud, purple)
Outcome: False
partcle ids: ['generator_59', 'generator_41', 'generator_61', 'generator_62', 'generator_48', 'generator_64', 'generator_65', 'generator_66', 'generator_36', 'generator_46', 'generator_69', 'generator_70', 'generator_71', 'generator_38', 'generator_72', 'generator_73', 'generator_36', 'generator_75', 'generator_76', 'generator_77', 'generator_78', 'generator_79', 'generator_24', 'generator_81', 'generator_82', 'generator_83', 'generator_41', 'generator_85', 'generator_56', 'generator_87']
number opened: 1
TRIAL 10
Action chosen: (blue, purple)
Outcome: False
partcle ids: ['generator_88', 'generator_65', 'generator_79', 'generator_91', 'generator_92', 'generator_93', 'generator_77', 'generator_62', 'generator_77', 'generator_76', 'generator_98', 'generator_61', 'generator_77', 'generator_101', 'generator_61', 'generator_103', 'generator_65', 'generator_105', 'generator_64', 'generator_64', 'generator_108', 'generator_109', 'generator_110', 'generator_24', 'generator_62', 'generator_71', 'generator_114', 'generator_115', 'generator_78', 'generator_117']
number opened: 1
TRIAL 11
Action chosen: (green3, purple)
Outcome: True
partcle ids: ['generator_118', 'generator_119', 'generator_120', 'generator_64', 'generator_122', 'generator_123', 'generator_124', 'generator_125', 'generator_126', 'generator_127', 'generator_128', 'generator_62', 'generator_130', 'generator_131', 'generator_132', 'generator_133', 'generator_134', 'generator_114', 'generator_136', 'generator_137', 'generator_138', 'generator_139', 'generator_140', 'generator_62', 'generator_64', 'generator_143', 'generator_114', 'generator_145', 'generator_146', 'generator_147']
number opened: 2
TRIAL 12
Action chosen: (diamond, pink)
Outcome: False
partcle ids: ['generator_118', 'generator_119', 'generator_120', 'generator_64', 'generator_122', 'generator_123', 'generator_124', 'generator_125', 'generator_126', 'generator_127', 'generator_128', 'generator_62', 'generator_130', 'generator_131', 'generator_132', 'generator_133', 'generator_134', 'generator_114', 'generator_136', 'generator_137', 'generator_138', 'generator_139', 'generator_140', 'generator_62', 'generator_64', 'generator_143', 'generator_114', 'generator_145', 'generator_146', 'generator_147']
number opened: 2
TRIAL 13
Action chosen: (white, red)
Outcome: False
partcle ids: ['generator_118', 'generator_119', 'generator_120', 'generator_64', 'generator_122', 'generator_123', 'generator_124', 'generator_125', 'generator_126', 'generator_127', 'generator_128', 'generator_62', 'generator_130', 'generator_131', 'generator_132', 'generator_133', 'generator_134', 'generator_114', 'generator_136', 'generator_137', 'generator_138', 'generator_139', 'generator_140', 'generator_62', 'generator_64', 'generator_143', 'generator_114', 'generator_145', 'generator_146', 'generator_147']
number opened: 2
TRIAL 14
Action chosen: (grey2, blue)
Outcome: False
partcle ids: ['generator_120', 'generator_130', 'generator_150', 'generator_151', 'generator_152', 'generator_127', 'generator_154', 'generator_155', 'generator_156', 'generator_157', 'generator_136', 'generator_159', 'generator_134', 'generator_161', 'generator_162', 'generator_163', 'generator_164', 'generator_93', 'generator_165', 'generator_127', 'generator_146', 'generator_138', 'generator_118', 'generator_169', 'generator_170', 'generator_138', 'generator_172', 'generator_145', 'generator_123', 'generator_145']
number opened: 2
TRIAL 15
Action chosen: (diamond, blue)
Outcome: False
partcle ids: ['generator_120', 'generator_130', 'generator_150', 'generator_151', 'generator_152', 'generator_127', 'generator_154', 'generator_155', 'generator_156', 'generator_157', 'generator_136', 'generator_159', 'generator_134', 'generator_161', 'generator_162', 'generator_163', 'generator_164', 'generator_93', 'generator_165', 'generator_127', 'generator_146', 'generator_138', 'generator_118', 'generator_169', 'generator_170', 'generator_138', 'generator_172', 'generator_145', 'generator_123', 'generator_145']
number opened: 2
TRIAL 16
Action chosen: (heart, blue)
Outcome: False
partcle ids: ['generator_120', 'generator_130', 'generator_150', 'generator_151', 'generator_152', 'generator_127', 'generator_154', 'generator_155', 'generator_156', 'generator_157', 'generator_136', 'generator_159', 'generator_134', 'generator_161', 'generator_162', 'generator_163', 'generator_164', 'generator_93', 'generator_165', 'generator_127', 'generator_146', 'generator_138', 'generator_118', 'generator_169', 'generator_170', 'generator_138', 'generator_172', 'generator_145', 'generator_123', 'generator_145']
number opened: 2
TRIAL 17
Action chosen: (triangle, blue)
Outcome: False
partcle ids: ['generator_175', 'generator_176', 'generator_177', 'generator_164', 'generator_170', 'generator_127', 'generator_146', 'generator_180', 'generator_161', 'generator_164', 'generator_183', 'generator_161', 'generator_185', 'generator_186', 'generator_127', 'generator_157', 'generator_164', 'generator_190', 'generator_146', 'generator_164', 'generator_192', 'generator_138', 'generator_194', 'generator_195', 'generator_127', 'generator_197', 'generator_138', 'generator_146', 'generator_200', 'generator_164']
number opened: 2
TRIAL 18
Action chosen: (yellow5, blue)
Outcome: True
partcle ids: ['generator_164', 'generator_201', 'generator_201', 'generator_202', 'generator_203', 'generator_204', 'generator_127', 'generator_206', 'generator_207', 'generator_164', 'generator_209', 'generator_164', 'generator_204', 'number_match', 'generator_164', 'generator_211', 'generator_212', 'generator_213', 'generator_214', 'generator_215', 'generator_216', 'generator_127', 'generator_218', 'generator_219', 'generator_212', 'generator_206', 'generator_214', 'generator_127', 'generator_220', 'generator_206']
number opened: 3
TRIAL 19
Action chosen: (cloud, pink)
Outcome: False
partcle ids: ['generator_164', 'generator_201', 'generator_201', 'generator_202', 'generator_203', 'generator_204', 'generator_127', 'generator_206', 'generator_207', 'generator_164', 'generator_209', 'generator_164', 'generator_204', 'number_match', 'generator_164', 'generator_211', 'generator_212', 'generator_213', 'generator_214', 'generator_215', 'generator_216', 'generator_127', 'generator_218', 'generator_219', 'generator_212', 'generator_206', 'generator_214', 'generator_127', 'generator_220', 'generator_206']
number opened: 3
TRIAL 20
Action chosen: (grey2, red)
Outcome: False
partcle ids: ['generator_164', 'generator_201', 'generator_201', 'generator_202', 'generator_203', 'generator_204', 'generator_127', 'generator_206', 'generator_207', 'generator_164', 'generator_209', 'generator_164', 'generator_204', 'number_match', 'generator_164', 'generator_211', 'generator_212', 'generator_213', 'generator_214', 'generator_215', 'generator_216', 'generator_127', 'generator_218', 'generator_219', 'generator_212', 'generator_206', 'generator_214', 'generator_127', 'generator_220', 'generator_206']
number opened: 3
TRIAL 21
Action chosen: (white, pink)
Outcome: False
partcle ids: ['generator_221', 'generator_222', 'generator_202', 'generator_211', 'generator_161', 'generator_211', 'generator_215', 'generator_161', 'generator_211', 'generator_212', 'generator_226', 'number_match', 'generator_183', 'generator_212', 'generator_228', 'generator_220', 'generator_211', 'generator_203', 'generator_230', 'number_match', 'generator_203', 'generator_212', 'generator_215', 'generator_212', 'generator_222', 'generator_233', 'number_match', 'generator_215', 'generator_235', 'generator_236']
number opened: 3
TRIAL 22
Action chosen: (purple, pink)
Outcome: False
partcle ids: ['generator_221', 'generator_222', 'generator_202', 'generator_211', 'generator_161', 'generator_211', 'generator_215', 'generator_161', 'generator_211', 'generator_212', 'generator_226', 'number_match', 'generator_183', 'generator_212', 'generator_228', 'generator_220', 'generator_211', 'generator_203', 'generator_230', 'number_match', 'generator_203', 'generator_212', 'generator_215', 'generator_212', 'generator_222', 'generator_233', 'number_match', 'generator_215', 'generator_235', 'generator_236']
number opened: 3
TRIAL 23
Action chosen: (heart, pink)
Outcome: False
partcle ids: ['generator_233', 'generator_222', 'generator_238', 'generator_233', 'generator_220', 'generator_239', 'number_match', 'generator_240', 'generator_226', 'generator_216', 'generator_222', 'generator_242', 'number_match', 'number_match', 'generator_222', 'generator_228', 'generator_244', 'generator_220', 'generator_236', 'generator_235', 'generator_246', 'generator_228', 'generator_220', 'number_match', 'generator_247', 'generator_194', 'number_match', 'generator_220', 'generator_220', 'generator_222']
number opened: 3
TRIAL 24
Action chosen: (red, red)
Outcome: True
partcle ids: ['generator_220', 'number_match', 'number_match', 'generator_220', 'number_match', 'generator_220', 'number_match', 'number_match', 'number_match', 'generator_251', 'number_match', 'number_match', 'number_match', 'number_match', 'number_match', 'number_match', 'number_match', 'number_match', 'generator_220', 'number_match', 'generator_220', 'generator_220', 'generator_251', 'generator_220', 'generator_220', 'number_match', 'generator_220', 'number_match', 'generator_220', 'generator_253']
number opened: 4
TRIAL 25
Action chosen: (grey2, pink)
Outcome: True
partcle ids: ['generator_220', 'number_match', 'number_match', 'generator_220', 'number_match', 'generator_220', 'number_match', 'number_match', 'number_match', 'generator_251', 'number_match', 'number_match', 'number_match', 'number_match', 'number_match', 'number_match', 'number_match', 'number_match', 'generator_220', 'number_match', 'generator_220', 'generator_220', 'generator_251', 'generator_220', 'generator_220', 'number_match', 'generator_220', 'number_match', 'generator_220', 'generator_253']
number opened: 5
{"attempts": 25, "unique_key_box_pairs": 25, "revisit_attempts": 0, "revisit_rate": 0.0, "attempts_before_abandoning_color_matching": 1, "color_matching_abandoned": true}
