{"Child_ID": "D014", "SoC_variant": "SoC-Gen", "theta": [19, 1], "p_gen": 0.9, "true_prior": 0.02, "run_number": 66, "seed": 1937236254008794073}
TRIAL 1
Action chosen: (diamond, pink)
Outcome: False
partcle ids: ['generator_1', 'generator_2', 'generator_3', 'generator_4', 'generator_5', 'generator_6', 'generator_7', 'generator_8', 'generator_9', 'number_match', 'generator_10', 'generator_11', 'generator_12', 'generator_13', 'generator_14', 'generator_15', 'generator_16', 'generator_17', 'generator_18', 'similar_color_14', 'generator_19', 'similar_color_1', 'generator_20', 'generator_21', 'generator_22', 'generator_23', 'generator_24', 'generator_25', 'generator_26', 'generator_27']
number opened: 0
TRIAL 2
Action chosen: (heart, red)
Outcome: False
partcle ids: ['generator_1', 'generator_2', 'generator_3', 'generator_4', 'generator_5', 'generator_6', 'generator_7', 'generator_8', 'generator_9', 'number_match', 'generator_10', 'generator_11', 'generator_12', 'generator_13', 'generator_14', 'generator_15', 'generator_16', 'generator_17', 'generator_18', 'similar_color_14', 'generator_19', 'similar_color_1', 'generator_20', 'generator_21', 'generator_22', 'generator_23', 'generator_24', 'generator_25', 'generator_26', 'generator_27']
number opened: 0
TRIAL 3
Action chosen: (red, red)
Outcome: True
partcle ids: ['generator_28', 'generator_29', 'generator_30', 'generator_31', 'generator_32', 'generator_33', 'generator_34', 'generator_35', 'similar_color_5', 'generator_36', 'order_match', 'generator_37', 'generator_38', 'generator_39', 'generator_40', 'generator_41', 'generator_42', 'generator_43', 'generator_44', 'generator_45', 'generator_46', 'generator_47', 'generator_48', 'generator_49', 'generator_50', 'generator_51', 'generator_52', 'color_match', 'order_match', 'generator_53']
number opened: 1
TRIAL 4
Action chosen: (grey2, pink)
Outcome: True
partcle ids: ['generator_54', 'generator_55', 'generator_56', 'generator_57', 'generator_58', 'generator_59', 'generator_60', 'generator_54', 'generator_61', 'generator_62', 'generator_63', 'generator_64', 'generator_65', 'generator_66', 'generator_67', 'generator_68', 'generator_69', 'generator_70', 'generator_71', 'generator_72', 'generator_73', 'generator_74', 'generator_75', 'generator_76', 'generator_77', 'generator_78', 'generator_79', 'generator_80', 'generator_81', 'generator_82']
number opened: 2
TRIAL 5
Action chosen: (purple, white)
Outcome: False
partcle ids: ['generator_54', 'generator_55', 'generator_56', 'generator_57', 'generator_58', 'generator_59', 'generator_60', 'generator_54', 'generator_61', 'generator_62', 'generator_63', 'generator_64', 'generator_65', 'generator_66', 'generator_67', 'generator_68', 'generator_69', 'generator_70', 'generator_71', 'generator_72', 'generator_73', 'generator_74', 'generator_75', 'generator_76', 'generator_77', 'generator_78', 'generator_79', 'generator_80', 'generator_81', 'generator_82']
number opened: 2
TRIAL 6
Action chosen: (yellow5, purple)
Outcome: False
partcle ids: ['generator_54', 'generator_55', 'generator_56', 'generator_57', 'generator_58', 'generator_59', 'generator_60', 'generator_54', 'generator_61', 'generator_62', 'generator_63', 'generator_64', 'generator_65', 'generator_66', 'generator_67', 'generator_68', 'generator_69', 'generator_70', 'generator_71', 'generator_72', 'generator_73', 'generator_74', 'generator_75', 'generator_76', 'generator_77', 'generator_78', 'generator_79', 'generator_80', 'generator_81', 'generator_82']
number opened: 2
TRIAL 7
Action chosen: (blue, white)
Outcome: False
partcle ids: ['generator_54', 'generator_55', 'generator_56', 'generator_57', 'generator_58', 'generator_59', 'generator_60', 'generator_54', 'generator_61', 'generator_62', 'generator_63', 'generator_64', 'generator_65', 'generator_66', 'generator_67', 'generator_68', 'generator_69', 'generator_70', 'generator_71', 'generator_72', 'generator_73', 'generator_74', 'generator_75', 'generator_76', 'generator_77', 'generator_78', 'generator_79', 'generator_80', 'generator_81', 'generator_82']
number opened: 2
TRIAL 8
Action chosen: (purple, blue)
Outcome: False
partcle ids: ['generator_57', 'generator_80', 'generator_69', 'generator_61', 'generator_86', 'generator_58', 'generator_88', 'generator_89', 'generator_90', 'generator_81', 'generator_92', 'generator_93', 'generator_94', 'generator_57', 'generator_96', 'generator_97', 'generator_98', 'generator_99', 'generator_100', 'generator_101', 'generator_68', 'generator_71', 'generator_62', 'generator_105', 'generator_106', 'generator_69', 'generator_108', 'generator_81', 'generator_110', 'generator_111']
number opened: 2
TRIAL 9
Action chosen: (white, white)
Outcome: False
partcle ids: ['generator_57', 'generator_80', 'generator_69', 'generator_61', 'generator_86', 'generator_58', 'generator_88', 'generator_89', 'generator_90', 'generator_81', 'generator_92', 'generator_93', 'generator_94', 'generator_57', 'generator_96', 'generator_97', 'generator_98', 'generator_99', 'generator_100', 'generator_101', 'generator_68', 'generator_71', 'generator_62', 'generator_105', 'generator_106', 'generator_69', 'generator_108', 'generator_81', 'generator_110', 'generator_111']
number opened: 2
TRIAL 10
Action chosen: (triangle, white)
Outcome: False
partcle ids: ['generator_57', 'generator_80', 'generator_69', 'generator_61', 'generator_86', 'generator_58', 'generator_88', 'generator_89', 'generator_90', 'generator_81', 'generator_92', 'generator_93', 'generator_94', 'generator_57', 'generator_96', 'generator_97', 'generator_98', 'generator_99', 'generator_100', 'generator_101', 'generator_68', 'generator_71', 'generator_62', 'generator_105', 'generator_106', 'generator_69', 'generator_108', 'generator_81', 'generator_110', 'generator_111']
number opened: 2
TRIAL 11
Action chosen: (blue, blue)
Outcome: False
partcle ids: ['generator_57', 'generator_80', 'generator_69', 'generator_61', 'generator_86', 'generator_58', 'generator_88', 'generator_89', 'generator_90', 'generator_81', 'generator_92', 'generator_93', 'generator_94', 'generator_57', 'generator_96', 'generator_97', 'generator_98', 'generator_99', 'generator_100', 'generator_101', 'generator_68', 'generator_71', 'generator_62', 'generator_105', 'generator_106', 'generator_69', 'generator_108', 'generator_81', 'generator_110', 'generator_111']
number opened: 2
TRIAL 12
Action chosen: (purple, purple)
Outcome: False
partcle ids: ['generator_86', 'generator_113', 'generator_114', 'generator_106', 'generator_115', 'generator_106', 'generator_80', 'generator_106', 'generator_118', 'generator_92', 'generator_120', 'generator_121', 'generator_86', 'generator_108', 'generator_108', 'generator_62', 'generator_124', 'generator_61', 'generator_126', 'generator_108', 'generator_100', 'generator_61', 'generator_62', 'generator_93', 'generator_89', 'generator_130', 'generator_131', 'generator_93', 'generator_133', 'generator_134']
number opened: 2
TRIAL 13
Action chosen: (triangle, blue)
Outcome: False
partcle ids: ['generator_86', 'generator_113', 'generator_114', 'generator_106', 'generator_115', 'generator_106', 'generator_80', 'generator_106', 'generator_118', 'generator_92', 'generator_120', 'generator_121', 'generator_86', 'generator_108', 'generator_108', 'generator_62', 'generator_124', 'generator_61', 'generator_126', 'generator_108', 'generator_100', 'generator_61', 'generator_62', 'generator_93', 'generator_89', 'generator_130', 'generator_131', 'generator_93', 'generator_133', 'generator_134']
number opened: 2
TRIAL 14
Action chosen: (white, blue)
Outcome: False
partcle ids: ['generator_86', 'generator_113', 'generator_114', 'generator_106', 'generator_115', 'generator_106', 'generator_80', 'generator_106', 'generator_118', 'generator_92', 'generator_120', 'generator_121', 'generator_86', 'generator_108', 'generator_108', 'generator_62', 'generator_124', 'generator_61', 'generator_126', 'generator_108', 'generator_100', 'generator_61', 'generator_62', 'generator_93', 'generator_89', 'generator_130', 'generator_131', 'generator_93', 'generator_133', 'generator_134']
number opened: 2
TRIAL 15
Action chosen: (diamond, blue)
Outcome: False
partcle ids: ['generator_61', 'generator_136', 'generator_137', 'generator_100', 'generator_131', 'generator_139', 'generator_118', 'generator_61', 'generator_89', 'generator_142', 'generator_143', 'generator_89', 'generator_121', 'generator_146', 'generator_147', 'generator_118', 'generator_149', 'generator_118', 'generator_100', 'generator_152', 'generator_77', 'generator_137', 'generator_61', 'generator_120', 'generator_155', 'generator_156', 'generator_61', 'generator_131', 'generator_61', 'generator_118']
number opened: 2
TRIAL 16
Action chosen: (orange4, blue)
Outcome: False
partcle ids: ['generator_61', 'generator_136', 'generator_137', 'generator_100', 'generator_131', 'generator_139', 'generator_118', 'generator_61', 'generator_89', 'generator_142', 'generator_143', 'generator_89', 'generator_121', 'generator_146', 'generator_147', 'generator_118', 'generator_149', 'generator_118', 'generator_100', 'generator_152', 'generator_77', 'generator_137', 'generator_61', 'generator_120', 'generator_155', 'generator_156', 'generator_61', 'generator_131', 'generator_61', 'generator_118']
number opened: 2
TRIAL 17
Action chosen: (cloud, white)
Outcome: False
partcle ids: ['generator_61', 'generator_136', 'generator_137', 'generator_100', 'generator_131', 'generator_139', 'generator_118', 'generator_61', 'generator_89', 'generator_142', 'generator_143', 'generator_89', 'generator_121', 'generator_146', 'generator_147', 'generator_118', 'generator_149', 'generator_118', 'generator_100', 'generator_152', 'generator_77', 'generator_137', 'generator_61', 'generator_120', 'generator_155', 'generator_156', 'generator_61', 'generator_131', 'generator_61', 'generator_118']
number opened: 2
TRIAL 18
Action chosen: (pink, blue)
Outcome: False
partcle ids: ['generator_137', 'generator_137', 'generator_163', 'generator_164', 'generator_165', 'generator_149', 'generator_137', 'generator_59', 'generator_137', 'generator_54', 'generator_169', 'generator_170', 'generator_171', 'generator_172', 'generator_173', 'generator_136', 'generator_146', 'generator_137', 'generator_149', 'generator_177', 'generator_178', 'generator_149', 'generator_89', 'generator_181', 'generator_182', 'generator_156', 'generator_149', 'generator_77', 'generator_149', 'generator_187']
number opened: 2
TRIAL 19
Action chosen: (orange4, white)
Outcome: True
partcle ids: ['generator_137', 'generator_188', 'generator_189', 'generator_137', 'generator_137', 'generator_137', 'generator_137', 'generator_192', 'generator_137', 'generator_194', 'number_match', 'generator_137', 'generator_192', 'generator_195', 'generator_196', 'generator_75', 'generator_197', 'generator_198', 'generator_137', 'generator_137', 'generator_201', 'generator_202', 'generator_188', 'generator_137', 'generator_203', 'generator_204', 'generator_205', 'generator_206', 'generator_207', 'generator_208']
number opened: 3
TRIAL 20
Action chosen: (yellow5, blue)
Outcome: True
partcle ids: ['generator_137', 'generator_201', 'generator_196', 'number_match', 'generator_209', 'generator_209', 'generator_137', 'generator_75', 'generator_75', 'generator_75', 'generator_137', 'generator_196', 'generator_137', 'generator_211', 'generator_75', 'generator_211', 'number_match', 'generator_201', 'generator_212', 'number_match', 'generator_212', 'generator_212', 'generator_196', 'generator_196', 'number_match', 'generator_196', 'generator_137', 'generator_75', 'number_match', 'generator_201']
number opened: 4
TRIAL 21
Action chosen: (triangle, purple)
Outcome: False
partcle ids: ['generator_137', 'generator_201', 'generator_196', 'number_match', 'generator_209', 'generator_209', 'generator_137', 'generator_75', 'generator_75', 'generator_75', 'generator_137', 'generator_196', 'generator_137', 'generator_211', 'generator_75', 'generator_211', 'number_match', 'generator_201', 'generator_212', 'number_match', 'generator_212', 'generator_212', 'generator_196', 'generator_196', 'number_match', 'generator_196', 'generator_137', 'generator_75', 'number_match', 'generator_201']
number opened: 4
TRIAL 22
Action chosen: (diamond, purple)
Outcome: False
partcle ids: ['generator_137', 'generator_201', 'generator_196', 'number_match', 'generator_209', 'generator_209', 'generator_137', 'generator_75', 'generator_75', 'generator_75', 'generator_137', 'generator_196', 'generator_137', 'generator_211', 'generator_75', 'generator_211', 'number_match', 'generator_201', 'generator_212', 'number_match', 'generator_212', 'generator_212', 'generator_196', 'generator_196', 'number_match', 'generator_196', 'generator_137', 'generator_75', 'number_match', 'generator_201']
number opened: 4
TRIAL 23
Action chosen: (green3, purple)
Outcome: True
partcle ids: ['number_match', 'number_match', 'number_match', 'number_match', 'number_match', 'number_match', 'number_match', 'number_match', 'number_match', 'number_match', 'number_match', 'number_match', 'number_match', 'number_match', 'number_match', 'number_match', 'number_match', 'number_match', 'number_match', 'number_match', 'number_match', 'number_match', 'number_match', 'number_match', 'number_match', 'number_match', 'number_match', 'number_match', 'number_match', 'number_match']
number opened: 5
{"attempts": 23, "unique_key_box_pairs": 23, "revisit_attempts": 0, "revisit_rate": 0.0, "attempts_before_abandoning_color_matching": 0, "color_matching_abandoned": true}
