{"Child_ID": "D014", "SoC_variant": "SoC-Gen", "theta": [19, 1], "p_gen": 0.9, "true_prior": 0.02, "run_number": 28, "seed": 5718053918182024791}
TRIAL 1
Action chosen: (heart, red)
Outcome: False
partcle ids: ['generator_1', 'generator_2', 'generator_3', 'generator_4', 'generator_5', 'generator_6', 'generator_7', 'generator_8', 'generator_9', 'generator_10', 'generator_11', 'generator_12', 'generator_13', 'generator_14', 'generator_15', 'generator_16', 'generator_17', 'generator_18', 'generator_19', 'generator_20', 'generator_21', 'generator_22', 'generator_23', 'generator_24', 'generator_25', 'generator_26', 'generator_27', 'generator_28', 'similar_color_14', 'generator_29']
number opened: 0
TRIAL 2
Action chosen: (diamond, red)
Outcome: False
partcle ids: ['generator_1', 'generator_2', 'generator_3', 'generator_4', 'generator_5', 'generator_6', 'generator_7', 'generator_8', 'generator_9', 'generator_10', 'generator_11', 'generator_12', 'generator_13', 'generator_14', 'generator_15', 'generator_16', 'generator_17', 'generator_18', 'generator_19', 'generator_20', 'generator_21', 'generator_22', 'generator_23', 'generator_24', 'generator_25', 'generator_26', 'generator_27', 'generator_28', 'similar_color_14', 'generator_29']
number opened: 0
TRIAL 3
Action chosen: (triangle, pink)
Outcome: False
partcle ids: ['generator_1', 'generator_2', 'generator_3', 'generator_4', 'generator_5', 'generator_6', 'generator_7', 'generator_8', 'generator_9', 'generator_10', 'generator_11', 'generator_12', 'generator_13', 'generator_14', 'generator_15', 'generator_16', 'generator_17', 'generator_18', 'generator_19', 'generator_20', 'generator_21', 'generator_22', 'generator_23', 'generator_24', 'generator_25', 'generator_26', 'generator_27', 'generator_28', 'similar_color_14', 'generator_29']
number opened: 0
TRIAL 4
Action chosen: (purple, pink)
Outcome: False
partcle ids: ['generator_30', 'generator_31', 'generator_32', 'generator_33', 'generator_23', 'generator_26', 'generator_36', 'generator_26', 'generator_37', 'generator_38', 'generator_4', 'generator_39', 'generator_13', 'generator_23', 'generator_42', 'generator_23', 'generator_44', 'generator_45', 'generator_46', 'generator_47', 'generator_5', 'generator_8', 'generator_49', 'generator_50', 'generator_17', 'generator_51', 'generator_21', 'generator_21', 'generator_13', 'generator_54']
number opened: 0
TRIAL 5
Action chosen: (triangle, red)
Outcome: False
partcle ids: ['generator_30', 'generator_31', 'generator_32', 'generator_33', 'generator_23', 'generator_26', 'generator_36', 'generator_26', 'generator_37', 'generator_38', 'generator_4', 'generator_39', 'generator_13', 'generator_23', 'generator_42', 'generator_23', 'generator_44', 'generator_45', 'generator_46', 'generator_47', 'generator_5', 'generator_8', 'generator_49', 'generator_50', 'generator_17', 'generator_51', 'generator_21', 'generator_21', 'generator_13', 'generator_54']
number opened: 0
TRIAL 6
Action chosen: (grey2, purple)
Outcome: False
partcle ids: ['generator_30', 'generator_31', 'generator_32', 'generator_33', 'generator_23', 'generator_26', 'generator_36', 'generator_26', 'generator_37', 'generator_38', 'generator_4', 'generator_39', 'generator_13', 'generator_23', 'generator_42', 'generator_23', 'generator_44', 'generator_45', 'generator_46', 'generator_47', 'generator_5', 'generator_8', 'generator_49', 'generator_50', 'generator_17', 'generator_51', 'generator_21', 'generator_21', 'generator_13', 'generator_54']
number opened: 0
TRIAL 7
Action chosen: (purple, red)
Outcome: False
partcle ids: ['generator_30', 'generator_31', 'generator_32', 'generator_33', 'generator_23', 'generator_26', 'generator_36', 'generator_26', 'generator_37', 'generator_38', 'generator_4', 'generator_39', 'generator_13', 'generator_23', 'generator_42', 'generator_23', 'generator_44', 'generator_45', 'generator_46', 'generator_47', 'generator_5', 'generator_8', 'generator_49', 'generator_50', 'generator_17', 'generator_51', 'generator_21', 'generator_21', 'generator_13', 'generator_54']
number opened: 0
TRIAL 8
Action chosen: (grey2, pink)
Outcome: True
partcle ids: ['generator_55', 'generator_56', 'generator_32', 'generator_54', 'generator_59', 'generator_60', 'generator_61', 'generator_62', 'generator_63', 'generator_64', 'generator_8', 'generator_54', 'generator_67', 'generator_68', 'generator_69', 'generator_70', 'generator_71', 'generator_72', 'generator_32', 'generator_74', 'generator_75', 'generator_76', 'generator_77', 'generator_8', 'generator_79', 'generator_80', 'generator_81', 'generator_32', 'generator_32', 'generator_84']
number opened: 1
TRIAL 9
Action chosen: (heart, white)
Outcome: False
partcle ids: ['generator_55', 'generator_56', 'generator_32', 'generator_54', 'generator_59', 'generator_60', 'generator_61', 'generator_62', 'generator_63', 'generator_64', 'generator_8', 'generator_54', 'generator_67', 'generator_68', 'generator_69', 'generator_70', 'generator_71', 'generator_72', 'generator_32', 'generator_74', 'generator_75', 'generator_76', 'generator_77', 'generator_8', 'generator_79', 'generator_80', 'generator_81', 'generator_32', 'generator_32', 'generator_84']
number opened: 1
TRIAL 10
Action chosen: (pink, red)
Outcome: False
partcle ids: ['generator_55', 'generator_56', 'generator_32', 'generator_54', 'generator_59', 'generator_60', 'generator_61', 'generator_62', 'generator_63', 'generator_64', 'generator_8', 'generator_54', 'generator_67', 'generator_68', 'generator_69', 'generator_70', 'generator_71', 'generator_72', 'generator_32', 'generator_74', 'generator_75', 'generator_76', 'generator_77', 'generator_8', 'generator_79', 'generator_80', 'generator_81', 'generator_32', 'generator_32', 'generator_84']
number opened: 1
TRIAL 11
Action chosen: (heart, blue)
Outcome: False
partcle ids: ['generator_55', 'generator_56', 'generator_32', 'generator_54', 'generator_59', 'generator_60', 'generator_61', 'generator_62', 'generator_63', 'generator_64', 'generator_8', 'generator_54', 'generator_67', 'generator_68', 'generator_69', 'generator_70', 'generator_71', 'generator_72', 'generator_32', 'generator_74', 'generator_75', 'generator_76', 'generator_77', 'generator_8', 'generator_79', 'generator_80', 'generator_81', 'generator_32', 'generator_32', 'generator_84']
number opened: 1
TRIAL 12
Action chosen: (cloud, red)
Outcome: False
partcle ids: ['generator_72', 'generator_81', 'generator_72', 'generator_67', 'generator_72', 'generator_90', 'generator_91', 'generator_81', 'generator_93', 'generator_80', 'generator_95', 'generator_72', 'generator_97', 'generator_98', 'generator_99', 'generator_100', 'generator_72', 'generator_77', 'generator_103', 'generator_59', 'generator_81', 'generator_106', 'generator_107', 'generator_77', 'generator_81', 'generator_59', 'generator_72', 'generator_112', 'generator_113', 'generator_114']
number opened: 1
TRIAL 13
Action chosen: (green3, red)
Outcome: False
partcle ids: ['generator_72', 'generator_81', 'generator_72', 'generator_67', 'generator_72', 'generator_90', 'generator_91', 'generator_81', 'generator_93', 'generator_80', 'generator_95', 'generator_72', 'generator_97', 'generator_98', 'generator_99', 'generator_100', 'generator_72', 'generator_77', 'generator_103', 'generator_59', 'generator_81', 'generator_106', 'generator_107', 'generator_77', 'generator_81', 'generator_59', 'generator_72', 'generator_112', 'generator_113', 'generator_114']
number opened: 1
TRIAL 14
Action chosen: (triangle, white)
Outcome: False
partcle ids: ['generator_72', 'generator_81', 'generator_72', 'generator_67', 'generator_72', 'generator_90', 'generator_91', 'generator_81', 'generator_93', 'generator_80', 'generator_95', 'generator_72', 'generator_97', 'generator_98', 'generator_99', 'generator_100', 'generator_72', 'generator_77', 'generator_103', 'generator_59', 'generator_81', 'generator_106', 'generator_107', 'generator_77', 'generator_81', 'generator_59', 'generator_72', 'generator_112', 'generator_113', 'generator_114']
number opened: 1
TRIAL 15
Action chosen: (yellow5, red)
Outcome: False
partcle ids: ['generator_114', 'generator_116', 'generator_117', 'generator_59', 'generator_59', 'generator_99', 'generator_72', 'generator_122', 'generator_59', 'generator_124', 'generator_114', 'generator_99', 'generator_59', 'generator_106', 'generator_129', 'generator_95', 'generator_106', 'generator_132', 'generator_59', 'generator_134', 'generator_93', 'generator_99', 'generator_59', 'generator_138', 'generator_99', 'generator_140', 'generator_95', 'generator_142', 'generator_143', 'generator_106']
number opened: 1
TRIAL 16
Action chosen: (purple, white)
Outcome: False
partcle ids: ['generator_114', 'generator_116', 'generator_117', 'generator_59', 'generator_59', 'generator_99', 'generator_72', 'generator_122', 'generator_59', 'generator_124', 'generator_114', 'generator_99', 'generator_59', 'generator_106', 'generator_129', 'generator_95', 'generator_106', 'generator_132', 'generator_59', 'generator_134', 'generator_93', 'generator_99', 'generator_59', 'generator_138', 'generator_99', 'generator_140', 'generator_95', 'generator_142', 'generator_143', 'generator_106']
number opened: 1
TRIAL 17
Action chosen: (white, red)
Outcome: False
partcle ids: ['generator_114', 'generator_116', 'generator_117', 'generator_59', 'generator_59', 'generator_99', 'generator_72', 'generator_122', 'generator_59', 'generator_124', 'generator_114', 'generator_99', 'generator_59', 'generator_106', 'generator_129', 'generator_95', 'generator_106', 'generator_132', 'generator_59', 'generator_134', 'generator_93', 'generator_99', 'generator_59', 'generator_138', 'generator_99', 'generator_140', 'generator_95', 'generator_142', 'generator_143', 'generator_106']
number opened: 1
TRIAL 18
Action chosen: (red, red)
Outcome: True
partcle ids: ['generator_145', 'generator_106', 'generator_147', 'generator_106', 'generator_114', 'generator_150', 'generator_151', 'generator_152', 'generator_153', 'generator_106', 'generator_155', 'generator_106', 'generator_157', 'generator_114', 'generator_114', 'generator_160', 'generator_161', 'generator_162', 'generator_163', 'generator_164', 'generator_165', 'generator_166', 'generator_167', 'generator_114', 'generator_169', 'generator_170', 'generator_171', 'generator_106', 'generator_172', 'generator_173']
number opened: 2
TRIAL 19
Action chosen: (yellow5, white)
Outcome: False
partcle ids: ['generator_145', 'generator_106', 'generator_147', 'generator_106', 'generator_114', 'generator_150', 'generator_151', 'generator_152', 'generator_153', 'generator_106', 'generator_155', 'generator_106', 'generator_157', 'generator_114', 'generator_114', 'generator_160', 'generator_161', 'generator_162', 'generator_163', 'generator_164', 'generator_165', 'generator_166', 'generator_167', 'generator_114', 'generator_169', 'generator_170', 'generator_171', 'generator_106', 'generator_172', 'generator_173']
number opened: 2
TRIAL 20
Action chosen: (blue, white)
Outcome: False
partcle ids: ['generator_145', 'generator_106', 'generator_147', 'generator_106', 'generator_114', 'generator_150', 'generator_151', 'generator_152', 'generator_153', 'generator_106', 'generator_155', 'generator_106', 'generator_157', 'generator_114', 'generator_114', 'generator_160', 'generator_161', 'generator_162', 'generator_163', 'generator_164', 'generator_165', 'generator_166', 'generator_167', 'generator_114', 'generator_169', 'generator_170', 'generator_171', 'generator_106', 'generator_172', 'generator_173']
number opened: 2
TRIAL 21
Action chosen: (orange4, white)
Outcome: True
partcle ids: ['generator_174', 'generator_150', 'generator_175', 'generator_176', 'generator_177', 'generator_178', 'generator_179', 'generator_164', 'generator_181', 'generator_182', 'generator_183', 'generator_184', 'generator_185', 'generator_181', 'generator_186', 'generator_187', 'generator_177', 'generator_188', 'generator_189', 'generator_190', 'generator_191', 'generator_192', 'generator_182', 'generator_193', 'generator_155', 'generator_195', 'number_match', 'generator_196', 'generator_182', 'generator_197']
number opened: 3
TRIAL 22
Action chosen: (yellow5, blue)
Outcome: True
partcle ids: ['generator_198', 'generator_177', 'generator_182', 'number_match', 'number_match', 'generator_199', 'generator_200', 'number_match', 'generator_195', 'generator_199', 'generator_177', 'generator_200', 'generator_200', 'generator_198', 'generator_199', 'generator_200', 'generator_182', 'generator_195', 'generator_200', 'generator_198', 'generator_177', 'generator_200', 'generator_177', 'generator_177', 'number_match', 'number_match', 'generator_182', 'generator_201', 'number_match', 'generator_200']
number opened: 4
TRIAL 23
Action chosen: (purple, purple)
Outcome: False
partcle ids: ['generator_198', 'generator_177', 'generator_182', 'number_match', 'number_match', 'generator_199', 'generator_200', 'number_match', 'generator_195', 'generator_199', 'generator_177', 'generator_200', 'generator_200', 'generator_198', 'generator_199', 'generator_200', 'generator_182', 'generator_195', 'generator_200', 'generator_198', 'generator_177', 'generator_200', 'generator_177', 'generator_177', 'number_match', 'number_match', 'generator_182', 'generator_201', 'number_match', 'generator_200']
number opened: 4
TRIAL 24
Action chosen: (green3, purple)
Outcome: True
partcle ids: ['number_match', 'number_match', 'number_match', 'number_match', 'number_match', 'number_match', 'number_match', 'number_match', 'number_match', 'number_match', 'number_match', 'number_match', 'number_match', 'number_match', 'number_match', 'number_match', 'number_match', 'number_match', 'number_match', 'number_match', 'number_match', 'number_match', 'number_match', 'number_match', 'number_match', 'number_match', 'number_match', 'number_match', 'number_match', 'number_match']
number opened: 5
{"attempts": 24, "unique_key_box_pairs": 24, "revisit_attempts": 0, "revisit_rate": 0.0, "attempts_before_abandoning_color_matching": 0, "color_matching_abandoned": true}
