{"Child_ID": "D040", "SoC_variant": "SoC-Gen", "theta": [19, 1], "p_gen": 0.9, "true_prior": 0.02, "run_number": 58, "seed": 955349004579248966}
TRIAL 1
Action chosen: (white, white)
Outcome: False
partcle ids: ['generator_1', 'generator_2', 'generator_3', 'generator_4', 'generator_5', 'color_match', 'generator_6', 'generator_7', 'generator_8', 'generator_9', 'generator_10', 'generator_11', 'generator_12', 'generator_13', 'similar_color_4', 'generator_14', 'generator_15', 'generator_16', 'generator_17', 'generator_18', 'number_match', 'generator_19', 'generator_20', 'generator_21', 'generator_22', 'generator_23', 'generator_24', 'generator_25', 'generator_26', 'generator_27']
number opened: 0
TRIAL 2
Action chosen: (triangle, red)
Outcome: False
partcle ids: ['generator_1', 'generator_2', 'generator_3', 'generator_4', 'generator_5', 'color_match', 'generator_6', 'generator_7', 'generator_8', 'generator_9', 'generator_10', 'generator_11', 'generator_12', 'generator_13', 'similar_color_4', 'generator_14', 'generator_15', 'generator_16', 'generator_17', 'generator_18', 'number_match', 'generator_19', 'generator_20', 'generator_21', 'generator_22', 'generator_23', 'generator_24', 'generator_25', 'generator_26', 'generator_27']
number opened: 0
TRIAL 3
Action chosen: (blue, red)
Outcome: False
partcle ids: ['generator_1', 'generator_2', 'generator_3', 'generator_4', 'generator_5', 'color_match', 'generator_6', 'generator_7', 'generator_8', 'generator_9', 'generator_10', 'generator_11', 'generator_12', 'generator_13', 'similar_color_4', 'generator_14', 'generator_15', 'generator_16', 'generator_17', 'generator_18', 'number_match', 'generator_19', 'generator_20', 'generator_21', 'generator_22', 'generator_23', 'generator_24', 'generator_25', 'generator_26', 'generator_27']
number opened: 0
TRIAL 4
Action chosen: (purple, blue)
Outcome: False
partcle ids: ['generator_20', 'generator_11', 'similar_color_13', 'generator_30', 'generator_31', 'generator_32', 'generator_26', 'generator_34', 'generator_16', 'generator_35', 'generator_1', 'generator_37', 'generator_38', 'generator_1', 'generator_39', 'generator_26', 'generator_41', 'generator_42', 'generator_43', 'generator_7', 'generator_45', 'generator_46', 'generator_47', 'generator_48', 'generator_49', 'generator_50', 'generator_51', 'generator_52', 'generator_53', 'generator_54']
number opened: 0
TRIAL 5
Action chosen: (cloud, red)
Outcome: False
partcle ids: ['generator_20', 'generator_11', 'similar_color_13', 'generator_30', 'generator_31', 'generator_32', 'generator_26', 'generator_34', 'generator_16', 'generator_35', 'generator_1', 'generator_37', 'generator_38', 'generator_1', 'generator_39', 'generator_26', 'generator_41', 'generator_42', 'generator_43', 'generator_7', 'generator_45', 'generator_46', 'generator_47', 'generator_48', 'generator_49', 'generator_50', 'generator_51', 'generator_52', 'generator_53', 'generator_54']
number opened: 0
TRIAL 6
Action chosen: (heart, white)
Outcome: False
partcle ids: ['generator_20', 'generator_11', 'similar_color_13', 'generator_30', 'generator_31', 'generator_32', 'generator_26', 'generator_34', 'generator_16', 'generator_35', 'generator_1', 'generator_37', 'generator_38', 'generator_1', 'generator_39', 'generator_26', 'generator_41', 'generator_42', 'generator_43', 'generator_7', 'generator_45', 'generator_46', 'generator_47', 'generator_48', 'generator_49', 'generator_50', 'generator_51', 'generator_52', 'generator_53', 'generator_54']
number opened: 0
TRIAL 7
Action chosen: (heart, purple)
Outcome: False
partcle ids: ['generator_55', 'generator_56', 'generator_57', 'generator_58', 'generator_59', 'generator_60', 'generator_11', 'generator_62', 'generator_63', 'generator_7', 'generator_65', 'generator_66', 'generator_67', 'generator_68', 'generator_69', 'generator_70', 'generator_71', 'generator_72', 'generator_35', 'generator_74', 'generator_75', 'generator_7', 'generator_76', 'generator_77', 'generator_37', 'generator_79', 'generator_50', 'generator_38', 'generator_82', 'generator_83']
number opened: 0
TRIAL 8
Action chosen: (cloud, pink)
Outcome: False
partcle ids: ['generator_55', 'generator_56', 'generator_57', 'generator_58', 'generator_59', 'generator_60', 'generator_11', 'generator_62', 'generator_63', 'generator_7', 'generator_65', 'generator_66', 'generator_67', 'generator_68', 'generator_69', 'generator_70', 'generator_71', 'generator_72', 'generator_35', 'generator_74', 'generator_75', 'generator_7', 'generator_76', 'generator_77', 'generator_37', 'generator_79', 'generator_50', 'generator_38', 'generator_82', 'generator_83']
number opened: 0
TRIAL 9
Action chosen: (yellow5, red)
Outcome: False
partcle ids: ['generator_55', 'generator_56', 'generator_57', 'generator_58', 'generator_59', 'generator_60', 'generator_11', 'generator_62', 'generator_63', 'generator_7', 'generator_65', 'generator_66', 'generator_67', 'generator_68', 'generator_69', 'generator_70', 'generator_71', 'generator_72', 'generator_35', 'generator_74', 'generator_75', 'generator_7', 'generator_76', 'generator_77', 'generator_37', 'generator_79', 'generator_50', 'generator_38', 'generator_82', 'generator_83']
number opened: 0
TRIAL 10
Action chosen: (white, purple)
Outcome: False
partcle ids: ['generator_55', 'generator_56', 'generator_57', 'generator_58', 'generator_59', 'generator_60', 'generator_11', 'generator_62', 'generator_63', 'generator_7', 'generator_65', 'generator_66', 'generator_67', 'generator_68', 'generator_69', 'generator_70', 'generator_71', 'generator_72', 'generator_35', 'generator_74', 'generator_75', 'generator_7', 'generator_76', 'generator_77', 'generator_37', 'generator_79', 'generator_50', 'generator_38', 'generator_82', 'generator_83']
number opened: 0
TRIAL 11
Action chosen: (pink, purple)
Outcome: False
partcle ids: ['generator_84', 'generator_85', 'generator_76', 'generator_87', 'generator_88', 'generator_89', 'generator_90', 'generator_63', 'generator_92', 'generator_69', 'generator_94', 'generator_69', 'generator_76', 'generator_11', 'generator_72', 'generator_98', 'generator_99', 'generator_100', 'generator_101', 'generator_57', 'generator_103', 'generator_104', 'generator_38', 'generator_72', 'generator_77', 'generator_69', 'generator_72', 'generator_110', 'generator_111', 'generator_77']
number opened: 0
TRIAL 12
Action chosen: (diamond, white)
Outcome: False
partcle ids: ['generator_84', 'generator_85', 'generator_76', 'generator_87', 'generator_88', 'generator_89', 'generator_90', 'generator_63', 'generator_92', 'generator_69', 'generator_94', 'generator_69', 'generator_76', 'generator_11', 'generator_72', 'generator_98', 'generator_99', 'generator_100', 'generator_101', 'generator_57', 'generator_103', 'generator_104', 'generator_38', 'generator_72', 'generator_77', 'generator_69', 'generator_72', 'generator_110', 'generator_111', 'generator_77']
number opened: 0
TRIAL 13
Action chosen: (yellow5, blue)
Outcome: True
partcle ids: ['generator_113', 'generator_114', 'generator_76', 'generator_38', 'generator_38', 'generator_92', 'generator_76', 'generator_110', 'generator_76', 'generator_121', 'generator_122', 'generator_110', 'generator_76', 'generator_110', 'generator_92', 'generator_92', 'generator_38', 'generator_110', 'generator_129', 'generator_110', 'generator_131', 'generator_132', 'generator_76', 'generator_76', 'generator_76', 'generator_110', 'generator_38', 'generator_110', 'generator_38', 'generator_140']
number opened: 1
TRIAL 14
Action chosen: (red, white)
Outcome: False
partcle ids: ['generator_113', 'generator_114', 'generator_76', 'generator_38', 'generator_38', 'generator_92', 'generator_76', 'generator_110', 'generator_76', 'generator_121', 'generator_122', 'generator_110', 'generator_76', 'generator_110', 'generator_92', 'generator_92', 'generator_38', 'generator_110', 'generator_129', 'generator_110', 'generator_131', 'generator_132', 'generator_76', 'generator_76', 'generator_76', 'generator_110', 'generator_38', 'generator_110', 'generator_38', 'generator_140']
number opened: 1
TRIAL 15
Action chosen: (white, red)
Outcome: False
partcle ids: ['generator_141', 'generator_110', 'generator_143', 'generator_131', 'order_match', 'generator_113', 'generator_146', 'generator_147', 'generator_113', 'generator_149', 'generator_150', 'generator_151', 'generator_129', 'generator_121', 'generator_38', 'generator_155', 'generator_156', 'generator_157', 'generator_114', 'generator_38', 'generator_129', 'generator_131', 'generator_162', 'generator_38', 'generator_164', 'generator_38', 'generator_131', 'generator_167', 'generator_168', 'generator_113']
number opened: 1
TRIAL 16
Action chosen: (diamond, red)
Outcome: False
partcle ids: ['generator_141', 'generator_110', 'generator_143', 'generator_131', 'order_match', 'generator_113', 'generator_146', 'generator_147', 'generator_113', 'generator_149', 'generator_150', 'generator_151', 'generator_129', 'generator_121', 'generator_38', 'generator_155', 'generator_156', 'generator_157', 'generator_114', 'generator_38', 'generator_129', 'generator_131', 'generator_162', 'generator_38', 'generator_164', 'generator_38', 'generator_131', 'generator_167', 'generator_168', 'generator_113']
number opened: 1
TRIAL 17
Action chosen: (blue, pink)
Outcome: False
partcle ids: ['generator_141', 'generator_110', 'generator_143', 'generator_131', 'order_match', 'generator_113', 'generator_146', 'generator_147', 'generator_113', 'generator_149', 'generator_150', 'generator_151', 'generator_129', 'generator_121', 'generator_38', 'generator_155', 'generator_156', 'generator_157', 'generator_114', 'generator_38', 'generator_129', 'generator_131', 'generator_162', 'generator_38', 'generator_164', 'generator_38', 'generator_131', 'generator_167', 'generator_168', 'generator_113']
number opened: 1
TRIAL 18
Action chosen: (blue, white)
Outcome: False
partcle ids: ['generator_170', 'order_match', 'generator_151', 'generator_151', 'generator_151', 'generator_141', 'generator_150', 'generator_141', 'generator_146', 'number_match', 'generator_179', 'generator_147', 'generator_168', 'generator_147', 'generator_168', 'generator_184', 'generator_185', 'generator_38', 'generator_187', 'generator_147', 'generator_168', 'generator_168', 'generator_191', 'generator_150', 'generator_193', 'generator_194', 'generator_195', 'generator_196', 'generator_168', 'generator_198']
number opened: 1
TRIAL 19
Action chosen: (cloud, purple)
Outcome: False
partcle ids: ['generator_170', 'order_match', 'generator_151', 'generator_151', 'generator_151', 'generator_141', 'generator_150', 'generator_141', 'generator_146', 'number_match', 'generator_179', 'generator_147', 'generator_168', 'generator_147', 'generator_168', 'generator_184', 'generator_185', 'generator_38', 'generator_187', 'generator_147', 'generator_168', 'generator_168', 'generator_191', 'generator_150', 'generator_193', 'generator_194', 'generator_195', 'generator_196', 'generator_168', 'generator_198']
number opened: 1
TRIAL 20
Action chosen: (green3, pink)
Outcome: False
partcle ids: ['generator_170', 'order_match', 'generator_151', 'generator_151', 'generator_151', 'generator_141', 'generator_150', 'generator_141', 'generator_146', 'number_match', 'generator_179', 'generator_147', 'generator_168', 'generator_147', 'generator_168', 'generator_184', 'generator_185', 'generator_38', 'generator_187', 'generator_147', 'generator_168', 'generator_168', 'generator_191', 'generator_150', 'generator_193', 'generator_194', 'generator_195', 'generator_196', 'generator_168', 'generator_198']
number opened: 1
TRIAL 21
Action chosen: (blue, purple)
Outcome: False
partcle ids: ['generator_199', 'generator_179', 'generator_200', 'generator_170', 'generator_202', 'generator_203', 'generator_179', 'generator_205', 'generator_191', 'generator_193', 'generator_38', 'generator_187', 'order_match', 'generator_210', 'generator_141', 'generator_187', 'generator_213', 'generator_214', 'generator_215', 'generator_187', 'generator_193', 'generator_187', 'generator_191', 'generator_194', 'generator_221', 'generator_222', 'order_match', 'generator_179', 'generator_179', 'generator_194']
number opened: 1
TRIAL 22
Action chosen: (pink, red)
Outcome: False
partcle ids: ['generator_199', 'generator_179', 'generator_200', 'generator_170', 'generator_202', 'generator_203', 'generator_179', 'generator_205', 'generator_191', 'generator_193', 'generator_38', 'generator_187', 'order_match', 'generator_210', 'generator_141', 'generator_187', 'generator_213', 'generator_214', 'generator_215', 'generator_187', 'generator_193', 'generator_187', 'generator_191', 'generator_194', 'generator_221', 'generator_222', 'order_match', 'generator_179', 'generator_179', 'generator_194']
number opened: 1
TRIAL 23
Action chosen: (orange4, white)
Outcome: True
partcle ids: ['generator_222', 'generator_194', 'generator_229', 'generator_194', 'generator_231', 'generator_194', 'generator_233', 'generator_234', 'generator_194', 'generator_229', 'generator_199', 'generator_194', 'generator_205', 'generator_239', 'generator_240', 'generator_194', 'generator_194', 'generator_194', 'generator_194', 'generator_245', 'generator_243', 'generator_246', 'generator_194', 'generator_194', 'generator_249', 'generator_250', 'generator_194', 'generator_252', 'generator_253', 'generator_254']
number opened: 2
TRIAL 24
Action chosen: (diamond, purple)
Outcome: False
partcle ids: ['generator_222', 'generator_194', 'generator_229', 'generator_194', 'generator_231', 'generator_194', 'generator_233', 'generator_234', 'generator_194', 'generator_229', 'generator_199', 'generator_194', 'generator_205', 'generator_239', 'generator_240', 'generator_194', 'generator_194', 'generator_194', 'generator_194', 'generator_245', 'generator_243', 'generator_246', 'generator_194', 'generator_194', 'generator_249', 'generator_250', 'generator_194', 'generator_252', 'generator_253', 'generator_254']
number opened: 2
TRIAL 25
Action chosen: (heart, red)
Outcome: False
partcle ids: ['generator_222', 'generator_194', 'generator_229', 'generator_194', 'generator_231', 'generator_194', 'generator_233', 'generator_234', 'generator_194', 'generator_229', 'generator_199', 'generator_194', 'generator_205', 'generator_239', 'generator_240', 'generator_194', 'generator_194', 'generator_194', 'generator_194', 'generator_245', 'generator_243', 'generator_246', 'generator_194', 'generator_194', 'generator_249', 'generator_250', 'generator_194', 'generator_252', 'generator_253', 'generator_254']
number opened: 2
TRIAL 26
Action chosen: (red, pink)
Outcome: False
partcle ids: ['generator_255', 'generator_256', 'generator_257', 'generator_243', 'generator_229', 'number_match', 'generator_260', 'generator_243', 'generator_262', 'generator_263', 'generator_264', 'generator_265', 'generator_266', 'generator_253', 'generator_268', 'generator_243', 'generator_194', 'generator_243', 'generator_271', 'generator_272', 'generator_246', 'generator_243', 'generator_275', 'generator_229', 'generator_229', 'generator_278', 'generator_279', 'generator_240', 'generator_260', 'generator_243']
number opened: 2
TRIAL 27
Action chosen: (green3, purple)
Outcome: True
partcle ids: ['generator_243', 'generator_282', 'generator_265', 'generator_284', 'generator_285', 'generator_286', 'generator_287', 'generator_243', 'generator_289', 'generator_290', 'generator_291', 'generator_243', 'generator_293', 'generator_243', 'generator_295', 'generator_296', 'generator_293', 'generator_243', 'generator_297', 'generator_287', 'generator_298', 'generator_290', 'generator_278', 'generator_300', 'generator_278', 'generator_243', 'number_match', 'generator_301', 'generator_302', 'generator_265']
number opened: 3
TRIAL 28
Action chosen: (pink, red)
Outcome: False
partcle ids: ['generator_243', 'generator_282', 'generator_265', 'generator_284', 'generator_285', 'generator_286', 'generator_287', 'generator_243', 'generator_289', 'generator_290', 'generator_291', 'generator_243', 'generator_293', 'generator_243', 'generator_295', 'generator_296', 'generator_293', 'generator_243', 'generator_297', 'generator_287', 'generator_298', 'generator_290', 'generator_278', 'generator_300', 'generator_278', 'generator_243', 'number_match', 'generator_301', 'generator_302', 'generator_265']
number opened: 3
TRIAL 29
Action chosen: (purple, pink)
Outcome: False
partcle ids: ['generator_243', 'generator_282', 'generator_265', 'generator_284', 'generator_285', 'generator_286', 'generator_287', 'generator_243', 'generator_289', 'generator_290', 'generator_291', 'generator_243', 'generator_293', 'generator_243', 'generator_295', 'generator_296', 'generator_293', 'generator_243', 'generator_297', 'generator_287', 'generator_298', 'generator_290', 'generator_278', 'generator_300', 'generator_278', 'generator_243', 'number_match', 'generator_301', 'generator_302', 'generator_265']
number opened: 3
TRIAL 30
Action chosen: (diamond, red)
Outcome: False
partcle ids: ['generator_243', 'generator_282', 'generator_265', 'generator_284', 'generator_285', 'generator_286', 'generator_287', 'generator_243', 'generator_289', 'generator_290', 'generator_291', 'generator_243', 'generator_293', 'generator_243', 'generator_295', 'generator_296', 'generator_293', 'generator_243', 'generator_297', 'generator_287', 'generator_298', 'generator_290', 'generator_278', 'generator_300', 'generator_278', 'generator_243', 'number_match', 'generator_301', 'generator_302', 'generator_265']
number opened: 3
TRIAL 31
Action chosen: (purple, red)
Outcome: False
partcle ids: ['generator_293', 'generator_295', 'generator_278', 'generator_293', 'generator_278', 'generator_307', 'generator_289', 'generator_298', 'generator_278', 'generator_289', 'generator_309', 'generator_310', 'generator_296', 'generator_301', 'generator_312', 'generator_310', 'generator_296', 'generator_301', 'generator_295', 'generator_278', 'generator_298', 'generator_313', 'generator_314', 'generator_289', 'generator_315', 'generator_278', 'generator_289', 'generator_317', 'generator_296', 'generator_319']
number opened: 3
TRIAL 32
Action chosen: (blue, red)
Outcome: False
partcle ids: ['generator_293', 'generator_295', 'generator_278', 'generator_293', 'generator_278', 'generator_307', 'generator_289', 'generator_298', 'generator_278', 'generator_289', 'generator_309', 'generator_310', 'generator_296', 'generator_301', 'generator_312', 'generator_310', 'generator_296', 'generator_301', 'generator_295', 'generator_278', 'generator_298', 'generator_313', 'generator_314', 'generator_289', 'generator_315', 'generator_278', 'generator_289', 'generator_317', 'generator_296', 'generator_319']
number opened: 3
TRIAL 33
Action chosen: (pink, pink)
Outcome: False
partcle ids: ['generator_293', 'generator_295', 'generator_278', 'generator_293', 'generator_278', 'generator_307', 'generator_289', 'generator_298', 'generator_278', 'generator_289', 'generator_309', 'generator_310', 'generator_296', 'generator_301', 'generator_312', 'generator_310', 'generator_296', 'generator_301', 'generator_295', 'generator_278', 'generator_298', 'generator_313', 'generator_314', 'generator_289', 'generator_315', 'generator_278', 'generator_289', 'generator_317', 'generator_296', 'generator_319']
number opened: 3
TRIAL 34
Action chosen: (grey2, red)
Outcome: False
partcle ids: ['generator_295', 'generator_319', 'generator_322', 'generator_317', 'generator_295', 'generator_323', 'generator_301', 'generator_315', 'generator_295', 'generator_295', 'generator_315', 'generator_301', 'generator_315', 'generator_301', 'generator_326', 'generator_327', 'generator_328', 'generator_329', 'generator_249', 'generator_296', 'generator_295', 'generator_315', 'generator_317', 'generator_330', 'generator_290', 'generator_301', 'generator_307', 'generator_309', 'generator_331', 'generator_301']
number opened: 3
TRIAL 35
Action chosen: (white, pink)
Outcome: False
partcle ids: ['generator_295', 'generator_319', 'generator_322', 'generator_317', 'generator_295', 'generator_323', 'generator_301', 'generator_315', 'generator_295', 'generator_295', 'generator_315', 'generator_301', 'generator_315', 'generator_301', 'generator_326', 'generator_327', 'generator_328', 'generator_329', 'generator_249', 'generator_296', 'generator_295', 'generator_315', 'generator_317', 'generator_330', 'generator_290', 'generator_301', 'generator_307', 'generator_309', 'generator_331', 'generator_301']
number opened: 3
TRIAL 36
Action chosen: (diamond, pink)
Outcome: False
partcle ids: ['generator_249', 'generator_329', 'generator_331', 'generator_332', 'generator_329', 'generator_326', 'generator_290', 'number_match', 'generator_333', 'generator_307', 'generator_310', 'generator_317', 'generator_290', 'generator_335', 'generator_298', 'generator_306', 'generator_305', 'generator_298', 'generator_317', 'number_match', 'generator_311', 'generator_330', 'generator_295', 'generator_331', 'generator_278', 'generator_331', 'generator_331', 'generator_249', 'generator_289', 'generator_316']
number opened: 3
TRIAL 37
Action chosen: (triangle, red)
Outcome: False
partcle ids: ['generator_249', 'generator_329', 'generator_331', 'generator_332', 'generator_329', 'generator_326', 'generator_290', 'number_match', 'generator_333', 'generator_307', 'generator_310', 'generator_317', 'generator_290', 'generator_335', 'generator_298', 'generator_306', 'generator_305', 'generator_298', 'generator_317', 'number_match', 'generator_311', 'generator_330', 'generator_295', 'generator_331', 'generator_278', 'generator_331', 'generator_331', 'generator_249', 'generator_289', 'generator_316']
number opened: 3
TRIAL 38
Action chosen: (purple, red)
Outcome: False
partcle ids: ['generator_249', 'generator_329', 'generator_331', 'generator_332', 'generator_329', 'generator_326', 'generator_290', 'number_match', 'generator_333', 'generator_307', 'generator_310', 'generator_317', 'generator_290', 'generator_335', 'generator_298', 'generator_306', 'generator_305', 'generator_298', 'generator_317', 'number_match', 'generator_311', 'generator_330', 'generator_295', 'generator_331', 'generator_278', 'generator_331', 'generator_331', 'generator_249', 'generator_289', 'generator_316']
number opened: 3
TRIAL 39
Action chosen: (heart, red)
Outcome: False
partcle ids: ['generator_249', 'generator_329', 'generator_331', 'generator_332', 'generator_329', 'generator_326', 'generator_290', 'number_match', 'generator_333', 'generator_307', 'generator_310', 'generator_317', 'generator_290', 'generator_335', 'generator_298', 'generator_306', 'generator_305', 'generator_298', 'generator_317', 'number_match', 'generator_311', 'generator_330', 'generator_295', 'generator_331', 'generator_278', 'generator_331', 'generator_331', 'generator_249', 'generator_289', 'generator_316']
number opened: 3
TRIAL 40
Action chosen: (red, red)
Outcome: True
partcle ids: ['number_match', 'generator_337', 'generator_337', 'generator_338', 'number_match', 'generator_339', 'number_match', 'number_match', 'generator_337', 'generator_337', 'number_match', 'number_match', 'number_match', 'generator_341', 'generator_338', 'generator_339', 'number_match', 'generator_338', 'generator_340', 'generator_339', 'generator_327', 'generator_339', 'generator_327', 'generator_340', 'generator_337', 'generator_322', 'generator_337', 'generator_338', 'generator_327', 'number_match']
number opened: 4
TRIAL 41
Action chosen: (grey2, pink)
Outcome: True
partcle ids: ['number_match', 'number_match', 'number_match', 'number_match', 'number_match', 'number_match', 'number_match', 'number_match', 'number_match', 'number_match', 'number_match', 'number_match', 'number_match', 'number_match', 'number_match', 'number_match', 'number_match', 'number_match', 'number_match', 'number_match', 'number_match', 'number_match', 'number_match', 'number_match', 'number_match', 'number_match', 'number_match', 'number_match', 'number_match', 'number_match']
number opened: 5
{"attempts": 41, "unique_key_box_pairs": 35, "revisit_attempts": 6, "revisit_rate": 0.15, "attempts_before_abandoning_color_matching": 1, "color_matching_abandoned": true}
