{"Child_ID": "D040", "SoC_variant": "SoC-Gen", "theta": [19, 1], "p_gen": 0.9, "true_prior": 0.02, "run_number": 37, "seed": 7923938442808013874}
TRIAL 1
Action chosen: (purple, purple)
Outcome: False
partcle ids: ['generator_1', 'generator_2', 'generator_3', 'generator_4', 'generator_5', 'similar_color_1', 'similar_color_1', 'generator_6', 'generator_7', 'generator_8', 'generator_9', 'generator_10', 'generator_11', 'generator_12', 'generator_13', 'generator_14', 'generator_15', 'generator_16', 'generator_17', 'similar_color_2', 'generator_18', 'generator_19', 'generator_20', 'number_match', 'generator_21', 'generator_22', 'generator_23', 'generator_24', 'generator_25', 'generator_26']
number opened: 0
TRIAL 2
Action chosen: (cloud, pink)
Outcome: False
partcle ids: ['generator_1', 'generator_2', 'generator_3', 'generator_4', 'generator_5', 'similar_color_1', 'similar_color_1', 'generator_6', 'generator_7', 'generator_8', 'generator_9', 'generator_10', 'generator_11', 'generator_12', 'generator_13', 'generator_14', 'generator_15', 'generator_16', 'generator_17', 'similar_color_2', 'generator_18', 'generator_19', 'generator_20', 'number_match', 'generator_21', 'generator_22', 'generator_23', 'generator_24', 'generator_25', 'generator_26']
number opened: 0
TRIAL 3
Action chosen: (cloud, red)
Outcome: False
partcle ids: ['generator_1', 'generator_2', 'generator_3', 'generator_4', 'generator_5', 'similar_color_1', 'similar_color_1', 'generator_6', 'generator_7', 'generator_8', 'generator_9', 'generator_10', 'generator_11', 'generator_12', 'generator_13', 'generator_14', 'generator_15', 'generator_16', 'generator_17', 'similar_color_2', 'generator_18', 'generator_19', 'generator_20', 'number_match', 'generator_21', 'generator_22', 'generator_23', 'generator_24', 'generator_25', 'generator_26']
number opened: 0
TRIAL 4
Action chosen: (green3, pink)
Outcome: False
partcle ids: ['generator_25', 'generator_27', 'generator_28', 'generator_29', 'generator_30', 'generator_31', 'generator_32', 'generator_20', 'generator_33', 'generator_18', 'generator_34', 'generator_35', 'generator_20', 'generator_37', 'generator_38', 'generator_39', 'generator_40', 'generator_41', 'generator_42', 'generator_43', 'number_match', 'generator_45', 'generator_46', 'generator_3', 'generator_47', 'generator_48', 'generator_49', 'generator_50', 'generator_51', 'generator_52']
number opened: 0
TRIAL 5
Action chosen: (yellow5, red)
Outcome: False
partcle ids: ['generator_25', 'generator_27', 'generator_28', 'generator_29', 'generator_30', 'generator_31', 'generator_32', 'generator_20', 'generator_33', 'generator_18', 'generator_34', 'generator_35', 'generator_20', 'generator_37', 'generator_38', 'generator_39', 'generator_40', 'generator_41', 'generator_42', 'generator_43', 'number_match', 'generator_45', 'generator_46', 'generator_3', 'generator_47', 'generator_48', 'generator_49', 'generator_50', 'generator_51', 'generator_52']
number opened: 0
TRIAL 6
Action chosen: (triangle, purple)
Outcome: False
partcle ids: ['generator_25', 'generator_27', 'generator_28', 'generator_29', 'generator_30', 'generator_31', 'generator_32', 'generator_20', 'generator_33', 'generator_18', 'generator_34', 'generator_35', 'generator_20', 'generator_37', 'generator_38', 'generator_39', 'generator_40', 'generator_41', 'generator_42', 'generator_43', 'number_match', 'generator_45', 'generator_46', 'generator_3', 'generator_47', 'generator_48', 'generator_49', 'generator_50', 'generator_51', 'generator_52']
number opened: 0
TRIAL 7
Action chosen: (diamond, blue)
Outcome: False
partcle ids: ['generator_41', 'generator_54', 'generator_45', 'generator_51', 'generator_37', 'generator_57', 'generator_43', 'generator_59', 'generator_43', 'generator_41', 'generator_42', 'generator_18', 'generator_41', 'generator_64', 'generator_37', 'generator_66', 'generator_38', 'generator_51', 'generator_68', 'generator_69', 'generator_27', 'generator_70', 'generator_71', 'generator_27', 'generator_73', 'generator_35', 'generator_37', 'generator_75', 'generator_35', 'generator_43']
number opened: 0
TRIAL 8
Action chosen: (purple, white)
Outcome: False
partcle ids: ['generator_41', 'generator_54', 'generator_45', 'generator_51', 'generator_37', 'generator_57', 'generator_43', 'generator_59', 'generator_43', 'generator_41', 'generator_42', 'generator_18', 'generator_41', 'generator_64', 'generator_37', 'generator_66', 'generator_38', 'generator_51', 'generator_68', 'generator_69', 'generator_27', 'generator_70', 'generator_71', 'generator_27', 'generator_73', 'generator_35', 'generator_37', 'generator_75', 'generator_35', 'generator_43']
number opened: 0
TRIAL 9
Action chosen: (red, pink)
Outcome: False
partcle ids: ['generator_41', 'generator_54', 'generator_45', 'generator_51', 'generator_37', 'generator_57', 'generator_43', 'generator_59', 'generator_43', 'generator_41', 'generator_42', 'generator_18', 'generator_41', 'generator_64', 'generator_37', 'generator_66', 'generator_38', 'generator_51', 'generator_68', 'generator_69', 'generator_27', 'generator_70', 'generator_71', 'generator_27', 'generator_73', 'generator_35', 'generator_37', 'generator_75', 'generator_35', 'generator_43']
number opened: 0
TRIAL 10
Action chosen: (orange4, blue)
Outcome: False
partcle ids: ['generator_41', 'generator_54', 'generator_45', 'generator_51', 'generator_37', 'generator_57', 'generator_43', 'generator_59', 'generator_43', 'generator_41', 'generator_42', 'generator_18', 'generator_41', 'generator_64', 'generator_37', 'generator_66', 'generator_38', 'generator_51', 'generator_68', 'generator_69', 'generator_27', 'generator_70', 'generator_71', 'generator_27', 'generator_73', 'generator_35', 'generator_37', 'generator_75', 'generator_35', 'generator_43']
number opened: 0
TRIAL 11
Action chosen: (orange4, pink)
Outcome: False
partcle ids: ['generator_78', 'generator_64', 'generator_54', 'generator_35', 'generator_54', 'generator_75', 'generator_69', 'generator_35', 'generator_66', 'generator_59', 'generator_35', 'generator_87', 'generator_88', 'generator_66', 'generator_54', 'generator_35', 'generator_90', 'generator_66', 'generator_92', 'generator_93', 'generator_75', 'generator_95', 'generator_96', 'generator_97', 'generator_98', 'generator_99', 'generator_59', 'generator_100', 'generator_101', 'generator_35']
number opened: 0
TRIAL 12
Action chosen: (red, red)
Outcome: True
partcle ids: ['generator_103', 'generator_104', 'generator_35', 'generator_106', 'generator_35', 'generator_35', 'generator_35', 'generator_92', 'generator_35', 'generator_35', 'generator_69', 'generator_113', 'generator_35', 'generator_35', 'generator_116', 'generator_117', 'generator_118', 'generator_119', 'generator_120', 'generator_121', 'generator_35', 'generator_35', 'generator_124', 'generator_125', 'generator_35', 'generator_92', 'generator_93', 'generator_35', 'generator_129', 'generator_35']
number opened: 1
TRIAL 13
Action chosen: (diamond, white)
Outcome: False
partcle ids: ['generator_103', 'generator_104', 'generator_35', 'generator_106', 'generator_35', 'generator_35', 'generator_35', 'generator_92', 'generator_35', 'generator_35', 'generator_69', 'generator_113', 'generator_35', 'generator_35', 'generator_116', 'generator_117', 'generator_118', 'generator_119', 'generator_120', 'generator_121', 'generator_35', 'generator_35', 'generator_124', 'generator_125', 'generator_35', 'generator_92', 'generator_93', 'generator_35', 'generator_129', 'generator_35']
number opened: 1
TRIAL 14
Action chosen: (purple, pink)
Outcome: False
partcle ids: ['generator_130', 'generator_92', 'generator_131', 'generator_93', 'generator_118', 'generator_121', 'generator_92', 'generator_116', 'generator_136', 'generator_117', 'generator_116', 'generator_138', 'generator_139', 'generator_140', 'generator_141', 'generator_92', 'generator_106', 'generator_143', 'generator_93', 'generator_92', 'generator_146', 'generator_147', 'generator_148', 'generator_149', 'generator_117', 'generator_125', 'generator_151', 'generator_152', 'generator_92', 'generator_120']
number opened: 1
TRIAL 15
Action chosen: (purple, blue)
Outcome: False
partcle ids: ['generator_130', 'generator_92', 'generator_131', 'generator_93', 'generator_118', 'generator_121', 'generator_92', 'generator_116', 'generator_136', 'generator_117', 'generator_116', 'generator_138', 'generator_139', 'generator_140', 'generator_141', 'generator_92', 'generator_106', 'generator_143', 'generator_93', 'generator_92', 'generator_146', 'generator_147', 'generator_148', 'generator_149', 'generator_117', 'generator_125', 'generator_151', 'generator_152', 'generator_92', 'generator_120']
number opened: 1
TRIAL 16
Action chosen: (white, white)
Outcome: False
partcle ids: ['generator_130', 'generator_92', 'generator_131', 'generator_93', 'generator_118', 'generator_121', 'generator_92', 'generator_116', 'generator_136', 'generator_117', 'generator_116', 'generator_138', 'generator_139', 'generator_140', 'generator_141', 'generator_92', 'generator_106', 'generator_143', 'generator_93', 'generator_92', 'generator_146', 'generator_147', 'generator_148', 'generator_149', 'generator_117', 'generator_125', 'generator_151', 'generator_152', 'generator_92', 'generator_120']
number opened: 1
TRIAL 17
Action chosen: (green3, white)
Outcome: False
partcle ids: ['generator_155', 'generator_131', 'generator_157', 'generator_139', 'generator_125', 'generator_159', 'generator_160', 'generator_139', 'generator_140', 'generator_163', 'generator_164', 'generator_93', 'generator_93', 'generator_92', 'generator_131', 'generator_167', 'generator_168', 'generator_131', 'generator_170', 'generator_171', 'generator_131', 'generator_125', 'generator_120', 'generator_175', 'generator_176', 'generator_177', 'generator_151', 'generator_141', 'generator_143', 'generator_180']
number opened: 1
TRIAL 18
Action chosen: (triangle, white)
Outcome: False
partcle ids: ['generator_155', 'generator_131', 'generator_157', 'generator_139', 'generator_125', 'generator_159', 'generator_160', 'generator_139', 'generator_140', 'generator_163', 'generator_164', 'generator_93', 'generator_93', 'generator_92', 'generator_131', 'generator_167', 'generator_168', 'generator_131', 'generator_170', 'generator_171', 'generator_131', 'generator_125', 'generator_120', 'generator_175', 'generator_176', 'generator_177', 'generator_151', 'generator_141', 'generator_143', 'generator_180']
number opened: 1
TRIAL 19
Action chosen: (blue, purple)
Outcome: False
partcle ids: ['generator_155', 'generator_131', 'generator_157', 'generator_139', 'generator_125', 'generator_159', 'generator_160', 'generator_139', 'generator_140', 'generator_163', 'generator_164', 'generator_93', 'generator_93', 'generator_92', 'generator_131', 'generator_167', 'generator_168', 'generator_131', 'generator_170', 'generator_171', 'generator_131', 'generator_125', 'generator_120', 'generator_175', 'generator_176', 'generator_177', 'generator_151', 'generator_141', 'generator_143', 'generator_180']
number opened: 1
TRIAL 20
Action chosen: (pink, white)
Outcome: False
partcle ids: ['generator_141', 'number_match', 'generator_131', 'generator_167', 'generator_141', 'generator_164', 'generator_139', 'generator_139', 'generator_164', 'generator_189', 'generator_151', 'generator_125', 'generator_139', 'generator_191', 'generator_151', 'generator_193', 'generator_125', 'generator_171', 'generator_195', 'generator_196', 'generator_197', 'number_match', 'generator_198', 'generator_199', 'generator_141', 'generator_200', 'generator_201', 'generator_175', 'generator_151', 'generator_140']
number opened: 1
TRIAL 21
Action chosen: (cloud, white)
Outcome: False
partcle ids: ['generator_141', 'number_match', 'generator_131', 'generator_167', 'generator_141', 'generator_164', 'generator_139', 'generator_139', 'generator_164', 'generator_189', 'generator_151', 'generator_125', 'generator_139', 'generator_191', 'generator_151', 'generator_193', 'generator_125', 'generator_171', 'generator_195', 'generator_196', 'generator_197', 'number_match', 'generator_198', 'generator_199', 'generator_141', 'generator_200', 'generator_201', 'generator_175', 'generator_151', 'generator_140']
number opened: 1
TRIAL 22
Action chosen: (cloud, purple)
Outcome: False
partcle ids: ['generator_141', 'number_match', 'generator_131', 'generator_167', 'generator_141', 'generator_164', 'generator_139', 'generator_139', 'generator_164', 'generator_189', 'generator_151', 'generator_125', 'generator_139', 'generator_191', 'generator_151', 'generator_193', 'generator_125', 'generator_171', 'generator_195', 'generator_196', 'generator_197', 'number_match', 'generator_198', 'generator_199', 'generator_141', 'generator_200', 'generator_201', 'generator_175', 'generator_151', 'generator_140']
number opened: 1
TRIAL 23
Action chosen: (yellow5, blue)
Outcome: True
partcle ids: ['generator_205', 'generator_206', 'generator_207', 'generator_208', 'generator_209', 'generator_210', 'generator_164', 'generator_212', 'generator_164', 'generator_214', 'generator_215', 'generator_164', 'generator_164', 'number_match', 'generator_164', 'generator_220', 'number_match', 'generator_222', 'generator_223', 'generator_224', 'generator_225', 'generator_205', 'generator_226', 'generator_227', 'generator_164', 'generator_229', 'generator_230', 'generator_231', 'generator_232', 'generator_233']
number opened: 2
TRIAL 24
Action chosen: (triangle, pink)
Outcome: False
partcle ids: ['generator_205', 'generator_206', 'generator_207', 'generator_208', 'generator_209', 'generator_210', 'generator_164', 'generator_212', 'generator_164', 'generator_214', 'generator_215', 'generator_164', 'generator_164', 'number_match', 'generator_164', 'generator_220', 'number_match', 'generator_222', 'generator_223', 'generator_224', 'generator_225', 'generator_205', 'generator_226', 'generator_227', 'generator_164', 'generator_229', 'generator_230', 'generator_231', 'generator_232', 'generator_233']
number opened: 2
TRIAL 25
Action chosen: (grey2, pink)
Outcome: True
partcle ids: ['generator_234', 'generator_204', 'generator_235', 'number_match', 'generator_237', 'generator_238', 'generator_212', 'generator_240', 'generator_214', 'generator_212', 'generator_243', 'generator_244', 'generator_244', 'generator_212', 'generator_245', 'generator_246', 'generator_212', 'generator_248', 'generator_214', 'generator_214', 'generator_250', 'generator_251', 'generator_233', 'generator_252', 'generator_250', 'generator_248', 'generator_253', 'generator_251', 'generator_212', 'generator_254']
number opened: 3
TRIAL 26
Action chosen: (purple, white)
Outcome: False
partcle ids: ['generator_234', 'generator_204', 'generator_235', 'number_match', 'generator_237', 'generator_238', 'generator_212', 'generator_240', 'generator_214', 'generator_212', 'generator_243', 'generator_244', 'generator_244', 'generator_212', 'generator_245', 'generator_246', 'generator_212', 'generator_248', 'generator_214', 'generator_214', 'generator_250', 'generator_251', 'generator_233', 'generator_252', 'generator_250', 'generator_248', 'generator_253', 'generator_251', 'generator_212', 'generator_254']
number opened: 3
TRIAL 27
Action chosen: (blue, white)
Outcome: False
partcle ids: ['generator_234', 'generator_204', 'generator_235', 'number_match', 'generator_237', 'generator_238', 'generator_212', 'generator_240', 'generator_214', 'generator_212', 'generator_243', 'generator_244', 'generator_244', 'generator_212', 'generator_245', 'generator_246', 'generator_212', 'generator_248', 'generator_214', 'generator_214', 'generator_250', 'generator_251', 'generator_233', 'generator_252', 'generator_250', 'generator_248', 'generator_253', 'generator_251', 'generator_212', 'generator_254']
number opened: 3
TRIAL 28
Action chosen: (white, purple)
Outcome: False
partcle ids: ['generator_252', 'generator_240', 'generator_248', 'generator_237', 'generator_257', 'generator_257', 'generator_258', 'generator_250', 'generator_252', 'generator_260', 'generator_237', 'generator_248', 'generator_204', 'generator_263', 'generator_264', 'generator_235', 'generator_254', 'generator_252', 'generator_252', 'generator_204', 'generator_248', 'generator_233', 'generator_268', 'generator_237', 'generator_248', 'number_match', 'generator_270', 'generator_235', 'number_match', 'generator_235']
number opened: 3
TRIAL 29
Action chosen: (orange4, white)
Outcome: True
partcle ids: ['generator_260', 'number_match', 'generator_260', 'generator_260', 'generator_273', 'generator_274', 'generator_272', 'generator_272', 'generator_272', 'generator_273', 'generator_274', 'generator_272', 'generator_252', 'generator_260', 'generator_275', 'generator_252', 'number_match', 'generator_273', 'generator_260', 'generator_275', 'generator_273', 'generator_273', 'generator_276', 'generator_275', 'generator_252', 'generator_260', 'generator_252', 'generator_275', 'generator_272', 'generator_276']
number opened: 4
TRIAL 30
Action chosen: (pink, purple)
Outcome: False
partcle ids: ['generator_260', 'number_match', 'generator_260', 'generator_260', 'generator_273', 'generator_274', 'generator_272', 'generator_272', 'generator_272', 'generator_273', 'generator_274', 'generator_272', 'generator_252', 'generator_260', 'generator_275', 'generator_252', 'number_match', 'generator_273', 'generator_260', 'generator_275', 'generator_273', 'generator_273', 'generator_276', 'generator_275', 'generator_252', 'generator_260', 'generator_252', 'generator_275', 'generator_272', 'generator_276']
number opened: 4
TRIAL 31
Action chosen: (heart, purple)
Outcome: False
partcle ids: ['generator_260', 'number_match', 'generator_260', 'generator_260', 'generator_273', 'generator_274', 'generator_272', 'generator_272', 'generator_272', 'generator_273', 'generator_274', 'generator_272', 'generator_252', 'generator_260', 'generator_275', 'generator_252', 'number_match', 'generator_273', 'generator_260', 'generator_275', 'generator_273', 'generator_273', 'generator_276', 'generator_275', 'generator_252', 'generator_260', 'generator_252', 'generator_275', 'generator_272', 'generator_276']
number opened: 4
TRIAL 32
Action chosen: (purple, purple)
Outcome: False
partcle ids: ['generator_260', 'number_match', 'generator_260', 'generator_260', 'generator_273', 'generator_274', 'generator_272', 'generator_272', 'generator_272', 'generator_273', 'generator_274', 'generator_272', 'generator_252', 'generator_260', 'generator_275', 'generator_252', 'number_match', 'generator_273', 'generator_260', 'generator_275', 'generator_273', 'generator_273', 'generator_276', 'generator_275', 'generator_252', 'generator_260', 'generator_252', 'generator_275', 'generator_272', 'generator_276']
number opened: 4
TRIAL 33
Action chosen: (diamond, purple)
Outcome: False
partcle ids: ['generator_275', 'generator_274', 'number_match', 'number_match', 'number_match', 'generator_274', 'number_match', 'generator_275', 'generator_273', 'generator_274', 'generator_275', 'generator_260', 'generator_275', 'number_match', 'generator_273', 'generator_274', 'generator_274', 'generator_273', 'number_match', 'generator_260', 'generator_275', 'generator_252', 'generator_273', 'number_match', 'generator_275', 'generator_273', 'generator_276', 'number_match', 'generator_273', 'generator_252']
number opened: 4
TRIAL 34
Action chosen: (green3, purple)
Outcome: True
partcle ids: ['number_match', 'number_match', 'number_match', 'number_match', 'number_match', 'number_match', 'number_match', 'number_match', 'number_match', 'number_match', 'number_match', 'number_match', 'number_match', 'number_match', 'number_match', 'number_match', 'number_match', 'number_match', 'number_match', 'number_match', 'number_match', 'number_match', 'number_match', 'number_match', 'number_match', 'number_match', 'number_match', 'number_match', 'number_match', 'number_match']
number opened: 5
{"attempts": 34, "unique_key_box_pairs": 32, "revisit_attempts": 2, "revisit_rate": 0.06060606060606061, "attempts_before_abandoning_color_matching": 1, "color_matching_abandoned": true}
