{"Child_ID": "D040", "SoC_variant": "SoC-Gen", "theta": [19, 1], "p_gen": 0.9, "true_prior": 0.02, "run_number": 8, "seed": 8158733154090716574}
TRIAL 1
Action chosen: (blue, blue)
Outcome: False
partcle ids: ['generator_1', 'similar_color_10', 'similar_color_5', 'similar_color_8', 'generator_2', 'generator_3', 'generator_4', 'generator_5', 'generator_6', 'generator_7', 'generator_8', 'generator_9', 'generator_10', 'generator_11', 'number_match', 'generator_12', 'generator_13', 'generator_14', 'generator_15', 'generator_16', 'generator_17', 'generator_18', 'generator_19', 'generator_20', 'generator_21', 'generator_22', 'generator_23', 'generator_24', 'generator_25', 'generator_26']
number opened: 0
TRIAL 2
Action chosen: (red, red)
Outcome: True
partcle ids: ['generator_27', 'generator_28', 'generator_29', 'generator_30', 'similar_color_5', 'generator_31', 'generator_32', 'generator_33', 'generator_34', 'similar_color_5', 'generator_35', 'generator_36', 'generator_37', 'generator_38', 'number_match', 'generator_39', 'generator_23', 'generator_29', 'generator_40', 'generator_41', 'generator_42', 'generator_43', 'generator_23', 'generator_44', 'generator_45', 'generator_46', 'number_match', 'generator_47', 'generator_48', 'generator_49']
number opened: 1
TRIAL 3
Action chosen: (heart, blue)
Outcome: False
partcle ids: ['generator_27', 'generator_28', 'generator_29', 'generator_30', 'similar_color_5', 'generator_31', 'generator_32', 'generator_33', 'generator_34', 'similar_color_5', 'generator_35', 'generator_36', 'generator_37', 'generator_38', 'number_match', 'generator_39', 'generator_23', 'generator_29', 'generator_40', 'generator_41', 'generator_42', 'generator_43', 'generator_23', 'generator_44', 'generator_45', 'generator_46', 'number_match', 'generator_47', 'generator_48', 'generator_49']
number opened: 1
TRIAL 4
Action chosen: (green3, purple)
Outcome: True
partcle ids: ['generator_50', 'generator_51', 'generator_42', 'generator_53', 'generator_54', 'generator_55', 'generator_56', 'generator_57', 'generator_58', 'generator_59', 'generator_60', 'generator_61', 'generator_62', 'generator_63', 'generator_64', 'generator_65', 'generator_42', 'generator_67', 'generator_68', 'generator_69', 'generator_70', 'generator_71', 'generator_72', 'generator_73', 'generator_74', 'generator_75', 'generator_76', 'generator_77', 'generator_78', 'generator_79']
number opened: 2
TRIAL 5
Action chosen: (purple, blue)
Outcome: False
partcle ids: ['generator_50', 'generator_51', 'generator_42', 'generator_53', 'generator_54', 'generator_55', 'generator_56', 'generator_57', 'generator_58', 'generator_59', 'generator_60', 'generator_61', 'generator_62', 'generator_63', 'generator_64', 'generator_65', 'generator_42', 'generator_67', 'generator_68', 'generator_69', 'generator_70', 'generator_71', 'generator_72', 'generator_73', 'generator_74', 'generator_75', 'generator_76', 'generator_77', 'generator_78', 'generator_79']
number opened: 2
TRIAL 6
Action chosen: (yellow5, white)
Outcome: False
partcle ids: ['generator_50', 'generator_51', 'generator_42', 'generator_53', 'generator_54', 'generator_55', 'generator_56', 'generator_57', 'generator_58', 'generator_59', 'generator_60', 'generator_61', 'generator_62', 'generator_63', 'generator_64', 'generator_65', 'generator_42', 'generator_67', 'generator_68', 'generator_69', 'generator_70', 'generator_71', 'generator_72', 'generator_73', 'generator_74', 'generator_75', 'generator_76', 'generator_77', 'generator_78', 'generator_79']
number opened: 2
TRIAL 7
Action chosen: (yellow5, pink)
Outcome: False
partcle ids: ['generator_80', 'generator_81', 'generator_63', 'generator_83', 'generator_53', 'generator_85', 'generator_86', 'generator_87', 'generator_64', 'generator_89', 'generator_90', 'generator_91', 'generator_92', 'generator_74', 'generator_93', 'generator_62', 'generator_62', 'generator_96', 'generator_62', 'generator_78', 'generator_99', 'generator_60', 'generator_101', 'generator_102', 'generator_68', 'generator_55', 'generator_104', 'generator_105', 'generator_63', 'generator_63']
number opened: 2
TRIAL 8
Action chosen: (purple, pink)
Outcome: False
partcle ids: ['generator_80', 'generator_81', 'generator_63', 'generator_83', 'generator_53', 'generator_85', 'generator_86', 'generator_87', 'generator_64', 'generator_89', 'generator_90', 'generator_91', 'generator_92', 'generator_74', 'generator_93', 'generator_62', 'generator_62', 'generator_96', 'generator_62', 'generator_78', 'generator_99', 'generator_60', 'generator_101', 'generator_102', 'generator_68', 'generator_55', 'generator_104', 'generator_105', 'generator_63', 'generator_63']
number opened: 2
TRIAL 9
Action chosen: (cloud, white)
Outcome: False
partcle ids: ['generator_80', 'generator_81', 'generator_63', 'generator_83', 'generator_53', 'generator_85', 'generator_86', 'generator_87', 'generator_64', 'generator_89', 'generator_90', 'generator_91', 'generator_92', 'generator_74', 'generator_93', 'generator_62', 'generator_62', 'generator_96', 'generator_62', 'generator_78', 'generator_99', 'generator_60', 'generator_101', 'generator_102', 'generator_68', 'generator_55', 'generator_104', 'generator_105', 'generator_63', 'generator_63']
number opened: 2
TRIAL 10
Action chosen: (yellow5, blue)
Outcome: True
partcle ids: ['generator_108', 'generator_109', 'generator_110', 'generator_111', 'generator_112', 'generator_113', 'generator_114', 'generator_109', 'generator_113', 'generator_115', 'generator_116', 'generator_117', 'generator_118', 'generator_101', 'generator_120', 'generator_121', 'generator_122', 'generator_78', 'generator_78', 'generator_109', 'generator_78', 'generator_101', 'generator_126', 'generator_127', 'generator_64', 'generator_129', 'generator_64', 'generator_131', 'generator_117', 'generator_132']
number opened: 3
TRIAL 11
Action chosen: (blue, white)
Outcome: False
partcle ids: ['generator_108', 'generator_109', 'generator_110', 'generator_111', 'generator_112', 'generator_113', 'generator_114', 'generator_109', 'generator_113', 'generator_115', 'generator_116', 'generator_117', 'generator_118', 'generator_101', 'generator_120', 'generator_121', 'generator_122', 'generator_78', 'generator_78', 'generator_109', 'generator_78', 'generator_101', 'generator_126', 'generator_127', 'generator_64', 'generator_129', 'generator_64', 'generator_131', 'generator_117', 'generator_132']
number opened: 3
TRIAL 12
Action chosen: (white, white)
Outcome: False
partcle ids: ['generator_108', 'generator_109', 'generator_110', 'generator_111', 'generator_112', 'generator_113', 'generator_114', 'generator_109', 'generator_113', 'generator_115', 'generator_116', 'generator_117', 'generator_118', 'generator_101', 'generator_120', 'generator_121', 'generator_122', 'generator_78', 'generator_78', 'generator_109', 'generator_78', 'generator_101', 'generator_126', 'generator_127', 'generator_64', 'generator_129', 'generator_64', 'generator_131', 'generator_117', 'generator_132']
number opened: 3
TRIAL 13
Action chosen: (grey2, pink)
Outcome: True
partcle ids: ['generator_113', 'generator_133', 'generator_134', 'generator_129', 'generator_113', 'generator_113', 'generator_132', 'generator_113', 'generator_133', 'generator_129', 'generator_113', 'generator_132', 'generator_133', 'generator_132', 'generator_113', 'generator_134', 'generator_134', 'generator_133', 'generator_132', 'generator_113', 'generator_133', 'generator_113', 'generator_134', 'generator_113', 'generator_129', 'generator_113', 'generator_129', 'generator_129', 'generator_132', 'generator_113']
number opened: 4
TRIAL 14
Action chosen: (purple, white)
Outcome: False
partcle ids: ['generator_113', 'generator_133', 'generator_134', 'generator_129', 'generator_113', 'generator_113', 'generator_132', 'generator_113', 'generator_133', 'generator_129', 'generator_113', 'generator_132', 'generator_133', 'generator_132', 'generator_113', 'generator_134', 'generator_134', 'generator_133', 'generator_132', 'generator_113', 'generator_133', 'generator_113', 'generator_134', 'generator_113', 'generator_129', 'generator_113', 'generator_129', 'generator_129', 'generator_132', 'generator_113']
number opened: 4
TRIAL 15
Action chosen: (pink, white)
Outcome: False
partcle ids: ['generator_113', 'generator_133', 'generator_134', 'generator_129', 'generator_113', 'generator_113', 'generator_132', 'generator_113', 'generator_133', 'generator_129', 'generator_113', 'generator_132', 'generator_133', 'generator_132', 'generator_113', 'generator_134', 'generator_134', 'generator_133', 'generator_132', 'generator_113', 'generator_133', 'generator_113', 'generator_134', 'generator_113', 'generator_129', 'generator_113', 'generator_129', 'generator_129', 'generator_132', 'generator_113']
number opened: 4
TRIAL 16
Action chosen: (diamond, white)
Outcome: False
partcle ids: ['generator_133', 'generator_134', 'generator_134', 'generator_133', 'generator_133', 'number_match', 'generator_133', 'generator_135', 'generator_133', 'generator_119', 'generator_134', 'generator_134', 'generator_129', 'generator_129', 'generator_129', 'generator_134', 'generator_135', 'generator_134', 'generator_134', 'generator_135', 'generator_68', 'generator_133', 'generator_133', 'generator_133', 'generator_133', 'number_match', 'number_match', 'generator_133', 'generator_134', 'generator_133']
number opened: 4
TRIAL 17
Action chosen: (triangle, white)
Outcome: False
partcle ids: ['generator_133', 'generator_134', 'generator_134', 'generator_133', 'generator_133', 'number_match', 'generator_133', 'generator_135', 'generator_133', 'generator_119', 'generator_134', 'generator_134', 'generator_129', 'generator_129', 'generator_129', 'generator_134', 'generator_135', 'generator_134', 'generator_134', 'generator_135', 'generator_68', 'generator_133', 'generator_133', 'generator_133', 'generator_133', 'number_match', 'number_match', 'generator_133', 'generator_134', 'generator_133']
number opened: 4
TRIAL 18
Action chosen: (heart, white)
Outcome: False
partcle ids: ['generator_133', 'generator_113', 'number_match', 'generator_132', 'generator_68', 'number_match', 'generator_134', 'number_match', 'generator_129', 'generator_133', 'generator_119', 'generator_133', 'generator_132', 'number_match', 'generator_113', 'generator_119', 'generator_133', 'generator_135', 'generator_119', 'number_match', 'generator_68', 'number_match', 'generator_113', 'number_match', 'generator_113', 'generator_134', 'number_match', 'generator_135', 'generator_132', 'number_match']
number opened: 4
TRIAL 19
Action chosen: (orange4, white)
Outcome: True
partcle ids: ['number_match', 'number_match', 'number_match', 'number_match', 'number_match', 'number_match', 'number_match', 'number_match', 'number_match', 'number_match', 'number_match', 'number_match', 'number_match', 'number_match', 'number_match', 'number_match', 'number_match', 'number_match', 'number_match', 'number_match', 'number_match', 'number_match', 'number_match', 'number_match', 'number_match', 'number_match', 'number_match', 'number_match', 'number_match', 'number_match']
number opened: 5
{"attempts": 19, "unique_key_box_pairs": 19, "revisit_attempts": 0, "revisit_rate": 0.0, "attempts_before_abandoning_color_matching": 2, "color_matching_abandoned": true}
