{"Child_ID": "D040", "SoC_variant": "SoC-Gen", "theta": [19, 1], "p_gen": 0.9, "true_prior": 0.02, "run_number": 60, "seed": 7345349206866344299}
TRIAL 1
Action chosen: (yellow5, blue)
Outcome: True
partcle ids: ['generator_29', 'generator_30', 'generator_31', 'generator_32', 'generator_33', 'generator_34', 'generator_35', 'generator_36', 'generator_37', 'generator_38', 'generator_39', 'generator_40', 'generator_41', 'generator_42', 'generator_43', 'generator_44', 'generator_45', 'generator_46', 'generator_47', 'generator_48', 'generator_49', 'generator_50', 'generator_51', 'generator_52', 'generator_53', 'generator_54', 'generator_55', 'generator_56', 'generator_57', 'generator_58']
number opened: 1
TRIAL 2
Action chosen: (orange4, white)
Outcome: True
partcle ids: ['generator_59', 'generator_60', 'generator_46', 'generator_61', 'generator_62', 'generator_63', 'generator_64', 'generator_65', 'generator_66', 'generator_67', 'generator_68', 'generator_69', 'generator_70', 'generator_71', 'generator_72', 'generator_73', 'generator_74', 'generator_75', 'generator_76', 'generator_77', 'generator_78', 'generator_79', 'generator_80', 'generator_81', 'generator_82', 'generator_46', 'generator_83', 'generator_84', 'generator_85', 'generator_86']
number opened: 2
TRIAL 3
Action chosen: (purple, purple)
Outcome: False
partcle ids: ['generator_59', 'generator_60', 'generator_46', 'generator_61', 'generator_62', 'generator_63', 'generator_64', 'generator_65', 'generator_66', 'generator_67', 'generator_68', 'generator_69', 'generator_70', 'generator_71', 'generator_72', 'generator_73', 'generator_74', 'generator_75', 'generator_76', 'generator_77', 'generator_78', 'generator_79', 'generator_80', 'generator_81', 'generator_82', 'generator_46', 'generator_83', 'generator_84', 'generator_85', 'generator_86']
number opened: 2
TRIAL 4
Action chosen: (red, purple)
Outcome: False
partcle ids: ['generator_59', 'generator_60', 'generator_46', 'generator_61', 'generator_62', 'generator_63', 'generator_64', 'generator_65', 'generator_66', 'generator_67', 'generator_68', 'generator_69', 'generator_70', 'generator_71', 'generator_72', 'generator_73', 'generator_74', 'generator_75', 'generator_76', 'generator_77', 'generator_78', 'generator_79', 'generator_80', 'generator_81', 'generator_82', 'generator_46', 'generator_83', 'generator_84', 'generator_85', 'generator_86']
number opened: 2
TRIAL 5
Action chosen: (pink, purple)
Outcome: False
partcle ids: ['generator_59', 'generator_60', 'generator_46', 'generator_61', 'generator_62', 'generator_63', 'generator_64', 'generator_65', 'generator_66', 'generator_67', 'generator_68', 'generator_69', 'generator_70', 'generator_71', 'generator_72', 'generator_73', 'generator_74', 'generator_75', 'generator_76', 'generator_77', 'generator_78', 'generator_79', 'generator_80', 'generator_81', 'generator_82', 'generator_46', 'generator_83', 'generator_84', 'generator_85', 'generator_86']
number opened: 2
TRIAL 6
Action chosen: (white, purple)
Outcome: False
partcle ids: ['generator_87', 'generator_88', 'generator_86', 'generator_63', 'generator_91', 'generator_92', 'generator_72', 'generator_94', 'generator_95', 'generator_72', 'generator_81', 'generator_74', 'generator_77', 'generator_77', 'generator_66', 'generator_102', 'generator_103', 'generator_104', 'generator_105', 'generator_77', 'generator_106', 'generator_64', 'generator_83', 'generator_66', 'generator_108', 'generator_72', 'generator_83', 'generator_64', 'generator_81', 'generator_72']
number opened: 2
TRIAL 7
Action chosen: (blue, purple)
Outcome: False
partcle ids: ['generator_87', 'generator_88', 'generator_86', 'generator_63', 'generator_91', 'generator_92', 'generator_72', 'generator_94', 'generator_95', 'generator_72', 'generator_81', 'generator_74', 'generator_77', 'generator_77', 'generator_66', 'generator_102', 'generator_103', 'generator_104', 'generator_105', 'generator_77', 'generator_106', 'generator_64', 'generator_83', 'generator_66', 'generator_108', 'generator_72', 'generator_83', 'generator_64', 'generator_81', 'generator_72']
number opened: 2
TRIAL 8
Action chosen: (green3, purple)
Outcome: True
partcle ids: ['generator_114', 'generator_95', 'generator_115', 'generator_116', 'generator_117', 'generator_118', 'generator_119', 'generator_120', 'generator_121', 'generator_122', 'generator_119', 'generator_123', 'generator_124', 'generator_125', 'generator_126', 'generator_127', 'generator_128', 'generator_129', 'generator_130', 'generator_125', 'generator_116', 'generator_131', 'generator_125', 'generator_132', 'generator_133', 'generator_115', 'generator_114', 'generator_134', 'generator_114', 'generator_135']
number opened: 3
TRIAL 9
Action chosen: (diamond, pink)
Outcome: False
partcle ids: ['generator_114', 'generator_95', 'generator_115', 'generator_116', 'generator_117', 'generator_118', 'generator_119', 'generator_120', 'generator_121', 'generator_122', 'generator_119', 'generator_123', 'generator_124', 'generator_125', 'generator_126', 'generator_127', 'generator_128', 'generator_129', 'generator_130', 'generator_125', 'generator_116', 'generator_131', 'generator_125', 'generator_132', 'generator_133', 'generator_115', 'generator_114', 'generator_134', 'generator_114', 'generator_135']
number opened: 3
TRIAL 10
Action chosen: (grey2, pink)
Outcome: True
partcle ids: ['generator_136', 'generator_137', 'generator_138', 'generator_139', 'generator_127', 'generator_127', 'generator_139', 'generator_117', 'generator_127', 'generator_139', 'generator_136', 'generator_136', 'generator_127', 'generator_117', 'generator_117', 'generator_123', 'generator_116', 'generator_123', 'number_match', 'generator_137', 'generator_117', 'number_match', 'generator_136', 'generator_138', 'generator_136', 'generator_116', 'generator_127', 'generator_138', 'generator_139', 'generator_137']
number opened: 4
TRIAL 11
Action chosen: (cloud, red)
Outcome: False
partcle ids: ['generator_136', 'generator_137', 'generator_138', 'generator_139', 'generator_127', 'generator_127', 'generator_139', 'generator_117', 'generator_127', 'generator_139', 'generator_136', 'generator_136', 'generator_127', 'generator_117', 'generator_117', 'generator_123', 'generator_116', 'generator_123', 'number_match', 'generator_137', 'generator_117', 'number_match', 'generator_136', 'generator_138', 'generator_136', 'generator_116', 'generator_127', 'generator_138', 'generator_139', 'generator_137']
number opened: 4
TRIAL 12
Action chosen: (purple, red)
Outcome: False
partcle ids: ['generator_136', 'generator_137', 'generator_138', 'generator_139', 'generator_127', 'generator_127', 'generator_139', 'generator_117', 'generator_127', 'generator_139', 'generator_136', 'generator_136', 'generator_127', 'generator_117', 'generator_117', 'generator_123', 'generator_116', 'generator_123', 'number_match', 'generator_137', 'generator_117', 'number_match', 'generator_136', 'generator_138', 'generator_136', 'generator_116', 'generator_127', 'generator_138', 'generator_139', 'generator_137']
number opened: 4
TRIAL 13
Action chosen: (heart, red)
Outcome: False
partcle ids: ['generator_136', 'generator_137', 'generator_138', 'generator_139', 'generator_127', 'generator_127', 'generator_139', 'generator_117', 'generator_127', 'generator_139', 'generator_136', 'generator_136', 'generator_127', 'generator_117', 'generator_117', 'generator_123', 'generator_116', 'generator_123', 'number_match', 'generator_137', 'generator_117', 'number_match', 'generator_136', 'generator_138', 'generator_136', 'generator_116', 'generator_127', 'generator_138', 'generator_139', 'generator_137']
number opened: 4
TRIAL 14
Action chosen: (triangle, red)
Outcome: False
partcle ids: ['generator_123', 'number_match', 'generator_123', 'generator_138', 'generator_138', 'generator_138', 'generator_123', 'generator_138', 'generator_123', 'generator_123', 'generator_116', 'generator_123', 'generator_138', 'number_match', 'generator_116', 'generator_138', 'generator_137', 'generator_116', 'generator_123', 'number_match', 'generator_137', 'generator_138', 'generator_138', 'generator_138', 'generator_123', 'generator_138', 'generator_137', 'generator_138', 'generator_123', 'generator_116']
number opened: 4
TRIAL 15
Action chosen: (blue, red)
Outcome: False
partcle ids: ['generator_123', 'number_match', 'generator_123', 'generator_138', 'generator_138', 'generator_138', 'generator_123', 'generator_138', 'generator_123', 'generator_123', 'generator_116', 'generator_123', 'generator_138', 'number_match', 'generator_116', 'generator_138', 'generator_137', 'generator_116', 'generator_123', 'number_match', 'generator_137', 'generator_138', 'generator_138', 'generator_138', 'generator_123', 'generator_138', 'generator_137', 'generator_138', 'generator_123', 'generator_116']
number opened: 4
TRIAL 16
Action chosen: (pink, red)
Outcome: False
partcle ids: ['generator_137', 'generator_139', 'generator_137', 'generator_138', 'generator_137', 'generator_137', 'generator_116', 'generator_123', 'generator_137', 'generator_116', 'generator_137', 'generator_137', 'generator_127', 'generator_116', 'number_match', 'generator_137', 'generator_137', 'generator_117', 'generator_137', 'number_match', 'number_match', 'number_match', 'number_match', 'number_match', 'generator_117', 'generator_137', 'generator_116', 'generator_116', 'generator_116', 'generator_116']
number opened: 4
TRIAL 17
Action chosen: (diamond, red)
Outcome: False
partcle ids: ['generator_137', 'generator_139', 'generator_137', 'generator_138', 'generator_137', 'generator_137', 'generator_116', 'generator_123', 'generator_137', 'generator_116', 'generator_137', 'generator_137', 'generator_127', 'generator_116', 'number_match', 'generator_137', 'generator_137', 'generator_117', 'generator_137', 'number_match', 'number_match', 'number_match', 'number_match', 'number_match', 'generator_117', 'generator_137', 'generator_116', 'generator_116', 'generator_116', 'generator_116']
number opened: 4
TRIAL 18
Action chosen: (white, red)
Outcome: False
partcle ids: ['number_match', 'number_match', 'generator_123', 'number_match', 'number_match', 'number_match', 'number_match', 'number_match', 'number_match', 'number_match', 'generator_137', 'number_match', 'generator_136', 'number_match', 'generator_117', 'generator_123', 'generator_138', 'generator_139', 'generator_127', 'number_match', 'number_match', 'generator_137', 'generator_116', 'generator_127', 'number_match', 'number_match', 'number_match', 'generator_123', 'number_match', 'number_match']
number opened: 4
TRIAL 19
Action chosen: (red, red)
Outcome: True
partcle ids: ['number_match', 'number_match', 'generator_123', 'number_match', 'number_match', 'number_match', 'number_match', 'number_match', 'number_match', 'number_match', 'generator_137', 'number_match', 'generator_136', 'number_match', 'generator_117', 'generator_123', 'generator_138', 'generator_139', 'generator_127', 'number_match', 'number_match', 'generator_137', 'generator_116', 'generator_127', 'number_match', 'number_match', 'number_match', 'generator_123', 'number_match', 'number_match']
number opened: 5
{"attempts": 19, "unique_key_box_pairs": 19, "revisit_attempts": 0, "revisit_rate": 0.0, "attempts_before_abandoning_color_matching": 0, "color_matching_abandoned": true}
