{"Child_ID": "D001", "SoC_variant": "SoC-Gen", "theta": [19, 1], "p_gen": 0.4, "true_prior": 0.02, "run_number": 33, "seed": 6694911984390449920}
TRIAL 1
Action chosen: (purple, purple)
Outcome: False
partcle ids: ['similar_color_5', 'generator_1', 'generator_2', 'generator_3', 'similar_color_9', 'similar_color_13', 'generator_4', 'generator_5', 'number_match', 'generator_6', 'generator_7', 'generator_8', 'generator_9', 'similar_color_5', 'generator_10', 'generator_11', 'similar_color_14', 'generator_12', 'generator_13', 'generator_14', 'generator_15', 'similar_color_13', 'generator_16', 'similar_color_1', 'generator_17', 'generator_18', 'similar_color_4', 'generator_19', 'order_match', 'generator_20']
number opened: 0
TRIAL 2
Action chosen: (green3, purple)
Outcome: True
partcle ids: ['generator_7', 'generator_21', 'generator_22', 'generator_23', 'generator_24', 'generator_25', 'generator_26', 'generator_27', 'generator_28', 'generator_29', 'generator_30', 'generator_31', 'generator_32', 'generator_33', 'generator_34', 'generator_35', 'generator_36', 'generator_37', 'generator_38', 'generator_39', 'generator_40', 'generator_41', 'generator_42', 'generator_43', 'generator_44', 'generator_45', 'generator_46', 'generator_47', 'generator_48', 'generator_14']
number opened: 1
TRIAL 3
Action chosen: (diamond, red)
Outcome: False
partcle ids: ['generator_7', 'generator_21', 'generator_22', 'generator_23', 'generator_24', 'generator_25', 'generator_26', 'generator_27', 'generator_28', 'generator_29', 'generator_30', 'generator_31', 'generator_32', 'generator_33', 'generator_34', 'generator_35', 'generator_36', 'generator_37', 'generator_38', 'generator_39', 'generator_40', 'generator_41', 'generator_42', 'generator_43', 'generator_44', 'generator_45', 'generator_46', 'generator_47', 'generator_48', 'generator_14']
number opened: 1
TRIAL 4
Action chosen: (white, blue)
Outcome: False
partcle ids: ['generator_7', 'generator_21', 'generator_22', 'generator_23', 'generator_24', 'generator_25', 'generator_26', 'generator_27', 'generator_28', 'generator_29', 'generator_30', 'generator_31', 'generator_32', 'generator_33', 'generator_34', 'generator_35', 'generator_36', 'generator_37', 'generator_38', 'generator_39', 'generator_40', 'generator_41', 'generator_42', 'generator_43', 'generator_44', 'generator_45', 'generator_46', 'generator_47', 'generator_48', 'generator_14']
number opened: 1
TRIAL 5
Action chosen: (orange4, blue)
Outcome: False
partcle ids: ['generator_7', 'generator_21', 'generator_22', 'generator_23', 'generator_24', 'generator_25', 'generator_26', 'generator_27', 'generator_28', 'generator_29', 'generator_30', 'generator_31', 'generator_32', 'generator_33', 'generator_34', 'generator_35', 'generator_36', 'generator_37', 'generator_38', 'generator_39', 'generator_40', 'generator_41', 'generator_42', 'generator_43', 'generator_44', 'generator_45', 'generator_46', 'generator_47', 'generator_48', 'generator_14']
number opened: 1
TRIAL 6
Action chosen: (purple, pink)
Outcome: False
partcle ids: ['generator_49', 'generator_50', 'generator_51', 'generator_52', 'generator_33', 'generator_54', 'generator_55', 'generator_56', 'generator_30', 'generator_32', 'generator_59', 'generator_60', 'generator_61', 'generator_62', 'generator_43', 'generator_64', 'generator_65', 'generator_66', 'generator_67', 'generator_68', 'generator_26', 'generator_45', 'generator_71', 'generator_72', 'generator_28', 'generator_26', 'generator_75', 'generator_76', 'generator_77', 'generator_43']
number opened: 1
TRIAL 7
Action chosen: (orange4, red)
Outcome: False
partcle ids: ['generator_49', 'generator_50', 'generator_51', 'generator_52', 'generator_33', 'generator_54', 'generator_55', 'generator_56', 'generator_30', 'generator_32', 'generator_59', 'generator_60', 'generator_61', 'generator_62', 'generator_43', 'generator_64', 'generator_65', 'generator_66', 'generator_67', 'generator_68', 'generator_26', 'generator_45', 'generator_71', 'generator_72', 'generator_28', 'generator_26', 'generator_75', 'generator_76', 'generator_77', 'generator_43']
number opened: 1
TRIAL 8
Action chosen: (red, white)
Outcome: False
partcle ids: ['generator_49', 'generator_50', 'generator_51', 'generator_52', 'generator_33', 'generator_54', 'generator_55', 'generator_56', 'generator_30', 'generator_32', 'generator_59', 'generator_60', 'generator_61', 'generator_62', 'generator_43', 'generator_64', 'generator_65', 'generator_66', 'generator_67', 'generator_68', 'generator_26', 'generator_45', 'generator_71', 'generator_72', 'generator_28', 'generator_26', 'generator_75', 'generator_76', 'generator_77', 'generator_43']
number opened: 1
TRIAL 9
Action chosen: (yellow5, blue)
Outcome: True
partcle ids: ['generator_79', 'generator_55', 'generator_55', 'generator_28', 'generator_32', 'generator_83', 'generator_84', 'generator_32', 'generator_32', 'generator_87', 'generator_88', 'generator_89', 'generator_90', 'generator_61', 'generator_28', 'generator_28', 'generator_55', 'generator_93', 'generator_55', 'generator_55', 'generator_96', 'generator_28', 'generator_98', 'generator_99', 'generator_61', 'generator_101', 'generator_102', 'generator_103', 'generator_55', 'generator_104']
number opened: 2
TRIAL 10
Action chosen: (red, pink)
Outcome: False
partcle ids: ['generator_79', 'generator_55', 'generator_55', 'generator_28', 'generator_32', 'generator_83', 'generator_84', 'generator_32', 'generator_32', 'generator_87', 'generator_88', 'generator_89', 'generator_90', 'generator_61', 'generator_28', 'generator_28', 'generator_55', 'generator_93', 'generator_55', 'generator_55', 'generator_96', 'generator_28', 'generator_98', 'generator_99', 'generator_61', 'generator_101', 'generator_102', 'generator_103', 'generator_55', 'generator_104']
number opened: 2
TRIAL 11
Action chosen: (heart, pink)
Outcome: False
partcle ids: ['generator_79', 'generator_55', 'generator_55', 'generator_28', 'generator_32', 'generator_83', 'generator_84', 'generator_32', 'generator_32', 'generator_87', 'generator_88', 'generator_89', 'generator_90', 'generator_61', 'generator_28', 'generator_28', 'generator_55', 'generator_93', 'generator_55', 'generator_55', 'generator_96', 'generator_28', 'generator_98', 'generator_99', 'generator_61', 'generator_101', 'generator_102', 'generator_103', 'generator_55', 'generator_104']
number opened: 2
TRIAL 12
Action chosen: (red, red)
Outcome: True
partcle ids: ['generator_105', 'generator_106', 'generator_28', 'generator_28', 'generator_109', 'generator_28', 'generator_111', 'generator_112', 'generator_113', 'generator_28', 'generator_114', 'generator_115', 'generator_116', 'generator_117', 'generator_118', 'number_match', 'generator_119', 'generator_120', 'generator_121', 'generator_117', 'generator_28', 'generator_122', 'generator_119', 'generator_28', 'generator_124', 'generator_114', 'generator_125', 'generator_126', 'generator_111', 'generator_28']
number opened: 3
TRIAL 13
Action chosen: (heart, white)
Outcome: False
partcle ids: ['generator_105', 'generator_106', 'generator_28', 'generator_28', 'generator_109', 'generator_28', 'generator_111', 'generator_112', 'generator_113', 'generator_28', 'generator_114', 'generator_115', 'generator_116', 'generator_117', 'generator_118', 'number_match', 'generator_119', 'generator_120', 'generator_121', 'generator_117', 'generator_28', 'generator_122', 'generator_119', 'generator_28', 'generator_124', 'generator_114', 'generator_125', 'generator_126', 'generator_111', 'generator_28']
number opened: 3
TRIAL 14
Action chosen: (pink, white)
Outcome: False
partcle ids: ['generator_105', 'generator_106', 'generator_28', 'generator_28', 'generator_109', 'generator_28', 'generator_111', 'generator_112', 'generator_113', 'generator_28', 'generator_114', 'generator_115', 'generator_116', 'generator_117', 'generator_118', 'number_match', 'generator_119', 'generator_120', 'generator_121', 'generator_117', 'generator_28', 'generator_122', 'generator_119', 'generator_28', 'generator_124', 'generator_114', 'generator_125', 'generator_126', 'generator_111', 'generator_28']
number opened: 3
TRIAL 15
Action chosen: (purple, white)
Outcome: False
partcle ids: ['generator_121', 'generator_127', 'generator_128', 'generator_111', 'generator_111', 'generator_121', 'generator_129', 'generator_111', 'generator_130', 'generator_131', 'generator_109', 'generator_116', 'generator_134', 'generator_121', 'generator_111', 'generator_136', 'generator_124', 'generator_121', 'generator_118', 'generator_137', 'generator_121', 'number_match', 'generator_120', 'generator_116', 'generator_140', 'generator_141', 'generator_109', 'generator_116', 'generator_127', 'generator_131']
number opened: 3
TRIAL 16
Action chosen: (cloud, white)
Outcome: False
partcle ids: ['generator_121', 'generator_127', 'generator_128', 'generator_111', 'generator_111', 'generator_121', 'generator_129', 'generator_111', 'generator_130', 'generator_131', 'generator_109', 'generator_116', 'generator_134', 'generator_121', 'generator_111', 'generator_136', 'generator_124', 'generator_121', 'generator_118', 'generator_137', 'generator_121', 'number_match', 'generator_120', 'generator_116', 'generator_140', 'generator_141', 'generator_109', 'generator_116', 'generator_127', 'generator_131']
number opened: 3
TRIAL 17
Action chosen: (blue, pink)
Outcome: False
partcle ids: ['generator_121', 'generator_127', 'generator_128', 'generator_111', 'generator_111', 'generator_121', 'generator_129', 'generator_111', 'generator_130', 'generator_131', 'generator_109', 'generator_116', 'generator_134', 'generator_121', 'generator_111', 'generator_136', 'generator_124', 'generator_121', 'generator_118', 'generator_137', 'generator_121', 'number_match', 'generator_120', 'generator_116', 'generator_140', 'generator_141', 'generator_109', 'generator_116', 'generator_127', 'generator_131']
number opened: 3
TRIAL 18
Action chosen: (orange4, white)
Outcome: True
partcle ids: ['generator_143', 'number_match', 'generator_131', 'generator_130', 'generator_130', 'generator_130', 'generator_134', 'number_match', 'number_match', 'number_match', 'generator_144', 'generator_134', 'number_match', 'generator_144', 'number_match', 'generator_130', 'generator_144', 'generator_130', 'number_match', 'generator_134', 'generator_134', 'generator_144', 'generator_131', 'generator_144', 'generator_130', 'generator_130', 'generator_131', 'generator_131', 'generator_130', 'generator_134']
number opened: 4
TRIAL 19
Action chosen: (triangle, pink)
Outcome: False
partcle ids: ['generator_143', 'number_match', 'generator_131', 'generator_130', 'generator_130', 'generator_130', 'generator_134', 'number_match', 'number_match', 'number_match', 'generator_144', 'generator_134', 'number_match', 'generator_144', 'number_match', 'generator_130', 'generator_144', 'generator_130', 'number_match', 'generator_134', 'generator_134', 'generator_144', 'generator_131', 'generator_144', 'generator_130', 'generator_130', 'generator_131', 'generator_131', 'generator_130', 'generator_134']
number opened: 4
TRIAL 20
Action chosen: (grey2, pink)
Outcome: True
partcle ids: ['number_match', 'number_match', 'number_match', 'number_match', 'number_match', 'number_match', 'number_match', 'number_match', 'number_match', 'number_match', 'number_match', 'number_match', 'number_match', 'number_match', 'number_match', 'number_match', 'number_match', 'number_match', 'number_match', 'number_match', 'number_match', 'number_match', 'number_match', 'number_match', 'number_match', 'number_match', 'number_match', 'number_match', 'number_match', 'number_match']
number opened: 5
{"attempts": 20, "unique_key_box_pairs": 20, "revisit_attempts": 0, "revisit_rate": 0.0, "attempts_before_abandoning_color_matching": 1, "color_matching_abandoned": true}
