{"Child_ID": "D001", "SoC_variant": "SoC-Gen", "theta": [19, 1], "p_gen": 0.4, "true_prior": 0.02, "run_number": 65, "seed": 6720924586110553291}
TRIAL 1
Action chosen: (purple, purple)
Outcome: False
partcle ids: ['generator_1', 'generator_2', 'generator_3', 'similar_color_4', 'generator_4', 'similar_color_2', 'similar_color_2', 'generator_5', 'similar_color_10', 'similar_color_9', 'similar_color_3', 'generator_6', 'similar_color_3', 'shape_match', 'similar_color_2', 'similar_color_5', 'generator_7', 'similar_color_10', 'generator_8', 'generator_9', 'similar_color_7', 'color_match', 'similar_color_14', 'generator_10', 'generator_11', 'similar_color_2', 'similar_color_10', 'generator_12', 'similar_color_4', 'generator_13']
number opened: 0
TRIAL 2
Action chosen: (orange4, purple)
Outcome: False
partcle ids: ['generator_14', 'generator_15', 'generator_16', 'generator_2', 'generator_11', 'generator_18', 'generator_19', 'generator_7', 'generator_4', 'generator_20', 'shape_match', 'generator_4', 'generator_11', 'generator_21', 'generator_2', 'generator_22', 'generator_3', 'generator_3', 'generator_23', 'generator_7', 'generator_24', 'generator_25', 'similar_color_12', 'generator_26', 'generator_2', 'generator_7', 'similar_color_12', 'generator_3', 'generator_27', 'generator_28']
number opened: 0
TRIAL 3
Action chosen: (heart, white)
Outcome: False
partcle ids: ['generator_14', 'generator_15', 'generator_16', 'generator_2', 'generator_11', 'generator_18', 'generator_19', 'generator_7', 'generator_4', 'generator_20', 'shape_match', 'generator_4', 'generator_11', 'generator_21', 'generator_2', 'generator_22', 'generator_3', 'generator_3', 'generator_23', 'generator_7', 'generator_24', 'generator_25', 'similar_color_12', 'generator_26', 'generator_2', 'generator_7', 'similar_color_12', 'generator_3', 'generator_27', 'generator_28']
number opened: 0
TRIAL 4
Action chosen: (white, blue)
Outcome: False
partcle ids: ['generator_14', 'generator_15', 'generator_16', 'generator_2', 'generator_11', 'generator_18', 'generator_19', 'generator_7', 'generator_4', 'generator_20', 'shape_match', 'generator_4', 'generator_11', 'generator_21', 'generator_2', 'generator_22', 'generator_3', 'generator_3', 'generator_23', 'generator_7', 'generator_24', 'generator_25', 'similar_color_12', 'generator_26', 'generator_2', 'generator_7', 'similar_color_12', 'generator_3', 'generator_27', 'generator_28']
number opened: 0
TRIAL 5
Action chosen: (triangle, white)
Outcome: False
partcle ids: ['generator_29', 'generator_30', 'generator_31', 'generator_7', 'generator_32', 'generator_27', 'generator_28', 'generator_24', 'generator_11', 'generator_33', 'generator_34', 'shape_match', 'generator_11', 'generator_36', 'generator_37', 'generator_16', 'generator_38', 'generator_27', 'generator_39', 'generator_11', 'generator_40', 'generator_3', 'generator_41', 'generator_28', 'generator_25', 'generator_42', 'generator_11', 'generator_28', 'generator_43', 'generator_18']
number opened: 0
TRIAL 6
Action chosen: (grey2, blue)
Outcome: False
partcle ids: ['generator_29', 'generator_30', 'generator_31', 'generator_7', 'generator_32', 'generator_27', 'generator_28', 'generator_24', 'generator_11', 'generator_33', 'generator_34', 'shape_match', 'generator_11', 'generator_36', 'generator_37', 'generator_16', 'generator_38', 'generator_27', 'generator_39', 'generator_11', 'generator_40', 'generator_3', 'generator_41', 'generator_28', 'generator_25', 'generator_42', 'generator_11', 'generator_28', 'generator_43', 'generator_18']
number opened: 0
TRIAL 7
Action chosen: (red, blue)
Outcome: False
partcle ids: ['generator_29', 'generator_30', 'generator_31', 'generator_7', 'generator_32', 'generator_27', 'generator_28', 'generator_24', 'generator_11', 'generator_33', 'generator_34', 'shape_match', 'generator_11', 'generator_36', 'generator_37', 'generator_16', 'generator_38', 'generator_27', 'generator_39', 'generator_11', 'generator_40', 'generator_3', 'generator_41', 'generator_28', 'generator_25', 'generator_42', 'generator_11', 'generator_28', 'generator_43', 'generator_18']
number opened: 0
TRIAL 8
Action chosen: (yellow5, purple)
Outcome: False
partcle ids: ['generator_37', 'shape_match', 'generator_7', 'generator_43', 'generator_44', 'generator_38', 'generator_46', 'generator_30', 'number_match', 'generator_38', 'generator_47', 'generator_48', 'shape_match', 'generator_41', 'generator_49', 'generator_41', 'generator_34', 'generator_41', 'generator_34', 'generator_51', 'generator_38', 'generator_34', 'generator_37', 'generator_38', 'generator_16', 'generator_30', 'shape_match', 'generator_38', 'generator_53', 'generator_18']
number opened: 0
TRIAL 9
Action chosen: (pink, blue)
Outcome: False
partcle ids: ['generator_37', 'shape_match', 'generator_7', 'generator_43', 'generator_44', 'generator_38', 'generator_46', 'generator_30', 'number_match', 'generator_38', 'generator_47', 'generator_48', 'shape_match', 'generator_41', 'generator_49', 'generator_41', 'generator_34', 'generator_41', 'generator_34', 'generator_51', 'generator_38', 'generator_34', 'generator_37', 'generator_38', 'generator_16', 'generator_30', 'shape_match', 'generator_38', 'generator_53', 'generator_18']
number opened: 0
TRIAL 10
Action chosen: (heart, blue)
Outcome: False
partcle ids: ['generator_37', 'shape_match', 'generator_7', 'generator_43', 'generator_44', 'generator_38', 'generator_46', 'generator_30', 'number_match', 'generator_38', 'generator_47', 'generator_48', 'shape_match', 'generator_41', 'generator_49', 'generator_41', 'generator_34', 'generator_41', 'generator_34', 'generator_51', 'generator_38', 'generator_34', 'generator_37', 'generator_38', 'generator_16', 'generator_30', 'shape_match', 'generator_38', 'generator_53', 'generator_18']
number opened: 0
TRIAL 11
Action chosen: (green3, blue)
Outcome: False
partcle ids: ['generator_55', 'generator_53', 'number_match', 'generator_53', 'generator_56', 'generator_57', 'generator_53', 'generator_30', 'shape_match', 'generator_44', 'generator_41', 'generator_48', 'generator_59', 'shape_match', 'generator_60', 'generator_41', 'generator_53', 'generator_61', 'number_match', 'generator_62', 'generator_63', 'generator_64', 'generator_65', 'generator_53', 'shape_match', 'generator_38', 'generator_34', 'generator_38', 'generator_41', 'generator_66']
number opened: 0
TRIAL 12
Action chosen: (yellow5, blue)
Outcome: True
partcle ids: ['generator_53', 'generator_68', 'generator_53', 'generator_70', 'generator_71', 'generator_72', 'generator_53', 'generator_73', 'generator_74', 'generator_75', 'generator_76', 'generator_53', 'generator_78', 'generator_79', 'generator_80', 'generator_81', 'generator_82', 'generator_83', 'generator_84', 'generator_85', 'generator_65', 'generator_57', 'generator_88', 'number_match', 'generator_89', 'generator_53', 'generator_57', 'generator_57', 'generator_92', 'generator_93']
number opened: 1
TRIAL 13
Action chosen: (green3, purple)
Outcome: True
partcle ids: ['generator_94', 'generator_53', 'generator_96', 'generator_97', 'generator_85', 'generator_99', 'generator_100', 'generator_101', 'generator_102', 'generator_103', 'generator_104', 'generator_105', 'generator_106', 'generator_107', 'generator_108', 'generator_109', 'generator_110', 'generator_53', 'generator_89', 'generator_113', 'generator_114', 'generator_115', 'generator_116', 'generator_117', 'generator_118', 'generator_53', 'generator_120', 'generator_121', 'generator_122', 'generator_123']
number opened: 2
TRIAL 14
Action chosen: (grey2, red)
Outcome: False
partcle ids: ['generator_94', 'generator_53', 'generator_96', 'generator_97', 'generator_85', 'generator_99', 'generator_100', 'generator_101', 'generator_102', 'generator_103', 'generator_104', 'generator_105', 'generator_106', 'generator_107', 'generator_108', 'generator_109', 'generator_110', 'generator_53', 'generator_89', 'generator_113', 'generator_114', 'generator_115', 'generator_116', 'generator_117', 'generator_118', 'generator_53', 'generator_120', 'generator_121', 'generator_122', 'generator_123']
number opened: 2
TRIAL 15
Action chosen: (blue, red)
Outcome: False
partcle ids: ['generator_94', 'generator_53', 'generator_96', 'generator_97', 'generator_85', 'generator_99', 'generator_100', 'generator_101', 'generator_102', 'generator_103', 'generator_104', 'generator_105', 'generator_106', 'generator_107', 'generator_108', 'generator_109', 'generator_110', 'generator_53', 'generator_89', 'generator_113', 'generator_114', 'generator_115', 'generator_116', 'generator_117', 'generator_118', 'generator_53', 'generator_120', 'generator_121', 'generator_122', 'generator_123']
number opened: 2
TRIAL 16
Action chosen: (diamond, red)
Outcome: False
partcle ids: ['generator_124', 'generator_125', 'generator_126', 'generator_104', 'generator_128', 'generator_129', 'generator_130', 'generator_101', 'generator_132', 'generator_133', 'generator_134', 'generator_135', 'generator_136', 'generator_97', 'generator_138', 'generator_139', 'generator_140', 'generator_97', 'generator_142', 'generator_143', 'generator_144', 'generator_100', 'generator_104', 'generator_97', 'generator_147', 'generator_148', 'generator_96', 'generator_150', 'generator_151', 'generator_103']
number opened: 2
TRIAL 17
Action chosen: (diamond, pink)
Outcome: False
partcle ids: ['generator_124', 'generator_125', 'generator_126', 'generator_104', 'generator_128', 'generator_129', 'generator_130', 'generator_101', 'generator_132', 'generator_133', 'generator_134', 'generator_135', 'generator_136', 'generator_97', 'generator_138', 'generator_139', 'generator_140', 'generator_97', 'generator_142', 'generator_143', 'generator_144', 'generator_100', 'generator_104', 'generator_97', 'generator_147', 'generator_148', 'generator_96', 'generator_150', 'generator_151', 'generator_103']
number opened: 2
TRIAL 18
Action chosen: (orange4, pink)
Outcome: False
partcle ids: ['generator_124', 'generator_125', 'generator_126', 'generator_104', 'generator_128', 'generator_129', 'generator_130', 'generator_101', 'generator_132', 'generator_133', 'generator_134', 'generator_135', 'generator_136', 'generator_97', 'generator_138', 'generator_139', 'generator_140', 'generator_97', 'generator_142', 'generator_143', 'generator_144', 'generator_100', 'generator_104', 'generator_97', 'generator_147', 'generator_148', 'generator_96', 'generator_150', 'generator_151', 'generator_103']
number opened: 2
TRIAL 19
Action chosen: (grey2, pink)
Outcome: True
partcle ids: ['generator_138', 'generator_153', 'generator_154', 'generator_155', 'generator_156', 'generator_157', 'generator_158', 'generator_159', 'generator_160', 'generator_140', 'generator_162', 'generator_140', 'generator_164', 'generator_165', 'generator_166', 'generator_167', 'generator_156', 'generator_138', 'generator_169', 'generator_170', 'generator_171', 'generator_160', 'generator_172', 'generator_173', 'generator_140', 'generator_144', 'generator_164', 'generator_138', 'generator_176', 'generator_177']
number opened: 3
TRIAL 20
Action chosen: (purple, red)
Outcome: False
partcle ids: ['generator_138', 'generator_153', 'generator_154', 'generator_155', 'generator_156', 'generator_157', 'generator_158', 'generator_159', 'generator_160', 'generator_140', 'generator_162', 'generator_140', 'generator_164', 'generator_165', 'generator_166', 'generator_167', 'generator_156', 'generator_138', 'generator_169', 'generator_170', 'generator_171', 'generator_160', 'generator_172', 'generator_173', 'generator_140', 'generator_144', 'generator_164', 'generator_138', 'generator_176', 'generator_177']
number opened: 3
TRIAL 21
Action chosen: (orange4, red)
Outcome: False
partcle ids: ['generator_138', 'generator_153', 'generator_154', 'generator_155', 'generator_156', 'generator_157', 'generator_158', 'generator_159', 'generator_160', 'generator_140', 'generator_162', 'generator_140', 'generator_164', 'generator_165', 'generator_166', 'generator_167', 'generator_156', 'generator_138', 'generator_169', 'generator_170', 'generator_171', 'generator_160', 'generator_172', 'generator_173', 'generator_140', 'generator_144', 'generator_164', 'generator_138', 'generator_176', 'generator_177']
number opened: 3
TRIAL 22
Action chosen: (pink, white)
Outcome: False
partcle ids: ['generator_165', 'generator_172', 'generator_167', 'generator_179', 'generator_156', 'generator_156', 'generator_157', 'generator_172', 'generator_162', 'generator_183', 'generator_184', 'number_match', 'generator_185', 'generator_186', 'generator_162', 'generator_162', 'generator_188', 'generator_177', 'generator_189', 'generator_140', 'generator_165', 'generator_173', 'generator_184', 'generator_191', 'generator_172', 'generator_173', 'generator_192', 'generator_193', 'generator_170', 'generator_158']
number opened: 3
TRIAL 23
Action chosen: (triangle, red)
Outcome: False
partcle ids: ['generator_165', 'generator_172', 'generator_167', 'generator_179', 'generator_156', 'generator_156', 'generator_157', 'generator_172', 'generator_162', 'generator_183', 'generator_184', 'number_match', 'generator_185', 'generator_186', 'generator_162', 'generator_162', 'generator_188', 'generator_177', 'generator_189', 'generator_140', 'generator_165', 'generator_173', 'generator_184', 'generator_191', 'generator_172', 'generator_173', 'generator_192', 'generator_193', 'generator_170', 'generator_158']
number opened: 3
TRIAL 24
Action chosen: (red, white)
Outcome: False
partcle ids: ['generator_165', 'generator_172', 'generator_167', 'generator_179', 'generator_156', 'generator_156', 'generator_157', 'generator_172', 'generator_162', 'generator_183', 'generator_184', 'number_match', 'generator_185', 'generator_186', 'generator_162', 'generator_162', 'generator_188', 'generator_177', 'generator_189', 'generator_140', 'generator_165', 'generator_173', 'generator_184', 'generator_191', 'generator_172', 'generator_173', 'generator_192', 'generator_193', 'generator_170', 'generator_158']
number opened: 3
TRIAL 25
Action chosen: (pink, red)
Outcome: False
partcle ids: ['generator_179', 'generator_158', 'generator_170', 'number_match', 'generator_153', 'generator_198', 'generator_165', 'generator_191', 'generator_167', 'generator_158', 'generator_199', 'generator_179', 'generator_200', 'generator_185', 'generator_185', 'generator_158', 'number_match', 'generator_140', 'generator_179', 'generator_185', 'generator_203', 'generator_176', 'generator_185', 'generator_165', 'number_match', 'generator_165', 'generator_188', 'generator_173', 'generator_193', 'generator_183']
number opened: 3
TRIAL 26
Action chosen: (red, red)
Outcome: True
partcle ids: ['generator_158', 'generator_158', 'generator_206', 'generator_207', 'generator_206', 'number_match', 'generator_179', 'generator_179', 'generator_207', 'generator_179', 'generator_207', 'generator_158', 'generator_158', 'number_match', 'generator_207', 'generator_207', 'generator_207', 'generator_183', 'number_match', 'number_match', 'generator_158', 'generator_206', 'number_match', 'number_match', 'generator_179', 'generator_158', 'number_match', 'generator_179', 'generator_183', 'generator_158']
number opened: 4
TRIAL 27
Action chosen: (purple, white)
Outcome: False
partcle ids: ['generator_158', 'generator_158', 'generator_206', 'generator_207', 'generator_206', 'number_match', 'generator_179', 'generator_179', 'generator_207', 'generator_179', 'generator_207', 'generator_158', 'generator_158', 'number_match', 'generator_207', 'generator_207', 'generator_207', 'generator_183', 'number_match', 'number_match', 'generator_158', 'generator_206', 'number_match', 'number_match', 'generator_179', 'generator_158', 'number_match', 'generator_179', 'generator_183', 'generator_158']
number opened: 4
TRIAL 28
Action chosen: (orange4, white)
Outcome: True
partcle ids: ['number_match', 'number_match', 'number_match', 'number_match', 'number_match', 'number_match', 'number_match', 'number_match', 'number_match', 'number_match', 'number_match', 'number_match', 'number_match', 'number_match', 'number_match', 'number_match', 'number_match', 'number_match', 'number_match', 'number_match', 'number_match', 'number_match', 'number_match', 'number_match', 'number_match', 'number_match', 'number_match', 'number_match', 'number_match', 'number_match']
number opened: 5
{"attempts": 28, "unique_key_box_pairs": 28, "revisit_attempts": 0, "revisit_rate": 0.0, "attempts_before_abandoning_color_matching": 1, "color_matching_abandoned": true}
