{"Child_ID": "D001", "SoC_variant": "SoC-Gen", "theta": [19, 1], "p_gen": 0.4, "true_prior": 0.02, "run_number": 37, "seed": 4121299392553557217}
TRIAL 1
Action chosen: (purple, purple)
Outcome: False
partcle ids: ['shape_match', 'generator_1', 'similar_color_12', 'generator_2', 'generator_3', 'generator_4', 'generator_5', 'similar_color_2', 'generator_6', 'color_match', 'similar_color_13', 'similar_color_10', 'generator_7', 'similar_color_7', 'similar_color_8', 'similar_color_9', 'similar_color_4', 'order_match', 'generator_8', 'generator_9', 'generator_10', 'similar_color_1', 'similar_color_13', 'generator_11', 'similar_color_6', 'similar_color_5', 'similar_color_13', 'shape_match', 'similar_color_5', 'generator_12']
number opened: 0
TRIAL 2
Action chosen: (green3, white)
Outcome: False
partcle ids: ['shape_match', 'shape_match', 'generator_9', 'generator_13', 'generator_14', 'shape_match', 'generator_15', 'shape_match', 'shape_match', 'generator_4', 'generator_11', 'generator_16', 'generator_4', 'generator_17', 'generator_18', 'shape_match', 'generator_19', 'similar_color_9', 'shape_match', 'generator_20', 'similar_color_13', 'generator_8', 'generator_11', 'generator_22', 'generator_23', 'generator_8', 'similar_color_2', 'generator_24', 'generator_7', 'similar_color_11']
number opened: 0
TRIAL 3
Action chosen: (heart, purple)
Outcome: False
partcle ids: ['shape_match', 'shape_match', 'generator_9', 'generator_13', 'generator_14', 'shape_match', 'generator_15', 'shape_match', 'shape_match', 'generator_4', 'generator_11', 'generator_16', 'generator_4', 'generator_17', 'generator_18', 'shape_match', 'generator_19', 'similar_color_9', 'shape_match', 'generator_20', 'similar_color_13', 'generator_8', 'generator_11', 'generator_22', 'generator_23', 'generator_8', 'similar_color_2', 'generator_24', 'generator_7', 'similar_color_11']
number opened: 0
TRIAL 4
Action chosen: (red, red)
Outcome: True
partcle ids: ['generator_13', 'generator_4', 'generator_25', 'generator_4', 'generator_26', 'generator_27', 'generator_13', 'generator_16', 'similar_color_12', 'similar_color_8', 'generator_13', 'generator_4', 'similar_color_10', 'generator_28', 'generator_13', 'generator_30', 'generator_31', 'generator_13', 'number_match', 'generator_33', 'generator_16', 'generator_34', 'similar_color_6', 'similar_color_3', 'generator_13', 'generator_4', 'generator_16', 'similar_color_11', 'generator_16', 'similar_color_1']
number opened: 1
TRIAL 5
Action chosen: (heart, pink)
Outcome: False
partcle ids: ['generator_13', 'generator_4', 'generator_25', 'generator_4', 'generator_26', 'generator_27', 'generator_13', 'generator_16', 'similar_color_12', 'similar_color_8', 'generator_13', 'generator_4', 'similar_color_10', 'generator_28', 'generator_13', 'generator_30', 'generator_31', 'generator_13', 'number_match', 'generator_33', 'generator_16', 'generator_34', 'similar_color_6', 'similar_color_3', 'generator_13', 'generator_4', 'generator_16', 'similar_color_11', 'generator_16', 'similar_color_1']
number opened: 1
TRIAL 6
Action chosen: (green3, purple)
Outcome: True
partcle ids: ['generator_27', 'generator_37', 'generator_38', 'generator_39', 'generator_40', 'generator_41', 'generator_42', 'generator_43', 'generator_44', 'generator_45', 'generator_46', 'generator_47', 'generator_34', 'generator_49', 'generator_16', 'generator_51', 'generator_52', 'generator_16', 'generator_54', 'generator_55', 'generator_56', 'generator_57', 'generator_58', 'generator_59', 'generator_60', 'generator_61', 'generator_62', 'generator_63', 'generator_64', 'generator_65']
number opened: 2
TRIAL 7
Action chosen: (diamond, white)
Outcome: False
partcle ids: ['generator_27', 'generator_37', 'generator_38', 'generator_39', 'generator_40', 'generator_41', 'generator_42', 'generator_43', 'generator_44', 'generator_45', 'generator_46', 'generator_47', 'generator_34', 'generator_49', 'generator_16', 'generator_51', 'generator_52', 'generator_16', 'generator_54', 'generator_55', 'generator_56', 'generator_57', 'generator_58', 'generator_59', 'generator_60', 'generator_61', 'generator_62', 'generator_63', 'generator_64', 'generator_65']
number opened: 2
TRIAL 8
Action chosen: (triangle, white)
Outcome: False
partcle ids: ['generator_27', 'generator_37', 'generator_38', 'generator_39', 'generator_40', 'generator_41', 'generator_42', 'generator_43', 'generator_44', 'generator_45', 'generator_46', 'generator_47', 'generator_34', 'generator_49', 'generator_16', 'generator_51', 'generator_52', 'generator_16', 'generator_54', 'generator_55', 'generator_56', 'generator_57', 'generator_58', 'generator_59', 'generator_60', 'generator_61', 'generator_62', 'generator_63', 'generator_64', 'generator_65']
number opened: 2
TRIAL 9
Action chosen: (pink, white)
Outcome: False
partcle ids: ['generator_51', 'generator_57', 'generator_46', 'generator_68', 'generator_69', 'generator_70', 'generator_41', 'generator_39', 'generator_73', 'generator_27', 'generator_75', 'generator_76', 'generator_77', 'generator_78', 'generator_37', 'generator_42', 'generator_42', 'generator_82', 'generator_83', 'number_match', 'generator_42', 'generator_85', 'generator_51', 'generator_87', 'generator_41', 'generator_60', 'generator_57', 'generator_90', 'generator_91', 'generator_92']
number opened: 2
TRIAL 10
Action chosen: (white, pink)
Outcome: False
partcle ids: ['generator_51', 'generator_57', 'generator_46', 'generator_68', 'generator_69', 'generator_70', 'generator_41', 'generator_39', 'generator_73', 'generator_27', 'generator_75', 'generator_76', 'generator_77', 'generator_78', 'generator_37', 'generator_42', 'generator_42', 'generator_82', 'generator_83', 'number_match', 'generator_42', 'generator_85', 'generator_51', 'generator_87', 'generator_41', 'generator_60', 'generator_57', 'generator_90', 'generator_91', 'generator_92']
number opened: 2
TRIAL 11
Action chosen: (grey2, white)
Outcome: False
partcle ids: ['generator_51', 'generator_57', 'generator_46', 'generator_68', 'generator_69', 'generator_70', 'generator_41', 'generator_39', 'generator_73', 'generator_27', 'generator_75', 'generator_76', 'generator_77', 'generator_78', 'generator_37', 'generator_42', 'generator_42', 'generator_82', 'generator_83', 'number_match', 'generator_42', 'generator_85', 'generator_51', 'generator_87', 'generator_41', 'generator_60', 'generator_57', 'generator_90', 'generator_91', 'generator_92']
number opened: 2
TRIAL 12
Action chosen: (triangle, pink)
Outcome: False
partcle ids: ['generator_93', 'generator_94', 'generator_95', 'generator_96', 'generator_97', 'generator_98', 'generator_99', 'generator_37', 'generator_60', 'generator_102', 'generator_103', 'generator_104', 'generator_105', 'generator_106', 'generator_107', 'generator_108', 'generator_109', 'generator_68', 'generator_110', 'generator_111', 'generator_68', 'generator_46', 'generator_113', 'generator_114', 'generator_115', 'generator_116', 'generator_68', 'generator_118', 'generator_119', 'generator_91']
number opened: 2
TRIAL 13
Action chosen: (orange4, white)
Outcome: True
partcle ids: ['generator_115', 'generator_121', 'generator_122', 'generator_93', 'generator_124', 'generator_125', 'generator_126', 'generator_103', 'generator_103', 'generator_129', 'generator_130', 'generator_46', 'generator_131', 'generator_95', 'generator_91', 'generator_126', 'generator_93', 'generator_115', 'generator_135', 'generator_136', 'generator_103', 'generator_137', 'generator_138', 'generator_93', 'generator_139', 'generator_46', 'generator_104', 'generator_141', 'generator_46', 'generator_142']
number opened: 3
TRIAL 14
Action chosen: (cloud, blue)
Outcome: False
partcle ids: ['generator_115', 'generator_121', 'generator_122', 'generator_93', 'generator_124', 'generator_125', 'generator_126', 'generator_103', 'generator_103', 'generator_129', 'generator_130', 'generator_46', 'generator_131', 'generator_95', 'generator_91', 'generator_126', 'generator_93', 'generator_115', 'generator_135', 'generator_136', 'generator_103', 'generator_137', 'generator_138', 'generator_93', 'generator_139', 'generator_46', 'generator_104', 'generator_141', 'generator_46', 'generator_142']
number opened: 3
TRIAL 15
Action chosen: (blue, pink)
Outcome: False
partcle ids: ['generator_115', 'generator_121', 'generator_122', 'generator_93', 'generator_124', 'generator_125', 'generator_126', 'generator_103', 'generator_103', 'generator_129', 'generator_130', 'generator_46', 'generator_131', 'generator_95', 'generator_91', 'generator_126', 'generator_93', 'generator_115', 'generator_135', 'generator_136', 'generator_103', 'generator_137', 'generator_138', 'generator_93', 'generator_139', 'generator_46', 'generator_104', 'generator_141', 'generator_46', 'generator_142']
number opened: 3
TRIAL 16
Action chosen: (blue, blue)
Outcome: False
partcle ids: ['generator_143', 'generator_131', 'generator_145', 'generator_146', 'generator_141', 'generator_146', 'generator_147', 'generator_141', 'generator_148', 'generator_149', 'generator_141', 'generator_46', 'generator_149', 'generator_150', 'generator_151', 'number_match', 'generator_152', 'generator_121', 'generator_95', 'generator_154', 'generator_124', 'generator_156', 'generator_141', 'generator_157', 'generator_158', 'generator_159', 'generator_158', 'generator_122', 'generator_141', 'generator_125']
number opened: 3
TRIAL 17
Action chosen: (heart, blue)
Outcome: False
partcle ids: ['generator_143', 'generator_131', 'generator_145', 'generator_146', 'generator_141', 'generator_146', 'generator_147', 'generator_141', 'generator_148', 'generator_149', 'generator_141', 'generator_46', 'generator_149', 'generator_150', 'generator_151', 'number_match', 'generator_152', 'generator_121', 'generator_95', 'generator_154', 'generator_124', 'generator_156', 'generator_141', 'generator_157', 'generator_158', 'generator_159', 'generator_158', 'generator_122', 'generator_141', 'generator_125']
number opened: 3
TRIAL 18
Action chosen: (white, blue)
Outcome: False
partcle ids: ['generator_143', 'generator_131', 'generator_145', 'generator_146', 'generator_141', 'generator_146', 'generator_147', 'generator_141', 'generator_148', 'generator_149', 'generator_141', 'generator_46', 'generator_149', 'generator_150', 'generator_151', 'number_match', 'generator_152', 'generator_121', 'generator_95', 'generator_154', 'generator_124', 'generator_156', 'generator_141', 'generator_157', 'generator_158', 'generator_159', 'generator_158', 'generator_122', 'generator_141', 'generator_125']
number opened: 3
TRIAL 19
Action chosen: (purple, blue)
Outcome: False
partcle ids: ['generator_160', 'generator_155', 'generator_124', 'generator_154', 'generator_131', 'generator_148', 'generator_134', 'generator_164', 'generator_151', 'generator_165', 'generator_154', 'generator_167', 'generator_146', 'generator_95', 'generator_152', 'generator_152', 'generator_168', 'generator_148', 'number_match', 'generator_154', 'number_match', 'generator_145', 'generator_166', 'generator_169', 'generator_131', 'generator_145', 'generator_146', 'generator_149', 'generator_171', 'generator_148']
number opened: 3
TRIAL 20
Action chosen: (pink, blue)
Outcome: False
partcle ids: ['generator_160', 'generator_155', 'generator_124', 'generator_154', 'generator_131', 'generator_148', 'generator_134', 'generator_164', 'generator_151', 'generator_165', 'generator_154', 'generator_167', 'generator_146', 'generator_95', 'generator_152', 'generator_152', 'generator_168', 'generator_148', 'number_match', 'generator_154', 'number_match', 'generator_145', 'generator_166', 'generator_169', 'generator_131', 'generator_145', 'generator_146', 'generator_149', 'generator_171', 'generator_148']
number opened: 3
TRIAL 21
Action chosen: (diamond, blue)
Outcome: False
partcle ids: ['generator_160', 'generator_155', 'generator_124', 'generator_154', 'generator_131', 'generator_148', 'generator_134', 'generator_164', 'generator_151', 'generator_165', 'generator_154', 'generator_167', 'generator_146', 'generator_95', 'generator_152', 'generator_152', 'generator_168', 'generator_148', 'number_match', 'generator_154', 'number_match', 'generator_145', 'generator_166', 'generator_169', 'generator_131', 'generator_145', 'generator_146', 'generator_149', 'generator_171', 'generator_148']
number opened: 3
TRIAL 22
Action chosen: (diamond, pink)
Outcome: False
partcle ids: ['generator_169', 'generator_151', 'generator_142', 'generator_131', 'generator_170', 'generator_124', 'generator_131', 'generator_174', 'generator_152', 'generator_152', 'generator_151', 'generator_152', 'generator_152', 'generator_165', 'generator_152', 'generator_141', 'generator_177', 'number_match', 'generator_131', 'generator_151', 'generator_170', 'generator_151', 'generator_151', 'generator_152', 'generator_138', 'generator_174', 'generator_93', 'generator_131', 'generator_152', 'generator_180']
number opened: 3
TRIAL 23
Action chosen: (triangle, blue)
Outcome: False
partcle ids: ['generator_169', 'generator_151', 'generator_142', 'generator_131', 'generator_170', 'generator_124', 'generator_131', 'generator_174', 'generator_152', 'generator_152', 'generator_151', 'generator_152', 'generator_152', 'generator_165', 'generator_152', 'generator_141', 'generator_177', 'number_match', 'generator_131', 'generator_151', 'generator_170', 'generator_151', 'generator_151', 'generator_152', 'generator_138', 'generator_174', 'generator_93', 'generator_131', 'generator_152', 'generator_180']
number opened: 3
TRIAL 24
Action chosen: (yellow5, pink)
Outcome: False
partcle ids: ['generator_174', 'generator_165', 'generator_142', 'generator_130', 'generator_169', 'number_match', 'generator_157', 'generator_138', 'generator_157', 'generator_181', 'generator_174', 'generator_174', 'generator_182', 'number_match', 'generator_165', 'generator_174', 'generator_124', 'number_match', 'generator_152', 'generator_183', 'generator_184', 'generator_158', 'number_match', 'generator_165', 'generator_174', 'generator_149', 'generator_152', 'generator_180', 'generator_168', 'generator_124']
number opened: 3
TRIAL 25
Action chosen: (pink, pink)
Outcome: False
partcle ids: ['generator_174', 'generator_165', 'generator_142', 'generator_130', 'generator_169', 'number_match', 'generator_157', 'generator_138', 'generator_157', 'generator_181', 'generator_174', 'generator_174', 'generator_182', 'number_match', 'generator_165', 'generator_174', 'generator_124', 'number_match', 'generator_152', 'generator_183', 'generator_184', 'generator_158', 'number_match', 'generator_165', 'generator_174', 'generator_149', 'generator_152', 'generator_180', 'generator_168', 'generator_124']
number opened: 3
TRIAL 26
Action chosen: (yellow5, blue)
Outcome: True
partcle ids: ['generator_165', 'generator_186', 'generator_183', 'generator_165', 'generator_177', 'generator_186', 'generator_138', 'generator_186', 'number_match', 'generator_183', 'generator_165', 'number_match', 'generator_165', 'generator_165', 'generator_186', 'generator_142', 'generator_165', 'number_match', 'generator_165', 'number_match', 'generator_177', 'generator_142', 'generator_165', 'generator_183', 'generator_165', 'generator_138', 'generator_165', 'generator_138', 'generator_138', 'generator_165']
number opened: 4
TRIAL 27
Action chosen: (purple, pink)
Outcome: False
partcle ids: ['generator_165', 'generator_186', 'generator_183', 'generator_165', 'generator_177', 'generator_186', 'generator_138', 'generator_186', 'number_match', 'generator_183', 'generator_165', 'number_match', 'generator_165', 'generator_165', 'generator_186', 'generator_142', 'generator_165', 'number_match', 'generator_165', 'number_match', 'generator_177', 'generator_142', 'generator_165', 'generator_183', 'generator_165', 'generator_138', 'generator_165', 'generator_138', 'generator_138', 'generator_165']
number opened: 4
TRIAL 28
Action chosen: (triangle, pink)
Outcome: False
partcle ids: ['generator_165', 'generator_186', 'generator_183', 'generator_165', 'generator_177', 'generator_186', 'generator_138', 'generator_186', 'number_match', 'generator_183', 'generator_165', 'number_match', 'generator_165', 'generator_165', 'generator_186', 'generator_142', 'generator_165', 'number_match', 'generator_165', 'number_match', 'generator_177', 'generator_142', 'generator_165', 'generator_183', 'generator_165', 'generator_138', 'generator_165', 'generator_138', 'generator_138', 'generator_165']
number opened: 4
TRIAL 29
Action chosen: (diamond, pink)
Outcome: False
partcle ids: ['generator_142', 'generator_182', 'generator_177', 'number_match', 'number_match', 'generator_177', 'generator_177', 'generator_182', 'generator_182', 'generator_182', 'generator_142', 'number_match', 'generator_183', 'generator_183', 'number_match', 'generator_177', 'generator_177', 'generator_183', 'generator_182', 'generator_165', 'generator_182', 'number_match', 'number_match', 'number_match', 'generator_177', 'generator_177', 'number_match', 'number_match', 'generator_177', 'number_match']
number opened: 4
TRIAL 30
Action chosen: (grey2, pink)
Outcome: True
partcle ids: ['number_match', 'number_match', 'number_match', 'number_match', 'number_match', 'number_match', 'number_match', 'number_match', 'number_match', 'number_match', 'number_match', 'number_match', 'number_match', 'number_match', 'number_match', 'number_match', 'number_match', 'number_match', 'number_match', 'number_match', 'number_match', 'number_match', 'number_match', 'number_match', 'number_match', 'number_match', 'number_match', 'number_match', 'number_match', 'number_match']
number opened: 5
{"attempts": 30, "unique_key_box_pairs": 28, "revisit_attempts": 2, "revisit_rate": 0.06896551724137931, "attempts_before_abandoning_color_matching": 1, "color_matching_abandoned": true}
