{"Child_ID": "D095", "SoC_variant": "SoC-Full", "theta": [9, 1], "p_gen": 0.7, "true_prior": 0.02, "run_number": 73, "seed": 1734544302658655561}
TRIAL 1
Action chosen: (yellow5, blue)
Outcome: True
partcle ids: ['generator_24', 'generator_25', 'generator_26', 'generator_27', 'generator_28', 'generator_29', 'generator_30', 'generator_31', 'generator_32', 'generator_33', 'generator_34', 'generator_35', 'generator_36', 'generator_37', 'generator_38', 'generator_39', 'generator_40', 'generator_41', 'generator_42', 'generator_43', 'generator_44', 'generator_45', 'generator_46', 'generator_47', 'generator_48', 'generator_49', 'generator_50', 'generator_51', 'generator_52', 'generator_53']
number opened: 1
TRIAL 2
Action chosen: (white, purple)
Outcome: False
partcle ids: ['generator_24', 'generator_25', 'generator_26', 'generator_27', 'generator_28', 'generator_29', 'generator_30', 'generator_31', 'generator_32', 'generator_33', 'generator_34', 'generator_35', 'generator_36', 'generator_37', 'generator_38', 'generator_39', 'generator_40', 'generator_41', 'generator_42', 'generator_43', 'generator_44', 'generator_45', 'generator_46', 'generator_47', 'generator_48', 'generator_49', 'generator_50', 'generator_51', 'generator_52', 'generator_53']
number opened: 1
TRIAL 3
Action chosen: (heart, white)
Outcome: False
partcle ids: ['generator_24', 'generator_25', 'generator_26', 'generator_27', 'generator_28', 'generator_29', 'generator_30', 'generator_31', 'generator_32', 'generator_33', 'generator_34', 'generator_35', 'generator_36', 'generator_37', 'generator_38', 'generator_39', 'generator_40', 'generator_41', 'generator_42', 'generator_43', 'generator_44', 'generator_45', 'generator_46', 'generator_47', 'generator_48', 'generator_49', 'generator_50', 'generator_51', 'generator_52', 'generator_53']
number opened: 1
TRIAL 4
Action chosen: (pink, pink)
Outcome: False
partcle ids: ['generator_24', 'generator_25', 'generator_26', 'generator_27', 'generator_28', 'generator_29', 'generator_30', 'generator_31', 'generator_32', 'generator_33', 'generator_34', 'generator_35', 'generator_36', 'generator_37', 'generator_38', 'generator_39', 'generator_40', 'generator_41', 'generator_42', 'generator_43', 'generator_44', 'generator_45', 'generator_46', 'generator_47', 'generator_48', 'generator_49', 'generator_50', 'generator_51', 'generator_52', 'generator_53']
number opened: 1
TRIAL 5
Action chosen: (green3, red)
Outcome: False
partcle ids: ['generator_24', 'generator_25', 'generator_26', 'generator_27', 'generator_28', 'generator_29', 'generator_30', 'generator_31', 'generator_32', 'generator_33', 'generator_34', 'generator_35', 'generator_36', 'generator_37', 'generator_38', 'generator_39', 'generator_40', 'generator_41', 'generator_42', 'generator_43', 'generator_44', 'generator_45', 'generator_46', 'generator_47', 'generator_48', 'generator_49', 'generator_50', 'generator_51', 'generator_52', 'generator_53']
number opened: 1
TRIAL 6
Action chosen: (purple, white)
Outcome: False
partcle ids: ['generator_54', 'generator_55', 'generator_30', 'generator_31', 'generator_30', 'generator_59', 'generator_60', 'generator_61', 'generator_30', 'generator_62', 'generator_24', 'generator_64', 'generator_65', 'generator_28', 'generator_66', 'generator_67', 'generator_42', 'generator_69', 'generator_70', 'generator_25', 'generator_72', 'generator_73', 'generator_74', 'generator_75', 'generator_76', 'generator_77', 'generator_78', 'generator_79', 'generator_80', 'generator_81']
number opened: 1
TRIAL 7
Action chosen: (green3, white)
Outcome: False
partcle ids: ['generator_54', 'generator_55', 'generator_30', 'generator_31', 'generator_30', 'generator_59', 'generator_60', 'generator_61', 'generator_30', 'generator_62', 'generator_24', 'generator_64', 'generator_65', 'generator_28', 'generator_66', 'generator_67', 'generator_42', 'generator_69', 'generator_70', 'generator_25', 'generator_72', 'generator_73', 'generator_74', 'generator_75', 'generator_76', 'generator_77', 'generator_78', 'generator_79', 'generator_80', 'generator_81']
number opened: 1
TRIAL 8
Action chosen: (cloud, white)
Outcome: False
partcle ids: ['generator_54', 'generator_55', 'generator_30', 'generator_31', 'generator_30', 'generator_59', 'generator_60', 'generator_61', 'generator_30', 'generator_62', 'generator_24', 'generator_64', 'generator_65', 'generator_28', 'generator_66', 'generator_67', 'generator_42', 'generator_69', 'generator_70', 'generator_25', 'generator_72', 'generator_73', 'generator_74', 'generator_75', 'generator_76', 'generator_77', 'generator_78', 'generator_79', 'generator_80', 'generator_81']
number opened: 1
TRIAL 9
Action chosen: (grey2, white)
Outcome: False
partcle ids: ['generator_54', 'generator_55', 'generator_30', 'generator_31', 'generator_30', 'generator_59', 'generator_60', 'generator_61', 'generator_30', 'generator_62', 'generator_24', 'generator_64', 'generator_65', 'generator_28', 'generator_66', 'generator_67', 'generator_42', 'generator_69', 'generator_70', 'generator_25', 'generator_72', 'generator_73', 'generator_74', 'generator_75', 'generator_76', 'generator_77', 'generator_78', 'generator_79', 'generator_80', 'generator_81']
number opened: 1
TRIAL 10
Action chosen: (purple, red)
Outcome: False
partcle ids: ['generator_54', 'generator_73', 'generator_84', 'generator_85', 'generator_86', 'generator_87', 'generator_88', 'generator_89', 'generator_90', 'generator_73', 'generator_60', 'generator_92', 'generator_81', 'generator_61', 'generator_94', 'generator_25', 'generator_60', 'generator_81', 'generator_60', 'generator_54', 'generator_60', 'generator_101', 'generator_102', 'generator_81', 'generator_54', 'generator_28', 'generator_106', 'generator_28', 'generator_81', 'generator_54']
number opened: 1
TRIAL 11
Action chosen: (pink, white)
Outcome: False
partcle ids: ['generator_54', 'generator_73', 'generator_84', 'generator_85', 'generator_86', 'generator_87', 'generator_88', 'generator_89', 'generator_90', 'generator_73', 'generator_60', 'generator_92', 'generator_81', 'generator_61', 'generator_94', 'generator_25', 'generator_60', 'generator_81', 'generator_60', 'generator_54', 'generator_60', 'generator_101', 'generator_102', 'generator_81', 'generator_54', 'generator_28', 'generator_106', 'generator_28', 'generator_81', 'generator_54']
number opened: 1
TRIAL 12
Action chosen: (white, red)
Outcome: False
partcle ids: ['generator_54', 'generator_73', 'generator_84', 'generator_85', 'generator_86', 'generator_87', 'generator_88', 'generator_89', 'generator_90', 'generator_73', 'generator_60', 'generator_92', 'generator_81', 'generator_61', 'generator_94', 'generator_25', 'generator_60', 'generator_81', 'generator_60', 'generator_54', 'generator_60', 'generator_101', 'generator_102', 'generator_81', 'generator_54', 'generator_28', 'generator_106', 'generator_28', 'generator_81', 'generator_54']
number opened: 1
TRIAL 13
Action chosen: (orange4, white)
Outcome: True
partcle ids: ['generator_109', 'generator_81', 'generator_110', 'generator_111', 'generator_112', 'generator_113', 'generator_114', 'generator_81', 'generator_81', 'generator_81', 'generator_81', 'generator_119', 'generator_120', 'generator_121', 'generator_81', 'generator_81', 'generator_81', 'generator_61', 'generator_126', 'generator_81', 'generator_61', 'generator_61', 'generator_81', 'generator_131', 'generator_132', 'generator_131', 'generator_133', 'generator_81', 'generator_61', 'generator_135']
number opened: 2
TRIAL 14
Action chosen: (cloud, red)
Outcome: False
partcle ids: ['generator_109', 'generator_81', 'generator_110', 'generator_111', 'generator_112', 'generator_113', 'generator_114', 'generator_81', 'generator_81', 'generator_81', 'generator_81', 'generator_119', 'generator_120', 'generator_121', 'generator_81', 'generator_81', 'generator_81', 'generator_61', 'generator_126', 'generator_81', 'generator_61', 'generator_61', 'generator_81', 'generator_131', 'generator_132', 'generator_131', 'generator_133', 'generator_81', 'generator_61', 'generator_135']
number opened: 2
TRIAL 15
Action chosen: (heart, pink)
Outcome: False
partcle ids: ['generator_109', 'generator_81', 'generator_110', 'generator_111', 'generator_112', 'generator_113', 'generator_114', 'generator_81', 'generator_81', 'generator_81', 'generator_81', 'generator_119', 'generator_120', 'generator_121', 'generator_81', 'generator_81', 'generator_81', 'generator_61', 'generator_126', 'generator_81', 'generator_61', 'generator_61', 'generator_81', 'generator_131', 'generator_132', 'generator_131', 'generator_133', 'generator_81', 'generator_61', 'generator_135']
number opened: 2
TRIAL 16
Action chosen: (pink, red)
Outcome: False
partcle ids: ['generator_126', 'generator_137', 'generator_138', 'generator_126', 'generator_113', 'generator_141', 'generator_133', 'generator_143', 'generator_112', 'generator_132', 'generator_146', 'generator_112', 'generator_135', 'generator_149', 'generator_150', 'generator_133', 'generator_152', 'generator_135', 'generator_153', 'generator_132', 'generator_81', 'generator_155', 'generator_156', 'generator_157', 'generator_135', 'generator_159', 'generator_160', 'generator_114', 'generator_119', 'generator_163']
number opened: 2
TRIAL 17
Action chosen: (diamond, purple)
Outcome: False
partcle ids: ['generator_126', 'generator_137', 'generator_138', 'generator_126', 'generator_113', 'generator_141', 'generator_133', 'generator_143', 'generator_112', 'generator_132', 'generator_146', 'generator_112', 'generator_135', 'generator_149', 'generator_150', 'generator_133', 'generator_152', 'generator_135', 'generator_153', 'generator_132', 'generator_81', 'generator_155', 'generator_156', 'generator_157', 'generator_135', 'generator_159', 'generator_160', 'generator_114', 'generator_119', 'generator_163']
number opened: 2
TRIAL 18
Action chosen: (triangle, red)
Outcome: False
partcle ids: ['generator_126', 'generator_137', 'generator_138', 'generator_126', 'generator_113', 'generator_141', 'generator_133', 'generator_143', 'generator_112', 'generator_132', 'generator_146', 'generator_112', 'generator_135', 'generator_149', 'generator_150', 'generator_133', 'generator_152', 'generator_135', 'generator_153', 'generator_132', 'generator_81', 'generator_155', 'generator_156', 'generator_157', 'generator_135', 'generator_159', 'generator_160', 'generator_114', 'generator_119', 'generator_163']
number opened: 2
TRIAL 19
Action chosen: (blue, red)
Outcome: False
partcle ids: ['generator_126', 'generator_137', 'generator_138', 'generator_126', 'generator_113', 'generator_141', 'generator_133', 'generator_143', 'generator_112', 'generator_132', 'generator_146', 'generator_112', 'generator_135', 'generator_149', 'generator_150', 'generator_133', 'generator_152', 'generator_135', 'generator_153', 'generator_132', 'generator_81', 'generator_155', 'generator_156', 'generator_157', 'generator_135', 'generator_159', 'generator_160', 'generator_114', 'generator_119', 'generator_163']
number opened: 2
TRIAL 20
Action chosen: (pink, purple)
Outcome: False
partcle ids: ['generator_164', 'generator_165', 'generator_166', 'generator_167', 'generator_156', 'generator_143', 'generator_170', 'generator_171', 'generator_172', 'generator_173', 'generator_174', 'generator_175', 'generator_176', 'generator_132', 'generator_177', 'generator_178', 'generator_179', 'generator_156', 'generator_181', 'generator_143', 'generator_179', 'generator_166', 'generator_183', 'generator_184', 'generator_185', 'generator_186', 'generator_187', 'generator_153', 'generator_157', 'generator_190']
number opened: 2
TRIAL 21
Action chosen: (grey2, red)
Outcome: False
partcle ids: ['generator_164', 'generator_165', 'generator_166', 'generator_167', 'generator_156', 'generator_143', 'generator_170', 'generator_171', 'generator_172', 'generator_173', 'generator_174', 'generator_175', 'generator_176', 'generator_132', 'generator_177', 'generator_178', 'generator_179', 'generator_156', 'generator_181', 'generator_143', 'generator_179', 'generator_166', 'generator_183', 'generator_184', 'generator_185', 'generator_186', 'generator_187', 'generator_153', 'generator_157', 'generator_190']
number opened: 2
TRIAL 22
Action chosen: (cloud, pink)
Outcome: False
partcle ids: ['generator_164', 'generator_165', 'generator_166', 'generator_167', 'generator_156', 'generator_143', 'generator_170', 'generator_171', 'generator_172', 'generator_173', 'generator_174', 'generator_175', 'generator_176', 'generator_132', 'generator_177', 'generator_178', 'generator_179', 'generator_156', 'generator_181', 'generator_143', 'generator_179', 'generator_166', 'generator_183', 'generator_184', 'generator_185', 'generator_186', 'generator_187', 'generator_153', 'generator_157', 'generator_190']
number opened: 2
TRIAL 23
Action chosen: (cloud, purple)
Outcome: False
partcle ids: ['generator_164', 'generator_165', 'generator_166', 'generator_167', 'generator_156', 'generator_143', 'generator_170', 'generator_171', 'generator_172', 'generator_173', 'generator_174', 'generator_175', 'generator_176', 'generator_132', 'generator_177', 'generator_178', 'generator_179', 'generator_156', 'generator_181', 'generator_143', 'generator_179', 'generator_166', 'generator_183', 'generator_184', 'generator_185', 'generator_186', 'generator_187', 'generator_153', 'generator_157', 'generator_190']
number opened: 2
TRIAL 24
Action chosen: (heart, red)
Outcome: False
partcle ids: ['generator_164', 'generator_165', 'generator_166', 'generator_167', 'generator_156', 'generator_143', 'generator_170', 'generator_171', 'generator_172', 'generator_173', 'generator_174', 'generator_175', 'generator_176', 'generator_132', 'generator_177', 'generator_178', 'generator_179', 'generator_156', 'generator_181', 'generator_143', 'generator_179', 'generator_166', 'generator_183', 'generator_184', 'generator_185', 'generator_186', 'generator_187', 'generator_153', 'generator_157', 'generator_190']
number opened: 2
TRIAL 25
Action chosen: (triangle, red)
Outcome: False
partcle ids: ['generator_181', 'generator_174', 'generator_191', 'generator_192', 'generator_193', 'generator_172', 'generator_173', 'generator_143', 'generator_196', 'generator_174', 'generator_164', 'generator_174', 'generator_200', 'generator_184', 'generator_202', 'generator_184', 'generator_204', 'generator_173', 'generator_206', 'generator_183', 'generator_208', 'generator_209', 'generator_159', 'generator_210', 'generator_186', 'generator_178', 'generator_184', 'generator_184', 'generator_184', 'generator_216']
number opened: 2
TRIAL 26
Action chosen: (grey2, purple)
Outcome: False
partcle ids: ['generator_181', 'generator_174', 'generator_191', 'generator_192', 'generator_193', 'generator_172', 'generator_173', 'generator_143', 'generator_196', 'generator_174', 'generator_164', 'generator_174', 'generator_200', 'generator_184', 'generator_202', 'generator_184', 'generator_204', 'generator_173', 'generator_206', 'generator_183', 'generator_208', 'generator_209', 'generator_159', 'generator_210', 'generator_186', 'generator_178', 'generator_184', 'generator_184', 'generator_184', 'generator_216']
number opened: 2
TRIAL 27
Action chosen: (diamond, red)
Outcome: False
partcle ids: ['generator_181', 'generator_174', 'generator_191', 'generator_192', 'generator_193', 'generator_172', 'generator_173', 'generator_143', 'generator_196', 'generator_174', 'generator_164', 'generator_174', 'generator_200', 'generator_184', 'generator_202', 'generator_184', 'generator_204', 'generator_173', 'generator_206', 'generator_183', 'generator_208', 'generator_209', 'generator_159', 'generator_210', 'generator_186', 'generator_178', 'generator_184', 'generator_184', 'generator_184', 'generator_216']
number opened: 2
TRIAL 28
Action chosen: (white, pink)
Outcome: False
partcle ids: ['generator_181', 'generator_174', 'generator_191', 'generator_192', 'generator_193', 'generator_172', 'generator_173', 'generator_143', 'generator_196', 'generator_174', 'generator_164', 'generator_174', 'generator_200', 'generator_184', 'generator_202', 'generator_184', 'generator_204', 'generator_173', 'generator_206', 'generator_183', 'generator_208', 'generator_209', 'generator_159', 'generator_210', 'generator_186', 'generator_178', 'generator_184', 'generator_184', 'generator_184', 'generator_216']
number opened: 2
TRIAL 29
Action chosen: (red, red)
Outcome: True
partcle ids: ['number_match', 'generator_217', 'generator_218', 'generator_219', 'generator_220', 'generator_221', 'generator_216', 'generator_200', 'generator_217', 'generator_216', 'generator_220', 'generator_200', 'generator_225', 'generator_226', 'generator_227', 'generator_228', 'number_match', 'generator_229', 'generator_184', 'generator_230', 'generator_231', 'generator_232', 'generator_233', 'generator_184', 'generator_184', 'generator_234', 'generator_235', 'generator_216', 'generator_132', 'generator_236']
number opened: 3
TRIAL 30
Action chosen: (green3, purple)
Outcome: True
partcle ids: ['generator_237', 'generator_237', 'generator_238', 'generator_230', 'generator_230', 'generator_237', 'generator_239', 'generator_217', 'generator_230', 'number_match', 'generator_237', 'generator_237', 'generator_217', 'generator_237', 'number_match', 'generator_216', 'generator_240', 'generator_217', 'generator_237', 'number_match', 'number_match', 'generator_237', 'generator_216', 'generator_237', 'generator_240', 'generator_237', 'generator_239', 'generator_217', 'generator_237', 'generator_230']
number opened: 4
TRIAL 31
Action chosen: (triangle, pink)
Outcome: False
partcle ids: ['generator_237', 'generator_237', 'generator_238', 'generator_230', 'generator_230', 'generator_237', 'generator_239', 'generator_217', 'generator_230', 'number_match', 'generator_237', 'generator_237', 'generator_217', 'generator_237', 'number_match', 'generator_216', 'generator_240', 'generator_217', 'generator_237', 'number_match', 'number_match', 'generator_237', 'generator_216', 'generator_237', 'generator_240', 'generator_237', 'generator_239', 'generator_217', 'generator_237', 'generator_230']
number opened: 4
TRIAL 32
Action chosen: (grey2, pink)
Outcome: True
partcle ids: ['number_match', 'number_match', 'number_match', 'number_match', 'number_match', 'number_match', 'number_match', 'number_match', 'number_match', 'number_match', 'number_match', 'number_match', 'number_match', 'number_match', 'number_match', 'number_match', 'number_match', 'number_match', 'number_match', 'number_match', 'number_match', 'number_match', 'number_match', 'number_match', 'number_match', 'number_match', 'number_match', 'number_match', 'number_match', 'number_match']
number opened: 5
{"attempts": 32, "unique_key_box_pairs": 31, "revisit_attempts": 1, "revisit_rate": 0.03225806451612903, "attempts_before_abandoning_color_matching": 0, "color_matching_abandoned": true}
