{"Child_ID": "D095", "SoC_variant": "SoC-Full", "theta": [9, 1], "p_gen": 0.7, "true_prior": 0.02, "run_number": 64, "seed": 6176875868748113045}
TRIAL 1
Action chosen: (red, red)
Outcome: True
partcle ids: ['color_match', 'generator_22', 'similar_color_8', 'generator_14', 'generator_23', 'similar_color_6', 'generator_24', 'generator_25', 'generator_26', 'generator_27', 'similar_color_11', 'generator_28', 'generator_14', 'similar_color_9', 'generator_29', 'similar_color_8', 'generator_30', 'color_match', 'generator_31', 'similar_color_14', 'generator_32', 'generator_33', 'similar_color_12', 'generator_34', 'generator_35', 'generator_36', 'generator_37', 'generator_38', 'generator_39', 'similar_color_5']
number opened: 1
TRIAL 2
Action chosen: (purple, purple)
Outcome: False
partcle ids: ['color_match', 'generator_22', 'similar_color_8', 'generator_14', 'generator_23', 'similar_color_6', 'generator_24', 'generator_25', 'generator_26', 'generator_27', 'similar_color_11', 'generator_28', 'generator_14', 'similar_color_9', 'generator_29', 'similar_color_8', 'generator_30', 'color_match', 'generator_31', 'similar_color_14', 'generator_32', 'generator_33', 'similar_color_12', 'generator_34', 'generator_35', 'generator_36', 'generator_37', 'generator_38', 'generator_39', 'similar_color_5']
number opened: 1
TRIAL 3
Action chosen: (yellow5, pink)
Outcome: False
partcle ids: ['color_match', 'generator_22', 'similar_color_8', 'generator_14', 'generator_23', 'similar_color_6', 'generator_24', 'generator_25', 'generator_26', 'generator_27', 'similar_color_11', 'generator_28', 'generator_14', 'similar_color_9', 'generator_29', 'similar_color_8', 'generator_30', 'color_match', 'generator_31', 'similar_color_14', 'generator_32', 'generator_33', 'similar_color_12', 'generator_34', 'generator_35', 'generator_36', 'generator_37', 'generator_38', 'generator_39', 'similar_color_5']
number opened: 1
TRIAL 4
Action chosen: (heart, white)
Outcome: False
partcle ids: ['color_match', 'generator_22', 'similar_color_8', 'generator_14', 'generator_23', 'similar_color_6', 'generator_24', 'generator_25', 'generator_26', 'generator_27', 'similar_color_11', 'generator_28', 'generator_14', 'similar_color_9', 'generator_29', 'similar_color_8', 'generator_30', 'color_match', 'generator_31', 'similar_color_14', 'generator_32', 'generator_33', 'similar_color_12', 'generator_34', 'generator_35', 'generator_36', 'generator_37', 'generator_38', 'generator_39', 'similar_color_5']
number opened: 1
TRIAL 5
Action chosen: (cloud, pink)
Outcome: False
partcle ids: ['generator_40', 'generator_41', 'generator_42', 'generator_43', 'generator_23', 'generator_45', 'generator_46', 'generator_29', 'generator_47', 'generator_48', 'generator_49', 'generator_50', 'generator_22', 'generator_22', 'generator_31', 'generator_53', 'generator_54', 'generator_55', 'generator_56', 'generator_57', 'generator_58', 'generator_59', 'generator_60', 'generator_61', 'generator_35', 'generator_63', 'generator_64', 'similar_color_1', 'generator_65', 'generator_34']
number opened: 1
TRIAL 6
Action chosen: (grey2, blue)
Outcome: False
partcle ids: ['generator_40', 'generator_41', 'generator_42', 'generator_43', 'generator_23', 'generator_45', 'generator_46', 'generator_29', 'generator_47', 'generator_48', 'generator_49', 'generator_50', 'generator_22', 'generator_22', 'generator_31', 'generator_53', 'generator_54', 'generator_55', 'generator_56', 'generator_57', 'generator_58', 'generator_59', 'generator_60', 'generator_61', 'generator_35', 'generator_63', 'generator_64', 'similar_color_1', 'generator_65', 'generator_34']
number opened: 1
TRIAL 7
Action chosen: (cloud, purple)
Outcome: False
partcle ids: ['generator_40', 'generator_41', 'generator_42', 'generator_43', 'generator_23', 'generator_45', 'generator_46', 'generator_29', 'generator_47', 'generator_48', 'generator_49', 'generator_50', 'generator_22', 'generator_22', 'generator_31', 'generator_53', 'generator_54', 'generator_55', 'generator_56', 'generator_57', 'generator_58', 'generator_59', 'generator_60', 'generator_61', 'generator_35', 'generator_63', 'generator_64', 'similar_color_1', 'generator_65', 'generator_34']
number opened: 1
TRIAL 8
Action chosen: (white, white)
Outcome: False
partcle ids: ['generator_40', 'generator_41', 'generator_42', 'generator_43', 'generator_23', 'generator_45', 'generator_46', 'generator_29', 'generator_47', 'generator_48', 'generator_49', 'generator_50', 'generator_22', 'generator_22', 'generator_31', 'generator_53', 'generator_54', 'generator_55', 'generator_56', 'generator_57', 'generator_58', 'generator_59', 'generator_60', 'generator_61', 'generator_35', 'generator_63', 'generator_64', 'similar_color_1', 'generator_65', 'generator_34']
number opened: 1
TRIAL 9
Action chosen: (grey2, purple)
Outcome: False
partcle ids: ['generator_40', 'generator_41', 'generator_42', 'generator_43', 'generator_23', 'generator_45', 'generator_46', 'generator_29', 'generator_47', 'generator_48', 'generator_49', 'generator_50', 'generator_22', 'generator_22', 'generator_31', 'generator_53', 'generator_54', 'generator_55', 'generator_56', 'generator_57', 'generator_58', 'generator_59', 'generator_60', 'generator_61', 'generator_35', 'generator_63', 'generator_64', 'similar_color_1', 'generator_65', 'generator_34']
number opened: 1
TRIAL 10
Action chosen: (diamond, white)
Outcome: False
partcle ids: ['generator_54', 'generator_56', 'generator_68', 'generator_42', 'generator_58', 'generator_42', 'generator_71', 'generator_72', 'generator_73', 'generator_57', 'generator_54', 'generator_56', 'generator_43', 'generator_58', 'generator_78', 'generator_58', 'generator_80', 'generator_45', 'generator_41', 'generator_81', 'generator_82', 'generator_65', 'generator_84', 'generator_85', 'generator_43', 'generator_86', 'generator_43', 'generator_87', 'generator_88', 'generator_89']
number opened: 1
TRIAL 11
Action chosen: (cloud, white)
Outcome: False
partcle ids: ['generator_54', 'generator_56', 'generator_68', 'generator_42', 'generator_58', 'generator_42', 'generator_71', 'generator_72', 'generator_73', 'generator_57', 'generator_54', 'generator_56', 'generator_43', 'generator_58', 'generator_78', 'generator_58', 'generator_80', 'generator_45', 'generator_41', 'generator_81', 'generator_82', 'generator_65', 'generator_84', 'generator_85', 'generator_43', 'generator_86', 'generator_43', 'generator_87', 'generator_88', 'generator_89']
number opened: 1
TRIAL 12
Action chosen: (heart, purple)
Outcome: False
partcle ids: ['generator_54', 'generator_56', 'generator_68', 'generator_42', 'generator_58', 'generator_42', 'generator_71', 'generator_72', 'generator_73', 'generator_57', 'generator_54', 'generator_56', 'generator_43', 'generator_58', 'generator_78', 'generator_58', 'generator_80', 'generator_45', 'generator_41', 'generator_81', 'generator_82', 'generator_65', 'generator_84', 'generator_85', 'generator_43', 'generator_86', 'generator_43', 'generator_87', 'generator_88', 'generator_89']
number opened: 1
TRIAL 13
Action chosen: (orange4, white)
Outcome: True
partcle ids: ['generator_90', 'generator_91', 'generator_56', 'generator_93', 'generator_56', 'generator_95', 'generator_56', 'generator_97', 'generator_56', 'generator_80', 'generator_100', 'generator_101', 'generator_102', 'generator_103', 'generator_104', 'generator_105', 'generator_106', 'generator_107', 'generator_80', 'generator_109', 'generator_56', 'generator_111', 'generator_56', 'generator_80', 'generator_56', 'generator_80', 'generator_115', 'generator_56', 'generator_117', 'generator_80']
number opened: 2
TRIAL 14
Action chosen: (diamond, pink)
Outcome: False
partcle ids: ['generator_90', 'generator_91', 'generator_56', 'generator_93', 'generator_56', 'generator_95', 'generator_56', 'generator_97', 'generator_56', 'generator_80', 'generator_100', 'generator_101', 'generator_102', 'generator_103', 'generator_104', 'generator_105', 'generator_106', 'generator_107', 'generator_80', 'generator_109', 'generator_56', 'generator_111', 'generator_56', 'generator_80', 'generator_56', 'generator_80', 'generator_115', 'generator_56', 'generator_117', 'generator_80']
number opened: 2
TRIAL 15
Action chosen: (pink, purple)
Outcome: False
partcle ids: ['generator_119', 'generator_120', 'generator_90', 'generator_122', 'generator_123', 'generator_109', 'generator_125', 'generator_95', 'generator_127', 'generator_128', 'generator_113', 'generator_129', 'generator_109', 'generator_95', 'generator_106', 'generator_133', 'generator_100', 'generator_135', 'generator_100', 'generator_137', 'generator_138', 'generator_97', 'generator_56', 'generator_140', 'generator_141', 'generator_142', 'generator_90', 'generator_143', 'generator_144', 'generator_145']
number opened: 2
TRIAL 16
Action chosen: (pink, pink)
Outcome: False
partcle ids: ['generator_119', 'generator_120', 'generator_90', 'generator_122', 'generator_123', 'generator_109', 'generator_125', 'generator_95', 'generator_127', 'generator_128', 'generator_113', 'generator_129', 'generator_109', 'generator_95', 'generator_106', 'generator_133', 'generator_100', 'generator_135', 'generator_100', 'generator_137', 'generator_138', 'generator_97', 'generator_56', 'generator_140', 'generator_141', 'generator_142', 'generator_90', 'generator_143', 'generator_144', 'generator_145']
number opened: 2
TRIAL 17
Action chosen: (green3, purple)
Outcome: True
partcle ids: ['generator_146', 'generator_90', 'generator_144', 'generator_90', 'generator_148', 'generator_90', 'generator_144', 'generator_128', 'generator_90', 'generator_152', 'generator_144', 'generator_123', 'generator_154', 'generator_144', 'generator_128', 'generator_147', 'generator_156', 'generator_90', 'generator_144', 'generator_123', 'generator_159', 'number_match', 'generator_160', 'generator_161', 'generator_128', 'generator_123', 'generator_151', 'generator_135', 'generator_90', 'generator_135']
number opened: 3
TRIAL 18
Action chosen: (triangle, pink)
Outcome: False
partcle ids: ['generator_146', 'generator_90', 'generator_144', 'generator_90', 'generator_148', 'generator_90', 'generator_144', 'generator_128', 'generator_90', 'generator_152', 'generator_144', 'generator_123', 'generator_154', 'generator_144', 'generator_128', 'generator_147', 'generator_156', 'generator_90', 'generator_144', 'generator_123', 'generator_159', 'number_match', 'generator_160', 'generator_161', 'generator_128', 'generator_123', 'generator_151', 'generator_135', 'generator_90', 'generator_135']
number opened: 3
TRIAL 19
Action chosen: (white, blue)
Outcome: False
partcle ids: ['generator_146', 'generator_90', 'generator_144', 'generator_90', 'generator_148', 'generator_90', 'generator_144', 'generator_128', 'generator_90', 'generator_152', 'generator_144', 'generator_123', 'generator_154', 'generator_144', 'generator_128', 'generator_147', 'generator_156', 'generator_90', 'generator_144', 'generator_123', 'generator_159', 'number_match', 'generator_160', 'generator_161', 'generator_128', 'generator_123', 'generator_151', 'generator_135', 'generator_90', 'generator_135']
number opened: 3
TRIAL 20
Action chosen: (yellow5, blue)
Outcome: True
partcle ids: ['number_match', 'generator_123', 'generator_165', 'generator_166', 'generator_165', 'generator_165', 'generator_123', 'generator_123', 'generator_160', 'generator_123', 'number_match', 'number_match', 'generator_123', 'generator_123', 'number_match', 'generator_123', 'generator_123', 'generator_166', 'generator_123', 'generator_123', 'generator_123', 'generator_123', 'generator_165', 'number_match', 'generator_160', 'generator_166', 'generator_148', 'generator_166', 'number_match', 'generator_165']
number opened: 4
TRIAL 21
Action chosen: (heart, pink)
Outcome: False
partcle ids: ['number_match', 'generator_123', 'generator_165', 'generator_166', 'generator_165', 'generator_165', 'generator_123', 'generator_123', 'generator_160', 'generator_123', 'number_match', 'number_match', 'generator_123', 'generator_123', 'number_match', 'generator_123', 'generator_123', 'generator_166', 'generator_123', 'generator_123', 'generator_123', 'generator_123', 'generator_165', 'number_match', 'generator_160', 'generator_166', 'generator_148', 'generator_166', 'number_match', 'generator_165']
number opened: 4
TRIAL 22
Action chosen: (grey2, pink)
Outcome: True
partcle ids: ['number_match', 'number_match', 'number_match', 'number_match', 'number_match', 'number_match', 'number_match', 'number_match', 'number_match', 'number_match', 'number_match', 'number_match', 'number_match', 'number_match', 'number_match', 'number_match', 'number_match', 'number_match', 'number_match', 'number_match', 'number_match', 'number_match', 'number_match', 'number_match', 'number_match', 'number_match', 'number_match', 'number_match', 'number_match', 'number_match']
number opened: 5
{"attempts": 22, "unique_key_box_pairs": 22, "revisit_attempts": 0, "revisit_rate": 0.0, "attempts_before_abandoning_color_matching": 2, "color_matching_abandoned": true}
