{"Child_ID": "D049", "SoC_variant": "SoC-Gen", "theta": [19, 1], "p_gen": 0.6, "true_prior": 0.02, "run_number": 12, "seed": 1494783398522150064}
TRIAL 1
Action chosen: (pink, pink)
Outcome: False
partcle ids: ['similar_color_10', 'generator_1', 'generator_2', 'similar_color_7', 'number_match', 'similar_color_7', 'generator_3', 'generator_4', 'generator_5', 'similar_color_13', 'generator_6', 'generator_7', 'similar_color_13', 'generator_8', 'generator_9', 'similar_color_13', 'similar_color_6', 'shape_match', 'generator_10', 'generator_11', 'similar_color_5', 'similar_color_2', 'generator_12', 'generator_13', 'similar_color_11', 'similar_color_9', 'generator_14', 'similar_color_1', 'similar_color_12', 'generator_15']
number opened: 0
TRIAL 2
Action chosen: (green3, purple)
Outcome: True
partcle ids: ['generator_16', 'generator_17', 'generator_18', 'generator_3', 'generator_20', 'generator_3', 'generator_22', 'generator_23', 'generator_24', 'generator_25', 'generator_26', 'generator_27', 'generator_28', 'generator_29', 'generator_30', 'generator_31', 'generator_7', 'generator_33', 'generator_34', 'generator_35', 'generator_36', 'generator_37', 'generator_38', 'generator_39', 'generator_40', 'generator_6', 'generator_42', 'generator_6', 'generator_6', 'generator_44']
number opened: 1
TRIAL 3
Action chosen: (heart, white)
Outcome: False
partcle ids: ['generator_16', 'generator_17', 'generator_18', 'generator_3', 'generator_20', 'generator_3', 'generator_22', 'generator_23', 'generator_24', 'generator_25', 'generator_26', 'generator_27', 'generator_28', 'generator_29', 'generator_30', 'generator_31', 'generator_7', 'generator_33', 'generator_34', 'generator_35', 'generator_36', 'generator_37', 'generator_38', 'generator_39', 'generator_40', 'generator_6', 'generator_42', 'generator_6', 'generator_6', 'generator_44']
number opened: 1
TRIAL 4
Action chosen: (diamond, blue)
Outcome: False
partcle ids: ['generator_16', 'generator_17', 'generator_18', 'generator_3', 'generator_20', 'generator_3', 'generator_22', 'generator_23', 'generator_24', 'generator_25', 'generator_26', 'generator_27', 'generator_28', 'generator_29', 'generator_30', 'generator_31', 'generator_7', 'generator_33', 'generator_34', 'generator_35', 'generator_36', 'generator_37', 'generator_38', 'generator_39', 'generator_40', 'generator_6', 'generator_42', 'generator_6', 'generator_6', 'generator_44']
number opened: 1
TRIAL 5
Action chosen: (white, white)
Outcome: False
partcle ids: ['generator_45', 'generator_46', 'generator_27', 'generator_48', 'generator_3', 'generator_50', 'generator_51', 'generator_52', 'generator_53', 'generator_54', 'generator_55', 'generator_24', 'generator_56', 'generator_57', 'generator_39', 'generator_58', 'generator_59', 'generator_60', 'generator_3', 'generator_62', 'generator_63', 'generator_22', 'generator_7', 'generator_64', 'generator_22', 'generator_66', 'generator_67', 'generator_3', 'generator_68', 'generator_69']
number opened: 1
TRIAL 6
Action chosen: (yellow5, white)
Outcome: False
partcle ids: ['generator_45', 'generator_46', 'generator_27', 'generator_48', 'generator_3', 'generator_50', 'generator_51', 'generator_52', 'generator_53', 'generator_54', 'generator_55', 'generator_24', 'generator_56', 'generator_57', 'generator_39', 'generator_58', 'generator_59', 'generator_60', 'generator_3', 'generator_62', 'generator_63', 'generator_22', 'generator_7', 'generator_64', 'generator_22', 'generator_66', 'generator_67', 'generator_3', 'generator_68', 'generator_69']
number opened: 1
TRIAL 7
Action chosen: (diamond, white)
Outcome: False
partcle ids: ['generator_45', 'generator_46', 'generator_27', 'generator_48', 'generator_3', 'generator_50', 'generator_51', 'generator_52', 'generator_53', 'generator_54', 'generator_55', 'generator_24', 'generator_56', 'generator_57', 'generator_39', 'generator_58', 'generator_59', 'generator_60', 'generator_3', 'generator_62', 'generator_63', 'generator_22', 'generator_7', 'generator_64', 'generator_22', 'generator_66', 'generator_67', 'generator_3', 'generator_68', 'generator_69']
number opened: 1
TRIAL 8
Action chosen: (pink, white)
Outcome: False
partcle ids: ['generator_45', 'generator_46', 'generator_27', 'generator_48', 'generator_3', 'generator_50', 'generator_51', 'generator_52', 'generator_53', 'generator_54', 'generator_55', 'generator_24', 'generator_56', 'generator_57', 'generator_39', 'generator_58', 'generator_59', 'generator_60', 'generator_3', 'generator_62', 'generator_63', 'generator_22', 'generator_7', 'generator_64', 'generator_22', 'generator_66', 'generator_67', 'generator_3', 'generator_68', 'generator_69']
number opened: 1
TRIAL 9
Action chosen: (blue, pink)
Outcome: False
partcle ids: ['generator_70', 'generator_71', 'generator_66', 'generator_56', 'generator_58', 'generator_75', 'generator_76', 'generator_64', 'generator_78', 'generator_50', 'generator_80', 'generator_81', 'generator_62', 'generator_82', 'generator_59', 'generator_84', 'generator_66', 'generator_86', 'generator_87', 'generator_51', 'generator_59', 'generator_88', 'generator_89', 'generator_90', 'generator_91', 'generator_92', 'generator_64', 'generator_56', 'generator_22', 'generator_46']
number opened: 1
TRIAL 10
Action chosen: (cloud, white)
Outcome: False
partcle ids: ['generator_70', 'generator_71', 'generator_66', 'generator_56', 'generator_58', 'generator_75', 'generator_76', 'generator_64', 'generator_78', 'generator_50', 'generator_80', 'generator_81', 'generator_62', 'generator_82', 'generator_59', 'generator_84', 'generator_66', 'generator_86', 'generator_87', 'generator_51', 'generator_59', 'generator_88', 'generator_89', 'generator_90', 'generator_91', 'generator_92', 'generator_64', 'generator_56', 'generator_22', 'generator_46']
number opened: 1
TRIAL 11
Action chosen: (triangle, white)
Outcome: False
partcle ids: ['generator_70', 'generator_71', 'generator_66', 'generator_56', 'generator_58', 'generator_75', 'generator_76', 'generator_64', 'generator_78', 'generator_50', 'generator_80', 'generator_81', 'generator_62', 'generator_82', 'generator_59', 'generator_84', 'generator_66', 'generator_86', 'generator_87', 'generator_51', 'generator_59', 'generator_88', 'generator_89', 'generator_90', 'generator_91', 'generator_92', 'generator_64', 'generator_56', 'generator_22', 'generator_46']
number opened: 1
TRIAL 12
Action chosen: (heart, pink)
Outcome: False
partcle ids: ['generator_96', 'generator_88', 'generator_90', 'generator_70', 'generator_100', 'generator_88', 'generator_102', 'generator_103', 'generator_104', 'generator_105', 'generator_90', 'generator_59', 'generator_108', 'generator_71', 'generator_87', 'generator_111', 'generator_88', 'generator_113', 'generator_70', 'generator_115', 'generator_116', 'generator_87', 'generator_59', 'generator_119', 'generator_120', 'generator_121', 'generator_122', 'generator_123', 'generator_88', 'generator_59']
number opened: 1
TRIAL 13
Action chosen: (orange4, white)
Outcome: True
partcle ids: ['generator_126', 'generator_127', 'generator_128', 'generator_59', 'generator_128', 'generator_130', 'generator_59', 'generator_70', 'generator_70', 'generator_134', 'generator_135', 'generator_136', 'generator_70', 'generator_138', 'generator_139', 'generator_104', 'generator_141', 'generator_142', 'generator_143', 'generator_144', 'generator_100', 'generator_121', 'generator_147', 'generator_59', 'generator_149', 'generator_150', 'generator_151', 'generator_152', 'generator_153', 'generator_70']
number opened: 2
TRIAL 14
Action chosen: (cloud, pink)
Outcome: False
partcle ids: ['generator_126', 'generator_127', 'generator_128', 'generator_59', 'generator_128', 'generator_130', 'generator_59', 'generator_70', 'generator_70', 'generator_134', 'generator_135', 'generator_136', 'generator_70', 'generator_138', 'generator_139', 'generator_104', 'generator_141', 'generator_142', 'generator_143', 'generator_144', 'generator_100', 'generator_121', 'generator_147', 'generator_59', 'generator_149', 'generator_150', 'generator_151', 'generator_152', 'generator_153', 'generator_70']
number opened: 2
TRIAL 15
Action chosen: (white, pink)
Outcome: False
partcle ids: ['generator_126', 'generator_127', 'generator_128', 'generator_59', 'generator_128', 'generator_130', 'generator_59', 'generator_70', 'generator_70', 'generator_134', 'generator_135', 'generator_136', 'generator_70', 'generator_138', 'generator_139', 'generator_104', 'generator_141', 'generator_142', 'generator_143', 'generator_144', 'generator_100', 'generator_121', 'generator_147', 'generator_59', 'generator_149', 'generator_150', 'generator_151', 'generator_152', 'generator_153', 'generator_70']
number opened: 2
TRIAL 16
Action chosen: (heart, blue)
Outcome: False
partcle ids: ['generator_100', 'generator_153', 'generator_136', 'generator_126', 'generator_158', 'generator_128', 'generator_160', 'generator_161', 'generator_162', 'generator_163', 'generator_128', 'generator_128', 'generator_166', 'generator_128', 'generator_128', 'generator_169', 'generator_144', 'generator_127', 'generator_171', 'generator_172', 'generator_128', 'generator_104', 'generator_174', 'generator_127', 'generator_176', 'generator_136', 'generator_178', 'generator_179', 'generator_180', 'generator_181']
number opened: 2
TRIAL 17
Action chosen: (red, red)
Outcome: True
partcle ids: ['generator_127', 'generator_128', 'generator_162', 'generator_128', 'generator_128', 'generator_128', 'generator_127', 'generator_128', 'generator_128', 'generator_128', 'generator_190', 'generator_162', 'generator_191', 'generator_192', 'generator_193', 'generator_191', 'generator_163', 'generator_127', 'generator_162', 'generator_128', 'generator_128', 'generator_128', 'generator_128', 'generator_199', 'generator_200', 'generator_201', 'generator_128', 'generator_128', 'generator_204', 'generator_205']
number opened: 3
TRIAL 18
Action chosen: (purple, pink)
Outcome: False
partcle ids: ['generator_127', 'generator_128', 'generator_162', 'generator_128', 'generator_128', 'generator_128', 'generator_127', 'generator_128', 'generator_128', 'generator_128', 'generator_190', 'generator_162', 'generator_191', 'generator_192', 'generator_193', 'generator_191', 'generator_163', 'generator_127', 'generator_162', 'generator_128', 'generator_128', 'generator_128', 'generator_128', 'generator_199', 'generator_200', 'generator_201', 'generator_128', 'generator_128', 'generator_204', 'generator_205']
number opened: 3
TRIAL 19
Action chosen: (diamond, pink)
Outcome: False
partcle ids: ['generator_206', 'generator_207', 'generator_162', 'generator_192', 'generator_209', 'generator_162', 'generator_193', 'generator_210', 'generator_190', 'generator_201', 'generator_162', 'generator_163', 'generator_215', 'generator_186', 'generator_162', 'generator_212', 'generator_192', 'generator_201', 'generator_162', 'generator_163', 'generator_217', 'generator_201', 'generator_201', 'generator_201', 'generator_190', 'generator_221', 'generator_222', 'generator_223', 'generator_162', 'generator_189']
number opened: 3
TRIAL 20
Action chosen: (white, blue)
Outcome: False
partcle ids: ['generator_206', 'generator_207', 'generator_162', 'generator_192', 'generator_209', 'generator_162', 'generator_193', 'generator_210', 'generator_190', 'generator_201', 'generator_162', 'generator_163', 'generator_215', 'generator_186', 'generator_162', 'generator_212', 'generator_192', 'generator_201', 'generator_162', 'generator_163', 'generator_217', 'generator_201', 'generator_201', 'generator_201', 'generator_190', 'generator_221', 'generator_222', 'generator_223', 'generator_162', 'generator_189']
number opened: 3
TRIAL 21
Action chosen: (triangle, pink)
Outcome: False
partcle ids: ['generator_192', 'generator_207', 'generator_222', 'generator_225', 'generator_193', 'generator_193', 'generator_221', 'generator_215', 'generator_192', 'generator_221', 'generator_221', 'generator_163', 'generator_228', 'generator_193', 'generator_208', 'generator_162', 'generator_192', 'generator_192', 'generator_230', 'generator_163', 'generator_195', 'generator_207', 'generator_192', 'generator_215', 'generator_163', 'generator_232', 'generator_229', 'generator_192', 'generator_225', 'generator_228']
number opened: 3
TRIAL 22
Action chosen: (grey2, pink)
Outcome: True
partcle ids: ['generator_192', 'generator_207', 'generator_222', 'generator_225', 'generator_193', 'generator_193', 'generator_221', 'generator_215', 'generator_192', 'generator_221', 'generator_221', 'generator_163', 'generator_228', 'generator_193', 'generator_208', 'generator_162', 'generator_192', 'generator_192', 'generator_230', 'generator_163', 'generator_195', 'generator_207', 'generator_192', 'generator_215', 'generator_163', 'generator_232', 'generator_229', 'generator_192', 'generator_225', 'generator_228']
number opened: 4
TRIAL 23
Action chosen: (purple, blue)
Outcome: False
partcle ids: ['generator_221', 'generator_193', 'generator_222', 'generator_193', 'generator_221', 'generator_221', 'generator_163', 'generator_221', 'generator_193', 'generator_222', 'generator_221', 'generator_222', 'number_match', 'generator_163', 'generator_222', 'generator_192', 'number_match', 'generator_222', 'generator_222', 'generator_221', 'generator_163', 'generator_221', 'generator_193', 'generator_163', 'generator_221', 'generator_193', 'generator_222', 'generator_163', 'number_match', 'generator_163']
number opened: 4
TRIAL 24
Action chosen: (cloud, blue)
Outcome: False
partcle ids: ['generator_221', 'generator_193', 'generator_222', 'generator_193', 'generator_221', 'generator_221', 'generator_163', 'generator_221', 'generator_193', 'generator_222', 'generator_221', 'generator_222', 'number_match', 'generator_163', 'generator_222', 'generator_192', 'number_match', 'generator_222', 'generator_222', 'generator_221', 'generator_163', 'generator_221', 'generator_193', 'generator_163', 'generator_221', 'generator_193', 'generator_222', 'generator_163', 'number_match', 'generator_163']
number opened: 4
TRIAL 25
Action chosen: (blue, blue)
Outcome: False
partcle ids: ['generator_221', 'generator_193', 'generator_222', 'generator_193', 'generator_221', 'generator_221', 'generator_163', 'generator_221', 'generator_193', 'generator_222', 'generator_221', 'generator_222', 'number_match', 'generator_163', 'generator_222', 'generator_192', 'number_match', 'generator_222', 'generator_222', 'generator_221', 'generator_163', 'generator_221', 'generator_193', 'generator_163', 'generator_221', 'generator_193', 'generator_222', 'generator_163', 'number_match', 'generator_163']
number opened: 4
TRIAL 26
Action chosen: (triangle, blue)
Outcome: False
partcle ids: ['generator_193', 'number_match', 'number_match', 'generator_192', 'generator_193', 'generator_193', 'number_match', 'generator_193', 'generator_193', 'number_match', 'number_match', 'generator_193', 'number_match', 'generator_233', 'generator_163', 'number_match', 'number_match', 'generator_193', 'number_match', 'number_match', 'number_match', 'generator_163', 'generator_193', 'generator_233', 'generator_193', 'number_match', 'generator_193', 'number_match', 'number_match', 'generator_193']
number opened: 4
TRIAL 27
Action chosen: (yellow5, blue)
Outcome: True
partcle ids: ['number_match', 'number_match', 'number_match', 'number_match', 'number_match', 'number_match', 'number_match', 'number_match', 'number_match', 'number_match', 'number_match', 'number_match', 'number_match', 'number_match', 'number_match', 'number_match', 'number_match', 'number_match', 'number_match', 'number_match', 'number_match', 'number_match', 'number_match', 'number_match', 'number_match', 'number_match', 'number_match', 'number_match', 'number_match', 'number_match']
number opened: 5
{"attempts": 27, "unique_key_box_pairs": 27, "revisit_attempts": 0, "revisit_rate": 0.0, "attempts_before_abandoning_color_matching": 1, "color_matching_abandoned": true}
