{"Child_ID": "D040", "SoC_variant": "SoC-Full", "theta": [1, 3], "p_gen": 0.4, "true_prior": 0.02, "run_number": 73, "seed": 1490109184956320326}
TRIAL 1
Action chosen: (purple, purple)
Outcome: False
partcle ids: ['generator_1', 'order_match', 'generator_2', 'similar_color_11', 'generator_3', 'order_match', 'generator_4', 'similar_color_1', 'generator_5', 'similar_color_4', 'generator_6', 'generator_7', 'generator_8', 'number_match', 'similar_color_13', 'color_match', 'similar_color_7', 'generator_9', 'number_match', 'similar_color_9', 'shape_match', 'similar_color_8', 'generator_10', 'similar_color_13', 'similar_color_6', 'shape_match', 'generator_11', 'similar_color_9', 'similar_color_7', 'similar_color_10']
number opened: 0
TRIAL 2
Action chosen: (purple, purple)
Outcome: False
partcle ids: ['generator_1', 'order_match', 'generator_2', 'similar_color_11', 'generator_3', 'order_match', 'generator_4', 'similar_color_1', 'generator_5', 'similar_color_4', 'generator_6', 'generator_7', 'generator_8', 'number_match', 'similar_color_13', 'color_match', 'similar_color_7', 'generator_9', 'number_match', 'similar_color_9', 'shape_match', 'similar_color_8', 'generator_10', 'similar_color_13', 'similar_color_6', 'shape_match', 'generator_11', 'similar_color_9', 'similar_color_7', 'similar_color_10']
number opened: 0
TRIAL 3
Action chosen: (pink, pink)
Outcome: False
partcle ids: ['generator_1', 'order_match', 'generator_2', 'similar_color_11', 'generator_3', 'order_match', 'generator_4', 'similar_color_1', 'generator_5', 'similar_color_4', 'generator_6', 'generator_7', 'generator_8', 'number_match', 'similar_color_13', 'color_match', 'similar_color_7', 'generator_9', 'number_match', 'similar_color_9', 'shape_match', 'similar_color_8', 'generator_10', 'similar_color_13', 'similar_color_6', 'shape_match', 'generator_11', 'similar_color_9', 'similar_color_7', 'similar_color_10']
number opened: 0
TRIAL 4
Action chosen: (red, red)
Outcome: True
partcle ids: ['generator_1', 'order_match', 'generator_2', 'similar_color_11', 'generator_3', 'order_match', 'generator_4', 'similar_color_1', 'generator_5', 'similar_color_4', 'generator_6', 'generator_7', 'generator_8', 'number_match', 'similar_color_13', 'color_match', 'similar_color_7', 'generator_9', 'number_match', 'similar_color_9', 'shape_match', 'similar_color_8', 'generator_10', 'similar_color_13', 'similar_color_6', 'shape_match', 'generator_11', 'similar_color_9', 'similar_color_7', 'similar_color_10']
number opened: 1
TRIAL 5
Action chosen: (yellow5, blue)
Outcome: True
partcle ids: ['generator_12', 'generator_13', 'generator_14', 'generator_15', 'generator_16', 'generator_17', 'generator_18', 'generator_19', 'generator_20', 'generator_21', 'generator_22', 'number_match', 'generator_23', 'generator_24', 'generator_25', 'generator_26', 'order_match', 'generator_27', 'generator_28', 'generator_29', 'generator_30', 'generator_31', 'generator_32', 'generator_33', 'generator_20', 'generator_34', 'generator_35', 'generator_36', 'generator_37', 'order_match']
number opened: 2
TRIAL 6
Action chosen: (green3, white)
Outcome: False
partcle ids: ['generator_12', 'generator_13', 'generator_14', 'generator_15', 'generator_16', 'generator_17', 'generator_18', 'generator_19', 'generator_20', 'generator_21', 'generator_22', 'number_match', 'generator_23', 'generator_24', 'generator_25', 'generator_26', 'order_match', 'generator_27', 'generator_28', 'generator_29', 'generator_30', 'generator_31', 'generator_32', 'generator_33', 'generator_20', 'generator_34', 'generator_35', 'generator_36', 'generator_37', 'order_match']
number opened: 2
TRIAL 7
Action chosen: (orange4, white)
Outcome: True
partcle ids: ['generator_38', 'generator_39', 'generator_40', 'generator_41', 'generator_42', 'generator_43', 'generator_41', 'generator_44', 'generator_19', 'generator_45', 'generator_46', 'generator_37', 'generator_37', 'generator_48', 'generator_49', 'generator_50', 'generator_16', 'generator_30', 'generator_41', 'generator_51', 'generator_52', 'generator_53', 'generator_54', 'generator_37', 'generator_55', 'generator_56', 'generator_57', 'generator_42', 'generator_48', 'generator_41']
number opened: 3
TRIAL 8
Action chosen: (grey2, purple)
Outcome: False
partcle ids: ['generator_38', 'generator_39', 'generator_40', 'generator_41', 'generator_42', 'generator_43', 'generator_41', 'generator_44', 'generator_19', 'generator_45', 'generator_46', 'generator_37', 'generator_37', 'generator_48', 'generator_49', 'generator_50', 'generator_16', 'generator_30', 'generator_41', 'generator_51', 'generator_52', 'generator_53', 'generator_54', 'generator_37', 'generator_55', 'generator_56', 'generator_57', 'generator_42', 'generator_48', 'generator_41']
number opened: 3
TRIAL 9
Action chosen: (triangle, pink)
Outcome: False
partcle ids: ['generator_38', 'generator_39', 'generator_40', 'generator_41', 'generator_42', 'generator_43', 'generator_41', 'generator_44', 'generator_19', 'generator_45', 'generator_46', 'generator_37', 'generator_37', 'generator_48', 'generator_49', 'generator_50', 'generator_16', 'generator_30', 'generator_41', 'generator_51', 'generator_52', 'generator_53', 'generator_54', 'generator_37', 'generator_55', 'generator_56', 'generator_57', 'generator_42', 'generator_48', 'generator_41']
number opened: 3
TRIAL 10
Action chosen: (grey2, pink)
Outcome: True
partcle ids: ['generator_53', 'generator_53', 'generator_48', 'generator_57', 'generator_57', 'number_match', 'number_match', 'generator_48', 'generator_48', 'generator_57', 'number_match', 'generator_57', 'generator_53', 'generator_59', 'generator_59', 'generator_60', 'generator_60', 'generator_59', 'generator_59', 'generator_48', 'generator_60', 'generator_38', 'generator_48', 'generator_59', 'generator_48', 'generator_60', 'generator_59', 'generator_53', 'generator_48', 'generator_59']
number opened: 4
TRIAL 11
Action chosen: (heart, purple)
Outcome: False
partcle ids: ['generator_53', 'generator_53', 'generator_48', 'generator_57', 'generator_57', 'number_match', 'number_match', 'generator_48', 'generator_48', 'generator_57', 'number_match', 'generator_57', 'generator_53', 'generator_59', 'generator_59', 'generator_60', 'generator_60', 'generator_59', 'generator_59', 'generator_48', 'generator_60', 'generator_38', 'generator_48', 'generator_59', 'generator_48', 'generator_60', 'generator_59', 'generator_53', 'generator_48', 'generator_59']
number opened: 4
TRIAL 12
Action chosen: (triangle, purple)
Outcome: False
partcle ids: ['generator_53', 'generator_53', 'generator_48', 'generator_57', 'generator_57', 'number_match', 'number_match', 'generator_48', 'generator_48', 'generator_57', 'number_match', 'generator_57', 'generator_53', 'generator_59', 'generator_59', 'generator_60', 'generator_60', 'generator_59', 'generator_59', 'generator_48', 'generator_60', 'generator_38', 'generator_48', 'generator_59', 'generator_48', 'generator_60', 'generator_59', 'generator_53', 'generator_48', 'generator_59']
number opened: 4
TRIAL 13
Action chosen: (blue, purple)
Outcome: False
partcle ids: ['generator_53', 'generator_53', 'generator_48', 'generator_57', 'generator_57', 'number_match', 'number_match', 'generator_48', 'generator_48', 'generator_57', 'number_match', 'generator_57', 'generator_53', 'generator_59', 'generator_59', 'generator_60', 'generator_60', 'generator_59', 'generator_59', 'generator_48', 'generator_60', 'generator_38', 'generator_48', 'generator_59', 'generator_48', 'generator_60', 'generator_59', 'generator_53', 'generator_48', 'generator_59']
number opened: 4
TRIAL 14
Action chosen: (cloud, purple)
Outcome: False
partcle ids: ['generator_53', 'generator_53', 'generator_48', 'generator_57', 'generator_57', 'number_match', 'number_match', 'generator_48', 'generator_48', 'generator_57', 'number_match', 'generator_57', 'generator_53', 'generator_59', 'generator_59', 'generator_60', 'generator_60', 'generator_59', 'generator_59', 'generator_48', 'generator_60', 'generator_38', 'generator_48', 'generator_59', 'generator_48', 'generator_60', 'generator_59', 'generator_53', 'generator_48', 'generator_59']
number opened: 4
TRIAL 15
Action chosen: (white, purple)
Outcome: False
partcle ids: ['generator_53', 'generator_53', 'generator_48', 'generator_57', 'generator_57', 'number_match', 'number_match', 'generator_48', 'generator_48', 'generator_57', 'number_match', 'generator_57', 'generator_53', 'generator_59', 'generator_59', 'generator_60', 'generator_60', 'generator_59', 'generator_59', 'generator_48', 'generator_60', 'generator_38', 'generator_48', 'generator_59', 'generator_48', 'generator_60', 'generator_59', 'generator_53', 'generator_48', 'generator_59']
number opened: 4
TRIAL 16
Action chosen: (green3, purple)
Outcome: True
partcle ids: ['number_match', 'number_match', 'number_match', 'number_match', 'number_match', 'number_match', 'number_match', 'number_match', 'number_match', 'number_match', 'number_match', 'number_match', 'number_match', 'number_match', 'number_match', 'number_match', 'number_match', 'number_match', 'number_match', 'number_match', 'number_match', 'number_match', 'number_match', 'number_match', 'number_match', 'number_match', 'number_match', 'number_match', 'number_match', 'number_match']
number opened: 5
{"attempts": 16, "unique_key_box_pairs": 15, "revisit_attempts": 1, "revisit_rate": 0.06666666666666667, "attempts_before_abandoning_color_matching": 4, "color_matching_abandoned": true}
