{"Child_ID": "D045", "SoC_variant": "SoC-Gen", "theta": [19, 1], "p_gen": 0.7, "true_prior": 0.02, "run_number": 77, "seed": 6443914326885064431}
TRIAL 1
Action chosen: (red, red)
Outcome: True
partcle ids: ['generator_24', 'generator_25', 'generator_26', 'color_match', 'generator_27', 'generator_28', 'generator_29', 'generator_30', 'generator_31', 'generator_32', 'generator_33', 'similar_color_6', 'generator_34', 'generator_35', 'generator_36', 'generator_37', 'order_match', 'similar_color_9', 'similar_color_9', 'generator_38', 'generator_39', 'generator_40', 'generator_41', 'generator_42', 'similar_color_3', 'generator_43', 'generator_15', 'generator_44', 'generator_45', 'similar_color_3']
number opened: 1
TRIAL 2
Action chosen: (pink, pink)
Outcome: False
partcle ids: ['generator_24', 'generator_25', 'generator_26', 'color_match', 'generator_27', 'generator_28', 'generator_29', 'generator_30', 'generator_31', 'generator_32', 'generator_33', 'similar_color_6', 'generator_34', 'generator_35', 'generator_36', 'generator_37', 'order_match', 'similar_color_9', 'similar_color_9', 'generator_38', 'generator_39', 'generator_40', 'generator_41', 'generator_42', 'similar_color_3', 'generator_43', 'generator_15', 'generator_44', 'generator_45', 'similar_color_3']
number opened: 1
TRIAL 3
Action chosen: (grey2, pink)
Outcome: True
partcle ids: ['generator_46', 'generator_47', 'generator_48', 'generator_49', 'generator_50', 'generator_51', 'generator_52', 'generator_53', 'generator_54', 'generator_30', 'generator_55', 'generator_56', 'generator_57', 'generator_58', 'generator_59', 'generator_60', 'generator_61', 'generator_62', 'generator_63', 'generator_64', 'generator_65', 'generator_66', 'generator_67', 'generator_68', 'generator_69', 'generator_70', 'generator_71', 'generator_72', 'generator_73', 'generator_27']
number opened: 2
TRIAL 4
Action chosen: (cloud, white)
Outcome: False
partcle ids: ['generator_46', 'generator_47', 'generator_48', 'generator_49', 'generator_50', 'generator_51', 'generator_52', 'generator_53', 'generator_54', 'generator_30', 'generator_55', 'generator_56', 'generator_57', 'generator_58', 'generator_59', 'generator_60', 'generator_61', 'generator_62', 'generator_63', 'generator_64', 'generator_65', 'generator_66', 'generator_67', 'generator_68', 'generator_69', 'generator_70', 'generator_71', 'generator_72', 'generator_73', 'generator_27']
number opened: 2
TRIAL 5
Action chosen: (blue, purple)
Outcome: False
partcle ids: ['generator_46', 'generator_47', 'generator_48', 'generator_49', 'generator_50', 'generator_51', 'generator_52', 'generator_53', 'generator_54', 'generator_30', 'generator_55', 'generator_56', 'generator_57', 'generator_58', 'generator_59', 'generator_60', 'generator_61', 'generator_62', 'generator_63', 'generator_64', 'generator_65', 'generator_66', 'generator_67', 'generator_68', 'generator_69', 'generator_70', 'generator_71', 'generator_72', 'generator_73', 'generator_27']
number opened: 2
TRIAL 6
Action chosen: (cloud, purple)
Outcome: False
partcle ids: ['generator_46', 'generator_47', 'generator_48', 'generator_49', 'generator_50', 'generator_51', 'generator_52', 'generator_53', 'generator_54', 'generator_30', 'generator_55', 'generator_56', 'generator_57', 'generator_58', 'generator_59', 'generator_60', 'generator_61', 'generator_62', 'generator_63', 'generator_64', 'generator_65', 'generator_66', 'generator_67', 'generator_68', 'generator_69', 'generator_70', 'generator_71', 'generator_72', 'generator_73', 'generator_27']
number opened: 2
TRIAL 7
Action chosen: (yellow5, purple)
Outcome: False
partcle ids: ['generator_74', 'generator_75', 'generator_76', 'generator_77', 'generator_78', 'generator_67', 'generator_80', 'generator_52', 'generator_81', 'generator_82', 'generator_83', 'generator_84', 'generator_85', 'generator_86', 'generator_87', 'generator_88', 'generator_52', 'generator_89', 'generator_50', 'generator_91', 'generator_27', 'generator_92', 'generator_93', 'generator_94', 'generator_30', 'generator_96', 'generator_97', 'generator_54', 'generator_48', 'generator_100']
number opened: 2
TRIAL 8
Action chosen: (white, purple)
Outcome: False
partcle ids: ['generator_74', 'generator_75', 'generator_76', 'generator_77', 'generator_78', 'generator_67', 'generator_80', 'generator_52', 'generator_81', 'generator_82', 'generator_83', 'generator_84', 'generator_85', 'generator_86', 'generator_87', 'generator_88', 'generator_52', 'generator_89', 'generator_50', 'generator_91', 'generator_27', 'generator_92', 'generator_93', 'generator_94', 'generator_30', 'generator_96', 'generator_97', 'generator_54', 'generator_48', 'generator_100']
number opened: 2
TRIAL 9
Action chosen: (purple, purple)
Outcome: False
partcle ids: ['generator_74', 'generator_75', 'generator_76', 'generator_77', 'generator_78', 'generator_67', 'generator_80', 'generator_52', 'generator_81', 'generator_82', 'generator_83', 'generator_84', 'generator_85', 'generator_86', 'generator_87', 'generator_88', 'generator_52', 'generator_89', 'generator_50', 'generator_91', 'generator_27', 'generator_92', 'generator_93', 'generator_94', 'generator_30', 'generator_96', 'generator_97', 'generator_54', 'generator_48', 'generator_100']
number opened: 2
TRIAL 10
Action chosen: (diamond, blue)
Outcome: False
partcle ids: ['generator_77', 'generator_74', 'generator_103', 'generator_104', 'generator_105', 'generator_100', 'generator_27', 'generator_93', 'generator_77', 'generator_27', 'generator_110', 'generator_89', 'generator_83', 'generator_113', 'generator_85', 'generator_114', 'generator_115', 'generator_54', 'generator_93', 'generator_83', 'generator_118', 'generator_89', 'generator_93', 'generator_121', 'generator_114', 'generator_122', 'generator_83', 'generator_124', 'generator_78', 'generator_126']
number opened: 2
TRIAL 11
Action chosen: (diamond, purple)
Outcome: False
partcle ids: ['generator_77', 'generator_74', 'generator_103', 'generator_104', 'generator_105', 'generator_100', 'generator_27', 'generator_93', 'generator_77', 'generator_27', 'generator_110', 'generator_89', 'generator_83', 'generator_113', 'generator_85', 'generator_114', 'generator_115', 'generator_54', 'generator_93', 'generator_83', 'generator_118', 'generator_89', 'generator_93', 'generator_121', 'generator_114', 'generator_122', 'generator_83', 'generator_124', 'generator_78', 'generator_126']
number opened: 2
TRIAL 12
Action chosen: (purple, blue)
Outcome: False
partcle ids: ['generator_77', 'generator_74', 'generator_103', 'generator_104', 'generator_105', 'generator_100', 'generator_27', 'generator_93', 'generator_77', 'generator_27', 'generator_110', 'generator_89', 'generator_83', 'generator_113', 'generator_85', 'generator_114', 'generator_115', 'generator_54', 'generator_93', 'generator_83', 'generator_118', 'generator_89', 'generator_93', 'generator_121', 'generator_114', 'generator_122', 'generator_83', 'generator_124', 'generator_78', 'generator_126']
number opened: 2
TRIAL 13
Action chosen: (blue, white)
Outcome: False
partcle ids: ['generator_54', 'generator_83', 'generator_85', 'generator_129', 'generator_54', 'generator_115', 'generator_100', 'generator_83', 'generator_83', 'generator_54', 'generator_135', 'generator_54', 'number_match', 'generator_137', 'generator_115', 'generator_139', 'generator_100', 'generator_100', 'generator_83', 'generator_143', 'generator_83', 'generator_145', 'generator_146', 'generator_147', 'generator_148', 'generator_149', 'generator_85', 'generator_54', 'generator_152', 'generator_115']
number opened: 2
TRIAL 14
Action chosen: (purple, white)
Outcome: False
partcle ids: ['generator_54', 'generator_83', 'generator_85', 'generator_129', 'generator_54', 'generator_115', 'generator_100', 'generator_83', 'generator_83', 'generator_54', 'generator_135', 'generator_54', 'number_match', 'generator_137', 'generator_115', 'generator_139', 'generator_100', 'generator_100', 'generator_83', 'generator_143', 'generator_83', 'generator_145', 'generator_146', 'generator_147', 'generator_148', 'generator_149', 'generator_85', 'generator_54', 'generator_152', 'generator_115']
number opened: 2
TRIAL 15
Action chosen: (green3, purple)
Outcome: True
partcle ids: ['generator_154', 'generator_152', 'generator_83', 'generator_155', 'generator_83', 'generator_156', 'generator_157', 'generator_158', 'generator_159', 'generator_160', 'generator_83', 'generator_162', 'number_match', 'generator_163', 'generator_164', 'generator_145', 'generator_165', 'generator_166', 'generator_156', 'generator_167', 'generator_166', 'generator_168', 'generator_169', 'generator_170', 'generator_83', 'generator_172', 'generator_173', 'generator_83', 'generator_166', 'generator_163']
number opened: 3
TRIAL 16
Action chosen: (blue, blue)
Outcome: False
partcle ids: ['generator_154', 'generator_152', 'generator_83', 'generator_155', 'generator_83', 'generator_156', 'generator_157', 'generator_158', 'generator_159', 'generator_160', 'generator_83', 'generator_162', 'number_match', 'generator_163', 'generator_164', 'generator_145', 'generator_165', 'generator_166', 'generator_156', 'generator_167', 'generator_166', 'generator_168', 'generator_169', 'generator_170', 'generator_83', 'generator_172', 'generator_173', 'generator_83', 'generator_166', 'generator_163']
number opened: 3
TRIAL 17
Action chosen: (orange4, blue)
Outcome: False
partcle ids: ['generator_154', 'generator_152', 'generator_83', 'generator_155', 'generator_83', 'generator_156', 'generator_157', 'generator_158', 'generator_159', 'generator_160', 'generator_83', 'generator_162', 'number_match', 'generator_163', 'generator_164', 'generator_145', 'generator_165', 'generator_166', 'generator_156', 'generator_167', 'generator_166', 'generator_168', 'generator_169', 'generator_170', 'generator_83', 'generator_172', 'generator_173', 'generator_83', 'generator_166', 'generator_163']
number opened: 3
TRIAL 18
Action chosen: (white, blue)
Outcome: False
partcle ids: ['generator_159', 'generator_173', 'generator_78', 'generator_157', 'generator_176', 'generator_177', 'generator_160', 'generator_145', 'generator_179', 'generator_180', 'generator_170', 'generator_159', 'number_match', 'generator_182', 'generator_145', 'generator_184', 'generator_169', 'generator_83', 'generator_159', 'generator_185', 'generator_186', 'generator_159', 'generator_145', 'generator_159', 'generator_155', 'generator_188', 'generator_145', 'generator_190', 'generator_170', 'generator_162']
number opened: 3
TRIAL 19
Action chosen: (pink, blue)
Outcome: False
partcle ids: ['generator_159', 'generator_173', 'generator_78', 'generator_157', 'generator_176', 'generator_177', 'generator_160', 'generator_145', 'generator_179', 'generator_180', 'generator_170', 'generator_159', 'number_match', 'generator_182', 'generator_145', 'generator_184', 'generator_169', 'generator_83', 'generator_159', 'generator_185', 'generator_186', 'generator_159', 'generator_145', 'generator_159', 'generator_155', 'generator_188', 'generator_145', 'generator_190', 'generator_170', 'generator_162']
number opened: 3
TRIAL 20
Action chosen: (heart, blue)
Outcome: False
partcle ids: ['generator_159', 'generator_173', 'generator_78', 'generator_157', 'generator_176', 'generator_177', 'generator_160', 'generator_145', 'generator_179', 'generator_180', 'generator_170', 'generator_159', 'number_match', 'generator_182', 'generator_145', 'generator_184', 'generator_169', 'generator_83', 'generator_159', 'generator_185', 'generator_186', 'generator_159', 'generator_145', 'generator_159', 'generator_155', 'generator_188', 'generator_145', 'generator_190', 'generator_170', 'generator_162']
number opened: 3
TRIAL 21
Action chosen: (yellow5, blue)
Outcome: True
partcle ids: ['generator_182', 'generator_185', 'generator_185', 'generator_180', 'generator_185', 'generator_180', 'generator_191', 'generator_175', 'generator_191', 'generator_169', 'generator_180', 'generator_192', 'generator_169', 'number_match', 'generator_175', 'generator_191', 'number_match', 'generator_169', 'generator_180', 'number_match', 'generator_175', 'generator_180', 'generator_182', 'number_match', 'generator_185', 'generator_169', 'generator_193', 'generator_192', 'generator_180', 'generator_185']
number opened: 4
TRIAL 22
Action chosen: (white, white)
Outcome: False
partcle ids: ['generator_182', 'generator_185', 'generator_185', 'generator_180', 'generator_185', 'generator_180', 'generator_191', 'generator_175', 'generator_191', 'generator_169', 'generator_180', 'generator_192', 'generator_169', 'number_match', 'generator_175', 'generator_191', 'number_match', 'generator_169', 'generator_180', 'number_match', 'generator_175', 'generator_180', 'generator_182', 'number_match', 'generator_185', 'generator_169', 'generator_193', 'generator_192', 'generator_180', 'generator_185']
number opened: 4
TRIAL 23
Action chosen: (heart, white)
Outcome: False
partcle ids: ['generator_182', 'generator_185', 'generator_185', 'generator_180', 'generator_185', 'generator_180', 'generator_191', 'generator_175', 'generator_191', 'generator_169', 'generator_180', 'generator_192', 'generator_169', 'number_match', 'generator_175', 'generator_191', 'number_match', 'generator_169', 'generator_180', 'number_match', 'generator_175', 'generator_180', 'generator_182', 'number_match', 'generator_185', 'generator_169', 'generator_193', 'generator_192', 'generator_180', 'generator_185']
number opened: 4
TRIAL 24
Action chosen: (purple, white)
Outcome: False
partcle ids: ['generator_182', 'generator_185', 'generator_185', 'generator_180', 'generator_185', 'generator_180', 'generator_191', 'generator_175', 'generator_191', 'generator_169', 'generator_180', 'generator_192', 'generator_169', 'number_match', 'generator_175', 'generator_191', 'number_match', 'generator_169', 'generator_180', 'number_match', 'generator_175', 'generator_180', 'generator_182', 'number_match', 'generator_185', 'generator_169', 'generator_193', 'generator_192', 'generator_180', 'generator_185']
number opened: 4
TRIAL 25
Action chosen: (orange4, white)
Outcome: True
partcle ids: ['number_match', 'number_match', 'number_match', 'number_match', 'number_match', 'number_match', 'number_match', 'number_match', 'number_match', 'number_match', 'number_match', 'number_match', 'number_match', 'number_match', 'number_match', 'number_match', 'number_match', 'number_match', 'number_match', 'number_match', 'number_match', 'number_match', 'number_match', 'number_match', 'number_match', 'number_match', 'number_match', 'number_match', 'number_match', 'number_match']
number opened: 5
{"attempts": 25, "unique_key_box_pairs": 24, "revisit_attempts": 1, "revisit_rate": 0.041666666666666664, "attempts_before_abandoning_color_matching": 2, "color_matching_abandoned": true}
