{"Child_ID": "D049", "SoC_variant": "SoC-Full", "theta": [9, 1], "p_gen": 0.7, "true_prior": 0.02, "run_number": 80, "seed": 5509907073940897998}
TRIAL 1
Action chosen: (red, red)
Outcome: True
partcle ids: ['generator_20', 'generator_21', 'similar_color_1', 'similar_color_14', 'generator_22', 'order_match', 'generator_23', 'generator_24', 'similar_color_12', 'generator_25', 'similar_color_1', 'similar_color_3', 'generator_26', 'similar_color_8', 'generator_27', 'similar_color_6', 'number_match', 'generator_28', 'generator_29', 'generator_30', 'generator_31', 'generator_32', 'generator_33', 'generator_34', 'color_match', 'generator_35', 'generator_36', 'similar_color_12', 'generator_37', 'similar_color_9']
number opened: 1
TRIAL 2
Action chosen: (pink, pink)
Outcome: False
partcle ids: ['generator_20', 'generator_21', 'similar_color_1', 'similar_color_14', 'generator_22', 'order_match', 'generator_23', 'generator_24', 'similar_color_12', 'generator_25', 'similar_color_1', 'similar_color_3', 'generator_26', 'similar_color_8', 'generator_27', 'similar_color_6', 'number_match', 'generator_28', 'generator_29', 'generator_30', 'generator_31', 'generator_32', 'generator_33', 'generator_34', 'color_match', 'generator_35', 'generator_36', 'similar_color_12', 'generator_37', 'similar_color_9']
number opened: 1
TRIAL 3
Action chosen: (heart, pink)
Outcome: False
partcle ids: ['generator_20', 'generator_21', 'similar_color_1', 'similar_color_14', 'generator_22', 'order_match', 'generator_23', 'generator_24', 'similar_color_12', 'generator_25', 'similar_color_1', 'similar_color_3', 'generator_26', 'similar_color_8', 'generator_27', 'similar_color_6', 'number_match', 'generator_28', 'generator_29', 'generator_30', 'generator_31', 'generator_32', 'generator_33', 'generator_34', 'color_match', 'generator_35', 'generator_36', 'similar_color_12', 'generator_37', 'similar_color_9']
number opened: 1
TRIAL 4
Action chosen: (green3, blue)
Outcome: False
partcle ids: ['generator_26', 'generator_38', 'generator_39', 'generator_40', 'generator_41', 'generator_42', 'generator_43', 'generator_44', 'generator_45', 'generator_46', 'generator_47', 'generator_48', 'generator_49', 'generator_50', 'generator_51', 'generator_52', 'generator_26', 'generator_31', 'generator_27', 'generator_55', 'generator_56', 'generator_57', 'generator_27', 'generator_23', 'generator_59', 'generator_60', 'generator_61', 'generator_22', 'generator_62', 'generator_63']
number opened: 1
TRIAL 5
Action chosen: (triangle, white)
Outcome: False
partcle ids: ['generator_26', 'generator_38', 'generator_39', 'generator_40', 'generator_41', 'generator_42', 'generator_43', 'generator_44', 'generator_45', 'generator_46', 'generator_47', 'generator_48', 'generator_49', 'generator_50', 'generator_51', 'generator_52', 'generator_26', 'generator_31', 'generator_27', 'generator_55', 'generator_56', 'generator_57', 'generator_27', 'generator_23', 'generator_59', 'generator_60', 'generator_61', 'generator_22', 'generator_62', 'generator_63']
number opened: 1
TRIAL 6
Action chosen: (yellow5, purple)
Outcome: False
partcle ids: ['generator_26', 'generator_38', 'generator_39', 'generator_40', 'generator_41', 'generator_42', 'generator_43', 'generator_44', 'generator_45', 'generator_46', 'generator_47', 'generator_48', 'generator_49', 'generator_50', 'generator_51', 'generator_52', 'generator_26', 'generator_31', 'generator_27', 'generator_55', 'generator_56', 'generator_57', 'generator_27', 'generator_23', 'generator_59', 'generator_60', 'generator_61', 'generator_22', 'generator_62', 'generator_63']
number opened: 1
TRIAL 7
Action chosen: (triangle, blue)
Outcome: False
partcle ids: ['generator_26', 'generator_38', 'generator_39', 'generator_40', 'generator_41', 'generator_42', 'generator_43', 'generator_44', 'generator_45', 'generator_46', 'generator_47', 'generator_48', 'generator_49', 'generator_50', 'generator_51', 'generator_52', 'generator_26', 'generator_31', 'generator_27', 'generator_55', 'generator_56', 'generator_57', 'generator_27', 'generator_23', 'generator_59', 'generator_60', 'generator_61', 'generator_22', 'generator_62', 'generator_63']
number opened: 1
TRIAL 8
Action chosen: (white, white)
Outcome: False
partcle ids: ['generator_64', 'generator_65', 'generator_23', 'generator_52', 'generator_66', 'generator_67', 'generator_52', 'generator_68', 'generator_69', 'generator_70', 'generator_71', 'generator_38', 'generator_50', 'generator_52', 'generator_72', 'generator_60', 'generator_63', 'generator_52', 'generator_75', 'generator_76', 'generator_77', 'generator_45', 'generator_78', 'generator_79', 'generator_61', 'generator_52', 'generator_50', 'generator_50', 'generator_50', 'generator_49']
number opened: 1
TRIAL 9
Action chosen: (blue, white)
Outcome: False
partcle ids: ['generator_64', 'generator_65', 'generator_23', 'generator_52', 'generator_66', 'generator_67', 'generator_52', 'generator_68', 'generator_69', 'generator_70', 'generator_71', 'generator_38', 'generator_50', 'generator_52', 'generator_72', 'generator_60', 'generator_63', 'generator_52', 'generator_75', 'generator_76', 'generator_77', 'generator_45', 'generator_78', 'generator_79', 'generator_61', 'generator_52', 'generator_50', 'generator_50', 'generator_50', 'generator_49']
number opened: 1
TRIAL 10
Action chosen: (grey2, blue)
Outcome: False
partcle ids: ['generator_64', 'generator_65', 'generator_23', 'generator_52', 'generator_66', 'generator_67', 'generator_52', 'generator_68', 'generator_69', 'generator_70', 'generator_71', 'generator_38', 'generator_50', 'generator_52', 'generator_72', 'generator_60', 'generator_63', 'generator_52', 'generator_75', 'generator_76', 'generator_77', 'generator_45', 'generator_78', 'generator_79', 'generator_61', 'generator_52', 'generator_50', 'generator_50', 'generator_50', 'generator_49']
number opened: 1
TRIAL 11
Action chosen: (heart, white)
Outcome: False
partcle ids: ['generator_64', 'generator_65', 'generator_23', 'generator_52', 'generator_66', 'generator_67', 'generator_52', 'generator_68', 'generator_69', 'generator_70', 'generator_71', 'generator_38', 'generator_50', 'generator_52', 'generator_72', 'generator_60', 'generator_63', 'generator_52', 'generator_75', 'generator_76', 'generator_77', 'generator_45', 'generator_78', 'generator_79', 'generator_61', 'generator_52', 'generator_50', 'generator_50', 'generator_50', 'generator_49']
number opened: 1
TRIAL 12
Action chosen: (cloud, purple)
Outcome: False
partcle ids: ['generator_83', 'generator_76', 'generator_79', 'generator_77', 'generator_87', 'generator_88', 'generator_89', 'generator_90', 'generator_50', 'generator_91', 'generator_92', 'generator_71', 'generator_23', 'generator_93', 'generator_60', 'generator_65', 'generator_70', 'generator_38', 'generator_77', 'generator_97', 'generator_60', 'generator_70', 'generator_98', 'generator_70', 'generator_87', 'generator_77', 'generator_52', 'generator_77', 'generator_23', 'generator_102']
number opened: 1
TRIAL 13
Action chosen: (diamond, pink)
Outcome: False
partcle ids: ['generator_83', 'generator_76', 'generator_79', 'generator_77', 'generator_87', 'generator_88', 'generator_89', 'generator_90', 'generator_50', 'generator_91', 'generator_92', 'generator_71', 'generator_23', 'generator_93', 'generator_60', 'generator_65', 'generator_70', 'generator_38', 'generator_77', 'generator_97', 'generator_60', 'generator_70', 'generator_98', 'generator_70', 'generator_87', 'generator_77', 'generator_52', 'generator_77', 'generator_23', 'generator_102']
number opened: 1
TRIAL 14
Action chosen: (green3, white)
Outcome: False
partcle ids: ['generator_83', 'generator_76', 'generator_79', 'generator_77', 'generator_87', 'generator_88', 'generator_89', 'generator_90', 'generator_50', 'generator_91', 'generator_92', 'generator_71', 'generator_23', 'generator_93', 'generator_60', 'generator_65', 'generator_70', 'generator_38', 'generator_77', 'generator_97', 'generator_60', 'generator_70', 'generator_98', 'generator_70', 'generator_87', 'generator_77', 'generator_52', 'generator_77', 'generator_23', 'generator_102']
number opened: 1
TRIAL 15
Action chosen: (pink, purple)
Outcome: False
partcle ids: ['generator_83', 'generator_76', 'generator_79', 'generator_77', 'generator_87', 'generator_88', 'generator_89', 'generator_90', 'generator_50', 'generator_91', 'generator_92', 'generator_71', 'generator_23', 'generator_93', 'generator_60', 'generator_65', 'generator_70', 'generator_38', 'generator_77', 'generator_97', 'generator_60', 'generator_70', 'generator_98', 'generator_70', 'generator_87', 'generator_77', 'generator_52', 'generator_77', 'generator_23', 'generator_102']
number opened: 1
TRIAL 16
Action chosen: (triangle, purple)
Outcome: False
partcle ids: ['generator_83', 'generator_76', 'generator_79', 'generator_77', 'generator_87', 'generator_88', 'generator_89', 'generator_90', 'generator_50', 'generator_91', 'generator_92', 'generator_71', 'generator_23', 'generator_93', 'generator_60', 'generator_65', 'generator_70', 'generator_38', 'generator_77', 'generator_97', 'generator_60', 'generator_70', 'generator_98', 'generator_70', 'generator_87', 'generator_77', 'generator_52', 'generator_77', 'generator_23', 'generator_102']
number opened: 1
TRIAL 17
Action chosen: (blue, purple)
Outcome: False
partcle ids: ['generator_103', 'generator_104', 'generator_65', 'generator_93', 'generator_107', 'generator_77', 'generator_77', 'generator_109', 'generator_70', 'generator_83', 'generator_97', 'generator_111', 'generator_65', 'generator_70', 'generator_114', 'generator_65', 'generator_87', 'generator_116', 'generator_65', 'generator_70', 'generator_83', 'generator_90', 'generator_118', 'generator_97', 'generator_97', 'generator_90', 'generator_70', 'generator_65', 'generator_70', 'generator_52']
number opened: 1
TRIAL 18
Action chosen: (diamond, pink)
Outcome: False
partcle ids: ['generator_103', 'generator_104', 'generator_65', 'generator_93', 'generator_107', 'generator_77', 'generator_77', 'generator_109', 'generator_70', 'generator_83', 'generator_97', 'generator_111', 'generator_65', 'generator_70', 'generator_114', 'generator_65', 'generator_87', 'generator_116', 'generator_65', 'generator_70', 'generator_83', 'generator_90', 'generator_118', 'generator_97', 'generator_97', 'generator_90', 'generator_70', 'generator_65', 'generator_70', 'generator_52']
number opened: 1
TRIAL 19
Action chosen: (diamond, white)
Outcome: False
partcle ids: ['generator_103', 'generator_104', 'generator_65', 'generator_93', 'generator_107', 'generator_77', 'generator_77', 'generator_109', 'generator_70', 'generator_83', 'generator_97', 'generator_111', 'generator_65', 'generator_70', 'generator_114', 'generator_65', 'generator_87', 'generator_116', 'generator_65', 'generator_70', 'generator_83', 'generator_90', 'generator_118', 'generator_97', 'generator_97', 'generator_90', 'generator_70', 'generator_65', 'generator_70', 'generator_52']
number opened: 1
TRIAL 20
Action chosen: (purple, pink)
Outcome: False
partcle ids: ['generator_103', 'generator_104', 'generator_65', 'generator_93', 'generator_107', 'generator_77', 'generator_77', 'generator_109', 'generator_70', 'generator_83', 'generator_97', 'generator_111', 'generator_65', 'generator_70', 'generator_114', 'generator_65', 'generator_87', 'generator_116', 'generator_65', 'generator_70', 'generator_83', 'generator_90', 'generator_118', 'generator_97', 'generator_97', 'generator_90', 'generator_70', 'generator_65', 'generator_70', 'generator_52']
number opened: 1
TRIAL 21
Action chosen: (orange4, white)
Outcome: True
partcle ids: ['generator_104', 'generator_114', 'generator_114', 'generator_126', 'generator_114', 'generator_107', 'generator_114', 'generator_107', 'generator_107', 'generator_132', 'generator_114', 'generator_114', 'generator_114', 'generator_136', 'generator_137', 'generator_138', 'generator_114', 'generator_140', 'generator_107', 'generator_104', 'generator_107', 'generator_114', 'generator_114', 'generator_146', 'generator_104', 'generator_104', 'generator_107', 'generator_104', 'generator_151', 'generator_152']
number opened: 2
TRIAL 22
Action chosen: (pink, blue)
Outcome: False
partcle ids: ['generator_104', 'generator_114', 'generator_114', 'generator_126', 'generator_114', 'generator_107', 'generator_114', 'generator_107', 'generator_107', 'generator_132', 'generator_114', 'generator_114', 'generator_114', 'generator_136', 'generator_137', 'generator_138', 'generator_114', 'generator_140', 'generator_107', 'generator_104', 'generator_107', 'generator_114', 'generator_114', 'generator_146', 'generator_104', 'generator_104', 'generator_107', 'generator_104', 'generator_151', 'generator_152']
number opened: 2
TRIAL 23
Action chosen: (blue, pink)
Outcome: False
partcle ids: ['generator_153', 'generator_137', 'generator_146', 'generator_156', 'generator_136', 'generator_151', 'generator_137', 'generator_136', 'generator_161', 'generator_162', 'generator_163', 'generator_146', 'generator_138', 'generator_166', 'generator_136', 'generator_114', 'generator_137', 'generator_104', 'generator_141', 'generator_104', 'generator_107', 'generator_173', 'generator_146', 'generator_151', 'generator_176', 'generator_177', 'generator_114', 'generator_104', 'generator_152', 'generator_114']
number opened: 2
TRIAL 24
Action chosen: (blue, blue)
Outcome: False
partcle ids: ['generator_153', 'generator_137', 'generator_146', 'generator_156', 'generator_136', 'generator_151', 'generator_137', 'generator_136', 'generator_161', 'generator_162', 'generator_163', 'generator_146', 'generator_138', 'generator_166', 'generator_136', 'generator_114', 'generator_137', 'generator_104', 'generator_141', 'generator_104', 'generator_107', 'generator_173', 'generator_146', 'generator_151', 'generator_176', 'generator_177', 'generator_114', 'generator_104', 'generator_152', 'generator_114']
number opened: 2
TRIAL 25
Action chosen: (cloud, pink)
Outcome: False
partcle ids: ['generator_153', 'generator_137', 'generator_146', 'generator_156', 'generator_136', 'generator_151', 'generator_137', 'generator_136', 'generator_161', 'generator_162', 'generator_163', 'generator_146', 'generator_138', 'generator_166', 'generator_136', 'generator_114', 'generator_137', 'generator_104', 'generator_141', 'generator_104', 'generator_107', 'generator_173', 'generator_146', 'generator_151', 'generator_176', 'generator_177', 'generator_114', 'generator_104', 'generator_152', 'generator_114']
number opened: 2
TRIAL 26
Action chosen: (purple, purple)
Outcome: False
partcle ids: ['generator_153', 'generator_137', 'generator_146', 'generator_156', 'generator_136', 'generator_151', 'generator_137', 'generator_136', 'generator_161', 'generator_162', 'generator_163', 'generator_146', 'generator_138', 'generator_166', 'generator_136', 'generator_114', 'generator_137', 'generator_104', 'generator_141', 'generator_104', 'generator_107', 'generator_173', 'generator_146', 'generator_151', 'generator_176', 'generator_177', 'generator_114', 'generator_104', 'generator_152', 'generator_114']
number opened: 2
TRIAL 27
Action chosen: (grey2, pink)
Outcome: True
partcle ids: ['generator_156', 'generator_183', 'generator_184', 'generator_185', 'generator_156', 'generator_156', 'generator_187', 'generator_188', 'generator_156', 'generator_190', 'generator_191', 'generator_192', 'generator_173', 'generator_193', 'generator_114', 'generator_194', 'generator_195', 'generator_196', 'generator_197', 'generator_198', 'generator_199', 'generator_200', 'generator_156', 'generator_186', 'generator_114', 'generator_201', 'generator_114', 'generator_199', 'generator_202', 'generator_203']
number opened: 3
TRIAL 28
Action chosen: (diamond, purple)
Outcome: False
partcle ids: ['generator_156', 'generator_183', 'generator_184', 'generator_185', 'generator_156', 'generator_156', 'generator_187', 'generator_188', 'generator_156', 'generator_190', 'generator_191', 'generator_192', 'generator_173', 'generator_193', 'generator_114', 'generator_194', 'generator_195', 'generator_196', 'generator_197', 'generator_198', 'generator_199', 'generator_200', 'generator_156', 'generator_186', 'generator_114', 'generator_201', 'generator_114', 'generator_199', 'generator_202', 'generator_203']
number opened: 3
TRIAL 29
Action chosen: (green3, purple)
Outcome: True
partcle ids: ['generator_184', 'generator_191', 'generator_204', 'generator_205', 'generator_191', 'generator_205', 'generator_184', 'generator_206', 'generator_204', 'number_match', 'generator_206', 'generator_184', 'generator_114', 'generator_204', 'generator_184', 'generator_207', 'generator_114', 'number_match', 'generator_204', 'generator_184', 'generator_207', 'number_match', 'generator_191', 'generator_205', 'generator_208', 'generator_208', 'generator_191', 'generator_208', 'generator_184', 'generator_184']
number opened: 4
TRIAL 30
Action chosen: (diamond, blue)
Outcome: False
partcle ids: ['generator_184', 'generator_191', 'generator_204', 'generator_205', 'generator_191', 'generator_205', 'generator_184', 'generator_206', 'generator_204', 'number_match', 'generator_206', 'generator_184', 'generator_114', 'generator_204', 'generator_184', 'generator_207', 'generator_114', 'number_match', 'generator_204', 'generator_184', 'generator_207', 'number_match', 'generator_191', 'generator_205', 'generator_208', 'generator_208', 'generator_191', 'generator_208', 'generator_184', 'generator_184']
number opened: 4
TRIAL 31
Action chosen: (triangle, blue)
Outcome: False
partcle ids: ['generator_184', 'generator_191', 'generator_204', 'generator_205', 'generator_191', 'generator_205', 'generator_184', 'generator_206', 'generator_204', 'number_match', 'generator_206', 'generator_184', 'generator_114', 'generator_204', 'generator_184', 'generator_207', 'generator_114', 'number_match', 'generator_204', 'generator_184', 'generator_207', 'number_match', 'generator_191', 'generator_205', 'generator_208', 'generator_208', 'generator_191', 'generator_208', 'generator_184', 'generator_184']
number opened: 4
TRIAL 32
Action chosen: (blue, blue)
Outcome: False
partcle ids: ['generator_184', 'generator_191', 'generator_204', 'generator_205', 'generator_191', 'generator_205', 'generator_184', 'generator_206', 'generator_204', 'number_match', 'generator_206', 'generator_184', 'generator_114', 'generator_204', 'generator_184', 'generator_207', 'generator_114', 'number_match', 'generator_204', 'generator_184', 'generator_207', 'number_match', 'generator_191', 'generator_205', 'generator_208', 'generator_208', 'generator_191', 'generator_208', 'generator_184', 'generator_184']
number opened: 4
TRIAL 33
Action chosen: (cloud, blue)
Outcome: False
partcle ids: ['generator_184', 'generator_191', 'generator_204', 'generator_205', 'generator_191', 'generator_205', 'generator_184', 'generator_206', 'generator_204', 'number_match', 'generator_206', 'generator_184', 'generator_114', 'generator_204', 'generator_184', 'generator_207', 'generator_114', 'number_match', 'generator_204', 'generator_184', 'generator_207', 'number_match', 'generator_191', 'generator_205', 'generator_208', 'generator_208', 'generator_191', 'generator_208', 'generator_184', 'generator_184']
number opened: 4
TRIAL 34
Action chosen: (heart, blue)
Outcome: False
partcle ids: ['generator_208', 'generator_206', 'generator_205', 'generator_114', 'generator_114', 'generator_206', 'generator_207', 'generator_184', 'number_match', 'number_match', 'generator_206', 'number_match', 'generator_206', 'number_match', 'generator_207', 'number_match', 'generator_114', 'number_match', 'generator_114', 'generator_206', 'generator_114', 'generator_206', 'generator_114', 'number_match', 'number_match', 'generator_207', 'generator_207', 'generator_206', 'number_match', 'generator_206']
number opened: 4
TRIAL 35
Action chosen: (yellow5, blue)
Outcome: True
partcle ids: ['number_match', 'number_match', 'number_match', 'number_match', 'number_match', 'number_match', 'number_match', 'number_match', 'number_match', 'number_match', 'number_match', 'number_match', 'number_match', 'number_match', 'number_match', 'number_match', 'number_match', 'number_match', 'number_match', 'number_match', 'number_match', 'number_match', 'number_match', 'number_match', 'number_match', 'number_match', 'number_match', 'number_match', 'number_match', 'number_match']
number opened: 5
{"attempts": 35, "unique_key_box_pairs": 32, "revisit_attempts": 3, "revisit_rate": 0.08823529411764706, "attempts_before_abandoning_color_matching": 2, "color_matching_abandoned": true}
