{"Child_ID": "D049", "SoC_variant": "SoC-Full", "theta": [9, 1], "p_gen": 0.7, "true_prior": 0.02, "run_number": 76, "seed": 3739302548790921978}
TRIAL 1
Action chosen: (pink, pink)
Outcome: False
partcle ids: ['generator_1', 'generator_2', 'generator_3', 'generator_4', 'generator_5', 'generator_6', 'generator_7', 'number_match', 'generator_8', 'generator_9', 'generator_10', 'similar_color_4', 'generator_11', 'similar_color_3', 'generator_12', 'similar_color_10', 'generator_13', 'generator_14', 'generator_15', 'similar_color_8', 'color_match', 'similar_color_8', 'similar_color_14', 'generator_16', 'generator_17', 'generator_18', 'generator_19', 'similar_color_13', 'generator_20', 'generator_21']
number opened: 0
TRIAL 2
Action chosen: (cloud, white)
Outcome: False
partcle ids: ['generator_1', 'generator_2', 'generator_3', 'generator_4', 'generator_5', 'generator_6', 'generator_7', 'number_match', 'generator_8', 'generator_9', 'generator_10', 'similar_color_4', 'generator_11', 'similar_color_3', 'generator_12', 'similar_color_10', 'generator_13', 'generator_14', 'generator_15', 'similar_color_8', 'color_match', 'similar_color_8', 'similar_color_14', 'generator_16', 'generator_17', 'generator_18', 'generator_19', 'similar_color_13', 'generator_20', 'generator_21']
number opened: 0
TRIAL 3
Action chosen: (diamond, pink)
Outcome: False
partcle ids: ['generator_1', 'generator_2', 'generator_3', 'generator_4', 'generator_5', 'generator_6', 'generator_7', 'number_match', 'generator_8', 'generator_9', 'generator_10', 'similar_color_4', 'generator_11', 'similar_color_3', 'generator_12', 'similar_color_10', 'generator_13', 'generator_14', 'generator_15', 'similar_color_8', 'color_match', 'similar_color_8', 'similar_color_14', 'generator_16', 'generator_17', 'generator_18', 'generator_19', 'similar_color_13', 'generator_20', 'generator_21']
number opened: 0
TRIAL 4
Action chosen: (diamond, white)
Outcome: False
partcle ids: ['generator_22', 'generator_23', 'generator_24', 'generator_25', 'generator_26', 'generator_27', 'generator_28', 'generator_29', 'generator_30', 'generator_31', 'generator_16', 'generator_16', 'generator_13', 'generator_34', 'generator_35', 'generator_36', 'generator_12', 'number_match', 'number_match', 'generator_37', 'generator_38', 'generator_39', 'generator_40', 'generator_13', 'generator_41', 'generator_42', 'generator_43', 'generator_44', 'generator_45', 'generator_19']
number opened: 0
TRIAL 5
Action chosen: (red, pink)
Outcome: False
partcle ids: ['generator_22', 'generator_23', 'generator_24', 'generator_25', 'generator_26', 'generator_27', 'generator_28', 'generator_29', 'generator_30', 'generator_31', 'generator_16', 'generator_16', 'generator_13', 'generator_34', 'generator_35', 'generator_36', 'generator_12', 'number_match', 'number_match', 'generator_37', 'generator_38', 'generator_39', 'generator_40', 'generator_13', 'generator_41', 'generator_42', 'generator_43', 'generator_44', 'generator_45', 'generator_19']
number opened: 0
TRIAL 6
Action chosen: (heart, white)
Outcome: False
partcle ids: ['generator_22', 'generator_23', 'generator_24', 'generator_25', 'generator_26', 'generator_27', 'generator_28', 'generator_29', 'generator_30', 'generator_31', 'generator_16', 'generator_16', 'generator_13', 'generator_34', 'generator_35', 'generator_36', 'generator_12', 'number_match', 'number_match', 'generator_37', 'generator_38', 'generator_39', 'generator_40', 'generator_13', 'generator_41', 'generator_42', 'generator_43', 'generator_44', 'generator_45', 'generator_19']
number opened: 0
TRIAL 7
Action chosen: (orange4, white)
Outcome: True
partcle ids: ['generator_47', 'generator_48', 'generator_49', 'generator_50', 'generator_51', 'generator_52', 'generator_41', 'generator_54', 'generator_45', 'generator_56', 'generator_57', 'generator_58', 'generator_45', 'generator_59', 'generator_60', 'generator_61', 'generator_62', 'generator_63', 'generator_64', 'generator_65', 'number_match', 'generator_66', 'generator_67', 'generator_68', 'generator_45', 'generator_70', 'generator_71', 'generator_41', 'generator_72', 'generator_73']
number opened: 1
TRIAL 8
Action chosen: (heart, blue)
Outcome: False
partcle ids: ['generator_47', 'generator_48', 'generator_49', 'generator_50', 'generator_51', 'generator_52', 'generator_41', 'generator_54', 'generator_45', 'generator_56', 'generator_57', 'generator_58', 'generator_45', 'generator_59', 'generator_60', 'generator_61', 'generator_62', 'generator_63', 'generator_64', 'generator_65', 'number_match', 'generator_66', 'generator_67', 'generator_68', 'generator_45', 'generator_70', 'generator_71', 'generator_41', 'generator_72', 'generator_73']
number opened: 1
TRIAL 9
Action chosen: (yellow5, blue)
Outcome: True
partcle ids: ['generator_74', 'generator_75', 'generator_41', 'generator_76', 'generator_77', 'generator_41', 'generator_60', 'generator_80', 'generator_81', 'generator_82', 'generator_83', 'generator_84', 'generator_85', 'generator_86', 'generator_51', 'generator_41', 'generator_89', 'generator_90', 'generator_91', 'generator_92', 'generator_93', 'generator_94', 'generator_95', 'generator_96', 'generator_97', 'generator_98', 'generator_99', 'number_match', 'generator_51', 'generator_41']
number opened: 2
TRIAL 10
Action chosen: (grey2, pink)
Outcome: True
partcle ids: ['generator_51', 'generator_102', 'generator_103', 'generator_104', 'generator_105', 'generator_106', 'generator_107', 'generator_108', 'generator_109', 'generator_110', 'generator_111', 'generator_110', 'generator_112', 'generator_113', 'generator_113', 'generator_114', 'generator_115', 'generator_116', 'generator_117', 'generator_118', 'generator_119', 'generator_117', 'generator_120', 'generator_121', 'generator_122', 'generator_123', 'generator_124', 'number_match', 'generator_107', 'generator_118']
number opened: 3
TRIAL 11
Action chosen: (triangle, red)
Outcome: False
partcle ids: ['generator_51', 'generator_102', 'generator_103', 'generator_104', 'generator_105', 'generator_106', 'generator_107', 'generator_108', 'generator_109', 'generator_110', 'generator_111', 'generator_110', 'generator_112', 'generator_113', 'generator_113', 'generator_114', 'generator_115', 'generator_116', 'generator_117', 'generator_118', 'generator_119', 'generator_117', 'generator_120', 'generator_121', 'generator_122', 'generator_123', 'generator_124', 'number_match', 'generator_107', 'generator_118']
number opened: 3
TRIAL 12
Action chosen: (diamond, purple)
Outcome: False
partcle ids: ['generator_51', 'generator_102', 'generator_103', 'generator_104', 'generator_105', 'generator_106', 'generator_107', 'generator_108', 'generator_109', 'generator_110', 'generator_111', 'generator_110', 'generator_112', 'generator_113', 'generator_113', 'generator_114', 'generator_115', 'generator_116', 'generator_117', 'generator_118', 'generator_119', 'generator_117', 'generator_120', 'generator_121', 'generator_122', 'generator_123', 'generator_124', 'number_match', 'generator_107', 'generator_118']
number opened: 3
TRIAL 13
Action chosen: (pink, purple)
Outcome: False
partcle ids: ['generator_51', 'generator_102', 'generator_103', 'generator_104', 'generator_105', 'generator_106', 'generator_107', 'generator_108', 'generator_109', 'generator_110', 'generator_111', 'generator_110', 'generator_112', 'generator_113', 'generator_113', 'generator_114', 'generator_115', 'generator_116', 'generator_117', 'generator_118', 'generator_119', 'generator_117', 'generator_120', 'generator_121', 'generator_122', 'generator_123', 'generator_124', 'number_match', 'generator_107', 'generator_118']
number opened: 3
TRIAL 14
Action chosen: (white, purple)
Outcome: False
partcle ids: ['generator_51', 'generator_102', 'generator_103', 'generator_104', 'generator_105', 'generator_106', 'generator_107', 'generator_108', 'generator_109', 'generator_110', 'generator_111', 'generator_110', 'generator_112', 'generator_113', 'generator_113', 'generator_114', 'generator_115', 'generator_116', 'generator_117', 'generator_118', 'generator_119', 'generator_117', 'generator_120', 'generator_121', 'generator_122', 'generator_123', 'generator_124', 'number_match', 'generator_107', 'generator_118']
number opened: 3
TRIAL 15
Action chosen: (diamond, red)
Outcome: False
partcle ids: ['generator_125', 'generator_126', 'generator_115', 'generator_127', 'generator_106', 'number_match', 'generator_51', 'generator_116', 'generator_129', 'generator_130', 'generator_104', 'generator_131', 'generator_132', 'generator_116', 'number_match', 'generator_134', 'generator_135', 'generator_119', 'generator_114', 'generator_111', 'generator_116', 'generator_138', 'generator_129', 'generator_127', 'generator_139', 'generator_140', 'generator_130', 'generator_75', 'generator_107', 'generator_138']
number opened: 3
TRIAL 16
Action chosen: (pink, red)
Outcome: False
partcle ids: ['generator_125', 'generator_126', 'generator_115', 'generator_127', 'generator_106', 'number_match', 'generator_51', 'generator_116', 'generator_129', 'generator_130', 'generator_104', 'generator_131', 'generator_132', 'generator_116', 'number_match', 'generator_134', 'generator_135', 'generator_119', 'generator_114', 'generator_111', 'generator_116', 'generator_138', 'generator_129', 'generator_127', 'generator_139', 'generator_140', 'generator_130', 'generator_75', 'generator_107', 'generator_138']
number opened: 3
TRIAL 17
Action chosen: (cloud, red)
Outcome: False
partcle ids: ['generator_125', 'generator_126', 'generator_115', 'generator_127', 'generator_106', 'number_match', 'generator_51', 'generator_116', 'generator_129', 'generator_130', 'generator_104', 'generator_131', 'generator_132', 'generator_116', 'number_match', 'generator_134', 'generator_135', 'generator_119', 'generator_114', 'generator_111', 'generator_116', 'generator_138', 'generator_129', 'generator_127', 'generator_139', 'generator_140', 'generator_130', 'generator_75', 'generator_107', 'generator_138']
number opened: 3
TRIAL 18
Action chosen: (red, red)
Outcome: True
partcle ids: ['generator_141', 'generator_104', 'generator_104', 'generator_141', 'generator_142', 'generator_142', 'generator_104', 'generator_138', 'number_match', 'number_match', 'number_match', 'number_match', 'generator_142', 'generator_104', 'generator_138', 'number_match', 'generator_138', 'generator_138', 'generator_138', 'generator_141', 'number_match', 'number_match', 'generator_138', 'generator_104', 'generator_142', 'number_match', 'generator_104', 'generator_144', 'generator_138', 'generator_141']
number opened: 4
TRIAL 19
Action chosen: (green3, purple)
Outcome: True
partcle ids: ['number_match', 'number_match', 'number_match', 'number_match', 'number_match', 'number_match', 'number_match', 'number_match', 'number_match', 'number_match', 'number_match', 'number_match', 'number_match', 'number_match', 'number_match', 'number_match', 'number_match', 'number_match', 'number_match', 'number_match', 'number_match', 'number_match', 'number_match', 'number_match', 'number_match', 'number_match', 'number_match', 'number_match', 'number_match', 'number_match']
number opened: 5
{"attempts": 19, "unique_key_box_pairs": 19, "revisit_attempts": 0, "revisit_rate": 0.0, "attempts_before_abandoning_color_matching": 1, "color_matching_abandoned": true}
