{"Child_ID": "D019", "SoC_variant": "SoC-Full", "theta": [1, 3], "p_gen": 0.7, "true_prior": 0.02, "run_number": 13, "seed": 9115763910517563590}
TRIAL 1
Action chosen: (purple, purple)
Outcome: False
partcle ids: ['generator_1', 'generator_2', 'generator_3', 'generator_4', 'similar_color_12', 'generator_5', 'generator_6', 'order_match', 'generator_7', 'generator_8', 'similar_color_3', 'generator_9', 'generator_10', 'similar_color_14', 'generator_11', 'similar_color_14', 'similar_color_9', 'generator_12', 'generator_13', 'generator_14', 'generator_15', 'similar_color_4', 'similar_color_9', 'generator_16', 'generator_17', 'generator_18', 'generator_19', 'similar_color_9', 'generator_20', 'generator_21']
number opened: 0
TRIAL 2
Action chosen: (red, red)
Outcome: True
partcle ids: ['generator_22', 'generator_23', 'generator_24', 'generator_25', 'generator_26', 'generator_27', 'similar_color_5', 'generator_4', 'generator_28', 'generator_29', 'generator_30', 'generator_14', 'generator_31', 'generator_8', 'generator_32', 'color_match', 'generator_33', 'generator_8', 'generator_34', 'generator_35', 'generator_14', 'generator_36', 'generator_37', 'generator_38', 'generator_8', 'generator_39', 'generator_40', 'generator_41', 'generator_42', 'color_match']
number opened: 1
TRIAL 3
Action chosen: (triangle, purple)
Outcome: False
partcle ids: ['generator_22', 'generator_23', 'generator_24', 'generator_25', 'generator_26', 'generator_27', 'similar_color_5', 'generator_4', 'generator_28', 'generator_29', 'generator_30', 'generator_14', 'generator_31', 'generator_8', 'generator_32', 'color_match', 'generator_33', 'generator_8', 'generator_34', 'generator_35', 'generator_14', 'generator_36', 'generator_37', 'generator_38', 'generator_8', 'generator_39', 'generator_40', 'generator_41', 'generator_42', 'color_match']
number opened: 1
TRIAL 4
Action chosen: (white, white)
Outcome: False
partcle ids: ['generator_22', 'generator_23', 'generator_24', 'generator_25', 'generator_26', 'generator_27', 'similar_color_5', 'generator_4', 'generator_28', 'generator_29', 'generator_30', 'generator_14', 'generator_31', 'generator_8', 'generator_32', 'color_match', 'generator_33', 'generator_8', 'generator_34', 'generator_35', 'generator_14', 'generator_36', 'generator_37', 'generator_38', 'generator_8', 'generator_39', 'generator_40', 'generator_41', 'generator_42', 'color_match']
number opened: 1
TRIAL 5
Action chosen: (green3, blue)
Outcome: False
partcle ids: ['generator_22', 'generator_23', 'generator_24', 'generator_25', 'generator_26', 'generator_27', 'similar_color_5', 'generator_4', 'generator_28', 'generator_29', 'generator_30', 'generator_14', 'generator_31', 'generator_8', 'generator_32', 'color_match', 'generator_33', 'generator_8', 'generator_34', 'generator_35', 'generator_14', 'generator_36', 'generator_37', 'generator_38', 'generator_8', 'generator_39', 'generator_40', 'generator_41', 'generator_42', 'color_match']
number opened: 1
TRIAL 6
Action chosen: (triangle, purple)
Outcome: False
partcle ids: ['generator_22', 'generator_23', 'generator_24', 'generator_25', 'generator_26', 'generator_27', 'similar_color_5', 'generator_4', 'generator_28', 'generator_29', 'generator_30', 'generator_14', 'generator_31', 'generator_8', 'generator_32', 'color_match', 'generator_33', 'generator_8', 'generator_34', 'generator_35', 'generator_14', 'generator_36', 'generator_37', 'generator_38', 'generator_8', 'generator_39', 'generator_40', 'generator_41', 'generator_42', 'color_match']
number opened: 1
TRIAL 7
Action chosen: (green3, purple)
Outcome: True
partcle ids: ['generator_43', 'generator_44', 'generator_45', 'generator_46', 'generator_47', 'generator_48', 'generator_49', 'generator_50', 'generator_51', 'generator_52', 'generator_53', 'generator_54', 'generator_31', 'generator_55', 'generator_56', 'generator_57', 'generator_58', 'generator_59', 'generator_60', 'generator_61', 'generator_62', 'generator_63', 'generator_64', 'generator_65', 'generator_66', 'generator_42', 'generator_68', 'generator_69', 'generator_70', 'generator_71']
number opened: 2
TRIAL 8
Action chosen: (yellow5, white)
Outcome: False
partcle ids: ['generator_43', 'generator_44', 'generator_45', 'generator_46', 'generator_47', 'generator_48', 'generator_49', 'generator_50', 'generator_51', 'generator_52', 'generator_53', 'generator_54', 'generator_31', 'generator_55', 'generator_56', 'generator_57', 'generator_58', 'generator_59', 'generator_60', 'generator_61', 'generator_62', 'generator_63', 'generator_64', 'generator_65', 'generator_66', 'generator_42', 'generator_68', 'generator_69', 'generator_70', 'generator_71']
number opened: 2
TRIAL 9
Action chosen: (heart, pink)
Outcome: False
partcle ids: ['generator_43', 'generator_44', 'generator_45', 'generator_46', 'generator_47', 'generator_48', 'generator_49', 'generator_50', 'generator_51', 'generator_52', 'generator_53', 'generator_54', 'generator_31', 'generator_55', 'generator_56', 'generator_57', 'generator_58', 'generator_59', 'generator_60', 'generator_61', 'generator_62', 'generator_63', 'generator_64', 'generator_65', 'generator_66', 'generator_42', 'generator_68', 'generator_69', 'generator_70', 'generator_71']
number opened: 2
TRIAL 10
Action chosen: (diamond, pink)
Outcome: False
partcle ids: ['generator_43', 'generator_44', 'generator_45', 'generator_46', 'generator_47', 'generator_48', 'generator_49', 'generator_50', 'generator_51', 'generator_52', 'generator_53', 'generator_54', 'generator_31', 'generator_55', 'generator_56', 'generator_57', 'generator_58', 'generator_59', 'generator_60', 'generator_61', 'generator_62', 'generator_63', 'generator_64', 'generator_65', 'generator_66', 'generator_42', 'generator_68', 'generator_69', 'generator_70', 'generator_71']
number opened: 2
TRIAL 11
Action chosen: (cloud, white)
Outcome: False
partcle ids: ['generator_43', 'generator_44', 'generator_45', 'generator_46', 'generator_47', 'generator_48', 'generator_49', 'generator_50', 'generator_51', 'generator_52', 'generator_53', 'generator_54', 'generator_31', 'generator_55', 'generator_56', 'generator_57', 'generator_58', 'generator_59', 'generator_60', 'generator_61', 'generator_62', 'generator_63', 'generator_64', 'generator_65', 'generator_66', 'generator_42', 'generator_68', 'generator_69', 'generator_70', 'generator_71']
number opened: 2
TRIAL 12
Action chosen: (pink, blue)
Outcome: False
partcle ids: ['generator_43', 'generator_44', 'generator_45', 'generator_46', 'generator_47', 'generator_48', 'generator_49', 'generator_50', 'generator_51', 'generator_52', 'generator_53', 'generator_54', 'generator_31', 'generator_55', 'generator_56', 'generator_57', 'generator_58', 'generator_59', 'generator_60', 'generator_61', 'generator_62', 'generator_63', 'generator_64', 'generator_65', 'generator_66', 'generator_42', 'generator_68', 'generator_69', 'generator_70', 'generator_71']
number opened: 2
TRIAL 13
Action chosen: (orange4, pink)
Outcome: False
partcle ids: ['generator_43', 'generator_44', 'generator_45', 'generator_46', 'generator_47', 'generator_48', 'generator_49', 'generator_50', 'generator_51', 'generator_52', 'generator_53', 'generator_54', 'generator_31', 'generator_55', 'generator_56', 'generator_57', 'generator_58', 'generator_59', 'generator_60', 'generator_61', 'generator_62', 'generator_63', 'generator_64', 'generator_65', 'generator_66', 'generator_42', 'generator_68', 'generator_69', 'generator_70', 'generator_71']
number opened: 2
TRIAL 14
Action chosen: (diamond, white)
Outcome: False
partcle ids: ['generator_43', 'generator_44', 'generator_45', 'generator_46', 'generator_47', 'generator_48', 'generator_49', 'generator_50', 'generator_51', 'generator_52', 'generator_53', 'generator_54', 'generator_31', 'generator_55', 'generator_56', 'generator_57', 'generator_58', 'generator_59', 'generator_60', 'generator_61', 'generator_62', 'generator_63', 'generator_64', 'generator_65', 'generator_66', 'generator_42', 'generator_68', 'generator_69', 'generator_70', 'generator_71']
number opened: 2
TRIAL 15
Action chosen: (triangle, white)
Outcome: False
partcle ids: ['generator_43', 'generator_44', 'generator_45', 'generator_46', 'generator_47', 'generator_48', 'generator_49', 'generator_50', 'generator_51', 'generator_52', 'generator_53', 'generator_54', 'generator_31', 'generator_55', 'generator_56', 'generator_57', 'generator_58', 'generator_59', 'generator_60', 'generator_61', 'generator_62', 'generator_63', 'generator_64', 'generator_65', 'generator_66', 'generator_42', 'generator_68', 'generator_69', 'generator_70', 'generator_71']
number opened: 2
TRIAL 16
Action chosen: (diamond, pink)
Outcome: False
partcle ids: ['generator_43', 'generator_44', 'generator_45', 'generator_46', 'generator_47', 'generator_48', 'generator_49', 'generator_50', 'generator_51', 'generator_52', 'generator_53', 'generator_54', 'generator_31', 'generator_55', 'generator_56', 'generator_57', 'generator_58', 'generator_59', 'generator_60', 'generator_61', 'generator_62', 'generator_63', 'generator_64', 'generator_65', 'generator_66', 'generator_42', 'generator_68', 'generator_69', 'generator_70', 'generator_71']
number opened: 2
TRIAL 17
Action chosen: (yellow5, pink)
Outcome: False
partcle ids: ['generator_43', 'generator_44', 'generator_45', 'generator_46', 'generator_47', 'generator_48', 'generator_49', 'generator_50', 'generator_51', 'generator_52', 'generator_53', 'generator_54', 'generator_31', 'generator_55', 'generator_56', 'generator_57', 'generator_58', 'generator_59', 'generator_60', 'generator_61', 'generator_62', 'generator_63', 'generator_64', 'generator_65', 'generator_66', 'generator_42', 'generator_68', 'generator_69', 'generator_70', 'generator_71']
number opened: 2
TRIAL 18
Action chosen: (triangle, pink)
Outcome: False
partcle ids: ['generator_43', 'generator_44', 'generator_45', 'generator_46', 'generator_47', 'generator_48', 'generator_49', 'generator_50', 'generator_51', 'generator_52', 'generator_53', 'generator_54', 'generator_31', 'generator_55', 'generator_56', 'generator_57', 'generator_58', 'generator_59', 'generator_60', 'generator_61', 'generator_62', 'generator_63', 'generator_64', 'generator_65', 'generator_66', 'generator_42', 'generator_68', 'generator_69', 'generator_70', 'generator_71']
number opened: 2
TRIAL 19
Action chosen: (cloud, white)
Outcome: False
partcle ids: ['generator_43', 'generator_44', 'generator_45', 'generator_46', 'generator_47', 'generator_48', 'generator_49', 'generator_50', 'generator_51', 'generator_52', 'generator_53', 'generator_54', 'generator_31', 'generator_55', 'generator_56', 'generator_57', 'generator_58', 'generator_59', 'generator_60', 'generator_61', 'generator_62', 'generator_63', 'generator_64', 'generator_65', 'generator_66', 'generator_42', 'generator_68', 'generator_69', 'generator_70', 'generator_71']
number opened: 2
TRIAL 20
Action chosen: (orange4, pink)
Outcome: False
partcle ids: ['generator_43', 'generator_44', 'generator_45', 'generator_46', 'generator_47', 'generator_48', 'generator_49', 'generator_50', 'generator_51', 'generator_52', 'generator_53', 'generator_54', 'generator_31', 'generator_55', 'generator_56', 'generator_57', 'generator_58', 'generator_59', 'generator_60', 'generator_61', 'generator_62', 'generator_63', 'generator_64', 'generator_65', 'generator_66', 'generator_42', 'generator_68', 'generator_69', 'generator_70', 'generator_71']
number opened: 2
TRIAL 21
Action chosen: (orange4, blue)
Outcome: False
partcle ids: ['generator_43', 'generator_44', 'generator_45', 'generator_46', 'generator_47', 'generator_48', 'generator_49', 'generator_50', 'generator_51', 'generator_52', 'generator_53', 'generator_54', 'generator_31', 'generator_55', 'generator_56', 'generator_57', 'generator_58', 'generator_59', 'generator_60', 'generator_61', 'generator_62', 'generator_63', 'generator_64', 'generator_65', 'generator_66', 'generator_42', 'generator_68', 'generator_69', 'generator_70', 'generator_71']
number opened: 2
TRIAL 22
Action chosen: (grey2, pink)
Outcome: True
partcle ids: ['number_match', 'generator_72', 'generator_73', 'generator_74', 'generator_34', 'generator_75', 'generator_76', 'generator_57', 'generator_78', 'generator_79', 'generator_80', 'generator_81', 'generator_82', 'generator_83', 'generator_84', 'generator_57', 'generator_82', 'generator_85', 'generator_82', 'generator_86', 'generator_34', 'generator_75', 'generator_78', 'generator_87', 'generator_88', 'generator_89', 'generator_90', 'generator_73', 'generator_91', 'generator_57']
number opened: 3
TRIAL 23
Action chosen: (orange4, white)
Outcome: True
partcle ids: ['generator_93', 'generator_94', 'number_match', 'generator_34', 'generator_95', 'number_match', 'generator_96', 'generator_93', 'generator_95', 'generator_89', 'generator_34', 'generator_94', 'number_match', 'generator_73', 'generator_89', 'number_match', 'generator_73', 'generator_89', 'generator_93', 'generator_93', 'generator_73', 'generator_89', 'generator_34', 'number_match', 'generator_94', 'generator_96', 'generator_73', 'generator_34', 'generator_89', 'number_match']
number opened: 4
TRIAL 24
Action chosen: (yellow5, blue)
Outcome: True
partcle ids: ['number_match', 'number_match', 'number_match', 'number_match', 'number_match', 'number_match', 'number_match', 'number_match', 'number_match', 'number_match', 'number_match', 'number_match', 'number_match', 'number_match', 'number_match', 'number_match', 'number_match', 'number_match', 'number_match', 'number_match', 'number_match', 'number_match', 'number_match', 'number_match', 'number_match', 'number_match', 'number_match', 'number_match', 'number_match', 'number_match']
number opened: 5
{"attempts": 24, "unique_key_box_pairs": 20, "revisit_attempts": 4, "revisit_rate": 0.17391304347826086, "attempts_before_abandoning_color_matching": 2, "color_matching_abandoned": true}
