{"Child_ID": "D093", "SoC_variant": "SoC-Full", "theta": [1, 3], "p_gen": 0.3, "true_prior": 0.02, "run_number": 85, "seed": 1584498710567826939}
TRIAL 1
Action chosen: (blue, blue)
Outcome: False
partcle ids: ['similar_color_7', 'similar_color_4', 'similar_color_2', 'generator_1', 'generator_2', 'generator_3', 'color_match', 'similar_color_10', 'generator_4', 'similar_color_6', 'number_match', 'similar_color_2', 'color_match', 'generator_5', 'similar_color_1', 'generator_6', 'similar_color_4', 'similar_color_12', 'similar_color_8', 'similar_color_5', 'generator_7', 'generator_8', 'similar_color_11', 'similar_color_8', 'number_match', 'generator_9', 'similar_color_6', 'similar_color_12', 'similar_color_5', 'similar_color_7']
number opened: 0
TRIAL 2
Action chosen: (heart, blue)
Outcome: False
partcle ids: ['similar_color_7', 'similar_color_4', 'similar_color_2', 'generator_1', 'generator_2', 'generator_3', 'color_match', 'similar_color_10', 'generator_4', 'similar_color_6', 'number_match', 'similar_color_2', 'color_match', 'generator_5', 'similar_color_1', 'generator_6', 'similar_color_4', 'similar_color_12', 'similar_color_8', 'similar_color_5', 'generator_7', 'generator_8', 'similar_color_11', 'similar_color_8', 'number_match', 'generator_9', 'similar_color_6', 'similar_color_12', 'similar_color_5', 'similar_color_7']
number opened: 0
TRIAL 3
Action chosen: (blue, blue)
Outcome: False
partcle ids: ['similar_color_7', 'similar_color_4', 'similar_color_2', 'generator_1', 'generator_2', 'generator_3', 'color_match', 'similar_color_10', 'generator_4', 'similar_color_6', 'number_match', 'similar_color_2', 'color_match', 'generator_5', 'similar_color_1', 'generator_6', 'similar_color_4', 'similar_color_12', 'similar_color_8', 'similar_color_5', 'generator_7', 'generator_8', 'similar_color_11', 'similar_color_8', 'number_match', 'generator_9', 'similar_color_6', 'similar_color_12', 'similar_color_5', 'similar_color_7']
number opened: 0
TRIAL 4
Action chosen: (yellow5, white)
Outcome: False
partcle ids: ['similar_color_7', 'similar_color_4', 'similar_color_2', 'generator_1', 'generator_2', 'generator_3', 'color_match', 'similar_color_10', 'generator_4', 'similar_color_6', 'number_match', 'similar_color_2', 'color_match', 'generator_5', 'similar_color_1', 'generator_6', 'similar_color_4', 'similar_color_12', 'similar_color_8', 'similar_color_5', 'generator_7', 'generator_8', 'similar_color_11', 'similar_color_8', 'number_match', 'generator_9', 'similar_color_6', 'similar_color_12', 'similar_color_5', 'similar_color_7']
number opened: 0
TRIAL 5
Action chosen: (triangle, white)
Outcome: False
partcle ids: ['similar_color_7', 'similar_color_4', 'similar_color_2', 'generator_1', 'generator_2', 'generator_3', 'color_match', 'similar_color_10', 'generator_4', 'similar_color_6', 'number_match', 'similar_color_2', 'color_match', 'generator_5', 'similar_color_1', 'generator_6', 'similar_color_4', 'similar_color_12', 'similar_color_8', 'similar_color_5', 'generator_7', 'generator_8', 'similar_color_11', 'similar_color_8', 'number_match', 'generator_9', 'similar_color_6', 'similar_color_12', 'similar_color_5', 'similar_color_7']
number opened: 0
TRIAL 6
Action chosen: (heart, blue)
Outcome: False
partcle ids: ['similar_color_7', 'similar_color_4', 'similar_color_2', 'generator_1', 'generator_2', 'generator_3', 'color_match', 'similar_color_10', 'generator_4', 'similar_color_6', 'number_match', 'similar_color_2', 'color_match', 'generator_5', 'similar_color_1', 'generator_6', 'similar_color_4', 'similar_color_12', 'similar_color_8', 'similar_color_5', 'generator_7', 'generator_8', 'similar_color_11', 'similar_color_8', 'number_match', 'generator_9', 'similar_color_6', 'similar_color_12', 'similar_color_5', 'similar_color_7']
number opened: 0
TRIAL 7
Action chosen: (blue, blue)
Outcome: False
partcle ids: ['similar_color_7', 'similar_color_4', 'similar_color_2', 'generator_1', 'generator_2', 'generator_3', 'color_match', 'similar_color_10', 'generator_4', 'similar_color_6', 'number_match', 'similar_color_2', 'color_match', 'generator_5', 'similar_color_1', 'generator_6', 'similar_color_4', 'similar_color_12', 'similar_color_8', 'similar_color_5', 'generator_7', 'generator_8', 'similar_color_11', 'similar_color_8', 'number_match', 'generator_9', 'similar_color_6', 'similar_color_12', 'similar_color_5', 'similar_color_7']
number opened: 0
TRIAL 8
Action chosen: (green3, blue)
Outcome: False
partcle ids: ['similar_color_7', 'similar_color_4', 'similar_color_2', 'generator_1', 'generator_2', 'generator_3', 'color_match', 'similar_color_10', 'generator_4', 'similar_color_6', 'number_match', 'similar_color_2', 'color_match', 'generator_5', 'similar_color_1', 'generator_6', 'similar_color_4', 'similar_color_12', 'similar_color_8', 'similar_color_5', 'generator_7', 'generator_8', 'similar_color_11', 'similar_color_8', 'number_match', 'generator_9', 'similar_color_6', 'similar_color_12', 'similar_color_5', 'similar_color_7']
number opened: 0
TRIAL 9
Action chosen: (purple, purple)
Outcome: False
partcle ids: ['similar_color_7', 'similar_color_4', 'similar_color_2', 'generator_1', 'generator_2', 'generator_3', 'color_match', 'similar_color_10', 'generator_4', 'similar_color_6', 'number_match', 'similar_color_2', 'color_match', 'generator_5', 'similar_color_1', 'generator_6', 'similar_color_4', 'similar_color_12', 'similar_color_8', 'similar_color_5', 'generator_7', 'generator_8', 'similar_color_11', 'similar_color_8', 'number_match', 'generator_9', 'similar_color_6', 'similar_color_12', 'similar_color_5', 'similar_color_7']
number opened: 0
TRIAL 10
Action chosen: (purple, purple)
Outcome: False
partcle ids: ['similar_color_7', 'similar_color_4', 'similar_color_2', 'generator_1', 'generator_2', 'generator_3', 'color_match', 'similar_color_10', 'generator_4', 'similar_color_6', 'number_match', 'similar_color_2', 'color_match', 'generator_5', 'similar_color_1', 'generator_6', 'similar_color_4', 'similar_color_12', 'similar_color_8', 'similar_color_5', 'generator_7', 'generator_8', 'similar_color_11', 'similar_color_8', 'number_match', 'generator_9', 'similar_color_6', 'similar_color_12', 'similar_color_5', 'similar_color_7']
number opened: 0
TRIAL 11
Action chosen: (purple, purple)
Outcome: False
partcle ids: ['similar_color_7', 'similar_color_4', 'similar_color_2', 'generator_1', 'generator_2', 'generator_3', 'color_match', 'similar_color_10', 'generator_4', 'similar_color_6', 'number_match', 'similar_color_2', 'color_match', 'generator_5', 'similar_color_1', 'generator_6', 'similar_color_4', 'similar_color_12', 'similar_color_8', 'similar_color_5', 'generator_7', 'generator_8', 'similar_color_11', 'similar_color_8', 'number_match', 'generator_9', 'similar_color_6', 'similar_color_12', 'similar_color_5', 'similar_color_7']
number opened: 0
TRIAL 12
Action chosen: (purple, purple)
Outcome: False
partcle ids: ['similar_color_7', 'similar_color_4', 'similar_color_2', 'generator_1', 'generator_2', 'generator_3', 'color_match', 'similar_color_10', 'generator_4', 'similar_color_6', 'number_match', 'similar_color_2', 'color_match', 'generator_5', 'similar_color_1', 'generator_6', 'similar_color_4', 'similar_color_12', 'similar_color_8', 'similar_color_5', 'generator_7', 'generator_8', 'similar_color_11', 'similar_color_8', 'number_match', 'generator_9', 'similar_color_6', 'similar_color_12', 'similar_color_5', 'similar_color_7']
number opened: 0
TRIAL 13
Action chosen: (purple, purple)
Outcome: False
partcle ids: ['similar_color_7', 'similar_color_4', 'similar_color_2', 'generator_1', 'generator_2', 'generator_3', 'color_match', 'similar_color_10', 'generator_4', 'similar_color_6', 'number_match', 'similar_color_2', 'color_match', 'generator_5', 'similar_color_1', 'generator_6', 'similar_color_4', 'similar_color_12', 'similar_color_8', 'similar_color_5', 'generator_7', 'generator_8', 'similar_color_11', 'similar_color_8', 'number_match', 'generator_9', 'similar_color_6', 'similar_color_12', 'similar_color_5', 'similar_color_7']
number opened: 0
TRIAL 14
Action chosen: (purple, purple)
Outcome: False
partcle ids: ['similar_color_7', 'similar_color_4', 'similar_color_2', 'generator_1', 'generator_2', 'generator_3', 'color_match', 'similar_color_10', 'generator_4', 'similar_color_6', 'number_match', 'similar_color_2', 'color_match', 'generator_5', 'similar_color_1', 'generator_6', 'similar_color_4', 'similar_color_12', 'similar_color_8', 'similar_color_5', 'generator_7', 'generator_8', 'similar_color_11', 'similar_color_8', 'number_match', 'generator_9', 'similar_color_6', 'similar_color_12', 'similar_color_5', 'similar_color_7']
number opened: 0
TRIAL 15
Action chosen: (purple, purple)
Outcome: False
partcle ids: ['similar_color_7', 'similar_color_4', 'similar_color_2', 'generator_1', 'generator_2', 'generator_3', 'color_match', 'similar_color_10', 'generator_4', 'similar_color_6', 'number_match', 'similar_color_2', 'color_match', 'generator_5', 'similar_color_1', 'generator_6', 'similar_color_4', 'similar_color_12', 'similar_color_8', 'similar_color_5', 'generator_7', 'generator_8', 'similar_color_11', 'similar_color_8', 'number_match', 'generator_9', 'similar_color_6', 'similar_color_12', 'similar_color_5', 'similar_color_7']
number opened: 0
TRIAL 16
Action chosen: (pink, pink)
Outcome: False
partcle ids: ['similar_color_7', 'similar_color_4', 'similar_color_2', 'generator_1', 'generator_2', 'generator_3', 'color_match', 'similar_color_10', 'generator_4', 'similar_color_6', 'number_match', 'similar_color_2', 'color_match', 'generator_5', 'similar_color_1', 'generator_6', 'similar_color_4', 'similar_color_12', 'similar_color_8', 'similar_color_5', 'generator_7', 'generator_8', 'similar_color_11', 'similar_color_8', 'number_match', 'generator_9', 'similar_color_6', 'similar_color_12', 'similar_color_5', 'similar_color_7']
number opened: 0
TRIAL 17
Action chosen: (pink, pink)
Outcome: False
partcle ids: ['similar_color_7', 'similar_color_4', 'similar_color_2', 'generator_1', 'generator_2', 'generator_3', 'color_match', 'similar_color_10', 'generator_4', 'similar_color_6', 'number_match', 'similar_color_2', 'color_match', 'generator_5', 'similar_color_1', 'generator_6', 'similar_color_4', 'similar_color_12', 'similar_color_8', 'similar_color_5', 'generator_7', 'generator_8', 'similar_color_11', 'similar_color_8', 'number_match', 'generator_9', 'similar_color_6', 'similar_color_12', 'similar_color_5', 'similar_color_7']
number opened: 0
TRIAL 18
Action chosen: (pink, pink)
Outcome: False
partcle ids: ['similar_color_7', 'similar_color_4', 'similar_color_2', 'generator_1', 'generator_2', 'generator_3', 'color_match', 'similar_color_10', 'generator_4', 'similar_color_6', 'number_match', 'similar_color_2', 'color_match', 'generator_5', 'similar_color_1', 'generator_6', 'similar_color_4', 'similar_color_12', 'similar_color_8', 'similar_color_5', 'generator_7', 'generator_8', 'similar_color_11', 'similar_color_8', 'number_match', 'generator_9', 'similar_color_6', 'similar_color_12', 'similar_color_5', 'similar_color_7']
number opened: 0
TRIAL 19
Action chosen: (pink, pink)
Outcome: False
partcle ids: ['generator_7', 'generator_7', 'similar_color_9', 'generator_5', 'similar_color_4', 'generator_11', 'shape_match', 'generator_9', 'generator_12', 'generator_4', 'generator_2', 'generator_6', 'generator_4', 'generator_14', 'generator_15', 'generator_2', 'generator_7', 'generator_9', 'generator_16', 'generator_17', 'generator_9', 'generator_18', 'generator_19', 'similar_color_2', 'similar_color_1', 'generator_3', 'generator_20', 'generator_1', 'generator_21', 'similar_color_14']
number opened: 0
TRIAL 20
Action chosen: (red, red)
Outcome: True
partcle ids: ['similar_color_1', 'generator_4', 'similar_color_8', 'generator_4', 'generator_19', 'order_match', 'similar_color_14', 'similar_color_8', 'generator_19', 'generator_4', 'generator_4', 'generator_22', 'similar_color_8', 'similar_color_2', 'generator_23', 'generator_19', 'generator_24', 'similar_color_1', 'generator_25', 'generator_4', 'generator_4', 'generator_19', 'generator_26', 'generator_4', 'similar_color_8', 'similar_color_10', 'generator_27', 'similar_color_9', 'generator_28', 'order_match']
number opened: 1
TRIAL 21
Action chosen: (blue, blue)
Outcome: False
partcle ids: ['similar_color_1', 'generator_4', 'similar_color_8', 'generator_4', 'generator_19', 'order_match', 'similar_color_14', 'similar_color_8', 'generator_19', 'generator_4', 'generator_4', 'generator_22', 'similar_color_8', 'similar_color_2', 'generator_23', 'generator_19', 'generator_24', 'similar_color_1', 'generator_25', 'generator_4', 'generator_4', 'generator_19', 'generator_26', 'generator_4', 'similar_color_8', 'similar_color_10', 'generator_27', 'similar_color_9', 'generator_28', 'order_match']
number opened: 1
TRIAL 22
Action chosen: (blue, blue)
Outcome: False
partcle ids: ['similar_color_1', 'generator_4', 'similar_color_8', 'generator_4', 'generator_19', 'order_match', 'similar_color_14', 'similar_color_8', 'generator_19', 'generator_4', 'generator_4', 'generator_22', 'similar_color_8', 'similar_color_2', 'generator_23', 'generator_19', 'generator_24', 'similar_color_1', 'generator_25', 'generator_4', 'generator_4', 'generator_19', 'generator_26', 'generator_4', 'similar_color_8', 'similar_color_10', 'generator_27', 'similar_color_9', 'generator_28', 'order_match']
number opened: 1
TRIAL 23
Action chosen: (pink, pink)
Outcome: False
partcle ids: ['similar_color_1', 'generator_4', 'similar_color_8', 'generator_4', 'generator_19', 'order_match', 'similar_color_14', 'similar_color_8', 'generator_19', 'generator_4', 'generator_4', 'generator_22', 'similar_color_8', 'similar_color_2', 'generator_23', 'generator_19', 'generator_24', 'similar_color_1', 'generator_25', 'generator_4', 'generator_4', 'generator_19', 'generator_26', 'generator_4', 'similar_color_8', 'similar_color_10', 'generator_27', 'similar_color_9', 'generator_28', 'order_match']
number opened: 1
TRIAL 24
Action chosen: (blue, blue)
Outcome: False
partcle ids: ['similar_color_1', 'generator_4', 'similar_color_8', 'generator_4', 'generator_19', 'order_match', 'similar_color_14', 'similar_color_8', 'generator_19', 'generator_4', 'generator_4', 'generator_22', 'similar_color_8', 'similar_color_2', 'generator_23', 'generator_19', 'generator_24', 'similar_color_1', 'generator_25', 'generator_4', 'generator_4', 'generator_19', 'generator_26', 'generator_4', 'similar_color_8', 'similar_color_10', 'generator_27', 'similar_color_9', 'generator_28', 'order_match']
number opened: 1
TRIAL 25
Action chosen: (yellow5, white)
Outcome: False
partcle ids: ['similar_color_1', 'generator_4', 'similar_color_8', 'generator_4', 'generator_19', 'order_match', 'similar_color_14', 'similar_color_8', 'generator_19', 'generator_4', 'generator_4', 'generator_22', 'similar_color_8', 'similar_color_2', 'generator_23', 'generator_19', 'generator_24', 'similar_color_1', 'generator_25', 'generator_4', 'generator_4', 'generator_19', 'generator_26', 'generator_4', 'similar_color_8', 'similar_color_10', 'generator_27', 'similar_color_9', 'generator_28', 'order_match']
number opened: 1
TRIAL 26
Action chosen: (purple, purple)
Outcome: False
partcle ids: ['similar_color_1', 'generator_4', 'similar_color_8', 'generator_4', 'generator_19', 'order_match', 'similar_color_14', 'similar_color_8', 'generator_19', 'generator_4', 'generator_4', 'generator_22', 'similar_color_8', 'similar_color_2', 'generator_23', 'generator_19', 'generator_24', 'similar_color_1', 'generator_25', 'generator_4', 'generator_4', 'generator_19', 'generator_26', 'generator_4', 'similar_color_8', 'similar_color_10', 'generator_27', 'similar_color_9', 'generator_28', 'order_match']
number opened: 1
TRIAL 27
Action chosen: (blue, blue)
Outcome: False
partcle ids: ['similar_color_1', 'generator_4', 'similar_color_8', 'generator_4', 'generator_19', 'order_match', 'similar_color_14', 'similar_color_8', 'generator_19', 'generator_4', 'generator_4', 'generator_22', 'similar_color_8', 'similar_color_2', 'generator_23', 'generator_19', 'generator_24', 'similar_color_1', 'generator_25', 'generator_4', 'generator_4', 'generator_19', 'generator_26', 'generator_4', 'similar_color_8', 'similar_color_10', 'generator_27', 'similar_color_9', 'generator_28', 'order_match']
number opened: 1
TRIAL 28
Action chosen: (yellow5, white)
Outcome: False
partcle ids: ['similar_color_1', 'generator_4', 'similar_color_8', 'generator_4', 'generator_19', 'order_match', 'similar_color_14', 'similar_color_8', 'generator_19', 'generator_4', 'generator_4', 'generator_22', 'similar_color_8', 'similar_color_2', 'generator_23', 'generator_19', 'generator_24', 'similar_color_1', 'generator_25', 'generator_4', 'generator_4', 'generator_19', 'generator_26', 'generator_4', 'similar_color_8', 'similar_color_10', 'generator_27', 'similar_color_9', 'generator_28', 'order_match']
number opened: 1
TRIAL 29
Action chosen: (purple, purple)
Outcome: False
partcle ids: ['similar_color_1', 'generator_4', 'similar_color_8', 'generator_4', 'generator_19', 'order_match', 'similar_color_14', 'similar_color_8', 'generator_19', 'generator_4', 'generator_4', 'generator_22', 'similar_color_8', 'similar_color_2', 'generator_23', 'generator_19', 'generator_24', 'similar_color_1', 'generator_25', 'generator_4', 'generator_4', 'generator_19', 'generator_26', 'generator_4', 'similar_color_8', 'similar_color_10', 'generator_27', 'similar_color_9', 'generator_28', 'order_match']
number opened: 1
TRIAL 30
Action chosen: (yellow5, white)
Outcome: False
partcle ids: ['similar_color_1', 'generator_4', 'similar_color_8', 'generator_4', 'generator_19', 'order_match', 'similar_color_14', 'similar_color_8', 'generator_19', 'generator_4', 'generator_4', 'generator_22', 'similar_color_8', 'similar_color_2', 'generator_23', 'generator_19', 'generator_24', 'similar_color_1', 'generator_25', 'generator_4', 'generator_4', 'generator_19', 'generator_26', 'generator_4', 'similar_color_8', 'similar_color_10', 'generator_27', 'similar_color_9', 'generator_28', 'order_match']
number opened: 1
TRIAL 31
Action chosen: (blue, blue)
Outcome: False
partcle ids: ['similar_color_1', 'generator_4', 'similar_color_8', 'generator_4', 'generator_19', 'order_match', 'similar_color_14', 'similar_color_8', 'generator_19', 'generator_4', 'generator_4', 'generator_22', 'similar_color_8', 'similar_color_2', 'generator_23', 'generator_19', 'generator_24', 'similar_color_1', 'generator_25', 'generator_4', 'generator_4', 'generator_19', 'generator_26', 'generator_4', 'similar_color_8', 'similar_color_10', 'generator_27', 'similar_color_9', 'generator_28', 'order_match']
number opened: 1
TRIAL 32
Action chosen: (yellow5, white)
Outcome: False
partcle ids: ['similar_color_1', 'generator_4', 'similar_color_8', 'generator_4', 'generator_19', 'order_match', 'similar_color_14', 'similar_color_8', 'generator_19', 'generator_4', 'generator_4', 'generator_22', 'similar_color_8', 'similar_color_2', 'generator_23', 'generator_19', 'generator_24', 'similar_color_1', 'generator_25', 'generator_4', 'generator_4', 'generator_19', 'generator_26', 'generator_4', 'similar_color_8', 'similar_color_10', 'generator_27', 'similar_color_9', 'generator_28', 'order_match']
number opened: 1
TRIAL 33
Action chosen: (blue, blue)
Outcome: False
partcle ids: ['similar_color_1', 'generator_4', 'similar_color_8', 'generator_4', 'generator_19', 'order_match', 'similar_color_14', 'similar_color_8', 'generator_19', 'generator_4', 'generator_4', 'generator_22', 'similar_color_8', 'similar_color_2', 'generator_23', 'generator_19', 'generator_24', 'similar_color_1', 'generator_25', 'generator_4', 'generator_4', 'generator_19', 'generator_26', 'generator_4', 'similar_color_8', 'similar_color_10', 'generator_27', 'similar_color_9', 'generator_28', 'order_match']
number opened: 1
TRIAL 34
Action chosen: (orange4, purple)
Outcome: False
partcle ids: ['similar_color_1', 'generator_4', 'similar_color_8', 'generator_4', 'generator_19', 'order_match', 'similar_color_14', 'similar_color_8', 'generator_19', 'generator_4', 'generator_4', 'generator_22', 'similar_color_8', 'similar_color_2', 'generator_23', 'generator_19', 'generator_24', 'similar_color_1', 'generator_25', 'generator_4', 'generator_4', 'generator_19', 'generator_26', 'generator_4', 'similar_color_8', 'similar_color_10', 'generator_27', 'similar_color_9', 'generator_28', 'order_match']
number opened: 1
TRIAL 35
Action chosen: (pink, pink)
Outcome: False
partcle ids: ['similar_color_1', 'generator_4', 'similar_color_8', 'generator_4', 'generator_19', 'order_match', 'similar_color_14', 'similar_color_8', 'generator_19', 'generator_4', 'generator_4', 'generator_22', 'similar_color_8', 'similar_color_2', 'generator_23', 'generator_19', 'generator_24', 'similar_color_1', 'generator_25', 'generator_4', 'generator_4', 'generator_19', 'generator_26', 'generator_4', 'similar_color_8', 'similar_color_10', 'generator_27', 'similar_color_9', 'generator_28', 'order_match']
number opened: 1
TRIAL 36
Action chosen: (purple, white)
Outcome: False
partcle ids: ['similar_color_1', 'generator_4', 'similar_color_8', 'generator_4', 'generator_19', 'order_match', 'similar_color_14', 'similar_color_8', 'generator_19', 'generator_4', 'generator_4', 'generator_22', 'similar_color_8', 'similar_color_2', 'generator_23', 'generator_19', 'generator_24', 'similar_color_1', 'generator_25', 'generator_4', 'generator_4', 'generator_19', 'generator_26', 'generator_4', 'similar_color_8', 'similar_color_10', 'generator_27', 'similar_color_9', 'generator_28', 'order_match']
number opened: 1
TRIAL 37
Action chosen: (orange4, purple)
Outcome: False
partcle ids: ['similar_color_1', 'generator_4', 'similar_color_8', 'generator_4', 'generator_19', 'order_match', 'similar_color_14', 'similar_color_8', 'generator_19', 'generator_4', 'generator_4', 'generator_22', 'similar_color_8', 'similar_color_2', 'generator_23', 'generator_19', 'generator_24', 'similar_color_1', 'generator_25', 'generator_4', 'generator_4', 'generator_19', 'generator_26', 'generator_4', 'similar_color_8', 'similar_color_10', 'generator_27', 'similar_color_9', 'generator_28', 'order_match']
number opened: 1
TRIAL 38
Action chosen: (blue, purple)
Outcome: False
partcle ids: ['similar_color_1', 'generator_4', 'similar_color_8', 'generator_4', 'generator_19', 'order_match', 'similar_color_14', 'similar_color_8', 'generator_19', 'generator_4', 'generator_4', 'generator_22', 'similar_color_8', 'similar_color_2', 'generator_23', 'generator_19', 'generator_24', 'similar_color_1', 'generator_25', 'generator_4', 'generator_4', 'generator_19', 'generator_26', 'generator_4', 'similar_color_8', 'similar_color_10', 'generator_27', 'similar_color_9', 'generator_28', 'order_match']
number opened: 1
TRIAL 39
Action chosen: (pink, pink)
Outcome: False
partcle ids: ['similar_color_1', 'generator_4', 'similar_color_8', 'generator_4', 'generator_19', 'order_match', 'similar_color_14', 'similar_color_8', 'generator_19', 'generator_4', 'generator_4', 'generator_22', 'similar_color_8', 'similar_color_2', 'generator_23', 'generator_19', 'generator_24', 'similar_color_1', 'generator_25', 'generator_4', 'generator_4', 'generator_19', 'generator_26', 'generator_4', 'similar_color_8', 'similar_color_10', 'generator_27', 'similar_color_9', 'generator_28', 'order_match']
number opened: 1
TRIAL 40
Action chosen: (purple, white)
Outcome: False
partcle ids: ['similar_color_1', 'generator_4', 'similar_color_8', 'generator_4', 'generator_19', 'order_match', 'similar_color_14', 'similar_color_8', 'generator_19', 'generator_4', 'generator_4', 'generator_22', 'similar_color_8', 'similar_color_2', 'generator_23', 'generator_19', 'generator_24', 'similar_color_1', 'generator_25', 'generator_4', 'generator_4', 'generator_19', 'generator_26', 'generator_4', 'similar_color_8', 'similar_color_10', 'generator_27', 'similar_color_9', 'generator_28', 'order_match']
number opened: 1
TRIAL 41
Action chosen: (yellow5, white)
Outcome: False
partcle ids: ['similar_color_1', 'generator_4', 'similar_color_8', 'generator_4', 'generator_19', 'order_match', 'similar_color_14', 'similar_color_8', 'generator_19', 'generator_4', 'generator_4', 'generator_22', 'similar_color_8', 'similar_color_2', 'generator_23', 'generator_19', 'generator_24', 'similar_color_1', 'generator_25', 'generator_4', 'generator_4', 'generator_19', 'generator_26', 'generator_4', 'similar_color_8', 'similar_color_10', 'generator_27', 'similar_color_9', 'generator_28', 'order_match']
number opened: 1
TRIAL 42
Action chosen: (yellow5, blue)
Outcome: True
partcle ids: ['generator_29', 'order_match', 'generator_30', 'generator_31', 'generator_32', 'generator_33', 'generator_34', 'order_match', 'order_match', 'generator_23', 'generator_23', 'generator_36', 'generator_37', 'generator_23', 'generator_39', 'generator_40', 'order_match', 'generator_23', 'generator_23', 'generator_42', 'generator_23', 'generator_44', 'generator_45', 'generator_46', 'generator_47', 'generator_48', 'generator_49', 'generator_50', 'generator_51', 'number_match']
number opened: 2
TRIAL 43
Action chosen: (grey2, purple)
Outcome: False
partcle ids: ['generator_29', 'order_match', 'generator_30', 'generator_31', 'generator_32', 'generator_33', 'generator_34', 'order_match', 'order_match', 'generator_23', 'generator_23', 'generator_36', 'generator_37', 'generator_23', 'generator_39', 'generator_40', 'order_match', 'generator_23', 'generator_23', 'generator_42', 'generator_23', 'generator_44', 'generator_45', 'generator_46', 'generator_47', 'generator_48', 'generator_49', 'generator_50', 'generator_51', 'number_match']
number opened: 2
TRIAL 44
Action chosen: (grey2, pink)
Outcome: True
partcle ids: ['generator_52', 'generator_53', 'generator_54', 'generator_47', 'generator_55', 'order_match', 'generator_56', 'generator_29', 'generator_57', 'generator_58', 'generator_59', 'order_match', 'generator_60', 'generator_61', 'generator_62', 'order_match', 'number_match', 'order_match', 'generator_63', 'generator_64', 'generator_65', 'generator_66', 'generator_67', 'generator_68', 'generator_69', 'generator_70', 'generator_71', 'generator_72', 'generator_53', 'generator_53']
number opened: 3
TRIAL 45
Action chosen: (orange4, purple)
Outcome: False
partcle ids: ['generator_52', 'generator_53', 'generator_54', 'generator_47', 'generator_55', 'order_match', 'generator_56', 'generator_29', 'generator_57', 'generator_58', 'generator_59', 'order_match', 'generator_60', 'generator_61', 'generator_62', 'order_match', 'number_match', 'order_match', 'generator_63', 'generator_64', 'generator_65', 'generator_66', 'generator_67', 'generator_68', 'generator_69', 'generator_70', 'generator_71', 'generator_72', 'generator_53', 'generator_53']
number opened: 3
TRIAL 46
Action chosen: (white, purple)
Outcome: False
partcle ids: ['generator_52', 'generator_53', 'generator_54', 'generator_47', 'generator_55', 'order_match', 'generator_56', 'generator_29', 'generator_57', 'generator_58', 'generator_59', 'order_match', 'generator_60', 'generator_61', 'generator_62', 'order_match', 'number_match', 'order_match', 'generator_63', 'generator_64', 'generator_65', 'generator_66', 'generator_67', 'generator_68', 'generator_69', 'generator_70', 'generator_71', 'generator_72', 'generator_53', 'generator_53']
number opened: 3
TRIAL 47
Action chosen: (triangle, purple)
Outcome: False
partcle ids: ['generator_52', 'generator_53', 'generator_54', 'generator_47', 'generator_55', 'order_match', 'generator_56', 'generator_29', 'generator_57', 'generator_58', 'generator_59', 'order_match', 'generator_60', 'generator_61', 'generator_62', 'order_match', 'number_match', 'order_match', 'generator_63', 'generator_64', 'generator_65', 'generator_66', 'generator_67', 'generator_68', 'generator_69', 'generator_70', 'generator_71', 'generator_72', 'generator_53', 'generator_53']
number opened: 3
TRIAL 48
Action chosen: (orange4, purple)
Outcome: False
partcle ids: ['generator_52', 'generator_53', 'generator_54', 'generator_47', 'generator_55', 'order_match', 'generator_56', 'generator_29', 'generator_57', 'generator_58', 'generator_59', 'order_match', 'generator_60', 'generator_61', 'generator_62', 'order_match', 'number_match', 'order_match', 'generator_63', 'generator_64', 'generator_65', 'generator_66', 'generator_67', 'generator_68', 'generator_69', 'generator_70', 'generator_71', 'generator_72', 'generator_53', 'generator_53']
number opened: 3
TRIAL 49
Action chosen: (triangle, white)
Outcome: False
partcle ids: ['generator_52', 'generator_53', 'generator_54', 'generator_47', 'generator_55', 'order_match', 'generator_56', 'generator_29', 'generator_57', 'generator_58', 'generator_59', 'order_match', 'generator_60', 'generator_61', 'generator_62', 'order_match', 'number_match', 'order_match', 'generator_63', 'generator_64', 'generator_65', 'generator_66', 'generator_67', 'generator_68', 'generator_69', 'generator_70', 'generator_71', 'generator_72', 'generator_53', 'generator_53']
number opened: 3
TRIAL 50
Action chosen: (green3, purple)
Outcome: True
partcle ids: ['generator_62', 'generator_62', 'generator_73', 'generator_73', 'number_match', 'generator_62', 'generator_75', 'generator_76', 'generator_56', 'generator_56', 'generator_73', 'generator_75', 'generator_77', 'generator_62', 'generator_56', 'number_match', 'number_match', 'generator_75', 'generator_62', 'generator_62', 'generator_78', 'generator_76', 'generator_73', 'generator_75', 'generator_56', 'generator_77', 'generator_77', 'generator_56', 'generator_62', 'number_match']
number opened: 4
TRIAL 51
Action chosen: (heart, white)
Outcome: False
partcle ids: ['generator_62', 'generator_62', 'generator_73', 'generator_73', 'number_match', 'generator_62', 'generator_75', 'generator_76', 'generator_56', 'generator_56', 'generator_73', 'generator_75', 'generator_77', 'generator_62', 'generator_56', 'number_match', 'number_match', 'generator_75', 'generator_62', 'generator_62', 'generator_78', 'generator_76', 'generator_73', 'generator_75', 'generator_56', 'generator_77', 'generator_77', 'generator_56', 'generator_62', 'number_match']
number opened: 4
TRIAL 52
Action chosen: (cloud, white)
Outcome: False
partcle ids: ['generator_62', 'generator_62', 'generator_73', 'generator_73', 'number_match', 'generator_62', 'generator_75', 'generator_76', 'generator_56', 'generator_56', 'generator_73', 'generator_75', 'generator_77', 'generator_62', 'generator_56', 'number_match', 'number_match', 'generator_75', 'generator_62', 'generator_62', 'generator_78', 'generator_76', 'generator_73', 'generator_75', 'generator_56', 'generator_77', 'generator_77', 'generator_56', 'generator_62', 'number_match']
number opened: 4
TRIAL 53
Action chosen: (blue, white)
Outcome: False
partcle ids: ['generator_62', 'generator_62', 'generator_73', 'generator_73', 'number_match', 'generator_62', 'generator_75', 'generator_76', 'generator_56', 'generator_56', 'generator_73', 'generator_75', 'generator_77', 'generator_62', 'generator_56', 'number_match', 'number_match', 'generator_75', 'generator_62', 'generator_62', 'generator_78', 'generator_76', 'generator_73', 'generator_75', 'generator_56', 'generator_77', 'generator_77', 'generator_56', 'generator_62', 'number_match']
number opened: 4
TRIAL 54
Action chosen: (white, white)
Outcome: False
partcle ids: ['generator_62', 'generator_62', 'generator_73', 'generator_73', 'number_match', 'generator_62', 'generator_75', 'generator_76', 'generator_56', 'generator_56', 'generator_73', 'generator_75', 'generator_77', 'generator_62', 'generator_56', 'number_match', 'number_match', 'generator_75', 'generator_62', 'generator_62', 'generator_78', 'generator_76', 'generator_73', 'generator_75', 'generator_56', 'generator_77', 'generator_77', 'generator_56', 'generator_62', 'number_match']
number opened: 4
TRIAL 55
Action chosen: (orange4, white)
Outcome: True
partcle ids: ['number_match', 'number_match', 'number_match', 'number_match', 'number_match', 'number_match', 'number_match', 'number_match', 'number_match', 'number_match', 'number_match', 'number_match', 'number_match', 'number_match', 'number_match', 'number_match', 'number_match', 'number_match', 'number_match', 'number_match', 'number_match', 'number_match', 'number_match', 'number_match', 'number_match', 'number_match', 'number_match', 'number_match', 'number_match', 'number_match']
number opened: 5
{"attempts": 55, "unique_key_box_pairs": 22, "revisit_attempts": 33, "revisit_rate": 0.6111111111111112, "attempts_before_abandoning_color_matching": 1, "color_matching_abandoned": true}
