{"Child_ID": "D045", "SoC_variant": "SoC-Full", "theta": [4, 1], "p_gen": 0.5, "true_prior": 0.02, "run_number": 86, "seed": 7757718623530357208}
TRIAL 1
Action chosen: (pink, pink)
Outcome: False
partcle ids: ['similar_color_3', 'similar_color_14', 'generator_1', 'generator_2', 'generator_3', 'similar_color_11', 'generator_4', 'generator_5', 'order_match', 'generator_6', 'generator_7', 'generator_8', 'generator_9', 'similar_color_14', 'similar_color_1', 'similar_color_9', 'generator_10', 'generator_11', 'similar_color_8', 'similar_color_12', 'generator_12', 'generator_13', 'similar_color_11', 'generator_14', 'similar_color_3', 'generator_15', 'generator_16', 'generator_17', 'generator_18', 'similar_color_11']
number opened: 0
TRIAL 2
Action chosen: (green3, purple)
Outcome: True
partcle ids: ['generator_19', 'generator_20', 'generator_21', 'generator_22', 'generator_23', 'generator_7', 'generator_24', 'generator_25', 'generator_26', 'generator_27', 'generator_28', 'generator_29', 'generator_30', 'generator_31', 'generator_32', 'generator_33', 'generator_34', 'generator_35', 'generator_36', 'generator_3', 'generator_37', 'generator_38', 'generator_39', 'generator_17', 'generator_3', 'generator_40', 'generator_41', 'generator_42', 'generator_43', 'generator_44']
number opened: 1
TRIAL 3
Action chosen: (grey2, pink)
Outcome: True
partcle ids: ['generator_45', 'generator_46', 'generator_47', 'generator_48', 'generator_49', 'generator_50', 'generator_51', 'generator_52', 'generator_53', 'generator_54', 'generator_55', 'generator_56', 'generator_57', 'generator_58', 'generator_59', 'generator_60', 'generator_33', 'generator_61', 'generator_62', 'generator_63', 'generator_64', 'generator_65', 'generator_66', 'generator_67', 'generator_68', 'generator_59', 'generator_69', 'generator_70', 'generator_71', 'generator_72']
number opened: 2
TRIAL 4
Action chosen: (diamond, red)
Outcome: False
partcle ids: ['generator_45', 'generator_46', 'generator_47', 'generator_48', 'generator_49', 'generator_50', 'generator_51', 'generator_52', 'generator_53', 'generator_54', 'generator_55', 'generator_56', 'generator_57', 'generator_58', 'generator_59', 'generator_60', 'generator_33', 'generator_61', 'generator_62', 'generator_63', 'generator_64', 'generator_65', 'generator_66', 'generator_67', 'generator_68', 'generator_59', 'generator_69', 'generator_70', 'generator_71', 'generator_72']
number opened: 2
TRIAL 5
Action chosen: (triangle, red)
Outcome: False
partcle ids: ['generator_45', 'generator_46', 'generator_47', 'generator_48', 'generator_49', 'generator_50', 'generator_51', 'generator_52', 'generator_53', 'generator_54', 'generator_55', 'generator_56', 'generator_57', 'generator_58', 'generator_59', 'generator_60', 'generator_33', 'generator_61', 'generator_62', 'generator_63', 'generator_64', 'generator_65', 'generator_66', 'generator_67', 'generator_68', 'generator_59', 'generator_69', 'generator_70', 'generator_71', 'generator_72']
number opened: 2
TRIAL 6
Action chosen: (red, blue)
Outcome: False
partcle ids: ['generator_45', 'generator_46', 'generator_47', 'generator_48', 'generator_49', 'generator_50', 'generator_51', 'generator_52', 'generator_53', 'generator_54', 'generator_55', 'generator_56', 'generator_57', 'generator_58', 'generator_59', 'generator_60', 'generator_33', 'generator_61', 'generator_62', 'generator_63', 'generator_64', 'generator_65', 'generator_66', 'generator_67', 'generator_68', 'generator_59', 'generator_69', 'generator_70', 'generator_71', 'generator_72']
number opened: 2
TRIAL 7
Action chosen: (white, red)
Outcome: False
partcle ids: ['generator_45', 'generator_46', 'generator_47', 'generator_48', 'generator_49', 'generator_50', 'generator_51', 'generator_52', 'generator_53', 'generator_54', 'generator_55', 'generator_56', 'generator_57', 'generator_58', 'generator_59', 'generator_60', 'generator_33', 'generator_61', 'generator_62', 'generator_63', 'generator_64', 'generator_65', 'generator_66', 'generator_67', 'generator_68', 'generator_59', 'generator_69', 'generator_70', 'generator_71', 'generator_72']
number opened: 2
TRIAL 8
Action chosen: (orange4, red)
Outcome: False
partcle ids: ['generator_45', 'generator_46', 'generator_47', 'generator_48', 'generator_49', 'generator_50', 'generator_51', 'generator_52', 'generator_53', 'generator_54', 'generator_55', 'generator_56', 'generator_57', 'generator_58', 'generator_59', 'generator_60', 'generator_33', 'generator_61', 'generator_62', 'generator_63', 'generator_64', 'generator_65', 'generator_66', 'generator_67', 'generator_68', 'generator_59', 'generator_69', 'generator_70', 'generator_71', 'generator_72']
number opened: 2
TRIAL 9
Action chosen: (blue, blue)
Outcome: False
partcle ids: ['generator_73', 'generator_74', 'generator_75', 'generator_76', 'generator_58', 'generator_78', 'generator_53', 'generator_79', 'generator_80', 'generator_81', 'generator_82', 'generator_57', 'generator_84', 'generator_85', 'generator_61', 'generator_87', 'generator_88', 'generator_61', 'generator_33', 'generator_91', 'generator_92', 'generator_33', 'generator_48', 'generator_64', 'generator_62', 'generator_96', 'generator_97', 'generator_98', 'generator_99', 'generator_58']
number opened: 2
TRIAL 10
Action chosen: (pink, blue)
Outcome: False
partcle ids: ['generator_73', 'generator_74', 'generator_75', 'generator_76', 'generator_58', 'generator_78', 'generator_53', 'generator_79', 'generator_80', 'generator_81', 'generator_82', 'generator_57', 'generator_84', 'generator_85', 'generator_61', 'generator_87', 'generator_88', 'generator_61', 'generator_33', 'generator_91', 'generator_92', 'generator_33', 'generator_48', 'generator_64', 'generator_62', 'generator_96', 'generator_97', 'generator_98', 'generator_99', 'generator_58']
number opened: 2
TRIAL 11
Action chosen: (blue, blue)
Outcome: False
partcle ids: ['generator_73', 'generator_74', 'generator_75', 'generator_76', 'generator_58', 'generator_78', 'generator_53', 'generator_79', 'generator_80', 'generator_81', 'generator_82', 'generator_57', 'generator_84', 'generator_85', 'generator_61', 'generator_87', 'generator_88', 'generator_61', 'generator_33', 'generator_91', 'generator_92', 'generator_33', 'generator_48', 'generator_64', 'generator_62', 'generator_96', 'generator_97', 'generator_98', 'generator_99', 'generator_58']
number opened: 2
TRIAL 12
Action chosen: (purple, blue)
Outcome: False
partcle ids: ['generator_73', 'generator_74', 'generator_75', 'generator_76', 'generator_58', 'generator_78', 'generator_53', 'generator_79', 'generator_80', 'generator_81', 'generator_82', 'generator_57', 'generator_84', 'generator_85', 'generator_61', 'generator_87', 'generator_88', 'generator_61', 'generator_33', 'generator_91', 'generator_92', 'generator_33', 'generator_48', 'generator_64', 'generator_62', 'generator_96', 'generator_97', 'generator_98', 'generator_99', 'generator_58']
number opened: 2
TRIAL 13
Action chosen: (yellow5, blue)
Outcome: True
partcle ids: ['generator_79', 'generator_102', 'generator_103', 'generator_104', 'generator_61', 'generator_105', 'generator_106', 'generator_91', 'generator_61', 'generator_107', 'generator_108', 'generator_61', 'generator_79', 'generator_111', 'generator_79', 'generator_112', 'generator_113', 'generator_114', 'generator_101', 'generator_115', 'generator_116', 'generator_79', 'generator_118', 'generator_61', 'generator_120', 'generator_61', 'generator_61', 'generator_123', 'generator_124', 'generator_79']
number opened: 3
TRIAL 14
Action chosen: (blue, red)
Outcome: False
partcle ids: ['generator_79', 'generator_102', 'generator_103', 'generator_104', 'generator_61', 'generator_105', 'generator_106', 'generator_91', 'generator_61', 'generator_107', 'generator_108', 'generator_61', 'generator_79', 'generator_111', 'generator_79', 'generator_112', 'generator_113', 'generator_114', 'generator_101', 'generator_115', 'generator_116', 'generator_79', 'generator_118', 'generator_61', 'generator_120', 'generator_61', 'generator_61', 'generator_123', 'generator_124', 'generator_79']
number opened: 3
TRIAL 15
Action chosen: (cloud, white)
Outcome: False
partcle ids: ['generator_79', 'generator_102', 'generator_103', 'generator_104', 'generator_61', 'generator_105', 'generator_106', 'generator_91', 'generator_61', 'generator_107', 'generator_108', 'generator_61', 'generator_79', 'generator_111', 'generator_79', 'generator_112', 'generator_113', 'generator_114', 'generator_101', 'generator_115', 'generator_116', 'generator_79', 'generator_118', 'generator_61', 'generator_120', 'generator_61', 'generator_61', 'generator_123', 'generator_124', 'generator_79']
number opened: 3
TRIAL 16
Action chosen: (red, white)
Outcome: False
partcle ids: ['generator_79', 'generator_102', 'generator_103', 'generator_104', 'generator_61', 'generator_105', 'generator_106', 'generator_91', 'generator_61', 'generator_107', 'generator_108', 'generator_61', 'generator_79', 'generator_111', 'generator_79', 'generator_112', 'generator_113', 'generator_114', 'generator_101', 'generator_115', 'generator_116', 'generator_79', 'generator_118', 'generator_61', 'generator_120', 'generator_61', 'generator_61', 'generator_123', 'generator_124', 'generator_79']
number opened: 3
TRIAL 17
Action chosen: (heart, white)
Outcome: False
partcle ids: ['generator_79', 'generator_102', 'generator_103', 'generator_104', 'generator_61', 'generator_105', 'generator_106', 'generator_91', 'generator_61', 'generator_107', 'generator_108', 'generator_61', 'generator_79', 'generator_111', 'generator_79', 'generator_112', 'generator_113', 'generator_114', 'generator_101', 'generator_115', 'generator_116', 'generator_79', 'generator_118', 'generator_61', 'generator_120', 'generator_61', 'generator_61', 'generator_123', 'generator_124', 'generator_79']
number opened: 3
TRIAL 18
Action chosen: (white, white)
Outcome: False
partcle ids: ['generator_79', 'generator_102', 'generator_103', 'generator_104', 'generator_61', 'generator_105', 'generator_106', 'generator_91', 'generator_61', 'generator_107', 'generator_108', 'generator_61', 'generator_79', 'generator_111', 'generator_79', 'generator_112', 'generator_113', 'generator_114', 'generator_101', 'generator_115', 'generator_116', 'generator_79', 'generator_118', 'generator_61', 'generator_120', 'generator_61', 'generator_61', 'generator_123', 'generator_124', 'generator_79']
number opened: 3
TRIAL 19
Action chosen: (blue, red)
Outcome: False
partcle ids: ['generator_106', 'generator_126', 'number_match', 'generator_116', 'generator_128', 'generator_129', 'generator_109', 'generator_130', 'generator_131', 'generator_132', 'generator_116', 'generator_118', 'generator_102', 'generator_100', 'generator_111', 'generator_50', 'number_match', 'generator_106', 'generator_133', 'generator_134', 'generator_135', 'generator_129', 'generator_136', 'generator_116', 'generator_121', 'generator_91', 'generator_139', 'generator_140', 'generator_106', 'generator_142']
number opened: 3
TRIAL 20
Action chosen: (purple, red)
Outcome: False
partcle ids: ['generator_106', 'generator_126', 'number_match', 'generator_116', 'generator_128', 'generator_129', 'generator_109', 'generator_130', 'generator_131', 'generator_132', 'generator_116', 'generator_118', 'generator_102', 'generator_100', 'generator_111', 'generator_50', 'number_match', 'generator_106', 'generator_133', 'generator_134', 'generator_135', 'generator_129', 'generator_136', 'generator_116', 'generator_121', 'generator_91', 'generator_139', 'generator_140', 'generator_106', 'generator_142']
number opened: 3
TRIAL 21
Action chosen: (diamond, white)
Outcome: False
partcle ids: ['generator_106', 'generator_126', 'number_match', 'generator_116', 'generator_128', 'generator_129', 'generator_109', 'generator_130', 'generator_131', 'generator_132', 'generator_116', 'generator_118', 'generator_102', 'generator_100', 'generator_111', 'generator_50', 'number_match', 'generator_106', 'generator_133', 'generator_134', 'generator_135', 'generator_129', 'generator_136', 'generator_116', 'generator_121', 'generator_91', 'generator_139', 'generator_140', 'generator_106', 'generator_142']
number opened: 3
TRIAL 22
Action chosen: (orange4, white)
Outcome: True
partcle ids: ['generator_143', 'generator_143', 'generator_139', 'generator_106', 'number_match', 'generator_106', 'generator_139', 'generator_143', 'number_match', 'generator_126', 'generator_144', 'number_match', 'number_match', 'number_match', 'generator_145', 'generator_106', 'generator_145', 'generator_139', 'generator_139', 'generator_126', 'generator_145', 'generator_79', 'generator_143', 'generator_141', 'generator_144', 'generator_139', 'generator_139', 'number_match', 'generator_141', 'generator_79']
number opened: 4
TRIAL 23
Action chosen: (heart, red)
Outcome: False
partcle ids: ['generator_143', 'generator_143', 'generator_139', 'generator_106', 'number_match', 'generator_106', 'generator_139', 'generator_143', 'number_match', 'generator_126', 'generator_144', 'number_match', 'number_match', 'number_match', 'generator_145', 'generator_106', 'generator_145', 'generator_139', 'generator_139', 'generator_126', 'generator_145', 'generator_79', 'generator_143', 'generator_141', 'generator_144', 'generator_139', 'generator_139', 'number_match', 'generator_141', 'generator_79']
number opened: 4
TRIAL 24
Action chosen: (red, red)
Outcome: True
partcle ids: ['number_match', 'number_match', 'number_match', 'number_match', 'number_match', 'number_match', 'number_match', 'number_match', 'number_match', 'number_match', 'number_match', 'number_match', 'number_match', 'number_match', 'number_match', 'number_match', 'number_match', 'number_match', 'number_match', 'number_match', 'number_match', 'number_match', 'number_match', 'number_match', 'number_match', 'number_match', 'number_match', 'number_match', 'number_match', 'number_match']
number opened: 5
{"attempts": 24, "unique_key_box_pairs": 22, "revisit_attempts": 2, "revisit_rate": 0.08695652173913043, "attempts_before_abandoning_color_matching": 1, "color_matching_abandoned": true}
