{"Child_ID": "D090", "SoC_variant": "SoC-Full", "theta": [1, 3], "p_gen": 0.2, "true_prior": 0.02, "run_number": 83, "seed": 138663686511521672}
TRIAL 1
Action chosen: (blue, blue)
Outcome: False
partcle ids: ['similar_color_9', 'similar_color_7', 'similar_color_10', 'order_match', 'similar_color_9', 'similar_color_9', 'similar_color_3', 'similar_color_2', 'similar_color_13', 'generator_1', 'similar_color_6', 'shape_match', 'similar_color_3', 'generator_2', 'similar_color_14', 'generator_3', 'color_match', 'similar_color_6', 'similar_color_3', 'generator_4', 'similar_color_1', 'similar_color_2', 'similar_color_1', 'similar_color_8', 'generator_5', 'similar_color_10', 'similar_color_14', 'similar_color_7', 'similar_color_13', 'shape_match']
number opened: 0
TRIAL 2
Action chosen: (green3, blue)
Outcome: False
partcle ids: ['similar_color_9', 'similar_color_7', 'similar_color_10', 'order_match', 'similar_color_9', 'similar_color_9', 'similar_color_3', 'similar_color_2', 'similar_color_13', 'generator_1', 'similar_color_6', 'shape_match', 'similar_color_3', 'generator_2', 'similar_color_14', 'generator_3', 'color_match', 'similar_color_6', 'similar_color_3', 'generator_4', 'similar_color_1', 'similar_color_2', 'similar_color_1', 'similar_color_8', 'generator_5', 'similar_color_10', 'similar_color_14', 'similar_color_7', 'similar_color_13', 'shape_match']
number opened: 0
TRIAL 3
Action chosen: (heart, blue)
Outcome: False
partcle ids: ['similar_color_9', 'similar_color_7', 'similar_color_10', 'order_match', 'similar_color_9', 'similar_color_9', 'similar_color_3', 'similar_color_2', 'similar_color_13', 'generator_1', 'similar_color_6', 'shape_match', 'similar_color_3', 'generator_2', 'similar_color_14', 'generator_3', 'color_match', 'similar_color_6', 'similar_color_3', 'generator_4', 'similar_color_1', 'similar_color_2', 'similar_color_1', 'similar_color_8', 'generator_5', 'similar_color_10', 'similar_color_14', 'similar_color_7', 'similar_color_13', 'shape_match']
number opened: 0
TRIAL 4
Action chosen: (blue, blue)
Outcome: False
partcle ids: ['similar_color_9', 'similar_color_7', 'similar_color_10', 'order_match', 'similar_color_9', 'similar_color_9', 'similar_color_3', 'similar_color_2', 'similar_color_13', 'generator_1', 'similar_color_6', 'shape_match', 'similar_color_3', 'generator_2', 'similar_color_14', 'generator_3', 'color_match', 'similar_color_6', 'similar_color_3', 'generator_4', 'similar_color_1', 'similar_color_2', 'similar_color_1', 'similar_color_8', 'generator_5', 'similar_color_10', 'similar_color_14', 'similar_color_7', 'similar_color_13', 'shape_match']
number opened: 0
TRIAL 5
Action chosen: (blue, blue)
Outcome: False
partcle ids: ['similar_color_9', 'similar_color_7', 'similar_color_10', 'order_match', 'similar_color_9', 'similar_color_9', 'similar_color_3', 'similar_color_2', 'similar_color_13', 'generator_1', 'similar_color_6', 'shape_match', 'similar_color_3', 'generator_2', 'similar_color_14', 'generator_3', 'color_match', 'similar_color_6', 'similar_color_3', 'generator_4', 'similar_color_1', 'similar_color_2', 'similar_color_1', 'similar_color_8', 'generator_5', 'similar_color_10', 'similar_color_14', 'similar_color_7', 'similar_color_13', 'shape_match']
number opened: 0
TRIAL 6
Action chosen: (heart, blue)
Outcome: False
partcle ids: ['similar_color_9', 'similar_color_7', 'similar_color_10', 'order_match', 'similar_color_9', 'similar_color_9', 'similar_color_3', 'similar_color_2', 'similar_color_13', 'generator_1', 'similar_color_6', 'shape_match', 'similar_color_3', 'generator_2', 'similar_color_14', 'generator_3', 'color_match', 'similar_color_6', 'similar_color_3', 'generator_4', 'similar_color_1', 'similar_color_2', 'similar_color_1', 'similar_color_8', 'generator_5', 'similar_color_10', 'similar_color_14', 'similar_color_7', 'similar_color_13', 'shape_match']
number opened: 0
TRIAL 7
Action chosen: (green3, blue)
Outcome: False
partcle ids: ['similar_color_9', 'similar_color_7', 'similar_color_10', 'order_match', 'similar_color_9', 'similar_color_9', 'similar_color_3', 'similar_color_2', 'similar_color_13', 'generator_1', 'similar_color_6', 'shape_match', 'similar_color_3', 'generator_2', 'similar_color_14', 'generator_3', 'color_match', 'similar_color_6', 'similar_color_3', 'generator_4', 'similar_color_1', 'similar_color_2', 'similar_color_1', 'similar_color_8', 'generator_5', 'similar_color_10', 'similar_color_14', 'similar_color_7', 'similar_color_13', 'shape_match']
number opened: 0
TRIAL 8
Action chosen: (heart, blue)
Outcome: False
partcle ids: ['similar_color_9', 'similar_color_7', 'similar_color_10', 'order_match', 'similar_color_9', 'similar_color_9', 'similar_color_3', 'similar_color_2', 'similar_color_13', 'generator_1', 'similar_color_6', 'shape_match', 'similar_color_3', 'generator_2', 'similar_color_14', 'generator_3', 'color_match', 'similar_color_6', 'similar_color_3', 'generator_4', 'similar_color_1', 'similar_color_2', 'similar_color_1', 'similar_color_8', 'generator_5', 'similar_color_10', 'similar_color_14', 'similar_color_7', 'similar_color_13', 'shape_match']
number opened: 0
TRIAL 9
Action chosen: (green3, blue)
Outcome: False
partcle ids: ['similar_color_9', 'similar_color_7', 'similar_color_10', 'order_match', 'similar_color_9', 'similar_color_9', 'similar_color_3', 'similar_color_2', 'similar_color_13', 'generator_1', 'similar_color_6', 'shape_match', 'similar_color_3', 'generator_2', 'similar_color_14', 'generator_3', 'color_match', 'similar_color_6', 'similar_color_3', 'generator_4', 'similar_color_1', 'similar_color_2', 'similar_color_1', 'similar_color_8', 'generator_5', 'similar_color_10', 'similar_color_14', 'similar_color_7', 'similar_color_13', 'shape_match']
number opened: 0
TRIAL 10
Action chosen: (blue, blue)
Outcome: False
partcle ids: ['similar_color_9', 'similar_color_7', 'similar_color_10', 'order_match', 'similar_color_9', 'similar_color_9', 'similar_color_3', 'similar_color_2', 'similar_color_13', 'generator_1', 'similar_color_6', 'shape_match', 'similar_color_3', 'generator_2', 'similar_color_14', 'generator_3', 'color_match', 'similar_color_6', 'similar_color_3', 'generator_4', 'similar_color_1', 'similar_color_2', 'similar_color_1', 'similar_color_8', 'generator_5', 'similar_color_10', 'similar_color_14', 'similar_color_7', 'similar_color_13', 'shape_match']
number opened: 0
TRIAL 11
Action chosen: (blue, blue)
Outcome: False
partcle ids: ['similar_color_9', 'similar_color_7', 'similar_color_10', 'order_match', 'similar_color_9', 'similar_color_9', 'similar_color_3', 'similar_color_2', 'similar_color_13', 'generator_1', 'similar_color_6', 'shape_match', 'similar_color_3', 'generator_2', 'similar_color_14', 'generator_3', 'color_match', 'similar_color_6', 'similar_color_3', 'generator_4', 'similar_color_1', 'similar_color_2', 'similar_color_1', 'similar_color_8', 'generator_5', 'similar_color_10', 'similar_color_14', 'similar_color_7', 'similar_color_13', 'shape_match']
number opened: 0
TRIAL 12
Action chosen: (green3, blue)
Outcome: False
partcle ids: ['similar_color_9', 'similar_color_7', 'similar_color_10', 'order_match', 'similar_color_9', 'similar_color_9', 'similar_color_3', 'similar_color_2', 'similar_color_13', 'generator_1', 'similar_color_6', 'shape_match', 'similar_color_3', 'generator_2', 'similar_color_14', 'generator_3', 'color_match', 'similar_color_6', 'similar_color_3', 'generator_4', 'similar_color_1', 'similar_color_2', 'similar_color_1', 'similar_color_8', 'generator_5', 'similar_color_10', 'similar_color_14', 'similar_color_7', 'similar_color_13', 'shape_match']
number opened: 0
TRIAL 13
Action chosen: (heart, blue)
Outcome: False
partcle ids: ['similar_color_9', 'similar_color_7', 'similar_color_10', 'order_match', 'similar_color_9', 'similar_color_9', 'similar_color_3', 'similar_color_2', 'similar_color_13', 'generator_1', 'similar_color_6', 'shape_match', 'similar_color_3', 'generator_2', 'similar_color_14', 'generator_3', 'color_match', 'similar_color_6', 'similar_color_3', 'generator_4', 'similar_color_1', 'similar_color_2', 'similar_color_1', 'similar_color_8', 'generator_5', 'similar_color_10', 'similar_color_14', 'similar_color_7', 'similar_color_13', 'shape_match']
number opened: 0
TRIAL 14
Action chosen: (heart, blue)
Outcome: False
partcle ids: ['similar_color_9', 'similar_color_7', 'similar_color_10', 'order_match', 'similar_color_9', 'similar_color_9', 'similar_color_3', 'similar_color_2', 'similar_color_13', 'generator_1', 'similar_color_6', 'shape_match', 'similar_color_3', 'generator_2', 'similar_color_14', 'generator_3', 'color_match', 'similar_color_6', 'similar_color_3', 'generator_4', 'similar_color_1', 'similar_color_2', 'similar_color_1', 'similar_color_8', 'generator_5', 'similar_color_10', 'similar_color_14', 'similar_color_7', 'similar_color_13', 'shape_match']
number opened: 0
TRIAL 15
Action chosen: (blue, blue)
Outcome: False
partcle ids: ['similar_color_9', 'similar_color_7', 'similar_color_10', 'order_match', 'similar_color_9', 'similar_color_9', 'similar_color_3', 'similar_color_2', 'similar_color_13', 'generator_1', 'similar_color_6', 'shape_match', 'similar_color_3', 'generator_2', 'similar_color_14', 'generator_3', 'color_match', 'similar_color_6', 'similar_color_3', 'generator_4', 'similar_color_1', 'similar_color_2', 'similar_color_1', 'similar_color_8', 'generator_5', 'similar_color_10', 'similar_color_14', 'similar_color_7', 'similar_color_13', 'shape_match']
number opened: 0
TRIAL 16
Action chosen: (green3, blue)
Outcome: False
partcle ids: ['similar_color_9', 'similar_color_7', 'similar_color_10', 'order_match', 'similar_color_9', 'similar_color_9', 'similar_color_3', 'similar_color_2', 'similar_color_13', 'generator_1', 'similar_color_6', 'shape_match', 'similar_color_3', 'generator_2', 'similar_color_14', 'generator_3', 'color_match', 'similar_color_6', 'similar_color_3', 'generator_4', 'similar_color_1', 'similar_color_2', 'similar_color_1', 'similar_color_8', 'generator_5', 'similar_color_10', 'similar_color_14', 'similar_color_7', 'similar_color_13', 'shape_match']
number opened: 0
TRIAL 17
Action chosen: (pink, pink)
Outcome: False
partcle ids: ['similar_color_9', 'similar_color_7', 'similar_color_10', 'order_match', 'similar_color_9', 'similar_color_9', 'similar_color_3', 'similar_color_2', 'similar_color_13', 'generator_1', 'similar_color_6', 'shape_match', 'similar_color_3', 'generator_2', 'similar_color_14', 'generator_3', 'color_match', 'similar_color_6', 'similar_color_3', 'generator_4', 'similar_color_1', 'similar_color_2', 'similar_color_1', 'similar_color_8', 'generator_5', 'similar_color_10', 'similar_color_14', 'similar_color_7', 'similar_color_13', 'shape_match']
number opened: 0
TRIAL 18
Action chosen: (pink, pink)
Outcome: False
partcle ids: ['similar_color_9', 'similar_color_7', 'similar_color_10', 'order_match', 'similar_color_9', 'similar_color_9', 'similar_color_3', 'similar_color_2', 'similar_color_13', 'generator_1', 'similar_color_6', 'shape_match', 'similar_color_3', 'generator_2', 'similar_color_14', 'generator_3', 'color_match', 'similar_color_6', 'similar_color_3', 'generator_4', 'similar_color_1', 'similar_color_2', 'similar_color_1', 'similar_color_8', 'generator_5', 'similar_color_10', 'similar_color_14', 'similar_color_7', 'similar_color_13', 'shape_match']
number opened: 0
TRIAL 19
Action chosen: (pink, pink)
Outcome: False
partcle ids: ['similar_color_9', 'similar_color_7', 'similar_color_10', 'order_match', 'similar_color_9', 'similar_color_9', 'similar_color_3', 'similar_color_2', 'similar_color_13', 'generator_1', 'similar_color_6', 'shape_match', 'similar_color_3', 'generator_2', 'similar_color_14', 'generator_3', 'color_match', 'similar_color_6', 'similar_color_3', 'generator_4', 'similar_color_1', 'similar_color_2', 'similar_color_1', 'similar_color_8', 'generator_5', 'similar_color_10', 'similar_color_14', 'similar_color_7', 'similar_color_13', 'shape_match']
number opened: 0
TRIAL 20
Action chosen: (pink, pink)
Outcome: False
partcle ids: ['similar_color_9', 'similar_color_7', 'similar_color_10', 'order_match', 'similar_color_9', 'similar_color_9', 'similar_color_3', 'similar_color_2', 'similar_color_13', 'generator_1', 'similar_color_6', 'shape_match', 'similar_color_3', 'generator_2', 'similar_color_14', 'generator_3', 'color_match', 'similar_color_6', 'similar_color_3', 'generator_4', 'similar_color_1', 'similar_color_2', 'similar_color_1', 'similar_color_8', 'generator_5', 'similar_color_10', 'similar_color_14', 'similar_color_7', 'similar_color_13', 'shape_match']
number opened: 0
TRIAL 21
Action chosen: (pink, pink)
Outcome: False
partcle ids: ['similar_color_9', 'similar_color_7', 'similar_color_10', 'order_match', 'similar_color_9', 'similar_color_9', 'similar_color_3', 'similar_color_2', 'similar_color_13', 'generator_1', 'similar_color_6', 'shape_match', 'similar_color_3', 'generator_2', 'similar_color_14', 'generator_3', 'color_match', 'similar_color_6', 'similar_color_3', 'generator_4', 'similar_color_1', 'similar_color_2', 'similar_color_1', 'similar_color_8', 'generator_5', 'similar_color_10', 'similar_color_14', 'similar_color_7', 'similar_color_13', 'shape_match']
number opened: 0
TRIAL 22
Action chosen: (pink, pink)
Outcome: False
partcle ids: ['similar_color_9', 'similar_color_7', 'similar_color_10', 'order_match', 'similar_color_9', 'similar_color_9', 'similar_color_3', 'similar_color_2', 'similar_color_13', 'generator_1', 'similar_color_6', 'shape_match', 'similar_color_3', 'generator_2', 'similar_color_14', 'generator_3', 'color_match', 'similar_color_6', 'similar_color_3', 'generator_4', 'similar_color_1', 'similar_color_2', 'similar_color_1', 'similar_color_8', 'generator_5', 'similar_color_10', 'similar_color_14', 'similar_color_7', 'similar_color_13', 'shape_match']
number opened: 0
TRIAL 23
Action chosen: (pink, pink)
Outcome: False
partcle ids: ['similar_color_5', 'shape_match', 'similar_color_6', 'generator_6', 'similar_color_12', 'similar_color_7', 'generator_7', 'similar_color_14', 'color_match', 'generator_8', 'similar_color_7', 'generator_9', 'similar_color_14', 'shape_match', 'similar_color_13', 'generator_10', 'generator_3', 'similar_color_11', 'similar_color_14', 'generator_5', 'generator_1', 'generator_3', 'generator_2', 'generator_12', 'similar_color_13', 'generator_13', 'generator_14', 'similar_color_7', 'generator_1', 'similar_color_11']
number opened: 0
TRIAL 24
Action chosen: (red, red)
Outcome: True
partcle ids: ['order_match', 'similar_color_5', 'similar_color_1', 'similar_color_6', 'similar_color_4', 'similar_color_9', 'order_match', 'order_match', 'similar_color_14', 'similar_color_14', 'similar_color_4', 'similar_color_14', 'similar_color_13', 'similar_color_8', 'similar_color_11', 'similar_color_10', 'similar_color_12', 'similar_color_11', 'similar_color_12', 'similar_color_14', 'similar_color_2', 'similar_color_5', 'similar_color_2', 'similar_color_9', 'similar_color_8', 'similar_color_11', 'similar_color_14', 'similar_color_3', 'order_match', 'similar_color_12']
number opened: 1
TRIAL 25
Action chosen: (green3, blue)
Outcome: False
partcle ids: ['order_match', 'similar_color_5', 'similar_color_1', 'similar_color_6', 'similar_color_4', 'similar_color_9', 'order_match', 'order_match', 'similar_color_14', 'similar_color_14', 'similar_color_4', 'similar_color_14', 'similar_color_13', 'similar_color_8', 'similar_color_11', 'similar_color_10', 'similar_color_12', 'similar_color_11', 'similar_color_12', 'similar_color_14', 'similar_color_2', 'similar_color_5', 'similar_color_2', 'similar_color_9', 'similar_color_8', 'similar_color_11', 'similar_color_14', 'similar_color_3', 'order_match', 'similar_color_12']
number opened: 1
TRIAL 26
Action chosen: (green3, blue)
Outcome: False
partcle ids: ['order_match', 'similar_color_5', 'similar_color_1', 'similar_color_6', 'similar_color_4', 'similar_color_9', 'order_match', 'order_match', 'similar_color_14', 'similar_color_14', 'similar_color_4', 'similar_color_14', 'similar_color_13', 'similar_color_8', 'similar_color_11', 'similar_color_10', 'similar_color_12', 'similar_color_11', 'similar_color_12', 'similar_color_14', 'similar_color_2', 'similar_color_5', 'similar_color_2', 'similar_color_9', 'similar_color_8', 'similar_color_11', 'similar_color_14', 'similar_color_3', 'order_match', 'similar_color_12']
number opened: 1
TRIAL 27
Action chosen: (green3, blue)
Outcome: False
partcle ids: ['order_match', 'similar_color_5', 'similar_color_1', 'similar_color_6', 'similar_color_4', 'similar_color_9', 'order_match', 'order_match', 'similar_color_14', 'similar_color_14', 'similar_color_4', 'similar_color_14', 'similar_color_13', 'similar_color_8', 'similar_color_11', 'similar_color_10', 'similar_color_12', 'similar_color_11', 'similar_color_12', 'similar_color_14', 'similar_color_2', 'similar_color_5', 'similar_color_2', 'similar_color_9', 'similar_color_8', 'similar_color_11', 'similar_color_14', 'similar_color_3', 'order_match', 'similar_color_12']
number opened: 1
TRIAL 28
Action chosen: (green3, blue)
Outcome: False
partcle ids: ['order_match', 'similar_color_5', 'similar_color_1', 'similar_color_6', 'similar_color_4', 'similar_color_9', 'order_match', 'order_match', 'similar_color_14', 'similar_color_14', 'similar_color_4', 'similar_color_14', 'similar_color_13', 'similar_color_8', 'similar_color_11', 'similar_color_10', 'similar_color_12', 'similar_color_11', 'similar_color_12', 'similar_color_14', 'similar_color_2', 'similar_color_5', 'similar_color_2', 'similar_color_9', 'similar_color_8', 'similar_color_11', 'similar_color_14', 'similar_color_3', 'order_match', 'similar_color_12']
number opened: 1
TRIAL 29
Action chosen: (heart, blue)
Outcome: False
partcle ids: ['order_match', 'similar_color_5', 'similar_color_1', 'similar_color_6', 'similar_color_4', 'similar_color_9', 'order_match', 'order_match', 'similar_color_14', 'similar_color_14', 'similar_color_4', 'similar_color_14', 'similar_color_13', 'similar_color_8', 'similar_color_11', 'similar_color_10', 'similar_color_12', 'similar_color_11', 'similar_color_12', 'similar_color_14', 'similar_color_2', 'similar_color_5', 'similar_color_2', 'similar_color_9', 'similar_color_8', 'similar_color_11', 'similar_color_14', 'similar_color_3', 'order_match', 'similar_color_12']
number opened: 1
TRIAL 30
Action chosen: (green3, blue)
Outcome: False
partcle ids: ['order_match', 'similar_color_5', 'similar_color_1', 'similar_color_6', 'similar_color_4', 'similar_color_9', 'order_match', 'order_match', 'similar_color_14', 'similar_color_14', 'similar_color_4', 'similar_color_14', 'similar_color_13', 'similar_color_8', 'similar_color_11', 'similar_color_10', 'similar_color_12', 'similar_color_11', 'similar_color_12', 'similar_color_14', 'similar_color_2', 'similar_color_5', 'similar_color_2', 'similar_color_9', 'similar_color_8', 'similar_color_11', 'similar_color_14', 'similar_color_3', 'order_match', 'similar_color_12']
number opened: 1
TRIAL 31
Action chosen: (heart, blue)
Outcome: False
partcle ids: ['order_match', 'similar_color_5', 'similar_color_1', 'similar_color_6', 'similar_color_4', 'similar_color_9', 'order_match', 'order_match', 'similar_color_14', 'similar_color_14', 'similar_color_4', 'similar_color_14', 'similar_color_13', 'similar_color_8', 'similar_color_11', 'similar_color_10', 'similar_color_12', 'similar_color_11', 'similar_color_12', 'similar_color_14', 'similar_color_2', 'similar_color_5', 'similar_color_2', 'similar_color_9', 'similar_color_8', 'similar_color_11', 'similar_color_14', 'similar_color_3', 'order_match', 'similar_color_12']
number opened: 1
TRIAL 32
Action chosen: (green3, blue)
Outcome: False
partcle ids: ['order_match', 'similar_color_5', 'similar_color_1', 'similar_color_6', 'similar_color_4', 'similar_color_9', 'order_match', 'order_match', 'similar_color_14', 'similar_color_14', 'similar_color_4', 'similar_color_14', 'similar_color_13', 'similar_color_8', 'similar_color_11', 'similar_color_10', 'similar_color_12', 'similar_color_11', 'similar_color_12', 'similar_color_14', 'similar_color_2', 'similar_color_5', 'similar_color_2', 'similar_color_9', 'similar_color_8', 'similar_color_11', 'similar_color_14', 'similar_color_3', 'order_match', 'similar_color_12']
number opened: 1
TRIAL 33
Action chosen: (heart, blue)
Outcome: False
partcle ids: ['order_match', 'similar_color_5', 'similar_color_1', 'similar_color_6', 'similar_color_4', 'similar_color_9', 'order_match', 'order_match', 'similar_color_14', 'similar_color_14', 'similar_color_4', 'similar_color_14', 'similar_color_13', 'similar_color_8', 'similar_color_11', 'similar_color_10', 'similar_color_12', 'similar_color_11', 'similar_color_12', 'similar_color_14', 'similar_color_2', 'similar_color_5', 'similar_color_2', 'similar_color_9', 'similar_color_8', 'similar_color_11', 'similar_color_14', 'similar_color_3', 'order_match', 'similar_color_12']
number opened: 1
TRIAL 34
Action chosen: (green3, blue)
Outcome: False
partcle ids: ['order_match', 'similar_color_5', 'similar_color_1', 'similar_color_6', 'similar_color_4', 'similar_color_9', 'order_match', 'order_match', 'similar_color_14', 'similar_color_14', 'similar_color_4', 'similar_color_14', 'similar_color_13', 'similar_color_8', 'similar_color_11', 'similar_color_10', 'similar_color_12', 'similar_color_11', 'similar_color_12', 'similar_color_14', 'similar_color_2', 'similar_color_5', 'similar_color_2', 'similar_color_9', 'similar_color_8', 'similar_color_11', 'similar_color_14', 'similar_color_3', 'order_match', 'similar_color_12']
number opened: 1
TRIAL 35
Action chosen: (heart, blue)
Outcome: False
partcle ids: ['order_match', 'similar_color_5', 'similar_color_1', 'similar_color_6', 'similar_color_4', 'similar_color_9', 'order_match', 'order_match', 'similar_color_14', 'similar_color_14', 'similar_color_4', 'similar_color_14', 'similar_color_13', 'similar_color_8', 'similar_color_11', 'similar_color_10', 'similar_color_12', 'similar_color_11', 'similar_color_12', 'similar_color_14', 'similar_color_2', 'similar_color_5', 'similar_color_2', 'similar_color_9', 'similar_color_8', 'similar_color_11', 'similar_color_14', 'similar_color_3', 'order_match', 'similar_color_12']
number opened: 1
TRIAL 36
Action chosen: (green3, blue)
Outcome: False
partcle ids: ['order_match', 'similar_color_5', 'similar_color_1', 'similar_color_6', 'similar_color_4', 'similar_color_9', 'order_match', 'order_match', 'similar_color_14', 'similar_color_14', 'similar_color_4', 'similar_color_14', 'similar_color_13', 'similar_color_8', 'similar_color_11', 'similar_color_10', 'similar_color_12', 'similar_color_11', 'similar_color_12', 'similar_color_14', 'similar_color_2', 'similar_color_5', 'similar_color_2', 'similar_color_9', 'similar_color_8', 'similar_color_11', 'similar_color_14', 'similar_color_3', 'order_match', 'similar_color_12']
number opened: 1
TRIAL 37
Action chosen: (cloud, white)
Outcome: False
partcle ids: ['order_match', 'similar_color_5', 'similar_color_1', 'similar_color_6', 'similar_color_4', 'similar_color_9', 'order_match', 'order_match', 'similar_color_14', 'similar_color_14', 'similar_color_4', 'similar_color_14', 'similar_color_13', 'similar_color_8', 'similar_color_11', 'similar_color_10', 'similar_color_12', 'similar_color_11', 'similar_color_12', 'similar_color_14', 'similar_color_2', 'similar_color_5', 'similar_color_2', 'similar_color_9', 'similar_color_8', 'similar_color_11', 'similar_color_14', 'similar_color_3', 'order_match', 'similar_color_12']
number opened: 1
TRIAL 38
Action chosen: (blue, blue)
Outcome: False
partcle ids: ['order_match', 'similar_color_5', 'similar_color_1', 'similar_color_6', 'similar_color_4', 'similar_color_9', 'order_match', 'order_match', 'similar_color_14', 'similar_color_14', 'similar_color_4', 'similar_color_14', 'similar_color_13', 'similar_color_8', 'similar_color_11', 'similar_color_10', 'similar_color_12', 'similar_color_11', 'similar_color_12', 'similar_color_14', 'similar_color_2', 'similar_color_5', 'similar_color_2', 'similar_color_9', 'similar_color_8', 'similar_color_11', 'similar_color_14', 'similar_color_3', 'order_match', 'similar_color_12']
number opened: 1
TRIAL 39
Action chosen: (heart, blue)
Outcome: False
partcle ids: ['order_match', 'similar_color_5', 'similar_color_1', 'similar_color_6', 'similar_color_4', 'similar_color_9', 'order_match', 'order_match', 'similar_color_14', 'similar_color_14', 'similar_color_4', 'similar_color_14', 'similar_color_13', 'similar_color_8', 'similar_color_11', 'similar_color_10', 'similar_color_12', 'similar_color_11', 'similar_color_12', 'similar_color_14', 'similar_color_2', 'similar_color_5', 'similar_color_2', 'similar_color_9', 'similar_color_8', 'similar_color_11', 'similar_color_14', 'similar_color_3', 'order_match', 'similar_color_12']
number opened: 1
TRIAL 40
Action chosen: (green3, blue)
Outcome: False
partcle ids: ['order_match', 'similar_color_5', 'similar_color_1', 'similar_color_6', 'similar_color_4', 'similar_color_9', 'order_match', 'order_match', 'similar_color_14', 'similar_color_14', 'similar_color_4', 'similar_color_14', 'similar_color_13', 'similar_color_8', 'similar_color_11', 'similar_color_10', 'similar_color_12', 'similar_color_11', 'similar_color_12', 'similar_color_14', 'similar_color_2', 'similar_color_5', 'similar_color_2', 'similar_color_9', 'similar_color_8', 'similar_color_11', 'similar_color_14', 'similar_color_3', 'order_match', 'similar_color_12']
number opened: 1
TRIAL 41
Action chosen: (blue, blue)
Outcome: False
partcle ids: ['order_match', 'similar_color_5', 'similar_color_1', 'similar_color_6', 'similar_color_4', 'similar_color_9', 'order_match', 'order_match', 'similar_color_14', 'similar_color_14', 'similar_color_4', 'similar_color_14', 'similar_color_13', 'similar_color_8', 'similar_color_11', 'similar_color_10', 'similar_color_12', 'similar_color_11', 'similar_color_12', 'similar_color_14', 'similar_color_2', 'similar_color_5', 'similar_color_2', 'similar_color_9', 'similar_color_8', 'similar_color_11', 'similar_color_14', 'similar_color_3', 'order_match', 'similar_color_12']
number opened: 1
TRIAL 42
Action chosen: (heart, blue)
Outcome: False
partcle ids: ['order_match', 'similar_color_5', 'similar_color_1', 'similar_color_6', 'similar_color_4', 'similar_color_9', 'order_match', 'order_match', 'similar_color_14', 'similar_color_14', 'similar_color_4', 'similar_color_14', 'similar_color_13', 'similar_color_8', 'similar_color_11', 'similar_color_10', 'similar_color_12', 'similar_color_11', 'similar_color_12', 'similar_color_14', 'similar_color_2', 'similar_color_5', 'similar_color_2', 'similar_color_9', 'similar_color_8', 'similar_color_11', 'similar_color_14', 'similar_color_3', 'order_match', 'similar_color_12']
number opened: 1
TRIAL 43
Action chosen: (green3, blue)
Outcome: False
partcle ids: ['order_match', 'similar_color_5', 'similar_color_1', 'similar_color_6', 'similar_color_4', 'similar_color_9', 'order_match', 'order_match', 'similar_color_14', 'similar_color_14', 'similar_color_4', 'similar_color_14', 'similar_color_13', 'similar_color_8', 'similar_color_11', 'similar_color_10', 'similar_color_12', 'similar_color_11', 'similar_color_12', 'similar_color_14', 'similar_color_2', 'similar_color_5', 'similar_color_2', 'similar_color_9', 'similar_color_8', 'similar_color_11', 'similar_color_14', 'similar_color_3', 'order_match', 'similar_color_12']
number opened: 1
TRIAL 44
Action chosen: (yellow5, blue)
Outcome: True
partcle ids: ['generator_15', 'generator_16', 'generator_17', 'order_match', 'generator_18', 'generator_19', 'generator_20', 'generator_21', 'order_match', 'generator_22', 'number_match', 'order_match', 'generator_23', 'order_match', 'generator_24', 'generator_25', 'generator_26', 'generator_27', 'generator_28', 'generator_29', 'order_match', 'generator_30', 'generator_31', 'generator_32', 'generator_33', 'generator_34', 'generator_30', 'order_match', 'order_match', 'generator_35']
number opened: 2
TRIAL 45
Action chosen: (green3, white)
Outcome: False
partcle ids: ['generator_15', 'generator_16', 'generator_17', 'order_match', 'generator_18', 'generator_19', 'generator_20', 'generator_21', 'order_match', 'generator_22', 'number_match', 'order_match', 'generator_23', 'order_match', 'generator_24', 'generator_25', 'generator_26', 'generator_27', 'generator_28', 'generator_29', 'order_match', 'generator_30', 'generator_31', 'generator_32', 'generator_33', 'generator_34', 'generator_30', 'order_match', 'order_match', 'generator_35']
number opened: 2
TRIAL 46
Action chosen: (orange4, white)
Outcome: True
partcle ids: ['generator_36', 'generator_37', 'generator_38', 'generator_39', 'generator_30', 'generator_41', 'generator_30', 'generator_42', 'generator_43', 'generator_44', 'generator_45', 'generator_46', 'generator_47', 'generator_48', 'generator_38', 'generator_49', 'generator_50', 'generator_44', 'generator_51', 'generator_52', 'generator_38', 'generator_53', 'generator_51', 'generator_54', 'generator_54', 'generator_55', 'generator_37', 'generator_56', 'generator_57', 'generator_52']
number opened: 3
TRIAL 47
Action chosen: (triangle, purple)
Outcome: False
partcle ids: ['generator_36', 'generator_37', 'generator_38', 'generator_39', 'generator_30', 'generator_41', 'generator_30', 'generator_42', 'generator_43', 'generator_44', 'generator_45', 'generator_46', 'generator_47', 'generator_48', 'generator_38', 'generator_49', 'generator_50', 'generator_44', 'generator_51', 'generator_52', 'generator_38', 'generator_53', 'generator_51', 'generator_54', 'generator_54', 'generator_55', 'generator_37', 'generator_56', 'generator_57', 'generator_52']
number opened: 3
TRIAL 48
Action chosen: (diamond, pink)
Outcome: False
partcle ids: ['generator_36', 'generator_37', 'generator_38', 'generator_39', 'generator_30', 'generator_41', 'generator_30', 'generator_42', 'generator_43', 'generator_44', 'generator_45', 'generator_46', 'generator_47', 'generator_48', 'generator_38', 'generator_49', 'generator_50', 'generator_44', 'generator_51', 'generator_52', 'generator_38', 'generator_53', 'generator_51', 'generator_54', 'generator_54', 'generator_55', 'generator_37', 'generator_56', 'generator_57', 'generator_52']
number opened: 3
TRIAL 49
Action chosen: (purple, pink)
Outcome: False
partcle ids: ['generator_36', 'generator_37', 'generator_38', 'generator_39', 'generator_30', 'generator_41', 'generator_30', 'generator_42', 'generator_43', 'generator_44', 'generator_45', 'generator_46', 'generator_47', 'generator_48', 'generator_38', 'generator_49', 'generator_50', 'generator_44', 'generator_51', 'generator_52', 'generator_38', 'generator_53', 'generator_51', 'generator_54', 'generator_54', 'generator_55', 'generator_37', 'generator_56', 'generator_57', 'generator_52']
number opened: 3
TRIAL 50
Action chosen: (grey2, purple)
Outcome: False
partcle ids: ['generator_36', 'generator_37', 'generator_38', 'generator_39', 'generator_30', 'generator_41', 'generator_30', 'generator_42', 'generator_43', 'generator_44', 'generator_45', 'generator_46', 'generator_47', 'generator_48', 'generator_38', 'generator_49', 'generator_50', 'generator_44', 'generator_51', 'generator_52', 'generator_38', 'generator_53', 'generator_51', 'generator_54', 'generator_54', 'generator_55', 'generator_37', 'generator_56', 'generator_57', 'generator_52']
number opened: 3
TRIAL 51
Action chosen: (blue, pink)
Outcome: False
partcle ids: ['generator_36', 'generator_37', 'generator_38', 'generator_39', 'generator_30', 'generator_41', 'generator_30', 'generator_42', 'generator_43', 'generator_44', 'generator_45', 'generator_46', 'generator_47', 'generator_48', 'generator_38', 'generator_49', 'generator_50', 'generator_44', 'generator_51', 'generator_52', 'generator_38', 'generator_53', 'generator_51', 'generator_54', 'generator_54', 'generator_55', 'generator_37', 'generator_56', 'generator_57', 'generator_52']
number opened: 3
TRIAL 52
Action chosen: (cloud, pink)
Outcome: False
partcle ids: ['generator_36', 'generator_37', 'generator_38', 'generator_39', 'generator_30', 'generator_41', 'generator_30', 'generator_42', 'generator_43', 'generator_44', 'generator_45', 'generator_46', 'generator_47', 'generator_48', 'generator_38', 'generator_49', 'generator_50', 'generator_44', 'generator_51', 'generator_52', 'generator_38', 'generator_53', 'generator_51', 'generator_54', 'generator_54', 'generator_55', 'generator_37', 'generator_56', 'generator_57', 'generator_52']
number opened: 3
TRIAL 53
Action chosen: (diamond, pink)
Outcome: False
partcle ids: ['generator_36', 'generator_37', 'generator_38', 'generator_39', 'generator_30', 'generator_41', 'generator_30', 'generator_42', 'generator_43', 'generator_44', 'generator_45', 'generator_46', 'generator_47', 'generator_48', 'generator_38', 'generator_49', 'generator_50', 'generator_44', 'generator_51', 'generator_52', 'generator_38', 'generator_53', 'generator_51', 'generator_54', 'generator_54', 'generator_55', 'generator_37', 'generator_56', 'generator_57', 'generator_52']
number opened: 3
TRIAL 54
Action chosen: (purple, pink)
Outcome: False
partcle ids: ['generator_36', 'generator_37', 'generator_38', 'generator_39', 'generator_30', 'generator_41', 'generator_30', 'generator_42', 'generator_43', 'generator_44', 'generator_45', 'generator_46', 'generator_47', 'generator_48', 'generator_38', 'generator_49', 'generator_50', 'generator_44', 'generator_51', 'generator_52', 'generator_38', 'generator_53', 'generator_51', 'generator_54', 'generator_54', 'generator_55', 'generator_37', 'generator_56', 'generator_57', 'generator_52']
number opened: 3
TRIAL 55
Action chosen: (grey2, pink)
Outcome: True
partcle ids: ['number_match', 'generator_58', 'generator_59', 'generator_60', 'generator_56', 'generator_50', 'generator_56', 'generator_58', 'number_match', 'generator_61', 'generator_62', 'generator_59', 'generator_62', 'number_match', 'generator_50', 'generator_61', 'generator_61', 'generator_58', 'generator_50', 'generator_60', 'generator_62', 'number_match', 'generator_59', 'generator_56', 'generator_56', 'generator_56', 'generator_50', 'generator_50', 'generator_56', 'generator_62']
number opened: 4
TRIAL 56
Action chosen: (pink, purple)
Outcome: False
partcle ids: ['number_match', 'generator_58', 'generator_59', 'generator_60', 'generator_56', 'generator_50', 'generator_56', 'generator_58', 'number_match', 'generator_61', 'generator_62', 'generator_59', 'generator_62', 'number_match', 'generator_50', 'generator_61', 'generator_61', 'generator_58', 'generator_50', 'generator_60', 'generator_62', 'number_match', 'generator_59', 'generator_56', 'generator_56', 'generator_56', 'generator_50', 'generator_50', 'generator_56', 'generator_62']
number opened: 4
TRIAL 57
Action chosen: (cloud, purple)
Outcome: False
partcle ids: ['number_match', 'generator_58', 'generator_59', 'generator_60', 'generator_56', 'generator_50', 'generator_56', 'generator_58', 'number_match', 'generator_61', 'generator_62', 'generator_59', 'generator_62', 'number_match', 'generator_50', 'generator_61', 'generator_61', 'generator_58', 'generator_50', 'generator_60', 'generator_62', 'number_match', 'generator_59', 'generator_56', 'generator_56', 'generator_56', 'generator_50', 'generator_50', 'generator_56', 'generator_62']
number opened: 4
TRIAL 58
Action chosen: (green3, purple)
Outcome: True
partcle ids: ['number_match', 'number_match', 'number_match', 'number_match', 'number_match', 'number_match', 'number_match', 'number_match', 'number_match', 'number_match', 'number_match', 'number_match', 'number_match', 'number_match', 'number_match', 'number_match', 'number_match', 'number_match', 'number_match', 'number_match', 'number_match', 'number_match', 'number_match', 'number_match', 'number_match', 'number_match', 'number_match', 'number_match', 'number_match', 'number_match']
number opened: 5
{"attempts": 58, "unique_key_box_pairs": 19, "revisit_attempts": 39, "revisit_rate": 0.6842105263157895, "attempts_before_abandoning_color_matching": 1, "color_matching_abandoned": true}
