{"Child_ID": "D090", "SoC_variant": "SoC-Full", "theta": [1, 3], "p_gen": 0.2, "true_prior": 0.02, "run_number": 39, "seed": 7924455390535707783}
TRIAL 1
Action chosen: (heart, blue)
Outcome: False
partcle ids: ['shape_match', 'similar_color_11', 'similar_color_1', 'generator_1', 'similar_color_6', 'similar_color_9', 'similar_color_3', 'generator_2', 'similar_color_12', 'similar_color_12', 'similar_color_2', 'similar_color_8', 'shape_match', 'similar_color_11', 'similar_color_8', 'generator_3', 'similar_color_2', 'number_match', 'generator_4', 'similar_color_6', 'similar_color_5', 'generator_5', 'similar_color_1', 'similar_color_13', 'similar_color_4', 'similar_color_8', 'similar_color_8', 'similar_color_9', 'similar_color_13', 'similar_color_5']
number opened: 0
TRIAL 2
Action chosen: (blue, blue)
Outcome: False
partcle ids: ['shape_match', 'similar_color_11', 'similar_color_1', 'generator_1', 'similar_color_6', 'similar_color_9', 'similar_color_3', 'generator_2', 'similar_color_12', 'similar_color_12', 'similar_color_2', 'similar_color_8', 'shape_match', 'similar_color_11', 'similar_color_8', 'generator_3', 'similar_color_2', 'number_match', 'generator_4', 'similar_color_6', 'similar_color_5', 'generator_5', 'similar_color_1', 'similar_color_13', 'similar_color_4', 'similar_color_8', 'similar_color_8', 'similar_color_9', 'similar_color_13', 'similar_color_5']
number opened: 0
TRIAL 3
Action chosen: (heart, blue)
Outcome: False
partcle ids: ['shape_match', 'similar_color_11', 'similar_color_1', 'generator_1', 'similar_color_6', 'similar_color_9', 'similar_color_3', 'generator_2', 'similar_color_12', 'similar_color_12', 'similar_color_2', 'similar_color_8', 'shape_match', 'similar_color_11', 'similar_color_8', 'generator_3', 'similar_color_2', 'number_match', 'generator_4', 'similar_color_6', 'similar_color_5', 'generator_5', 'similar_color_1', 'similar_color_13', 'similar_color_4', 'similar_color_8', 'similar_color_8', 'similar_color_9', 'similar_color_13', 'similar_color_5']
number opened: 0
TRIAL 4
Action chosen: (grey2, white)
Outcome: False
partcle ids: ['shape_match', 'similar_color_11', 'similar_color_1', 'generator_1', 'similar_color_6', 'similar_color_9', 'similar_color_3', 'generator_2', 'similar_color_12', 'similar_color_12', 'similar_color_2', 'similar_color_8', 'shape_match', 'similar_color_11', 'similar_color_8', 'generator_3', 'similar_color_2', 'number_match', 'generator_4', 'similar_color_6', 'similar_color_5', 'generator_5', 'similar_color_1', 'similar_color_13', 'similar_color_4', 'similar_color_8', 'similar_color_8', 'similar_color_9', 'similar_color_13', 'similar_color_5']
number opened: 0
TRIAL 5
Action chosen: (blue, blue)
Outcome: False
partcle ids: ['shape_match', 'similar_color_11', 'similar_color_1', 'generator_1', 'similar_color_6', 'similar_color_9', 'similar_color_3', 'generator_2', 'similar_color_12', 'similar_color_12', 'similar_color_2', 'similar_color_8', 'shape_match', 'similar_color_11', 'similar_color_8', 'generator_3', 'similar_color_2', 'number_match', 'generator_4', 'similar_color_6', 'similar_color_5', 'generator_5', 'similar_color_1', 'similar_color_13', 'similar_color_4', 'similar_color_8', 'similar_color_8', 'similar_color_9', 'similar_color_13', 'similar_color_5']
number opened: 0
TRIAL 6
Action chosen: (green3, blue)
Outcome: False
partcle ids: ['shape_match', 'similar_color_11', 'similar_color_1', 'generator_1', 'similar_color_6', 'similar_color_9', 'similar_color_3', 'generator_2', 'similar_color_12', 'similar_color_12', 'similar_color_2', 'similar_color_8', 'shape_match', 'similar_color_11', 'similar_color_8', 'generator_3', 'similar_color_2', 'number_match', 'generator_4', 'similar_color_6', 'similar_color_5', 'generator_5', 'similar_color_1', 'similar_color_13', 'similar_color_4', 'similar_color_8', 'similar_color_8', 'similar_color_9', 'similar_color_13', 'similar_color_5']
number opened: 0
TRIAL 7
Action chosen: (heart, blue)
Outcome: False
partcle ids: ['shape_match', 'similar_color_11', 'similar_color_1', 'generator_1', 'similar_color_6', 'similar_color_9', 'similar_color_3', 'generator_2', 'similar_color_12', 'similar_color_12', 'similar_color_2', 'similar_color_8', 'shape_match', 'similar_color_11', 'similar_color_8', 'generator_3', 'similar_color_2', 'number_match', 'generator_4', 'similar_color_6', 'similar_color_5', 'generator_5', 'similar_color_1', 'similar_color_13', 'similar_color_4', 'similar_color_8', 'similar_color_8', 'similar_color_9', 'similar_color_13', 'similar_color_5']
number opened: 0
TRIAL 8
Action chosen: (green3, blue)
Outcome: False
partcle ids: ['shape_match', 'similar_color_11', 'similar_color_1', 'generator_1', 'similar_color_6', 'similar_color_9', 'similar_color_3', 'generator_2', 'similar_color_12', 'similar_color_12', 'similar_color_2', 'similar_color_8', 'shape_match', 'similar_color_11', 'similar_color_8', 'generator_3', 'similar_color_2', 'number_match', 'generator_4', 'similar_color_6', 'similar_color_5', 'generator_5', 'similar_color_1', 'similar_color_13', 'similar_color_4', 'similar_color_8', 'similar_color_8', 'similar_color_9', 'similar_color_13', 'similar_color_5']
number opened: 0
TRIAL 9
Action chosen: (blue, blue)
Outcome: False
partcle ids: ['shape_match', 'similar_color_11', 'similar_color_1', 'generator_1', 'similar_color_6', 'similar_color_9', 'similar_color_3', 'generator_2', 'similar_color_12', 'similar_color_12', 'similar_color_2', 'similar_color_8', 'shape_match', 'similar_color_11', 'similar_color_8', 'generator_3', 'similar_color_2', 'number_match', 'generator_4', 'similar_color_6', 'similar_color_5', 'generator_5', 'similar_color_1', 'similar_color_13', 'similar_color_4', 'similar_color_8', 'similar_color_8', 'similar_color_9', 'similar_color_13', 'similar_color_5']
number opened: 0
TRIAL 10
Action chosen: (heart, blue)
Outcome: False
partcle ids: ['shape_match', 'similar_color_11', 'similar_color_1', 'generator_1', 'similar_color_6', 'similar_color_9', 'similar_color_3', 'generator_2', 'similar_color_12', 'similar_color_12', 'similar_color_2', 'similar_color_8', 'shape_match', 'similar_color_11', 'similar_color_8', 'generator_3', 'similar_color_2', 'number_match', 'generator_4', 'similar_color_6', 'similar_color_5', 'generator_5', 'similar_color_1', 'similar_color_13', 'similar_color_4', 'similar_color_8', 'similar_color_8', 'similar_color_9', 'similar_color_13', 'similar_color_5']
number opened: 0
TRIAL 11
Action chosen: (grey2, white)
Outcome: False
partcle ids: ['shape_match', 'similar_color_11', 'similar_color_1', 'generator_1', 'similar_color_6', 'similar_color_9', 'similar_color_3', 'generator_2', 'similar_color_12', 'similar_color_12', 'similar_color_2', 'similar_color_8', 'shape_match', 'similar_color_11', 'similar_color_8', 'generator_3', 'similar_color_2', 'number_match', 'generator_4', 'similar_color_6', 'similar_color_5', 'generator_5', 'similar_color_1', 'similar_color_13', 'similar_color_4', 'similar_color_8', 'similar_color_8', 'similar_color_9', 'similar_color_13', 'similar_color_5']
number opened: 0
TRIAL 12
Action chosen: (heart, blue)
Outcome: False
partcle ids: ['shape_match', 'similar_color_11', 'similar_color_1', 'generator_1', 'similar_color_6', 'similar_color_9', 'similar_color_3', 'generator_2', 'similar_color_12', 'similar_color_12', 'similar_color_2', 'similar_color_8', 'shape_match', 'similar_color_11', 'similar_color_8', 'generator_3', 'similar_color_2', 'number_match', 'generator_4', 'similar_color_6', 'similar_color_5', 'generator_5', 'similar_color_1', 'similar_color_13', 'similar_color_4', 'similar_color_8', 'similar_color_8', 'similar_color_9', 'similar_color_13', 'similar_color_5']
number opened: 0
TRIAL 13
Action chosen: (green3, blue)
Outcome: False
partcle ids: ['shape_match', 'similar_color_11', 'similar_color_1', 'generator_1', 'similar_color_6', 'similar_color_9', 'similar_color_3', 'generator_2', 'similar_color_12', 'similar_color_12', 'similar_color_2', 'similar_color_8', 'shape_match', 'similar_color_11', 'similar_color_8', 'generator_3', 'similar_color_2', 'number_match', 'generator_4', 'similar_color_6', 'similar_color_5', 'generator_5', 'similar_color_1', 'similar_color_13', 'similar_color_4', 'similar_color_8', 'similar_color_8', 'similar_color_9', 'similar_color_13', 'similar_color_5']
number opened: 0
TRIAL 14
Action chosen: (blue, blue)
Outcome: False
partcle ids: ['shape_match', 'similar_color_11', 'similar_color_1', 'generator_1', 'similar_color_6', 'similar_color_9', 'similar_color_3', 'generator_2', 'similar_color_12', 'similar_color_12', 'similar_color_2', 'similar_color_8', 'shape_match', 'similar_color_11', 'similar_color_8', 'generator_3', 'similar_color_2', 'number_match', 'generator_4', 'similar_color_6', 'similar_color_5', 'generator_5', 'similar_color_1', 'similar_color_13', 'similar_color_4', 'similar_color_8', 'similar_color_8', 'similar_color_9', 'similar_color_13', 'similar_color_5']
number opened: 0
TRIAL 15
Action chosen: (purple, purple)
Outcome: False
partcle ids: ['shape_match', 'similar_color_11', 'similar_color_1', 'generator_1', 'similar_color_6', 'similar_color_9', 'similar_color_3', 'generator_2', 'similar_color_12', 'similar_color_12', 'similar_color_2', 'similar_color_8', 'shape_match', 'similar_color_11', 'similar_color_8', 'generator_3', 'similar_color_2', 'number_match', 'generator_4', 'similar_color_6', 'similar_color_5', 'generator_5', 'similar_color_1', 'similar_color_13', 'similar_color_4', 'similar_color_8', 'similar_color_8', 'similar_color_9', 'similar_color_13', 'similar_color_5']
number opened: 0
TRIAL 16
Action chosen: (purple, purple)
Outcome: False
partcle ids: ['shape_match', 'similar_color_11', 'similar_color_1', 'generator_1', 'similar_color_6', 'similar_color_9', 'similar_color_3', 'generator_2', 'similar_color_12', 'similar_color_12', 'similar_color_2', 'similar_color_8', 'shape_match', 'similar_color_11', 'similar_color_8', 'generator_3', 'similar_color_2', 'number_match', 'generator_4', 'similar_color_6', 'similar_color_5', 'generator_5', 'similar_color_1', 'similar_color_13', 'similar_color_4', 'similar_color_8', 'similar_color_8', 'similar_color_9', 'similar_color_13', 'similar_color_5']
number opened: 0
TRIAL 17
Action chosen: (purple, purple)
Outcome: False
partcle ids: ['shape_match', 'similar_color_11', 'similar_color_1', 'generator_1', 'similar_color_6', 'similar_color_9', 'similar_color_3', 'generator_2', 'similar_color_12', 'similar_color_12', 'similar_color_2', 'similar_color_8', 'shape_match', 'similar_color_11', 'similar_color_8', 'generator_3', 'similar_color_2', 'number_match', 'generator_4', 'similar_color_6', 'similar_color_5', 'generator_5', 'similar_color_1', 'similar_color_13', 'similar_color_4', 'similar_color_8', 'similar_color_8', 'similar_color_9', 'similar_color_13', 'similar_color_5']
number opened: 0
TRIAL 18
Action chosen: (purple, purple)
Outcome: False
partcle ids: ['shape_match', 'similar_color_11', 'similar_color_1', 'generator_1', 'similar_color_6', 'similar_color_9', 'similar_color_3', 'generator_2', 'similar_color_12', 'similar_color_12', 'similar_color_2', 'similar_color_8', 'shape_match', 'similar_color_11', 'similar_color_8', 'generator_3', 'similar_color_2', 'number_match', 'generator_4', 'similar_color_6', 'similar_color_5', 'generator_5', 'similar_color_1', 'similar_color_13', 'similar_color_4', 'similar_color_8', 'similar_color_8', 'similar_color_9', 'similar_color_13', 'similar_color_5']
number opened: 0
TRIAL 19
Action chosen: (purple, purple)
Outcome: False
partcle ids: ['shape_match', 'similar_color_11', 'similar_color_1', 'generator_1', 'similar_color_6', 'similar_color_9', 'similar_color_3', 'generator_2', 'similar_color_12', 'similar_color_12', 'similar_color_2', 'similar_color_8', 'shape_match', 'similar_color_11', 'similar_color_8', 'generator_3', 'similar_color_2', 'number_match', 'generator_4', 'similar_color_6', 'similar_color_5', 'generator_5', 'similar_color_1', 'similar_color_13', 'similar_color_4', 'similar_color_8', 'similar_color_8', 'similar_color_9', 'similar_color_13', 'similar_color_5']
number opened: 0
TRIAL 20
Action chosen: (purple, purple)
Outcome: False
partcle ids: ['shape_match', 'similar_color_11', 'similar_color_1', 'generator_1', 'similar_color_6', 'similar_color_9', 'similar_color_3', 'generator_2', 'similar_color_12', 'similar_color_12', 'similar_color_2', 'similar_color_8', 'shape_match', 'similar_color_11', 'similar_color_8', 'generator_3', 'similar_color_2', 'number_match', 'generator_4', 'similar_color_6', 'similar_color_5', 'generator_5', 'similar_color_1', 'similar_color_13', 'similar_color_4', 'similar_color_8', 'similar_color_8', 'similar_color_9', 'similar_color_13', 'similar_color_5']
number opened: 0
TRIAL 21
Action chosen: (purple, purple)
Outcome: False
partcle ids: ['shape_match', 'similar_color_11', 'similar_color_1', 'generator_1', 'similar_color_6', 'similar_color_9', 'similar_color_3', 'generator_2', 'similar_color_12', 'similar_color_12', 'similar_color_2', 'similar_color_8', 'shape_match', 'similar_color_11', 'similar_color_8', 'generator_3', 'similar_color_2', 'number_match', 'generator_4', 'similar_color_6', 'similar_color_5', 'generator_5', 'similar_color_1', 'similar_color_13', 'similar_color_4', 'similar_color_8', 'similar_color_8', 'similar_color_9', 'similar_color_13', 'similar_color_5']
number opened: 0
TRIAL 22
Action chosen: (pink, pink)
Outcome: False
partcle ids: ['similar_color_9', 'similar_color_9', 'similar_color_5', 'similar_color_9', 'generator_3', 'shape_match', 'similar_color_10', 'shape_match', 'similar_color_6', 'number_match', 'similar_color_7', 'generator_3', 'shape_match', 'shape_match', 'similar_color_14', 'generator_6', 'generator_1', 'generator_3', 'shape_match', 'similar_color_2', 'generator_3', 'generator_4', 'generator_5', 'similar_color_2', 'generator_3', 'generator_2', 'generator_2', 'similar_color_12', 'similar_color_9', 'generator_3']
number opened: 0
TRIAL 23
Action chosen: (cloud, pink)
Outcome: False
partcle ids: ['similar_color_9', 'similar_color_9', 'similar_color_5', 'similar_color_9', 'generator_3', 'shape_match', 'similar_color_10', 'shape_match', 'similar_color_6', 'number_match', 'similar_color_7', 'generator_3', 'shape_match', 'shape_match', 'similar_color_14', 'generator_6', 'generator_1', 'generator_3', 'shape_match', 'similar_color_2', 'generator_3', 'generator_4', 'generator_5', 'similar_color_2', 'generator_3', 'generator_2', 'generator_2', 'similar_color_12', 'similar_color_9', 'generator_3']
number opened: 0
TRIAL 24
Action chosen: (cloud, pink)
Outcome: False
partcle ids: ['similar_color_9', 'similar_color_9', 'similar_color_5', 'similar_color_9', 'generator_3', 'shape_match', 'similar_color_10', 'shape_match', 'similar_color_6', 'number_match', 'similar_color_7', 'generator_3', 'shape_match', 'shape_match', 'similar_color_14', 'generator_6', 'generator_1', 'generator_3', 'shape_match', 'similar_color_2', 'generator_3', 'generator_4', 'generator_5', 'similar_color_2', 'generator_3', 'generator_2', 'generator_2', 'similar_color_12', 'similar_color_9', 'generator_3']
number opened: 0
TRIAL 25
Action chosen: (purple, purple)
Outcome: False
partcle ids: ['similar_color_9', 'similar_color_9', 'similar_color_5', 'similar_color_9', 'generator_3', 'shape_match', 'similar_color_10', 'shape_match', 'similar_color_6', 'number_match', 'similar_color_7', 'generator_3', 'shape_match', 'shape_match', 'similar_color_14', 'generator_6', 'generator_1', 'generator_3', 'shape_match', 'similar_color_2', 'generator_3', 'generator_4', 'generator_5', 'similar_color_2', 'generator_3', 'generator_2', 'generator_2', 'similar_color_12', 'similar_color_9', 'generator_3']
number opened: 0
TRIAL 26
Action chosen: (purple, purple)
Outcome: False
partcle ids: ['similar_color_9', 'similar_color_9', 'similar_color_5', 'similar_color_9', 'generator_3', 'shape_match', 'similar_color_10', 'shape_match', 'similar_color_6', 'number_match', 'similar_color_7', 'generator_3', 'shape_match', 'shape_match', 'similar_color_14', 'generator_6', 'generator_1', 'generator_3', 'shape_match', 'similar_color_2', 'generator_3', 'generator_4', 'generator_5', 'similar_color_2', 'generator_3', 'generator_2', 'generator_2', 'similar_color_12', 'similar_color_9', 'generator_3']
number opened: 0
TRIAL 27
Action chosen: (purple, purple)
Outcome: False
partcle ids: ['similar_color_9', 'similar_color_9', 'similar_color_5', 'similar_color_9', 'generator_3', 'shape_match', 'similar_color_10', 'shape_match', 'similar_color_6', 'number_match', 'similar_color_7', 'generator_3', 'shape_match', 'shape_match', 'similar_color_14', 'generator_6', 'generator_1', 'generator_3', 'shape_match', 'similar_color_2', 'generator_3', 'generator_4', 'generator_5', 'similar_color_2', 'generator_3', 'generator_2', 'generator_2', 'similar_color_12', 'similar_color_9', 'generator_3']
number opened: 0
TRIAL 28
Action chosen: (purple, purple)
Outcome: False
partcle ids: ['similar_color_9', 'similar_color_9', 'similar_color_5', 'similar_color_9', 'generator_3', 'shape_match', 'similar_color_10', 'shape_match', 'similar_color_6', 'number_match', 'similar_color_7', 'generator_3', 'shape_match', 'shape_match', 'similar_color_14', 'generator_6', 'generator_1', 'generator_3', 'shape_match', 'similar_color_2', 'generator_3', 'generator_4', 'generator_5', 'similar_color_2', 'generator_3', 'generator_2', 'generator_2', 'similar_color_12', 'similar_color_9', 'generator_3']
number opened: 0
TRIAL 29
Action chosen: (cloud, pink)
Outcome: False
partcle ids: ['similar_color_9', 'similar_color_9', 'similar_color_5', 'similar_color_9', 'generator_3', 'shape_match', 'similar_color_10', 'shape_match', 'similar_color_6', 'number_match', 'similar_color_7', 'generator_3', 'shape_match', 'shape_match', 'similar_color_14', 'generator_6', 'generator_1', 'generator_3', 'shape_match', 'similar_color_2', 'generator_3', 'generator_4', 'generator_5', 'similar_color_2', 'generator_3', 'generator_2', 'generator_2', 'similar_color_12', 'similar_color_9', 'generator_3']
number opened: 0
TRIAL 30
Action chosen: (purple, purple)
Outcome: False
partcle ids: ['similar_color_9', 'similar_color_9', 'similar_color_5', 'similar_color_9', 'generator_3', 'shape_match', 'similar_color_10', 'shape_match', 'similar_color_6', 'number_match', 'similar_color_7', 'generator_3', 'shape_match', 'shape_match', 'similar_color_14', 'generator_6', 'generator_1', 'generator_3', 'shape_match', 'similar_color_2', 'generator_3', 'generator_4', 'generator_5', 'similar_color_2', 'generator_3', 'generator_2', 'generator_2', 'similar_color_12', 'similar_color_9', 'generator_3']
number opened: 0
TRIAL 31
Action chosen: (cloud, pink)
Outcome: False
partcle ids: ['similar_color_9', 'similar_color_9', 'similar_color_5', 'similar_color_9', 'generator_3', 'shape_match', 'similar_color_10', 'shape_match', 'similar_color_6', 'number_match', 'similar_color_7', 'generator_3', 'shape_match', 'shape_match', 'similar_color_14', 'generator_6', 'generator_1', 'generator_3', 'shape_match', 'similar_color_2', 'generator_3', 'generator_4', 'generator_5', 'similar_color_2', 'generator_3', 'generator_2', 'generator_2', 'similar_color_12', 'similar_color_9', 'generator_3']
number opened: 0
TRIAL 32
Action chosen: (purple, purple)
Outcome: False
partcle ids: ['similar_color_9', 'similar_color_9', 'similar_color_5', 'similar_color_9', 'generator_3', 'shape_match', 'similar_color_10', 'shape_match', 'similar_color_6', 'number_match', 'similar_color_7', 'generator_3', 'shape_match', 'shape_match', 'similar_color_14', 'generator_6', 'generator_1', 'generator_3', 'shape_match', 'similar_color_2', 'generator_3', 'generator_4', 'generator_5', 'similar_color_2', 'generator_3', 'generator_2', 'generator_2', 'similar_color_12', 'similar_color_9', 'generator_3']
number opened: 0
TRIAL 33
Action chosen: (cloud, pink)
Outcome: False
partcle ids: ['similar_color_9', 'similar_color_9', 'similar_color_5', 'similar_color_9', 'generator_3', 'shape_match', 'similar_color_10', 'shape_match', 'similar_color_6', 'number_match', 'similar_color_7', 'generator_3', 'shape_match', 'shape_match', 'similar_color_14', 'generator_6', 'generator_1', 'generator_3', 'shape_match', 'similar_color_2', 'generator_3', 'generator_4', 'generator_5', 'similar_color_2', 'generator_3', 'generator_2', 'generator_2', 'similar_color_12', 'similar_color_9', 'generator_3']
number opened: 0
TRIAL 34
Action chosen: (purple, purple)
Outcome: False
partcle ids: ['similar_color_9', 'similar_color_9', 'similar_color_5', 'similar_color_9', 'generator_3', 'shape_match', 'similar_color_10', 'shape_match', 'similar_color_6', 'number_match', 'similar_color_7', 'generator_3', 'shape_match', 'shape_match', 'similar_color_14', 'generator_6', 'generator_1', 'generator_3', 'shape_match', 'similar_color_2', 'generator_3', 'generator_4', 'generator_5', 'similar_color_2', 'generator_3', 'generator_2', 'generator_2', 'similar_color_12', 'similar_color_9', 'generator_3']
number opened: 0
TRIAL 35
Action chosen: (cloud, pink)
Outcome: False
partcle ids: ['similar_color_9', 'similar_color_9', 'similar_color_5', 'similar_color_9', 'generator_3', 'shape_match', 'similar_color_10', 'shape_match', 'similar_color_6', 'number_match', 'similar_color_7', 'generator_3', 'shape_match', 'shape_match', 'similar_color_14', 'generator_6', 'generator_1', 'generator_3', 'shape_match', 'similar_color_2', 'generator_3', 'generator_4', 'generator_5', 'similar_color_2', 'generator_3', 'generator_2', 'generator_2', 'similar_color_12', 'similar_color_9', 'generator_3']
number opened: 0
TRIAL 36
Action chosen: (pink, pink)
Outcome: False
partcle ids: ['similar_color_9', 'similar_color_9', 'similar_color_5', 'similar_color_9', 'generator_3', 'shape_match', 'similar_color_10', 'shape_match', 'similar_color_6', 'number_match', 'similar_color_7', 'generator_3', 'shape_match', 'shape_match', 'similar_color_14', 'generator_6', 'generator_1', 'generator_3', 'shape_match', 'similar_color_2', 'generator_3', 'generator_4', 'generator_5', 'similar_color_2', 'generator_3', 'generator_2', 'generator_2', 'similar_color_12', 'similar_color_9', 'generator_3']
number opened: 0
TRIAL 37
Action chosen: (pink, pink)
Outcome: False
partcle ids: ['similar_color_9', 'similar_color_9', 'similar_color_5', 'similar_color_9', 'generator_3', 'shape_match', 'similar_color_10', 'shape_match', 'similar_color_6', 'number_match', 'similar_color_7', 'generator_3', 'shape_match', 'shape_match', 'similar_color_14', 'generator_6', 'generator_1', 'generator_3', 'shape_match', 'similar_color_2', 'generator_3', 'generator_4', 'generator_5', 'similar_color_2', 'generator_3', 'generator_2', 'generator_2', 'similar_color_12', 'similar_color_9', 'generator_3']
number opened: 0
TRIAL 38
Action chosen: (pink, pink)
Outcome: False
partcle ids: ['similar_color_9', 'similar_color_9', 'similar_color_5', 'similar_color_9', 'generator_3', 'shape_match', 'similar_color_10', 'shape_match', 'similar_color_6', 'number_match', 'similar_color_7', 'generator_3', 'shape_match', 'shape_match', 'similar_color_14', 'generator_6', 'generator_1', 'generator_3', 'shape_match', 'similar_color_2', 'generator_3', 'generator_4', 'generator_5', 'similar_color_2', 'generator_3', 'generator_2', 'generator_2', 'similar_color_12', 'similar_color_9', 'generator_3']
number opened: 0
TRIAL 39
Action chosen: (pink, pink)
Outcome: False
partcle ids: ['similar_color_9', 'similar_color_9', 'similar_color_5', 'similar_color_9', 'generator_3', 'shape_match', 'similar_color_10', 'shape_match', 'similar_color_6', 'number_match', 'similar_color_7', 'generator_3', 'shape_match', 'shape_match', 'similar_color_14', 'generator_6', 'generator_1', 'generator_3', 'shape_match', 'similar_color_2', 'generator_3', 'generator_4', 'generator_5', 'similar_color_2', 'generator_3', 'generator_2', 'generator_2', 'similar_color_12', 'similar_color_9', 'generator_3']
number opened: 0
TRIAL 40
Action chosen: (cloud, pink)
Outcome: False
partcle ids: ['similar_color_9', 'similar_color_9', 'similar_color_5', 'similar_color_9', 'generator_3', 'shape_match', 'similar_color_10', 'shape_match', 'similar_color_6', 'number_match', 'similar_color_7', 'generator_3', 'shape_match', 'shape_match', 'similar_color_14', 'generator_6', 'generator_1', 'generator_3', 'shape_match', 'similar_color_2', 'generator_3', 'generator_4', 'generator_5', 'similar_color_2', 'generator_3', 'generator_2', 'generator_2', 'similar_color_12', 'similar_color_9', 'generator_3']
number opened: 0
TRIAL 41
Action chosen: (pink, pink)
Outcome: False
partcle ids: ['similar_color_9', 'similar_color_9', 'similar_color_5', 'similar_color_9', 'generator_3', 'shape_match', 'similar_color_10', 'shape_match', 'similar_color_6', 'number_match', 'similar_color_7', 'generator_3', 'shape_match', 'shape_match', 'similar_color_14', 'generator_6', 'generator_1', 'generator_3', 'shape_match', 'similar_color_2', 'generator_3', 'generator_4', 'generator_5', 'similar_color_2', 'generator_3', 'generator_2', 'generator_2', 'similar_color_12', 'similar_color_9', 'generator_3']
number opened: 0
TRIAL 42
Action chosen: (cloud, pink)
Outcome: False
partcle ids: ['similar_color_9', 'similar_color_9', 'similar_color_5', 'similar_color_9', 'generator_3', 'shape_match', 'similar_color_10', 'shape_match', 'similar_color_6', 'number_match', 'similar_color_7', 'generator_3', 'shape_match', 'shape_match', 'similar_color_14', 'generator_6', 'generator_1', 'generator_3', 'shape_match', 'similar_color_2', 'generator_3', 'generator_4', 'generator_5', 'similar_color_2', 'generator_3', 'generator_2', 'generator_2', 'similar_color_12', 'similar_color_9', 'generator_3']
number opened: 0
TRIAL 43
Action chosen: (pink, pink)
Outcome: False
partcle ids: ['similar_color_9', 'similar_color_9', 'similar_color_5', 'similar_color_9', 'generator_3', 'shape_match', 'similar_color_10', 'shape_match', 'similar_color_6', 'number_match', 'similar_color_7', 'generator_3', 'shape_match', 'shape_match', 'similar_color_14', 'generator_6', 'generator_1', 'generator_3', 'shape_match', 'similar_color_2', 'generator_3', 'generator_4', 'generator_5', 'similar_color_2', 'generator_3', 'generator_2', 'generator_2', 'similar_color_12', 'similar_color_9', 'generator_3']
number opened: 0
TRIAL 44
Action chosen: (cloud, pink)
Outcome: False
partcle ids: ['similar_color_9', 'similar_color_9', 'similar_color_5', 'similar_color_9', 'generator_3', 'shape_match', 'similar_color_10', 'shape_match', 'similar_color_6', 'number_match', 'similar_color_7', 'generator_3', 'shape_match', 'shape_match', 'similar_color_14', 'generator_6', 'generator_1', 'generator_3', 'shape_match', 'similar_color_2', 'generator_3', 'generator_4', 'generator_5', 'similar_color_2', 'generator_3', 'generator_2', 'generator_2', 'similar_color_12', 'similar_color_9', 'generator_3']
number opened: 0
TRIAL 45
Action chosen: (pink, pink)
Outcome: False
partcle ids: ['similar_color_9', 'similar_color_9', 'similar_color_5', 'similar_color_9', 'generator_3', 'shape_match', 'similar_color_10', 'shape_match', 'similar_color_6', 'number_match', 'similar_color_7', 'generator_3', 'shape_match', 'shape_match', 'similar_color_14', 'generator_6', 'generator_1', 'generator_3', 'shape_match', 'similar_color_2', 'generator_3', 'generator_4', 'generator_5', 'similar_color_2', 'generator_3', 'generator_2', 'generator_2', 'similar_color_12', 'similar_color_9', 'generator_3']
number opened: 0
TRIAL 46
Action chosen: (cloud, pink)
Outcome: False
partcle ids: ['similar_color_9', 'similar_color_9', 'similar_color_5', 'similar_color_9', 'generator_3', 'shape_match', 'similar_color_10', 'shape_match', 'similar_color_6', 'number_match', 'similar_color_7', 'generator_3', 'shape_match', 'shape_match', 'similar_color_14', 'generator_6', 'generator_1', 'generator_3', 'shape_match', 'similar_color_2', 'generator_3', 'generator_4', 'generator_5', 'similar_color_2', 'generator_3', 'generator_2', 'generator_2', 'similar_color_12', 'similar_color_9', 'generator_3']
number opened: 0
TRIAL 47
Action chosen: (pink, pink)
Outcome: False
partcle ids: ['similar_color_9', 'similar_color_9', 'similar_color_5', 'similar_color_9', 'generator_3', 'shape_match', 'similar_color_10', 'shape_match', 'similar_color_6', 'number_match', 'similar_color_7', 'generator_3', 'shape_match', 'shape_match', 'similar_color_14', 'generator_6', 'generator_1', 'generator_3', 'shape_match', 'similar_color_2', 'generator_3', 'generator_4', 'generator_5', 'similar_color_2', 'generator_3', 'generator_2', 'generator_2', 'similar_color_12', 'similar_color_9', 'generator_3']
number opened: 0
TRIAL 48
Action chosen: (cloud, pink)
Outcome: False
partcle ids: ['similar_color_9', 'similar_color_9', 'similar_color_5', 'similar_color_9', 'generator_3', 'shape_match', 'similar_color_10', 'shape_match', 'similar_color_6', 'number_match', 'similar_color_7', 'generator_3', 'shape_match', 'shape_match', 'similar_color_14', 'generator_6', 'generator_1', 'generator_3', 'shape_match', 'similar_color_2', 'generator_3', 'generator_4', 'generator_5', 'similar_color_2', 'generator_3', 'generator_2', 'generator_2', 'similar_color_12', 'similar_color_9', 'generator_3']
number opened: 0
TRIAL 49
Action chosen: (pink, pink)
Outcome: False
partcle ids: ['similar_color_9', 'similar_color_9', 'similar_color_5', 'similar_color_9', 'generator_3', 'shape_match', 'similar_color_10', 'shape_match', 'similar_color_6', 'number_match', 'similar_color_7', 'generator_3', 'shape_match', 'shape_match', 'similar_color_14', 'generator_6', 'generator_1', 'generator_3', 'shape_match', 'similar_color_2', 'generator_3', 'generator_4', 'generator_5', 'similar_color_2', 'generator_3', 'generator_2', 'generator_2', 'similar_color_12', 'similar_color_9', 'generator_3']
number opened: 0
TRIAL 50
Action chosen: (cloud, pink)
Outcome: False
partcle ids: ['similar_color_9', 'similar_color_9', 'similar_color_5', 'similar_color_9', 'generator_3', 'shape_match', 'similar_color_10', 'shape_match', 'similar_color_6', 'number_match', 'similar_color_7', 'generator_3', 'shape_match', 'shape_match', 'similar_color_14', 'generator_6', 'generator_1', 'generator_3', 'shape_match', 'similar_color_2', 'generator_3', 'generator_4', 'generator_5', 'similar_color_2', 'generator_3', 'generator_2', 'generator_2', 'similar_color_12', 'similar_color_9', 'generator_3']
number opened: 0
TRIAL 51
Action chosen: (pink, pink)
Outcome: False
partcle ids: ['similar_color_9', 'similar_color_9', 'similar_color_5', 'similar_color_9', 'generator_3', 'shape_match', 'similar_color_10', 'shape_match', 'similar_color_6', 'number_match', 'similar_color_7', 'generator_3', 'shape_match', 'shape_match', 'similar_color_14', 'generator_6', 'generator_1', 'generator_3', 'shape_match', 'similar_color_2', 'generator_3', 'generator_4', 'generator_5', 'similar_color_2', 'generator_3', 'generator_2', 'generator_2', 'similar_color_12', 'similar_color_9', 'generator_3']
number opened: 0
TRIAL 52
Action chosen: (cloud, pink)
Outcome: False
partcle ids: ['similar_color_9', 'similar_color_9', 'similar_color_5', 'similar_color_9', 'generator_3', 'shape_match', 'similar_color_10', 'shape_match', 'similar_color_6', 'number_match', 'similar_color_7', 'generator_3', 'shape_match', 'shape_match', 'similar_color_14', 'generator_6', 'generator_1', 'generator_3', 'shape_match', 'similar_color_2', 'generator_3', 'generator_4', 'generator_5', 'similar_color_2', 'generator_3', 'generator_2', 'generator_2', 'similar_color_12', 'similar_color_9', 'generator_3']
number opened: 0
TRIAL 53
Action chosen: (pink, pink)
Outcome: False
partcle ids: ['similar_color_9', 'similar_color_9', 'similar_color_5', 'similar_color_9', 'generator_3', 'shape_match', 'similar_color_10', 'shape_match', 'similar_color_6', 'number_match', 'similar_color_7', 'generator_3', 'shape_match', 'shape_match', 'similar_color_14', 'generator_6', 'generator_1', 'generator_3', 'shape_match', 'similar_color_2', 'generator_3', 'generator_4', 'generator_5', 'similar_color_2', 'generator_3', 'generator_2', 'generator_2', 'similar_color_12', 'similar_color_9', 'generator_3']
number opened: 0
TRIAL 54
Action chosen: (cloud, pink)
Outcome: False
partcle ids: ['similar_color_9', 'similar_color_9', 'similar_color_5', 'similar_color_9', 'generator_3', 'shape_match', 'similar_color_10', 'shape_match', 'similar_color_6', 'number_match', 'similar_color_7', 'generator_3', 'shape_match', 'shape_match', 'similar_color_14', 'generator_6', 'generator_1', 'generator_3', 'shape_match', 'similar_color_2', 'generator_3', 'generator_4', 'generator_5', 'similar_color_2', 'generator_3', 'generator_2', 'generator_2', 'similar_color_12', 'similar_color_9', 'generator_3']
number opened: 0
TRIAL 55
Action chosen: (pink, pink)
Outcome: False
partcle ids: ['similar_color_9', 'similar_color_9', 'similar_color_5', 'similar_color_9', 'generator_3', 'shape_match', 'similar_color_10', 'shape_match', 'similar_color_6', 'number_match', 'similar_color_7', 'generator_3', 'shape_match', 'shape_match', 'similar_color_14', 'generator_6', 'generator_1', 'generator_3', 'shape_match', 'similar_color_2', 'generator_3', 'generator_4', 'generator_5', 'similar_color_2', 'generator_3', 'generator_2', 'generator_2', 'similar_color_12', 'similar_color_9', 'generator_3']
number opened: 0
TRIAL 56
Action chosen: (cloud, pink)
Outcome: False
partcle ids: ['similar_color_9', 'similar_color_9', 'similar_color_5', 'similar_color_9', 'generator_3', 'shape_match', 'similar_color_10', 'shape_match', 'similar_color_6', 'number_match', 'similar_color_7', 'generator_3', 'shape_match', 'shape_match', 'similar_color_14', 'generator_6', 'generator_1', 'generator_3', 'shape_match', 'similar_color_2', 'generator_3', 'generator_4', 'generator_5', 'similar_color_2', 'generator_3', 'generator_2', 'generator_2', 'similar_color_12', 'similar_color_9', 'generator_3']
number opened: 0
TRIAL 57
Action chosen: (pink, pink)
Outcome: False
partcle ids: ['similar_color_9', 'similar_color_9', 'similar_color_5', 'similar_color_9', 'generator_3', 'shape_match', 'similar_color_10', 'shape_match', 'similar_color_6', 'number_match', 'similar_color_7', 'generator_3', 'shape_match', 'shape_match', 'similar_color_14', 'generator_6', 'generator_1', 'generator_3', 'shape_match', 'similar_color_2', 'generator_3', 'generator_4', 'generator_5', 'similar_color_2', 'generator_3', 'generator_2', 'generator_2', 'similar_color_12', 'similar_color_9', 'generator_3']
number opened: 0
TRIAL 58
Action chosen: (red, red)
Outcome: True
partcle ids: ['similar_color_5', 'generator_7', 'generator_8', 'generator_3', 'generator_9', 'similar_color_14', 'number_match', 'similar_color_11', 'generator_3', 'generator_10', 'generator_11', 'generator_12', 'generator_13', 'similar_color_11', 'generator_14', 'generator_3', 'similar_color_6', 'order_match', 'similar_color_1', 'color_match', 'number_match', 'similar_color_10', 'similar_color_9', 'generator_15', 'number_match', 'generator_16', 'generator_3', 'generator_3', 'number_match', 'similar_color_14']
number opened: 1
TRIAL 59
Action chosen: (pink, pink)
Outcome: False
partcle ids: ['similar_color_5', 'generator_7', 'generator_8', 'generator_3', 'generator_9', 'similar_color_14', 'number_match', 'similar_color_11', 'generator_3', 'generator_10', 'generator_11', 'generator_12', 'generator_13', 'similar_color_11', 'generator_14', 'generator_3', 'similar_color_6', 'order_match', 'similar_color_1', 'color_match', 'number_match', 'similar_color_10', 'similar_color_9', 'generator_15', 'number_match', 'generator_16', 'generator_3', 'generator_3', 'number_match', 'similar_color_14']
number opened: 1
TRIAL 60
Action chosen: (pink, pink)
Outcome: False
partcle ids: ['similar_color_5', 'generator_7', 'generator_8', 'generator_3', 'generator_9', 'similar_color_14', 'number_match', 'similar_color_11', 'generator_3', 'generator_10', 'generator_11', 'generator_12', 'generator_13', 'similar_color_11', 'generator_14', 'generator_3', 'similar_color_6', 'order_match', 'similar_color_1', 'color_match', 'number_match', 'similar_color_10', 'similar_color_9', 'generator_15', 'number_match', 'generator_16', 'generator_3', 'generator_3', 'number_match', 'similar_color_14']
number opened: 1
TRIAL 61
Action chosen: (pink, pink)
Outcome: False
partcle ids: ['similar_color_5', 'generator_7', 'generator_8', 'generator_3', 'generator_9', 'similar_color_14', 'number_match', 'similar_color_11', 'generator_3', 'generator_10', 'generator_11', 'generator_12', 'generator_13', 'similar_color_11', 'generator_14', 'generator_3', 'similar_color_6', 'order_match', 'similar_color_1', 'color_match', 'number_match', 'similar_color_10', 'similar_color_9', 'generator_15', 'number_match', 'generator_16', 'generator_3', 'generator_3', 'number_match', 'similar_color_14']
number opened: 1
TRIAL 62
Action chosen: (pink, pink)
Outcome: False
partcle ids: ['similar_color_5', 'generator_7', 'generator_8', 'generator_3', 'generator_9', 'similar_color_14', 'number_match', 'similar_color_11', 'generator_3', 'generator_10', 'generator_11', 'generator_12', 'generator_13', 'similar_color_11', 'generator_14', 'generator_3', 'similar_color_6', 'order_match', 'similar_color_1', 'color_match', 'number_match', 'similar_color_10', 'similar_color_9', 'generator_15', 'number_match', 'generator_16', 'generator_3', 'generator_3', 'number_match', 'similar_color_14']
number opened: 1
TRIAL 63
Action chosen: (pink, pink)
Outcome: False
partcle ids: ['similar_color_5', 'generator_7', 'generator_8', 'generator_3', 'generator_9', 'similar_color_14', 'number_match', 'similar_color_11', 'generator_3', 'generator_10', 'generator_11', 'generator_12', 'generator_13', 'similar_color_11', 'generator_14', 'generator_3', 'similar_color_6', 'order_match', 'similar_color_1', 'color_match', 'number_match', 'similar_color_10', 'similar_color_9', 'generator_15', 'number_match', 'generator_16', 'generator_3', 'generator_3', 'number_match', 'similar_color_14']
number opened: 1
TRIAL 64
Action chosen: (pink, pink)
Outcome: False
partcle ids: ['similar_color_5', 'generator_7', 'generator_8', 'generator_3', 'generator_9', 'similar_color_14', 'number_match', 'similar_color_11', 'generator_3', 'generator_10', 'generator_11', 'generator_12', 'generator_13', 'similar_color_11', 'generator_14', 'generator_3', 'similar_color_6', 'order_match', 'similar_color_1', 'color_match', 'number_match', 'similar_color_10', 'similar_color_9', 'generator_15', 'number_match', 'generator_16', 'generator_3', 'generator_3', 'number_match', 'similar_color_14']
number opened: 1
TRIAL 65
Action chosen: (grey2, purple)
Outcome: False
partcle ids: ['similar_color_5', 'generator_7', 'generator_8', 'generator_3', 'generator_9', 'similar_color_14', 'number_match', 'similar_color_11', 'generator_3', 'generator_10', 'generator_11', 'generator_12', 'generator_13', 'similar_color_11', 'generator_14', 'generator_3', 'similar_color_6', 'order_match', 'similar_color_1', 'color_match', 'number_match', 'similar_color_10', 'similar_color_9', 'generator_15', 'number_match', 'generator_16', 'generator_3', 'generator_3', 'number_match', 'similar_color_14']
number opened: 1
TRIAL 66
Action chosen: (pink, pink)
Outcome: False
partcle ids: ['similar_color_5', 'generator_7', 'generator_8', 'generator_3', 'generator_9', 'similar_color_14', 'number_match', 'similar_color_11', 'generator_3', 'generator_10', 'generator_11', 'generator_12', 'generator_13', 'similar_color_11', 'generator_14', 'generator_3', 'similar_color_6', 'order_match', 'similar_color_1', 'color_match', 'number_match', 'similar_color_10', 'similar_color_9', 'generator_15', 'number_match', 'generator_16', 'generator_3', 'generator_3', 'number_match', 'similar_color_14']
number opened: 1
TRIAL 67
Action chosen: (grey2, pink)
Outcome: True
partcle ids: ['generator_17', 'generator_18', 'order_match', 'generator_19', 'generator_20', 'generator_21', 'generator_22', 'generator_23', 'generator_11', 'generator_25', 'generator_26', 'generator_27', 'generator_28', 'generator_29', 'generator_30', 'generator_31', 'generator_32', 'generator_33', 'generator_34', 'order_match', 'generator_35', 'generator_36', 'generator_37', 'generator_38', 'generator_39', 'generator_40', 'generator_41', 'order_match', 'generator_42', 'generator_43']
number opened: 2
TRIAL 68
Action chosen: (yellow5, purple)
Outcome: False
partcle ids: ['generator_17', 'generator_18', 'order_match', 'generator_19', 'generator_20', 'generator_21', 'generator_22', 'generator_23', 'generator_11', 'generator_25', 'generator_26', 'generator_27', 'generator_28', 'generator_29', 'generator_30', 'generator_31', 'generator_32', 'generator_33', 'generator_34', 'order_match', 'generator_35', 'generator_36', 'generator_37', 'generator_38', 'generator_39', 'generator_40', 'generator_41', 'order_match', 'generator_42', 'generator_43']
number opened: 2
TRIAL 69
Action chosen: (orange4, purple)
Outcome: False
partcle ids: ['generator_17', 'generator_18', 'order_match', 'generator_19', 'generator_20', 'generator_21', 'generator_22', 'generator_23', 'generator_11', 'generator_25', 'generator_26', 'generator_27', 'generator_28', 'generator_29', 'generator_30', 'generator_31', 'generator_32', 'generator_33', 'generator_34', 'order_match', 'generator_35', 'generator_36', 'generator_37', 'generator_38', 'generator_39', 'generator_40', 'generator_41', 'order_match', 'generator_42', 'generator_43']
number opened: 2
TRIAL 70
Action chosen: (blue, white)
Outcome: False
partcle ids: ['generator_17', 'generator_18', 'order_match', 'generator_19', 'generator_20', 'generator_21', 'generator_22', 'generator_23', 'generator_11', 'generator_25', 'generator_26', 'generator_27', 'generator_28', 'generator_29', 'generator_30', 'generator_31', 'generator_32', 'generator_33', 'generator_34', 'order_match', 'generator_35', 'generator_36', 'generator_37', 'generator_38', 'generator_39', 'generator_40', 'generator_41', 'order_match', 'generator_42', 'generator_43']
number opened: 2
{"attempts": 70, "unique_key_box_pairs": 13, "revisit_attempts": 57, "revisit_rate": 0.8260869565217391, "attempts_before_abandoning_color_matching": 0, "color_matching_abandoned": true}
