{"Child_ID": "D090", "SoC_variant": "SoC-Full", "theta": [1, 3], "p_gen": 0.2, "true_prior": 0.02, "run_number": 43, "seed": 7537147882294694941}
TRIAL 1
Action chosen: (heart, blue)
Outcome: False
partcle ids: ['similar_color_1', 'similar_color_1', 'similar_color_12', 'similar_color_13', 'similar_color_3', 'similar_color_12', 'similar_color_11', 'number_match', 'similar_color_8', 'similar_color_9', 'similar_color_5', 'similar_color_9', 'similar_color_1', 'similar_color_2', 'generator_1', 'similar_color_10', 'generator_2', 'shape_match', 'similar_color_2', 'similar_color_9', 'similar_color_4', 'similar_color_14', 'similar_color_5', 'similar_color_8', 'shape_match', 'similar_color_11', 'similar_color_1', 'similar_color_1', 'similar_color_11', 'similar_color_11']
number opened: 0
TRIAL 2
Action chosen: (green3, blue)
Outcome: False
partcle ids: ['similar_color_1', 'similar_color_1', 'similar_color_12', 'similar_color_13', 'similar_color_3', 'similar_color_12', 'similar_color_11', 'number_match', 'similar_color_8', 'similar_color_9', 'similar_color_5', 'similar_color_9', 'similar_color_1', 'similar_color_2', 'generator_1', 'similar_color_10', 'generator_2', 'shape_match', 'similar_color_2', 'similar_color_9', 'similar_color_4', 'similar_color_14', 'similar_color_5', 'similar_color_8', 'shape_match', 'similar_color_11', 'similar_color_1', 'similar_color_1', 'similar_color_11', 'similar_color_11']
number opened: 0
TRIAL 3
Action chosen: (heart, blue)
Outcome: False
partcle ids: ['similar_color_1', 'similar_color_1', 'similar_color_12', 'similar_color_13', 'similar_color_3', 'similar_color_12', 'similar_color_11', 'number_match', 'similar_color_8', 'similar_color_9', 'similar_color_5', 'similar_color_9', 'similar_color_1', 'similar_color_2', 'generator_1', 'similar_color_10', 'generator_2', 'shape_match', 'similar_color_2', 'similar_color_9', 'similar_color_4', 'similar_color_14', 'similar_color_5', 'similar_color_8', 'shape_match', 'similar_color_11', 'similar_color_1', 'similar_color_1', 'similar_color_11', 'similar_color_11']
number opened: 0
TRIAL 4
Action chosen: (green3, blue)
Outcome: False
partcle ids: ['similar_color_1', 'similar_color_1', 'similar_color_12', 'similar_color_13', 'similar_color_3', 'similar_color_12', 'similar_color_11', 'number_match', 'similar_color_8', 'similar_color_9', 'similar_color_5', 'similar_color_9', 'similar_color_1', 'similar_color_2', 'generator_1', 'similar_color_10', 'generator_2', 'shape_match', 'similar_color_2', 'similar_color_9', 'similar_color_4', 'similar_color_14', 'similar_color_5', 'similar_color_8', 'shape_match', 'similar_color_11', 'similar_color_1', 'similar_color_1', 'similar_color_11', 'similar_color_11']
number opened: 0
TRIAL 5
Action chosen: (heart, blue)
Outcome: False
partcle ids: ['similar_color_1', 'similar_color_1', 'similar_color_12', 'similar_color_13', 'similar_color_3', 'similar_color_12', 'similar_color_11', 'number_match', 'similar_color_8', 'similar_color_9', 'similar_color_5', 'similar_color_9', 'similar_color_1', 'similar_color_2', 'generator_1', 'similar_color_10', 'generator_2', 'shape_match', 'similar_color_2', 'similar_color_9', 'similar_color_4', 'similar_color_14', 'similar_color_5', 'similar_color_8', 'shape_match', 'similar_color_11', 'similar_color_1', 'similar_color_1', 'similar_color_11', 'similar_color_11']
number opened: 0
TRIAL 6
Action chosen: (green3, blue)
Outcome: False
partcle ids: ['similar_color_1', 'similar_color_1', 'similar_color_12', 'similar_color_13', 'similar_color_3', 'similar_color_12', 'similar_color_11', 'number_match', 'similar_color_8', 'similar_color_9', 'similar_color_5', 'similar_color_9', 'similar_color_1', 'similar_color_2', 'generator_1', 'similar_color_10', 'generator_2', 'shape_match', 'similar_color_2', 'similar_color_9', 'similar_color_4', 'similar_color_14', 'similar_color_5', 'similar_color_8', 'shape_match', 'similar_color_11', 'similar_color_1', 'similar_color_1', 'similar_color_11', 'similar_color_11']
number opened: 0
TRIAL 7
Action chosen: (cloud, white)
Outcome: False
partcle ids: ['similar_color_1', 'similar_color_1', 'similar_color_12', 'similar_color_13', 'similar_color_3', 'similar_color_12', 'similar_color_11', 'number_match', 'similar_color_8', 'similar_color_9', 'similar_color_5', 'similar_color_9', 'similar_color_1', 'similar_color_2', 'generator_1', 'similar_color_10', 'generator_2', 'shape_match', 'similar_color_2', 'similar_color_9', 'similar_color_4', 'similar_color_14', 'similar_color_5', 'similar_color_8', 'shape_match', 'similar_color_11', 'similar_color_1', 'similar_color_1', 'similar_color_11', 'similar_color_11']
number opened: 0
TRIAL 8
Action chosen: (heart, blue)
Outcome: False
partcle ids: ['similar_color_1', 'similar_color_1', 'similar_color_12', 'similar_color_13', 'similar_color_3', 'similar_color_12', 'similar_color_11', 'number_match', 'similar_color_8', 'similar_color_9', 'similar_color_5', 'similar_color_9', 'similar_color_1', 'similar_color_2', 'generator_1', 'similar_color_10', 'generator_2', 'shape_match', 'similar_color_2', 'similar_color_9', 'similar_color_4', 'similar_color_14', 'similar_color_5', 'similar_color_8', 'shape_match', 'similar_color_11', 'similar_color_1', 'similar_color_1', 'similar_color_11', 'similar_color_11']
number opened: 0
TRIAL 9
Action chosen: (green3, blue)
Outcome: False
partcle ids: ['similar_color_1', 'similar_color_1', 'similar_color_12', 'similar_color_13', 'similar_color_3', 'similar_color_12', 'similar_color_11', 'number_match', 'similar_color_8', 'similar_color_9', 'similar_color_5', 'similar_color_9', 'similar_color_1', 'similar_color_2', 'generator_1', 'similar_color_10', 'generator_2', 'shape_match', 'similar_color_2', 'similar_color_9', 'similar_color_4', 'similar_color_14', 'similar_color_5', 'similar_color_8', 'shape_match', 'similar_color_11', 'similar_color_1', 'similar_color_1', 'similar_color_11', 'similar_color_11']
number opened: 0
TRIAL 10
Action chosen: (blue, blue)
Outcome: False
partcle ids: ['similar_color_1', 'similar_color_1', 'similar_color_12', 'similar_color_13', 'similar_color_3', 'similar_color_12', 'similar_color_11', 'number_match', 'similar_color_8', 'similar_color_9', 'similar_color_5', 'similar_color_9', 'similar_color_1', 'similar_color_2', 'generator_1', 'similar_color_10', 'generator_2', 'shape_match', 'similar_color_2', 'similar_color_9', 'similar_color_4', 'similar_color_14', 'similar_color_5', 'similar_color_8', 'shape_match', 'similar_color_11', 'similar_color_1', 'similar_color_1', 'similar_color_11', 'similar_color_11']
number opened: 0
TRIAL 11
Action chosen: (heart, blue)
Outcome: False
partcle ids: ['similar_color_1', 'similar_color_1', 'similar_color_12', 'similar_color_13', 'similar_color_3', 'similar_color_12', 'similar_color_11', 'number_match', 'similar_color_8', 'similar_color_9', 'similar_color_5', 'similar_color_9', 'similar_color_1', 'similar_color_2', 'generator_1', 'similar_color_10', 'generator_2', 'shape_match', 'similar_color_2', 'similar_color_9', 'similar_color_4', 'similar_color_14', 'similar_color_5', 'similar_color_8', 'shape_match', 'similar_color_11', 'similar_color_1', 'similar_color_1', 'similar_color_11', 'similar_color_11']
number opened: 0
TRIAL 12
Action chosen: (cloud, white)
Outcome: False
partcle ids: ['similar_color_1', 'similar_color_1', 'similar_color_12', 'similar_color_13', 'similar_color_3', 'similar_color_12', 'similar_color_11', 'number_match', 'similar_color_8', 'similar_color_9', 'similar_color_5', 'similar_color_9', 'similar_color_1', 'similar_color_2', 'generator_1', 'similar_color_10', 'generator_2', 'shape_match', 'similar_color_2', 'similar_color_9', 'similar_color_4', 'similar_color_14', 'similar_color_5', 'similar_color_8', 'shape_match', 'similar_color_11', 'similar_color_1', 'similar_color_1', 'similar_color_11', 'similar_color_11']
number opened: 0
TRIAL 13
Action chosen: (green3, blue)
Outcome: False
partcle ids: ['similar_color_1', 'similar_color_1', 'similar_color_12', 'similar_color_13', 'similar_color_3', 'similar_color_12', 'similar_color_11', 'number_match', 'similar_color_8', 'similar_color_9', 'similar_color_5', 'similar_color_9', 'similar_color_1', 'similar_color_2', 'generator_1', 'similar_color_10', 'generator_2', 'shape_match', 'similar_color_2', 'similar_color_9', 'similar_color_4', 'similar_color_14', 'similar_color_5', 'similar_color_8', 'shape_match', 'similar_color_11', 'similar_color_1', 'similar_color_1', 'similar_color_11', 'similar_color_11']
number opened: 0
TRIAL 14
Action chosen: (heart, blue)
Outcome: False
partcle ids: ['similar_color_1', 'similar_color_1', 'similar_color_12', 'similar_color_13', 'similar_color_3', 'similar_color_12', 'similar_color_11', 'number_match', 'similar_color_8', 'similar_color_9', 'similar_color_5', 'similar_color_9', 'similar_color_1', 'similar_color_2', 'generator_1', 'similar_color_10', 'generator_2', 'shape_match', 'similar_color_2', 'similar_color_9', 'similar_color_4', 'similar_color_14', 'similar_color_5', 'similar_color_8', 'shape_match', 'similar_color_11', 'similar_color_1', 'similar_color_1', 'similar_color_11', 'similar_color_11']
number opened: 0
TRIAL 15
Action chosen: (blue, blue)
Outcome: False
partcle ids: ['similar_color_1', 'similar_color_1', 'similar_color_12', 'similar_color_13', 'similar_color_3', 'similar_color_12', 'similar_color_11', 'number_match', 'similar_color_8', 'similar_color_9', 'similar_color_5', 'similar_color_9', 'similar_color_1', 'similar_color_2', 'generator_1', 'similar_color_10', 'generator_2', 'shape_match', 'similar_color_2', 'similar_color_9', 'similar_color_4', 'similar_color_14', 'similar_color_5', 'similar_color_8', 'shape_match', 'similar_color_11', 'similar_color_1', 'similar_color_1', 'similar_color_11', 'similar_color_11']
number opened: 0
TRIAL 16
Action chosen: (green3, blue)
Outcome: False
partcle ids: ['similar_color_1', 'similar_color_1', 'similar_color_12', 'similar_color_13', 'similar_color_3', 'similar_color_12', 'similar_color_11', 'number_match', 'similar_color_8', 'similar_color_9', 'similar_color_5', 'similar_color_9', 'similar_color_1', 'similar_color_2', 'generator_1', 'similar_color_10', 'generator_2', 'shape_match', 'similar_color_2', 'similar_color_9', 'similar_color_4', 'similar_color_14', 'similar_color_5', 'similar_color_8', 'shape_match', 'similar_color_11', 'similar_color_1', 'similar_color_1', 'similar_color_11', 'similar_color_11']
number opened: 0
TRIAL 17
Action chosen: (heart, blue)
Outcome: False
partcle ids: ['similar_color_1', 'similar_color_1', 'similar_color_12', 'similar_color_13', 'similar_color_3', 'similar_color_12', 'similar_color_11', 'number_match', 'similar_color_8', 'similar_color_9', 'similar_color_5', 'similar_color_9', 'similar_color_1', 'similar_color_2', 'generator_1', 'similar_color_10', 'generator_2', 'shape_match', 'similar_color_2', 'similar_color_9', 'similar_color_4', 'similar_color_14', 'similar_color_5', 'similar_color_8', 'shape_match', 'similar_color_11', 'similar_color_1', 'similar_color_1', 'similar_color_11', 'similar_color_11']
number opened: 0
TRIAL 18
Action chosen: (grey2, white)
Outcome: False
partcle ids: ['similar_color_1', 'similar_color_1', 'similar_color_12', 'similar_color_13', 'similar_color_3', 'similar_color_12', 'similar_color_11', 'number_match', 'similar_color_8', 'similar_color_9', 'similar_color_5', 'similar_color_9', 'similar_color_1', 'similar_color_2', 'generator_1', 'similar_color_10', 'generator_2', 'shape_match', 'similar_color_2', 'similar_color_9', 'similar_color_4', 'similar_color_14', 'similar_color_5', 'similar_color_8', 'shape_match', 'similar_color_11', 'similar_color_1', 'similar_color_1', 'similar_color_11', 'similar_color_11']
number opened: 0
TRIAL 19
Action chosen: (cloud, pink)
Outcome: False
partcle ids: ['similar_color_1', 'similar_color_1', 'similar_color_12', 'similar_color_13', 'similar_color_3', 'similar_color_12', 'similar_color_11', 'number_match', 'similar_color_8', 'similar_color_9', 'similar_color_5', 'similar_color_9', 'similar_color_1', 'similar_color_2', 'generator_1', 'similar_color_10', 'generator_2', 'shape_match', 'similar_color_2', 'similar_color_9', 'similar_color_4', 'similar_color_14', 'similar_color_5', 'similar_color_8', 'shape_match', 'similar_color_11', 'similar_color_1', 'similar_color_1', 'similar_color_11', 'similar_color_11']
number opened: 0
TRIAL 20
Action chosen: (cloud, white)
Outcome: False
partcle ids: ['similar_color_1', 'similar_color_1', 'similar_color_12', 'similar_color_13', 'similar_color_3', 'similar_color_12', 'similar_color_11', 'number_match', 'similar_color_8', 'similar_color_9', 'similar_color_5', 'similar_color_9', 'similar_color_1', 'similar_color_2', 'generator_1', 'similar_color_10', 'generator_2', 'shape_match', 'similar_color_2', 'similar_color_9', 'similar_color_4', 'similar_color_14', 'similar_color_5', 'similar_color_8', 'shape_match', 'similar_color_11', 'similar_color_1', 'similar_color_1', 'similar_color_11', 'similar_color_11']
number opened: 0
TRIAL 21
Action chosen: (green3, blue)
Outcome: False
partcle ids: ['similar_color_1', 'similar_color_1', 'similar_color_12', 'similar_color_13', 'similar_color_3', 'similar_color_12', 'similar_color_11', 'number_match', 'similar_color_8', 'similar_color_9', 'similar_color_5', 'similar_color_9', 'similar_color_1', 'similar_color_2', 'generator_1', 'similar_color_10', 'generator_2', 'shape_match', 'similar_color_2', 'similar_color_9', 'similar_color_4', 'similar_color_14', 'similar_color_5', 'similar_color_8', 'shape_match', 'similar_color_11', 'similar_color_1', 'similar_color_1', 'similar_color_11', 'similar_color_11']
number opened: 0
TRIAL 22
Action chosen: (heart, blue)
Outcome: False
partcle ids: ['similar_color_1', 'similar_color_1', 'similar_color_12', 'similar_color_13', 'similar_color_3', 'similar_color_12', 'similar_color_11', 'number_match', 'similar_color_8', 'similar_color_9', 'similar_color_5', 'similar_color_9', 'similar_color_1', 'similar_color_2', 'generator_1', 'similar_color_10', 'generator_2', 'shape_match', 'similar_color_2', 'similar_color_9', 'similar_color_4', 'similar_color_14', 'similar_color_5', 'similar_color_8', 'shape_match', 'similar_color_11', 'similar_color_1', 'similar_color_1', 'similar_color_11', 'similar_color_11']
number opened: 0
TRIAL 23
Action chosen: (blue, blue)
Outcome: False
partcle ids: ['similar_color_1', 'similar_color_1', 'similar_color_12', 'similar_color_13', 'similar_color_3', 'similar_color_12', 'similar_color_11', 'number_match', 'similar_color_8', 'similar_color_9', 'similar_color_5', 'similar_color_9', 'similar_color_1', 'similar_color_2', 'generator_1', 'similar_color_10', 'generator_2', 'shape_match', 'similar_color_2', 'similar_color_9', 'similar_color_4', 'similar_color_14', 'similar_color_5', 'similar_color_8', 'shape_match', 'similar_color_11', 'similar_color_1', 'similar_color_1', 'similar_color_11', 'similar_color_11']
number opened: 0
TRIAL 24
Action chosen: (cloud, pink)
Outcome: False
partcle ids: ['similar_color_1', 'similar_color_1', 'similar_color_12', 'similar_color_13', 'similar_color_3', 'similar_color_12', 'similar_color_11', 'number_match', 'similar_color_8', 'similar_color_9', 'similar_color_5', 'similar_color_9', 'similar_color_1', 'similar_color_2', 'generator_1', 'similar_color_10', 'generator_2', 'shape_match', 'similar_color_2', 'similar_color_9', 'similar_color_4', 'similar_color_14', 'similar_color_5', 'similar_color_8', 'shape_match', 'similar_color_11', 'similar_color_1', 'similar_color_1', 'similar_color_11', 'similar_color_11']
number opened: 0
TRIAL 25
Action chosen: (green3, blue)
Outcome: False
partcle ids: ['similar_color_1', 'similar_color_1', 'similar_color_12', 'similar_color_13', 'similar_color_3', 'similar_color_12', 'similar_color_11', 'number_match', 'similar_color_8', 'similar_color_9', 'similar_color_5', 'similar_color_9', 'similar_color_1', 'similar_color_2', 'generator_1', 'similar_color_10', 'generator_2', 'shape_match', 'similar_color_2', 'similar_color_9', 'similar_color_4', 'similar_color_14', 'similar_color_5', 'similar_color_8', 'shape_match', 'similar_color_11', 'similar_color_1', 'similar_color_1', 'similar_color_11', 'similar_color_11']
number opened: 0
TRIAL 26
Action chosen: (heart, blue)
Outcome: False
partcle ids: ['similar_color_1', 'similar_color_1', 'similar_color_12', 'similar_color_13', 'similar_color_3', 'similar_color_12', 'similar_color_11', 'number_match', 'similar_color_8', 'similar_color_9', 'similar_color_5', 'similar_color_9', 'similar_color_1', 'similar_color_2', 'generator_1', 'similar_color_10', 'generator_2', 'shape_match', 'similar_color_2', 'similar_color_9', 'similar_color_4', 'similar_color_14', 'similar_color_5', 'similar_color_8', 'shape_match', 'similar_color_11', 'similar_color_1', 'similar_color_1', 'similar_color_11', 'similar_color_11']
number opened: 0
TRIAL 27
Action chosen: (blue, blue)
Outcome: False
partcle ids: ['similar_color_1', 'similar_color_1', 'similar_color_12', 'similar_color_13', 'similar_color_3', 'similar_color_12', 'similar_color_11', 'number_match', 'similar_color_8', 'similar_color_9', 'similar_color_5', 'similar_color_9', 'similar_color_1', 'similar_color_2', 'generator_1', 'similar_color_10', 'generator_2', 'shape_match', 'similar_color_2', 'similar_color_9', 'similar_color_4', 'similar_color_14', 'similar_color_5', 'similar_color_8', 'shape_match', 'similar_color_11', 'similar_color_1', 'similar_color_1', 'similar_color_11', 'similar_color_11']
number opened: 0
TRIAL 28
Action chosen: (cloud, pink)
Outcome: False
partcle ids: ['similar_color_1', 'similar_color_1', 'similar_color_12', 'similar_color_13', 'similar_color_3', 'similar_color_12', 'similar_color_11', 'number_match', 'similar_color_8', 'similar_color_9', 'similar_color_5', 'similar_color_9', 'similar_color_1', 'similar_color_2', 'generator_1', 'similar_color_10', 'generator_2', 'shape_match', 'similar_color_2', 'similar_color_9', 'similar_color_4', 'similar_color_14', 'similar_color_5', 'similar_color_8', 'shape_match', 'similar_color_11', 'similar_color_1', 'similar_color_1', 'similar_color_11', 'similar_color_11']
number opened: 0
TRIAL 29
Action chosen: (green3, blue)
Outcome: False
partcle ids: ['similar_color_1', 'similar_color_1', 'similar_color_12', 'similar_color_13', 'similar_color_3', 'similar_color_12', 'similar_color_11', 'number_match', 'similar_color_8', 'similar_color_9', 'similar_color_5', 'similar_color_9', 'similar_color_1', 'similar_color_2', 'generator_1', 'similar_color_10', 'generator_2', 'shape_match', 'similar_color_2', 'similar_color_9', 'similar_color_4', 'similar_color_14', 'similar_color_5', 'similar_color_8', 'shape_match', 'similar_color_11', 'similar_color_1', 'similar_color_1', 'similar_color_11', 'similar_color_11']
number opened: 0
TRIAL 30
Action chosen: (heart, blue)
Outcome: False
partcle ids: ['similar_color_1', 'similar_color_1', 'similar_color_12', 'similar_color_13', 'similar_color_3', 'similar_color_12', 'similar_color_11', 'number_match', 'similar_color_8', 'similar_color_9', 'similar_color_5', 'similar_color_9', 'similar_color_1', 'similar_color_2', 'generator_1', 'similar_color_10', 'generator_2', 'shape_match', 'similar_color_2', 'similar_color_9', 'similar_color_4', 'similar_color_14', 'similar_color_5', 'similar_color_8', 'shape_match', 'similar_color_11', 'similar_color_1', 'similar_color_1', 'similar_color_11', 'similar_color_11']
number opened: 0
TRIAL 31
Action chosen: (blue, blue)
Outcome: False
partcle ids: ['similar_color_1', 'similar_color_1', 'similar_color_12', 'similar_color_13', 'similar_color_3', 'similar_color_12', 'similar_color_11', 'number_match', 'similar_color_8', 'similar_color_9', 'similar_color_5', 'similar_color_9', 'similar_color_1', 'similar_color_2', 'generator_1', 'similar_color_10', 'generator_2', 'shape_match', 'similar_color_2', 'similar_color_9', 'similar_color_4', 'similar_color_14', 'similar_color_5', 'similar_color_8', 'shape_match', 'similar_color_11', 'similar_color_1', 'similar_color_1', 'similar_color_11', 'similar_color_11']
number opened: 0
TRIAL 32
Action chosen: (cloud, pink)
Outcome: False
partcle ids: ['similar_color_1', 'similar_color_1', 'similar_color_12', 'similar_color_13', 'similar_color_3', 'similar_color_12', 'similar_color_11', 'number_match', 'similar_color_8', 'similar_color_9', 'similar_color_5', 'similar_color_9', 'similar_color_1', 'similar_color_2', 'generator_1', 'similar_color_10', 'generator_2', 'shape_match', 'similar_color_2', 'similar_color_9', 'similar_color_4', 'similar_color_14', 'similar_color_5', 'similar_color_8', 'shape_match', 'similar_color_11', 'similar_color_1', 'similar_color_1', 'similar_color_11', 'similar_color_11']
number opened: 0
TRIAL 33
Action chosen: (cloud, white)
Outcome: False
partcle ids: ['similar_color_1', 'similar_color_1', 'similar_color_12', 'similar_color_13', 'similar_color_3', 'similar_color_12', 'similar_color_11', 'number_match', 'similar_color_8', 'similar_color_9', 'similar_color_5', 'similar_color_9', 'similar_color_1', 'similar_color_2', 'generator_1', 'similar_color_10', 'generator_2', 'shape_match', 'similar_color_2', 'similar_color_9', 'similar_color_4', 'similar_color_14', 'similar_color_5', 'similar_color_8', 'shape_match', 'similar_color_11', 'similar_color_1', 'similar_color_1', 'similar_color_11', 'similar_color_11']
number opened: 0
TRIAL 34
Action chosen: (green3, blue)
Outcome: False
partcle ids: ['similar_color_1', 'similar_color_1', 'similar_color_12', 'similar_color_13', 'similar_color_3', 'similar_color_12', 'similar_color_11', 'number_match', 'similar_color_8', 'similar_color_9', 'similar_color_5', 'similar_color_9', 'similar_color_1', 'similar_color_2', 'generator_1', 'similar_color_10', 'generator_2', 'shape_match', 'similar_color_2', 'similar_color_9', 'similar_color_4', 'similar_color_14', 'similar_color_5', 'similar_color_8', 'shape_match', 'similar_color_11', 'similar_color_1', 'similar_color_1', 'similar_color_11', 'similar_color_11']
number opened: 0
TRIAL 35
Action chosen: (heart, blue)
Outcome: False
partcle ids: ['similar_color_1', 'similar_color_1', 'similar_color_12', 'similar_color_13', 'similar_color_3', 'similar_color_12', 'similar_color_11', 'number_match', 'similar_color_8', 'similar_color_9', 'similar_color_5', 'similar_color_9', 'similar_color_1', 'similar_color_2', 'generator_1', 'similar_color_10', 'generator_2', 'shape_match', 'similar_color_2', 'similar_color_9', 'similar_color_4', 'similar_color_14', 'similar_color_5', 'similar_color_8', 'shape_match', 'similar_color_11', 'similar_color_1', 'similar_color_1', 'similar_color_11', 'similar_color_11']
number opened: 0
TRIAL 36
Action chosen: (cloud, pink)
Outcome: False
partcle ids: ['similar_color_1', 'similar_color_1', 'similar_color_12', 'similar_color_13', 'similar_color_3', 'similar_color_12', 'similar_color_11', 'number_match', 'similar_color_8', 'similar_color_9', 'similar_color_5', 'similar_color_9', 'similar_color_1', 'similar_color_2', 'generator_1', 'similar_color_10', 'generator_2', 'shape_match', 'similar_color_2', 'similar_color_9', 'similar_color_4', 'similar_color_14', 'similar_color_5', 'similar_color_8', 'shape_match', 'similar_color_11', 'similar_color_1', 'similar_color_1', 'similar_color_11', 'similar_color_11']
number opened: 0
TRIAL 37
Action chosen: (blue, blue)
Outcome: False
partcle ids: ['similar_color_1', 'similar_color_1', 'similar_color_12', 'similar_color_13', 'similar_color_3', 'similar_color_12', 'similar_color_11', 'number_match', 'similar_color_8', 'similar_color_9', 'similar_color_5', 'similar_color_9', 'similar_color_1', 'similar_color_2', 'generator_1', 'similar_color_10', 'generator_2', 'shape_match', 'similar_color_2', 'similar_color_9', 'similar_color_4', 'similar_color_14', 'similar_color_5', 'similar_color_8', 'shape_match', 'similar_color_11', 'similar_color_1', 'similar_color_1', 'similar_color_11', 'similar_color_11']
number opened: 0
TRIAL 38
Action chosen: (green3, blue)
Outcome: False
partcle ids: ['similar_color_1', 'similar_color_1', 'similar_color_12', 'similar_color_13', 'similar_color_3', 'similar_color_12', 'similar_color_11', 'number_match', 'similar_color_8', 'similar_color_9', 'similar_color_5', 'similar_color_9', 'similar_color_1', 'similar_color_2', 'generator_1', 'similar_color_10', 'generator_2', 'shape_match', 'similar_color_2', 'similar_color_9', 'similar_color_4', 'similar_color_14', 'similar_color_5', 'similar_color_8', 'shape_match', 'similar_color_11', 'similar_color_1', 'similar_color_1', 'similar_color_11', 'similar_color_11']
number opened: 0
TRIAL 39
Action chosen: (heart, blue)
Outcome: False
partcle ids: ['similar_color_1', 'similar_color_1', 'similar_color_12', 'similar_color_13', 'similar_color_3', 'similar_color_12', 'similar_color_11', 'number_match', 'similar_color_8', 'similar_color_9', 'similar_color_5', 'similar_color_9', 'similar_color_1', 'similar_color_2', 'generator_1', 'similar_color_10', 'generator_2', 'shape_match', 'similar_color_2', 'similar_color_9', 'similar_color_4', 'similar_color_14', 'similar_color_5', 'similar_color_8', 'shape_match', 'similar_color_11', 'similar_color_1', 'similar_color_1', 'similar_color_11', 'similar_color_11']
number opened: 0
TRIAL 40
Action chosen: (cloud, white)
Outcome: False
partcle ids: ['similar_color_1', 'similar_color_1', 'similar_color_12', 'similar_color_13', 'similar_color_3', 'similar_color_12', 'similar_color_11', 'number_match', 'similar_color_8', 'similar_color_9', 'similar_color_5', 'similar_color_9', 'similar_color_1', 'similar_color_2', 'generator_1', 'similar_color_10', 'generator_2', 'shape_match', 'similar_color_2', 'similar_color_9', 'similar_color_4', 'similar_color_14', 'similar_color_5', 'similar_color_8', 'shape_match', 'similar_color_11', 'similar_color_1', 'similar_color_1', 'similar_color_11', 'similar_color_11']
number opened: 0
TRIAL 41
Action chosen: (cloud, pink)
Outcome: False
partcle ids: ['similar_color_1', 'similar_color_1', 'similar_color_12', 'similar_color_13', 'similar_color_3', 'similar_color_12', 'similar_color_11', 'number_match', 'similar_color_8', 'similar_color_9', 'similar_color_5', 'similar_color_9', 'similar_color_1', 'similar_color_2', 'generator_1', 'similar_color_10', 'generator_2', 'shape_match', 'similar_color_2', 'similar_color_9', 'similar_color_4', 'similar_color_14', 'similar_color_5', 'similar_color_8', 'shape_match', 'similar_color_11', 'similar_color_1', 'similar_color_1', 'similar_color_11', 'similar_color_11']
number opened: 0
TRIAL 42
Action chosen: (green3, blue)
Outcome: False
partcle ids: ['similar_color_1', 'similar_color_1', 'similar_color_12', 'similar_color_13', 'similar_color_3', 'similar_color_12', 'similar_color_11', 'number_match', 'similar_color_8', 'similar_color_9', 'similar_color_5', 'similar_color_9', 'similar_color_1', 'similar_color_2', 'generator_1', 'similar_color_10', 'generator_2', 'shape_match', 'similar_color_2', 'similar_color_9', 'similar_color_4', 'similar_color_14', 'similar_color_5', 'similar_color_8', 'shape_match', 'similar_color_11', 'similar_color_1', 'similar_color_1', 'similar_color_11', 'similar_color_11']
number opened: 0
TRIAL 43
Action chosen: (grey2, white)
Outcome: False
partcle ids: ['similar_color_1', 'similar_color_1', 'similar_color_12', 'similar_color_13', 'similar_color_3', 'similar_color_12', 'similar_color_11', 'number_match', 'similar_color_8', 'similar_color_9', 'similar_color_5', 'similar_color_9', 'similar_color_1', 'similar_color_2', 'generator_1', 'similar_color_10', 'generator_2', 'shape_match', 'similar_color_2', 'similar_color_9', 'similar_color_4', 'similar_color_14', 'similar_color_5', 'similar_color_8', 'shape_match', 'similar_color_11', 'similar_color_1', 'similar_color_1', 'similar_color_11', 'similar_color_11']
number opened: 0
TRIAL 44
Action chosen: (heart, blue)
Outcome: False
partcle ids: ['similar_color_1', 'similar_color_1', 'similar_color_12', 'similar_color_13', 'similar_color_3', 'similar_color_12', 'similar_color_11', 'number_match', 'similar_color_8', 'similar_color_9', 'similar_color_5', 'similar_color_9', 'similar_color_1', 'similar_color_2', 'generator_1', 'similar_color_10', 'generator_2', 'shape_match', 'similar_color_2', 'similar_color_9', 'similar_color_4', 'similar_color_14', 'similar_color_5', 'similar_color_8', 'shape_match', 'similar_color_11', 'similar_color_1', 'similar_color_1', 'similar_color_11', 'similar_color_11']
number opened: 0
TRIAL 45
Action chosen: (grey2, pink)
Outcome: True
partcle ids: ['order_match', 'number_match', 'generator_3', 'generator_4', 'generator_5', 'generator_6', 'generator_7', 'number_match', 'generator_8', 'generator_1', 'order_match', 'order_match', 'order_match', 'generator_9', 'generator_10', 'generator_11', 'generator_12', 'order_match', 'generator_13', 'order_match', 'generator_14', 'generator_15', 'generator_16', 'generator_17', 'generator_18', 'generator_19', 'generator_20', 'generator_21', 'generator_22', 'generator_23']
number opened: 1
TRIAL 46
Action chosen: (red, red)
Outcome: True
partcle ids: ['generator_24', 'generator_7', 'generator_25', 'generator_26', 'generator_27', 'generator_28', 'order_match', 'order_match', 'order_match', 'generator_32', 'order_match', 'generator_33', 'generator_7', 'generator_34', 'order_match', 'generator_7', 'generator_35', 'generator_36', 'generator_37', 'generator_38', 'generator_39', 'order_match', 'generator_40', 'order_match', 'generator_41', 'number_match', 'generator_42', 'generator_43', 'order_match', 'order_match']
number opened: 2
TRIAL 47
Action chosen: (yellow5, blue)
Outcome: True
partcle ids: ['order_match', 'order_match', 'generator_45', 'generator_46', 'generator_47', 'generator_48', 'generator_49', 'order_match', 'generator_50', 'generator_51', 'generator_51', 'generator_52', 'generator_41', 'order_match', 'generator_53', 'generator_54', 'generator_55', 'generator_56', 'generator_57', 'generator_46', 'generator_58', 'generator_50', 'generator_59', 'generator_60', 'order_match', 'generator_61', 'order_match', 'order_match', 'generator_54', 'generator_63']
number opened: 3
TRIAL 48
Action chosen: (orange4, purple)
Outcome: False
partcle ids: ['order_match', 'order_match', 'generator_45', 'generator_46', 'generator_47', 'generator_48', 'generator_49', 'order_match', 'generator_50', 'generator_51', 'generator_51', 'generator_52', 'generator_41', 'order_match', 'generator_53', 'generator_54', 'generator_55', 'generator_56', 'generator_57', 'generator_46', 'generator_58', 'generator_50', 'generator_59', 'generator_60', 'order_match', 'generator_61', 'order_match', 'order_match', 'generator_54', 'generator_63']
number opened: 3
TRIAL 49
Action chosen: (triangle, white)
Outcome: False
partcle ids: ['order_match', 'order_match', 'generator_45', 'generator_46', 'generator_47', 'generator_48', 'generator_49', 'order_match', 'generator_50', 'generator_51', 'generator_51', 'generator_52', 'generator_41', 'order_match', 'generator_53', 'generator_54', 'generator_55', 'generator_56', 'generator_57', 'generator_46', 'generator_58', 'generator_50', 'generator_59', 'generator_60', 'order_match', 'generator_61', 'order_match', 'order_match', 'generator_54', 'generator_63']
number opened: 3
TRIAL 50
Action chosen: (green3, white)
Outcome: False
partcle ids: ['order_match', 'order_match', 'generator_45', 'generator_46', 'generator_47', 'generator_48', 'generator_49', 'order_match', 'generator_50', 'generator_51', 'generator_51', 'generator_52', 'generator_41', 'order_match', 'generator_53', 'generator_54', 'generator_55', 'generator_56', 'generator_57', 'generator_46', 'generator_58', 'generator_50', 'generator_59', 'generator_60', 'order_match', 'generator_61', 'order_match', 'order_match', 'generator_54', 'generator_63']
number opened: 3
TRIAL 51
Action chosen: (blue, white)
Outcome: False
partcle ids: ['order_match', 'order_match', 'generator_45', 'generator_46', 'generator_47', 'generator_48', 'generator_49', 'order_match', 'generator_50', 'generator_51', 'generator_51', 'generator_52', 'generator_41', 'order_match', 'generator_53', 'generator_54', 'generator_55', 'generator_56', 'generator_57', 'generator_46', 'generator_58', 'generator_50', 'generator_59', 'generator_60', 'order_match', 'generator_61', 'order_match', 'order_match', 'generator_54', 'generator_63']
number opened: 3
TRIAL 52
Action chosen: (purple, purple)
Outcome: False
partcle ids: ['order_match', 'order_match', 'generator_45', 'generator_46', 'generator_47', 'generator_48', 'generator_49', 'order_match', 'generator_50', 'generator_51', 'generator_51', 'generator_52', 'generator_41', 'order_match', 'generator_53', 'generator_54', 'generator_55', 'generator_56', 'generator_57', 'generator_46', 'generator_58', 'generator_50', 'generator_59', 'generator_60', 'order_match', 'generator_61', 'order_match', 'order_match', 'generator_54', 'generator_63']
number opened: 3
TRIAL 53
Action chosen: (blue, purple)
Outcome: False
partcle ids: ['order_match', 'order_match', 'generator_45', 'generator_46', 'generator_47', 'generator_48', 'generator_49', 'order_match', 'generator_50', 'generator_51', 'generator_51', 'generator_52', 'generator_41', 'order_match', 'generator_53', 'generator_54', 'generator_55', 'generator_56', 'generator_57', 'generator_46', 'generator_58', 'generator_50', 'generator_59', 'generator_60', 'order_match', 'generator_61', 'order_match', 'order_match', 'generator_54', 'generator_63']
number opened: 3
TRIAL 54
Action chosen: (white, purple)
Outcome: False
partcle ids: ['order_match', 'order_match', 'generator_45', 'generator_46', 'generator_47', 'generator_48', 'generator_49', 'order_match', 'generator_50', 'generator_51', 'generator_51', 'generator_52', 'generator_41', 'order_match', 'generator_53', 'generator_54', 'generator_55', 'generator_56', 'generator_57', 'generator_46', 'generator_58', 'generator_50', 'generator_59', 'generator_60', 'order_match', 'generator_61', 'order_match', 'order_match', 'generator_54', 'generator_63']
number opened: 3
TRIAL 55
Action chosen: (triangle, white)
Outcome: False
partcle ids: ['order_match', 'order_match', 'generator_45', 'generator_46', 'generator_47', 'generator_48', 'generator_49', 'order_match', 'generator_50', 'generator_51', 'generator_51', 'generator_52', 'generator_41', 'order_match', 'generator_53', 'generator_54', 'generator_55', 'generator_56', 'generator_57', 'generator_46', 'generator_58', 'generator_50', 'generator_59', 'generator_60', 'order_match', 'generator_61', 'order_match', 'order_match', 'generator_54', 'generator_63']
number opened: 3
TRIAL 56
Action chosen: (green3, white)
Outcome: False
partcle ids: ['order_match', 'order_match', 'generator_45', 'generator_46', 'generator_47', 'generator_48', 'generator_49', 'order_match', 'generator_50', 'generator_51', 'generator_51', 'generator_52', 'generator_41', 'order_match', 'generator_53', 'generator_54', 'generator_55', 'generator_56', 'generator_57', 'generator_46', 'generator_58', 'generator_50', 'generator_59', 'generator_60', 'order_match', 'generator_61', 'order_match', 'order_match', 'generator_54', 'generator_63']
number opened: 3
TRIAL 57
Action chosen: (diamond, white)
Outcome: False
partcle ids: ['order_match', 'order_match', 'generator_45', 'generator_46', 'generator_47', 'generator_48', 'generator_49', 'order_match', 'generator_50', 'generator_51', 'generator_51', 'generator_52', 'generator_41', 'order_match', 'generator_53', 'generator_54', 'generator_55', 'generator_56', 'generator_57', 'generator_46', 'generator_58', 'generator_50', 'generator_59', 'generator_60', 'order_match', 'generator_61', 'order_match', 'order_match', 'generator_54', 'generator_63']
number opened: 3
TRIAL 58
Action chosen: (heart, white)
Outcome: False
partcle ids: ['order_match', 'order_match', 'generator_45', 'generator_46', 'generator_47', 'generator_48', 'generator_49', 'order_match', 'generator_50', 'generator_51', 'generator_51', 'generator_52', 'generator_41', 'order_match', 'generator_53', 'generator_54', 'generator_55', 'generator_56', 'generator_57', 'generator_46', 'generator_58', 'generator_50', 'generator_59', 'generator_60', 'order_match', 'generator_61', 'order_match', 'order_match', 'generator_54', 'generator_63']
number opened: 3
TRIAL 59
Action chosen: (blue, purple)
Outcome: False
partcle ids: ['order_match', 'order_match', 'generator_45', 'generator_46', 'generator_47', 'generator_48', 'generator_49', 'order_match', 'generator_50', 'generator_51', 'generator_51', 'generator_52', 'generator_41', 'order_match', 'generator_53', 'generator_54', 'generator_55', 'generator_56', 'generator_57', 'generator_46', 'generator_58', 'generator_50', 'generator_59', 'generator_60', 'order_match', 'generator_61', 'order_match', 'order_match', 'generator_54', 'generator_63']
number opened: 3
TRIAL 60
Action chosen: (diamond, purple)
Outcome: False
partcle ids: ['order_match', 'order_match', 'generator_45', 'generator_46', 'generator_47', 'generator_48', 'generator_49', 'order_match', 'generator_50', 'generator_51', 'generator_51', 'generator_52', 'generator_41', 'order_match', 'generator_53', 'generator_54', 'generator_55', 'generator_56', 'generator_57', 'generator_46', 'generator_58', 'generator_50', 'generator_59', 'generator_60', 'order_match', 'generator_61', 'order_match', 'order_match', 'generator_54', 'generator_63']
number opened: 3
TRIAL 61
Action chosen: (cloud, purple)
Outcome: False
partcle ids: ['order_match', 'order_match', 'generator_45', 'generator_46', 'generator_47', 'generator_48', 'generator_49', 'order_match', 'generator_50', 'generator_51', 'generator_51', 'generator_52', 'generator_41', 'order_match', 'generator_53', 'generator_54', 'generator_55', 'generator_56', 'generator_57', 'generator_46', 'generator_58', 'generator_50', 'generator_59', 'generator_60', 'order_match', 'generator_61', 'order_match', 'order_match', 'generator_54', 'generator_63']
number opened: 3
TRIAL 62
Action chosen: (white, purple)
Outcome: False
partcle ids: ['order_match', 'order_match', 'generator_45', 'generator_46', 'generator_47', 'generator_48', 'generator_49', 'order_match', 'generator_50', 'generator_51', 'generator_51', 'generator_52', 'generator_41', 'order_match', 'generator_53', 'generator_54', 'generator_55', 'generator_56', 'generator_57', 'generator_46', 'generator_58', 'generator_50', 'generator_59', 'generator_60', 'order_match', 'generator_61', 'order_match', 'order_match', 'generator_54', 'generator_63']
number opened: 3
TRIAL 63
Action chosen: (orange4, purple)
Outcome: False
partcle ids: ['order_match', 'order_match', 'generator_45', 'generator_46', 'generator_47', 'generator_48', 'generator_49', 'order_match', 'generator_50', 'generator_51', 'generator_51', 'generator_52', 'generator_41', 'order_match', 'generator_53', 'generator_54', 'generator_55', 'generator_56', 'generator_57', 'generator_46', 'generator_58', 'generator_50', 'generator_59', 'generator_60', 'order_match', 'generator_61', 'order_match', 'order_match', 'generator_54', 'generator_63']
number opened: 3
TRIAL 64
Action chosen: (diamond, white)
Outcome: False
partcle ids: ['order_match', 'order_match', 'generator_45', 'generator_46', 'generator_47', 'generator_48', 'generator_49', 'order_match', 'generator_50', 'generator_51', 'generator_51', 'generator_52', 'generator_41', 'order_match', 'generator_53', 'generator_54', 'generator_55', 'generator_56', 'generator_57', 'generator_46', 'generator_58', 'generator_50', 'generator_59', 'generator_60', 'order_match', 'generator_61', 'order_match', 'order_match', 'generator_54', 'generator_63']
number opened: 3
TRIAL 65
Action chosen: (diamond, purple)
Outcome: False
partcle ids: ['order_match', 'order_match', 'generator_45', 'generator_46', 'generator_47', 'generator_48', 'generator_49', 'order_match', 'generator_50', 'generator_51', 'generator_51', 'generator_52', 'generator_41', 'order_match', 'generator_53', 'generator_54', 'generator_55', 'generator_56', 'generator_57', 'generator_46', 'generator_58', 'generator_50', 'generator_59', 'generator_60', 'order_match', 'generator_61', 'order_match', 'order_match', 'generator_54', 'generator_63']
number opened: 3
TRIAL 66
Action chosen: (blue, purple)
Outcome: False
partcle ids: ['order_match', 'order_match', 'generator_45', 'generator_46', 'generator_47', 'generator_48', 'generator_49', 'order_match', 'generator_50', 'generator_51', 'generator_51', 'generator_52', 'generator_41', 'order_match', 'generator_53', 'generator_54', 'generator_55', 'generator_56', 'generator_57', 'generator_46', 'generator_58', 'generator_50', 'generator_59', 'generator_60', 'order_match', 'generator_61', 'order_match', 'order_match', 'generator_54', 'generator_63']
number opened: 3
TRIAL 67
Action chosen: (purple, purple)
Outcome: False
partcle ids: ['order_match', 'order_match', 'generator_45', 'generator_46', 'generator_47', 'generator_48', 'generator_49', 'order_match', 'generator_50', 'generator_51', 'generator_51', 'generator_52', 'generator_41', 'order_match', 'generator_53', 'generator_54', 'generator_55', 'generator_56', 'generator_57', 'generator_46', 'generator_58', 'generator_50', 'generator_59', 'generator_60', 'order_match', 'generator_61', 'order_match', 'order_match', 'generator_54', 'generator_63']
number opened: 3
TRIAL 68
Action chosen: (green3, white)
Outcome: False
partcle ids: ['order_match', 'order_match', 'generator_45', 'generator_46', 'generator_47', 'generator_48', 'generator_49', 'order_match', 'generator_50', 'generator_51', 'generator_51', 'generator_52', 'generator_41', 'order_match', 'generator_53', 'generator_54', 'generator_55', 'generator_56', 'generator_57', 'generator_46', 'generator_58', 'generator_50', 'generator_59', 'generator_60', 'order_match', 'generator_61', 'order_match', 'order_match', 'generator_54', 'generator_63']
number opened: 3
TRIAL 69
Action chosen: (cloud, purple)
Outcome: False
partcle ids: ['order_match', 'order_match', 'generator_45', 'generator_46', 'generator_47', 'generator_48', 'generator_49', 'order_match', 'generator_50', 'generator_51', 'generator_51', 'generator_52', 'generator_41', 'order_match', 'generator_53', 'generator_54', 'generator_55', 'generator_56', 'generator_57', 'generator_46', 'generator_58', 'generator_50', 'generator_59', 'generator_60', 'order_match', 'generator_61', 'order_match', 'order_match', 'generator_54', 'generator_63']
number opened: 3
TRIAL 70
Action chosen: (white, purple)
Outcome: False
partcle ids: ['order_match', 'order_match', 'generator_45', 'generator_46', 'generator_47', 'generator_48', 'generator_49', 'order_match', 'generator_50', 'generator_51', 'generator_51', 'generator_52', 'generator_41', 'order_match', 'generator_53', 'generator_54', 'generator_55', 'generator_56', 'generator_57', 'generator_46', 'generator_58', 'generator_50', 'generator_59', 'generator_60', 'order_match', 'generator_61', 'order_match', 'order_match', 'generator_54', 'generator_63']
number opened: 3
{"attempts": 70, "unique_key_box_pairs": 20, "revisit_attempts": 50, "revisit_rate": 0.7246376811594203, "attempts_before_abandoning_color_matching": 0, "color_matching_abandoned": true}
