{"Child_ID": "D014", "SoC_variant": "SoC-Full", "theta": [1, 3], "p_gen": 0.7, "true_prior": 0.02, "run_number": 94, "seed": 5420631956315209913}
TRIAL 1
Action chosen: (red, red)
Outcome: True
partcle ids: ['generator_22', 'generator_22', 'generator_23', 'similar_color_6', 'generator_24', 'generator_25', 'generator_26', 'generator_27', 'generator_22', 'generator_28', 'generator_29', 'generator_30', 'generator_31', 'generator_32', 'generator_33', 'generator_21', 'generator_34', 'generator_35', 'generator_36', 'generator_37', 'generator_38', 'generator_39', 'generator_40', 'generator_22', 'generator_41', 'generator_42', 'generator_43', 'generator_22', 'generator_44', 'generator_45']
number opened: 1
TRIAL 2
Action chosen: (purple, purple)
Outcome: False
partcle ids: ['generator_22', 'generator_22', 'generator_23', 'similar_color_6', 'generator_24', 'generator_25', 'generator_26', 'generator_27', 'generator_22', 'generator_28', 'generator_29', 'generator_30', 'generator_31', 'generator_32', 'generator_33', 'generator_21', 'generator_34', 'generator_35', 'generator_36', 'generator_37', 'generator_38', 'generator_39', 'generator_40', 'generator_22', 'generator_41', 'generator_42', 'generator_43', 'generator_22', 'generator_44', 'generator_45']
number opened: 1
TRIAL 3
Action chosen: (purple, purple)
Outcome: False
partcle ids: ['generator_22', 'generator_22', 'generator_23', 'similar_color_6', 'generator_24', 'generator_25', 'generator_26', 'generator_27', 'generator_22', 'generator_28', 'generator_29', 'generator_30', 'generator_31', 'generator_32', 'generator_33', 'generator_21', 'generator_34', 'generator_35', 'generator_36', 'generator_37', 'generator_38', 'generator_39', 'generator_40', 'generator_22', 'generator_41', 'generator_42', 'generator_43', 'generator_22', 'generator_44', 'generator_45']
number opened: 1
TRIAL 4
Action chosen: (white, blue)
Outcome: False
partcle ids: ['generator_22', 'generator_22', 'generator_23', 'similar_color_6', 'generator_24', 'generator_25', 'generator_26', 'generator_27', 'generator_22', 'generator_28', 'generator_29', 'generator_30', 'generator_31', 'generator_32', 'generator_33', 'generator_21', 'generator_34', 'generator_35', 'generator_36', 'generator_37', 'generator_38', 'generator_39', 'generator_40', 'generator_22', 'generator_41', 'generator_42', 'generator_43', 'generator_22', 'generator_44', 'generator_45']
number opened: 1
TRIAL 5
Action chosen: (purple, purple)
Outcome: False
partcle ids: ['generator_22', 'generator_22', 'generator_23', 'similar_color_6', 'generator_24', 'generator_25', 'generator_26', 'generator_27', 'generator_22', 'generator_28', 'generator_29', 'generator_30', 'generator_31', 'generator_32', 'generator_33', 'generator_21', 'generator_34', 'generator_35', 'generator_36', 'generator_37', 'generator_38', 'generator_39', 'generator_40', 'generator_22', 'generator_41', 'generator_42', 'generator_43', 'generator_22', 'generator_44', 'generator_45']
number opened: 1
TRIAL 6
Action chosen: (blue, purple)
Outcome: False
partcle ids: ['generator_22', 'generator_22', 'generator_23', 'similar_color_6', 'generator_24', 'generator_25', 'generator_26', 'generator_27', 'generator_22', 'generator_28', 'generator_29', 'generator_30', 'generator_31', 'generator_32', 'generator_33', 'generator_21', 'generator_34', 'generator_35', 'generator_36', 'generator_37', 'generator_38', 'generator_39', 'generator_40', 'generator_22', 'generator_41', 'generator_42', 'generator_43', 'generator_22', 'generator_44', 'generator_45']
number opened: 1
TRIAL 7
Action chosen: (orange4, purple)
Outcome: False
partcle ids: ['generator_22', 'generator_22', 'generator_23', 'similar_color_6', 'generator_24', 'generator_25', 'generator_26', 'generator_27', 'generator_22', 'generator_28', 'generator_29', 'generator_30', 'generator_31', 'generator_32', 'generator_33', 'generator_21', 'generator_34', 'generator_35', 'generator_36', 'generator_37', 'generator_38', 'generator_39', 'generator_40', 'generator_22', 'generator_41', 'generator_42', 'generator_43', 'generator_22', 'generator_44', 'generator_45']
number opened: 1
TRIAL 8
Action chosen: (white, purple)
Outcome: False
partcle ids: ['generator_22', 'generator_22', 'generator_23', 'similar_color_6', 'generator_24', 'generator_25', 'generator_26', 'generator_27', 'generator_22', 'generator_28', 'generator_29', 'generator_30', 'generator_31', 'generator_32', 'generator_33', 'generator_21', 'generator_34', 'generator_35', 'generator_36', 'generator_37', 'generator_38', 'generator_39', 'generator_40', 'generator_22', 'generator_41', 'generator_42', 'generator_43', 'generator_22', 'generator_44', 'generator_45']
number opened: 1
TRIAL 9
Action chosen: (triangle, pink)
Outcome: False
partcle ids: ['generator_22', 'generator_22', 'generator_23', 'similar_color_6', 'generator_24', 'generator_25', 'generator_26', 'generator_27', 'generator_22', 'generator_28', 'generator_29', 'generator_30', 'generator_31', 'generator_32', 'generator_33', 'generator_21', 'generator_34', 'generator_35', 'generator_36', 'generator_37', 'generator_38', 'generator_39', 'generator_40', 'generator_22', 'generator_41', 'generator_42', 'generator_43', 'generator_22', 'generator_44', 'generator_45']
number opened: 1
TRIAL 10
Action chosen: (pink, blue)
Outcome: False
partcle ids: ['generator_22', 'generator_22', 'generator_23', 'similar_color_6', 'generator_24', 'generator_25', 'generator_26', 'generator_27', 'generator_22', 'generator_28', 'generator_29', 'generator_30', 'generator_31', 'generator_32', 'generator_33', 'generator_21', 'generator_34', 'generator_35', 'generator_36', 'generator_37', 'generator_38', 'generator_39', 'generator_40', 'generator_22', 'generator_41', 'generator_42', 'generator_43', 'generator_22', 'generator_44', 'generator_45']
number opened: 1
TRIAL 11
Action chosen: (triangle, blue)
Outcome: False
partcle ids: ['generator_22', 'generator_22', 'generator_23', 'similar_color_6', 'generator_24', 'generator_25', 'generator_26', 'generator_27', 'generator_22', 'generator_28', 'generator_29', 'generator_30', 'generator_31', 'generator_32', 'generator_33', 'generator_21', 'generator_34', 'generator_35', 'generator_36', 'generator_37', 'generator_38', 'generator_39', 'generator_40', 'generator_22', 'generator_41', 'generator_42', 'generator_43', 'generator_22', 'generator_44', 'generator_45']
number opened: 1
TRIAL 12
Action chosen: (white, blue)
Outcome: False
partcle ids: ['generator_22', 'generator_22', 'generator_23', 'similar_color_6', 'generator_24', 'generator_25', 'generator_26', 'generator_27', 'generator_22', 'generator_28', 'generator_29', 'generator_30', 'generator_31', 'generator_32', 'generator_33', 'generator_21', 'generator_34', 'generator_35', 'generator_36', 'generator_37', 'generator_38', 'generator_39', 'generator_40', 'generator_22', 'generator_41', 'generator_42', 'generator_43', 'generator_22', 'generator_44', 'generator_45']
number opened: 1
TRIAL 13
Action chosen: (purple, purple)
Outcome: False
partcle ids: ['generator_22', 'generator_22', 'generator_23', 'similar_color_6', 'generator_24', 'generator_25', 'generator_26', 'generator_27', 'generator_22', 'generator_28', 'generator_29', 'generator_30', 'generator_31', 'generator_32', 'generator_33', 'generator_21', 'generator_34', 'generator_35', 'generator_36', 'generator_37', 'generator_38', 'generator_39', 'generator_40', 'generator_22', 'generator_41', 'generator_42', 'generator_43', 'generator_22', 'generator_44', 'generator_45']
number opened: 1
TRIAL 14
Action chosen: (triangle, pink)
Outcome: False
partcle ids: ['generator_22', 'generator_22', 'generator_23', 'similar_color_6', 'generator_24', 'generator_25', 'generator_26', 'generator_27', 'generator_22', 'generator_28', 'generator_29', 'generator_30', 'generator_31', 'generator_32', 'generator_33', 'generator_21', 'generator_34', 'generator_35', 'generator_36', 'generator_37', 'generator_38', 'generator_39', 'generator_40', 'generator_22', 'generator_41', 'generator_42', 'generator_43', 'generator_22', 'generator_44', 'generator_45']
number opened: 1
TRIAL 15
Action chosen: (white, purple)
Outcome: False
partcle ids: ['generator_22', 'generator_22', 'generator_23', 'similar_color_6', 'generator_24', 'generator_25', 'generator_26', 'generator_27', 'generator_22', 'generator_28', 'generator_29', 'generator_30', 'generator_31', 'generator_32', 'generator_33', 'generator_21', 'generator_34', 'generator_35', 'generator_36', 'generator_37', 'generator_38', 'generator_39', 'generator_40', 'generator_22', 'generator_41', 'generator_42', 'generator_43', 'generator_22', 'generator_44', 'generator_45']
number opened: 1
TRIAL 16
Action chosen: (orange4, purple)
Outcome: False
partcle ids: ['generator_22', 'generator_22', 'generator_23', 'similar_color_6', 'generator_24', 'generator_25', 'generator_26', 'generator_27', 'generator_22', 'generator_28', 'generator_29', 'generator_30', 'generator_31', 'generator_32', 'generator_33', 'generator_21', 'generator_34', 'generator_35', 'generator_36', 'generator_37', 'generator_38', 'generator_39', 'generator_40', 'generator_22', 'generator_41', 'generator_42', 'generator_43', 'generator_22', 'generator_44', 'generator_45']
number opened: 1
TRIAL 17
Action chosen: (cloud, purple)
Outcome: False
partcle ids: ['generator_22', 'generator_22', 'generator_23', 'similar_color_6', 'generator_24', 'generator_25', 'generator_26', 'generator_27', 'generator_22', 'generator_28', 'generator_29', 'generator_30', 'generator_31', 'generator_32', 'generator_33', 'generator_21', 'generator_34', 'generator_35', 'generator_36', 'generator_37', 'generator_38', 'generator_39', 'generator_40', 'generator_22', 'generator_41', 'generator_42', 'generator_43', 'generator_22', 'generator_44', 'generator_45']
number opened: 1
TRIAL 18
Action chosen: (blue, purple)
Outcome: False
partcle ids: ['generator_22', 'generator_22', 'generator_23', 'similar_color_6', 'generator_24', 'generator_25', 'generator_26', 'generator_27', 'generator_22', 'generator_28', 'generator_29', 'generator_30', 'generator_31', 'generator_32', 'generator_33', 'generator_21', 'generator_34', 'generator_35', 'generator_36', 'generator_37', 'generator_38', 'generator_39', 'generator_40', 'generator_22', 'generator_41', 'generator_42', 'generator_43', 'generator_22', 'generator_44', 'generator_45']
number opened: 1
TRIAL 19
Action chosen: (pink, purple)
Outcome: False
partcle ids: ['generator_22', 'generator_22', 'generator_23', 'similar_color_6', 'generator_24', 'generator_25', 'generator_26', 'generator_27', 'generator_22', 'generator_28', 'generator_29', 'generator_30', 'generator_31', 'generator_32', 'generator_33', 'generator_21', 'generator_34', 'generator_35', 'generator_36', 'generator_37', 'generator_38', 'generator_39', 'generator_40', 'generator_22', 'generator_41', 'generator_42', 'generator_43', 'generator_22', 'generator_44', 'generator_45']
number opened: 1
TRIAL 20
Action chosen: (grey2, purple)
Outcome: False
partcle ids: ['generator_22', 'generator_22', 'generator_23', 'similar_color_6', 'generator_24', 'generator_25', 'generator_26', 'generator_27', 'generator_22', 'generator_28', 'generator_29', 'generator_30', 'generator_31', 'generator_32', 'generator_33', 'generator_21', 'generator_34', 'generator_35', 'generator_36', 'generator_37', 'generator_38', 'generator_39', 'generator_40', 'generator_22', 'generator_41', 'generator_42', 'generator_43', 'generator_22', 'generator_44', 'generator_45']
number opened: 1
TRIAL 21
Action chosen: (orange4, white)
Outcome: True
partcle ids: ['generator_46', 'generator_26', 'generator_48', 'generator_49', 'generator_50', 'generator_26', 'generator_52', 'generator_53', 'generator_54', 'generator_55', 'generator_56', 'generator_57', 'generator_58', 'generator_59', 'generator_26', 'generator_60', 'generator_61', 'generator_62', 'generator_63', 'generator_64', 'generator_65', 'generator_66', 'generator_67', 'generator_68', 'generator_69', 'generator_26', 'generator_70', 'generator_26', 'generator_72', 'generator_73']
number opened: 2
TRIAL 22
Action chosen: (grey2, pink)
Outcome: True
partcle ids: ['generator_74', 'generator_26', 'generator_76', 'generator_77', 'generator_78', 'generator_79', 'generator_80', 'generator_80', 'generator_26', 'generator_81', 'generator_26', 'generator_83', 'generator_84', 'generator_85', 'generator_86', 'generator_87', 'generator_88', 'generator_89', 'generator_90', 'generator_91', 'generator_74', 'generator_92', 'generator_92', 'generator_93', 'generator_80', 'generator_26', 'generator_95', 'generator_26', 'generator_97', 'generator_98']
number opened: 3
TRIAL 23
Action chosen: (cloud, purple)
Outcome: False
partcle ids: ['generator_74', 'generator_26', 'generator_76', 'generator_77', 'generator_78', 'generator_79', 'generator_80', 'generator_80', 'generator_26', 'generator_81', 'generator_26', 'generator_83', 'generator_84', 'generator_85', 'generator_86', 'generator_87', 'generator_88', 'generator_89', 'generator_90', 'generator_91', 'generator_74', 'generator_92', 'generator_92', 'generator_93', 'generator_80', 'generator_26', 'generator_95', 'generator_26', 'generator_97', 'generator_98']
number opened: 3
TRIAL 24
Action chosen: (green3, purple)
Outcome: True
partcle ids: ['generator_99', 'generator_100', 'generator_101', 'generator_78', 'generator_99', 'generator_26', 'generator_78', 'generator_100', 'generator_102', 'generator_101', 'generator_26', 'generator_26', 'generator_99', 'generator_103', 'generator_78', 'generator_99', 'generator_78', 'generator_101', 'generator_100', 'number_match', 'generator_100', 'generator_100', 'generator_26', 'generator_99', 'number_match', 'generator_101', 'generator_104', 'generator_104', 'number_match', 'number_match']
number opened: 4
TRIAL 25
Action chosen: (heart, blue)
Outcome: False
partcle ids: ['generator_99', 'generator_100', 'generator_101', 'generator_78', 'generator_99', 'generator_26', 'generator_78', 'generator_100', 'generator_102', 'generator_101', 'generator_26', 'generator_26', 'generator_99', 'generator_103', 'generator_78', 'generator_99', 'generator_78', 'generator_101', 'generator_100', 'number_match', 'generator_100', 'generator_100', 'generator_26', 'generator_99', 'number_match', 'generator_101', 'generator_104', 'generator_104', 'number_match', 'number_match']
number opened: 4
TRIAL 26
Action chosen: (purple, blue)
Outcome: False
partcle ids: ['generator_99', 'generator_100', 'generator_101', 'generator_78', 'generator_99', 'generator_26', 'generator_78', 'generator_100', 'generator_102', 'generator_101', 'generator_26', 'generator_26', 'generator_99', 'generator_103', 'generator_78', 'generator_99', 'generator_78', 'generator_101', 'generator_100', 'number_match', 'generator_100', 'generator_100', 'generator_26', 'generator_99', 'number_match', 'generator_101', 'generator_104', 'generator_104', 'number_match', 'number_match']
number opened: 4
TRIAL 27
Action chosen: (white, blue)
Outcome: False
partcle ids: ['generator_99', 'generator_100', 'generator_101', 'generator_78', 'generator_99', 'generator_26', 'generator_78', 'generator_100', 'generator_102', 'generator_101', 'generator_26', 'generator_26', 'generator_99', 'generator_103', 'generator_78', 'generator_99', 'generator_78', 'generator_101', 'generator_100', 'number_match', 'generator_100', 'generator_100', 'generator_26', 'generator_99', 'number_match', 'generator_101', 'generator_104', 'generator_104', 'number_match', 'number_match']
number opened: 4
TRIAL 28
Action chosen: (triangle, blue)
Outcome: False
partcle ids: ['generator_99', 'generator_100', 'generator_101', 'generator_78', 'generator_99', 'generator_26', 'generator_78', 'generator_100', 'generator_102', 'generator_101', 'generator_26', 'generator_26', 'generator_99', 'generator_103', 'generator_78', 'generator_99', 'generator_78', 'generator_101', 'generator_100', 'number_match', 'generator_100', 'generator_100', 'generator_26', 'generator_99', 'number_match', 'generator_101', 'generator_104', 'generator_104', 'number_match', 'number_match']
number opened: 4
TRIAL 29
Action chosen: (cloud, blue)
Outcome: False
partcle ids: ['generator_99', 'generator_100', 'generator_101', 'generator_78', 'generator_99', 'generator_26', 'generator_78', 'generator_100', 'generator_102', 'generator_101', 'generator_26', 'generator_26', 'generator_99', 'generator_103', 'generator_78', 'generator_99', 'generator_78', 'generator_101', 'generator_100', 'number_match', 'generator_100', 'generator_100', 'generator_26', 'generator_99', 'number_match', 'generator_101', 'generator_104', 'generator_104', 'number_match', 'number_match']
number opened: 4
TRIAL 30
Action chosen: (yellow5, blue)
Outcome: True
partcle ids: ['number_match', 'number_match', 'number_match', 'number_match', 'number_match', 'number_match', 'number_match', 'number_match', 'number_match', 'number_match', 'number_match', 'number_match', 'number_match', 'number_match', 'number_match', 'number_match', 'number_match', 'number_match', 'number_match', 'number_match', 'number_match', 'number_match', 'number_match', 'number_match', 'number_match', 'number_match', 'number_match', 'number_match', 'number_match', 'number_match']
number opened: 5
{"attempts": 30, "unique_key_box_pairs": 19, "revisit_attempts": 11, "revisit_rate": 0.3793103448275862, "attempts_before_abandoning_color_matching": 3, "color_matching_abandoned": true}
