{"Child_ID": "D028", "SoC_variant": "SoC-Full", "theta": [2, 1], "p_gen": 0.5, "true_prior": 0.02, "run_number": 85, "seed": 7557551912098352432}
TRIAL 1
Action chosen: (purple, purple)
Outcome: False
partcle ids: ['generator_1', 'generator_2', 'similar_color_1', 'shape_match', 'shape_match', 'generator_3', 'similar_color_11', 'generator_4', 'similar_color_8', 'similar_color_8', 'order_match', 'similar_color_5', 'similar_color_3', 'generator_5', 'generator_6', 'number_match', 'generator_7', 'generator_8', 'similar_color_7', 'generator_9', 'generator_10', 'generator_11', 'generator_12', 'generator_13', 'generator_14', 'generator_15', 'similar_color_2', 'similar_color_10', 'similar_color_11', 'similar_color_13']
number opened: 0
TRIAL 2
Action chosen: (red, red)
Outcome: True
partcle ids: ['generator_16', 'similar_color_2', 'similar_color_5', 'generator_17', 'similar_color_10', 'similar_color_11', 'generator_18', 'generator_19', 'similar_color_8', 'number_match', 'generator_20', 'similar_color_14', 'generator_21', 'order_match', 'generator_22', 'number_match', 'generator_23', 'similar_color_6', 'generator_24', 'similar_color_1', 'generator_25', 'similar_color_6', 'generator_15', 'generator_26', 'similar_color_8', 'similar_color_5', 'generator_27', 'similar_color_13', 'generator_15', 'generator_28']
number opened: 1
TRIAL 3
Action chosen: (pink, pink)
Outcome: False
partcle ids: ['generator_16', 'similar_color_2', 'similar_color_5', 'generator_17', 'similar_color_10', 'similar_color_11', 'generator_18', 'generator_19', 'similar_color_8', 'number_match', 'generator_20', 'similar_color_14', 'generator_21', 'order_match', 'generator_22', 'number_match', 'generator_23', 'similar_color_6', 'generator_24', 'similar_color_1', 'generator_25', 'similar_color_6', 'generator_15', 'generator_26', 'similar_color_8', 'similar_color_5', 'generator_27', 'similar_color_13', 'generator_15', 'generator_28']
number opened: 1
TRIAL 4
Action chosen: (purple, purple)
Outcome: False
partcle ids: ['generator_16', 'similar_color_2', 'similar_color_5', 'generator_17', 'similar_color_10', 'similar_color_11', 'generator_18', 'generator_19', 'similar_color_8', 'number_match', 'generator_20', 'similar_color_14', 'generator_21', 'order_match', 'generator_22', 'number_match', 'generator_23', 'similar_color_6', 'generator_24', 'similar_color_1', 'generator_25', 'similar_color_6', 'generator_15', 'generator_26', 'similar_color_8', 'similar_color_5', 'generator_27', 'similar_color_13', 'generator_15', 'generator_28']
number opened: 1
TRIAL 5
Action chosen: (grey2, pink)
Outcome: True
partcle ids: ['order_match', 'generator_29', 'generator_30', 'generator_31', 'generator_32', 'generator_33', 'generator_34', 'generator_35', 'generator_36', 'number_match', 'generator_37', 'generator_38', 'generator_39', 'generator_40', 'generator_41', 'generator_42', 'number_match', 'generator_43', 'generator_44', 'generator_45', 'generator_46', 'number_match', 'generator_47', 'generator_48', 'generator_49', 'generator_50', 'generator_51', 'order_match', 'order_match', 'generator_52']
number opened: 2
TRIAL 6
Action chosen: (yellow5, blue)
Outcome: True
partcle ids: ['generator_33', 'number_match', 'generator_53', 'generator_54', 'generator_55', 'order_match', 'generator_56', 'generator_56', 'generator_57', 'generator_58', 'generator_59', 'generator_60', 'generator_61', 'generator_62', 'generator_63', 'generator_64', 'generator_65', 'generator_66', 'generator_65', 'generator_67', 'generator_57', 'generator_68', 'generator_69', 'generator_64', 'order_match', 'generator_55', 'generator_70', 'generator_71', 'generator_61', 'generator_72']
number opened: 3
TRIAL 7
Action chosen: (orange4, purple)
Outcome: False
partcle ids: ['generator_33', 'number_match', 'generator_53', 'generator_54', 'generator_55', 'order_match', 'generator_56', 'generator_56', 'generator_57', 'generator_58', 'generator_59', 'generator_60', 'generator_61', 'generator_62', 'generator_63', 'generator_64', 'generator_65', 'generator_66', 'generator_65', 'generator_67', 'generator_57', 'generator_68', 'generator_69', 'generator_64', 'order_match', 'generator_55', 'generator_70', 'generator_71', 'generator_61', 'generator_72']
number opened: 3
TRIAL 8
Action chosen: (orange4, white)
Outcome: True
partcle ids: ['generator_73', 'generator_73', 'generator_62', 'generator_69', 'generator_74', 'generator_74', 'generator_69', 'generator_68', 'generator_75', 'generator_69', 'generator_62', 'number_match', 'generator_76', 'generator_76', 'generator_74', 'generator_62', 'number_match', 'generator_68', 'generator_62', 'number_match', 'generator_62', 'generator_73', 'generator_75', 'generator_68', 'generator_73', 'generator_74', 'generator_74', 'generator_74', 'number_match', 'number_match']
number opened: 4
TRIAL 9
Action chosen: (pink, purple)
Outcome: False
partcle ids: ['generator_73', 'generator_73', 'generator_62', 'generator_69', 'generator_74', 'generator_74', 'generator_69', 'generator_68', 'generator_75', 'generator_69', 'generator_62', 'number_match', 'generator_76', 'generator_76', 'generator_74', 'generator_62', 'number_match', 'generator_68', 'generator_62', 'number_match', 'generator_62', 'generator_73', 'generator_75', 'generator_68', 'generator_73', 'generator_74', 'generator_74', 'generator_74', 'number_match', 'number_match']
number opened: 4
TRIAL 10
Action chosen: (green3, purple)
Outcome: True
partcle ids: ['number_match', 'number_match', 'number_match', 'number_match', 'number_match', 'number_match', 'number_match', 'number_match', 'number_match', 'number_match', 'number_match', 'number_match', 'number_match', 'number_match', 'number_match', 'number_match', 'number_match', 'number_match', 'number_match', 'number_match', 'number_match', 'number_match', 'number_match', 'number_match', 'number_match', 'number_match', 'number_match', 'number_match', 'number_match', 'number_match']
number opened: 5
{"attempts": 10, "unique_key_box_pairs": 9, "revisit_attempts": 1, "revisit_rate": 0.1111111111111111, "attempts_before_abandoning_color_matching": 4, "color_matching_abandoned": true}
