{"Child_ID": "D028", "SoC_variant": "SoC-Full", "theta": [2, 1], "p_gen": 0.5, "true_prior": 0.02, "run_number": 18, "seed": 1772023826672326796}
TRIAL 1
Action chosen: (blue, blue)
Outcome: False
partcle ids: ['similar_color_9', 'generator_1', 'generator_2', 'similar_color_1', 'similar_color_6', 'similar_color_10', 'generator_3', 'similar_color_7', 'similar_color_8', 'similar_color_5', 'generator_4', 'similar_color_2', 'similar_color_4', 'similar_color_6', 'similar_color_7', 'similar_color_9', 'similar_color_8', 'similar_color_1', 'similar_color_6', 'generator_5', 'order_match', 'generator_6', 'generator_7', 'similar_color_5', 'similar_color_6', 'similar_color_9', 'generator_8', 'order_match', 'generator_9', 'similar_color_4']
number opened: 0
TRIAL 2
Action chosen: (heart, blue)
Outcome: False
partcle ids: ['similar_color_9', 'generator_1', 'generator_2', 'similar_color_1', 'similar_color_6', 'similar_color_10', 'generator_3', 'similar_color_7', 'similar_color_8', 'similar_color_5', 'generator_4', 'similar_color_2', 'similar_color_4', 'similar_color_6', 'similar_color_7', 'similar_color_9', 'similar_color_8', 'similar_color_1', 'similar_color_6', 'generator_5', 'order_match', 'generator_6', 'generator_7', 'similar_color_5', 'similar_color_6', 'similar_color_9', 'generator_8', 'order_match', 'generator_9', 'similar_color_4']
number opened: 0
TRIAL 3
Action chosen: (pink, pink)
Outcome: False
partcle ids: ['similar_color_9', 'generator_1', 'generator_2', 'similar_color_1', 'similar_color_6', 'similar_color_10', 'generator_3', 'similar_color_7', 'similar_color_8', 'similar_color_5', 'generator_4', 'similar_color_2', 'similar_color_4', 'similar_color_6', 'similar_color_7', 'similar_color_9', 'similar_color_8', 'similar_color_1', 'similar_color_6', 'generator_5', 'order_match', 'generator_6', 'generator_7', 'similar_color_5', 'similar_color_6', 'similar_color_9', 'generator_8', 'order_match', 'generator_9', 'similar_color_4']
number opened: 0
TRIAL 4
Action chosen: (purple, purple)
Outcome: False
partcle ids: ['generator_10', 'generator_11', 'generator_3', 'generator_12', 'generator_13', 'generator_14', 'order_match', 'color_match', 'generator_15', 'generator_16', 'generator_17', 'order_match', 'generator_1', 'similar_color_13', 'generator_18', 'order_match', 'generator_3', 'generator_20', 'generator_6', 'generator_7', 'generator_7', 'generator_21', 'generator_22', 'generator_23', 'generator_7', 'generator_24', 'generator_25', 'generator_26', 'generator_27', 'generator_5']
number opened: 0
TRIAL 5
Action chosen: (yellow5, red)
Outcome: False
partcle ids: ['generator_10', 'generator_11', 'generator_3', 'generator_12', 'generator_13', 'generator_14', 'order_match', 'color_match', 'generator_15', 'generator_16', 'generator_17', 'order_match', 'generator_1', 'similar_color_13', 'generator_18', 'order_match', 'generator_3', 'generator_20', 'generator_6', 'generator_7', 'generator_7', 'generator_21', 'generator_22', 'generator_23', 'generator_7', 'generator_24', 'generator_25', 'generator_26', 'generator_27', 'generator_5']
number opened: 0
TRIAL 6
Action chosen: (pink, red)
Outcome: False
partcle ids: ['generator_10', 'generator_11', 'generator_3', 'generator_12', 'generator_13', 'generator_14', 'order_match', 'color_match', 'generator_15', 'generator_16', 'generator_17', 'order_match', 'generator_1', 'similar_color_13', 'generator_18', 'order_match', 'generator_3', 'generator_20', 'generator_6', 'generator_7', 'generator_7', 'generator_21', 'generator_22', 'generator_23', 'generator_7', 'generator_24', 'generator_25', 'generator_26', 'generator_27', 'generator_5']
number opened: 0
TRIAL 7
Action chosen: (red, red)
Outcome: True
partcle ids: ['similar_color_3', 'generator_28', 'generator_29', 'generator_30', 'generator_31', 'order_match', 'generator_32', 'generator_33', 'generator_34', 'generator_35', 'order_match', 'generator_36', 'order_match', 'generator_37', 'order_match', 'generator_38', 'generator_39', 'generator_40', 'generator_41', 'similar_color_7', 'generator_42', 'order_match', 'similar_color_14', 'generator_43', 'order_match', 'similar_color_4', 'generator_44', 'generator_45', 'order_match', 'order_match']
number opened: 1
TRIAL 8
Action chosen: (green3, white)
Outcome: False
partcle ids: ['similar_color_3', 'generator_28', 'generator_29', 'generator_30', 'generator_31', 'order_match', 'generator_32', 'generator_33', 'generator_34', 'generator_35', 'order_match', 'generator_36', 'order_match', 'generator_37', 'order_match', 'generator_38', 'generator_39', 'generator_40', 'generator_41', 'similar_color_7', 'generator_42', 'order_match', 'similar_color_14', 'generator_43', 'order_match', 'similar_color_4', 'generator_44', 'generator_45', 'order_match', 'order_match']
number opened: 1
TRIAL 9
Action chosen: (heart, pink)
Outcome: False
partcle ids: ['similar_color_3', 'generator_28', 'generator_29', 'generator_30', 'generator_31', 'order_match', 'generator_32', 'generator_33', 'generator_34', 'generator_35', 'order_match', 'generator_36', 'order_match', 'generator_37', 'order_match', 'generator_38', 'generator_39', 'generator_40', 'generator_41', 'similar_color_7', 'generator_42', 'order_match', 'similar_color_14', 'generator_43', 'order_match', 'similar_color_4', 'generator_44', 'generator_45', 'order_match', 'order_match']
number opened: 1
TRIAL 10
Action chosen: (pink, pink)
Outcome: False
partcle ids: ['similar_color_3', 'generator_28', 'generator_29', 'generator_30', 'generator_31', 'order_match', 'generator_32', 'generator_33', 'generator_34', 'generator_35', 'order_match', 'generator_36', 'order_match', 'generator_37', 'order_match', 'generator_38', 'generator_39', 'generator_40', 'generator_41', 'similar_color_7', 'generator_42', 'order_match', 'similar_color_14', 'generator_43', 'order_match', 'similar_color_4', 'generator_44', 'generator_45', 'order_match', 'order_match']
number opened: 1
TRIAL 11
Action chosen: (grey2, pink)
Outcome: True
partcle ids: ['generator_46', 'number_match', 'generator_47', 'order_match', 'generator_48', 'generator_49', 'generator_50', 'generator_51', 'generator_52', 'generator_53', 'generator_44', 'generator_54', 'order_match', 'generator_55', 'generator_56', 'generator_57', 'generator_58', 'generator_59', 'generator_60', 'generator_61', 'generator_62', 'generator_63', 'generator_64', 'generator_65', 'generator_44', 'generator_67', 'generator_68', 'number_match', 'generator_69', 'generator_70']
number opened: 2
TRIAL 12
Action chosen: (cloud, purple)
Outcome: False
partcle ids: ['generator_46', 'number_match', 'generator_47', 'order_match', 'generator_48', 'generator_49', 'generator_50', 'generator_51', 'generator_52', 'generator_53', 'generator_44', 'generator_54', 'order_match', 'generator_55', 'generator_56', 'generator_57', 'generator_58', 'generator_59', 'generator_60', 'generator_61', 'generator_62', 'generator_63', 'generator_64', 'generator_65', 'generator_44', 'generator_67', 'generator_68', 'number_match', 'generator_69', 'generator_70']
number opened: 2
TRIAL 13
Action chosen: (purple, blue)
Outcome: False
partcle ids: ['generator_46', 'number_match', 'generator_47', 'order_match', 'generator_48', 'generator_49', 'generator_50', 'generator_51', 'generator_52', 'generator_53', 'generator_44', 'generator_54', 'order_match', 'generator_55', 'generator_56', 'generator_57', 'generator_58', 'generator_59', 'generator_60', 'generator_61', 'generator_62', 'generator_63', 'generator_64', 'generator_65', 'generator_44', 'generator_67', 'generator_68', 'number_match', 'generator_69', 'generator_70']
number opened: 2
TRIAL 14
Action chosen: (orange4, white)
Outcome: True
partcle ids: ['generator_71', 'generator_72', 'number_match', 'generator_73', 'generator_74', 'generator_75', 'generator_76', 'generator_77', 'generator_78', 'generator_79', 'generator_80', 'generator_81', 'generator_82', 'generator_83', 'generator_84', 'generator_79', 'generator_85', 'generator_86', 'generator_87', 'generator_88', 'generator_89', 'generator_88', 'generator_85', 'generator_46', 'generator_91', 'generator_92', 'generator_93', 'generator_94', 'generator_95', 'generator_46']
number opened: 3
TRIAL 15
Action chosen: (blue, purple)
Outcome: False
partcle ids: ['generator_71', 'generator_72', 'number_match', 'generator_73', 'generator_74', 'generator_75', 'generator_76', 'generator_77', 'generator_78', 'generator_79', 'generator_80', 'generator_81', 'generator_82', 'generator_83', 'generator_84', 'generator_79', 'generator_85', 'generator_86', 'generator_87', 'generator_88', 'generator_89', 'generator_88', 'generator_85', 'generator_46', 'generator_91', 'generator_92', 'generator_93', 'generator_94', 'generator_95', 'generator_46']
number opened: 3
TRIAL 16
Action chosen: (diamond, blue)
Outcome: False
partcle ids: ['generator_71', 'generator_72', 'number_match', 'generator_73', 'generator_74', 'generator_75', 'generator_76', 'generator_77', 'generator_78', 'generator_79', 'generator_80', 'generator_81', 'generator_82', 'generator_83', 'generator_84', 'generator_79', 'generator_85', 'generator_86', 'generator_87', 'generator_88', 'generator_89', 'generator_88', 'generator_85', 'generator_46', 'generator_91', 'generator_92', 'generator_93', 'generator_94', 'generator_95', 'generator_46']
number opened: 3
TRIAL 17
Action chosen: (yellow5, purple)
Outcome: False
partcle ids: ['generator_71', 'generator_72', 'number_match', 'generator_73', 'generator_74', 'generator_75', 'generator_76', 'generator_77', 'generator_78', 'generator_79', 'generator_80', 'generator_81', 'generator_82', 'generator_83', 'generator_84', 'generator_79', 'generator_85', 'generator_86', 'generator_87', 'generator_88', 'generator_89', 'generator_88', 'generator_85', 'generator_46', 'generator_91', 'generator_92', 'generator_93', 'generator_94', 'generator_95', 'generator_46']
number opened: 3
TRIAL 18
Action chosen: (diamond, purple)
Outcome: False
partcle ids: ['generator_71', 'generator_72', 'number_match', 'generator_73', 'generator_74', 'generator_75', 'generator_76', 'generator_77', 'generator_78', 'generator_79', 'generator_80', 'generator_81', 'generator_82', 'generator_83', 'generator_84', 'generator_79', 'generator_85', 'generator_86', 'generator_87', 'generator_88', 'generator_89', 'generator_88', 'generator_85', 'generator_46', 'generator_91', 'generator_92', 'generator_93', 'generator_94', 'generator_95', 'generator_46']
number opened: 3
TRIAL 19
Action chosen: (yellow5, blue)
Outcome: True
partcle ids: ['number_match', 'generator_71', 'generator_73', 'number_match', 'number_match', 'generator_71', 'number_match', 'generator_71', 'number_match', 'generator_94', 'generator_71', 'number_match', 'generator_73', 'number_match', 'generator_71', 'number_match', 'generator_98', 'generator_71', 'generator_73', 'generator_97', 'generator_96', 'generator_94', 'generator_99', 'generator_99', 'generator_71', 'generator_71', 'generator_71', 'generator_99', 'generator_71', 'generator_71']
number opened: 4
TRIAL 20
Action chosen: (triangle, purple)
Outcome: False
partcle ids: ['number_match', 'generator_71', 'generator_73', 'number_match', 'number_match', 'generator_71', 'number_match', 'generator_71', 'number_match', 'generator_94', 'generator_71', 'number_match', 'generator_73', 'number_match', 'generator_71', 'number_match', 'generator_98', 'generator_71', 'generator_73', 'generator_97', 'generator_96', 'generator_94', 'generator_99', 'generator_99', 'generator_71', 'generator_71', 'generator_71', 'generator_99', 'generator_71', 'generator_71']
number opened: 4
TRIAL 21
Action chosen: (green3, purple)
Outcome: True
partcle ids: ['number_match', 'number_match', 'number_match', 'number_match', 'number_match', 'number_match', 'number_match', 'number_match', 'number_match', 'number_match', 'number_match', 'number_match', 'number_match', 'number_match', 'number_match', 'number_match', 'number_match', 'number_match', 'number_match', 'number_match', 'number_match', 'number_match', 'number_match', 'number_match', 'number_match', 'number_match', 'number_match', 'number_match', 'number_match', 'number_match']
number opened: 5
{"attempts": 21, "unique_key_box_pairs": 20, "revisit_attempts": 1, "revisit_rate": 0.05, "attempts_before_abandoning_color_matching": 1, "color_matching_abandoned": true}
