{"Child_ID": "D028", "SoC_variant": "SoC-Full", "theta": [2, 1], "p_gen": 0.5, "true_prior": 0.02, "run_number": 8, "seed": 7530768978345387210}
TRIAL 1
Action chosen: (red, red)
Outcome: True
partcle ids: ['generator_19', 'generator_1', 'similar_color_6', 'color_match', 'similar_color_4', 'generator_20', 'generator_21', 'similar_color_12', 'generator_22', 'generator_1', 'generator_23', 'generator_24', 'generator_25', 'generator_1', 'generator_26', 'order_match', 'order_match', 'similar_color_14', 'similar_color_13', 'similar_color_9', 'generator_27', 'similar_color_8', 'generator_28', 'similar_color_10', 'generator_29', 'similar_color_13', 'similar_color_13', 'similar_color_9', 'generator_30', 'generator_31']
number opened: 1
TRIAL 2
Action chosen: (purple, purple)
Outcome: False
partcle ids: ['generator_19', 'generator_1', 'similar_color_6', 'color_match', 'similar_color_4', 'generator_20', 'generator_21', 'similar_color_12', 'generator_22', 'generator_1', 'generator_23', 'generator_24', 'generator_25', 'generator_1', 'generator_26', 'order_match', 'order_match', 'similar_color_14', 'similar_color_13', 'similar_color_9', 'generator_27', 'similar_color_8', 'generator_28', 'similar_color_10', 'generator_29', 'similar_color_13', 'similar_color_13', 'similar_color_9', 'generator_30', 'generator_31']
number opened: 1
TRIAL 3
Action chosen: (green3, pink)
Outcome: False
partcle ids: ['generator_19', 'generator_1', 'similar_color_6', 'color_match', 'similar_color_4', 'generator_20', 'generator_21', 'similar_color_12', 'generator_22', 'generator_1', 'generator_23', 'generator_24', 'generator_25', 'generator_1', 'generator_26', 'order_match', 'order_match', 'similar_color_14', 'similar_color_13', 'similar_color_9', 'generator_27', 'similar_color_8', 'generator_28', 'similar_color_10', 'generator_29', 'similar_color_13', 'similar_color_13', 'similar_color_9', 'generator_30', 'generator_31']
number opened: 1
TRIAL 4
Action chosen: (purple, purple)
Outcome: False
partcle ids: ['generator_19', 'generator_1', 'similar_color_6', 'color_match', 'similar_color_4', 'generator_20', 'generator_21', 'similar_color_12', 'generator_22', 'generator_1', 'generator_23', 'generator_24', 'generator_25', 'generator_1', 'generator_26', 'order_match', 'order_match', 'similar_color_14', 'similar_color_13', 'similar_color_9', 'generator_27', 'similar_color_8', 'generator_28', 'similar_color_10', 'generator_29', 'similar_color_13', 'similar_color_13', 'similar_color_9', 'generator_30', 'generator_31']
number opened: 1
TRIAL 5
Action chosen: (triangle, white)
Outcome: False
partcle ids: ['generator_19', 'generator_1', 'similar_color_6', 'color_match', 'similar_color_4', 'generator_20', 'generator_21', 'similar_color_12', 'generator_22', 'generator_1', 'generator_23', 'generator_24', 'generator_25', 'generator_1', 'generator_26', 'order_match', 'order_match', 'similar_color_14', 'similar_color_13', 'similar_color_9', 'generator_27', 'similar_color_8', 'generator_28', 'similar_color_10', 'generator_29', 'similar_color_13', 'similar_color_13', 'similar_color_9', 'generator_30', 'generator_31']
number opened: 1
TRIAL 6
Action chosen: (grey2, pink)
Outcome: True
partcle ids: ['generator_32', 'generator_33', 'generator_34', 'generator_35', 'generator_36', 'generator_37', 'order_match', 'order_match', 'generator_38', 'generator_39', 'generator_40', 'generator_41', 'generator_42', 'generator_43', 'generator_44', 'generator_45', 'generator_46', 'generator_47', 'generator_48', 'generator_49', 'generator_50', 'number_match', 'generator_51', 'generator_52', 'generator_53', 'generator_54', 'generator_55', 'generator_56', 'generator_57', 'generator_58']
number opened: 2
TRIAL 7
Action chosen: (blue, purple)
Outcome: False
partcle ids: ['generator_32', 'generator_33', 'generator_34', 'generator_35', 'generator_36', 'generator_37', 'order_match', 'order_match', 'generator_38', 'generator_39', 'generator_40', 'generator_41', 'generator_42', 'generator_43', 'generator_44', 'generator_45', 'generator_46', 'generator_47', 'generator_48', 'generator_49', 'generator_50', 'number_match', 'generator_51', 'generator_52', 'generator_53', 'generator_54', 'generator_55', 'generator_56', 'generator_57', 'generator_58']
number opened: 2
TRIAL 8
Action chosen: (green3, purple)
Outcome: True
partcle ids: ['generator_52', 'generator_59', 'generator_60', 'generator_61', 'generator_62', 'generator_63', 'generator_64', 'generator_65', 'generator_66', 'generator_67', 'generator_64', 'generator_68', 'generator_69', 'generator_70', 'generator_71', 'generator_72', 'generator_73', 'generator_74', 'generator_75', 'generator_76', 'generator_77', 'generator_78', 'generator_76', 'number_match', 'generator_79', 'generator_50', 'generator_80', 'generator_81', 'generator_82', 'generator_64']
number opened: 3
TRIAL 9
Action chosen: (yellow5, blue)
Outcome: True
partcle ids: ['generator_81', 'generator_79', 'generator_83', 'generator_84', 'generator_85', 'generator_61', 'generator_83', 'generator_61', 'number_match', 'generator_84', 'generator_61', 'generator_79', 'generator_81', 'generator_81', 'generator_85', 'number_match', 'generator_81', 'generator_61', 'generator_81', 'generator_76', 'number_match', 'generator_84', 'generator_61', 'generator_79', 'generator_84', 'generator_83', 'generator_79', 'generator_79', 'generator_85', 'generator_84']
number opened: 4
TRIAL 10
Action chosen: (blue, white)
Outcome: False
partcle ids: ['generator_81', 'generator_79', 'generator_83', 'generator_84', 'generator_85', 'generator_61', 'generator_83', 'generator_61', 'number_match', 'generator_84', 'generator_61', 'generator_79', 'generator_81', 'generator_81', 'generator_85', 'number_match', 'generator_81', 'generator_61', 'generator_81', 'generator_76', 'number_match', 'generator_84', 'generator_61', 'generator_79', 'generator_84', 'generator_83', 'generator_79', 'generator_79', 'generator_85', 'generator_84']
number opened: 4
TRIAL 11
Action chosen: (white, white)
Outcome: False
partcle ids: ['generator_81', 'generator_79', 'generator_83', 'generator_84', 'generator_85', 'generator_61', 'generator_83', 'generator_61', 'number_match', 'generator_84', 'generator_61', 'generator_79', 'generator_81', 'generator_81', 'generator_85', 'number_match', 'generator_81', 'generator_61', 'generator_81', 'generator_76', 'number_match', 'generator_84', 'generator_61', 'generator_79', 'generator_84', 'generator_83', 'generator_79', 'generator_79', 'generator_85', 'generator_84']
number opened: 4
TRIAL 12
Action chosen: (pink, white)
Outcome: False
partcle ids: ['generator_81', 'generator_79', 'generator_83', 'generator_84', 'generator_85', 'generator_61', 'generator_83', 'generator_61', 'number_match', 'generator_84', 'generator_61', 'generator_79', 'generator_81', 'generator_81', 'generator_85', 'number_match', 'generator_81', 'generator_61', 'generator_81', 'generator_76', 'number_match', 'generator_84', 'generator_61', 'generator_79', 'generator_84', 'generator_83', 'generator_79', 'generator_79', 'generator_85', 'generator_84']
number opened: 4
TRIAL 13
Action chosen: (diamond, white)
Outcome: False
partcle ids: ['generator_81', 'generator_79', 'generator_83', 'generator_84', 'generator_85', 'generator_61', 'generator_83', 'generator_61', 'number_match', 'generator_84', 'generator_61', 'generator_79', 'generator_81', 'generator_81', 'generator_85', 'number_match', 'generator_81', 'generator_61', 'generator_81', 'generator_76', 'number_match', 'generator_84', 'generator_61', 'generator_79', 'generator_84', 'generator_83', 'generator_79', 'generator_79', 'generator_85', 'generator_84']
number opened: 4
TRIAL 14
Action chosen: (purple, white)
Outcome: False
partcle ids: ['generator_81', 'generator_79', 'generator_83', 'generator_84', 'generator_85', 'generator_61', 'generator_83', 'generator_61', 'number_match', 'generator_84', 'generator_61', 'generator_79', 'generator_81', 'generator_81', 'generator_85', 'number_match', 'generator_81', 'generator_61', 'generator_81', 'generator_76', 'number_match', 'generator_84', 'generator_61', 'generator_79', 'generator_84', 'generator_83', 'generator_79', 'generator_79', 'generator_85', 'generator_84']
number opened: 4
TRIAL 15
Action chosen: (cloud, white)
Outcome: False
partcle ids: ['generator_81', 'generator_79', 'generator_83', 'generator_84', 'generator_85', 'generator_61', 'generator_83', 'generator_61', 'number_match', 'generator_84', 'generator_61', 'generator_79', 'generator_81', 'generator_81', 'generator_85', 'number_match', 'generator_81', 'generator_61', 'generator_81', 'generator_76', 'number_match', 'generator_84', 'generator_61', 'generator_79', 'generator_84', 'generator_83', 'generator_79', 'generator_79', 'generator_85', 'generator_84']
number opened: 4
TRIAL 16
Action chosen: (orange4, white)
Outcome: True
partcle ids: ['number_match', 'number_match', 'number_match', 'number_match', 'number_match', 'number_match', 'number_match', 'number_match', 'number_match', 'number_match', 'number_match', 'number_match', 'number_match', 'number_match', 'number_match', 'number_match', 'number_match', 'number_match', 'number_match', 'number_match', 'number_match', 'number_match', 'number_match', 'number_match', 'number_match', 'number_match', 'number_match', 'number_match', 'number_match', 'number_match']
number opened: 5
{"attempts": 16, "unique_key_box_pairs": 15, "revisit_attempts": 1, "revisit_rate": 0.06666666666666667, "attempts_before_abandoning_color_matching": 2, "color_matching_abandoned": true}
