{"Child_ID": "D017", "SoC_variant": "SoC-Gen", "theta": [19, 1], "p_gen": 0.9, "true_prior": 0.02, "run_number": 98, "seed": 5177941011226059841}
TRIAL 1
Action chosen: (purple, purple)
Outcome: False
partcle ids: ['similar_color_2', 'generator_1', 'generator_2', 'generator_3', 'generator_4', 'generator_5', 'generator_6', 'generator_7', 'generator_8', 'generator_9', 'generator_10', 'generator_11', 'generator_12', 'generator_13', 'generator_14', 'generator_15', 'similar_color_11', 'generator_16', 'color_match', 'similar_color_3', 'generator_17', 'generator_18', 'number_match', 'generator_19', 'generator_20', 'similar_color_5', 'generator_21', 'generator_22', 'generator_23', 'generator_24']
number opened: 0
TRIAL 2
Action chosen: (pink, white)
Outcome: False
partcle ids: ['similar_color_2', 'generator_1', 'generator_2', 'generator_3', 'generator_4', 'generator_5', 'generator_6', 'generator_7', 'generator_8', 'generator_9', 'generator_10', 'generator_11', 'generator_12', 'generator_13', 'generator_14', 'generator_15', 'similar_color_11', 'generator_16', 'color_match', 'similar_color_3', 'generator_17', 'generator_18', 'number_match', 'generator_19', 'generator_20', 'similar_color_5', 'generator_21', 'generator_22', 'generator_23', 'generator_24']
number opened: 0
TRIAL 3
Action chosen: (white, blue)
Outcome: False
partcle ids: ['generator_25', 'generator_14', 'generator_27', 'generator_28', 'generator_29', 'generator_30', 'generator_31', 'generator_32', 'generator_33', 'generator_5', 'generator_34', 'generator_35', 'generator_14', 'generator_37', 'generator_4', 'generator_21', 'generator_40', 'generator_41', 'generator_42', 'generator_43', 'generator_14', 'generator_18', 'generator_46', 'generator_47', 'generator_4', 'generator_49', 'generator_50', 'generator_2', 'generator_2', 'generator_17']
number opened: 0
TRIAL 4
Action chosen: (cloud, white)
Outcome: False
partcle ids: ['generator_25', 'generator_14', 'generator_27', 'generator_28', 'generator_29', 'generator_30', 'generator_31', 'generator_32', 'generator_33', 'generator_5', 'generator_34', 'generator_35', 'generator_14', 'generator_37', 'generator_4', 'generator_21', 'generator_40', 'generator_41', 'generator_42', 'generator_43', 'generator_14', 'generator_18', 'generator_46', 'generator_47', 'generator_4', 'generator_49', 'generator_50', 'generator_2', 'generator_2', 'generator_17']
number opened: 0
TRIAL 5
Action chosen: (heart, blue)
Outcome: False
partcle ids: ['generator_25', 'generator_14', 'generator_27', 'generator_28', 'generator_29', 'generator_30', 'generator_31', 'generator_32', 'generator_33', 'generator_5', 'generator_34', 'generator_35', 'generator_14', 'generator_37', 'generator_4', 'generator_21', 'generator_40', 'generator_41', 'generator_42', 'generator_43', 'generator_14', 'generator_18', 'generator_46', 'generator_47', 'generator_4', 'generator_49', 'generator_50', 'generator_2', 'generator_2', 'generator_17']
number opened: 0
TRIAL 6
Action chosen: (white, red)
Outcome: False
partcle ids: ['generator_52', 'generator_42', 'generator_54', 'generator_55', 'generator_46', 'generator_30', 'generator_57', 'generator_58', 'generator_59', 'generator_40', 'generator_34', 'generator_61', 'generator_62', 'generator_31', 'generator_49', 'generator_65', 'generator_66', 'generator_67', 'generator_68', 'generator_69', 'generator_42', 'generator_17', 'generator_71', 'generator_72', 'generator_31', 'generator_74', 'generator_75', 'generator_76', 'generator_34', 'generator_78']
number opened: 0
TRIAL 7
Action chosen: (red, white)
Outcome: False
partcle ids: ['generator_52', 'generator_42', 'generator_54', 'generator_55', 'generator_46', 'generator_30', 'generator_57', 'generator_58', 'generator_59', 'generator_40', 'generator_34', 'generator_61', 'generator_62', 'generator_31', 'generator_49', 'generator_65', 'generator_66', 'generator_67', 'generator_68', 'generator_69', 'generator_42', 'generator_17', 'generator_71', 'generator_72', 'generator_31', 'generator_74', 'generator_75', 'generator_76', 'generator_34', 'generator_78']
number opened: 0
TRIAL 8
Action chosen: (purple, blue)
Outcome: False
partcle ids: ['generator_52', 'generator_42', 'generator_54', 'generator_55', 'generator_46', 'generator_30', 'generator_57', 'generator_58', 'generator_59', 'generator_40', 'generator_34', 'generator_61', 'generator_62', 'generator_31', 'generator_49', 'generator_65', 'generator_66', 'generator_67', 'generator_68', 'generator_69', 'generator_42', 'generator_17', 'generator_71', 'generator_72', 'generator_31', 'generator_74', 'generator_75', 'generator_76', 'generator_34', 'generator_78']
number opened: 0
TRIAL 9
Action chosen: (heart, purple)
Outcome: False
partcle ids: ['generator_52', 'generator_42', 'generator_54', 'generator_55', 'generator_46', 'generator_30', 'generator_57', 'generator_58', 'generator_59', 'generator_40', 'generator_34', 'generator_61', 'generator_62', 'generator_31', 'generator_49', 'generator_65', 'generator_66', 'generator_67', 'generator_68', 'generator_69', 'generator_42', 'generator_17', 'generator_71', 'generator_72', 'generator_31', 'generator_74', 'generator_75', 'generator_76', 'generator_34', 'generator_78']
number opened: 0
TRIAL 10
Action chosen: (green3, purple)
Outcome: True
partcle ids: ['generator_79', 'generator_76', 'generator_80', 'generator_81', 'generator_82', 'generator_83', 'generator_34', 'generator_85', 'generator_34', 'generator_72', 'generator_34', 'generator_89', 'generator_76', 'generator_34', 'generator_34', 'generator_34', 'generator_72', 'generator_34', 'generator_76', 'generator_76', 'generator_98', 'generator_34', 'generator_100', 'generator_34', 'generator_101', 'generator_34', 'generator_72', 'generator_72', 'generator_34', 'generator_34']
number opened: 1
TRIAL 11
Action chosen: (diamond, red)
Outcome: False
partcle ids: ['generator_79', 'generator_76', 'generator_80', 'generator_81', 'generator_82', 'generator_83', 'generator_34', 'generator_85', 'generator_34', 'generator_72', 'generator_34', 'generator_89', 'generator_76', 'generator_34', 'generator_34', 'generator_34', 'generator_72', 'generator_34', 'generator_76', 'generator_76', 'generator_98', 'generator_34', 'generator_100', 'generator_34', 'generator_101', 'generator_34', 'generator_72', 'generator_72', 'generator_34', 'generator_34']
number opened: 1
TRIAL 12
Action chosen: (pink, red)
Outcome: False
partcle ids: ['generator_106', 'generator_76', 'generator_108', 'generator_81', 'generator_110', 'generator_111', 'generator_112', 'generator_100', 'generator_76', 'generator_76', 'generator_116', 'generator_117', 'generator_76', 'generator_76', 'generator_120', 'generator_82', 'generator_122', 'generator_123', 'generator_82', 'generator_125', 'generator_100', 'generator_76', 'generator_128', 'generator_129', 'generator_83', 'generator_131', 'generator_100', 'generator_100', 'generator_134', 'generator_135']
number opened: 1
TRIAL 13
Action chosen: (heart, red)
Outcome: False
partcle ids: ['generator_106', 'generator_76', 'generator_108', 'generator_81', 'generator_110', 'generator_111', 'generator_112', 'generator_100', 'generator_76', 'generator_76', 'generator_116', 'generator_117', 'generator_76', 'generator_76', 'generator_120', 'generator_82', 'generator_122', 'generator_123', 'generator_82', 'generator_125', 'generator_100', 'generator_76', 'generator_128', 'generator_129', 'generator_83', 'generator_131', 'generator_100', 'generator_100', 'generator_134', 'generator_135']
number opened: 1
TRIAL 14
Action chosen: (cloud, red)
Outcome: False
partcle ids: ['generator_106', 'generator_76', 'generator_108', 'generator_81', 'generator_110', 'generator_111', 'generator_112', 'generator_100', 'generator_76', 'generator_76', 'generator_116', 'generator_117', 'generator_76', 'generator_76', 'generator_120', 'generator_82', 'generator_122', 'generator_123', 'generator_82', 'generator_125', 'generator_100', 'generator_76', 'generator_128', 'generator_129', 'generator_83', 'generator_131', 'generator_100', 'generator_100', 'generator_134', 'generator_135']
number opened: 1
TRIAL 15
Action chosen: (triangle, red)
Outcome: False
partcle ids: ['generator_76', 'generator_137', 'generator_120', 'generator_139', 'generator_140', 'generator_141', 'generator_142', 'generator_129', 'generator_144', 'generator_120', 'generator_111', 'generator_147', 'generator_116', 'generator_148', 'generator_149', 'generator_116', 'generator_151', 'generator_129', 'generator_153', 'generator_128', 'generator_155', 'generator_156', 'generator_129', 'generator_106', 'generator_117', 'generator_159', 'generator_160', 'generator_161', 'generator_162', 'generator_163']
number opened: 1
TRIAL 16
Action chosen: (white, white)
Outcome: False
partcle ids: ['generator_76', 'generator_137', 'generator_120', 'generator_139', 'generator_140', 'generator_141', 'generator_142', 'generator_129', 'generator_144', 'generator_120', 'generator_111', 'generator_147', 'generator_116', 'generator_148', 'generator_149', 'generator_116', 'generator_151', 'generator_129', 'generator_153', 'generator_128', 'generator_155', 'generator_156', 'generator_129', 'generator_106', 'generator_117', 'generator_159', 'generator_160', 'generator_161', 'generator_162', 'generator_163']
number opened: 1
TRIAL 17
Action chosen: (triangle, blue)
Outcome: False
partcle ids: ['generator_76', 'generator_137', 'generator_120', 'generator_139', 'generator_140', 'generator_141', 'generator_142', 'generator_129', 'generator_144', 'generator_120', 'generator_111', 'generator_147', 'generator_116', 'generator_148', 'generator_149', 'generator_116', 'generator_151', 'generator_129', 'generator_153', 'generator_128', 'generator_155', 'generator_156', 'generator_129', 'generator_106', 'generator_117', 'generator_159', 'generator_160', 'generator_161', 'generator_162', 'generator_163']
number opened: 1
TRIAL 18
Action chosen: (pink, blue)
Outcome: False
partcle ids: ['generator_164', 'generator_106', 'generator_166', 'generator_106', 'generator_168', 'generator_169', 'generator_170', 'generator_171', 'generator_139', 'generator_173', 'generator_162', 'generator_140', 'generator_111', 'generator_102', 'generator_111', 'generator_162', 'generator_179', 'generator_140', 'generator_147', 'generator_182', 'generator_140', 'generator_162', 'generator_139', 'generator_128', 'generator_187', 'generator_139', 'generator_128', 'generator_148', 'generator_191', 'generator_129']
number opened: 1
TRIAL 19
Action chosen: (cloud, blue)
Outcome: False
partcle ids: ['generator_164', 'generator_106', 'generator_166', 'generator_106', 'generator_168', 'generator_169', 'generator_170', 'generator_171', 'generator_139', 'generator_173', 'generator_162', 'generator_140', 'generator_111', 'generator_102', 'generator_111', 'generator_162', 'generator_179', 'generator_140', 'generator_147', 'generator_182', 'generator_140', 'generator_162', 'generator_139', 'generator_128', 'generator_187', 'generator_139', 'generator_128', 'generator_148', 'generator_191', 'generator_129']
number opened: 1
TRIAL 20
Action chosen: (purple, red)
Outcome: False
partcle ids: ['generator_164', 'generator_106', 'generator_166', 'generator_106', 'generator_168', 'generator_169', 'generator_170', 'generator_171', 'generator_139', 'generator_173', 'generator_162', 'generator_140', 'generator_111', 'generator_102', 'generator_111', 'generator_162', 'generator_179', 'generator_140', 'generator_147', 'generator_182', 'generator_140', 'generator_162', 'generator_139', 'generator_128', 'generator_187', 'generator_139', 'generator_128', 'generator_148', 'generator_191', 'generator_129']
number opened: 1
TRIAL 21
Action chosen: (blue, red)
Outcome: False
partcle ids: ['generator_111', 'generator_194', 'generator_195', 'generator_196', 'generator_187', 'generator_111', 'generator_164', 'generator_111', 'generator_201', 'generator_202', 'generator_203', 'generator_204', 'generator_147', 'generator_170', 'generator_111', 'generator_106', 'generator_164', 'generator_210', 'generator_168', 'generator_147', 'generator_187', 'generator_214', 'generator_215', 'generator_111', 'generator_217', 'generator_140', 'generator_162', 'generator_106', 'generator_187', 'generator_187']
number opened: 1
TRIAL 22
Action chosen: (red, red)
Outcome: True
partcle ids: ['generator_187', 'generator_224', 'generator_225', 'generator_226', 'generator_227', 'generator_187', 'generator_229', 'generator_187', 'generator_187', 'number_match', 'generator_232', 'generator_233', 'generator_187', 'generator_235', 'generator_168', 'generator_187', 'generator_238', 'generator_187', 'generator_240', 'generator_241', 'generator_242', 'generator_187', 'generator_187', 'generator_106', 'generator_187', 'generator_187', 'generator_187', 'generator_187', 'generator_187', 'generator_140']
number opened: 2
TRIAL 23
Action chosen: (blue, white)
Outcome: False
partcle ids: ['generator_187', 'generator_224', 'generator_225', 'generator_226', 'generator_227', 'generator_187', 'generator_229', 'generator_187', 'generator_187', 'number_match', 'generator_232', 'generator_233', 'generator_187', 'generator_235', 'generator_168', 'generator_187', 'generator_238', 'generator_187', 'generator_240', 'generator_241', 'generator_242', 'generator_187', 'generator_187', 'generator_106', 'generator_187', 'generator_187', 'generator_187', 'generator_187', 'generator_187', 'generator_140']
number opened: 2
TRIAL 24
Action chosen: (grey2, blue)
Outcome: False
partcle ids: ['generator_227', 'generator_251', 'generator_252', 'generator_253', 'generator_227', 'generator_106', 'generator_226', 'generator_257', 'generator_258', 'generator_259', 'generator_260', 'generator_261', 'generator_262', 'generator_263', 'generator_224', 'generator_242', 'generator_233', 'generator_238', 'generator_266', 'generator_106', 'generator_268', 'generator_140', 'generator_233', 'generator_238', 'generator_271', 'generator_272', 'generator_225', 'generator_273', 'generator_238', 'generator_106']
number opened: 2
TRIAL 25
Action chosen: (yellow5, white)
Outcome: False
partcle ids: ['generator_227', 'generator_251', 'generator_252', 'generator_253', 'generator_227', 'generator_106', 'generator_226', 'generator_257', 'generator_258', 'generator_259', 'generator_260', 'generator_261', 'generator_262', 'generator_263', 'generator_224', 'generator_242', 'generator_233', 'generator_238', 'generator_266', 'generator_106', 'generator_268', 'generator_140', 'generator_233', 'generator_238', 'generator_271', 'generator_272', 'generator_225', 'generator_273', 'generator_238', 'generator_106']
number opened: 2
TRIAL 26
Action chosen: (diamond, blue)
Outcome: False
partcle ids: ['generator_227', 'generator_251', 'generator_252', 'generator_253', 'generator_227', 'generator_106', 'generator_226', 'generator_257', 'generator_258', 'generator_259', 'generator_260', 'generator_261', 'generator_262', 'generator_263', 'generator_224', 'generator_242', 'generator_233', 'generator_238', 'generator_266', 'generator_106', 'generator_268', 'generator_140', 'generator_233', 'generator_238', 'generator_271', 'generator_272', 'generator_225', 'generator_273', 'generator_238', 'generator_106']
number opened: 2
TRIAL 27
Action chosen: (white, blue)
Outcome: False
partcle ids: ['generator_261', 'generator_227', 'generator_277', 'generator_106', 'generator_279', 'generator_106', 'generator_280', 'generator_272', 'generator_227', 'generator_283', 'generator_284', 'generator_227', 'generator_286', 'generator_227', 'generator_106', 'generator_272', 'generator_261', 'generator_291', 'generator_292', 'generator_268', 'generator_140', 'generator_251', 'generator_296', 'generator_106', 'generator_298', 'generator_260', 'generator_300', 'generator_225', 'generator_302', 'generator_106']
number opened: 2
TRIAL 28
Action chosen: (yellow5, blue)
Outcome: True
partcle ids: ['generator_304', 'generator_284', 'generator_306', 'generator_307', 'generator_260', 'generator_309', 'generator_227', 'generator_311', 'generator_261', 'generator_260', 'generator_313', 'generator_227', 'generator_315', 'generator_316', 'generator_261', 'generator_227', 'generator_318', 'generator_311', 'generator_227', 'generator_225', 'generator_321', 'generator_322', 'generator_314', 'generator_225', 'generator_324', 'generator_261', 'generator_227', 'generator_261', 'generator_225', 'generator_260']
number opened: 3
TRIAL 29
Action chosen: (diamond, white)
Outcome: False
partcle ids: ['generator_304', 'generator_284', 'generator_306', 'generator_307', 'generator_260', 'generator_309', 'generator_227', 'generator_311', 'generator_261', 'generator_260', 'generator_313', 'generator_227', 'generator_315', 'generator_316', 'generator_261', 'generator_227', 'generator_318', 'generator_311', 'generator_227', 'generator_225', 'generator_321', 'generator_322', 'generator_314', 'generator_225', 'generator_324', 'generator_261', 'generator_227', 'generator_261', 'generator_225', 'generator_260']
number opened: 3
TRIAL 30
Action chosen: (diamond, pink)
Outcome: False
partcle ids: ['generator_304', 'generator_284', 'generator_306', 'generator_307', 'generator_260', 'generator_309', 'generator_227', 'generator_311', 'generator_261', 'generator_260', 'generator_313', 'generator_227', 'generator_315', 'generator_316', 'generator_261', 'generator_227', 'generator_318', 'generator_311', 'generator_227', 'generator_225', 'generator_321', 'generator_322', 'generator_314', 'generator_225', 'generator_324', 'generator_261', 'generator_227', 'generator_261', 'generator_225', 'generator_260']
number opened: 3
TRIAL 31
Action chosen: (triangle, white)
Outcome: False
partcle ids: ['generator_329', 'generator_316', 'generator_315', 'generator_307', 'generator_304', 'generator_324', 'generator_307', 'generator_324', 'generator_331', 'generator_332', 'generator_324', 'generator_333', 'generator_304', 'generator_329', 'generator_315', 'generator_307', 'generator_335', 'generator_336', 'generator_315', 'generator_337', 'generator_338', 'generator_304', 'generator_318', 'generator_322', 'generator_315', 'generator_309', 'generator_284', 'generator_310', 'generator_304', 'generator_307']
number opened: 3
TRIAL 32
Action chosen: (orange4, white)
Outcome: True
partcle ids: ['generator_337', 'generator_315', 'generator_341', 'generator_315', 'generator_337', 'generator_342', 'number_match', 'generator_315', 'number_match', 'generator_337', 'generator_337', 'number_match', 'generator_342', 'generator_343', 'generator_341', 'generator_337', 'generator_341', 'generator_344', 'generator_307', 'generator_329', 'generator_337', 'generator_341', 'generator_343', 'generator_343', 'generator_315', 'generator_337', 'generator_307', 'generator_315', 'generator_343', 'generator_341']
number opened: 4
TRIAL 33
Action chosen: (purple, pink)
Outcome: False
partcle ids: ['generator_337', 'generator_315', 'generator_341', 'generator_315', 'generator_337', 'generator_342', 'number_match', 'generator_315', 'number_match', 'generator_337', 'generator_337', 'number_match', 'generator_342', 'generator_343', 'generator_341', 'generator_337', 'generator_341', 'generator_344', 'generator_307', 'generator_329', 'generator_337', 'generator_341', 'generator_343', 'generator_343', 'generator_315', 'generator_337', 'generator_307', 'generator_315', 'generator_343', 'generator_341']
number opened: 4
TRIAL 34
Action chosen: (white, pink)
Outcome: False
partcle ids: ['generator_337', 'generator_315', 'generator_341', 'generator_315', 'generator_337', 'generator_342', 'number_match', 'generator_315', 'number_match', 'generator_337', 'generator_337', 'number_match', 'generator_342', 'generator_343', 'generator_341', 'generator_337', 'generator_341', 'generator_344', 'generator_307', 'generator_329', 'generator_337', 'generator_341', 'generator_343', 'generator_343', 'generator_315', 'generator_337', 'generator_307', 'generator_315', 'generator_343', 'generator_341']
number opened: 4
TRIAL 35
Action chosen: (pink, pink)
Outcome: False
partcle ids: ['generator_342', 'generator_342', 'generator_342', 'number_match', 'generator_342', 'number_match', 'generator_307', 'generator_343', 'generator_342', 'generator_329', 'number_match', 'generator_329', 'generator_343', 'generator_343', 'generator_343', 'generator_315', 'generator_329', 'generator_343', 'generator_343', 'generator_342', 'generator_337', 'generator_343', 'number_match', 'generator_307', 'generator_342', 'generator_343', 'generator_343', 'generator_342', 'generator_315', 'generator_329']
number opened: 4
TRIAL 36
Action chosen: (heart, pink)
Outcome: False
partcle ids: ['generator_342', 'generator_342', 'generator_342', 'number_match', 'generator_342', 'number_match', 'generator_307', 'generator_343', 'generator_342', 'generator_329', 'number_match', 'generator_329', 'generator_343', 'generator_343', 'generator_343', 'generator_315', 'generator_329', 'generator_343', 'generator_343', 'generator_342', 'generator_337', 'generator_343', 'number_match', 'generator_307', 'generator_342', 'generator_343', 'generator_343', 'generator_342', 'generator_315', 'generator_329']
number opened: 4
TRIAL 37
Action chosen: (blue, pink)
Outcome: False
partcle ids: ['generator_342', 'generator_342', 'generator_342', 'number_match', 'generator_342', 'number_match', 'generator_307', 'generator_343', 'generator_342', 'generator_329', 'number_match', 'generator_329', 'generator_343', 'generator_343', 'generator_343', 'generator_315', 'generator_329', 'generator_343', 'generator_343', 'generator_342', 'generator_337', 'generator_343', 'number_match', 'generator_307', 'generator_342', 'generator_343', 'generator_343', 'generator_342', 'generator_315', 'generator_329']
number opened: 4
TRIAL 38
Action chosen: (grey2, pink)
Outcome: True
partcle ids: ['number_match', 'number_match', 'number_match', 'number_match', 'number_match', 'number_match', 'number_match', 'number_match', 'number_match', 'number_match', 'number_match', 'number_match', 'number_match', 'number_match', 'number_match', 'number_match', 'number_match', 'number_match', 'number_match', 'number_match', 'number_match', 'number_match', 'number_match', 'number_match', 'number_match', 'number_match', 'number_match', 'number_match', 'number_match', 'number_match']
number opened: 5
{"attempts": 38, "unique_key_box_pairs": 37, "revisit_attempts": 1, "revisit_rate": 0.02702702702702703, "attempts_before_abandoning_color_matching": 1, "color_matching_abandoned": true}
