{"Child_ID": "D028", "SoC_variant": "SoC-Gen", "theta": [19, 1], "p_gen": 0.7, "true_prior": 0.02, "run_number": 41, "seed": 786346076473953372}
TRIAL 1
Action chosen: (purple, purple)
Outcome: False
partcle ids: ['order_match', 'similar_color_10', 'generator_1', 'generator_2', 'generator_3', 'similar_color_14', 'similar_color_9', 'generator_4', 'generator_5', 'generator_6', 'similar_color_12', 'generator_7', 'similar_color_5', 'generator_8', 'similar_color_10', 'generator_9', 'generator_10', 'generator_11', 'generator_12', 'generator_13', 'generator_14', 'generator_15', 'similar_color_1', 'generator_16', 'generator_17', 'generator_18', 'generator_19', 'generator_20', 'similar_color_9', 'similar_color_6']
number opened: 0
TRIAL 2
Action chosen: (triangle, pink)
Outcome: False
partcle ids: ['order_match', 'similar_color_10', 'generator_1', 'generator_2', 'generator_3', 'similar_color_14', 'similar_color_9', 'generator_4', 'generator_5', 'generator_6', 'similar_color_12', 'generator_7', 'similar_color_5', 'generator_8', 'similar_color_10', 'generator_9', 'generator_10', 'generator_11', 'generator_12', 'generator_13', 'generator_14', 'generator_15', 'similar_color_1', 'generator_16', 'generator_17', 'generator_18', 'generator_19', 'generator_20', 'similar_color_9', 'similar_color_6']
number opened: 0
TRIAL 3
Action chosen: (triangle, red)
Outcome: False
partcle ids: ['generator_21', 'generator_18', 'generator_22', 'generator_14', 'generator_23', 'generator_11', 'generator_25', 'generator_26', 'similar_color_11', 'generator_6', 'generator_27', 'generator_18', 'generator_28', 'generator_7', 'generator_29', 'generator_30', 'generator_31', 'generator_32', 'generator_33', 'generator_7', 'generator_34', 'generator_35', 'generator_36', 'order_match', 'generator_37', 'generator_2', 'generator_12', 'generator_6', 'generator_38', 'generator_12']
number opened: 0
TRIAL 4
Action chosen: (heart, red)
Outcome: False
partcle ids: ['generator_21', 'generator_18', 'generator_22', 'generator_14', 'generator_23', 'generator_11', 'generator_25', 'generator_26', 'similar_color_11', 'generator_6', 'generator_27', 'generator_18', 'generator_28', 'generator_7', 'generator_29', 'generator_30', 'generator_31', 'generator_32', 'generator_33', 'generator_7', 'generator_34', 'generator_35', 'generator_36', 'order_match', 'generator_37', 'generator_2', 'generator_12', 'generator_6', 'generator_38', 'generator_12']
number opened: 0
TRIAL 5
Action chosen: (pink, pink)
Outcome: False
partcle ids: ['generator_21', 'generator_18', 'generator_22', 'generator_14', 'generator_23', 'generator_11', 'generator_25', 'generator_26', 'similar_color_11', 'generator_6', 'generator_27', 'generator_18', 'generator_28', 'generator_7', 'generator_29', 'generator_30', 'generator_31', 'generator_32', 'generator_33', 'generator_7', 'generator_34', 'generator_35', 'generator_36', 'order_match', 'generator_37', 'generator_2', 'generator_12', 'generator_6', 'generator_38', 'generator_12']
number opened: 0
TRIAL 6
Action chosen: (red, white)
Outcome: False
partcle ids: ['generator_21', 'generator_18', 'generator_22', 'generator_14', 'generator_23', 'generator_11', 'generator_25', 'generator_26', 'similar_color_11', 'generator_6', 'generator_27', 'generator_18', 'generator_28', 'generator_7', 'generator_29', 'generator_30', 'generator_31', 'generator_32', 'generator_33', 'generator_7', 'generator_34', 'generator_35', 'generator_36', 'order_match', 'generator_37', 'generator_2', 'generator_12', 'generator_6', 'generator_38', 'generator_12']
number opened: 0
TRIAL 7
Action chosen: (yellow5, red)
Outcome: False
partcle ids: ['generator_39', 'generator_32', 'generator_23', 'generator_41', 'generator_42', 'generator_43', 'generator_44', 'order_match', 'generator_32', 'generator_36', 'generator_2', 'generator_46', 'generator_26', 'generator_47', 'generator_12', 'generator_21', 'generator_48', 'generator_49', 'generator_23', 'generator_51', 'generator_52', 'generator_25', 'generator_53', 'generator_54', 'generator_32', 'generator_32', 'generator_56', 'generator_18', 'generator_57', 'generator_23']
number opened: 0
TRIAL 8
Action chosen: (diamond, blue)
Outcome: False
partcle ids: ['generator_39', 'generator_32', 'generator_23', 'generator_41', 'generator_42', 'generator_43', 'generator_44', 'order_match', 'generator_32', 'generator_36', 'generator_2', 'generator_46', 'generator_26', 'generator_47', 'generator_12', 'generator_21', 'generator_48', 'generator_49', 'generator_23', 'generator_51', 'generator_52', 'generator_25', 'generator_53', 'generator_54', 'generator_32', 'generator_32', 'generator_56', 'generator_18', 'generator_57', 'generator_23']
number opened: 0
TRIAL 9
Action chosen: (white, red)
Outcome: False
partcle ids: ['generator_39', 'generator_32', 'generator_23', 'generator_41', 'generator_42', 'generator_43', 'generator_44', 'order_match', 'generator_32', 'generator_36', 'generator_2', 'generator_46', 'generator_26', 'generator_47', 'generator_12', 'generator_21', 'generator_48', 'generator_49', 'generator_23', 'generator_51', 'generator_52', 'generator_25', 'generator_53', 'generator_54', 'generator_32', 'generator_32', 'generator_56', 'generator_18', 'generator_57', 'generator_23']
number opened: 0
TRIAL 10
Action chosen: (triangle, purple)
Outcome: False
partcle ids: ['generator_41', 'generator_58', 'generator_18', 'generator_59', 'generator_39', 'generator_60', 'generator_54', 'generator_51', 'generator_62', 'generator_39', 'order_match', 'generator_64', 'generator_65', 'generator_39', 'generator_51', 'generator_66', 'generator_39', 'generator_18', 'generator_67', 'generator_41', 'generator_49', 'generator_49', 'generator_70', 'generator_71', 'generator_72', 'generator_73', 'generator_74', 'generator_75', 'generator_12', 'generator_76']
number opened: 0
TRIAL 11
Action chosen: (pink, blue)
Outcome: False
partcle ids: ['generator_41', 'generator_58', 'generator_18', 'generator_59', 'generator_39', 'generator_60', 'generator_54', 'generator_51', 'generator_62', 'generator_39', 'order_match', 'generator_64', 'generator_65', 'generator_39', 'generator_51', 'generator_66', 'generator_39', 'generator_18', 'generator_67', 'generator_41', 'generator_49', 'generator_49', 'generator_70', 'generator_71', 'generator_72', 'generator_73', 'generator_74', 'generator_75', 'generator_12', 'generator_76']
number opened: 0
TRIAL 12
Action chosen: (diamond, white)
Outcome: False
partcle ids: ['generator_41', 'generator_58', 'generator_18', 'generator_59', 'generator_39', 'generator_60', 'generator_54', 'generator_51', 'generator_62', 'generator_39', 'order_match', 'generator_64', 'generator_65', 'generator_39', 'generator_51', 'generator_66', 'generator_39', 'generator_18', 'generator_67', 'generator_41', 'generator_49', 'generator_49', 'generator_70', 'generator_71', 'generator_72', 'generator_73', 'generator_74', 'generator_75', 'generator_12', 'generator_76']
number opened: 0
TRIAL 13
Action chosen: (red, pink)
Outcome: False
partcle ids: ['generator_41', 'generator_58', 'generator_18', 'generator_59', 'generator_39', 'generator_60', 'generator_54', 'generator_51', 'generator_62', 'generator_39', 'order_match', 'generator_64', 'generator_65', 'generator_39', 'generator_51', 'generator_66', 'generator_39', 'generator_18', 'generator_67', 'generator_41', 'generator_49', 'generator_49', 'generator_70', 'generator_71', 'generator_72', 'generator_73', 'generator_74', 'generator_75', 'generator_12', 'generator_76']
number opened: 0
TRIAL 14
Action chosen: (heart, red)
Outcome: False
partcle ids: ['generator_77', 'generator_78', 'generator_79', 'generator_80', 'generator_64', 'order_match', 'generator_81', 'generator_82', 'generator_70', 'generator_83', 'generator_71', 'generator_64', 'generator_84', 'generator_51', 'order_match', 'generator_73', 'generator_86', 'generator_87', 'generator_41', 'generator_88', 'generator_60', 'generator_64', 'generator_74', 'generator_54', 'generator_93', 'generator_94', 'generator_95', 'generator_96', 'generator_97', 'generator_41']
number opened: 0
TRIAL 15
Action chosen: (green3, purple)
Outcome: True
partcle ids: ['generator_98', 'generator_99', 'generator_100', 'generator_101', 'generator_102', 'generator_64', 'generator_64', 'generator_70', 'generator_106', 'generator_70', 'generator_108', 'generator_109', 'generator_110', 'generator_97', 'generator_112', 'generator_113', 'generator_114', 'generator_64', 'generator_116', 'generator_117', 'generator_118', 'generator_83', 'generator_120', 'generator_121', 'generator_122', 'generator_64', 'generator_124', 'generator_125', 'generator_64', 'generator_127']
number opened: 1
TRIAL 16
Action chosen: (pink, white)
Outcome: False
partcle ids: ['generator_98', 'generator_99', 'generator_100', 'generator_101', 'generator_102', 'generator_64', 'generator_64', 'generator_70', 'generator_106', 'generator_70', 'generator_108', 'generator_109', 'generator_110', 'generator_97', 'generator_112', 'generator_113', 'generator_114', 'generator_64', 'generator_116', 'generator_117', 'generator_118', 'generator_83', 'generator_120', 'generator_121', 'generator_122', 'generator_64', 'generator_124', 'generator_125', 'generator_64', 'generator_127']
number opened: 1
TRIAL 17
Action chosen: (orange4, pink)
Outcome: False
partcle ids: ['generator_98', 'generator_99', 'generator_100', 'generator_101', 'generator_102', 'generator_64', 'generator_64', 'generator_70', 'generator_106', 'generator_70', 'generator_108', 'generator_109', 'generator_110', 'generator_97', 'generator_112', 'generator_113', 'generator_114', 'generator_64', 'generator_116', 'generator_117', 'generator_118', 'generator_83', 'generator_120', 'generator_121', 'generator_122', 'generator_64', 'generator_124', 'generator_125', 'generator_64', 'generator_127']
number opened: 1
TRIAL 18
Action chosen: (blue, red)
Outcome: False
partcle ids: ['generator_128', 'generator_129', 'generator_102', 'generator_131', 'generator_101', 'generator_102', 'generator_134', 'generator_135', 'generator_136', 'generator_113', 'generator_138', 'generator_102', 'generator_140', 'generator_141', 'generator_142', 'generator_101', 'generator_144', 'generator_145', 'generator_146', 'generator_147', 'generator_148', 'generator_83', 'generator_150', 'generator_116', 'generator_117', 'generator_121', 'generator_154', 'generator_155', 'generator_156', 'generator_113']
number opened: 1
TRIAL 19
Action chosen: (pink, red)
Outcome: False
partcle ids: ['generator_128', 'generator_129', 'generator_102', 'generator_131', 'generator_101', 'generator_102', 'generator_134', 'generator_135', 'generator_136', 'generator_113', 'generator_138', 'generator_102', 'generator_140', 'generator_141', 'generator_142', 'generator_101', 'generator_144', 'generator_145', 'generator_146', 'generator_147', 'generator_148', 'generator_83', 'generator_150', 'generator_116', 'generator_117', 'generator_121', 'generator_154', 'generator_155', 'generator_156', 'generator_113']
number opened: 1
TRIAL 20
Action chosen: (diamond, red)
Outcome: False
partcle ids: ['generator_150', 'generator_159', 'generator_160', 'generator_83', 'generator_162', 'generator_163', 'generator_155', 'generator_136', 'generator_166', 'generator_167', 'generator_168', 'generator_169', 'generator_148', 'generator_156', 'generator_156', 'generator_134', 'generator_136', 'generator_141', 'generator_150', 'generator_156', 'generator_156', 'generator_179', 'generator_128', 'generator_145', 'generator_182', 'generator_83', 'generator_136', 'generator_141', 'generator_186', 'generator_141']
number opened: 1
TRIAL 21
Action chosen: (cloud, red)
Outcome: False
partcle ids: ['generator_150', 'generator_159', 'generator_160', 'generator_83', 'generator_162', 'generator_163', 'generator_155', 'generator_136', 'generator_166', 'generator_167', 'generator_168', 'generator_169', 'generator_148', 'generator_156', 'generator_156', 'generator_134', 'generator_136', 'generator_141', 'generator_150', 'generator_156', 'generator_156', 'generator_179', 'generator_128', 'generator_145', 'generator_182', 'generator_83', 'generator_136', 'generator_141', 'generator_186', 'generator_141']
number opened: 1
TRIAL 22
Action chosen: (orange4, red)
Outcome: False
partcle ids: ['generator_150', 'generator_159', 'generator_160', 'generator_83', 'generator_162', 'generator_163', 'generator_155', 'generator_136', 'generator_166', 'generator_167', 'generator_168', 'generator_169', 'generator_148', 'generator_156', 'generator_156', 'generator_134', 'generator_136', 'generator_141', 'generator_150', 'generator_156', 'generator_156', 'generator_179', 'generator_128', 'generator_145', 'generator_182', 'generator_83', 'generator_136', 'generator_141', 'generator_186', 'generator_141']
number opened: 1
TRIAL 23
Action chosen: (grey2, blue)
Outcome: False
partcle ids: ['generator_148', 'generator_189', 'generator_155', 'generator_163', 'generator_192', 'generator_148', 'generator_194', 'generator_195', 'generator_155', 'generator_197', 'generator_160', 'generator_199', 'generator_200', 'generator_201', 'generator_202', 'generator_203', 'generator_162', 'generator_148', 'generator_83', 'generator_148', 'generator_208', 'generator_209', 'generator_210', 'generator_83', 'generator_155', 'generator_186', 'generator_214', 'generator_215', 'generator_163', 'generator_217']
number opened: 1
TRIAL 24
Action chosen: (cloud, blue)
Outcome: False
partcle ids: ['generator_148', 'generator_189', 'generator_155', 'generator_163', 'generator_192', 'generator_148', 'generator_194', 'generator_195', 'generator_155', 'generator_197', 'generator_160', 'generator_199', 'generator_200', 'generator_201', 'generator_202', 'generator_203', 'generator_162', 'generator_148', 'generator_83', 'generator_148', 'generator_208', 'generator_209', 'generator_210', 'generator_83', 'generator_155', 'generator_186', 'generator_214', 'generator_215', 'generator_163', 'generator_217']
number opened: 1
TRIAL 25
Action chosen: (heart, blue)
Outcome: False
partcle ids: ['generator_148', 'generator_189', 'generator_155', 'generator_163', 'generator_192', 'generator_148', 'generator_194', 'generator_195', 'generator_155', 'generator_197', 'generator_160', 'generator_199', 'generator_200', 'generator_201', 'generator_202', 'generator_203', 'generator_162', 'generator_148', 'generator_83', 'generator_148', 'generator_208', 'generator_209', 'generator_210', 'generator_83', 'generator_155', 'generator_186', 'generator_214', 'generator_215', 'generator_163', 'generator_217']
number opened: 1
TRIAL 26
Action chosen: (cloud, white)
Outcome: False
partcle ids: ['generator_148', 'generator_189', 'generator_155', 'generator_163', 'generator_192', 'generator_148', 'generator_194', 'generator_195', 'generator_155', 'generator_197', 'generator_160', 'generator_199', 'generator_200', 'generator_201', 'generator_202', 'generator_203', 'generator_162', 'generator_148', 'generator_83', 'generator_148', 'generator_208', 'generator_209', 'generator_210', 'generator_83', 'generator_155', 'generator_186', 'generator_214', 'generator_215', 'generator_163', 'generator_217']
number opened: 1
TRIAL 27
Action chosen: (yellow5, white)
Outcome: False
partcle ids: ['generator_197', 'generator_148', 'generator_220', 'generator_215', 'generator_217', 'generator_217', 'generator_224', 'generator_215', 'generator_226', 'generator_195', 'generator_228', 'generator_163', 'generator_230', 'generator_231', 'generator_195', 'generator_195', 'generator_148', 'generator_235', 'generator_148', 'generator_217', 'generator_197', 'generator_197', 'generator_240', 'generator_163', 'generator_242', 'generator_243', 'generator_244', 'generator_197', 'generator_246', 'generator_201']
number opened: 1
TRIAL 28
Action chosen: (orange4, white)
Outcome: True
partcle ids: ['generator_248', 'number_match', 'generator_197', 'generator_250', 'generator_243', 'generator_228', 'generator_217', 'generator_254', 'generator_197', 'generator_197', 'generator_197', 'generator_258', 'generator_259', 'generator_260', 'generator_197', 'generator_262', 'generator_263', 'generator_197', 'generator_265', 'generator_266', 'generator_267', 'generator_243', 'generator_269', 'generator_270', 'generator_271', 'generator_272', 'generator_197', 'generator_197', 'generator_275', 'generator_197']
number opened: 2
TRIAL 29
Action chosen: (diamond, pink)
Outcome: False
partcle ids: ['generator_248', 'number_match', 'generator_197', 'generator_250', 'generator_243', 'generator_228', 'generator_217', 'generator_254', 'generator_197', 'generator_197', 'generator_197', 'generator_258', 'generator_259', 'generator_260', 'generator_197', 'generator_262', 'generator_263', 'generator_197', 'generator_265', 'generator_266', 'generator_267', 'generator_243', 'generator_269', 'generator_270', 'generator_271', 'generator_272', 'generator_197', 'generator_197', 'generator_275', 'generator_197']
number opened: 2
TRIAL 30
Action chosen: (triangle, blue)
Outcome: False
partcle ids: ['generator_277', 'generator_250', 'generator_259', 'generator_263', 'generator_250', 'generator_282', 'generator_283', 'generator_260', 'generator_260', 'generator_262', 'generator_287', 'generator_262', 'generator_289', 'generator_228', 'generator_260', 'number_match', 'generator_266', 'generator_294', 'generator_295', 'generator_296', 'generator_250', 'generator_298', 'number_match', 'generator_300', 'generator_301', 'generator_302', 'number_match', 'number_match', 'generator_304', 'generator_260']
number opened: 2
TRIAL 31
Action chosen: (blue, blue)
Outcome: False
partcle ids: ['generator_277', 'generator_250', 'generator_259', 'generator_263', 'generator_250', 'generator_282', 'generator_283', 'generator_260', 'generator_260', 'generator_262', 'generator_287', 'generator_262', 'generator_289', 'generator_228', 'generator_260', 'number_match', 'generator_266', 'generator_294', 'generator_295', 'generator_296', 'generator_250', 'generator_298', 'number_match', 'generator_300', 'generator_301', 'generator_302', 'number_match', 'number_match', 'generator_304', 'generator_260']
number opened: 2
TRIAL 32
Action chosen: (yellow5, blue)
Outcome: True
partcle ids: ['generator_306', 'generator_307', 'generator_308', 'generator_309', 'generator_262', 'generator_310', 'generator_311', 'generator_312', 'generator_313', 'generator_314', 'generator_262', 'generator_316', 'generator_317', 'generator_318', 'generator_262', 'generator_308', 'generator_320', 'generator_321', 'generator_306', 'number_match', 'generator_316', 'generator_262', 'generator_317', 'generator_312', 'generator_323', 'generator_324', 'generator_325', 'generator_262', 'generator_327', 'generator_309']
number opened: 3
TRIAL 33
Action chosen: (purple, pink)
Outcome: False
partcle ids: ['generator_306', 'generator_307', 'generator_308', 'generator_309', 'generator_262', 'generator_310', 'generator_311', 'generator_312', 'generator_313', 'generator_314', 'generator_262', 'generator_316', 'generator_317', 'generator_318', 'generator_262', 'generator_308', 'generator_320', 'generator_321', 'generator_306', 'number_match', 'generator_316', 'generator_262', 'generator_317', 'generator_312', 'generator_323', 'generator_324', 'generator_325', 'generator_262', 'generator_327', 'generator_309']
number opened: 3
TRIAL 34
Action chosen: (white, pink)
Outcome: False
partcle ids: ['generator_306', 'generator_307', 'generator_308', 'generator_309', 'generator_262', 'generator_310', 'generator_311', 'generator_312', 'generator_313', 'generator_314', 'generator_262', 'generator_316', 'generator_317', 'generator_318', 'generator_262', 'generator_308', 'generator_320', 'generator_321', 'generator_306', 'number_match', 'generator_316', 'generator_262', 'generator_317', 'generator_312', 'generator_323', 'generator_324', 'generator_325', 'generator_262', 'generator_327', 'generator_309']
number opened: 3
TRIAL 35
Action chosen: (heart, pink)
Outcome: False
partcle ids: ['generator_326', 'generator_328', 'generator_313', 'generator_329', 'generator_310', 'generator_331', 'generator_332', 'generator_325', 'generator_330', 'generator_316', 'generator_333', 'generator_334', 'generator_314', 'generator_325', 'generator_318', 'generator_318', 'number_match', 'generator_313', 'generator_325', 'generator_310', 'generator_308', 'generator_337', 'generator_338', 'generator_325', 'generator_337', 'generator_339', 'generator_318', 'generator_337', 'generator_310', 'generator_341']
number opened: 3
TRIAL 36
Action chosen: (cloud, pink)
Outcome: False
partcle ids: ['generator_326', 'generator_328', 'generator_313', 'generator_329', 'generator_310', 'generator_331', 'generator_332', 'generator_325', 'generator_330', 'generator_316', 'generator_333', 'generator_334', 'generator_314', 'generator_325', 'generator_318', 'generator_318', 'number_match', 'generator_313', 'generator_325', 'generator_310', 'generator_308', 'generator_337', 'generator_338', 'generator_325', 'generator_337', 'generator_339', 'generator_318', 'generator_337', 'generator_310', 'generator_341']
number opened: 3
TRIAL 37
Action chosen: (purple, red)
Outcome: False
partcle ids: ['generator_326', 'generator_328', 'generator_313', 'generator_329', 'generator_310', 'generator_331', 'generator_332', 'generator_325', 'generator_330', 'generator_316', 'generator_333', 'generator_334', 'generator_314', 'generator_325', 'generator_318', 'generator_318', 'number_match', 'generator_313', 'generator_325', 'generator_310', 'generator_308', 'generator_337', 'generator_338', 'generator_325', 'generator_337', 'generator_339', 'generator_318', 'generator_337', 'generator_310', 'generator_341']
number opened: 3
TRIAL 38
Action chosen: (grey2, pink)
Outcome: True
partcle ids: ['generator_339', 'generator_328', 'generator_339', 'generator_296', 'generator_332', 'generator_296', 'number_match', 'number_match', 'generator_343', 'generator_344', 'generator_332', 'number_match', 'generator_343', 'number_match', 'generator_339', 'generator_343', 'generator_296', 'generator_296', 'generator_344', 'number_match', 'generator_328', 'generator_344', 'number_match', 'generator_339', 'generator_343', 'number_match', 'generator_328', 'generator_343', 'generator_296', 'generator_344']
number opened: 4
TRIAL 39
Action chosen: (red, red)
Outcome: True
partcle ids: ['number_match', 'number_match', 'number_match', 'number_match', 'number_match', 'number_match', 'number_match', 'number_match', 'number_match', 'number_match', 'number_match', 'number_match', 'number_match', 'number_match', 'number_match', 'number_match', 'number_match', 'number_match', 'number_match', 'number_match', 'number_match', 'number_match', 'number_match', 'number_match', 'number_match', 'number_match', 'number_match', 'number_match', 'number_match', 'number_match']
number opened: 5
{"attempts": 39, "unique_key_box_pairs": 38, "revisit_attempts": 1, "revisit_rate": 0.02631578947368421, "attempts_before_abandoning_color_matching": 1, "color_matching_abandoned": true}
