{"Child_ID": "D028", "SoC_variant": "SoC-Gen", "theta": [19, 1], "p_gen": 0.7, "true_prior": 0.02, "run_number": 9, "seed": 842706154761164157}
TRIAL 1
Action chosen: (red, red)
Outcome: True
partcle ids: ['generator_24', 'generator_25', 'generator_26', 'generator_27', 'generator_28', 'generator_29', 'generator_30', 'generator_31', 'similar_color_3', 'generator_32', 'similar_color_8', 'generator_15', 'generator_33', 'generator_34', 'generator_35', 'generator_36', 'generator_37', 'generator_38', 'generator_39', 'generator_40', 'number_match', 'generator_41', 'similar_color_8', 'generator_42', 'generator_43', 'color_match', 'generator_44', 'generator_45', 'generator_46', 'generator_47']
number opened: 1
TRIAL 2
Action chosen: (purple, purple)
Outcome: False
partcle ids: ['generator_24', 'generator_25', 'generator_26', 'generator_27', 'generator_28', 'generator_29', 'generator_30', 'generator_31', 'similar_color_3', 'generator_32', 'similar_color_8', 'generator_15', 'generator_33', 'generator_34', 'generator_35', 'generator_36', 'generator_37', 'generator_38', 'generator_39', 'generator_40', 'number_match', 'generator_41', 'similar_color_8', 'generator_42', 'generator_43', 'color_match', 'generator_44', 'generator_45', 'generator_46', 'generator_47']
number opened: 1
TRIAL 3
Action chosen: (heart, blue)
Outcome: False
partcle ids: ['generator_24', 'generator_25', 'generator_26', 'generator_27', 'generator_28', 'generator_29', 'generator_30', 'generator_31', 'similar_color_3', 'generator_32', 'similar_color_8', 'generator_15', 'generator_33', 'generator_34', 'generator_35', 'generator_36', 'generator_37', 'generator_38', 'generator_39', 'generator_40', 'number_match', 'generator_41', 'similar_color_8', 'generator_42', 'generator_43', 'color_match', 'generator_44', 'generator_45', 'generator_46', 'generator_47']
number opened: 1
TRIAL 4
Action chosen: (blue, blue)
Outcome: False
partcle ids: ['generator_24', 'generator_25', 'generator_26', 'generator_27', 'generator_28', 'generator_29', 'generator_30', 'generator_31', 'similar_color_3', 'generator_32', 'similar_color_8', 'generator_15', 'generator_33', 'generator_34', 'generator_35', 'generator_36', 'generator_37', 'generator_38', 'generator_39', 'generator_40', 'number_match', 'generator_41', 'similar_color_8', 'generator_42', 'generator_43', 'color_match', 'generator_44', 'generator_45', 'generator_46', 'generator_47']
number opened: 1
TRIAL 5
Action chosen: (diamond, pink)
Outcome: False
partcle ids: ['generator_47', 'generator_48', 'generator_42', 'generator_43', 'generator_34', 'generator_26', 'generator_42', 'generator_47', 'generator_37', 'generator_26', 'generator_55', 'generator_56', 'generator_57', 'generator_39', 'generator_37', 'generator_60', 'generator_61', 'generator_47', 'generator_63', 'generator_64', 'generator_65', 'generator_47', 'generator_39', 'generator_38', 'generator_67', 'generator_68', 'generator_69', 'generator_70', 'generator_71', 'generator_72']
number opened: 1
TRIAL 6
Action chosen: (orange4, blue)
Outcome: False
partcle ids: ['generator_47', 'generator_48', 'generator_42', 'generator_43', 'generator_34', 'generator_26', 'generator_42', 'generator_47', 'generator_37', 'generator_26', 'generator_55', 'generator_56', 'generator_57', 'generator_39', 'generator_37', 'generator_60', 'generator_61', 'generator_47', 'generator_63', 'generator_64', 'generator_65', 'generator_47', 'generator_39', 'generator_38', 'generator_67', 'generator_68', 'generator_69', 'generator_70', 'generator_71', 'generator_72']
number opened: 1
TRIAL 7
Action chosen: (green3, blue)
Outcome: False
partcle ids: ['generator_47', 'generator_48', 'generator_42', 'generator_43', 'generator_34', 'generator_26', 'generator_42', 'generator_47', 'generator_37', 'generator_26', 'generator_55', 'generator_56', 'generator_57', 'generator_39', 'generator_37', 'generator_60', 'generator_61', 'generator_47', 'generator_63', 'generator_64', 'generator_65', 'generator_47', 'generator_39', 'generator_38', 'generator_67', 'generator_68', 'generator_69', 'generator_70', 'generator_71', 'generator_72']
number opened: 1
TRIAL 8
Action chosen: (pink, purple)
Outcome: False
partcle ids: ['generator_47', 'generator_48', 'generator_42', 'generator_43', 'generator_34', 'generator_26', 'generator_42', 'generator_47', 'generator_37', 'generator_26', 'generator_55', 'generator_56', 'generator_57', 'generator_39', 'generator_37', 'generator_60', 'generator_61', 'generator_47', 'generator_63', 'generator_64', 'generator_65', 'generator_47', 'generator_39', 'generator_38', 'generator_67', 'generator_68', 'generator_69', 'generator_70', 'generator_71', 'generator_72']
number opened: 1
TRIAL 9
Action chosen: (triangle, pink)
Outcome: False
partcle ids: ['generator_60', 'generator_73', 'generator_63', 'generator_57', 'generator_74', 'generator_75', 'generator_76', 'generator_48', 'generator_71', 'generator_70', 'generator_64', 'generator_71', 'generator_81', 'generator_64', 'generator_55', 'generator_83', 'generator_84', 'generator_85', 'generator_67', 'generator_64', 'generator_57', 'generator_42', 'generator_64', 'generator_87', 'generator_88', 'generator_63', 'generator_64', 'generator_90', 'generator_91', 'generator_63']
number opened: 1
TRIAL 10
Action chosen: (grey2, blue)
Outcome: False
partcle ids: ['generator_60', 'generator_73', 'generator_63', 'generator_57', 'generator_74', 'generator_75', 'generator_76', 'generator_48', 'generator_71', 'generator_70', 'generator_64', 'generator_71', 'generator_81', 'generator_64', 'generator_55', 'generator_83', 'generator_84', 'generator_85', 'generator_67', 'generator_64', 'generator_57', 'generator_42', 'generator_64', 'generator_87', 'generator_88', 'generator_63', 'generator_64', 'generator_90', 'generator_91', 'generator_63']
number opened: 1
TRIAL 11
Action chosen: (blue, purple)
Outcome: False
partcle ids: ['generator_60', 'generator_73', 'generator_63', 'generator_57', 'generator_74', 'generator_75', 'generator_76', 'generator_48', 'generator_71', 'generator_70', 'generator_64', 'generator_71', 'generator_81', 'generator_64', 'generator_55', 'generator_83', 'generator_84', 'generator_85', 'generator_67', 'generator_64', 'generator_57', 'generator_42', 'generator_64', 'generator_87', 'generator_88', 'generator_63', 'generator_64', 'generator_90', 'generator_91', 'generator_63']
number opened: 1
TRIAL 12
Action chosen: (blue, pink)
Outcome: False
partcle ids: ['generator_93', 'generator_94', 'generator_70', 'generator_87', 'generator_81', 'generator_73', 'generator_73', 'generator_98', 'generator_88', 'generator_100', 'generator_101', 'generator_87', 'generator_103', 'generator_88', 'generator_71', 'generator_70', 'generator_71', 'generator_87', 'generator_108', 'generator_87', 'generator_81', 'generator_48', 'generator_111', 'generator_81', 'generator_88', 'generator_81', 'generator_70', 'generator_88', 'generator_73', 'generator_71']
number opened: 1
TRIAL 13
Action chosen: (cloud, purple)
Outcome: False
partcle ids: ['generator_93', 'generator_94', 'generator_70', 'generator_87', 'generator_81', 'generator_73', 'generator_73', 'generator_98', 'generator_88', 'generator_100', 'generator_101', 'generator_87', 'generator_103', 'generator_88', 'generator_71', 'generator_70', 'generator_71', 'generator_87', 'generator_108', 'generator_87', 'generator_81', 'generator_48', 'generator_111', 'generator_81', 'generator_88', 'generator_81', 'generator_70', 'generator_88', 'generator_73', 'generator_71']
number opened: 1
TRIAL 14
Action chosen: (green3, pink)
Outcome: False
partcle ids: ['generator_70', 'generator_70', 'generator_108', 'generator_70', 'generator_70', 'generator_118', 'generator_70', 'generator_98', 'generator_103', 'generator_70', 'generator_70', 'generator_100', 'generator_101', 'generator_108', 'generator_124', 'generator_103', 'generator_98', 'generator_127', 'generator_128', 'generator_108', 'generator_93', 'generator_94', 'generator_111', 'generator_70', 'generator_100', 'generator_98', 'generator_93', 'generator_94', 'generator_100', 'generator_101']
number opened: 1
TRIAL 15
Action chosen: (grey2, purple)
Outcome: False
partcle ids: ['generator_70', 'generator_70', 'generator_108', 'generator_70', 'generator_70', 'generator_118', 'generator_70', 'generator_98', 'generator_103', 'generator_70', 'generator_70', 'generator_100', 'generator_101', 'generator_108', 'generator_124', 'generator_103', 'generator_98', 'generator_127', 'generator_128', 'generator_108', 'generator_93', 'generator_94', 'generator_111', 'generator_70', 'generator_100', 'generator_98', 'generator_93', 'generator_94', 'generator_100', 'generator_101']
number opened: 1
TRIAL 16
Action chosen: (white, purple)
Outcome: False
partcle ids: ['generator_118', 'generator_94', 'generator_94', 'generator_98', 'generator_98', 'generator_101', 'generator_101', 'generator_144', 'generator_145', 'generator_128', 'generator_98', 'generator_98', 'generator_127', 'generator_70', 'generator_100', 'generator_101', 'generator_98', 'generator_148', 'generator_98', 'generator_128', 'generator_98', 'generator_98', 'generator_94', 'generator_101', 'generator_98', 'generator_151', 'generator_118', 'generator_153', 'generator_94', 'generator_98']
number opened: 1
TRIAL 17
Action chosen: (diamond, blue)
Outcome: False
partcle ids: ['generator_118', 'generator_94', 'generator_94', 'generator_98', 'generator_98', 'generator_101', 'generator_101', 'generator_144', 'generator_145', 'generator_128', 'generator_98', 'generator_98', 'generator_127', 'generator_70', 'generator_100', 'generator_101', 'generator_98', 'generator_148', 'generator_98', 'generator_128', 'generator_98', 'generator_98', 'generator_94', 'generator_101', 'generator_98', 'generator_151', 'generator_118', 'generator_153', 'generator_94', 'generator_98']
number opened: 1
TRIAL 18
Action chosen: (orange4, pink)
Outcome: False
partcle ids: ['generator_98', 'generator_148', 'generator_145', 'generator_127', 'generator_127', 'generator_151', 'generator_100', 'generator_153', 'generator_148', 'generator_148', 'generator_148', 'generator_165', 'generator_98', 'generator_151', 'generator_148', 'generator_166', 'generator_148', 'generator_148', 'generator_167', 'generator_151', 'generator_168', 'generator_127', 'generator_100', 'generator_145', 'generator_128', 'generator_172', 'generator_128', 'generator_174', 'generator_128', 'generator_127']
number opened: 1
TRIAL 19
Action chosen: (pink, blue)
Outcome: False
partcle ids: ['generator_98', 'generator_148', 'generator_145', 'generator_127', 'generator_127', 'generator_151', 'generator_100', 'generator_153', 'generator_148', 'generator_148', 'generator_148', 'generator_165', 'generator_98', 'generator_151', 'generator_148', 'generator_166', 'generator_148', 'generator_148', 'generator_167', 'generator_151', 'generator_168', 'generator_127', 'generator_100', 'generator_145', 'generator_128', 'generator_172', 'generator_128', 'generator_174', 'generator_128', 'generator_127']
number opened: 1
TRIAL 20
Action chosen: (yellow5, purple)
Outcome: False
partcle ids: ['generator_98', 'generator_148', 'generator_145', 'generator_127', 'generator_127', 'generator_151', 'generator_100', 'generator_153', 'generator_148', 'generator_148', 'generator_148', 'generator_165', 'generator_98', 'generator_151', 'generator_148', 'generator_166', 'generator_148', 'generator_148', 'generator_167', 'generator_151', 'generator_168', 'generator_127', 'generator_100', 'generator_145', 'generator_128', 'generator_172', 'generator_128', 'generator_174', 'generator_128', 'generator_127']
number opened: 1
TRIAL 21
Action chosen: (pink, pink)
Outcome: False
partcle ids: ['generator_166', 'generator_177', 'generator_168', 'generator_100', 'generator_128', 'generator_181', 'generator_172', 'generator_165', 'generator_98', 'generator_151', 'generator_165', 'generator_98', 'generator_187', 'generator_100', 'generator_166', 'generator_189', 'generator_100', 'generator_172', 'generator_191', 'generator_172', 'generator_193', 'generator_98', 'generator_148', 'generator_100', 'generator_100', 'generator_127', 'generator_172', 'generator_172', 'generator_197', 'generator_172']
number opened: 1
TRIAL 22
Action chosen: (diamond, purple)
Outcome: False
partcle ids: ['generator_166', 'generator_177', 'generator_168', 'generator_100', 'generator_128', 'generator_181', 'generator_172', 'generator_165', 'generator_98', 'generator_151', 'generator_165', 'generator_98', 'generator_187', 'generator_100', 'generator_166', 'generator_189', 'generator_100', 'generator_172', 'generator_191', 'generator_172', 'generator_193', 'generator_98', 'generator_148', 'generator_100', 'generator_100', 'generator_127', 'generator_172', 'generator_172', 'generator_197', 'generator_172']
number opened: 1
TRIAL 23
Action chosen: (yellow5, blue)
Outcome: True
partcle ids: ['generator_165', 'generator_199', 'generator_100', 'generator_100', 'generator_202', 'generator_203', 'generator_204', 'generator_205', 'number_match', 'generator_100', 'generator_100', 'generator_165', 'generator_100', 'generator_165', 'generator_165', 'generator_100', 'generator_212', 'generator_213', 'generator_100', 'generator_189', 'generator_216', 'generator_217', 'generator_165', 'generator_165', 'generator_220', 'generator_221', 'generator_189', 'generator_100', 'generator_223', 'generator_224']
number opened: 2
TRIAL 24
Action chosen: (triangle, purple)
Outcome: False
partcle ids: ['generator_165', 'generator_199', 'generator_100', 'generator_100', 'generator_202', 'generator_203', 'generator_204', 'generator_205', 'number_match', 'generator_100', 'generator_100', 'generator_165', 'generator_100', 'generator_165', 'generator_165', 'generator_100', 'generator_212', 'generator_213', 'generator_100', 'generator_189', 'generator_216', 'generator_217', 'generator_165', 'generator_165', 'generator_220', 'generator_221', 'generator_189', 'generator_100', 'generator_223', 'generator_224']
number opened: 2
TRIAL 25
Action chosen: (grey2, purple)
Outcome: False
partcle ids: ['generator_225', 'generator_226', 'generator_227', 'generator_228', 'generator_229', 'generator_199', 'generator_199', 'generator_213', 'number_match', 'generator_233', 'generator_213', 'generator_234', 'generator_235', 'number_match', 'generator_221', 'generator_238', 'generator_239', 'generator_240', 'generator_217', 'generator_204', 'generator_242', 'generator_215', 'generator_243', 'generator_244', 'generator_245', 'generator_215', 'generator_246', 'generator_247', 'generator_217', 'generator_249']
number opened: 2
TRIAL 26
Action chosen: (diamond, pink)
Outcome: False
partcle ids: ['generator_225', 'generator_226', 'generator_227', 'generator_228', 'generator_229', 'generator_199', 'generator_199', 'generator_213', 'number_match', 'generator_233', 'generator_213', 'generator_234', 'generator_235', 'number_match', 'generator_221', 'generator_238', 'generator_239', 'generator_240', 'generator_217', 'generator_204', 'generator_242', 'generator_215', 'generator_243', 'generator_244', 'generator_245', 'generator_215', 'generator_246', 'generator_247', 'generator_217', 'generator_249']
number opened: 2
TRIAL 27
Action chosen: (orange4, white)
Outcome: True
partcle ids: ['generator_224', 'generator_239', 'number_match', 'generator_239', 'generator_252', 'generator_253', 'generator_254', 'generator_255', 'generator_233', 'number_match', 'generator_257', 'number_match', 'number_match', 'generator_228', 'number_match', 'number_match', 'generator_227', 'generator_260', 'generator_261', 'generator_231', 'generator_262', 'generator_254', 'generator_228', 'generator_264', 'generator_265', 'generator_266', 'generator_228', 'number_match', 'generator_268', 'generator_260']
number opened: 3
TRIAL 28
Action chosen: (grey2, pink)
Outcome: True
partcle ids: ['generator_269', 'generator_270', 'number_match', 'generator_271', 'generator_272', 'generator_273', 'generator_269', 'generator_254', 'number_match', 'number_match', 'number_match', 'generator_273', 'generator_274', 'generator_269', 'generator_269', 'generator_272', 'number_match', 'generator_275', 'generator_275', 'number_match', 'generator_274', 'generator_271', 'generator_254', 'generator_274', 'generator_274', 'number_match', 'generator_274', 'generator_275', 'generator_270', 'generator_273']
number opened: 4
TRIAL 29
Action chosen: (green3, purple)
Outcome: True
partcle ids: ['number_match', 'number_match', 'number_match', 'number_match', 'number_match', 'number_match', 'number_match', 'number_match', 'number_match', 'number_match', 'number_match', 'number_match', 'number_match', 'number_match', 'number_match', 'number_match', 'number_match', 'number_match', 'number_match', 'number_match', 'number_match', 'number_match', 'number_match', 'number_match', 'number_match', 'number_match', 'number_match', 'number_match', 'number_match', 'number_match']
number opened: 5
{"attempts": 29, "unique_key_box_pairs": 27, "revisit_attempts": 2, "revisit_rate": 0.07142857142857142, "attempts_before_abandoning_color_matching": 2, "color_matching_abandoned": true}
