{"Child_ID": "D028", "SoC_variant": "SoC-Gen", "theta": [19, 1], "p_gen": 0.7, "true_prior": 0.02, "run_number": 61, "seed": 8804263595345032513}
TRIAL 1
Action chosen: (pink, pink)
Outcome: False
partcle ids: ['similar_color_2', 'generator_1', 'color_match', 'similar_color_11', 'generator_2', 'generator_3', 'generator_4', 'generator_5', 'generator_6', 'similar_color_4', 'generator_7', 'similar_color_10', 'generator_8', 'generator_9', 'generator_10', 'generator_11', 'generator_12', 'similar_color_9', 'generator_13', 'generator_14', 'number_match', 'similar_color_12', 'generator_15', 'generator_16', 'generator_17', 'color_match', 'generator_18', 'similar_color_10', 'generator_19', 'generator_20']
number opened: 0
TRIAL 2
Action chosen: (diamond, white)
Outcome: False
partcle ids: ['generator_21', 'generator_22', 'generator_23', 'generator_24', 'generator_12', 'generator_3', 'generator_25', 'generator_26', 'generator_27', 'generator_28', 'generator_29', 'generator_7', 'generator_30', 'generator_31', 'generator_32', 'generator_7', 'generator_12', 'generator_34', 'generator_35', 'generator_36', 'generator_37', 'generator_12', 'generator_12', 'generator_7', 'generator_39', 'generator_12', 'generator_41', 'generator_5', 'generator_42', 'generator_8']
number opened: 0
TRIAL 3
Action chosen: (diamond, purple)
Outcome: False
partcle ids: ['generator_21', 'generator_22', 'generator_23', 'generator_24', 'generator_12', 'generator_3', 'generator_25', 'generator_26', 'generator_27', 'generator_28', 'generator_29', 'generator_7', 'generator_30', 'generator_31', 'generator_32', 'generator_7', 'generator_12', 'generator_34', 'generator_35', 'generator_36', 'generator_37', 'generator_12', 'generator_12', 'generator_7', 'generator_39', 'generator_12', 'generator_41', 'generator_5', 'generator_42', 'generator_8']
number opened: 0
TRIAL 4
Action chosen: (diamond, blue)
Outcome: False
partcle ids: ['generator_44', 'generator_28', 'generator_46', 'generator_47', 'generator_24', 'generator_49', 'generator_50', 'generator_51', 'generator_31', 'generator_39', 'generator_52', 'order_match', 'generator_53', 'generator_28', 'generator_55', 'generator_39', 'generator_57', 'generator_58', 'generator_59', 'generator_41', 'generator_61', 'generator_62', 'generator_31', 'generator_26', 'generator_63', 'generator_31', 'generator_65', 'generator_31', 'generator_29', 'generator_67']
number opened: 0
TRIAL 5
Action chosen: (pink, white)
Outcome: False
partcle ids: ['generator_44', 'generator_28', 'generator_46', 'generator_47', 'generator_24', 'generator_49', 'generator_50', 'generator_51', 'generator_31', 'generator_39', 'generator_52', 'order_match', 'generator_53', 'generator_28', 'generator_55', 'generator_39', 'generator_57', 'generator_58', 'generator_59', 'generator_41', 'generator_61', 'generator_62', 'generator_31', 'generator_26', 'generator_63', 'generator_31', 'generator_65', 'generator_31', 'generator_29', 'generator_67']
number opened: 0
TRIAL 6
Action chosen: (grey2, pink)
Outcome: True
partcle ids: ['generator_63', 'generator_68', 'generator_69', 'generator_70', 'generator_71', 'generator_51', 'generator_62', 'generator_73', 'generator_74', 'generator_75', 'generator_76', 'generator_77', 'order_match', 'generator_79', 'generator_80', 'generator_81', 'generator_82', 'generator_63', 'generator_51', 'generator_85', 'generator_86', 'generator_87', 'generator_63', 'generator_89', 'generator_90', 'generator_91', 'generator_92', 'generator_93', 'generator_51', 'generator_95']
number opened: 1
TRIAL 7
Action chosen: (white, red)
Outcome: False
partcle ids: ['generator_63', 'generator_68', 'generator_69', 'generator_70', 'generator_71', 'generator_51', 'generator_62', 'generator_73', 'generator_74', 'generator_75', 'generator_76', 'generator_77', 'order_match', 'generator_79', 'generator_80', 'generator_81', 'generator_82', 'generator_63', 'generator_51', 'generator_85', 'generator_86', 'generator_87', 'generator_63', 'generator_89', 'generator_90', 'generator_91', 'generator_92', 'generator_93', 'generator_51', 'generator_95']
number opened: 1
TRIAL 8
Action chosen: (white, blue)
Outcome: False
partcle ids: ['generator_63', 'generator_68', 'generator_69', 'generator_70', 'generator_71', 'generator_51', 'generator_62', 'generator_73', 'generator_74', 'generator_75', 'generator_76', 'generator_77', 'order_match', 'generator_79', 'generator_80', 'generator_81', 'generator_82', 'generator_63', 'generator_51', 'generator_85', 'generator_86', 'generator_87', 'generator_63', 'generator_89', 'generator_90', 'generator_91', 'generator_92', 'generator_93', 'generator_51', 'generator_95']
number opened: 1
TRIAL 9
Action chosen: (cloud, red)
Outcome: False
partcle ids: ['generator_63', 'generator_68', 'generator_69', 'generator_70', 'generator_71', 'generator_51', 'generator_62', 'generator_73', 'generator_74', 'generator_75', 'generator_76', 'generator_77', 'order_match', 'generator_79', 'generator_80', 'generator_81', 'generator_82', 'generator_63', 'generator_51', 'generator_85', 'generator_86', 'generator_87', 'generator_63', 'generator_89', 'generator_90', 'generator_91', 'generator_92', 'generator_93', 'generator_51', 'generator_95']
number opened: 1
TRIAL 10
Action chosen: (yellow5, blue)
Outcome: True
partcle ids: ['generator_87', 'generator_96', 'generator_97', 'generator_85', 'generator_99', 'generator_100', 'generator_101', 'generator_102', 'generator_87', 'generator_104', 'generator_105', 'generator_85', 'generator_107', 'generator_108', 'generator_109', 'generator_87', 'generator_87', 'generator_112', 'generator_85', 'generator_114', 'generator_115', 'generator_116', 'generator_87', 'generator_118', 'generator_87', 'generator_120', 'order_match', 'generator_121', 'generator_85', 'generator_123']
number opened: 2
TRIAL 11
Action chosen: (diamond, red)
Outcome: False
partcle ids: ['generator_87', 'generator_96', 'generator_97', 'generator_85', 'generator_99', 'generator_100', 'generator_101', 'generator_102', 'generator_87', 'generator_104', 'generator_105', 'generator_85', 'generator_107', 'generator_108', 'generator_109', 'generator_87', 'generator_87', 'generator_112', 'generator_85', 'generator_114', 'generator_115', 'generator_116', 'generator_87', 'generator_118', 'generator_87', 'generator_120', 'order_match', 'generator_121', 'generator_85', 'generator_123']
number opened: 2
TRIAL 12
Action chosen: (orange4, red)
Outcome: False
partcle ids: ['generator_87', 'generator_96', 'generator_97', 'generator_85', 'generator_99', 'generator_100', 'generator_101', 'generator_102', 'generator_87', 'generator_104', 'generator_105', 'generator_85', 'generator_107', 'generator_108', 'generator_109', 'generator_87', 'generator_87', 'generator_112', 'generator_85', 'generator_114', 'generator_115', 'generator_116', 'generator_87', 'generator_118', 'generator_87', 'generator_120', 'order_match', 'generator_121', 'generator_85', 'generator_123']
number opened: 2
TRIAL 13
Action chosen: (orange4, white)
Outcome: True
partcle ids: ['generator_99', 'generator_124', 'generator_115', 'generator_102', 'generator_127', 'generator_102', 'generator_99', 'generator_130', 'generator_131', 'generator_132', 'generator_133', 'generator_99', 'generator_135', 'generator_136', 'generator_102', 'generator_138', 'generator_125', 'generator_115', 'generator_140', 'generator_102', 'generator_102', 'generator_142', 'generator_143', 'generator_102', 'generator_102', 'generator_115', 'generator_99', 'generator_102', 'generator_145', 'generator_99']
number opened: 3
TRIAL 14
Action chosen: (white, purple)
Outcome: False
partcle ids: ['generator_99', 'generator_124', 'generator_115', 'generator_102', 'generator_127', 'generator_102', 'generator_99', 'generator_130', 'generator_131', 'generator_132', 'generator_133', 'generator_99', 'generator_135', 'generator_136', 'generator_102', 'generator_138', 'generator_125', 'generator_115', 'generator_140', 'generator_102', 'generator_102', 'generator_142', 'generator_143', 'generator_102', 'generator_102', 'generator_115', 'generator_99', 'generator_102', 'generator_145', 'generator_99']
number opened: 3
TRIAL 15
Action chosen: (green3, red)
Outcome: False
partcle ids: ['generator_124', 'generator_147', 'generator_139', 'generator_148', 'generator_149', 'generator_143', 'generator_143', 'generator_150', 'generator_135', 'generator_140', 'generator_150', 'generator_135', 'generator_149', 'generator_152', 'generator_153', 'generator_143', 'generator_154', 'generator_155', 'generator_156', 'generator_136', 'generator_135', 'generator_143', 'generator_142', 'generator_159', 'generator_160', 'generator_102', 'generator_149', 'generator_131', 'generator_135', 'generator_161']
number opened: 3
TRIAL 16
Action chosen: (pink, red)
Outcome: False
partcle ids: ['generator_124', 'generator_147', 'generator_139', 'generator_148', 'generator_149', 'generator_143', 'generator_143', 'generator_150', 'generator_135', 'generator_140', 'generator_150', 'generator_135', 'generator_149', 'generator_152', 'generator_153', 'generator_143', 'generator_154', 'generator_155', 'generator_156', 'generator_136', 'generator_135', 'generator_143', 'generator_142', 'generator_159', 'generator_160', 'generator_102', 'generator_149', 'generator_131', 'generator_135', 'generator_161']
number opened: 3
TRIAL 17
Action chosen: (blue, red)
Outcome: False
partcle ids: ['generator_124', 'generator_147', 'generator_139', 'generator_148', 'generator_149', 'generator_143', 'generator_143', 'generator_150', 'generator_135', 'generator_140', 'generator_150', 'generator_135', 'generator_149', 'generator_152', 'generator_153', 'generator_143', 'generator_154', 'generator_155', 'generator_156', 'generator_136', 'generator_135', 'generator_143', 'generator_142', 'generator_159', 'generator_160', 'generator_102', 'generator_149', 'generator_131', 'generator_135', 'generator_161']
number opened: 3
TRIAL 18
Action chosen: (purple, red)
Outcome: False
partcle ids: ['generator_162', 'generator_163', 'generator_164', 'generator_165', 'generator_143', 'generator_166', 'generator_167', 'number_match', 'generator_127', 'generator_150', 'generator_168', 'generator_169', 'generator_170', 'generator_148', 'generator_160', 'generator_171', 'generator_120', 'generator_150', 'generator_150', 'generator_173', 'generator_157', 'generator_171', 'generator_136', 'generator_156', 'generator_174', 'generator_175', 'generator_146', 'generator_150', 'generator_177', 'generator_178']
number opened: 3
TRIAL 19
Action chosen: (heart, red)
Outcome: False
partcle ids: ['generator_162', 'generator_163', 'generator_164', 'generator_165', 'generator_143', 'generator_166', 'generator_167', 'number_match', 'generator_127', 'generator_150', 'generator_168', 'generator_169', 'generator_170', 'generator_148', 'generator_160', 'generator_171', 'generator_120', 'generator_150', 'generator_150', 'generator_173', 'generator_157', 'generator_171', 'generator_136', 'generator_156', 'generator_174', 'generator_175', 'generator_146', 'generator_150', 'generator_177', 'generator_178']
number opened: 3
TRIAL 20
Action chosen: (triangle, red)
Outcome: False
partcle ids: ['generator_162', 'generator_163', 'generator_164', 'generator_165', 'generator_143', 'generator_166', 'generator_167', 'number_match', 'generator_127', 'generator_150', 'generator_168', 'generator_169', 'generator_170', 'generator_148', 'generator_160', 'generator_171', 'generator_120', 'generator_150', 'generator_150', 'generator_173', 'generator_157', 'generator_171', 'generator_136', 'generator_156', 'generator_174', 'generator_175', 'generator_146', 'generator_150', 'generator_177', 'generator_178']
number opened: 3
TRIAL 21
Action chosen: (pink, red)
Outcome: False
partcle ids: ['generator_157', 'generator_159', 'number_match', 'generator_149', 'generator_180', 'generator_181', 'generator_127', 'generator_156', 'generator_157', 'generator_167', 'generator_148', 'generator_183', 'generator_167', 'number_match', 'generator_156', 'generator_142', 'generator_182', 'generator_174', 'generator_144', 'generator_171', 'generator_162', 'generator_164', 'generator_186', 'generator_159', 'generator_164', 'generator_128', 'generator_164', 'generator_142', 'generator_172', 'generator_167']
number opened: 3
TRIAL 22
Action chosen: (red, red)
Outcome: True
partcle ids: ['number_match', 'generator_164', 'generator_187', 'generator_153', 'generator_187', 'generator_164', 'generator_133', 'generator_127', 'generator_187', 'generator_164', 'generator_164', 'generator_164', 'generator_187', 'generator_153', 'generator_167', 'number_match', 'generator_153', 'number_match', 'generator_167', 'generator_188', 'generator_164', 'generator_187', 'generator_164', 'generator_164', 'generator_164', 'generator_167', 'generator_188', 'generator_167', 'generator_153', 'generator_133']
number opened: 4
TRIAL 23
Action chosen: (blue, purple)
Outcome: False
partcle ids: ['number_match', 'generator_164', 'generator_187', 'generator_153', 'generator_187', 'generator_164', 'generator_133', 'generator_127', 'generator_187', 'generator_164', 'generator_164', 'generator_164', 'generator_187', 'generator_153', 'generator_167', 'number_match', 'generator_153', 'number_match', 'generator_167', 'generator_188', 'generator_164', 'generator_187', 'generator_164', 'generator_164', 'generator_164', 'generator_167', 'generator_188', 'generator_167', 'generator_153', 'generator_133']
number opened: 4
TRIAL 24
Action chosen: (heart, purple)
Outcome: False
partcle ids: ['number_match', 'generator_164', 'generator_187', 'generator_153', 'generator_187', 'generator_164', 'generator_133', 'generator_127', 'generator_187', 'generator_164', 'generator_164', 'generator_164', 'generator_187', 'generator_153', 'generator_167', 'number_match', 'generator_153', 'number_match', 'generator_167', 'generator_188', 'generator_164', 'generator_187', 'generator_164', 'generator_164', 'generator_164', 'generator_167', 'generator_188', 'generator_167', 'generator_153', 'generator_133']
number opened: 4
TRIAL 25
Action chosen: (pink, purple)
Outcome: False
partcle ids: ['generator_153', 'generator_153', 'generator_153', 'generator_133', 'generator_133', 'number_match', 'generator_133', 'generator_153', 'number_match', 'number_match', 'generator_188', 'generator_133', 'generator_153', 'generator_153', 'generator_153', 'generator_153', 'generator_153', 'generator_127', 'generator_187', 'number_match', 'number_match', 'number_match', 'number_match', 'generator_188', 'generator_188', 'generator_133', 'generator_188', 'generator_188', 'generator_153', 'generator_153']
number opened: 4
TRIAL 26
Action chosen: (purple, purple)
Outcome: False
partcle ids: ['generator_153', 'generator_153', 'generator_153', 'generator_133', 'generator_133', 'number_match', 'generator_133', 'generator_153', 'number_match', 'number_match', 'generator_188', 'generator_133', 'generator_153', 'generator_153', 'generator_153', 'generator_153', 'generator_153', 'generator_127', 'generator_187', 'number_match', 'number_match', 'number_match', 'number_match', 'generator_188', 'generator_188', 'generator_133', 'generator_188', 'generator_188', 'generator_153', 'generator_153']
number opened: 4
TRIAL 27
Action chosen: (green3, purple)
Outcome: True
partcle ids: ['number_match', 'number_match', 'number_match', 'number_match', 'number_match', 'number_match', 'number_match', 'number_match', 'number_match', 'number_match', 'number_match', 'number_match', 'number_match', 'number_match', 'number_match', 'number_match', 'number_match', 'number_match', 'number_match', 'number_match', 'number_match', 'number_match', 'number_match', 'number_match', 'number_match', 'number_match', 'number_match', 'number_match', 'number_match', 'number_match']
number opened: 5
{"attempts": 27, "unique_key_box_pairs": 26, "revisit_attempts": 1, "revisit_rate": 0.038461538461538464, "attempts_before_abandoning_color_matching": 1, "color_matching_abandoned": true}
