{"Child_ID": "D013", "SoC_variant": "SoC-Full", "theta": [1, 1], "p_gen": 0.5, "true_prior": 0.02, "run_number": 52, "seed": 5615548320611557783}
TRIAL 1
Action chosen: (pink, pink)
Outcome: False
partcle ids: ['generator_1', 'similar_color_5', 'generator_2', 'similar_color_3', 'color_match', 'similar_color_1', 'color_match', 'similar_color_5', 'generator_3', 'similar_color_12', 'generator_4', 'similar_color_10', 'generator_5', 'generator_6', 'generator_7', 'generator_8', 'similar_color_12', 'similar_color_13', 'color_match', 'generator_9', 'similar_color_8', 'generator_10', 'color_match', 'generator_11', 'generator_12', 'generator_13', 'similar_color_4', 'similar_color_1', 'generator_14', 'generator_15']
number opened: 0
TRIAL 2
Action chosen: (pink, pink)
Outcome: False
partcle ids: ['generator_1', 'similar_color_5', 'generator_2', 'similar_color_3', 'color_match', 'similar_color_1', 'color_match', 'similar_color_5', 'generator_3', 'similar_color_12', 'generator_4', 'similar_color_10', 'generator_5', 'generator_6', 'generator_7', 'generator_8', 'similar_color_12', 'similar_color_13', 'color_match', 'generator_9', 'similar_color_8', 'generator_10', 'color_match', 'generator_11', 'generator_12', 'generator_13', 'similar_color_4', 'similar_color_1', 'generator_14', 'generator_15']
number opened: 0
TRIAL 3
Action chosen: (purple, purple)
Outcome: False
partcle ids: ['generator_1', 'similar_color_5', 'generator_2', 'similar_color_3', 'color_match', 'similar_color_1', 'color_match', 'similar_color_5', 'generator_3', 'similar_color_12', 'generator_4', 'similar_color_10', 'generator_5', 'generator_6', 'generator_7', 'generator_8', 'similar_color_12', 'similar_color_13', 'color_match', 'generator_9', 'similar_color_8', 'generator_10', 'color_match', 'generator_11', 'generator_12', 'generator_13', 'similar_color_4', 'similar_color_1', 'generator_14', 'generator_15']
number opened: 0
TRIAL 4
Action chosen: (purple, pink)
Outcome: False
partcle ids: ['generator_1', 'similar_color_5', 'generator_2', 'similar_color_3', 'color_match', 'similar_color_1', 'color_match', 'similar_color_5', 'generator_3', 'similar_color_12', 'generator_4', 'similar_color_10', 'generator_5', 'generator_6', 'generator_7', 'generator_8', 'similar_color_12', 'similar_color_13', 'color_match', 'generator_9', 'similar_color_8', 'generator_10', 'color_match', 'generator_11', 'generator_12', 'generator_13', 'similar_color_4', 'similar_color_1', 'generator_14', 'generator_15']
number opened: 0
TRIAL 5
Action chosen: (purple, purple)
Outcome: False
partcle ids: ['generator_1', 'similar_color_5', 'generator_2', 'similar_color_3', 'color_match', 'similar_color_1', 'color_match', 'similar_color_5', 'generator_3', 'similar_color_12', 'generator_4', 'similar_color_10', 'generator_5', 'generator_6', 'generator_7', 'generator_8', 'similar_color_12', 'similar_color_13', 'color_match', 'generator_9', 'similar_color_8', 'generator_10', 'color_match', 'generator_11', 'generator_12', 'generator_13', 'similar_color_4', 'similar_color_1', 'generator_14', 'generator_15']
number opened: 0
TRIAL 6
Action chosen: (diamond, purple)
Outcome: False
partcle ids: ['generator_1', 'similar_color_5', 'generator_2', 'similar_color_3', 'color_match', 'similar_color_1', 'color_match', 'similar_color_5', 'generator_3', 'similar_color_12', 'generator_4', 'similar_color_10', 'generator_5', 'generator_6', 'generator_7', 'generator_8', 'similar_color_12', 'similar_color_13', 'color_match', 'generator_9', 'similar_color_8', 'generator_10', 'color_match', 'generator_11', 'generator_12', 'generator_13', 'similar_color_4', 'similar_color_1', 'generator_14', 'generator_15']
number opened: 0
TRIAL 7
Action chosen: (yellow5, red)
Outcome: False
partcle ids: ['generator_1', 'similar_color_5', 'generator_2', 'similar_color_3', 'color_match', 'similar_color_1', 'color_match', 'similar_color_5', 'generator_3', 'similar_color_12', 'generator_4', 'similar_color_10', 'generator_5', 'generator_6', 'generator_7', 'generator_8', 'similar_color_12', 'similar_color_13', 'color_match', 'generator_9', 'similar_color_8', 'generator_10', 'color_match', 'generator_11', 'generator_12', 'generator_13', 'similar_color_4', 'similar_color_1', 'generator_14', 'generator_15']
number opened: 0
TRIAL 8
Action chosen: (purple, purple)
Outcome: False
partcle ids: ['generator_1', 'similar_color_5', 'generator_2', 'similar_color_3', 'color_match', 'similar_color_1', 'color_match', 'similar_color_5', 'generator_3', 'similar_color_12', 'generator_4', 'similar_color_10', 'generator_5', 'generator_6', 'generator_7', 'generator_8', 'similar_color_12', 'similar_color_13', 'color_match', 'generator_9', 'similar_color_8', 'generator_10', 'color_match', 'generator_11', 'generator_12', 'generator_13', 'similar_color_4', 'similar_color_1', 'generator_14', 'generator_15']
number opened: 0
TRIAL 9
Action chosen: (purple, pink)
Outcome: False
partcle ids: ['generator_1', 'similar_color_5', 'generator_2', 'similar_color_3', 'color_match', 'similar_color_1', 'color_match', 'similar_color_5', 'generator_3', 'similar_color_12', 'generator_4', 'similar_color_10', 'generator_5', 'generator_6', 'generator_7', 'generator_8', 'similar_color_12', 'similar_color_13', 'color_match', 'generator_9', 'similar_color_8', 'generator_10', 'color_match', 'generator_11', 'generator_12', 'generator_13', 'similar_color_4', 'similar_color_1', 'generator_14', 'generator_15']
number opened: 0
TRIAL 10
Action chosen: (triangle, white)
Outcome: False
partcle ids: ['generator_1', 'similar_color_5', 'generator_2', 'similar_color_3', 'color_match', 'similar_color_1', 'color_match', 'similar_color_5', 'generator_3', 'similar_color_12', 'generator_4', 'similar_color_10', 'generator_5', 'generator_6', 'generator_7', 'generator_8', 'similar_color_12', 'similar_color_13', 'color_match', 'generator_9', 'similar_color_8', 'generator_10', 'color_match', 'generator_11', 'generator_12', 'generator_13', 'similar_color_4', 'similar_color_1', 'generator_14', 'generator_15']
number opened: 0
TRIAL 11
Action chosen: (orange4, red)
Outcome: False
partcle ids: ['generator_1', 'similar_color_5', 'generator_2', 'similar_color_3', 'color_match', 'similar_color_1', 'color_match', 'similar_color_5', 'generator_3', 'similar_color_12', 'generator_4', 'similar_color_10', 'generator_5', 'generator_6', 'generator_7', 'generator_8', 'similar_color_12', 'similar_color_13', 'color_match', 'generator_9', 'similar_color_8', 'generator_10', 'color_match', 'generator_11', 'generator_12', 'generator_13', 'similar_color_4', 'similar_color_1', 'generator_14', 'generator_15']
number opened: 0
TRIAL 12
Action chosen: (yellow5, red)
Outcome: False
partcle ids: ['generator_1', 'similar_color_5', 'generator_2', 'similar_color_3', 'color_match', 'similar_color_1', 'color_match', 'similar_color_5', 'generator_3', 'similar_color_12', 'generator_4', 'similar_color_10', 'generator_5', 'generator_6', 'generator_7', 'generator_8', 'similar_color_12', 'similar_color_13', 'color_match', 'generator_9', 'similar_color_8', 'generator_10', 'color_match', 'generator_11', 'generator_12', 'generator_13', 'similar_color_4', 'similar_color_1', 'generator_14', 'generator_15']
number opened: 0
TRIAL 13
Action chosen: (purple, purple)
Outcome: False
partcle ids: ['generator_1', 'similar_color_5', 'generator_2', 'similar_color_3', 'color_match', 'similar_color_1', 'color_match', 'similar_color_5', 'generator_3', 'similar_color_12', 'generator_4', 'similar_color_10', 'generator_5', 'generator_6', 'generator_7', 'generator_8', 'similar_color_12', 'similar_color_13', 'color_match', 'generator_9', 'similar_color_8', 'generator_10', 'color_match', 'generator_11', 'generator_12', 'generator_13', 'similar_color_4', 'similar_color_1', 'generator_14', 'generator_15']
number opened: 0
TRIAL 14
Action chosen: (triangle, white)
Outcome: False
partcle ids: ['generator_1', 'similar_color_5', 'generator_2', 'similar_color_3', 'color_match', 'similar_color_1', 'color_match', 'similar_color_5', 'generator_3', 'similar_color_12', 'generator_4', 'similar_color_10', 'generator_5', 'generator_6', 'generator_7', 'generator_8', 'similar_color_12', 'similar_color_13', 'color_match', 'generator_9', 'similar_color_8', 'generator_10', 'color_match', 'generator_11', 'generator_12', 'generator_13', 'similar_color_4', 'similar_color_1', 'generator_14', 'generator_15']
number opened: 0
TRIAL 15
Action chosen: (orange4, red)
Outcome: False
partcle ids: ['generator_1', 'similar_color_5', 'generator_2', 'similar_color_3', 'color_match', 'similar_color_1', 'color_match', 'similar_color_5', 'generator_3', 'similar_color_12', 'generator_4', 'similar_color_10', 'generator_5', 'generator_6', 'generator_7', 'generator_8', 'similar_color_12', 'similar_color_13', 'color_match', 'generator_9', 'similar_color_8', 'generator_10', 'color_match', 'generator_11', 'generator_12', 'generator_13', 'similar_color_4', 'similar_color_1', 'generator_14', 'generator_15']
number opened: 0
TRIAL 16
Action chosen: (yellow5, red)
Outcome: False
partcle ids: ['generator_1', 'similar_color_5', 'generator_2', 'similar_color_3', 'color_match', 'similar_color_1', 'color_match', 'similar_color_5', 'generator_3', 'similar_color_12', 'generator_4', 'similar_color_10', 'generator_5', 'generator_6', 'generator_7', 'generator_8', 'similar_color_12', 'similar_color_13', 'color_match', 'generator_9', 'similar_color_8', 'generator_10', 'color_match', 'generator_11', 'generator_12', 'generator_13', 'similar_color_4', 'similar_color_1', 'generator_14', 'generator_15']
number opened: 0
TRIAL 17
Action chosen: (purple, pink)
Outcome: False
partcle ids: ['generator_1', 'similar_color_5', 'generator_2', 'similar_color_3', 'color_match', 'similar_color_1', 'color_match', 'similar_color_5', 'generator_3', 'similar_color_12', 'generator_4', 'similar_color_10', 'generator_5', 'generator_6', 'generator_7', 'generator_8', 'similar_color_12', 'similar_color_13', 'color_match', 'generator_9', 'similar_color_8', 'generator_10', 'color_match', 'generator_11', 'generator_12', 'generator_13', 'similar_color_4', 'similar_color_1', 'generator_14', 'generator_15']
number opened: 0
TRIAL 18
Action chosen: (purple, purple)
Outcome: False
partcle ids: ['generator_1', 'similar_color_5', 'generator_2', 'similar_color_3', 'color_match', 'similar_color_1', 'color_match', 'similar_color_5', 'generator_3', 'similar_color_12', 'generator_4', 'similar_color_10', 'generator_5', 'generator_6', 'generator_7', 'generator_8', 'similar_color_12', 'similar_color_13', 'color_match', 'generator_9', 'similar_color_8', 'generator_10', 'color_match', 'generator_11', 'generator_12', 'generator_13', 'similar_color_4', 'similar_color_1', 'generator_14', 'generator_15']
number opened: 0
TRIAL 19
Action chosen: (diamond, purple)
Outcome: False
partcle ids: ['generator_1', 'similar_color_5', 'generator_2', 'similar_color_3', 'color_match', 'similar_color_1', 'color_match', 'similar_color_5', 'generator_3', 'similar_color_12', 'generator_4', 'similar_color_10', 'generator_5', 'generator_6', 'generator_7', 'generator_8', 'similar_color_12', 'similar_color_13', 'color_match', 'generator_9', 'similar_color_8', 'generator_10', 'color_match', 'generator_11', 'generator_12', 'generator_13', 'similar_color_4', 'similar_color_1', 'generator_14', 'generator_15']
number opened: 0
TRIAL 20
Action chosen: (blue, blue)
Outcome: False
partcle ids: ['generator_1', 'similar_color_5', 'generator_2', 'similar_color_3', 'color_match', 'similar_color_1', 'color_match', 'similar_color_5', 'generator_3', 'similar_color_12', 'generator_4', 'similar_color_10', 'generator_5', 'generator_6', 'generator_7', 'generator_8', 'similar_color_12', 'similar_color_13', 'color_match', 'generator_9', 'similar_color_8', 'generator_10', 'color_match', 'generator_11', 'generator_12', 'generator_13', 'similar_color_4', 'similar_color_1', 'generator_14', 'generator_15']
number opened: 0
TRIAL 21
Action chosen: (triangle, white)
Outcome: False
partcle ids: ['generator_1', 'similar_color_5', 'generator_2', 'similar_color_3', 'color_match', 'similar_color_1', 'color_match', 'similar_color_5', 'generator_3', 'similar_color_12', 'generator_4', 'similar_color_10', 'generator_5', 'generator_6', 'generator_7', 'generator_8', 'similar_color_12', 'similar_color_13', 'color_match', 'generator_9', 'similar_color_8', 'generator_10', 'color_match', 'generator_11', 'generator_12', 'generator_13', 'similar_color_4', 'similar_color_1', 'generator_14', 'generator_15']
number opened: 0
TRIAL 22
Action chosen: (orange4, red)
Outcome: False
partcle ids: ['generator_1', 'similar_color_5', 'generator_2', 'similar_color_3', 'color_match', 'similar_color_1', 'color_match', 'similar_color_5', 'generator_3', 'similar_color_12', 'generator_4', 'similar_color_10', 'generator_5', 'generator_6', 'generator_7', 'generator_8', 'similar_color_12', 'similar_color_13', 'color_match', 'generator_9', 'similar_color_8', 'generator_10', 'color_match', 'generator_11', 'generator_12', 'generator_13', 'similar_color_4', 'similar_color_1', 'generator_14', 'generator_15']
number opened: 0
TRIAL 23
Action chosen: (yellow5, red)
Outcome: False
partcle ids: ['generator_1', 'similar_color_5', 'generator_2', 'similar_color_3', 'color_match', 'similar_color_1', 'color_match', 'similar_color_5', 'generator_3', 'similar_color_12', 'generator_4', 'similar_color_10', 'generator_5', 'generator_6', 'generator_7', 'generator_8', 'similar_color_12', 'similar_color_13', 'color_match', 'generator_9', 'similar_color_8', 'generator_10', 'color_match', 'generator_11', 'generator_12', 'generator_13', 'similar_color_4', 'similar_color_1', 'generator_14', 'generator_15']
number opened: 0
TRIAL 24
Action chosen: (purple, purple)
Outcome: False
partcle ids: ['generator_1', 'similar_color_5', 'generator_2', 'similar_color_3', 'color_match', 'similar_color_1', 'color_match', 'similar_color_5', 'generator_3', 'similar_color_12', 'generator_4', 'similar_color_10', 'generator_5', 'generator_6', 'generator_7', 'generator_8', 'similar_color_12', 'similar_color_13', 'color_match', 'generator_9', 'similar_color_8', 'generator_10', 'color_match', 'generator_11', 'generator_12', 'generator_13', 'similar_color_4', 'similar_color_1', 'generator_14', 'generator_15']
number opened: 0
TRIAL 25
Action chosen: (purple, pink)
Outcome: False
partcle ids: ['generator_1', 'similar_color_5', 'generator_2', 'similar_color_3', 'color_match', 'similar_color_1', 'color_match', 'similar_color_5', 'generator_3', 'similar_color_12', 'generator_4', 'similar_color_10', 'generator_5', 'generator_6', 'generator_7', 'generator_8', 'similar_color_12', 'similar_color_13', 'color_match', 'generator_9', 'similar_color_8', 'generator_10', 'color_match', 'generator_11', 'generator_12', 'generator_13', 'similar_color_4', 'similar_color_1', 'generator_14', 'generator_15']
number opened: 0
TRIAL 26
Action chosen: (diamond, purple)
Outcome: False
partcle ids: ['generator_1', 'similar_color_5', 'generator_2', 'similar_color_3', 'color_match', 'similar_color_1', 'color_match', 'similar_color_5', 'generator_3', 'similar_color_12', 'generator_4', 'similar_color_10', 'generator_5', 'generator_6', 'generator_7', 'generator_8', 'similar_color_12', 'similar_color_13', 'color_match', 'generator_9', 'similar_color_8', 'generator_10', 'color_match', 'generator_11', 'generator_12', 'generator_13', 'similar_color_4', 'similar_color_1', 'generator_14', 'generator_15']
number opened: 0
TRIAL 27
Action chosen: (purple, purple)
Outcome: False
partcle ids: ['generator_1', 'similar_color_5', 'generator_2', 'similar_color_3', 'color_match', 'similar_color_1', 'color_match', 'similar_color_5', 'generator_3', 'similar_color_12', 'generator_4', 'similar_color_10', 'generator_5', 'generator_6', 'generator_7', 'generator_8', 'similar_color_12', 'similar_color_13', 'color_match', 'generator_9', 'similar_color_8', 'generator_10', 'color_match', 'generator_11', 'generator_12', 'generator_13', 'similar_color_4', 'similar_color_1', 'generator_14', 'generator_15']
number opened: 0
TRIAL 28
Action chosen: (triangle, white)
Outcome: False
partcle ids: ['generator_1', 'similar_color_5', 'generator_2', 'similar_color_3', 'color_match', 'similar_color_1', 'color_match', 'similar_color_5', 'generator_3', 'similar_color_12', 'generator_4', 'similar_color_10', 'generator_5', 'generator_6', 'generator_7', 'generator_8', 'similar_color_12', 'similar_color_13', 'color_match', 'generator_9', 'similar_color_8', 'generator_10', 'color_match', 'generator_11', 'generator_12', 'generator_13', 'similar_color_4', 'similar_color_1', 'generator_14', 'generator_15']
number opened: 0
TRIAL 29
Action chosen: (yellow5, red)
Outcome: False
partcle ids: ['generator_1', 'similar_color_5', 'generator_2', 'similar_color_3', 'color_match', 'similar_color_1', 'color_match', 'similar_color_5', 'generator_3', 'similar_color_12', 'generator_4', 'similar_color_10', 'generator_5', 'generator_6', 'generator_7', 'generator_8', 'similar_color_12', 'similar_color_13', 'color_match', 'generator_9', 'similar_color_8', 'generator_10', 'color_match', 'generator_11', 'generator_12', 'generator_13', 'similar_color_4', 'similar_color_1', 'generator_14', 'generator_15']
number opened: 0
TRIAL 30
Action chosen: (orange4, red)
Outcome: False
partcle ids: ['generator_1', 'similar_color_5', 'generator_2', 'similar_color_3', 'color_match', 'similar_color_1', 'color_match', 'similar_color_5', 'generator_3', 'similar_color_12', 'generator_4', 'similar_color_10', 'generator_5', 'generator_6', 'generator_7', 'generator_8', 'similar_color_12', 'similar_color_13', 'color_match', 'generator_9', 'similar_color_8', 'generator_10', 'color_match', 'generator_11', 'generator_12', 'generator_13', 'similar_color_4', 'similar_color_1', 'generator_14', 'generator_15']
number opened: 0
TRIAL 31
Action chosen: (purple, pink)
Outcome: False
partcle ids: ['generator_1', 'similar_color_5', 'generator_2', 'similar_color_3', 'color_match', 'similar_color_1', 'color_match', 'similar_color_5', 'generator_3', 'similar_color_12', 'generator_4', 'similar_color_10', 'generator_5', 'generator_6', 'generator_7', 'generator_8', 'similar_color_12', 'similar_color_13', 'color_match', 'generator_9', 'similar_color_8', 'generator_10', 'color_match', 'generator_11', 'generator_12', 'generator_13', 'similar_color_4', 'similar_color_1', 'generator_14', 'generator_15']
number opened: 0
TRIAL 32
Action chosen: (red, red)
Outcome: True
partcle ids: ['order_match', 'generator_16', 'similar_color_1', 'generator_17', 'generator_18', 'generator_19', 'generator_20', 'generator_21', 'generator_22', 'generator_23', 'generator_24', 'generator_25', 'similar_color_6', 'similar_color_13', 'similar_color_5', 'generator_26', 'generator_7', 'similar_color_5', 'generator_27', 'generator_7', 'generator_28', 'similar_color_14', 'generator_29', 'generator_30', 'generator_31', 'similar_color_5', 'generator_32', 'generator_7', 'similar_color_13', 'generator_33']
number opened: 1
TRIAL 33
Action chosen: (purple, purple)
Outcome: False
partcle ids: ['order_match', 'generator_16', 'similar_color_1', 'generator_17', 'generator_18', 'generator_19', 'generator_20', 'generator_21', 'generator_22', 'generator_23', 'generator_24', 'generator_25', 'similar_color_6', 'similar_color_13', 'similar_color_5', 'generator_26', 'generator_7', 'similar_color_5', 'generator_27', 'generator_7', 'generator_28', 'similar_color_14', 'generator_29', 'generator_30', 'generator_31', 'similar_color_5', 'generator_32', 'generator_7', 'similar_color_13', 'generator_33']
number opened: 1
TRIAL 34
Action chosen: (purple, purple)
Outcome: False
partcle ids: ['order_match', 'generator_16', 'similar_color_1', 'generator_17', 'generator_18', 'generator_19', 'generator_20', 'generator_21', 'generator_22', 'generator_23', 'generator_24', 'generator_25', 'similar_color_6', 'similar_color_13', 'similar_color_5', 'generator_26', 'generator_7', 'similar_color_5', 'generator_27', 'generator_7', 'generator_28', 'similar_color_14', 'generator_29', 'generator_30', 'generator_31', 'similar_color_5', 'generator_32', 'generator_7', 'similar_color_13', 'generator_33']
number opened: 1
TRIAL 35
Action chosen: (yellow5, blue)
Outcome: True
partcle ids: ['generator_34', 'generator_35', 'generator_24', 'generator_32', 'generator_37', 'generator_28', 'generator_38', 'generator_39', 'generator_40', 'generator_41', 'generator_42', 'generator_43', 'generator_44', 'generator_45', 'number_match', 'generator_46', 'order_match', 'generator_47', 'generator_48', 'generator_49', 'generator_50', 'generator_29', 'generator_52', 'generator_53', 'generator_29', 'generator_55', 'generator_24', 'generator_57', 'generator_58', 'generator_59']
number opened: 2
TRIAL 36
Action chosen: (diamond, white)
Outcome: False
partcle ids: ['generator_34', 'generator_35', 'generator_24', 'generator_32', 'generator_37', 'generator_28', 'generator_38', 'generator_39', 'generator_40', 'generator_41', 'generator_42', 'generator_43', 'generator_44', 'generator_45', 'number_match', 'generator_46', 'order_match', 'generator_47', 'generator_48', 'generator_49', 'generator_50', 'generator_29', 'generator_52', 'generator_53', 'generator_29', 'generator_55', 'generator_24', 'generator_57', 'generator_58', 'generator_59']
number opened: 2
TRIAL 37
Action chosen: (diamond, pink)
Outcome: False
partcle ids: ['generator_34', 'generator_35', 'generator_24', 'generator_32', 'generator_37', 'generator_28', 'generator_38', 'generator_39', 'generator_40', 'generator_41', 'generator_42', 'generator_43', 'generator_44', 'generator_45', 'number_match', 'generator_46', 'order_match', 'generator_47', 'generator_48', 'generator_49', 'generator_50', 'generator_29', 'generator_52', 'generator_53', 'generator_29', 'generator_55', 'generator_24', 'generator_57', 'generator_58', 'generator_59']
number opened: 2
TRIAL 38
Action chosen: (cloud, pink)
Outcome: False
partcle ids: ['generator_34', 'generator_35', 'generator_24', 'generator_32', 'generator_37', 'generator_28', 'generator_38', 'generator_39', 'generator_40', 'generator_41', 'generator_42', 'generator_43', 'generator_44', 'generator_45', 'number_match', 'generator_46', 'order_match', 'generator_47', 'generator_48', 'generator_49', 'generator_50', 'generator_29', 'generator_52', 'generator_53', 'generator_29', 'generator_55', 'generator_24', 'generator_57', 'generator_58', 'generator_59']
number opened: 2
TRIAL 39
Action chosen: (pink, purple)
Outcome: False
partcle ids: ['generator_34', 'generator_35', 'generator_24', 'generator_32', 'generator_37', 'generator_28', 'generator_38', 'generator_39', 'generator_40', 'generator_41', 'generator_42', 'generator_43', 'generator_44', 'generator_45', 'number_match', 'generator_46', 'order_match', 'generator_47', 'generator_48', 'generator_49', 'generator_50', 'generator_29', 'generator_52', 'generator_53', 'generator_29', 'generator_55', 'generator_24', 'generator_57', 'generator_58', 'generator_59']
number opened: 2
TRIAL 40
Action chosen: (grey2, white)
Outcome: False
partcle ids: ['generator_34', 'generator_35', 'generator_24', 'generator_32', 'generator_37', 'generator_28', 'generator_38', 'generator_39', 'generator_40', 'generator_41', 'generator_42', 'generator_43', 'generator_44', 'generator_45', 'number_match', 'generator_46', 'order_match', 'generator_47', 'generator_48', 'generator_49', 'generator_50', 'generator_29', 'generator_52', 'generator_53', 'generator_29', 'generator_55', 'generator_24', 'generator_57', 'generator_58', 'generator_59']
number opened: 2
TRIAL 41
Action chosen: (grey2, pink)
Outcome: True
partcle ids: ['generator_60', 'generator_61', 'generator_62', 'generator_63', 'generator_38', 'generator_65', 'generator_38', 'generator_38', 'generator_68', 'order_match', 'generator_38', 'generator_71', 'order_match', 'generator_72', 'generator_73', 'generator_74', 'generator_75', 'generator_76', 'generator_77', 'generator_78', 'generator_74', 'generator_67', 'generator_63', 'generator_79', 'generator_65', 'generator_80', 'generator_81', 'generator_82', 'generator_83', 'generator_84']
number opened: 3
TRIAL 42
Action chosen: (green3, white)
Outcome: False
partcle ids: ['generator_60', 'generator_61', 'generator_62', 'generator_63', 'generator_38', 'generator_65', 'generator_38', 'generator_38', 'generator_68', 'order_match', 'generator_38', 'generator_71', 'order_match', 'generator_72', 'generator_73', 'generator_74', 'generator_75', 'generator_76', 'generator_77', 'generator_78', 'generator_74', 'generator_67', 'generator_63', 'generator_79', 'generator_65', 'generator_80', 'generator_81', 'generator_82', 'generator_83', 'generator_84']
number opened: 3
TRIAL 43
Action chosen: (blue, purple)
Outcome: False
partcle ids: ['generator_60', 'generator_61', 'generator_62', 'generator_63', 'generator_38', 'generator_65', 'generator_38', 'generator_38', 'generator_68', 'order_match', 'generator_38', 'generator_71', 'order_match', 'generator_72', 'generator_73', 'generator_74', 'generator_75', 'generator_76', 'generator_77', 'generator_78', 'generator_74', 'generator_67', 'generator_63', 'generator_79', 'generator_65', 'generator_80', 'generator_81', 'generator_82', 'generator_83', 'generator_84']
number opened: 3
TRIAL 44
Action chosen: (orange4, purple)
Outcome: False
partcle ids: ['generator_60', 'generator_61', 'generator_62', 'generator_63', 'generator_38', 'generator_65', 'generator_38', 'generator_38', 'generator_68', 'order_match', 'generator_38', 'generator_71', 'order_match', 'generator_72', 'generator_73', 'generator_74', 'generator_75', 'generator_76', 'generator_77', 'generator_78', 'generator_74', 'generator_67', 'generator_63', 'generator_79', 'generator_65', 'generator_80', 'generator_81', 'generator_82', 'generator_83', 'generator_84']
number opened: 3
TRIAL 45
Action chosen: (green3, purple)
Outcome: True
partcle ids: ['generator_62', 'generator_85', 'number_match', 'generator_78', 'generator_80', 'generator_80', 'generator_78', 'generator_62', 'generator_62', 'generator_75', 'generator_85', 'generator_62', 'generator_86', 'generator_80', 'generator_78', 'generator_80', 'generator_75', 'generator_85', 'generator_86', 'generator_78', 'generator_78', 'generator_78', 'generator_78', 'generator_78', 'generator_86', 'generator_80', 'generator_62', 'generator_78', 'generator_80', 'generator_75']
number opened: 4
TRIAL 46
Action chosen: (pink, white)
Outcome: False
partcle ids: ['generator_62', 'generator_85', 'number_match', 'generator_78', 'generator_80', 'generator_80', 'generator_78', 'generator_62', 'generator_62', 'generator_75', 'generator_85', 'generator_62', 'generator_86', 'generator_80', 'generator_78', 'generator_80', 'generator_75', 'generator_85', 'generator_86', 'generator_78', 'generator_78', 'generator_78', 'generator_78', 'generator_78', 'generator_86', 'generator_80', 'generator_62', 'generator_78', 'generator_80', 'generator_75']
number opened: 4
TRIAL 47
Action chosen: (white, white)
Outcome: False
partcle ids: ['generator_62', 'generator_85', 'number_match', 'generator_78', 'generator_80', 'generator_80', 'generator_78', 'generator_62', 'generator_62', 'generator_75', 'generator_85', 'generator_62', 'generator_86', 'generator_80', 'generator_78', 'generator_80', 'generator_75', 'generator_85', 'generator_86', 'generator_78', 'generator_78', 'generator_78', 'generator_78', 'generator_78', 'generator_86', 'generator_80', 'generator_62', 'generator_78', 'generator_80', 'generator_75']
number opened: 4
TRIAL 48
Action chosen: (diamond, white)
Outcome: False
partcle ids: ['generator_62', 'generator_85', 'number_match', 'generator_78', 'generator_80', 'generator_80', 'generator_78', 'generator_62', 'generator_62', 'generator_75', 'generator_85', 'generator_62', 'generator_86', 'generator_80', 'generator_78', 'generator_80', 'generator_75', 'generator_85', 'generator_86', 'generator_78', 'generator_78', 'generator_78', 'generator_78', 'generator_78', 'generator_86', 'generator_80', 'generator_62', 'generator_78', 'generator_80', 'generator_75']
number opened: 4
TRIAL 49
Action chosen: (heart, white)
Outcome: False
partcle ids: ['generator_62', 'generator_85', 'number_match', 'generator_78', 'generator_80', 'generator_80', 'generator_78', 'generator_62', 'generator_62', 'generator_75', 'generator_85', 'generator_62', 'generator_86', 'generator_80', 'generator_78', 'generator_80', 'generator_75', 'generator_85', 'generator_86', 'generator_78', 'generator_78', 'generator_78', 'generator_78', 'generator_78', 'generator_86', 'generator_80', 'generator_62', 'generator_78', 'generator_80', 'generator_75']
number opened: 4
TRIAL 50
Action chosen: (cloud, white)
Outcome: False
partcle ids: ['generator_62', 'generator_85', 'number_match', 'generator_78', 'generator_80', 'generator_80', 'generator_78', 'generator_62', 'generator_62', 'generator_75', 'generator_85', 'generator_62', 'generator_86', 'generator_80', 'generator_78', 'generator_80', 'generator_75', 'generator_85', 'generator_86', 'generator_78', 'generator_78', 'generator_78', 'generator_78', 'generator_78', 'generator_86', 'generator_80', 'generator_62', 'generator_78', 'generator_80', 'generator_75']
number opened: 4
TRIAL 51
Action chosen: (purple, white)
Outcome: False
partcle ids: ['generator_62', 'generator_85', 'number_match', 'generator_78', 'generator_80', 'generator_80', 'generator_78', 'generator_62', 'generator_62', 'generator_75', 'generator_85', 'generator_62', 'generator_86', 'generator_80', 'generator_78', 'generator_80', 'generator_75', 'generator_85', 'generator_86', 'generator_78', 'generator_78', 'generator_78', 'generator_78', 'generator_78', 'generator_86', 'generator_80', 'generator_62', 'generator_78', 'generator_80', 'generator_75']
number opened: 4
TRIAL 52
Action chosen: (pink, white)
Outcome: False
partcle ids: ['generator_62', 'generator_85', 'number_match', 'generator_78', 'generator_80', 'generator_80', 'generator_78', 'generator_62', 'generator_62', 'generator_75', 'generator_85', 'generator_62', 'generator_86', 'generator_80', 'generator_78', 'generator_80', 'generator_75', 'generator_85', 'generator_86', 'generator_78', 'generator_78', 'generator_78', 'generator_78', 'generator_78', 'generator_86', 'generator_80', 'generator_62', 'generator_78', 'generator_80', 'generator_75']
number opened: 4
TRIAL 53
Action chosen: (white, white)
Outcome: False
partcle ids: ['generator_62', 'generator_85', 'number_match', 'generator_78', 'generator_80', 'generator_80', 'generator_78', 'generator_62', 'generator_62', 'generator_75', 'generator_85', 'generator_62', 'generator_86', 'generator_80', 'generator_78', 'generator_80', 'generator_75', 'generator_85', 'generator_86', 'generator_78', 'generator_78', 'generator_78', 'generator_78', 'generator_78', 'generator_86', 'generator_80', 'generator_62', 'generator_78', 'generator_80', 'generator_75']
number opened: 4
TRIAL 54
Action chosen: (diamond, white)
Outcome: False
partcle ids: ['generator_80', 'generator_75', 'generator_85', 'generator_85', 'number_match', 'generator_85', 'number_match', 'number_match', 'generator_86', 'generator_85', 'generator_80', 'generator_87', 'generator_87', 'generator_87', 'generator_75', 'generator_85', 'number_match', 'generator_86', 'generator_75', 'generator_86', 'generator_85', 'generator_75', 'number_match', 'number_match', 'generator_78', 'generator_87', 'number_match', 'generator_86', 'generator_87', 'generator_85']
number opened: 4
TRIAL 55
Action chosen: (orange4, white)
Outcome: True
partcle ids: ['number_match', 'number_match', 'number_match', 'number_match', 'number_match', 'number_match', 'number_match', 'number_match', 'number_match', 'number_match', 'number_match', 'number_match', 'number_match', 'number_match', 'number_match', 'number_match', 'number_match', 'number_match', 'number_match', 'number_match', 'number_match', 'number_match', 'number_match', 'number_match', 'number_match', 'number_match', 'number_match', 'number_match', 'number_match', 'number_match']
number opened: 5
{"attempts": 55, "unique_key_box_pairs": 26, "revisit_attempts": 29, "revisit_rate": 0.5370370370370371, "attempts_before_abandoning_color_matching": 3, "color_matching_abandoned": true}
