{"Child_ID": "D001", "SoC_variant": "SoC-Full", "theta": [15, 1], "p_gen": 0.2, "true_prior": 0.02, "run_number": 70, "seed": 6627838507751759925}
TRIAL 1
Action chosen: (green3, blue)
Outcome: False
partcle ids: ['generator_1', 'similar_color_13', 'similar_color_2', 'similar_color_7', 'similar_color_11', 'similar_color_6', 'order_match', 'similar_color_7', 'color_match', 'similar_color_8', 'similar_color_9', 'similar_color_12', 'similar_color_4', 'similar_color_6', 'similar_color_3', 'order_match', 'similar_color_11', 'shape_match', 'similar_color_13', 'similar_color_11', 'similar_color_10', 'similar_color_8', 'similar_color_12', 'similar_color_5', 'similar_color_5', 'generator_2', 'generator_3', 'similar_color_1', 'similar_color_2', 'similar_color_3']
number opened: 0
TRIAL 2
Action chosen: (heart, blue)
Outcome: False
partcle ids: ['generator_1', 'similar_color_13', 'similar_color_2', 'similar_color_7', 'similar_color_11', 'similar_color_6', 'order_match', 'similar_color_7', 'color_match', 'similar_color_8', 'similar_color_9', 'similar_color_12', 'similar_color_4', 'similar_color_6', 'similar_color_3', 'order_match', 'similar_color_11', 'shape_match', 'similar_color_13', 'similar_color_11', 'similar_color_10', 'similar_color_8', 'similar_color_12', 'similar_color_5', 'similar_color_5', 'generator_2', 'generator_3', 'similar_color_1', 'similar_color_2', 'similar_color_3']
number opened: 0
TRIAL 3
Action chosen: (blue, blue)
Outcome: False
partcle ids: ['similar_color_5', 'shape_match', 'shape_match', 'generator_4', 'generator_2', 'generator_3', 'generator_5', 'similar_color_4', 'generator_2', 'similar_color_6', 'similar_color_2', 'order_match', 'generator_3', 'generator_2', 'generator_6', 'generator_7', 'similar_color_4', 'generator_8', 'order_match', 'order_match', 'shape_match', 'similar_color_10', 'color_match', 'generator_9', 'similar_color_9', 'generator_3', 'order_match', 'generator_2', 'shape_match', 'generator_11']
number opened: 0
TRIAL 4
Action chosen: (red, red)
Outcome: True
partcle ids: ['generator_12', 'generator_13', 'order_match', 'order_match', 'similar_color_10', 'generator_14', 'similar_color_5', 'similar_color_8', 'generator_15', 'similar_color_1', 'generator_16', 'similar_color_12', 'similar_color_7', 'similar_color_11', 'similar_color_5', 'similar_color_1', 'order_match', 'order_match', 'order_match', 'similar_color_8', 'generator_17', 'similar_color_2', 'order_match', 'generator_18', 'order_match', 'order_match', 'similar_color_4', 'similar_color_8', 'similar_color_14', 'order_match']
number opened: 1
TRIAL 5
Action chosen: (purple, purple)
Outcome: False
partcle ids: ['generator_12', 'generator_13', 'order_match', 'order_match', 'similar_color_10', 'generator_14', 'similar_color_5', 'similar_color_8', 'generator_15', 'similar_color_1', 'generator_16', 'similar_color_12', 'similar_color_7', 'similar_color_11', 'similar_color_5', 'similar_color_1', 'order_match', 'order_match', 'order_match', 'similar_color_8', 'generator_17', 'similar_color_2', 'order_match', 'generator_18', 'order_match', 'order_match', 'similar_color_4', 'similar_color_8', 'similar_color_14', 'order_match']
number opened: 1
TRIAL 6
Action chosen: (orange4, purple)
Outcome: False
partcle ids: ['generator_19', 'generator_14', 'generator_17', 'generator_14', 'generator_21', 'generator_15', 'generator_16', 'generator_22', 'generator_13', 'generator_16', 'generator_15', 'generator_14', 'similar_color_12', 'similar_color_13', 'generator_23', 'generator_17', 'generator_14', 'generator_18', 'generator_14', 'generator_18', 'generator_13', 'generator_24', 'generator_15', 'generator_25', 'generator_16', 'generator_12', 'generator_26', 'generator_15', 'generator_12', 'generator_12']
number opened: 1
TRIAL 7
Action chosen: (blue, purple)
Outcome: False
partcle ids: ['generator_19', 'generator_14', 'generator_17', 'generator_14', 'generator_21', 'generator_15', 'generator_16', 'generator_22', 'generator_13', 'generator_16', 'generator_15', 'generator_14', 'similar_color_12', 'similar_color_13', 'generator_23', 'generator_17', 'generator_14', 'generator_18', 'generator_14', 'generator_18', 'generator_13', 'generator_24', 'generator_15', 'generator_25', 'generator_16', 'generator_12', 'generator_26', 'generator_15', 'generator_12', 'generator_12']
number opened: 1
TRIAL 8
Action chosen: (orange4, white)
Outcome: True
partcle ids: ['generator_27', 'generator_28', 'generator_29', 'generator_30', 'generator_31', 'generator_32', 'number_match', 'generator_33', 'generator_34', 'generator_35', 'generator_36', 'generator_37', 'generator_38', 'generator_39', 'generator_17', 'generator_41', 'generator_42', 'generator_43', 'generator_44', 'generator_45', 'generator_46', 'generator_47', 'generator_48', 'generator_49', 'number_match', 'generator_17', 'generator_51', 'generator_52', 'generator_53', 'generator_17']
number opened: 2
TRIAL 9
Action chosen: (green3, purple)
Outcome: True
partcle ids: ['generator_55', 'generator_53', 'generator_53', 'generator_57', 'generator_58', 'generator_59', 'generator_60', 'generator_17', 'generator_17', 'generator_63', 'generator_17', 'generator_65', 'number_match', 'generator_66', 'generator_67', 'generator_17', 'generator_68', 'generator_69', 'generator_17', 'generator_53', 'generator_71', 'generator_72', 'generator_17', 'generator_74', 'generator_75', 'generator_76', 'generator_17', 'generator_74', 'generator_78', 'generator_79']
number opened: 3
TRIAL 10
Action chosen: (diamond, blue)
Outcome: False
partcle ids: ['generator_55', 'generator_53', 'generator_53', 'generator_57', 'generator_58', 'generator_59', 'generator_60', 'generator_17', 'generator_17', 'generator_63', 'generator_17', 'generator_65', 'number_match', 'generator_66', 'generator_67', 'generator_17', 'generator_68', 'generator_69', 'generator_17', 'generator_53', 'generator_71', 'generator_72', 'generator_17', 'generator_74', 'generator_75', 'generator_76', 'generator_17', 'generator_74', 'generator_78', 'generator_79']
number opened: 3
TRIAL 11
Action chosen: (white, blue)
Outcome: False
partcle ids: ['generator_55', 'generator_53', 'generator_53', 'generator_57', 'generator_58', 'generator_59', 'generator_60', 'generator_17', 'generator_17', 'generator_63', 'generator_17', 'generator_65', 'number_match', 'generator_66', 'generator_67', 'generator_17', 'generator_68', 'generator_69', 'generator_17', 'generator_53', 'generator_71', 'generator_72', 'generator_17', 'generator_74', 'generator_75', 'generator_76', 'generator_17', 'generator_74', 'generator_78', 'generator_79']
number opened: 3
TRIAL 12
Action chosen: (triangle, blue)
Outcome: False
partcle ids: ['generator_80', 'generator_76', 'generator_72', 'generator_81', 'number_match', 'generator_57', 'generator_72', 'generator_83', 'generator_84', 'generator_59', 'generator_65', 'generator_65', 'generator_78', 'generator_57', 'generator_88', 'number_match', 'generator_89', 'generator_65', 'generator_90', 'generator_68', 'generator_91', 'generator_72', 'generator_76', 'generator_79', 'generator_72', 'number_match', 'generator_78', 'generator_93', 'generator_72', 'generator_78']
number opened: 3
TRIAL 13
Action chosen: (cloud, blue)
Outcome: False
partcle ids: ['generator_80', 'generator_76', 'generator_72', 'generator_81', 'number_match', 'generator_57', 'generator_72', 'generator_83', 'generator_84', 'generator_59', 'generator_65', 'generator_65', 'generator_78', 'generator_57', 'generator_88', 'number_match', 'generator_89', 'generator_65', 'generator_90', 'generator_68', 'generator_91', 'generator_72', 'generator_76', 'generator_79', 'generator_72', 'number_match', 'generator_78', 'generator_93', 'generator_72', 'generator_78']
number opened: 3
TRIAL 14
Action chosen: (yellow5, blue)
Outcome: True
partcle ids: ['generator_59', 'generator_57', 'generator_57', 'generator_95', 'generator_96', 'generator_80', 'generator_59', 'generator_96', 'generator_97', 'generator_80', 'generator_59', 'generator_96', 'generator_98', 'number_match', 'generator_59', 'number_match', 'generator_96', 'generator_59', 'generator_95', 'generator_57', 'generator_95', 'generator_59', 'generator_57', 'generator_96', 'generator_99', 'generator_95', 'generator_99', 'generator_80', 'generator_57', 'number_match']
number opened: 4
TRIAL 15
Action chosen: (heart, pink)
Outcome: False
partcle ids: ['generator_59', 'generator_57', 'generator_57', 'generator_95', 'generator_96', 'generator_80', 'generator_59', 'generator_96', 'generator_97', 'generator_80', 'generator_59', 'generator_96', 'generator_98', 'number_match', 'generator_59', 'number_match', 'generator_96', 'generator_59', 'generator_95', 'generator_57', 'generator_95', 'generator_59', 'generator_57', 'generator_96', 'generator_99', 'generator_95', 'generator_99', 'generator_80', 'generator_57', 'number_match']
number opened: 4
TRIAL 16
Action chosen: (white, pink)
Outcome: False
partcle ids: ['generator_59', 'generator_57', 'generator_57', 'generator_95', 'generator_96', 'generator_80', 'generator_59', 'generator_96', 'generator_97', 'generator_80', 'generator_59', 'generator_96', 'generator_98', 'number_match', 'generator_59', 'number_match', 'generator_96', 'generator_59', 'generator_95', 'generator_57', 'generator_95', 'generator_59', 'generator_57', 'generator_96', 'generator_99', 'generator_95', 'generator_99', 'generator_80', 'generator_57', 'number_match']
number opened: 4
TRIAL 17
Action chosen: (triangle, pink)
Outcome: False
partcle ids: ['generator_59', 'generator_57', 'generator_57', 'generator_95', 'generator_96', 'generator_80', 'generator_59', 'generator_96', 'generator_97', 'generator_80', 'generator_59', 'generator_96', 'generator_98', 'number_match', 'generator_59', 'number_match', 'generator_96', 'generator_59', 'generator_95', 'generator_57', 'generator_95', 'generator_59', 'generator_57', 'generator_96', 'generator_99', 'generator_95', 'generator_99', 'generator_80', 'generator_57', 'number_match']
number opened: 4
TRIAL 18
Action chosen: (cloud, pink)
Outcome: False
partcle ids: ['generator_97', 'number_match', 'generator_99', 'number_match', 'generator_99', 'number_match', 'generator_99', 'generator_98', 'generator_98', 'number_match', 'generator_59', 'generator_80', 'generator_97', 'number_match', 'generator_98', 'generator_99', 'generator_99', 'generator_99', 'generator_80', 'generator_80', 'generator_95', 'generator_57', 'number_match', 'generator_80', 'generator_99', 'generator_98', 'number_match', 'number_match', 'generator_99', 'generator_80']
number opened: 4
TRIAL 19
Action chosen: (blue, pink)
Outcome: False
partcle ids: ['generator_97', 'number_match', 'generator_99', 'number_match', 'generator_99', 'number_match', 'generator_99', 'generator_98', 'generator_98', 'number_match', 'generator_59', 'generator_80', 'generator_97', 'number_match', 'generator_98', 'generator_99', 'generator_99', 'generator_99', 'generator_80', 'generator_80', 'generator_95', 'generator_57', 'number_match', 'generator_80', 'generator_99', 'generator_98', 'number_match', 'number_match', 'generator_99', 'generator_80']
number opened: 4
TRIAL 20
Action chosen: (grey2, pink)
Outcome: True
partcle ids: ['number_match', 'number_match', 'number_match', 'number_match', 'number_match', 'number_match', 'number_match', 'number_match', 'number_match', 'number_match', 'number_match', 'number_match', 'number_match', 'number_match', 'number_match', 'number_match', 'number_match', 'number_match', 'number_match', 'number_match', 'number_match', 'number_match', 'number_match', 'number_match', 'number_match', 'number_match', 'number_match', 'number_match', 'number_match', 'number_match']
number opened: 5
{"attempts": 20, "unique_key_box_pairs": 20, "revisit_attempts": 0, "revisit_rate": 0.0, "attempts_before_abandoning_color_matching": 0, "color_matching_abandoned": true}
