{"Child_ID": "D001", "SoC_variant": "SoC-Full", "theta": [15, 1], "p_gen": 0.2, "true_prior": 0.02, "run_number": 11, "seed": 683863618405580669}
TRIAL 1
Action chosen: (heart, blue)
Outcome: False
partcle ids: ['similar_color_14', 'similar_color_9', 'similar_color_9', 'similar_color_2', 'generator_1', 'similar_color_13', 'similar_color_7', 'similar_color_13', 'similar_color_1', 'generator_2', 'similar_color_10', 'similar_color_6', 'generator_3', 'similar_color_2', 'similar_color_5', 'similar_color_14', 'generator_4', 'similar_color_10', 'generator_5', 'similar_color_6', 'similar_color_4', 'similar_color_12', 'order_match', 'order_match', 'similar_color_13', 'similar_color_1', 'similar_color_5', 'similar_color_2', 'order_match', 'similar_color_9']
number opened: 0
TRIAL 2
Action chosen: (green3, blue)
Outcome: False
partcle ids: ['similar_color_14', 'similar_color_9', 'similar_color_9', 'similar_color_2', 'generator_1', 'similar_color_13', 'similar_color_7', 'similar_color_13', 'similar_color_1', 'generator_2', 'similar_color_10', 'similar_color_6', 'generator_3', 'similar_color_2', 'similar_color_5', 'similar_color_14', 'generator_4', 'similar_color_10', 'generator_5', 'similar_color_6', 'similar_color_4', 'similar_color_12', 'order_match', 'order_match', 'similar_color_13', 'similar_color_1', 'similar_color_5', 'similar_color_2', 'order_match', 'similar_color_9']
number opened: 0
TRIAL 3
Action chosen: (blue, blue)
Outcome: False
partcle ids: ['similar_color_1', 'similar_color_11', 'similar_color_5', 'similar_color_6', 'generator_4', 'order_match', 'order_match', 'generator_3', 'order_match', 'similar_color_2', 'similar_color_14', 'shape_match', 'generator_6', 'generator_7', 'generator_5', 'similar_color_12', 'order_match', 'generator_4', 'order_match', 'generator_9', 'generator_4', 'generator_10', 'generator_4', 'order_match', 'generator_3', 'order_match', 'similar_color_6', 'order_match', 'similar_color_13', 'generator_12']
number opened: 0
TRIAL 4
Action chosen: (pink, pink)
Outcome: False
partcle ids: ['similar_color_1', 'similar_color_11', 'similar_color_5', 'similar_color_6', 'generator_4', 'order_match', 'order_match', 'generator_3', 'order_match', 'similar_color_2', 'similar_color_14', 'shape_match', 'generator_6', 'generator_7', 'generator_5', 'similar_color_12', 'order_match', 'generator_4', 'order_match', 'generator_9', 'generator_4', 'generator_10', 'generator_4', 'order_match', 'generator_3', 'order_match', 'similar_color_6', 'order_match', 'similar_color_13', 'generator_12']
number opened: 0
TRIAL 5
Action chosen: (yellow5, blue)
Outcome: True
partcle ids: ['number_match', 'generator_13', 'generator_14', 'generator_15', 'generator_16', 'generator_17', 'generator_18', 'generator_19', 'generator_20', 'generator_21', 'generator_22', 'generator_23', 'generator_24', 'generator_25', 'generator_26', 'generator_27', 'generator_28', 'order_match', 'generator_30', 'generator_31', 'generator_32', 'generator_33', 'order_match', 'generator_34', 'generator_35', 'generator_36', 'generator_37', 'order_match', 'generator_38', 'generator_39']
number opened: 1
TRIAL 6
Action chosen: (grey2, pink)
Outcome: True
partcle ids: ['generator_40', 'generator_22', 'generator_41', 'generator_42', 'generator_43', 'generator_25', 'generator_44', 'generator_45', 'order_match', 'order_match', 'generator_46', 'generator_47', 'order_match', 'generator_25', 'order_match', 'order_match', 'generator_48', 'generator_49', 'generator_22', 'generator_22', 'number_match', 'generator_50', 'generator_51', 'generator_52', 'generator_53', 'generator_54', 'number_match', 'generator_55', 'order_match', 'generator_56']
number opened: 2
TRIAL 7
Action chosen: (red, red)
Outcome: True
partcle ids: ['generator_57', 'generator_58', 'generator_59', 'generator_60', 'generator_61', 'number_match', 'generator_62', 'generator_63', 'generator_64', 'generator_65', 'generator_64', 'generator_66', 'generator_67', 'generator_57', 'generator_68', 'number_match', 'generator_58', 'generator_69', 'generator_61', 'order_match', 'generator_56', 'generator_56', 'generator_70', 'order_match', 'generator_65', 'generator_44', 'generator_71', 'order_match', 'number_match', 'generator_72']
number opened: 3
TRIAL 8
Action chosen: (green3, purple)
Outcome: True
partcle ids: ['generator_57', 'generator_73', 'generator_57', 'generator_74', 'generator_75', 'generator_75', 'number_match', 'generator_75', 'number_match', 'generator_76', 'generator_77', 'generator_74', 'generator_78', 'generator_73', 'generator_76', 'generator_77', 'generator_78', 'generator_78', 'generator_74', 'generator_73', 'generator_78', 'number_match', 'generator_75', 'generator_57', 'generator_75', 'generator_78', 'generator_75', 'generator_74', 'generator_77', 'generator_71']
number opened: 4
TRIAL 9
Action chosen: (purple, white)
Outcome: False
partcle ids: ['generator_57', 'generator_73', 'generator_57', 'generator_74', 'generator_75', 'generator_75', 'number_match', 'generator_75', 'number_match', 'generator_76', 'generator_77', 'generator_74', 'generator_78', 'generator_73', 'generator_76', 'generator_77', 'generator_78', 'generator_78', 'generator_74', 'generator_73', 'generator_78', 'number_match', 'generator_75', 'generator_57', 'generator_75', 'generator_78', 'generator_75', 'generator_74', 'generator_77', 'generator_71']
number opened: 4
TRIAL 10
Action chosen: (blue, white)
Outcome: False
partcle ids: ['generator_57', 'generator_73', 'generator_57', 'generator_74', 'generator_75', 'generator_75', 'number_match', 'generator_75', 'number_match', 'generator_76', 'generator_77', 'generator_74', 'generator_78', 'generator_73', 'generator_76', 'generator_77', 'generator_78', 'generator_78', 'generator_74', 'generator_73', 'generator_78', 'number_match', 'generator_75', 'generator_57', 'generator_75', 'generator_78', 'generator_75', 'generator_74', 'generator_77', 'generator_71']
number opened: 4
TRIAL 11
Action chosen: (cloud, white)
Outcome: False
partcle ids: ['generator_57', 'generator_73', 'generator_57', 'generator_74', 'generator_75', 'generator_75', 'number_match', 'generator_75', 'number_match', 'generator_76', 'generator_77', 'generator_74', 'generator_78', 'generator_73', 'generator_76', 'generator_77', 'generator_78', 'generator_78', 'generator_74', 'generator_73', 'generator_78', 'number_match', 'generator_75', 'generator_57', 'generator_75', 'generator_78', 'generator_75', 'generator_74', 'generator_77', 'generator_71']
number opened: 4
TRIAL 12
Action chosen: (white, white)
Outcome: False
partcle ids: ['number_match', 'generator_77', 'generator_77', 'generator_76', 'generator_78', 'generator_76', 'number_match', 'number_match', 'generator_76', 'generator_77', 'generator_73', 'generator_76', 'generator_73', 'generator_76', 'generator_76', 'generator_73', 'generator_71', 'generator_76', 'number_match', 'generator_76', 'generator_71', 'generator_76', 'generator_77', 'generator_73', 'number_match', 'generator_77', 'generator_71', 'generator_76', 'generator_76', 'generator_71']
number opened: 4
TRIAL 13
Action chosen: (diamond, white)
Outcome: False
partcle ids: ['number_match', 'generator_77', 'generator_77', 'generator_76', 'generator_78', 'generator_76', 'number_match', 'number_match', 'generator_76', 'generator_77', 'generator_73', 'generator_76', 'generator_73', 'generator_76', 'generator_76', 'generator_73', 'generator_71', 'generator_76', 'number_match', 'generator_76', 'generator_71', 'generator_76', 'generator_77', 'generator_73', 'number_match', 'generator_77', 'generator_71', 'generator_76', 'generator_76', 'generator_71']
number opened: 4
TRIAL 14
Action chosen: (orange4, white)
Outcome: True
partcle ids: ['number_match', 'number_match', 'number_match', 'number_match', 'number_match', 'number_match', 'number_match', 'number_match', 'number_match', 'number_match', 'number_match', 'number_match', 'number_match', 'number_match', 'number_match', 'number_match', 'number_match', 'number_match', 'number_match', 'number_match', 'number_match', 'number_match', 'number_match', 'number_match', 'number_match', 'number_match', 'number_match', 'number_match', 'number_match', 'number_match']
number opened: 5
{"attempts": 14, "unique_key_box_pairs": 14, "revisit_attempts": 0, "revisit_rate": 0.0, "attempts_before_abandoning_color_matching": 0, "color_matching_abandoned": true}
