{"Child_ID": "D001", "SoC_variant": "SoC-Full", "theta": [15, 1], "p_gen": 0.2, "true_prior": 0.02, "run_number": 51, "seed": 420897267091253517}
TRIAL 1
Action chosen: (purple, purple)
Outcome: False
partcle ids: ['similar_color_9', 'similar_color_11', 'order_match', 'similar_color_3', 'order_match', 'color_match', 'shape_match', 'shape_match', 'shape_match', 'similar_color_11', 'similar_color_2', 'generator_1', 'generator_2', 'generator_3', 'generator_4', 'similar_color_8', 'generator_5', 'generator_6', 'color_match', 'similar_color_9', 'generator_7', 'color_match', 'generator_8', 'similar_color_12', 'similar_color_10', 'similar_color_10', 'similar_color_1', 'similar_color_11', 'order_match', 'similar_color_10']
number opened: 0
TRIAL 2
Action chosen: (diamond, white)
Outcome: False
partcle ids: ['generator_1', 'order_match', 'generator_10', 'generator_5', 'generator_3', 'generator_2', 'order_match', 'generator_2', 'generator_11', 'generator_4', 'order_match', 'order_match', 'order_match', 'order_match', 'generator_5', 'generator_3', 'order_match', 'generator_6', 'generator_4', 'generator_12', 'similar_color_3', 'generator_13', 'generator_6', 'order_match', 'generator_2', 'generator_14', 'generator_15', 'generator_1', 'generator_3', 'generator_16']
number opened: 0
TRIAL 3
Action chosen: (yellow5, blue)
Outcome: True
partcle ids: ['generator_17', 'generator_5', 'generator_18', 'order_match', 'generator_19', 'generator_20', 'generator_21', 'generator_22', 'number_match', 'generator_23', 'generator_24', 'generator_25', 'generator_26', 'generator_27', 'generator_28', 'generator_29', 'generator_30', 'generator_12', 'generator_31', 'generator_32', 'generator_33', 'generator_34', 'generator_35', 'order_match', 'generator_5', 'order_match', 'number_match', 'generator_37', 'generator_38', 'generator_12']
number opened: 1
TRIAL 4
Action chosen: (red, red)
Outcome: True
partcle ids: ['generator_39', 'order_match', 'order_match', 'generator_19', 'generator_19', 'order_match', 'generator_40', 'generator_41', 'generator_42', 'generator_43', 'generator_19', 'generator_45', 'generator_46', 'generator_47', 'generator_19', 'order_match', 'order_match', 'order_match', 'generator_49', 'generator_18', 'generator_51', 'order_match', 'generator_52', 'order_match', 'generator_54', 'generator_51', 'generator_55', 'generator_56', 'generator_57', 'generator_58']
number opened: 2
TRIAL 5
Action chosen: (orange4, purple)
Outcome: False
partcle ids: ['generator_39', 'order_match', 'order_match', 'generator_19', 'generator_19', 'order_match', 'generator_40', 'generator_41', 'generator_42', 'generator_43', 'generator_19', 'generator_45', 'generator_46', 'generator_47', 'generator_19', 'order_match', 'order_match', 'order_match', 'generator_49', 'generator_18', 'generator_51', 'order_match', 'generator_52', 'order_match', 'generator_54', 'generator_51', 'generator_55', 'generator_56', 'generator_57', 'generator_58']
number opened: 2
TRIAL 6
Action chosen: (cloud, purple)
Outcome: False
partcle ids: ['generator_39', 'order_match', 'order_match', 'generator_19', 'generator_19', 'order_match', 'generator_40', 'generator_41', 'generator_42', 'generator_43', 'generator_19', 'generator_45', 'generator_46', 'generator_47', 'generator_19', 'order_match', 'order_match', 'order_match', 'generator_49', 'generator_18', 'generator_51', 'order_match', 'generator_52', 'order_match', 'generator_54', 'generator_51', 'generator_55', 'generator_56', 'generator_57', 'generator_58']
number opened: 2
TRIAL 7
Action chosen: (green3, pink)
Outcome: False
partcle ids: ['generator_45', 'generator_60', 'generator_61', 'generator_62', 'generator_63', 'generator_45', 'generator_58', 'generator_64', 'generator_65', 'generator_66', 'generator_67', 'generator_49', 'generator_68', 'generator_69', 'generator_70', 'generator_71', 'generator_49', 'generator_72', 'generator_73', 'generator_56', 'generator_49', 'generator_75', 'generator_76', 'generator_77', 'generator_78', 'generator_79', 'generator_54', 'generator_45', 'generator_54', 'order_match']
number opened: 2
TRIAL 8
Action chosen: (green3, white)
Outcome: False
partcle ids: ['generator_45', 'generator_60', 'generator_61', 'generator_62', 'generator_63', 'generator_45', 'generator_58', 'generator_64', 'generator_65', 'generator_66', 'generator_67', 'generator_49', 'generator_68', 'generator_69', 'generator_70', 'generator_71', 'generator_49', 'generator_72', 'generator_73', 'generator_56', 'generator_49', 'generator_75', 'generator_76', 'generator_77', 'generator_78', 'generator_79', 'generator_54', 'generator_45', 'generator_54', 'order_match']
number opened: 2
TRIAL 9
Action chosen: (blue, pink)
Outcome: False
partcle ids: ['generator_45', 'generator_60', 'generator_61', 'generator_62', 'generator_63', 'generator_45', 'generator_58', 'generator_64', 'generator_65', 'generator_66', 'generator_67', 'generator_49', 'generator_68', 'generator_69', 'generator_70', 'generator_71', 'generator_49', 'generator_72', 'generator_73', 'generator_56', 'generator_49', 'generator_75', 'generator_76', 'generator_77', 'generator_78', 'generator_79', 'generator_54', 'generator_45', 'generator_54', 'order_match']
number opened: 2
TRIAL 10
Action chosen: (pink, purple)
Outcome: False
partcle ids: ['generator_80', 'generator_79', 'generator_82', 'generator_83', 'generator_71', 'generator_65', 'generator_85', 'generator_65', 'generator_87', 'generator_88', 'generator_56', 'generator_67', 'generator_78', 'generator_89', 'generator_72', 'generator_56', 'generator_79', 'generator_90', 'generator_65', 'generator_67', 'generator_92', 'generator_61', 'generator_67', 'generator_95', 'generator_96', 'generator_66', 'generator_63', 'generator_45', 'number_match', 'generator_79']
number opened: 2
TRIAL 11
Action chosen: (green3, purple)
Outcome: True
partcle ids: ['generator_99', 'generator_100', 'generator_90', 'generator_101', 'generator_102', 'generator_90', 'generator_103', 'generator_104', 'generator_100', 'generator_90', 'generator_105', 'generator_85', 'generator_83', 'generator_79', 'generator_107', 'generator_108', 'generator_109', 'generator_83', 'generator_79', 'generator_110', 'generator_111', 'generator_112', 'generator_105', 'generator_113', 'generator_114', 'generator_83', 'number_match', 'generator_115', 'generator_79', 'generator_116']
number opened: 3
TRIAL 12
Action chosen: (purple, pink)
Outcome: False
partcle ids: ['generator_99', 'generator_100', 'generator_90', 'generator_101', 'generator_102', 'generator_90', 'generator_103', 'generator_104', 'generator_100', 'generator_90', 'generator_105', 'generator_85', 'generator_83', 'generator_79', 'generator_107', 'generator_108', 'generator_109', 'generator_83', 'generator_79', 'generator_110', 'generator_111', 'generator_112', 'generator_105', 'generator_113', 'generator_114', 'generator_83', 'number_match', 'generator_115', 'generator_79', 'generator_116']
number opened: 3
TRIAL 13
Action chosen: (white, white)
Outcome: False
partcle ids: ['generator_99', 'generator_100', 'generator_90', 'generator_101', 'generator_102', 'generator_90', 'generator_103', 'generator_104', 'generator_100', 'generator_90', 'generator_105', 'generator_85', 'generator_83', 'generator_79', 'generator_107', 'generator_108', 'generator_109', 'generator_83', 'generator_79', 'generator_110', 'generator_111', 'generator_112', 'generator_105', 'generator_113', 'generator_114', 'generator_83', 'number_match', 'generator_115', 'generator_79', 'generator_116']
number opened: 3
TRIAL 14
Action chosen: (grey2, white)
Outcome: False
partcle ids: ['generator_117', 'generator_118', 'generator_119', 'generator_120', 'number_match', 'generator_122', 'generator_101', 'generator_100', 'generator_100', 'generator_102', 'generator_124', 'generator_115', 'generator_115', 'generator_125', 'generator_115', 'generator_113', 'generator_127', 'generator_100', 'generator_129', 'generator_122', 'generator_130', 'generator_131', 'generator_85', 'generator_129', 'generator_104', 'generator_132', 'generator_133', 'generator_112', 'generator_100', 'generator_136']
number opened: 3
TRIAL 15
Action chosen: (pink, white)
Outcome: False
partcle ids: ['generator_117', 'generator_118', 'generator_119', 'generator_120', 'number_match', 'generator_122', 'generator_101', 'generator_100', 'generator_100', 'generator_102', 'generator_124', 'generator_115', 'generator_115', 'generator_125', 'generator_115', 'generator_113', 'generator_127', 'generator_100', 'generator_129', 'generator_122', 'generator_130', 'generator_131', 'generator_85', 'generator_129', 'generator_104', 'generator_132', 'generator_133', 'generator_112', 'generator_100', 'generator_136']
number opened: 3
TRIAL 16
Action chosen: (cloud, pink)
Outcome: False
partcle ids: ['generator_117', 'generator_118', 'generator_119', 'generator_120', 'number_match', 'generator_122', 'generator_101', 'generator_100', 'generator_100', 'generator_102', 'generator_124', 'generator_115', 'generator_115', 'generator_125', 'generator_115', 'generator_113', 'generator_127', 'generator_100', 'generator_129', 'generator_122', 'generator_130', 'generator_131', 'generator_85', 'generator_129', 'generator_104', 'generator_132', 'generator_133', 'generator_112', 'generator_100', 'generator_136']
number opened: 3
TRIAL 17
Action chosen: (purple, white)
Outcome: False
partcle ids: ['generator_133', 'generator_137', 'generator_112', 'generator_133', 'generator_115', 'generator_138', 'generator_139', 'generator_103', 'generator_85', 'generator_122', 'generator_140', 'generator_85', 'generator_124', 'generator_141', 'generator_118', 'generator_120', 'generator_85', 'generator_122', 'generator_131', 'generator_133', 'generator_143', 'generator_144', 'generator_134', 'generator_124', 'generator_136', 'generator_101', 'generator_101', 'generator_136', 'generator_133', 'generator_72']
number opened: 3
TRIAL 18
Action chosen: (blue, white)
Outcome: False
partcle ids: ['generator_133', 'generator_137', 'generator_112', 'generator_133', 'generator_115', 'generator_138', 'generator_139', 'generator_103', 'generator_85', 'generator_122', 'generator_140', 'generator_85', 'generator_124', 'generator_141', 'generator_118', 'generator_120', 'generator_85', 'generator_122', 'generator_131', 'generator_133', 'generator_143', 'generator_144', 'generator_134', 'generator_124', 'generator_136', 'generator_101', 'generator_101', 'generator_136', 'generator_133', 'generator_72']
number opened: 3
TRIAL 19
Action chosen: (pink, pink)
Outcome: False
partcle ids: ['generator_133', 'generator_137', 'generator_112', 'generator_133', 'generator_115', 'generator_138', 'generator_139', 'generator_103', 'generator_85', 'generator_122', 'generator_140', 'generator_85', 'generator_124', 'generator_141', 'generator_118', 'generator_120', 'generator_85', 'generator_122', 'generator_131', 'generator_133', 'generator_143', 'generator_144', 'generator_134', 'generator_124', 'generator_136', 'generator_101', 'generator_101', 'generator_136', 'generator_133', 'generator_72']
number opened: 3
TRIAL 20
Action chosen: (triangle, white)
Outcome: False
partcle ids: ['generator_138', 'generator_147', 'generator_146', 'generator_124', 'generator_148', 'generator_144', 'generator_138', 'generator_120', 'generator_122', 'generator_150', 'generator_151', 'generator_124', 'generator_133', 'generator_118', 'generator_153', 'generator_154', 'generator_122', 'generator_124', 'generator_153', 'generator_122', 'generator_127', 'generator_122', 'generator_155', 'generator_148', 'generator_122', 'generator_138', 'generator_133', 'generator_124', 'generator_124', 'generator_153']
number opened: 3
TRIAL 21
Action chosen: (cloud, white)
Outcome: False
partcle ids: ['generator_138', 'generator_147', 'generator_146', 'generator_124', 'generator_148', 'generator_144', 'generator_138', 'generator_120', 'generator_122', 'generator_150', 'generator_151', 'generator_124', 'generator_133', 'generator_118', 'generator_153', 'generator_154', 'generator_122', 'generator_124', 'generator_153', 'generator_122', 'generator_127', 'generator_122', 'generator_155', 'generator_148', 'generator_122', 'generator_138', 'generator_133', 'generator_124', 'generator_124', 'generator_153']
number opened: 3
TRIAL 22
Action chosen: (diamond, pink)
Outcome: False
partcle ids: ['generator_72', 'generator_148', 'generator_143', 'generator_147', 'generator_146', 'generator_127', 'generator_122', 'generator_138', 'generator_127', 'generator_133', 'generator_133', 'generator_141', 'generator_118', 'generator_144', 'generator_144', 'generator_148', 'generator_144', 'generator_133', 'generator_144', 'generator_144', 'generator_44', 'number_match', 'generator_147', 'generator_155', 'generator_144', 'generator_138', 'generator_152', 'number_match', 'generator_151', 'generator_155']
number opened: 3
TRIAL 23
Action chosen: (heart, white)
Outcome: False
partcle ids: ['generator_72', 'generator_148', 'generator_143', 'generator_147', 'generator_146', 'generator_127', 'generator_122', 'generator_138', 'generator_127', 'generator_133', 'generator_133', 'generator_141', 'generator_118', 'generator_144', 'generator_144', 'generator_148', 'generator_144', 'generator_133', 'generator_144', 'generator_144', 'generator_44', 'number_match', 'generator_147', 'generator_155', 'generator_144', 'generator_138', 'generator_152', 'number_match', 'generator_151', 'generator_155']
number opened: 3
TRIAL 24
Action chosen: (orange4, white)
Outcome: True
partcle ids: ['generator_161', 'number_match', 'generator_155', 'generator_148', 'generator_161', 'generator_155', 'generator_104', 'number_match', 'number_match', 'generator_155', 'generator_155', 'generator_155', 'generator_148', 'number_match', 'generator_148', 'generator_162', 'generator_148', 'generator_148', 'generator_148', 'generator_109', 'number_match', 'generator_155', 'generator_155', 'generator_140', 'generator_148', 'number_match', 'generator_155', 'generator_148', 'generator_148', 'number_match']
number opened: 4
TRIAL 25
Action chosen: (heart, pink)
Outcome: False
partcle ids: ['generator_161', 'number_match', 'generator_155', 'generator_148', 'generator_161', 'generator_155', 'generator_104', 'number_match', 'number_match', 'generator_155', 'generator_155', 'generator_155', 'generator_148', 'number_match', 'generator_148', 'generator_162', 'generator_148', 'generator_148', 'generator_148', 'generator_109', 'number_match', 'generator_155', 'generator_155', 'generator_140', 'generator_148', 'number_match', 'generator_155', 'generator_148', 'generator_148', 'number_match']
number opened: 4
TRIAL 26
Action chosen: (triangle, pink)
Outcome: False
partcle ids: ['generator_161', 'number_match', 'generator_155', 'generator_148', 'generator_161', 'generator_155', 'generator_104', 'number_match', 'number_match', 'generator_155', 'generator_155', 'generator_155', 'generator_148', 'number_match', 'generator_148', 'generator_162', 'generator_148', 'generator_148', 'generator_148', 'generator_109', 'number_match', 'generator_155', 'generator_155', 'generator_140', 'generator_148', 'number_match', 'generator_155', 'generator_148', 'generator_148', 'number_match']
number opened: 4
TRIAL 27
Action chosen: (grey2, pink)
Outcome: True
partcle ids: ['number_match', 'number_match', 'number_match', 'number_match', 'number_match', 'number_match', 'number_match', 'number_match', 'number_match', 'number_match', 'number_match', 'number_match', 'number_match', 'number_match', 'number_match', 'number_match', 'number_match', 'number_match', 'number_match', 'number_match', 'number_match', 'number_match', 'number_match', 'number_match', 'number_match', 'number_match', 'number_match', 'number_match', 'number_match', 'number_match']
number opened: 5
{"attempts": 27, "unique_key_box_pairs": 27, "revisit_attempts": 0, "revisit_rate": 0.0, "attempts_before_abandoning_color_matching": 1, "color_matching_abandoned": true}
