{"Child_ID": "D002", "SoC_variant": "SoC-Gen", "theta": [19, 1], "p_gen": 0.5, "true_prior": 0.02, "run_number": 20, "seed": 1873798261758013577}
TRIAL 1
Action chosen: (red, red)
Outcome: True
partcle ids: ['similar_color_2', 'similar_color_5', 'generator_1', 'similar_color_9', 'generator_2', 'similar_color_11', 'similar_color_2', 'similar_color_5', 'similar_color_7', 'generator_3', 'shape_match', 'similar_color_10', 'generator_4', 'generator_5', 'generator_6', 'generator_7', 'similar_color_10', 'similar_color_9', 'similar_color_11', 'shape_match', 'order_match', 'generator_8', 'generator_9', 'generator_10', 'number_match', 'generator_11', 'color_match', 'generator_12', 'similar_color_7', 'generator_13']
number opened: 1
TRIAL 2
Action chosen: (blue, blue)
Outcome: False
partcle ids: ['order_match', 'generator_14', 'generator_15', 'generator_16', 'generator_17', 'similar_color_3', 'generator_18', 'generator_19', 'generator_20', 'generator_21', 'generator_22', 'similar_color_2', 'similar_color_2', 'generator_23', 'similar_color_2', 'similar_color_5', 'generator_24', 'generator_25', 'generator_26', 'generator_27', 'similar_color_2', 'generator_28', 'generator_29', 'similar_color_5', 'similar_color_10', 'similar_color_11', 'generator_30', 'generator_31', 'generator_32', 'generator_33']
number opened: 1
TRIAL 3
Action chosen: (purple, purple)
Outcome: False
partcle ids: ['order_match', 'generator_14', 'generator_15', 'generator_16', 'generator_17', 'similar_color_3', 'generator_18', 'generator_19', 'generator_20', 'generator_21', 'generator_22', 'similar_color_2', 'similar_color_2', 'generator_23', 'similar_color_2', 'similar_color_5', 'generator_24', 'generator_25', 'generator_26', 'generator_27', 'similar_color_2', 'generator_28', 'generator_29', 'similar_color_5', 'similar_color_10', 'similar_color_11', 'generator_30', 'generator_31', 'generator_32', 'generator_33']
number opened: 1
TRIAL 4
Action chosen: (grey2, pink)
Outcome: True
partcle ids: ['generator_34', 'generator_19', 'generator_36', 'generator_37', 'generator_38', 'generator_32', 'generator_27', 'generator_40', 'generator_41', 'generator_19', 'generator_43', 'generator_44', 'generator_45', 'generator_46', 'generator_19', 'generator_19', 'generator_27', 'generator_27', 'generator_50', 'generator_27', 'generator_52', 'generator_53', 'generator_54', 'generator_55', 'generator_19', 'generator_56', 'generator_32', 'generator_57', 'generator_58', 'generator_59']
number opened: 2
TRIAL 5
Action chosen: (white, white)
Outcome: False
partcle ids: ['generator_34', 'generator_19', 'generator_36', 'generator_37', 'generator_38', 'generator_32', 'generator_27', 'generator_40', 'generator_41', 'generator_19', 'generator_43', 'generator_44', 'generator_45', 'generator_46', 'generator_19', 'generator_19', 'generator_27', 'generator_27', 'generator_50', 'generator_27', 'generator_52', 'generator_53', 'generator_54', 'generator_55', 'generator_19', 'generator_56', 'generator_32', 'generator_57', 'generator_58', 'generator_59']
number opened: 2
TRIAL 6
Action chosen: (blue, white)
Outcome: False
partcle ids: ['generator_60', 'generator_61', 'generator_62', 'generator_63', 'generator_64', 'generator_65', 'generator_66', 'generator_41', 'generator_54', 'generator_36', 'generator_70', 'generator_55', 'generator_41', 'generator_46', 'generator_73', 'generator_46', 'generator_74', 'generator_59', 'generator_76', 'generator_77', 'generator_32', 'generator_79', 'generator_80', 'generator_81', 'generator_36', 'generator_36', 'generator_84', 'generator_85', 'generator_86', 'generator_32']
number opened: 2
TRIAL 7
Action chosen: (diamond, white)
Outcome: False
partcle ids: ['generator_60', 'generator_61', 'generator_62', 'generator_63', 'generator_64', 'generator_65', 'generator_66', 'generator_41', 'generator_54', 'generator_36', 'generator_70', 'generator_55', 'generator_41', 'generator_46', 'generator_73', 'generator_46', 'generator_74', 'generator_59', 'generator_76', 'generator_77', 'generator_32', 'generator_79', 'generator_80', 'generator_81', 'generator_36', 'generator_36', 'generator_84', 'generator_85', 'generator_86', 'generator_32']
number opened: 2
TRIAL 8
Action chosen: (blue, purple)
Outcome: False
partcle ids: ['generator_60', 'generator_61', 'generator_62', 'generator_63', 'generator_64', 'generator_65', 'generator_66', 'generator_41', 'generator_54', 'generator_36', 'generator_70', 'generator_55', 'generator_41', 'generator_46', 'generator_73', 'generator_46', 'generator_74', 'generator_59', 'generator_76', 'generator_77', 'generator_32', 'generator_79', 'generator_80', 'generator_81', 'generator_36', 'generator_36', 'generator_84', 'generator_85', 'generator_86', 'generator_32']
number opened: 2
TRIAL 9
Action chosen: (white, blue)
Outcome: False
partcle ids: ['generator_60', 'generator_61', 'generator_62', 'generator_63', 'generator_64', 'generator_65', 'generator_66', 'generator_41', 'generator_54', 'generator_36', 'generator_70', 'generator_55', 'generator_41', 'generator_46', 'generator_73', 'generator_46', 'generator_74', 'generator_59', 'generator_76', 'generator_77', 'generator_32', 'generator_79', 'generator_80', 'generator_81', 'generator_36', 'generator_36', 'generator_84', 'generator_85', 'generator_86', 'generator_32']
number opened: 2
TRIAL 10
Action chosen: (triangle, purple)
Outcome: False
partcle ids: ['generator_54', 'generator_88', 'generator_89', 'generator_90', 'generator_91', 'generator_55', 'generator_93', 'generator_80', 'generator_66', 'generator_60', 'generator_97', 'generator_89', 'generator_98', 'generator_99', 'generator_80', 'generator_101', 'generator_66', 'generator_79', 'generator_104', 'generator_60', 'generator_64', 'generator_66', 'generator_97', 'generator_54', 'generator_54', 'generator_73', 'generator_73', 'generator_111', 'generator_79', 'generator_55']
number opened: 2
TRIAL 11
Action chosen: (white, purple)
Outcome: False
partcle ids: ['generator_54', 'generator_88', 'generator_89', 'generator_90', 'generator_91', 'generator_55', 'generator_93', 'generator_80', 'generator_66', 'generator_60', 'generator_97', 'generator_89', 'generator_98', 'generator_99', 'generator_80', 'generator_101', 'generator_66', 'generator_79', 'generator_104', 'generator_60', 'generator_64', 'generator_66', 'generator_97', 'generator_54', 'generator_54', 'generator_73', 'generator_73', 'generator_111', 'generator_79', 'generator_55']
number opened: 2
TRIAL 12
Action chosen: (cloud, white)
Outcome: False
partcle ids: ['generator_54', 'generator_88', 'generator_89', 'generator_90', 'generator_91', 'generator_55', 'generator_93', 'generator_80', 'generator_66', 'generator_60', 'generator_97', 'generator_89', 'generator_98', 'generator_99', 'generator_80', 'generator_101', 'generator_66', 'generator_79', 'generator_104', 'generator_60', 'generator_64', 'generator_66', 'generator_97', 'generator_54', 'generator_54', 'generator_73', 'generator_73', 'generator_111', 'generator_79', 'generator_55']
number opened: 2
TRIAL 13
Action chosen: (heart, purple)
Outcome: False
partcle ids: ['generator_114', 'generator_55', 'generator_93', 'generator_93', 'generator_98', 'generator_99', 'generator_79', 'generator_60', 'generator_120', 'generator_121', 'generator_91', 'generator_93', 'generator_98', 'generator_93', 'generator_98', 'generator_126', 'generator_55', 'generator_128', 'generator_55', 'order_match', 'generator_130', 'generator_60', 'generator_60', 'generator_60', 'generator_132', 'generator_114', 'generator_93', 'generator_99', 'generator_55', 'generator_135']
number opened: 2
TRIAL 14
Action chosen: (diamond, purple)
Outcome: False
partcle ids: ['generator_114', 'generator_55', 'generator_93', 'generator_93', 'generator_98', 'generator_99', 'generator_79', 'generator_60', 'generator_120', 'generator_121', 'generator_91', 'generator_93', 'generator_98', 'generator_93', 'generator_98', 'generator_126', 'generator_55', 'generator_128', 'generator_55', 'order_match', 'generator_130', 'generator_60', 'generator_60', 'generator_60', 'generator_132', 'generator_114', 'generator_93', 'generator_99', 'generator_55', 'generator_135']
number opened: 2
TRIAL 15
Action chosen: (green3, purple)
Outcome: True
partcle ids: ['generator_99', 'generator_126', 'generator_138', 'generator_60', 'generator_139', 'generator_140', 'generator_141', 'generator_142', 'generator_128', 'generator_143', 'generator_132', 'generator_132', 'generator_144', 'generator_60', 'generator_146', 'generator_147', 'generator_148', 'generator_132', 'generator_99', 'generator_150', 'generator_151', 'generator_152', 'generator_132', 'generator_154', 'generator_99', 'generator_126', 'generator_99', 'generator_156', 'generator_60', 'generator_157']
number opened: 3
TRIAL 16
Action chosen: (triangle, white)
Outcome: False
partcle ids: ['generator_99', 'generator_126', 'generator_138', 'generator_60', 'generator_139', 'generator_140', 'generator_141', 'generator_142', 'generator_128', 'generator_143', 'generator_132', 'generator_132', 'generator_144', 'generator_60', 'generator_146', 'generator_147', 'generator_148', 'generator_132', 'generator_99', 'generator_150', 'generator_151', 'generator_152', 'generator_132', 'generator_154', 'generator_99', 'generator_126', 'generator_99', 'generator_156', 'generator_60', 'generator_157']
number opened: 3
TRIAL 17
Action chosen: (pink, white)
Outcome: False
partcle ids: ['generator_99', 'generator_126', 'generator_138', 'generator_60', 'generator_139', 'generator_140', 'generator_141', 'generator_142', 'generator_128', 'generator_143', 'generator_132', 'generator_132', 'generator_144', 'generator_60', 'generator_146', 'generator_147', 'generator_148', 'generator_132', 'generator_99', 'generator_150', 'generator_151', 'generator_152', 'generator_132', 'generator_154', 'generator_99', 'generator_126', 'generator_99', 'generator_156', 'generator_60', 'generator_157']
number opened: 3
TRIAL 18
Action chosen: (triangle, blue)
Outcome: False
partcle ids: ['generator_158', 'generator_143', 'generator_138', 'generator_158', 'generator_152', 'generator_154', 'generator_144', 'generator_141', 'generator_138', 'generator_138', 'generator_141', 'generator_138', 'generator_143', 'generator_141', 'generator_164', 'generator_137', 'generator_138', 'generator_154', 'generator_152', 'generator_153', 'generator_167', 'generator_138', 'generator_143', 'generator_144', 'generator_168', 'generator_154', 'generator_170', 'generator_154', 'generator_150', 'generator_173']
number opened: 3
TRIAL 19
Action chosen: (heart, white)
Outcome: False
partcle ids: ['generator_158', 'generator_143', 'generator_138', 'generator_158', 'generator_152', 'generator_154', 'generator_144', 'generator_141', 'generator_138', 'generator_138', 'generator_141', 'generator_138', 'generator_143', 'generator_141', 'generator_164', 'generator_137', 'generator_138', 'generator_154', 'generator_152', 'generator_153', 'generator_167', 'generator_138', 'generator_143', 'generator_144', 'generator_168', 'generator_154', 'generator_170', 'generator_154', 'generator_150', 'generator_173']
number opened: 3
TRIAL 20
Action chosen: (pink, blue)
Outcome: False
partcle ids: ['generator_167', 'generator_143', 'generator_164', 'generator_144', 'generator_176', 'generator_177', 'generator_178', 'generator_143', 'generator_144', 'generator_150', 'generator_170', 'generator_176', 'generator_144', 'generator_150', 'generator_181', 'generator_143', 'generator_70', 'generator_144', 'generator_164', 'generator_144', 'generator_168', 'generator_170', 'generator_144', 'generator_99', 'generator_179', 'generator_143', 'generator_177', 'generator_110', 'generator_144', 'generator_185']
number opened: 3
TRIAL 21
Action chosen: (orange4, white)
Outcome: True
partcle ids: ['generator_177', 'generator_177', 'generator_144', 'generator_144', 'generator_144', 'generator_143', 'generator_125', 'generator_143', 'generator_144', 'generator_144', 'generator_126', 'generator_144', 'generator_177', 'generator_144', 'generator_125', 'generator_177', 'generator_177', 'generator_144', 'generator_187', 'generator_143', 'generator_144', 'generator_144', 'generator_143', 'generator_144', 'generator_177', 'generator_144', 'generator_177', 'generator_144', 'number_match', 'generator_179']
number opened: 4
TRIAL 22
Action chosen: (cloud, blue)
Outcome: False
partcle ids: ['generator_177', 'generator_177', 'generator_144', 'generator_144', 'generator_144', 'generator_143', 'generator_125', 'generator_143', 'generator_144', 'generator_144', 'generator_126', 'generator_144', 'generator_177', 'generator_144', 'generator_125', 'generator_177', 'generator_177', 'generator_144', 'generator_187', 'generator_143', 'generator_144', 'generator_144', 'generator_143', 'generator_144', 'generator_177', 'generator_144', 'generator_177', 'generator_144', 'number_match', 'generator_179']
number opened: 4
TRIAL 23
Action chosen: (purple, blue)
Outcome: False
partcle ids: ['generator_187', 'generator_143', 'generator_143', 'generator_187', 'number_match', 'number_match', 'generator_143', 'generator_179', 'number_match', 'number_match', 'generator_143', 'generator_177', 'number_match', 'generator_186', 'generator_126', 'number_match', 'generator_179', 'generator_143', 'number_match', 'generator_143', 'generator_187', 'generator_143', 'number_match', 'generator_143', 'generator_187', 'generator_186', 'generator_143', 'generator_187', 'generator_143', 'generator_186']
number opened: 4
TRIAL 24
Action chosen: (diamond, blue)
Outcome: False
partcle ids: ['generator_187', 'generator_143', 'generator_143', 'generator_187', 'number_match', 'number_match', 'generator_143', 'generator_179', 'number_match', 'number_match', 'generator_143', 'generator_177', 'number_match', 'generator_186', 'generator_126', 'number_match', 'generator_179', 'generator_143', 'number_match', 'generator_143', 'generator_187', 'generator_143', 'number_match', 'generator_143', 'generator_187', 'generator_186', 'generator_143', 'generator_187', 'generator_143', 'generator_186']
number opened: 4
TRIAL 25
Action chosen: (yellow5, blue)
Outcome: True
partcle ids: ['number_match', 'number_match', 'number_match', 'number_match', 'number_match', 'number_match', 'number_match', 'number_match', 'number_match', 'number_match', 'number_match', 'number_match', 'number_match', 'number_match', 'number_match', 'number_match', 'number_match', 'number_match', 'number_match', 'number_match', 'number_match', 'number_match', 'number_match', 'number_match', 'number_match', 'number_match', 'number_match', 'number_match', 'number_match', 'number_match']
number opened: 5
{"attempts": 25, "unique_key_box_pairs": 25, "revisit_attempts": 0, "revisit_rate": 0.0, "attempts_before_abandoning_color_matching": 3, "color_matching_abandoned": true}
