{"Child_ID": "D107", "SoC_variant": "SoC-Full", "theta": [1, 3], "p_gen": 0.7, "true_prior": 0.02, "run_number": 92, "seed": 7009807787059702470}
TRIAL 1
Action chosen: (red, red)
Outcome: True
partcle ids: ['generator_25', 'similar_color_1', 'generator_26', 'generator_27', 'generator_28', 'generator_29', 'generator_30', 'generator_31', 'generator_32', 'generator_33', 'generator_4', 'generator_34', 'generator_35', 'similar_color_10', 'generator_36', 'generator_37', 'generator_38', 'generator_39', 'generator_40', 'generator_41', 'generator_42', 'generator_43', 'similar_color_10', 'generator_44', 'generator_45', 'similar_color_4', 'generator_46', 'generator_47', 'generator_48', 'similar_color_12']
number opened: 1
TRIAL 2
Action chosen: (pink, pink)
Outcome: False
partcle ids: ['generator_25', 'similar_color_1', 'generator_26', 'generator_27', 'generator_28', 'generator_29', 'generator_30', 'generator_31', 'generator_32', 'generator_33', 'generator_4', 'generator_34', 'generator_35', 'similar_color_10', 'generator_36', 'generator_37', 'generator_38', 'generator_39', 'generator_40', 'generator_41', 'generator_42', 'generator_43', 'similar_color_10', 'generator_44', 'generator_45', 'similar_color_4', 'generator_46', 'generator_47', 'generator_48', 'similar_color_12']
number opened: 1
TRIAL 3
Action chosen: (triangle, pink)
Outcome: False
partcle ids: ['generator_25', 'similar_color_1', 'generator_26', 'generator_27', 'generator_28', 'generator_29', 'generator_30', 'generator_31', 'generator_32', 'generator_33', 'generator_4', 'generator_34', 'generator_35', 'similar_color_10', 'generator_36', 'generator_37', 'generator_38', 'generator_39', 'generator_40', 'generator_41', 'generator_42', 'generator_43', 'similar_color_10', 'generator_44', 'generator_45', 'similar_color_4', 'generator_46', 'generator_47', 'generator_48', 'similar_color_12']
number opened: 1
TRIAL 4
Action chosen: (white, white)
Outcome: False
partcle ids: ['generator_25', 'similar_color_1', 'generator_26', 'generator_27', 'generator_28', 'generator_29', 'generator_30', 'generator_31', 'generator_32', 'generator_33', 'generator_4', 'generator_34', 'generator_35', 'similar_color_10', 'generator_36', 'generator_37', 'generator_38', 'generator_39', 'generator_40', 'generator_41', 'generator_42', 'generator_43', 'similar_color_10', 'generator_44', 'generator_45', 'similar_color_4', 'generator_46', 'generator_47', 'generator_48', 'similar_color_12']
number opened: 1
TRIAL 5
Action chosen: (purple, blue)
Outcome: False
partcle ids: ['generator_25', 'similar_color_1', 'generator_26', 'generator_27', 'generator_28', 'generator_29', 'generator_30', 'generator_31', 'generator_32', 'generator_33', 'generator_4', 'generator_34', 'generator_35', 'similar_color_10', 'generator_36', 'generator_37', 'generator_38', 'generator_39', 'generator_40', 'generator_41', 'generator_42', 'generator_43', 'similar_color_10', 'generator_44', 'generator_45', 'similar_color_4', 'generator_46', 'generator_47', 'generator_48', 'similar_color_12']
number opened: 1
TRIAL 6
Action chosen: (green3, blue)
Outcome: False
partcle ids: ['generator_25', 'similar_color_1', 'generator_26', 'generator_27', 'generator_28', 'generator_29', 'generator_30', 'generator_31', 'generator_32', 'generator_33', 'generator_4', 'generator_34', 'generator_35', 'similar_color_10', 'generator_36', 'generator_37', 'generator_38', 'generator_39', 'generator_40', 'generator_41', 'generator_42', 'generator_43', 'similar_color_10', 'generator_44', 'generator_45', 'similar_color_4', 'generator_46', 'generator_47', 'generator_48', 'similar_color_12']
number opened: 1
TRIAL 7
Action chosen: (heart, blue)
Outcome: False
partcle ids: ['generator_25', 'similar_color_1', 'generator_26', 'generator_27', 'generator_28', 'generator_29', 'generator_30', 'generator_31', 'generator_32', 'generator_33', 'generator_4', 'generator_34', 'generator_35', 'similar_color_10', 'generator_36', 'generator_37', 'generator_38', 'generator_39', 'generator_40', 'generator_41', 'generator_42', 'generator_43', 'similar_color_10', 'generator_44', 'generator_45', 'similar_color_4', 'generator_46', 'generator_47', 'generator_48', 'similar_color_12']
number opened: 1
TRIAL 8
Action chosen: (triangle, pink)
Outcome: False
partcle ids: ['generator_25', 'similar_color_1', 'generator_26', 'generator_27', 'generator_28', 'generator_29', 'generator_30', 'generator_31', 'generator_32', 'generator_33', 'generator_4', 'generator_34', 'generator_35', 'similar_color_10', 'generator_36', 'generator_37', 'generator_38', 'generator_39', 'generator_40', 'generator_41', 'generator_42', 'generator_43', 'similar_color_10', 'generator_44', 'generator_45', 'similar_color_4', 'generator_46', 'generator_47', 'generator_48', 'similar_color_12']
number opened: 1
TRIAL 9
Action chosen: (orange4, pink)
Outcome: False
partcle ids: ['generator_25', 'similar_color_1', 'generator_26', 'generator_27', 'generator_28', 'generator_29', 'generator_30', 'generator_31', 'generator_32', 'generator_33', 'generator_4', 'generator_34', 'generator_35', 'similar_color_10', 'generator_36', 'generator_37', 'generator_38', 'generator_39', 'generator_40', 'generator_41', 'generator_42', 'generator_43', 'similar_color_10', 'generator_44', 'generator_45', 'similar_color_4', 'generator_46', 'generator_47', 'generator_48', 'similar_color_12']
number opened: 1
TRIAL 10
Action chosen: (yellow5, purple)
Outcome: False
partcle ids: ['generator_25', 'similar_color_1', 'generator_26', 'generator_27', 'generator_28', 'generator_29', 'generator_30', 'generator_31', 'generator_32', 'generator_33', 'generator_4', 'generator_34', 'generator_35', 'similar_color_10', 'generator_36', 'generator_37', 'generator_38', 'generator_39', 'generator_40', 'generator_41', 'generator_42', 'generator_43', 'similar_color_10', 'generator_44', 'generator_45', 'similar_color_4', 'generator_46', 'generator_47', 'generator_48', 'similar_color_12']
number opened: 1
TRIAL 11
Action chosen: (pink, pink)
Outcome: False
partcle ids: ['generator_25', 'similar_color_1', 'generator_26', 'generator_27', 'generator_28', 'generator_29', 'generator_30', 'generator_31', 'generator_32', 'generator_33', 'generator_4', 'generator_34', 'generator_35', 'similar_color_10', 'generator_36', 'generator_37', 'generator_38', 'generator_39', 'generator_40', 'generator_41', 'generator_42', 'generator_43', 'similar_color_10', 'generator_44', 'generator_45', 'similar_color_4', 'generator_46', 'generator_47', 'generator_48', 'similar_color_12']
number opened: 1
TRIAL 12
Action chosen: (pink, purple)
Outcome: False
partcle ids: ['generator_25', 'similar_color_1', 'generator_26', 'generator_27', 'generator_28', 'generator_29', 'generator_30', 'generator_31', 'generator_32', 'generator_33', 'generator_4', 'generator_34', 'generator_35', 'similar_color_10', 'generator_36', 'generator_37', 'generator_38', 'generator_39', 'generator_40', 'generator_41', 'generator_42', 'generator_43', 'similar_color_10', 'generator_44', 'generator_45', 'similar_color_4', 'generator_46', 'generator_47', 'generator_48', 'similar_color_12']
number opened: 1
TRIAL 13
Action chosen: (triangle, pink)
Outcome: False
partcle ids: ['generator_25', 'similar_color_1', 'generator_26', 'generator_27', 'generator_28', 'generator_29', 'generator_30', 'generator_31', 'generator_32', 'generator_33', 'generator_4', 'generator_34', 'generator_35', 'similar_color_10', 'generator_36', 'generator_37', 'generator_38', 'generator_39', 'generator_40', 'generator_41', 'generator_42', 'generator_43', 'similar_color_10', 'generator_44', 'generator_45', 'similar_color_4', 'generator_46', 'generator_47', 'generator_48', 'similar_color_12']
number opened: 1
TRIAL 14
Action chosen: (orange4, pink)
Outcome: False
partcle ids: ['generator_25', 'similar_color_1', 'generator_26', 'generator_27', 'generator_28', 'generator_29', 'generator_30', 'generator_31', 'generator_32', 'generator_33', 'generator_4', 'generator_34', 'generator_35', 'similar_color_10', 'generator_36', 'generator_37', 'generator_38', 'generator_39', 'generator_40', 'generator_41', 'generator_42', 'generator_43', 'similar_color_10', 'generator_44', 'generator_45', 'similar_color_4', 'generator_46', 'generator_47', 'generator_48', 'similar_color_12']
number opened: 1
TRIAL 15
Action chosen: (white, white)
Outcome: False
partcle ids: ['generator_25', 'similar_color_1', 'generator_26', 'generator_27', 'generator_28', 'generator_29', 'generator_30', 'generator_31', 'generator_32', 'generator_33', 'generator_4', 'generator_34', 'generator_35', 'similar_color_10', 'generator_36', 'generator_37', 'generator_38', 'generator_39', 'generator_40', 'generator_41', 'generator_42', 'generator_43', 'similar_color_10', 'generator_44', 'generator_45', 'similar_color_4', 'generator_46', 'generator_47', 'generator_48', 'similar_color_12']
number opened: 1
TRIAL 16
Action chosen: (grey2, pink)
Outcome: True
partcle ids: ['generator_49', 'generator_39', 'generator_50', 'generator_51', 'generator_52', 'generator_53', 'generator_54', 'generator_55', 'generator_56', 'generator_57', 'generator_46', 'generator_59', 'generator_60', 'generator_61', 'generator_62', 'generator_39', 'generator_63', 'generator_64', 'generator_4', 'generator_66', 'generator_67', 'generator_68', 'generator_69', 'generator_70', 'generator_71', 'generator_72', 'generator_73', 'generator_74', 'generator_75', 'generator_76']
number opened: 2
TRIAL 17
Action chosen: (orange4, white)
Outcome: True
partcle ids: ['generator_77', 'number_match', 'generator_78', 'generator_79', 'generator_80', 'generator_81', 'generator_60', 'generator_69', 'generator_83', 'generator_84', 'generator_85', 'generator_86', 'generator_87', 'generator_88', 'generator_89', 'generator_90', 'generator_91', 'generator_92', 'generator_64', 'generator_93', 'generator_89', 'generator_84', 'generator_94', 'generator_95', 'generator_83', 'generator_49', 'generator_60', 'generator_96', 'generator_64', 'generator_98']
number opened: 3
TRIAL 18
Action chosen: (triangle, blue)
Outcome: False
partcle ids: ['generator_77', 'number_match', 'generator_78', 'generator_79', 'generator_80', 'generator_81', 'generator_60', 'generator_69', 'generator_83', 'generator_84', 'generator_85', 'generator_86', 'generator_87', 'generator_88', 'generator_89', 'generator_90', 'generator_91', 'generator_92', 'generator_64', 'generator_93', 'generator_89', 'generator_84', 'generator_94', 'generator_95', 'generator_83', 'generator_49', 'generator_60', 'generator_96', 'generator_64', 'generator_98']
number opened: 3
TRIAL 19
Action chosen: (yellow5, blue)
Outcome: True
partcle ids: ['generator_99', 'generator_99', 'generator_99', 'generator_93', 'generator_100', 'generator_77', 'generator_99', 'generator_93', 'number_match', 'generator_92', 'generator_92', 'generator_93', 'generator_92', 'generator_100', 'number_match', 'generator_101', 'generator_100', 'generator_77', 'generator_93', 'generator_77', 'generator_93', 'generator_101', 'generator_92', 'number_match', 'number_match', 'generator_102', 'number_match', 'generator_93', 'generator_101', 'generator_103']
number opened: 4
TRIAL 20
Action chosen: (purple, purple)
Outcome: False
partcle ids: ['generator_99', 'generator_99', 'generator_99', 'generator_93', 'generator_100', 'generator_77', 'generator_99', 'generator_93', 'number_match', 'generator_92', 'generator_92', 'generator_93', 'generator_92', 'generator_100', 'number_match', 'generator_101', 'generator_100', 'generator_77', 'generator_93', 'generator_77', 'generator_93', 'generator_101', 'generator_92', 'number_match', 'number_match', 'generator_102', 'number_match', 'generator_93', 'generator_101', 'generator_103']
number opened: 4
TRIAL 21
Action chosen: (green3, purple)
Outcome: True
partcle ids: ['number_match', 'number_match', 'number_match', 'number_match', 'number_match', 'number_match', 'number_match', 'number_match', 'number_match', 'number_match', 'number_match', 'number_match', 'number_match', 'number_match', 'number_match', 'number_match', 'number_match', 'number_match', 'number_match', 'number_match', 'number_match', 'number_match', 'number_match', 'number_match', 'number_match', 'number_match', 'number_match', 'number_match', 'number_match', 'number_match']
number opened: 5
{"attempts": 21, "unique_key_box_pairs": 16, "revisit_attempts": 5, "revisit_rate": 0.25, "attempts_before_abandoning_color_matching": 2, "color_matching_abandoned": true}
