{"Child_ID": "D025", "SoC_variant": "SoC-Full", "theta": [1, 3], "p_gen": 0.7, "true_prior": 0.02, "run_number": 82, "seed": 7959348852811802744}
TRIAL 1
Action chosen: (red, red)
Outcome: True
partcle ids: ['generator_23', 'generator_24', 'generator_9', 'number_match', 'generator_10', 'generator_25', 'generator_26', 'generator_27', 'generator_28', 'generator_29', 'generator_23', 'similar_color_3', 'generator_30', 'similar_color_10', 'generator_31', 'number_match', 'generator_32', 'generator_33', 'generator_34', 'generator_35', 'generator_36', 'similar_color_10', 'generator_37', 'generator_38', 'generator_39', 'generator_9', 'generator_40', 'generator_41', 'similar_color_7', 'similar_color_4']
number opened: 1
TRIAL 2
Action chosen: (pink, pink)
Outcome: False
partcle ids: ['generator_23', 'generator_24', 'generator_9', 'number_match', 'generator_10', 'generator_25', 'generator_26', 'generator_27', 'generator_28', 'generator_29', 'generator_23', 'similar_color_3', 'generator_30', 'similar_color_10', 'generator_31', 'number_match', 'generator_32', 'generator_33', 'generator_34', 'generator_35', 'generator_36', 'similar_color_10', 'generator_37', 'generator_38', 'generator_39', 'generator_9', 'generator_40', 'generator_41', 'similar_color_7', 'similar_color_4']
number opened: 1
TRIAL 3
Action chosen: (yellow5, blue)
Outcome: True
partcle ids: ['generator_42', 'generator_43', 'generator_44', 'generator_45', 'generator_9', 'generator_47', 'generator_9', 'generator_49', 'generator_50', 'generator_51', 'generator_52', 'generator_53', 'generator_54', 'generator_55', 'generator_9', 'generator_57', 'generator_58', 'generator_59', 'generator_60', 'generator_61', 'generator_62', 'generator_63', 'generator_64', 'generator_65', 'generator_66', 'generator_67', 'generator_68', 'generator_40', 'generator_69', 'generator_70']
number opened: 2
TRIAL 4
Action chosen: (cloud, white)
Outcome: False
partcle ids: ['generator_42', 'generator_43', 'generator_44', 'generator_45', 'generator_9', 'generator_47', 'generator_9', 'generator_49', 'generator_50', 'generator_51', 'generator_52', 'generator_53', 'generator_54', 'generator_55', 'generator_9', 'generator_57', 'generator_58', 'generator_59', 'generator_60', 'generator_61', 'generator_62', 'generator_63', 'generator_64', 'generator_65', 'generator_66', 'generator_67', 'generator_68', 'generator_40', 'generator_69', 'generator_70']
number opened: 2
TRIAL 5
Action chosen: (purple, pink)
Outcome: False
partcle ids: ['generator_42', 'generator_43', 'generator_44', 'generator_45', 'generator_9', 'generator_47', 'generator_9', 'generator_49', 'generator_50', 'generator_51', 'generator_52', 'generator_53', 'generator_54', 'generator_55', 'generator_9', 'generator_57', 'generator_58', 'generator_59', 'generator_60', 'generator_61', 'generator_62', 'generator_63', 'generator_64', 'generator_65', 'generator_66', 'generator_67', 'generator_68', 'generator_40', 'generator_69', 'generator_70']
number opened: 2
TRIAL 6
Action chosen: (diamond, pink)
Outcome: False
partcle ids: ['generator_42', 'generator_43', 'generator_44', 'generator_45', 'generator_9', 'generator_47', 'generator_9', 'generator_49', 'generator_50', 'generator_51', 'generator_52', 'generator_53', 'generator_54', 'generator_55', 'generator_9', 'generator_57', 'generator_58', 'generator_59', 'generator_60', 'generator_61', 'generator_62', 'generator_63', 'generator_64', 'generator_65', 'generator_66', 'generator_67', 'generator_68', 'generator_40', 'generator_69', 'generator_70']
number opened: 2
TRIAL 7
Action chosen: (heart, pink)
Outcome: False
partcle ids: ['generator_42', 'generator_43', 'generator_44', 'generator_45', 'generator_9', 'generator_47', 'generator_9', 'generator_49', 'generator_50', 'generator_51', 'generator_52', 'generator_53', 'generator_54', 'generator_55', 'generator_9', 'generator_57', 'generator_58', 'generator_59', 'generator_60', 'generator_61', 'generator_62', 'generator_63', 'generator_64', 'generator_65', 'generator_66', 'generator_67', 'generator_68', 'generator_40', 'generator_69', 'generator_70']
number opened: 2
TRIAL 8
Action chosen: (grey2, white)
Outcome: False
partcle ids: ['generator_42', 'generator_43', 'generator_44', 'generator_45', 'generator_9', 'generator_47', 'generator_9', 'generator_49', 'generator_50', 'generator_51', 'generator_52', 'generator_53', 'generator_54', 'generator_55', 'generator_9', 'generator_57', 'generator_58', 'generator_59', 'generator_60', 'generator_61', 'generator_62', 'generator_63', 'generator_64', 'generator_65', 'generator_66', 'generator_67', 'generator_68', 'generator_40', 'generator_69', 'generator_70']
number opened: 2
TRIAL 9
Action chosen: (diamond, purple)
Outcome: False
partcle ids: ['generator_42', 'generator_43', 'generator_44', 'generator_45', 'generator_9', 'generator_47', 'generator_9', 'generator_49', 'generator_50', 'generator_51', 'generator_52', 'generator_53', 'generator_54', 'generator_55', 'generator_9', 'generator_57', 'generator_58', 'generator_59', 'generator_60', 'generator_61', 'generator_62', 'generator_63', 'generator_64', 'generator_65', 'generator_66', 'generator_67', 'generator_68', 'generator_40', 'generator_69', 'generator_70']
number opened: 2
TRIAL 10
Action chosen: (purple, white)
Outcome: False
partcle ids: ['generator_42', 'generator_43', 'generator_44', 'generator_45', 'generator_9', 'generator_47', 'generator_9', 'generator_49', 'generator_50', 'generator_51', 'generator_52', 'generator_53', 'generator_54', 'generator_55', 'generator_9', 'generator_57', 'generator_58', 'generator_59', 'generator_60', 'generator_61', 'generator_62', 'generator_63', 'generator_64', 'generator_65', 'generator_66', 'generator_67', 'generator_68', 'generator_40', 'generator_69', 'generator_70']
number opened: 2
TRIAL 11
Action chosen: (cloud, white)
Outcome: False
partcle ids: ['generator_42', 'generator_43', 'generator_44', 'generator_45', 'generator_9', 'generator_47', 'generator_9', 'generator_49', 'generator_50', 'generator_51', 'generator_52', 'generator_53', 'generator_54', 'generator_55', 'generator_9', 'generator_57', 'generator_58', 'generator_59', 'generator_60', 'generator_61', 'generator_62', 'generator_63', 'generator_64', 'generator_65', 'generator_66', 'generator_67', 'generator_68', 'generator_40', 'generator_69', 'generator_70']
number opened: 2
TRIAL 12
Action chosen: (grey2, purple)
Outcome: False
partcle ids: ['generator_42', 'generator_43', 'generator_44', 'generator_45', 'generator_9', 'generator_47', 'generator_9', 'generator_49', 'generator_50', 'generator_51', 'generator_52', 'generator_53', 'generator_54', 'generator_55', 'generator_9', 'generator_57', 'generator_58', 'generator_59', 'generator_60', 'generator_61', 'generator_62', 'generator_63', 'generator_64', 'generator_65', 'generator_66', 'generator_67', 'generator_68', 'generator_40', 'generator_69', 'generator_70']
number opened: 2
TRIAL 13
Action chosen: (cloud, purple)
Outcome: False
partcle ids: ['generator_42', 'generator_43', 'generator_44', 'generator_45', 'generator_9', 'generator_47', 'generator_9', 'generator_49', 'generator_50', 'generator_51', 'generator_52', 'generator_53', 'generator_54', 'generator_55', 'generator_9', 'generator_57', 'generator_58', 'generator_59', 'generator_60', 'generator_61', 'generator_62', 'generator_63', 'generator_64', 'generator_65', 'generator_66', 'generator_67', 'generator_68', 'generator_40', 'generator_69', 'generator_70']
number opened: 2
TRIAL 14
Action chosen: (diamond, purple)
Outcome: False
partcle ids: ['generator_42', 'generator_43', 'generator_44', 'generator_45', 'generator_9', 'generator_47', 'generator_9', 'generator_49', 'generator_50', 'generator_51', 'generator_52', 'generator_53', 'generator_54', 'generator_55', 'generator_9', 'generator_57', 'generator_58', 'generator_59', 'generator_60', 'generator_61', 'generator_62', 'generator_63', 'generator_64', 'generator_65', 'generator_66', 'generator_67', 'generator_68', 'generator_40', 'generator_69', 'generator_70']
number opened: 2
TRIAL 15
Action chosen: (grey2, white)
Outcome: False
partcle ids: ['generator_42', 'generator_43', 'generator_44', 'generator_45', 'generator_9', 'generator_47', 'generator_9', 'generator_49', 'generator_50', 'generator_51', 'generator_52', 'generator_53', 'generator_54', 'generator_55', 'generator_9', 'generator_57', 'generator_58', 'generator_59', 'generator_60', 'generator_61', 'generator_62', 'generator_63', 'generator_64', 'generator_65', 'generator_66', 'generator_67', 'generator_68', 'generator_40', 'generator_69', 'generator_70']
number opened: 2
TRIAL 16
Action chosen: (orange4, pink)
Outcome: False
partcle ids: ['generator_42', 'generator_43', 'generator_44', 'generator_45', 'generator_9', 'generator_47', 'generator_9', 'generator_49', 'generator_50', 'generator_51', 'generator_52', 'generator_53', 'generator_54', 'generator_55', 'generator_9', 'generator_57', 'generator_58', 'generator_59', 'generator_60', 'generator_61', 'generator_62', 'generator_63', 'generator_64', 'generator_65', 'generator_66', 'generator_67', 'generator_68', 'generator_40', 'generator_69', 'generator_70']
number opened: 2
TRIAL 17
Action chosen: (purple, pink)
Outcome: False
partcle ids: ['generator_42', 'generator_43', 'generator_44', 'generator_45', 'generator_9', 'generator_47', 'generator_9', 'generator_49', 'generator_50', 'generator_51', 'generator_52', 'generator_53', 'generator_54', 'generator_55', 'generator_9', 'generator_57', 'generator_58', 'generator_59', 'generator_60', 'generator_61', 'generator_62', 'generator_63', 'generator_64', 'generator_65', 'generator_66', 'generator_67', 'generator_68', 'generator_40', 'generator_69', 'generator_70']
number opened: 2
TRIAL 18
Action chosen: (purple, white)
Outcome: False
partcle ids: ['generator_42', 'generator_43', 'generator_44', 'generator_45', 'generator_9', 'generator_47', 'generator_9', 'generator_49', 'generator_50', 'generator_51', 'generator_52', 'generator_53', 'generator_54', 'generator_55', 'generator_9', 'generator_57', 'generator_58', 'generator_59', 'generator_60', 'generator_61', 'generator_62', 'generator_63', 'generator_64', 'generator_65', 'generator_66', 'generator_67', 'generator_68', 'generator_40', 'generator_69', 'generator_70']
number opened: 2
TRIAL 19
Action chosen: (heart, pink)
Outcome: False
partcle ids: ['generator_42', 'generator_43', 'generator_44', 'generator_45', 'generator_9', 'generator_47', 'generator_9', 'generator_49', 'generator_50', 'generator_51', 'generator_52', 'generator_53', 'generator_54', 'generator_55', 'generator_9', 'generator_57', 'generator_58', 'generator_59', 'generator_60', 'generator_61', 'generator_62', 'generator_63', 'generator_64', 'generator_65', 'generator_66', 'generator_67', 'generator_68', 'generator_40', 'generator_69', 'generator_70']
number opened: 2
TRIAL 20
Action chosen: (triangle, pink)
Outcome: False
partcle ids: ['generator_42', 'generator_43', 'generator_44', 'generator_45', 'generator_9', 'generator_47', 'generator_9', 'generator_49', 'generator_50', 'generator_51', 'generator_52', 'generator_53', 'generator_54', 'generator_55', 'generator_9', 'generator_57', 'generator_58', 'generator_59', 'generator_60', 'generator_61', 'generator_62', 'generator_63', 'generator_64', 'generator_65', 'generator_66', 'generator_67', 'generator_68', 'generator_40', 'generator_69', 'generator_70']
number opened: 2
TRIAL 21
Action chosen: (cloud, white)
Outcome: False
partcle ids: ['generator_42', 'generator_43', 'generator_44', 'generator_45', 'generator_9', 'generator_47', 'generator_9', 'generator_49', 'generator_50', 'generator_51', 'generator_52', 'generator_53', 'generator_54', 'generator_55', 'generator_9', 'generator_57', 'generator_58', 'generator_59', 'generator_60', 'generator_61', 'generator_62', 'generator_63', 'generator_64', 'generator_65', 'generator_66', 'generator_67', 'generator_68', 'generator_40', 'generator_69', 'generator_70']
number opened: 2
TRIAL 22
Action chosen: (diamond, pink)
Outcome: False
partcle ids: ['generator_42', 'generator_43', 'generator_44', 'generator_45', 'generator_9', 'generator_47', 'generator_9', 'generator_49', 'generator_50', 'generator_51', 'generator_52', 'generator_53', 'generator_54', 'generator_55', 'generator_9', 'generator_57', 'generator_58', 'generator_59', 'generator_60', 'generator_61', 'generator_62', 'generator_63', 'generator_64', 'generator_65', 'generator_66', 'generator_67', 'generator_68', 'generator_40', 'generator_69', 'generator_70']
number opened: 2
TRIAL 23
Action chosen: (grey2, purple)
Outcome: False
partcle ids: ['generator_42', 'generator_43', 'generator_44', 'generator_45', 'generator_9', 'generator_47', 'generator_9', 'generator_49', 'generator_50', 'generator_51', 'generator_52', 'generator_53', 'generator_54', 'generator_55', 'generator_9', 'generator_57', 'generator_58', 'generator_59', 'generator_60', 'generator_61', 'generator_62', 'generator_63', 'generator_64', 'generator_65', 'generator_66', 'generator_67', 'generator_68', 'generator_40', 'generator_69', 'generator_70']
number opened: 2
TRIAL 24
Action chosen: (white, white)
Outcome: False
partcle ids: ['generator_42', 'generator_43', 'generator_44', 'generator_45', 'generator_9', 'generator_47', 'generator_9', 'generator_49', 'generator_50', 'generator_51', 'generator_52', 'generator_53', 'generator_54', 'generator_55', 'generator_9', 'generator_57', 'generator_58', 'generator_59', 'generator_60', 'generator_61', 'generator_62', 'generator_63', 'generator_64', 'generator_65', 'generator_66', 'generator_67', 'generator_68', 'generator_40', 'generator_69', 'generator_70']
number opened: 2
TRIAL 25
Action chosen: (grey2, white)
Outcome: False
partcle ids: ['generator_42', 'generator_43', 'generator_44', 'generator_45', 'generator_9', 'generator_47', 'generator_9', 'generator_49', 'generator_50', 'generator_51', 'generator_52', 'generator_53', 'generator_54', 'generator_55', 'generator_9', 'generator_57', 'generator_58', 'generator_59', 'generator_60', 'generator_61', 'generator_62', 'generator_63', 'generator_64', 'generator_65', 'generator_66', 'generator_67', 'generator_68', 'generator_40', 'generator_69', 'generator_70']
number opened: 2
TRIAL 26
Action chosen: (orange4, white)
Outcome: True
partcle ids: ['generator_71', 'generator_72', 'generator_71', 'generator_73', 'generator_74', 'generator_75', 'generator_76', 'generator_76', 'generator_77', 'generator_78', 'generator_79', 'generator_80', 'generator_81', 'generator_82', 'generator_83', 'generator_84', 'generator_85', 'generator_86', 'generator_87', 'generator_88', 'generator_89', 'generator_90', 'generator_74', 'generator_85', 'generator_91', 'generator_87', 'generator_68', 'generator_92', 'generator_93', 'generator_65']
number opened: 3
TRIAL 27
Action chosen: (grey2, purple)
Outcome: False
partcle ids: ['generator_71', 'generator_72', 'generator_71', 'generator_73', 'generator_74', 'generator_75', 'generator_76', 'generator_76', 'generator_77', 'generator_78', 'generator_79', 'generator_80', 'generator_81', 'generator_82', 'generator_83', 'generator_84', 'generator_85', 'generator_86', 'generator_87', 'generator_88', 'generator_89', 'generator_90', 'generator_74', 'generator_85', 'generator_91', 'generator_87', 'generator_68', 'generator_92', 'generator_93', 'generator_65']
number opened: 3
TRIAL 28
Action chosen: (white, purple)
Outcome: False
partcle ids: ['generator_71', 'generator_72', 'generator_71', 'generator_73', 'generator_74', 'generator_75', 'generator_76', 'generator_76', 'generator_77', 'generator_78', 'generator_79', 'generator_80', 'generator_81', 'generator_82', 'generator_83', 'generator_84', 'generator_85', 'generator_86', 'generator_87', 'generator_88', 'generator_89', 'generator_90', 'generator_74', 'generator_85', 'generator_91', 'generator_87', 'generator_68', 'generator_92', 'generator_93', 'generator_65']
number opened: 3
TRIAL 29
Action chosen: (green3, purple)
Outcome: True
partcle ids: ['generator_76', 'generator_76', 'generator_94', 'generator_75', 'generator_95', 'generator_96', 'generator_82', 'generator_96', 'generator_97', 'generator_76', 'generator_76', 'generator_75', 'generator_97', 'generator_96', 'generator_97', 'generator_94', 'generator_76', 'generator_89', 'generator_95', 'generator_76', 'generator_76', 'number_match', 'generator_76', 'generator_96', 'generator_76', 'generator_89', 'generator_97', 'generator_76', 'generator_94', 'generator_94']
number opened: 4
TRIAL 30
Action chosen: (white, pink)
Outcome: False
partcle ids: ['generator_76', 'generator_76', 'generator_94', 'generator_75', 'generator_95', 'generator_96', 'generator_82', 'generator_96', 'generator_97', 'generator_76', 'generator_76', 'generator_75', 'generator_97', 'generator_96', 'generator_97', 'generator_94', 'generator_76', 'generator_89', 'generator_95', 'generator_76', 'generator_76', 'number_match', 'generator_76', 'generator_96', 'generator_76', 'generator_89', 'generator_97', 'generator_76', 'generator_94', 'generator_94']
number opened: 4
TRIAL 31
Action chosen: (white, pink)
Outcome: False
partcle ids: ['generator_76', 'generator_76', 'generator_94', 'generator_75', 'generator_95', 'generator_96', 'generator_82', 'generator_96', 'generator_97', 'generator_76', 'generator_76', 'generator_75', 'generator_97', 'generator_96', 'generator_97', 'generator_94', 'generator_76', 'generator_89', 'generator_95', 'generator_76', 'generator_76', 'number_match', 'generator_76', 'generator_96', 'generator_76', 'generator_89', 'generator_97', 'generator_76', 'generator_94', 'generator_94']
number opened: 4
TRIAL 32
Action chosen: (pink, pink)
Outcome: False
partcle ids: ['generator_76', 'generator_76', 'generator_94', 'generator_75', 'generator_95', 'generator_96', 'generator_82', 'generator_96', 'generator_97', 'generator_76', 'generator_76', 'generator_75', 'generator_97', 'generator_96', 'generator_97', 'generator_94', 'generator_76', 'generator_89', 'generator_95', 'generator_76', 'generator_76', 'number_match', 'generator_76', 'generator_96', 'generator_76', 'generator_89', 'generator_97', 'generator_76', 'generator_94', 'generator_94']
number opened: 4
TRIAL 33
Action chosen: (blue, pink)
Outcome: False
partcle ids: ['generator_76', 'generator_76', 'generator_94', 'generator_75', 'generator_95', 'generator_96', 'generator_82', 'generator_96', 'generator_97', 'generator_76', 'generator_76', 'generator_75', 'generator_97', 'generator_96', 'generator_97', 'generator_94', 'generator_76', 'generator_89', 'generator_95', 'generator_76', 'generator_76', 'number_match', 'generator_76', 'generator_96', 'generator_76', 'generator_89', 'generator_97', 'generator_76', 'generator_94', 'generator_94']
number opened: 4
TRIAL 34
Action chosen: (cloud, pink)
Outcome: False
partcle ids: ['generator_76', 'generator_76', 'generator_94', 'generator_75', 'generator_95', 'generator_96', 'generator_82', 'generator_96', 'generator_97', 'generator_76', 'generator_76', 'generator_75', 'generator_97', 'generator_96', 'generator_97', 'generator_94', 'generator_76', 'generator_89', 'generator_95', 'generator_76', 'generator_76', 'number_match', 'generator_76', 'generator_96', 'generator_76', 'generator_89', 'generator_97', 'generator_76', 'generator_94', 'generator_94']
number opened: 4
TRIAL 35
Action chosen: (triangle, pink)
Outcome: False
partcle ids: ['generator_76', 'generator_76', 'generator_94', 'generator_75', 'generator_95', 'generator_96', 'generator_82', 'generator_96', 'generator_97', 'generator_76', 'generator_76', 'generator_75', 'generator_97', 'generator_96', 'generator_97', 'generator_94', 'generator_76', 'generator_89', 'generator_95', 'generator_76', 'generator_76', 'number_match', 'generator_76', 'generator_96', 'generator_76', 'generator_89', 'generator_97', 'generator_76', 'generator_94', 'generator_94']
number opened: 4
TRIAL 36
Action chosen: (heart, pink)
Outcome: False
partcle ids: ['generator_76', 'generator_76', 'generator_94', 'generator_75', 'generator_95', 'generator_96', 'generator_82', 'generator_96', 'generator_97', 'generator_76', 'generator_76', 'generator_75', 'generator_97', 'generator_96', 'generator_97', 'generator_94', 'generator_76', 'generator_89', 'generator_95', 'generator_76', 'generator_76', 'number_match', 'generator_76', 'generator_96', 'generator_76', 'generator_89', 'generator_97', 'generator_76', 'generator_94', 'generator_94']
number opened: 4
TRIAL 37
Action chosen: (purple, pink)
Outcome: False
partcle ids: ['generator_76', 'generator_76', 'generator_94', 'generator_75', 'generator_95', 'generator_96', 'generator_82', 'generator_96', 'generator_97', 'generator_76', 'generator_76', 'generator_75', 'generator_97', 'generator_96', 'generator_97', 'generator_94', 'generator_76', 'generator_89', 'generator_95', 'generator_76', 'generator_76', 'number_match', 'generator_76', 'generator_96', 'generator_76', 'generator_89', 'generator_97', 'generator_76', 'generator_94', 'generator_94']
number opened: 4
TRIAL 38
Action chosen: (white, pink)
Outcome: False
partcle ids: ['generator_76', 'generator_76', 'generator_94', 'generator_75', 'generator_95', 'generator_96', 'generator_82', 'generator_96', 'generator_97', 'generator_76', 'generator_76', 'generator_75', 'generator_97', 'generator_96', 'generator_97', 'generator_94', 'generator_76', 'generator_89', 'generator_95', 'generator_76', 'generator_76', 'number_match', 'generator_76', 'generator_96', 'generator_76', 'generator_89', 'generator_97', 'generator_76', 'generator_94', 'generator_94']
number opened: 4
TRIAL 39
Action chosen: (cloud, pink)
Outcome: False
partcle ids: ['generator_76', 'generator_76', 'generator_94', 'generator_75', 'generator_95', 'generator_96', 'generator_82', 'generator_96', 'generator_97', 'generator_76', 'generator_76', 'generator_75', 'generator_97', 'generator_96', 'generator_97', 'generator_94', 'generator_76', 'generator_89', 'generator_95', 'generator_76', 'generator_76', 'number_match', 'generator_76', 'generator_96', 'generator_76', 'generator_89', 'generator_97', 'generator_76', 'generator_94', 'generator_94']
number opened: 4
TRIAL 40
Action chosen: (blue, pink)
Outcome: False
partcle ids: ['generator_76', 'generator_76', 'generator_94', 'generator_75', 'generator_95', 'generator_96', 'generator_82', 'generator_96', 'generator_97', 'generator_76', 'generator_76', 'generator_75', 'generator_97', 'generator_96', 'generator_97', 'generator_94', 'generator_76', 'generator_89', 'generator_95', 'generator_76', 'generator_76', 'number_match', 'generator_76', 'generator_96', 'generator_76', 'generator_89', 'generator_97', 'generator_76', 'generator_94', 'generator_94']
number opened: 4
TRIAL 41
Action chosen: (pink, pink)
Outcome: False
partcle ids: ['generator_76', 'generator_76', 'generator_94', 'generator_75', 'generator_95', 'generator_96', 'generator_82', 'generator_96', 'generator_97', 'generator_76', 'generator_76', 'generator_75', 'generator_97', 'generator_96', 'generator_97', 'generator_94', 'generator_76', 'generator_89', 'generator_95', 'generator_76', 'generator_76', 'number_match', 'generator_76', 'generator_96', 'generator_76', 'generator_89', 'generator_97', 'generator_76', 'generator_94', 'generator_94']
number opened: 4
TRIAL 42
Action chosen: (diamond, pink)
Outcome: False
partcle ids: ['generator_76', 'generator_76', 'generator_94', 'generator_75', 'generator_95', 'generator_96', 'generator_82', 'generator_96', 'generator_97', 'generator_76', 'generator_76', 'generator_75', 'generator_97', 'generator_96', 'generator_97', 'generator_94', 'generator_76', 'generator_89', 'generator_95', 'generator_76', 'generator_76', 'number_match', 'generator_76', 'generator_96', 'generator_76', 'generator_89', 'generator_97', 'generator_76', 'generator_94', 'generator_94']
number opened: 4
TRIAL 43
Action chosen: (grey2, pink)
Outcome: True
partcle ids: ['number_match', 'number_match', 'number_match', 'number_match', 'number_match', 'number_match', 'number_match', 'number_match', 'number_match', 'number_match', 'number_match', 'number_match', 'number_match', 'number_match', 'number_match', 'number_match', 'number_match', 'number_match', 'number_match', 'number_match', 'number_match', 'number_match', 'number_match', 'number_match', 'number_match', 'number_match', 'number_match', 'number_match', 'number_match', 'number_match']
number opened: 5
{"attempts": 43, "unique_key_box_pairs": 22, "revisit_attempts": 21, "revisit_rate": 0.5, "attempts_before_abandoning_color_matching": 2, "color_matching_abandoned": true}
