{"Child_ID": "D025", "SoC_variant": "SoC-Full", "theta": [1, 3], "p_gen": 0.7, "true_prior": 0.02, "run_number": 65, "seed": 2283150563142001408}
TRIAL 1
Action chosen: (red, red)
Outcome: True
partcle ids: ['similar_color_2', 'generator_21', 'generator_22', 'generator_23', 'generator_24', 'generator_25', 'generator_26', 'similar_color_5', 'similar_color_5', 'similar_color_7', 'generator_27', 'generator_28', 'generator_9', 'generator_29', 'generator_30', 'order_match', 'generator_31', 'number_match', 'generator_32', 'generator_33', 'similar_color_5', 'generator_34', 'generator_35', 'generator_36', 'generator_37', 'generator_38', 'similar_color_9', 'generator_39', 'order_match', 'color_match']
number opened: 1
TRIAL 2
Action chosen: (purple, purple)
Outcome: False
partcle ids: ['similar_color_2', 'generator_21', 'generator_22', 'generator_23', 'generator_24', 'generator_25', 'generator_26', 'similar_color_5', 'similar_color_5', 'similar_color_7', 'generator_27', 'generator_28', 'generator_9', 'generator_29', 'generator_30', 'order_match', 'generator_31', 'number_match', 'generator_32', 'generator_33', 'similar_color_5', 'generator_34', 'generator_35', 'generator_36', 'generator_37', 'generator_38', 'similar_color_9', 'generator_39', 'order_match', 'color_match']
number opened: 1
TRIAL 3
Action chosen: (purple, purple)
Outcome: False
partcle ids: ['similar_color_2', 'generator_21', 'generator_22', 'generator_23', 'generator_24', 'generator_25', 'generator_26', 'similar_color_5', 'similar_color_5', 'similar_color_7', 'generator_27', 'generator_28', 'generator_9', 'generator_29', 'generator_30', 'order_match', 'generator_31', 'number_match', 'generator_32', 'generator_33', 'similar_color_5', 'generator_34', 'generator_35', 'generator_36', 'generator_37', 'generator_38', 'similar_color_9', 'generator_39', 'order_match', 'color_match']
number opened: 1
TRIAL 4
Action chosen: (yellow5, purple)
Outcome: False
partcle ids: ['similar_color_2', 'generator_21', 'generator_22', 'generator_23', 'generator_24', 'generator_25', 'generator_26', 'similar_color_5', 'similar_color_5', 'similar_color_7', 'generator_27', 'generator_28', 'generator_9', 'generator_29', 'generator_30', 'order_match', 'generator_31', 'number_match', 'generator_32', 'generator_33', 'similar_color_5', 'generator_34', 'generator_35', 'generator_36', 'generator_37', 'generator_38', 'similar_color_9', 'generator_39', 'order_match', 'color_match']
number opened: 1
TRIAL 5
Action chosen: (white, white)
Outcome: False
partcle ids: ['similar_color_2', 'generator_21', 'generator_22', 'generator_23', 'generator_24', 'generator_25', 'generator_26', 'similar_color_5', 'similar_color_5', 'similar_color_7', 'generator_27', 'generator_28', 'generator_9', 'generator_29', 'generator_30', 'order_match', 'generator_31', 'number_match', 'generator_32', 'generator_33', 'similar_color_5', 'generator_34', 'generator_35', 'generator_36', 'generator_37', 'generator_38', 'similar_color_9', 'generator_39', 'order_match', 'color_match']
number opened: 1
TRIAL 6
Action chosen: (purple, purple)
Outcome: False
partcle ids: ['similar_color_2', 'generator_21', 'generator_22', 'generator_23', 'generator_24', 'generator_25', 'generator_26', 'similar_color_5', 'similar_color_5', 'similar_color_7', 'generator_27', 'generator_28', 'generator_9', 'generator_29', 'generator_30', 'order_match', 'generator_31', 'number_match', 'generator_32', 'generator_33', 'similar_color_5', 'generator_34', 'generator_35', 'generator_36', 'generator_37', 'generator_38', 'similar_color_9', 'generator_39', 'order_match', 'color_match']
number opened: 1
TRIAL 7
Action chosen: (grey2, pink)
Outcome: True
partcle ids: ['generator_40', 'generator_41', 'generator_42', 'generator_43', 'generator_44', 'number_match', 'generator_45', 'generator_46', 'generator_47', 'generator_48', 'generator_49', 'generator_50', 'generator_51', 'generator_52', 'generator_53', 'generator_54', 'generator_55', 'generator_56', 'generator_57', 'generator_58', 'generator_59', 'number_match', 'generator_60', 'generator_61', 'generator_62', 'generator_63', 'generator_64', 'generator_65', 'generator_66', 'generator_67']
number opened: 2
TRIAL 8
Action chosen: (green3, purple)
Outcome: True
partcle ids: ['generator_68', 'generator_69', 'generator_55', 'generator_70', 'generator_71', 'generator_72', 'generator_73', 'generator_74', 'generator_75', 'generator_76', 'generator_77', 'generator_78', 'generator_40', 'generator_80', 'generator_40', 'generator_75', 'generator_81', 'generator_82', 'generator_83', 'generator_84', 'generator_85', 'generator_86', 'generator_87', 'generator_88', 'generator_89', 'generator_90', 'generator_91', 'generator_92', 'generator_91', 'generator_93']
number opened: 3
TRIAL 9
Action chosen: (heart, blue)
Outcome: False
partcle ids: ['generator_68', 'generator_69', 'generator_55', 'generator_70', 'generator_71', 'generator_72', 'generator_73', 'generator_74', 'generator_75', 'generator_76', 'generator_77', 'generator_78', 'generator_40', 'generator_80', 'generator_40', 'generator_75', 'generator_81', 'generator_82', 'generator_83', 'generator_84', 'generator_85', 'generator_86', 'generator_87', 'generator_88', 'generator_89', 'generator_90', 'generator_91', 'generator_92', 'generator_91', 'generator_93']
number opened: 3
TRIAL 10
Action chosen: (orange4, white)
Outcome: True
partcle ids: ['generator_94', 'generator_94', 'generator_91', 'generator_95', 'generator_84', 'number_match', 'generator_95', 'generator_91', 'generator_91', 'generator_84', 'generator_91', 'generator_91', 'generator_69', 'generator_91', 'generator_84', 'generator_91', 'generator_84', 'generator_74', 'generator_95', 'number_match', 'generator_74', 'generator_78', 'generator_91', 'number_match', 'generator_94', 'generator_94', 'generator_96', 'generator_96', 'generator_78', 'generator_84']
number opened: 4
TRIAL 11
Action chosen: (cloud, blue)
Outcome: False
partcle ids: ['generator_94', 'generator_94', 'generator_91', 'generator_95', 'generator_84', 'number_match', 'generator_95', 'generator_91', 'generator_91', 'generator_84', 'generator_91', 'generator_91', 'generator_69', 'generator_91', 'generator_84', 'generator_91', 'generator_84', 'generator_74', 'generator_95', 'number_match', 'generator_74', 'generator_78', 'generator_91', 'number_match', 'generator_94', 'generator_94', 'generator_96', 'generator_96', 'generator_78', 'generator_84']
number opened: 4
TRIAL 12
Action chosen: (blue, blue)
Outcome: False
partcle ids: ['generator_94', 'generator_94', 'generator_91', 'generator_95', 'generator_84', 'number_match', 'generator_95', 'generator_91', 'generator_91', 'generator_84', 'generator_91', 'generator_91', 'generator_69', 'generator_91', 'generator_84', 'generator_91', 'generator_84', 'generator_74', 'generator_95', 'number_match', 'generator_74', 'generator_78', 'generator_91', 'number_match', 'generator_94', 'generator_94', 'generator_96', 'generator_96', 'generator_78', 'generator_84']
number opened: 4
TRIAL 13
Action chosen: (triangle, blue)
Outcome: False
partcle ids: ['generator_94', 'generator_94', 'generator_91', 'generator_95', 'generator_84', 'number_match', 'generator_95', 'generator_91', 'generator_91', 'generator_84', 'generator_91', 'generator_91', 'generator_69', 'generator_91', 'generator_84', 'generator_91', 'generator_84', 'generator_74', 'generator_95', 'number_match', 'generator_74', 'generator_78', 'generator_91', 'number_match', 'generator_94', 'generator_94', 'generator_96', 'generator_96', 'generator_78', 'generator_84']
number opened: 4
TRIAL 14
Action chosen: (cloud, blue)
Outcome: False
partcle ids: ['generator_94', 'generator_94', 'generator_91', 'generator_95', 'generator_84', 'number_match', 'generator_95', 'generator_91', 'generator_91', 'generator_84', 'generator_91', 'generator_91', 'generator_69', 'generator_91', 'generator_84', 'generator_91', 'generator_84', 'generator_74', 'generator_95', 'number_match', 'generator_74', 'generator_78', 'generator_91', 'number_match', 'generator_94', 'generator_94', 'generator_96', 'generator_96', 'generator_78', 'generator_84']
number opened: 4
TRIAL 15
Action chosen: (purple, blue)
Outcome: False
partcle ids: ['generator_94', 'generator_94', 'generator_91', 'generator_95', 'generator_84', 'number_match', 'generator_95', 'generator_91', 'generator_91', 'generator_84', 'generator_91', 'generator_91', 'generator_69', 'generator_91', 'generator_84', 'generator_91', 'generator_84', 'generator_74', 'generator_95', 'number_match', 'generator_74', 'generator_78', 'generator_91', 'number_match', 'generator_94', 'generator_94', 'generator_96', 'generator_96', 'generator_78', 'generator_84']
number opened: 4
TRIAL 16
Action chosen: (yellow5, blue)
Outcome: True
partcle ids: ['number_match', 'number_match', 'number_match', 'number_match', 'number_match', 'number_match', 'number_match', 'number_match', 'number_match', 'number_match', 'number_match', 'number_match', 'number_match', 'number_match', 'number_match', 'number_match', 'number_match', 'number_match', 'number_match', 'number_match', 'number_match', 'number_match', 'number_match', 'number_match', 'number_match', 'number_match', 'number_match', 'number_match', 'number_match', 'number_match']
number opened: 5
{"attempts": 16, "unique_key_box_pairs": 13, "revisit_attempts": 3, "revisit_rate": 0.2, "attempts_before_abandoning_color_matching": 3, "color_matching_abandoned": true}
