{"Child_ID": "D050", "SoC_variant": "SoC-Gen", "theta": [19, 1], "p_gen": 0.6, "true_prior": 0.02, "run_number": 22, "seed": 2416862830776129455}
TRIAL 1
Action chosen: (red, red)
Outcome: True
partcle ids: ['generator_21', 'generator_22', 'similar_color_10', 'similar_color_7', 'similar_color_13', 'similar_color_7', 'generator_14', 'similar_color_8', 'generator_23', 'generator_24', 'generator_25', 'generator_26', 'similar_color_1', 'similar_color_14', 'generator_27', 'generator_28', 'generator_14', 'generator_29', 'similar_color_10', 'similar_color_3', 'similar_color_2', 'generator_14', 'generator_30', 'generator_14', 'similar_color_6', 'generator_9', 'similar_color_12', 'generator_31', 'similar_color_3', 'generator_32']
number opened: 1
TRIAL 2
Action chosen: (purple, purple)
Outcome: False
partcle ids: ['generator_21', 'generator_22', 'similar_color_10', 'similar_color_7', 'similar_color_13', 'similar_color_7', 'generator_14', 'similar_color_8', 'generator_23', 'generator_24', 'generator_25', 'generator_26', 'similar_color_1', 'similar_color_14', 'generator_27', 'generator_28', 'generator_14', 'generator_29', 'similar_color_10', 'similar_color_3', 'similar_color_2', 'generator_14', 'generator_30', 'generator_14', 'similar_color_6', 'generator_9', 'similar_color_12', 'generator_31', 'similar_color_3', 'generator_32']
number opened: 1
TRIAL 3
Action chosen: (white, blue)
Outcome: False
partcle ids: ['generator_23', 'generator_33', 'generator_34', 'generator_35', 'generator_36', 'similar_color_12', 'generator_37', 'generator_38', 'generator_39', 'generator_22', 'generator_40', 'generator_41', 'generator_32', 'generator_14', 'generator_42', 'generator_43', 'generator_44', 'generator_45', 'generator_46', 'generator_22', 'generator_47', 'generator_48', 'generator_49', 'generator_50', 'generator_51', 'generator_52', 'generator_53', 'generator_54', 'generator_32', 'generator_32']
number opened: 1
TRIAL 4
Action chosen: (triangle, white)
Outcome: False
partcle ids: ['generator_23', 'generator_33', 'generator_34', 'generator_35', 'generator_36', 'similar_color_12', 'generator_37', 'generator_38', 'generator_39', 'generator_22', 'generator_40', 'generator_41', 'generator_32', 'generator_14', 'generator_42', 'generator_43', 'generator_44', 'generator_45', 'generator_46', 'generator_22', 'generator_47', 'generator_48', 'generator_49', 'generator_50', 'generator_51', 'generator_52', 'generator_53', 'generator_54', 'generator_32', 'generator_32']
number opened: 1
TRIAL 5
Action chosen: (pink, pink)
Outcome: False
partcle ids: ['generator_23', 'generator_33', 'generator_34', 'generator_35', 'generator_36', 'similar_color_12', 'generator_37', 'generator_38', 'generator_39', 'generator_22', 'generator_40', 'generator_41', 'generator_32', 'generator_14', 'generator_42', 'generator_43', 'generator_44', 'generator_45', 'generator_46', 'generator_22', 'generator_47', 'generator_48', 'generator_49', 'generator_50', 'generator_51', 'generator_52', 'generator_53', 'generator_54', 'generator_32', 'generator_32']
number opened: 1
TRIAL 6
Action chosen: (pink, blue)
Outcome: False
partcle ids: ['generator_23', 'generator_33', 'generator_34', 'generator_35', 'generator_36', 'similar_color_12', 'generator_37', 'generator_38', 'generator_39', 'generator_22', 'generator_40', 'generator_41', 'generator_32', 'generator_14', 'generator_42', 'generator_43', 'generator_44', 'generator_45', 'generator_46', 'generator_22', 'generator_47', 'generator_48', 'generator_49', 'generator_50', 'generator_51', 'generator_52', 'generator_53', 'generator_54', 'generator_32', 'generator_32']
number opened: 1
TRIAL 7
Action chosen: (yellow5, white)
Outcome: False
partcle ids: ['generator_49', 'generator_38', 'generator_57', 'generator_58', 'generator_50', 'generator_59', 'generator_54', 'generator_60', 'generator_61', 'generator_50', 'generator_23', 'generator_62', 'generator_39', 'generator_36', 'generator_46', 'generator_64', 'generator_36', 'generator_66', 'generator_48', 'generator_22', 'generator_68', 'generator_38', 'generator_50', 'generator_36', 'generator_54', 'generator_44', 'generator_48', 'generator_50', 'generator_72', 'generator_73']
number opened: 1
TRIAL 8
Action chosen: (green3, blue)
Outcome: False
partcle ids: ['generator_49', 'generator_38', 'generator_57', 'generator_58', 'generator_50', 'generator_59', 'generator_54', 'generator_60', 'generator_61', 'generator_50', 'generator_23', 'generator_62', 'generator_39', 'generator_36', 'generator_46', 'generator_64', 'generator_36', 'generator_66', 'generator_48', 'generator_22', 'generator_68', 'generator_38', 'generator_50', 'generator_36', 'generator_54', 'generator_44', 'generator_48', 'generator_50', 'generator_72', 'generator_73']
number opened: 1
TRIAL 9
Action chosen: (yellow5, blue)
Outcome: True
partcle ids: ['generator_74', 'generator_36', 'generator_36', 'generator_77', 'generator_60', 'generator_79', 'generator_36', 'generator_36', 'generator_36', 'generator_83', 'generator_84', 'generator_38', 'generator_85', 'generator_86', 'generator_87', 'generator_88', 'generator_89', 'generator_90', 'generator_91', 'generator_92', 'generator_93', 'generator_94', 'generator_95', 'generator_96', 'generator_97', 'generator_98', 'generator_99', 'generator_100', 'generator_101', 'generator_102']
number opened: 2
TRIAL 10
Action chosen: (white, white)
Outcome: False
partcle ids: ['generator_74', 'generator_36', 'generator_36', 'generator_77', 'generator_60', 'generator_79', 'generator_36', 'generator_36', 'generator_36', 'generator_83', 'generator_84', 'generator_38', 'generator_85', 'generator_86', 'generator_87', 'generator_88', 'generator_89', 'generator_90', 'generator_91', 'generator_92', 'generator_93', 'generator_94', 'generator_95', 'generator_96', 'generator_97', 'generator_98', 'generator_99', 'generator_100', 'generator_101', 'generator_102']
number opened: 2
TRIAL 11
Action chosen: (green3, white)
Outcome: False
partcle ids: ['generator_74', 'generator_36', 'generator_36', 'generator_77', 'generator_60', 'generator_79', 'generator_36', 'generator_36', 'generator_36', 'generator_83', 'generator_84', 'generator_38', 'generator_85', 'generator_86', 'generator_87', 'generator_88', 'generator_89', 'generator_90', 'generator_91', 'generator_92', 'generator_93', 'generator_94', 'generator_95', 'generator_96', 'generator_97', 'generator_98', 'generator_99', 'generator_100', 'generator_101', 'generator_102']
number opened: 2
TRIAL 12
Action chosen: (orange4, white)
Outcome: True
partcle ids: ['generator_103', 'generator_88', 'generator_90', 'generator_106', 'generator_107', 'generator_108', 'generator_109', 'generator_90', 'generator_111', 'generator_88', 'generator_112', 'generator_113', 'generator_88', 'generator_103', 'generator_88', 'generator_115', 'generator_116', 'generator_89', 'generator_117', 'generator_112', 'generator_118', 'generator_109', 'generator_118', 'generator_119', 'generator_119', 'generator_88', 'generator_111', 'generator_120', 'generator_121', 'generator_122']
number opened: 3
TRIAL 13
Action chosen: (white, purple)
Outcome: False
partcle ids: ['generator_103', 'generator_88', 'generator_90', 'generator_106', 'generator_107', 'generator_108', 'generator_109', 'generator_90', 'generator_111', 'generator_88', 'generator_112', 'generator_113', 'generator_88', 'generator_103', 'generator_88', 'generator_115', 'generator_116', 'generator_89', 'generator_117', 'generator_112', 'generator_118', 'generator_109', 'generator_118', 'generator_119', 'generator_119', 'generator_88', 'generator_111', 'generator_120', 'generator_121', 'generator_122']
number opened: 3
TRIAL 14
Action chosen: (triangle, pink)
Outcome: False
partcle ids: ['generator_103', 'generator_88', 'generator_90', 'generator_106', 'generator_107', 'generator_108', 'generator_109', 'generator_90', 'generator_111', 'generator_88', 'generator_112', 'generator_113', 'generator_88', 'generator_103', 'generator_88', 'generator_115', 'generator_116', 'generator_89', 'generator_117', 'generator_112', 'generator_118', 'generator_109', 'generator_118', 'generator_119', 'generator_119', 'generator_88', 'generator_111', 'generator_120', 'generator_121', 'generator_122']
number opened: 3
TRIAL 15
Action chosen: (blue, purple)
Outcome: False
partcle ids: ['generator_106', 'generator_117', 'generator_103', 'generator_125', 'generator_126', 'generator_112', 'generator_89', 'generator_103', 'generator_89', 'generator_107', 'generator_117', 'generator_130', 'generator_103', 'generator_116', 'generator_133', 'generator_116', 'generator_107', 'generator_135', 'generator_106', 'generator_136', 'generator_118', 'generator_137', 'generator_138', 'generator_139', 'generator_93', 'generator_103', 'generator_116', 'generator_89', 'generator_142', 'generator_143']
number opened: 3
TRIAL 16
Action chosen: (cloud, pink)
Outcome: False
partcle ids: ['generator_106', 'generator_117', 'generator_103', 'generator_125', 'generator_126', 'generator_112', 'generator_89', 'generator_103', 'generator_89', 'generator_107', 'generator_117', 'generator_130', 'generator_103', 'generator_116', 'generator_133', 'generator_116', 'generator_107', 'generator_135', 'generator_106', 'generator_136', 'generator_118', 'generator_137', 'generator_138', 'generator_139', 'generator_93', 'generator_103', 'generator_116', 'generator_89', 'generator_142', 'generator_143']
number opened: 3
TRIAL 17
Action chosen: (cloud, purple)
Outcome: False
partcle ids: ['generator_106', 'generator_117', 'generator_103', 'generator_125', 'generator_126', 'generator_112', 'generator_89', 'generator_103', 'generator_89', 'generator_107', 'generator_117', 'generator_130', 'generator_103', 'generator_116', 'generator_133', 'generator_116', 'generator_107', 'generator_135', 'generator_106', 'generator_136', 'generator_118', 'generator_137', 'generator_138', 'generator_139', 'generator_93', 'generator_103', 'generator_116', 'generator_89', 'generator_142', 'generator_143']
number opened: 3
TRIAL 18
Action chosen: (diamond, pink)
Outcome: False
partcle ids: ['generator_126', 'generator_106', 'generator_93', 'generator_93', 'generator_143', 'generator_135', 'generator_145', 'generator_109', 'generator_143', 'generator_116', 'generator_146', 'generator_133', 'generator_130', 'generator_146', 'generator_93', 'generator_130', 'generator_148', 'generator_149', 'generator_150', 'generator_130', 'generator_151', 'generator_152', 'generator_93', 'generator_154', 'generator_126', 'generator_143', 'generator_112', 'generator_126', 'generator_116', 'number_match']
number opened: 3
TRIAL 19
Action chosen: (grey2, pink)
Outcome: True
partcle ids: ['generator_150', 'generator_126', 'generator_146', 'generator_146', 'generator_135', 'generator_126', 'generator_126', 'generator_119', 'number_match', 'generator_123', 'generator_126', 'generator_146', 'generator_135', 'generator_119', 'number_match', 'generator_146', 'generator_119', 'generator_146', 'generator_146', 'generator_126', 'generator_150', 'generator_150', 'generator_150', 'generator_135', 'generator_146', 'generator_135', 'generator_146', 'generator_115', 'generator_115', 'number_match']
number opened: 4
TRIAL 20
Action chosen: (diamond, purple)
Outcome: False
partcle ids: ['generator_150', 'generator_126', 'generator_146', 'generator_146', 'generator_135', 'generator_126', 'generator_126', 'generator_119', 'number_match', 'generator_123', 'generator_126', 'generator_146', 'generator_135', 'generator_119', 'number_match', 'generator_146', 'generator_119', 'generator_146', 'generator_146', 'generator_126', 'generator_150', 'generator_150', 'generator_150', 'generator_135', 'generator_146', 'generator_135', 'generator_146', 'generator_115', 'generator_115', 'number_match']
number opened: 4
TRIAL 21
Action chosen: (triangle, purple)
Outcome: False
partcle ids: ['generator_150', 'generator_126', 'generator_146', 'generator_146', 'generator_135', 'generator_126', 'generator_126', 'generator_119', 'number_match', 'generator_123', 'generator_126', 'generator_146', 'generator_135', 'generator_119', 'number_match', 'generator_146', 'generator_119', 'generator_146', 'generator_146', 'generator_126', 'generator_150', 'generator_150', 'generator_150', 'generator_135', 'generator_146', 'generator_135', 'generator_146', 'generator_115', 'generator_115', 'number_match']
number opened: 4
TRIAL 22
Action chosen: (pink, purple)
Outcome: False
partcle ids: ['generator_150', 'generator_126', 'generator_146', 'generator_146', 'generator_135', 'generator_126', 'generator_126', 'generator_119', 'number_match', 'generator_123', 'generator_126', 'generator_146', 'generator_135', 'generator_119', 'number_match', 'generator_146', 'generator_119', 'generator_146', 'generator_146', 'generator_126', 'generator_150', 'generator_150', 'generator_150', 'generator_135', 'generator_146', 'generator_135', 'generator_146', 'generator_115', 'generator_115', 'number_match']
number opened: 4
TRIAL 23
Action chosen: (heart, purple)
Outcome: False
partcle ids: ['generator_150', 'number_match', 'number_match', 'generator_123', 'generator_115', 'number_match', 'generator_146', 'number_match', 'generator_115', 'generator_146', 'number_match', 'generator_135', 'generator_126', 'number_match', 'generator_115', 'number_match', 'generator_119', 'number_match', 'generator_146', 'generator_154', 'generator_146', 'generator_119', 'number_match', 'number_match', 'number_match', 'generator_126', 'generator_115', 'generator_135', 'generator_135', 'number_match']
number opened: 4
TRIAL 24
Action chosen: (green3, purple)
Outcome: True
partcle ids: ['number_match', 'number_match', 'number_match', 'number_match', 'number_match', 'number_match', 'number_match', 'number_match', 'number_match', 'number_match', 'number_match', 'number_match', 'number_match', 'number_match', 'number_match', 'number_match', 'number_match', 'number_match', 'number_match', 'number_match', 'number_match', 'number_match', 'number_match', 'number_match', 'number_match', 'number_match', 'number_match', 'number_match', 'number_match', 'number_match']
number opened: 5
{"attempts": 24, "unique_key_box_pairs": 24, "revisit_attempts": 0, "revisit_rate": 0.0, "attempts_before_abandoning_color_matching": 2, "color_matching_abandoned": true}
