{"Child_ID": "D038", "SoC_variant": "SoC-Full", "theta": [1, 3], "p_gen": 0.7, "true_prior": 0.02, "run_number": 91, "seed": 6277949065581650928}
TRIAL 1
Action chosen: (red, red)
Outcome: True
partcle ids: ['generator_24', 'generator_25', 'similar_color_7', 'generator_26', 'order_match', 'generator_8', 'generator_8', 'generator_27', 'generator_28', 'generator_6', 'generator_29', 'generator_30', 'generator_31', 'number_match', 'generator_32', 'generator_22', 'generator_33', 'similar_color_11', 'similar_color_3', 'generator_34', 'similar_color_6', 'generator_35', 'generator_36', 'similar_color_9', 'generator_37', 'generator_38', 'similar_color_6', 'generator_39', 'generator_40', 'generator_41']
number opened: 1
TRIAL 2
Action chosen: (blue, purple)
Outcome: False
partcle ids: ['generator_24', 'generator_25', 'similar_color_7', 'generator_26', 'order_match', 'generator_8', 'generator_8', 'generator_27', 'generator_28', 'generator_6', 'generator_29', 'generator_30', 'generator_31', 'number_match', 'generator_32', 'generator_22', 'generator_33', 'similar_color_11', 'similar_color_3', 'generator_34', 'similar_color_6', 'generator_35', 'generator_36', 'similar_color_9', 'generator_37', 'generator_38', 'similar_color_6', 'generator_39', 'generator_40', 'generator_41']
number opened: 1
TRIAL 3
Action chosen: (blue, blue)
Outcome: False
partcle ids: ['generator_24', 'generator_25', 'similar_color_7', 'generator_26', 'order_match', 'generator_8', 'generator_8', 'generator_27', 'generator_28', 'generator_6', 'generator_29', 'generator_30', 'generator_31', 'number_match', 'generator_32', 'generator_22', 'generator_33', 'similar_color_11', 'similar_color_3', 'generator_34', 'similar_color_6', 'generator_35', 'generator_36', 'similar_color_9', 'generator_37', 'generator_38', 'similar_color_6', 'generator_39', 'generator_40', 'generator_41']
number opened: 1
TRIAL 4
Action chosen: (pink, pink)
Outcome: False
partcle ids: ['generator_24', 'generator_25', 'similar_color_7', 'generator_26', 'order_match', 'generator_8', 'generator_8', 'generator_27', 'generator_28', 'generator_6', 'generator_29', 'generator_30', 'generator_31', 'number_match', 'generator_32', 'generator_22', 'generator_33', 'similar_color_11', 'similar_color_3', 'generator_34', 'similar_color_6', 'generator_35', 'generator_36', 'similar_color_9', 'generator_37', 'generator_38', 'similar_color_6', 'generator_39', 'generator_40', 'generator_41']
number opened: 1
TRIAL 5
Action chosen: (blue, purple)
Outcome: False
partcle ids: ['generator_24', 'generator_25', 'similar_color_7', 'generator_26', 'order_match', 'generator_8', 'generator_8', 'generator_27', 'generator_28', 'generator_6', 'generator_29', 'generator_30', 'generator_31', 'number_match', 'generator_32', 'generator_22', 'generator_33', 'similar_color_11', 'similar_color_3', 'generator_34', 'similar_color_6', 'generator_35', 'generator_36', 'similar_color_9', 'generator_37', 'generator_38', 'similar_color_6', 'generator_39', 'generator_40', 'generator_41']
number opened: 1
TRIAL 6
Action chosen: (yellow5, blue)
Outcome: True
partcle ids: ['generator_26', 'generator_43', 'generator_44', 'generator_45', 'generator_46', 'generator_47', 'generator_48', 'generator_49', 'generator_50', 'generator_51', 'generator_52', 'generator_53', 'generator_54', 'generator_55', 'generator_56', 'generator_57', 'generator_58', 'generator_26', 'generator_27', 'generator_60', 'generator_61', 'generator_62', 'generator_63', 'generator_64', 'generator_65', 'generator_66', 'generator_67', 'generator_68', 'generator_69', 'generator_27']
number opened: 2
TRIAL 7
Action chosen: (pink, white)
Outcome: False
partcle ids: ['generator_26', 'generator_43', 'generator_44', 'generator_45', 'generator_46', 'generator_47', 'generator_48', 'generator_49', 'generator_50', 'generator_51', 'generator_52', 'generator_53', 'generator_54', 'generator_55', 'generator_56', 'generator_57', 'generator_58', 'generator_26', 'generator_27', 'generator_60', 'generator_61', 'generator_62', 'generator_63', 'generator_64', 'generator_65', 'generator_66', 'generator_67', 'generator_68', 'generator_69', 'generator_27']
number opened: 2
TRIAL 8
Action chosen: (diamond, pink)
Outcome: False
partcle ids: ['generator_26', 'generator_43', 'generator_44', 'generator_45', 'generator_46', 'generator_47', 'generator_48', 'generator_49', 'generator_50', 'generator_51', 'generator_52', 'generator_53', 'generator_54', 'generator_55', 'generator_56', 'generator_57', 'generator_58', 'generator_26', 'generator_27', 'generator_60', 'generator_61', 'generator_62', 'generator_63', 'generator_64', 'generator_65', 'generator_66', 'generator_67', 'generator_68', 'generator_69', 'generator_27']
number opened: 2
TRIAL 9
Action chosen: (heart, purple)
Outcome: False
partcle ids: ['generator_26', 'generator_43', 'generator_44', 'generator_45', 'generator_46', 'generator_47', 'generator_48', 'generator_49', 'generator_50', 'generator_51', 'generator_52', 'generator_53', 'generator_54', 'generator_55', 'generator_56', 'generator_57', 'generator_58', 'generator_26', 'generator_27', 'generator_60', 'generator_61', 'generator_62', 'generator_63', 'generator_64', 'generator_65', 'generator_66', 'generator_67', 'generator_68', 'generator_69', 'generator_27']
number opened: 2
TRIAL 10
Action chosen: (purple, pink)
Outcome: False
partcle ids: ['generator_26', 'generator_43', 'generator_44', 'generator_45', 'generator_46', 'generator_47', 'generator_48', 'generator_49', 'generator_50', 'generator_51', 'generator_52', 'generator_53', 'generator_54', 'generator_55', 'generator_56', 'generator_57', 'generator_58', 'generator_26', 'generator_27', 'generator_60', 'generator_61', 'generator_62', 'generator_63', 'generator_64', 'generator_65', 'generator_66', 'generator_67', 'generator_68', 'generator_69', 'generator_27']
number opened: 2
TRIAL 11
Action chosen: (orange4, purple)
Outcome: False
partcle ids: ['generator_26', 'generator_43', 'generator_44', 'generator_45', 'generator_46', 'generator_47', 'generator_48', 'generator_49', 'generator_50', 'generator_51', 'generator_52', 'generator_53', 'generator_54', 'generator_55', 'generator_56', 'generator_57', 'generator_58', 'generator_26', 'generator_27', 'generator_60', 'generator_61', 'generator_62', 'generator_63', 'generator_64', 'generator_65', 'generator_66', 'generator_67', 'generator_68', 'generator_69', 'generator_27']
number opened: 2
TRIAL 12
Action chosen: (triangle, purple)
Outcome: False
partcle ids: ['generator_26', 'generator_43', 'generator_44', 'generator_45', 'generator_46', 'generator_47', 'generator_48', 'generator_49', 'generator_50', 'generator_51', 'generator_52', 'generator_53', 'generator_54', 'generator_55', 'generator_56', 'generator_57', 'generator_58', 'generator_26', 'generator_27', 'generator_60', 'generator_61', 'generator_62', 'generator_63', 'generator_64', 'generator_65', 'generator_66', 'generator_67', 'generator_68', 'generator_69', 'generator_27']
number opened: 2
TRIAL 13
Action chosen: (grey2, white)
Outcome: False
partcle ids: ['generator_26', 'generator_43', 'generator_44', 'generator_45', 'generator_46', 'generator_47', 'generator_48', 'generator_49', 'generator_50', 'generator_51', 'generator_52', 'generator_53', 'generator_54', 'generator_55', 'generator_56', 'generator_57', 'generator_58', 'generator_26', 'generator_27', 'generator_60', 'generator_61', 'generator_62', 'generator_63', 'generator_64', 'generator_65', 'generator_66', 'generator_67', 'generator_68', 'generator_69', 'generator_27']
number opened: 2
TRIAL 14
Action chosen: (heart, purple)
Outcome: False
partcle ids: ['generator_26', 'generator_43', 'generator_44', 'generator_45', 'generator_46', 'generator_47', 'generator_48', 'generator_49', 'generator_50', 'generator_51', 'generator_52', 'generator_53', 'generator_54', 'generator_55', 'generator_56', 'generator_57', 'generator_58', 'generator_26', 'generator_27', 'generator_60', 'generator_61', 'generator_62', 'generator_63', 'generator_64', 'generator_65', 'generator_66', 'generator_67', 'generator_68', 'generator_69', 'generator_27']
number opened: 2
TRIAL 15
Action chosen: (diamond, pink)
Outcome: False
partcle ids: ['generator_26', 'generator_43', 'generator_44', 'generator_45', 'generator_46', 'generator_47', 'generator_48', 'generator_49', 'generator_50', 'generator_51', 'generator_52', 'generator_53', 'generator_54', 'generator_55', 'generator_56', 'generator_57', 'generator_58', 'generator_26', 'generator_27', 'generator_60', 'generator_61', 'generator_62', 'generator_63', 'generator_64', 'generator_65', 'generator_66', 'generator_67', 'generator_68', 'generator_69', 'generator_27']
number opened: 2
TRIAL 16
Action chosen: (purple, pink)
Outcome: False
partcle ids: ['generator_26', 'generator_43', 'generator_44', 'generator_45', 'generator_46', 'generator_47', 'generator_48', 'generator_49', 'generator_50', 'generator_51', 'generator_52', 'generator_53', 'generator_54', 'generator_55', 'generator_56', 'generator_57', 'generator_58', 'generator_26', 'generator_27', 'generator_60', 'generator_61', 'generator_62', 'generator_63', 'generator_64', 'generator_65', 'generator_66', 'generator_67', 'generator_68', 'generator_69', 'generator_27']
number opened: 2
TRIAL 17
Action chosen: (white, pink)
Outcome: False
partcle ids: ['generator_26', 'generator_43', 'generator_44', 'generator_45', 'generator_46', 'generator_47', 'generator_48', 'generator_49', 'generator_50', 'generator_51', 'generator_52', 'generator_53', 'generator_54', 'generator_55', 'generator_56', 'generator_57', 'generator_58', 'generator_26', 'generator_27', 'generator_60', 'generator_61', 'generator_62', 'generator_63', 'generator_64', 'generator_65', 'generator_66', 'generator_67', 'generator_68', 'generator_69', 'generator_27']
number opened: 2
TRIAL 18
Action chosen: (blue, pink)
Outcome: False
partcle ids: ['generator_26', 'generator_43', 'generator_44', 'generator_45', 'generator_46', 'generator_47', 'generator_48', 'generator_49', 'generator_50', 'generator_51', 'generator_52', 'generator_53', 'generator_54', 'generator_55', 'generator_56', 'generator_57', 'generator_58', 'generator_26', 'generator_27', 'generator_60', 'generator_61', 'generator_62', 'generator_63', 'generator_64', 'generator_65', 'generator_66', 'generator_67', 'generator_68', 'generator_69', 'generator_27']
number opened: 2
TRIAL 19
Action chosen: (cloud, white)
Outcome: False
partcle ids: ['generator_26', 'generator_43', 'generator_44', 'generator_45', 'generator_46', 'generator_47', 'generator_48', 'generator_49', 'generator_50', 'generator_51', 'generator_52', 'generator_53', 'generator_54', 'generator_55', 'generator_56', 'generator_57', 'generator_58', 'generator_26', 'generator_27', 'generator_60', 'generator_61', 'generator_62', 'generator_63', 'generator_64', 'generator_65', 'generator_66', 'generator_67', 'generator_68', 'generator_69', 'generator_27']
number opened: 2
TRIAL 20
Action chosen: (pink, white)
Outcome: False
partcle ids: ['generator_26', 'generator_43', 'generator_44', 'generator_45', 'generator_46', 'generator_47', 'generator_48', 'generator_49', 'generator_50', 'generator_51', 'generator_52', 'generator_53', 'generator_54', 'generator_55', 'generator_56', 'generator_57', 'generator_58', 'generator_26', 'generator_27', 'generator_60', 'generator_61', 'generator_62', 'generator_63', 'generator_64', 'generator_65', 'generator_66', 'generator_67', 'generator_68', 'generator_69', 'generator_27']
number opened: 2
TRIAL 21
Action chosen: (orange4, pink)
Outcome: False
partcle ids: ['generator_26', 'generator_43', 'generator_44', 'generator_45', 'generator_46', 'generator_47', 'generator_48', 'generator_49', 'generator_50', 'generator_51', 'generator_52', 'generator_53', 'generator_54', 'generator_55', 'generator_56', 'generator_57', 'generator_58', 'generator_26', 'generator_27', 'generator_60', 'generator_61', 'generator_62', 'generator_63', 'generator_64', 'generator_65', 'generator_66', 'generator_67', 'generator_68', 'generator_69', 'generator_27']
number opened: 2
TRIAL 22
Action chosen: (cloud, pink)
Outcome: False
partcle ids: ['generator_26', 'generator_43', 'generator_44', 'generator_45', 'generator_46', 'generator_47', 'generator_48', 'generator_49', 'generator_50', 'generator_51', 'generator_52', 'generator_53', 'generator_54', 'generator_55', 'generator_56', 'generator_57', 'generator_58', 'generator_26', 'generator_27', 'generator_60', 'generator_61', 'generator_62', 'generator_63', 'generator_64', 'generator_65', 'generator_66', 'generator_67', 'generator_68', 'generator_69', 'generator_27']
number opened: 2
TRIAL 23
Action chosen: (white, purple)
Outcome: False
partcle ids: ['generator_26', 'generator_43', 'generator_44', 'generator_45', 'generator_46', 'generator_47', 'generator_48', 'generator_49', 'generator_50', 'generator_51', 'generator_52', 'generator_53', 'generator_54', 'generator_55', 'generator_56', 'generator_57', 'generator_58', 'generator_26', 'generator_27', 'generator_60', 'generator_61', 'generator_62', 'generator_63', 'generator_64', 'generator_65', 'generator_66', 'generator_67', 'generator_68', 'generator_69', 'generator_27']
number opened: 2
TRIAL 24
Action chosen: (white, pink)
Outcome: False
partcle ids: ['generator_26', 'generator_43', 'generator_44', 'generator_45', 'generator_46', 'generator_47', 'generator_48', 'generator_49', 'generator_50', 'generator_51', 'generator_52', 'generator_53', 'generator_54', 'generator_55', 'generator_56', 'generator_57', 'generator_58', 'generator_26', 'generator_27', 'generator_60', 'generator_61', 'generator_62', 'generator_63', 'generator_64', 'generator_65', 'generator_66', 'generator_67', 'generator_68', 'generator_69', 'generator_27']
number opened: 2
TRIAL 25
Action chosen: (purple, pink)
Outcome: False
partcle ids: ['generator_26', 'generator_43', 'generator_44', 'generator_45', 'generator_46', 'generator_47', 'generator_48', 'generator_49', 'generator_50', 'generator_51', 'generator_52', 'generator_53', 'generator_54', 'generator_55', 'generator_56', 'generator_57', 'generator_58', 'generator_26', 'generator_27', 'generator_60', 'generator_61', 'generator_62', 'generator_63', 'generator_64', 'generator_65', 'generator_66', 'generator_67', 'generator_68', 'generator_69', 'generator_27']
number opened: 2
TRIAL 26
Action chosen: (green3, white)
Outcome: False
partcle ids: ['generator_26', 'generator_43', 'generator_44', 'generator_45', 'generator_46', 'generator_47', 'generator_48', 'generator_49', 'generator_50', 'generator_51', 'generator_52', 'generator_53', 'generator_54', 'generator_55', 'generator_56', 'generator_57', 'generator_58', 'generator_26', 'generator_27', 'generator_60', 'generator_61', 'generator_62', 'generator_63', 'generator_64', 'generator_65', 'generator_66', 'generator_67', 'generator_68', 'generator_69', 'generator_27']
number opened: 2
TRIAL 27
Action chosen: (blue, pink)
Outcome: False
partcle ids: ['generator_26', 'generator_43', 'generator_44', 'generator_45', 'generator_46', 'generator_47', 'generator_48', 'generator_49', 'generator_50', 'generator_51', 'generator_52', 'generator_53', 'generator_54', 'generator_55', 'generator_56', 'generator_57', 'generator_58', 'generator_26', 'generator_27', 'generator_60', 'generator_61', 'generator_62', 'generator_63', 'generator_64', 'generator_65', 'generator_66', 'generator_67', 'generator_68', 'generator_69', 'generator_27']
number opened: 2
TRIAL 28
Action chosen: (cloud, white)
Outcome: False
partcle ids: ['generator_26', 'generator_43', 'generator_44', 'generator_45', 'generator_46', 'generator_47', 'generator_48', 'generator_49', 'generator_50', 'generator_51', 'generator_52', 'generator_53', 'generator_54', 'generator_55', 'generator_56', 'generator_57', 'generator_58', 'generator_26', 'generator_27', 'generator_60', 'generator_61', 'generator_62', 'generator_63', 'generator_64', 'generator_65', 'generator_66', 'generator_67', 'generator_68', 'generator_69', 'generator_27']
number opened: 2
TRIAL 29
Action chosen: (grey2, white)
Outcome: False
partcle ids: ['generator_26', 'generator_43', 'generator_44', 'generator_45', 'generator_46', 'generator_47', 'generator_48', 'generator_49', 'generator_50', 'generator_51', 'generator_52', 'generator_53', 'generator_54', 'generator_55', 'generator_56', 'generator_57', 'generator_58', 'generator_26', 'generator_27', 'generator_60', 'generator_61', 'generator_62', 'generator_63', 'generator_64', 'generator_65', 'generator_66', 'generator_67', 'generator_68', 'generator_69', 'generator_27']
number opened: 2
TRIAL 30
Action chosen: (white, purple)
Outcome: False
partcle ids: ['generator_26', 'generator_43', 'generator_44', 'generator_45', 'generator_46', 'generator_47', 'generator_48', 'generator_49', 'generator_50', 'generator_51', 'generator_52', 'generator_53', 'generator_54', 'generator_55', 'generator_56', 'generator_57', 'generator_58', 'generator_26', 'generator_27', 'generator_60', 'generator_61', 'generator_62', 'generator_63', 'generator_64', 'generator_65', 'generator_66', 'generator_67', 'generator_68', 'generator_69', 'generator_27']
number opened: 2
TRIAL 31
Action chosen: (grey2, purple)
Outcome: False
partcle ids: ['generator_26', 'generator_43', 'generator_44', 'generator_45', 'generator_46', 'generator_47', 'generator_48', 'generator_49', 'generator_50', 'generator_51', 'generator_52', 'generator_53', 'generator_54', 'generator_55', 'generator_56', 'generator_57', 'generator_58', 'generator_26', 'generator_27', 'generator_60', 'generator_61', 'generator_62', 'generator_63', 'generator_64', 'generator_65', 'generator_66', 'generator_67', 'generator_68', 'generator_69', 'generator_27']
number opened: 2
TRIAL 32
Action chosen: (cloud, pink)
Outcome: False
partcle ids: ['generator_26', 'generator_43', 'generator_44', 'generator_45', 'generator_46', 'generator_47', 'generator_48', 'generator_49', 'generator_50', 'generator_51', 'generator_52', 'generator_53', 'generator_54', 'generator_55', 'generator_56', 'generator_57', 'generator_58', 'generator_26', 'generator_27', 'generator_60', 'generator_61', 'generator_62', 'generator_63', 'generator_64', 'generator_65', 'generator_66', 'generator_67', 'generator_68', 'generator_69', 'generator_27']
number opened: 2
TRIAL 33
Action chosen: (diamond, pink)
Outcome: False
partcle ids: ['generator_26', 'generator_43', 'generator_44', 'generator_45', 'generator_46', 'generator_47', 'generator_48', 'generator_49', 'generator_50', 'generator_51', 'generator_52', 'generator_53', 'generator_54', 'generator_55', 'generator_56', 'generator_57', 'generator_58', 'generator_26', 'generator_27', 'generator_60', 'generator_61', 'generator_62', 'generator_63', 'generator_64', 'generator_65', 'generator_66', 'generator_67', 'generator_68', 'generator_69', 'generator_27']
number opened: 2
TRIAL 34
Action chosen: (triangle, purple)
Outcome: False
partcle ids: ['generator_26', 'generator_43', 'generator_44', 'generator_45', 'generator_46', 'generator_47', 'generator_48', 'generator_49', 'generator_50', 'generator_51', 'generator_52', 'generator_53', 'generator_54', 'generator_55', 'generator_56', 'generator_57', 'generator_58', 'generator_26', 'generator_27', 'generator_60', 'generator_61', 'generator_62', 'generator_63', 'generator_64', 'generator_65', 'generator_66', 'generator_67', 'generator_68', 'generator_69', 'generator_27']
number opened: 2
TRIAL 35
Action chosen: (cloud, white)
Outcome: False
partcle ids: ['generator_26', 'generator_43', 'generator_44', 'generator_45', 'generator_46', 'generator_47', 'generator_48', 'generator_49', 'generator_50', 'generator_51', 'generator_52', 'generator_53', 'generator_54', 'generator_55', 'generator_56', 'generator_57', 'generator_58', 'generator_26', 'generator_27', 'generator_60', 'generator_61', 'generator_62', 'generator_63', 'generator_64', 'generator_65', 'generator_66', 'generator_67', 'generator_68', 'generator_69', 'generator_27']
number opened: 2
TRIAL 36
Action chosen: (blue, pink)
Outcome: False
partcle ids: ['generator_26', 'generator_43', 'generator_44', 'generator_45', 'generator_46', 'generator_47', 'generator_48', 'generator_49', 'generator_50', 'generator_51', 'generator_52', 'generator_53', 'generator_54', 'generator_55', 'generator_56', 'generator_57', 'generator_58', 'generator_26', 'generator_27', 'generator_60', 'generator_61', 'generator_62', 'generator_63', 'generator_64', 'generator_65', 'generator_66', 'generator_67', 'generator_68', 'generator_69', 'generator_27']
number opened: 2
TRIAL 37
Action chosen: (green3, white)
Outcome: False
partcle ids: ['generator_26', 'generator_43', 'generator_44', 'generator_45', 'generator_46', 'generator_47', 'generator_48', 'generator_49', 'generator_50', 'generator_51', 'generator_52', 'generator_53', 'generator_54', 'generator_55', 'generator_56', 'generator_57', 'generator_58', 'generator_26', 'generator_27', 'generator_60', 'generator_61', 'generator_62', 'generator_63', 'generator_64', 'generator_65', 'generator_66', 'generator_67', 'generator_68', 'generator_69', 'generator_27']
number opened: 2
TRIAL 38
Action chosen: (blue, white)
Outcome: False
partcle ids: ['generator_26', 'generator_43', 'generator_44', 'generator_45', 'generator_46', 'generator_47', 'generator_48', 'generator_49', 'generator_50', 'generator_51', 'generator_52', 'generator_53', 'generator_54', 'generator_55', 'generator_56', 'generator_57', 'generator_58', 'generator_26', 'generator_27', 'generator_60', 'generator_61', 'generator_62', 'generator_63', 'generator_64', 'generator_65', 'generator_66', 'generator_67', 'generator_68', 'generator_69', 'generator_27']
number opened: 2
TRIAL 39
Action chosen: (grey2, purple)
Outcome: False
partcle ids: ['generator_26', 'generator_43', 'generator_44', 'generator_45', 'generator_46', 'generator_47', 'generator_48', 'generator_49', 'generator_50', 'generator_51', 'generator_52', 'generator_53', 'generator_54', 'generator_55', 'generator_56', 'generator_57', 'generator_58', 'generator_26', 'generator_27', 'generator_60', 'generator_61', 'generator_62', 'generator_63', 'generator_64', 'generator_65', 'generator_66', 'generator_67', 'generator_68', 'generator_69', 'generator_27']
number opened: 2
TRIAL 40
Action chosen: (white, purple)
Outcome: False
partcle ids: ['generator_26', 'generator_43', 'generator_44', 'generator_45', 'generator_46', 'generator_47', 'generator_48', 'generator_49', 'generator_50', 'generator_51', 'generator_52', 'generator_53', 'generator_54', 'generator_55', 'generator_56', 'generator_57', 'generator_58', 'generator_26', 'generator_27', 'generator_60', 'generator_61', 'generator_62', 'generator_63', 'generator_64', 'generator_65', 'generator_66', 'generator_67', 'generator_68', 'generator_69', 'generator_27']
number opened: 2
TRIAL 41
Action chosen: (grey2, white)
Outcome: False
partcle ids: ['generator_26', 'generator_43', 'generator_44', 'generator_45', 'generator_46', 'generator_47', 'generator_48', 'generator_49', 'generator_50', 'generator_51', 'generator_52', 'generator_53', 'generator_54', 'generator_55', 'generator_56', 'generator_57', 'generator_58', 'generator_26', 'generator_27', 'generator_60', 'generator_61', 'generator_62', 'generator_63', 'generator_64', 'generator_65', 'generator_66', 'generator_67', 'generator_68', 'generator_69', 'generator_27']
number opened: 2
TRIAL 42
Action chosen: (heart, purple)
Outcome: False
partcle ids: ['generator_26', 'generator_43', 'generator_44', 'generator_45', 'generator_46', 'generator_47', 'generator_48', 'generator_49', 'generator_50', 'generator_51', 'generator_52', 'generator_53', 'generator_54', 'generator_55', 'generator_56', 'generator_57', 'generator_58', 'generator_26', 'generator_27', 'generator_60', 'generator_61', 'generator_62', 'generator_63', 'generator_64', 'generator_65', 'generator_66', 'generator_67', 'generator_68', 'generator_69', 'generator_27']
number opened: 2
TRIAL 43
Action chosen: (cloud, white)
Outcome: False
partcle ids: ['generator_26', 'generator_43', 'generator_44', 'generator_45', 'generator_46', 'generator_47', 'generator_48', 'generator_49', 'generator_50', 'generator_51', 'generator_52', 'generator_53', 'generator_54', 'generator_55', 'generator_56', 'generator_57', 'generator_58', 'generator_26', 'generator_27', 'generator_60', 'generator_61', 'generator_62', 'generator_63', 'generator_64', 'generator_65', 'generator_66', 'generator_67', 'generator_68', 'generator_69', 'generator_27']
number opened: 2
TRIAL 44
Action chosen: (white, pink)
Outcome: False
partcle ids: ['generator_26', 'generator_43', 'generator_44', 'generator_45', 'generator_46', 'generator_47', 'generator_48', 'generator_49', 'generator_50', 'generator_51', 'generator_52', 'generator_53', 'generator_54', 'generator_55', 'generator_56', 'generator_57', 'generator_58', 'generator_26', 'generator_27', 'generator_60', 'generator_61', 'generator_62', 'generator_63', 'generator_64', 'generator_65', 'generator_66', 'generator_67', 'generator_68', 'generator_69', 'generator_27']
number opened: 2
TRIAL 45
Action chosen: (cloud, pink)
Outcome: False
partcle ids: ['generator_26', 'generator_43', 'generator_44', 'generator_45', 'generator_46', 'generator_47', 'generator_48', 'generator_49', 'generator_50', 'generator_51', 'generator_52', 'generator_53', 'generator_54', 'generator_55', 'generator_56', 'generator_57', 'generator_58', 'generator_26', 'generator_27', 'generator_60', 'generator_61', 'generator_62', 'generator_63', 'generator_64', 'generator_65', 'generator_66', 'generator_67', 'generator_68', 'generator_69', 'generator_27']
number opened: 2
TRIAL 46
Action chosen: (orange4, pink)
Outcome: False
partcle ids: ['generator_26', 'generator_43', 'generator_44', 'generator_45', 'generator_46', 'generator_47', 'generator_48', 'generator_49', 'generator_50', 'generator_51', 'generator_52', 'generator_53', 'generator_54', 'generator_55', 'generator_56', 'generator_57', 'generator_58', 'generator_26', 'generator_27', 'generator_60', 'generator_61', 'generator_62', 'generator_63', 'generator_64', 'generator_65', 'generator_66', 'generator_67', 'generator_68', 'generator_69', 'generator_27']
number opened: 2
TRIAL 47
Action chosen: (purple, pink)
Outcome: False
partcle ids: ['generator_26', 'generator_43', 'generator_44', 'generator_45', 'generator_46', 'generator_47', 'generator_48', 'generator_49', 'generator_50', 'generator_51', 'generator_52', 'generator_53', 'generator_54', 'generator_55', 'generator_56', 'generator_57', 'generator_58', 'generator_26', 'generator_27', 'generator_60', 'generator_61', 'generator_62', 'generator_63', 'generator_64', 'generator_65', 'generator_66', 'generator_67', 'generator_68', 'generator_69', 'generator_27']
number opened: 2
TRIAL 48
Action chosen: (blue, pink)
Outcome: False
partcle ids: ['generator_26', 'generator_43', 'generator_44', 'generator_45', 'generator_46', 'generator_47', 'generator_48', 'generator_49', 'generator_50', 'generator_51', 'generator_52', 'generator_53', 'generator_54', 'generator_55', 'generator_56', 'generator_57', 'generator_58', 'generator_26', 'generator_27', 'generator_60', 'generator_61', 'generator_62', 'generator_63', 'generator_64', 'generator_65', 'generator_66', 'generator_67', 'generator_68', 'generator_69', 'generator_27']
number opened: 2
TRIAL 49
Action chosen: (diamond, pink)
Outcome: False
partcle ids: ['generator_26', 'generator_43', 'generator_44', 'generator_45', 'generator_46', 'generator_47', 'generator_48', 'generator_49', 'generator_50', 'generator_51', 'generator_52', 'generator_53', 'generator_54', 'generator_55', 'generator_56', 'generator_57', 'generator_58', 'generator_26', 'generator_27', 'generator_60', 'generator_61', 'generator_62', 'generator_63', 'generator_64', 'generator_65', 'generator_66', 'generator_67', 'generator_68', 'generator_69', 'generator_27']
number opened: 2
TRIAL 50
Action chosen: (pink, white)
Outcome: False
partcle ids: ['generator_26', 'generator_43', 'generator_44', 'generator_45', 'generator_46', 'generator_47', 'generator_48', 'generator_49', 'generator_50', 'generator_51', 'generator_52', 'generator_53', 'generator_54', 'generator_55', 'generator_56', 'generator_57', 'generator_58', 'generator_26', 'generator_27', 'generator_60', 'generator_61', 'generator_62', 'generator_63', 'generator_64', 'generator_65', 'generator_66', 'generator_67', 'generator_68', 'generator_69', 'generator_27']
number opened: 2
TRIAL 51
Action chosen: (orange4, white)
Outcome: True
partcle ids: ['generator_70', 'generator_71', 'generator_63', 'generator_73', 'generator_63', 'generator_70', 'generator_63', 'generator_75', 'generator_71', 'generator_76', 'generator_77', 'generator_63', 'generator_78', 'generator_63', 'generator_80', 'generator_81', 'generator_82', 'generator_83', 'generator_84', 'generator_85', 'generator_86', 'generator_87', 'generator_76', 'generator_63', 'generator_63', 'generator_63', 'generator_90', 'generator_91', 'generator_91', 'generator_63']
number opened: 3
TRIAL 52
Action chosen: (white, purple)
Outcome: False
partcle ids: ['generator_70', 'generator_71', 'generator_63', 'generator_73', 'generator_63', 'generator_70', 'generator_63', 'generator_75', 'generator_71', 'generator_76', 'generator_77', 'generator_63', 'generator_78', 'generator_63', 'generator_80', 'generator_81', 'generator_82', 'generator_83', 'generator_84', 'generator_85', 'generator_86', 'generator_87', 'generator_76', 'generator_63', 'generator_63', 'generator_63', 'generator_90', 'generator_91', 'generator_91', 'generator_63']
number opened: 3
TRIAL 53
Action chosen: (grey2, pink)
Outcome: True
partcle ids: ['number_match', 'generator_82', 'generator_91', 'generator_92', 'generator_86', 'generator_92', 'generator_84', 'generator_84', 'generator_84', 'generator_86', 'generator_94', 'generator_86', 'generator_82', 'generator_91', 'number_match', 'generator_82', 'generator_91', 'generator_86', 'number_match', 'generator_91', 'number_match', 'generator_86', 'generator_91', 'generator_91', 'generator_92', 'number_match', 'generator_86', 'generator_86', 'generator_82', 'generator_84']
number opened: 4
TRIAL 54
Action chosen: (diamond, purple)
Outcome: False
partcle ids: ['number_match', 'generator_82', 'generator_91', 'generator_92', 'generator_86', 'generator_92', 'generator_84', 'generator_84', 'generator_84', 'generator_86', 'generator_94', 'generator_86', 'generator_82', 'generator_91', 'number_match', 'generator_82', 'generator_91', 'generator_86', 'number_match', 'generator_91', 'number_match', 'generator_86', 'generator_91', 'generator_91', 'generator_92', 'number_match', 'generator_86', 'generator_86', 'generator_82', 'generator_84']
number opened: 4
TRIAL 55
Action chosen: (pink, purple)
Outcome: False
partcle ids: ['number_match', 'generator_82', 'generator_91', 'generator_92', 'generator_86', 'generator_92', 'generator_84', 'generator_84', 'generator_84', 'generator_86', 'generator_94', 'generator_86', 'generator_82', 'generator_91', 'number_match', 'generator_82', 'generator_91', 'generator_86', 'number_match', 'generator_91', 'number_match', 'generator_86', 'generator_91', 'generator_91', 'generator_92', 'number_match', 'generator_86', 'generator_86', 'generator_82', 'generator_84']
number opened: 4
TRIAL 56
Action chosen: (green3, purple)
Outcome: True
partcle ids: ['number_match', 'number_match', 'number_match', 'number_match', 'number_match', 'number_match', 'number_match', 'number_match', 'number_match', 'number_match', 'number_match', 'number_match', 'number_match', 'number_match', 'number_match', 'number_match', 'number_match', 'number_match', 'number_match', 'number_match', 'number_match', 'number_match', 'number_match', 'number_match', 'number_match', 'number_match', 'number_match', 'number_match', 'number_match', 'number_match']
number opened: 5
{"attempts": 56, "unique_key_box_pairs": 26, "revisit_attempts": 30, "revisit_rate": 0.5454545454545454, "attempts_before_abandoning_color_matching": 1, "color_matching_abandoned": true}
