{"Child_ID": "D027", "SoC_variant": "SoC-Full", "theta": [1, 3], "p_gen": 0.4, "true_prior": 0.02, "run_number": 12, "seed": 1740510624684939403}
TRIAL 1
Action chosen: (pink, pink)
Outcome: False
partcle ids: ['generator_1', 'generator_2', 'generator_3', 'similar_color_4', 'generator_4', 'shape_match', 'generator_5', 'generator_6', 'similar_color_1', 'generator_7', 'generator_8', 'similar_color_5', 'similar_color_11', 'generator_9', 'generator_10', 'generator_11', 'similar_color_5', 'generator_12', 'generator_13', 'generator_14', 'similar_color_7', 'similar_color_9', 'similar_color_7', 'similar_color_5', 'similar_color_5', 'generator_15', 'similar_color_6', 'generator_16', 'generator_17', 'similar_color_3']
number opened: 0
TRIAL 2
Action chosen: (pink, pink)
Outcome: False
partcle ids: ['generator_1', 'generator_2', 'generator_3', 'similar_color_4', 'generator_4', 'shape_match', 'generator_5', 'generator_6', 'similar_color_1', 'generator_7', 'generator_8', 'similar_color_5', 'similar_color_11', 'generator_9', 'generator_10', 'generator_11', 'similar_color_5', 'generator_12', 'generator_13', 'generator_14', 'similar_color_7', 'similar_color_9', 'similar_color_7', 'similar_color_5', 'similar_color_5', 'generator_15', 'similar_color_6', 'generator_16', 'generator_17', 'similar_color_3']
number opened: 0
TRIAL 3
Action chosen: (red, red)
Outcome: True
partcle ids: ['generator_8', 'generator_5', 'generator_18', 'color_match', 'similar_color_2', 'generator_19', 'generator_20', 'similar_color_9', 'similar_color_2', 'generator_1', 'generator_5', 'order_match', 'similar_color_6', 'generator_21', 'similar_color_9', 'generator_22', 'generator_23', 'order_match', 'generator_24', 'similar_color_5', 'color_match', 'generator_25', 'color_match', 'number_match', 'color_match', 'similar_color_13', 'generator_26', 'similar_color_6', 'similar_color_6', 'number_match']
number opened: 1
TRIAL 4
Action chosen: (pink, pink)
Outcome: False
partcle ids: ['generator_8', 'generator_5', 'generator_18', 'color_match', 'similar_color_2', 'generator_19', 'generator_20', 'similar_color_9', 'similar_color_2', 'generator_1', 'generator_5', 'order_match', 'similar_color_6', 'generator_21', 'similar_color_9', 'generator_22', 'generator_23', 'order_match', 'generator_24', 'similar_color_5', 'color_match', 'generator_25', 'color_match', 'number_match', 'color_match', 'similar_color_13', 'generator_26', 'similar_color_6', 'similar_color_6', 'number_match']
number opened: 1
TRIAL 5
Action chosen: (purple, purple)
Outcome: False
partcle ids: ['generator_8', 'generator_5', 'generator_18', 'color_match', 'similar_color_2', 'generator_19', 'generator_20', 'similar_color_9', 'similar_color_2', 'generator_1', 'generator_5', 'order_match', 'similar_color_6', 'generator_21', 'similar_color_9', 'generator_22', 'generator_23', 'order_match', 'generator_24', 'similar_color_5', 'color_match', 'generator_25', 'color_match', 'number_match', 'color_match', 'similar_color_13', 'generator_26', 'similar_color_6', 'similar_color_6', 'number_match']
number opened: 1
TRIAL 6
Action chosen: (purple, purple)
Outcome: False
partcle ids: ['generator_8', 'generator_5', 'generator_18', 'color_match', 'similar_color_2', 'generator_19', 'generator_20', 'similar_color_9', 'similar_color_2', 'generator_1', 'generator_5', 'order_match', 'similar_color_6', 'generator_21', 'similar_color_9', 'generator_22', 'generator_23', 'order_match', 'generator_24', 'similar_color_5', 'color_match', 'generator_25', 'color_match', 'number_match', 'color_match', 'similar_color_13', 'generator_26', 'similar_color_6', 'similar_color_6', 'number_match']
number opened: 1
TRIAL 7
Action chosen: (yellow5, blue)
Outcome: True
partcle ids: ['generator_27', 'generator_28', 'generator_22', 'generator_30', 'generator_31', 'number_match', 'generator_32', 'generator_33', 'generator_34', 'generator_35', 'generator_36', 'generator_37', 'number_match', 'generator_38', 'generator_39', 'number_match', 'generator_40', 'order_match', 'generator_41', 'generator_42', 'generator_43', 'generator_44', 'order_match', 'generator_45', 'generator_46', 'generator_47', 'generator_30', 'generator_20', 'generator_49', 'generator_50']
number opened: 2
TRIAL 8
Action chosen: (grey2, pink)
Outcome: True
partcle ids: ['generator_51', 'generator_52', 'generator_53', 'generator_54', 'generator_55', 'generator_35', 'generator_56', 'generator_57', 'generator_58', 'generator_59', 'generator_60', 'generator_61', 'generator_62', 'generator_63', 'generator_64', 'generator_56', 'generator_65', 'generator_66', 'generator_35', 'generator_68', 'generator_59', 'number_match', 'generator_69', 'generator_70', 'generator_71', 'generator_72', 'generator_73', 'generator_74', 'generator_69', 'generator_54']
number opened: 3
TRIAL 9
Action chosen: (heart, white)
Outcome: False
partcle ids: ['generator_51', 'generator_52', 'generator_53', 'generator_54', 'generator_55', 'generator_35', 'generator_56', 'generator_57', 'generator_58', 'generator_59', 'generator_60', 'generator_61', 'generator_62', 'generator_63', 'generator_64', 'generator_56', 'generator_65', 'generator_66', 'generator_35', 'generator_68', 'generator_59', 'number_match', 'generator_69', 'generator_70', 'generator_71', 'generator_72', 'generator_73', 'generator_74', 'generator_69', 'generator_54']
number opened: 3
TRIAL 10
Action chosen: (white, white)
Outcome: False
partcle ids: ['generator_51', 'generator_52', 'generator_53', 'generator_54', 'generator_55', 'generator_35', 'generator_56', 'generator_57', 'generator_58', 'generator_59', 'generator_60', 'generator_61', 'generator_62', 'generator_63', 'generator_64', 'generator_56', 'generator_65', 'generator_66', 'generator_35', 'generator_68', 'generator_59', 'number_match', 'generator_69', 'generator_70', 'generator_71', 'generator_72', 'generator_73', 'generator_74', 'generator_69', 'generator_54']
number opened: 3
TRIAL 11
Action chosen: (cloud, white)
Outcome: False
partcle ids: ['generator_51', 'generator_52', 'generator_53', 'generator_54', 'generator_55', 'generator_35', 'generator_56', 'generator_57', 'generator_58', 'generator_59', 'generator_60', 'generator_61', 'generator_62', 'generator_63', 'generator_64', 'generator_56', 'generator_65', 'generator_66', 'generator_35', 'generator_68', 'generator_59', 'number_match', 'generator_69', 'generator_70', 'generator_71', 'generator_72', 'generator_73', 'generator_74', 'generator_69', 'generator_54']
number opened: 3
TRIAL 12
Action chosen: (purple, white)
Outcome: False
partcle ids: ['generator_51', 'generator_52', 'generator_53', 'generator_54', 'generator_55', 'generator_35', 'generator_56', 'generator_57', 'generator_58', 'generator_59', 'generator_60', 'generator_61', 'generator_62', 'generator_63', 'generator_64', 'generator_56', 'generator_65', 'generator_66', 'generator_35', 'generator_68', 'generator_59', 'number_match', 'generator_69', 'generator_70', 'generator_71', 'generator_72', 'generator_73', 'generator_74', 'generator_69', 'generator_54']
number opened: 3
TRIAL 13
Action chosen: (diamond, white)
Outcome: False
partcle ids: ['generator_51', 'generator_52', 'generator_53', 'generator_54', 'generator_55', 'generator_35', 'generator_56', 'generator_57', 'generator_58', 'generator_59', 'generator_60', 'generator_61', 'generator_62', 'generator_63', 'generator_64', 'generator_56', 'generator_65', 'generator_66', 'generator_35', 'generator_68', 'generator_59', 'number_match', 'generator_69', 'generator_70', 'generator_71', 'generator_72', 'generator_73', 'generator_74', 'generator_69', 'generator_54']
number opened: 3
TRIAL 14
Action chosen: (triangle, white)
Outcome: False
partcle ids: ['generator_51', 'generator_52', 'generator_53', 'generator_54', 'generator_55', 'generator_35', 'generator_56', 'generator_57', 'generator_58', 'generator_59', 'generator_60', 'generator_61', 'generator_62', 'generator_63', 'generator_64', 'generator_56', 'generator_65', 'generator_66', 'generator_35', 'generator_68', 'generator_59', 'number_match', 'generator_69', 'generator_70', 'generator_71', 'generator_72', 'generator_73', 'generator_74', 'generator_69', 'generator_54']
number opened: 3
TRIAL 15
Action chosen: (white, purple)
Outcome: False
partcle ids: ['generator_51', 'generator_52', 'generator_53', 'generator_54', 'generator_55', 'generator_35', 'generator_56', 'generator_57', 'generator_58', 'generator_59', 'generator_60', 'generator_61', 'generator_62', 'generator_63', 'generator_64', 'generator_56', 'generator_65', 'generator_66', 'generator_35', 'generator_68', 'generator_59', 'number_match', 'generator_69', 'generator_70', 'generator_71', 'generator_72', 'generator_73', 'generator_74', 'generator_69', 'generator_54']
number opened: 3
TRIAL 16
Action chosen: (cloud, purple)
Outcome: False
partcle ids: ['generator_51', 'generator_52', 'generator_53', 'generator_54', 'generator_55', 'generator_35', 'generator_56', 'generator_57', 'generator_58', 'generator_59', 'generator_60', 'generator_61', 'generator_62', 'generator_63', 'generator_64', 'generator_56', 'generator_65', 'generator_66', 'generator_35', 'generator_68', 'generator_59', 'number_match', 'generator_69', 'generator_70', 'generator_71', 'generator_72', 'generator_73', 'generator_74', 'generator_69', 'generator_54']
number opened: 3
TRIAL 17
Action chosen: (orange4, purple)
Outcome: False
partcle ids: ['generator_51', 'generator_52', 'generator_53', 'generator_54', 'generator_55', 'generator_35', 'generator_56', 'generator_57', 'generator_58', 'generator_59', 'generator_60', 'generator_61', 'generator_62', 'generator_63', 'generator_64', 'generator_56', 'generator_65', 'generator_66', 'generator_35', 'generator_68', 'generator_59', 'number_match', 'generator_69', 'generator_70', 'generator_71', 'generator_72', 'generator_73', 'generator_74', 'generator_69', 'generator_54']
number opened: 3
TRIAL 18
Action chosen: (green3, purple)
Outcome: True
partcle ids: ['generator_75', 'number_match', 'generator_70', 'generator_70', 'generator_70', 'generator_70', 'generator_76', 'number_match', 'generator_71', 'generator_75', 'generator_76', 'generator_71', 'generator_70', 'generator_77', 'generator_76', 'generator_78', 'generator_75', 'generator_70', 'generator_77', 'number_match', 'generator_75', 'generator_79', 'generator_71', 'generator_76', 'generator_75', 'generator_75', 'number_match', 'generator_71', 'generator_78', 'generator_77']
number opened: 4
TRIAL 19
Action chosen: (cloud, white)
Outcome: False
partcle ids: ['generator_75', 'number_match', 'generator_70', 'generator_70', 'generator_70', 'generator_70', 'generator_76', 'number_match', 'generator_71', 'generator_75', 'generator_76', 'generator_71', 'generator_70', 'generator_77', 'generator_76', 'generator_78', 'generator_75', 'generator_70', 'generator_77', 'number_match', 'generator_75', 'generator_79', 'generator_71', 'generator_76', 'generator_75', 'generator_75', 'number_match', 'generator_71', 'generator_78', 'generator_77']
number opened: 4
TRIAL 20
Action chosen: (triangle, white)
Outcome: False
partcle ids: ['generator_75', 'number_match', 'generator_70', 'generator_70', 'generator_70', 'generator_70', 'generator_76', 'number_match', 'generator_71', 'generator_75', 'generator_76', 'generator_71', 'generator_70', 'generator_77', 'generator_76', 'generator_78', 'generator_75', 'generator_70', 'generator_77', 'number_match', 'generator_75', 'generator_79', 'generator_71', 'generator_76', 'generator_75', 'generator_75', 'number_match', 'generator_71', 'generator_78', 'generator_77']
number opened: 4
TRIAL 21
Action chosen: (white, white)
Outcome: False
partcle ids: ['generator_75', 'number_match', 'generator_70', 'generator_70', 'generator_70', 'generator_70', 'generator_76', 'number_match', 'generator_71', 'generator_75', 'generator_76', 'generator_71', 'generator_70', 'generator_77', 'generator_76', 'generator_78', 'generator_75', 'generator_70', 'generator_77', 'number_match', 'generator_75', 'generator_79', 'generator_71', 'generator_76', 'generator_75', 'generator_75', 'number_match', 'generator_71', 'generator_78', 'generator_77']
number opened: 4
TRIAL 22
Action chosen: (orange4, white)
Outcome: True
partcle ids: ['number_match', 'number_match', 'number_match', 'number_match', 'number_match', 'number_match', 'number_match', 'number_match', 'number_match', 'number_match', 'number_match', 'number_match', 'number_match', 'number_match', 'number_match', 'number_match', 'number_match', 'number_match', 'number_match', 'number_match', 'number_match', 'number_match', 'number_match', 'number_match', 'number_match', 'number_match', 'number_match', 'number_match', 'number_match', 'number_match']
number opened: 5
{"attempts": 22, "unique_key_box_pairs": 16, "revisit_attempts": 6, "revisit_rate": 0.2857142857142857, "attempts_before_abandoning_color_matching": 6, "color_matching_abandoned": true}
