{"Child_ID": "D027", "SoC_variant": "SoC-Full", "theta": [1, 3], "p_gen": 0.4, "true_prior": 0.02, "run_number": 35, "seed": 1934722976936141000}
TRIAL 1
Action chosen: (red, red)
Outcome: True
partcle ids: ['similar_color_14', 'similar_color_5', 'similar_color_8', 'similar_color_6', 'similar_color_1', 'color_match', 'generator_16', 'generator_17', 'generator_15', 'order_match', 'generator_18', 'similar_color_7', 'generator_19', 'similar_color_10', 'similar_color_8', 'similar_color_13', 'similar_color_9', 'generator_20', 'generator_21', 'similar_color_14', 'generator_15', 'similar_color_14', 'generator_22', 'generator_23', 'generator_24', 'similar_color_10', 'generator_25', 'generator_26', 'generator_27', 'similar_color_4']
number opened: 1
TRIAL 2
Action chosen: (purple, purple)
Outcome: False
partcle ids: ['similar_color_14', 'similar_color_5', 'similar_color_8', 'similar_color_6', 'similar_color_1', 'color_match', 'generator_16', 'generator_17', 'generator_15', 'order_match', 'generator_18', 'similar_color_7', 'generator_19', 'similar_color_10', 'similar_color_8', 'similar_color_13', 'similar_color_9', 'generator_20', 'generator_21', 'similar_color_14', 'generator_15', 'similar_color_14', 'generator_22', 'generator_23', 'generator_24', 'similar_color_10', 'generator_25', 'generator_26', 'generator_27', 'similar_color_4']
number opened: 1
TRIAL 3
Action chosen: (purple, purple)
Outcome: False
partcle ids: ['similar_color_14', 'similar_color_5', 'similar_color_8', 'similar_color_6', 'similar_color_1', 'color_match', 'generator_16', 'generator_17', 'generator_15', 'order_match', 'generator_18', 'similar_color_7', 'generator_19', 'similar_color_10', 'similar_color_8', 'similar_color_13', 'similar_color_9', 'generator_20', 'generator_21', 'similar_color_14', 'generator_15', 'similar_color_14', 'generator_22', 'generator_23', 'generator_24', 'similar_color_10', 'generator_25', 'generator_26', 'generator_27', 'similar_color_4']
number opened: 1
TRIAL 4
Action chosen: (pink, pink)
Outcome: False
partcle ids: ['similar_color_14', 'similar_color_5', 'similar_color_8', 'similar_color_6', 'similar_color_1', 'color_match', 'generator_16', 'generator_17', 'generator_15', 'order_match', 'generator_18', 'similar_color_7', 'generator_19', 'similar_color_10', 'similar_color_8', 'similar_color_13', 'similar_color_9', 'generator_20', 'generator_21', 'similar_color_14', 'generator_15', 'similar_color_14', 'generator_22', 'generator_23', 'generator_24', 'similar_color_10', 'generator_25', 'generator_26', 'generator_27', 'similar_color_4']
number opened: 1
TRIAL 5
Action chosen: (grey2, pink)
Outcome: True
partcle ids: ['generator_28', 'generator_29', 'generator_30', 'generator_31', 'generator_32', 'generator_33', 'generator_34', 'generator_35', 'generator_36', 'generator_24', 'generator_37', 'generator_38', 'generator_39', 'generator_40', 'generator_25', 'generator_41', 'generator_42', 'generator_43', 'generator_44', 'generator_45', 'generator_46', 'generator_15', 'generator_48', 'generator_21', 'generator_49', 'generator_15', 'generator_50', 'generator_51', 'generator_52', 'generator_53']
number opened: 2
TRIAL 6
Action chosen: (triangle, purple)
Outcome: False
partcle ids: ['generator_28', 'generator_29', 'generator_30', 'generator_31', 'generator_32', 'generator_33', 'generator_34', 'generator_35', 'generator_36', 'generator_24', 'generator_37', 'generator_38', 'generator_39', 'generator_40', 'generator_25', 'generator_41', 'generator_42', 'generator_43', 'generator_44', 'generator_45', 'generator_46', 'generator_15', 'generator_48', 'generator_21', 'generator_49', 'generator_15', 'generator_50', 'generator_51', 'generator_52', 'generator_53']
number opened: 2
TRIAL 7
Action chosen: (blue, purple)
Outcome: False
partcle ids: ['generator_28', 'generator_29', 'generator_30', 'generator_31', 'generator_32', 'generator_33', 'generator_34', 'generator_35', 'generator_36', 'generator_24', 'generator_37', 'generator_38', 'generator_39', 'generator_40', 'generator_25', 'generator_41', 'generator_42', 'generator_43', 'generator_44', 'generator_45', 'generator_46', 'generator_15', 'generator_48', 'generator_21', 'generator_49', 'generator_15', 'generator_50', 'generator_51', 'generator_52', 'generator_53']
number opened: 2
TRIAL 8
Action chosen: (white, white)
Outcome: False
partcle ids: ['generator_28', 'generator_29', 'generator_30', 'generator_31', 'generator_32', 'generator_33', 'generator_34', 'generator_35', 'generator_36', 'generator_24', 'generator_37', 'generator_38', 'generator_39', 'generator_40', 'generator_25', 'generator_41', 'generator_42', 'generator_43', 'generator_44', 'generator_45', 'generator_46', 'generator_15', 'generator_48', 'generator_21', 'generator_49', 'generator_15', 'generator_50', 'generator_51', 'generator_52', 'generator_53']
number opened: 2
TRIAL 9
Action chosen: (triangle, white)
Outcome: False
partcle ids: ['generator_28', 'generator_29', 'generator_30', 'generator_31', 'generator_32', 'generator_33', 'generator_34', 'generator_35', 'generator_36', 'generator_24', 'generator_37', 'generator_38', 'generator_39', 'generator_40', 'generator_25', 'generator_41', 'generator_42', 'generator_43', 'generator_44', 'generator_45', 'generator_46', 'generator_15', 'generator_48', 'generator_21', 'generator_49', 'generator_15', 'generator_50', 'generator_51', 'generator_52', 'generator_53']
number opened: 2
TRIAL 10
Action chosen: (orange4, white)
Outcome: True
partcle ids: ['generator_54', 'generator_51', 'generator_28', 'generator_56', 'generator_32', 'generator_57', 'generator_58', 'generator_59', 'generator_59', 'generator_60', 'number_match', 'generator_61', 'generator_62', 'generator_63', 'generator_64', 'generator_65', 'generator_28', 'generator_67', 'generator_68', 'generator_69', 'generator_70', 'generator_71', 'generator_28', 'generator_72', 'generator_73', 'generator_61', 'generator_73', 'generator_74', 'generator_75', 'generator_60']
number opened: 3
TRIAL 11
Action chosen: (white, blue)
Outcome: False
partcle ids: ['generator_54', 'generator_51', 'generator_28', 'generator_56', 'generator_32', 'generator_57', 'generator_58', 'generator_59', 'generator_59', 'generator_60', 'number_match', 'generator_61', 'generator_62', 'generator_63', 'generator_64', 'generator_65', 'generator_28', 'generator_67', 'generator_68', 'generator_69', 'generator_70', 'generator_71', 'generator_28', 'generator_72', 'generator_73', 'generator_61', 'generator_73', 'generator_74', 'generator_75', 'generator_60']
number opened: 3
TRIAL 12
Action chosen: (yellow5, purple)
Outcome: False
partcle ids: ['generator_54', 'generator_51', 'generator_28', 'generator_56', 'generator_32', 'generator_57', 'generator_58', 'generator_59', 'generator_59', 'generator_60', 'number_match', 'generator_61', 'generator_62', 'generator_63', 'generator_64', 'generator_65', 'generator_28', 'generator_67', 'generator_68', 'generator_69', 'generator_70', 'generator_71', 'generator_28', 'generator_72', 'generator_73', 'generator_61', 'generator_73', 'generator_74', 'generator_75', 'generator_60']
number opened: 3
TRIAL 13
Action chosen: (heart, purple)
Outcome: False
partcle ids: ['generator_54', 'generator_51', 'generator_28', 'generator_56', 'generator_32', 'generator_57', 'generator_58', 'generator_59', 'generator_59', 'generator_60', 'number_match', 'generator_61', 'generator_62', 'generator_63', 'generator_64', 'generator_65', 'generator_28', 'generator_67', 'generator_68', 'generator_69', 'generator_70', 'generator_71', 'generator_28', 'generator_72', 'generator_73', 'generator_61', 'generator_73', 'generator_74', 'generator_75', 'generator_60']
number opened: 3
TRIAL 14
Action chosen: (diamond, purple)
Outcome: False
partcle ids: ['generator_54', 'generator_51', 'generator_28', 'generator_56', 'generator_32', 'generator_57', 'generator_58', 'generator_59', 'generator_59', 'generator_60', 'number_match', 'generator_61', 'generator_62', 'generator_63', 'generator_64', 'generator_65', 'generator_28', 'generator_67', 'generator_68', 'generator_69', 'generator_70', 'generator_71', 'generator_28', 'generator_72', 'generator_73', 'generator_61', 'generator_73', 'generator_74', 'generator_75', 'generator_60']
number opened: 3
TRIAL 15
Action chosen: (diamond, blue)
Outcome: False
partcle ids: ['generator_54', 'generator_51', 'generator_28', 'generator_56', 'generator_32', 'generator_57', 'generator_58', 'generator_59', 'generator_59', 'generator_60', 'number_match', 'generator_61', 'generator_62', 'generator_63', 'generator_64', 'generator_65', 'generator_28', 'generator_67', 'generator_68', 'generator_69', 'generator_70', 'generator_71', 'generator_28', 'generator_72', 'generator_73', 'generator_61', 'generator_73', 'generator_74', 'generator_75', 'generator_60']
number opened: 3
TRIAL 16
Action chosen: (pink, purple)
Outcome: False
partcle ids: ['generator_54', 'generator_51', 'generator_28', 'generator_56', 'generator_32', 'generator_57', 'generator_58', 'generator_59', 'generator_59', 'generator_60', 'number_match', 'generator_61', 'generator_62', 'generator_63', 'generator_64', 'generator_65', 'generator_28', 'generator_67', 'generator_68', 'generator_69', 'generator_70', 'generator_71', 'generator_28', 'generator_72', 'generator_73', 'generator_61', 'generator_73', 'generator_74', 'generator_75', 'generator_60']
number opened: 3
TRIAL 17
Action chosen: (blue, blue)
Outcome: False
partcle ids: ['generator_54', 'generator_51', 'generator_28', 'generator_56', 'generator_32', 'generator_57', 'generator_58', 'generator_59', 'generator_59', 'generator_60', 'number_match', 'generator_61', 'generator_62', 'generator_63', 'generator_64', 'generator_65', 'generator_28', 'generator_67', 'generator_68', 'generator_69', 'generator_70', 'generator_71', 'generator_28', 'generator_72', 'generator_73', 'generator_61', 'generator_73', 'generator_74', 'generator_75', 'generator_60']
number opened: 3
TRIAL 18
Action chosen: (yellow5, purple)
Outcome: False
partcle ids: ['generator_54', 'generator_51', 'generator_28', 'generator_56', 'generator_32', 'generator_57', 'generator_58', 'generator_59', 'generator_59', 'generator_60', 'number_match', 'generator_61', 'generator_62', 'generator_63', 'generator_64', 'generator_65', 'generator_28', 'generator_67', 'generator_68', 'generator_69', 'generator_70', 'generator_71', 'generator_28', 'generator_72', 'generator_73', 'generator_61', 'generator_73', 'generator_74', 'generator_75', 'generator_60']
number opened: 3
TRIAL 19
Action chosen: (white, blue)
Outcome: False
partcle ids: ['generator_54', 'generator_51', 'generator_28', 'generator_56', 'generator_32', 'generator_57', 'generator_58', 'generator_59', 'generator_59', 'generator_60', 'number_match', 'generator_61', 'generator_62', 'generator_63', 'generator_64', 'generator_65', 'generator_28', 'generator_67', 'generator_68', 'generator_69', 'generator_70', 'generator_71', 'generator_28', 'generator_72', 'generator_73', 'generator_61', 'generator_73', 'generator_74', 'generator_75', 'generator_60']
number opened: 3
TRIAL 20
Action chosen: (purple, blue)
Outcome: False
partcle ids: ['generator_54', 'generator_51', 'generator_28', 'generator_56', 'generator_32', 'generator_57', 'generator_58', 'generator_59', 'generator_59', 'generator_60', 'number_match', 'generator_61', 'generator_62', 'generator_63', 'generator_64', 'generator_65', 'generator_28', 'generator_67', 'generator_68', 'generator_69', 'generator_70', 'generator_71', 'generator_28', 'generator_72', 'generator_73', 'generator_61', 'generator_73', 'generator_74', 'generator_75', 'generator_60']
number opened: 3
TRIAL 21
Action chosen: (heart, purple)
Outcome: False
partcle ids: ['generator_54', 'generator_51', 'generator_28', 'generator_56', 'generator_32', 'generator_57', 'generator_58', 'generator_59', 'generator_59', 'generator_60', 'number_match', 'generator_61', 'generator_62', 'generator_63', 'generator_64', 'generator_65', 'generator_28', 'generator_67', 'generator_68', 'generator_69', 'generator_70', 'generator_71', 'generator_28', 'generator_72', 'generator_73', 'generator_61', 'generator_73', 'generator_74', 'generator_75', 'generator_60']
number opened: 3
TRIAL 22
Action chosen: (green3, purple)
Outcome: True
partcle ids: ['generator_76', 'generator_25', 'generator_77', 'number_match', 'generator_77', 'number_match', 'generator_78', 'generator_63', 'generator_79', 'generator_76', 'generator_63', 'generator_25', 'generator_80', 'generator_57', 'generator_77', 'generator_78', 'generator_63', 'number_match', 'number_match', 'generator_79', 'generator_79', 'generator_63', 'generator_25', 'generator_25', 'generator_57', 'generator_80', 'generator_63', 'number_match', 'generator_80', 'generator_76']
number opened: 4
TRIAL 23
Action chosen: (yellow5, blue)
Outcome: True
partcle ids: ['number_match', 'number_match', 'number_match', 'number_match', 'number_match', 'number_match', 'number_match', 'number_match', 'number_match', 'number_match', 'number_match', 'number_match', 'number_match', 'number_match', 'number_match', 'number_match', 'number_match', 'number_match', 'number_match', 'number_match', 'number_match', 'number_match', 'number_match', 'number_match', 'number_match', 'number_match', 'number_match', 'number_match', 'number_match', 'number_match']
number opened: 5
{"attempts": 23, "unique_key_box_pairs": 19, "revisit_attempts": 4, "revisit_rate": 0.18181818181818182, "attempts_before_abandoning_color_matching": 4, "color_matching_abandoned": true}
