{"Child_ID": "D027", "SoC_variant": "SoC-Full", "theta": [1, 3], "p_gen": 0.4, "true_prior": 0.02, "run_number": 57, "seed": 6707951853891914672}
TRIAL 1
Action chosen: (purple, purple)
Outcome: False
partcle ids: ['generator_1', 'similar_color_3', 'generator_2', 'generator_3', 'generator_4', 'generator_5', 'color_match', 'similar_color_14', 'generator_6', 'generator_7', 'similar_color_11', 'similar_color_5', 'generator_8', 'similar_color_4', 'generator_9', 'generator_10', 'similar_color_7', 'color_match', 'similar_color_14', 'similar_color_7', 'similar_color_3', 'generator_11', 'generator_12', 'generator_13', 'color_match', 'generator_14', 'generator_15', 'order_match', 'number_match', 'similar_color_9']
number opened: 0
TRIAL 2
Action chosen: (purple, purple)
Outcome: False
partcle ids: ['generator_1', 'similar_color_3', 'generator_2', 'generator_3', 'generator_4', 'generator_5', 'color_match', 'similar_color_14', 'generator_6', 'generator_7', 'similar_color_11', 'similar_color_5', 'generator_8', 'similar_color_4', 'generator_9', 'generator_10', 'similar_color_7', 'color_match', 'similar_color_14', 'similar_color_7', 'similar_color_3', 'generator_11', 'generator_12', 'generator_13', 'color_match', 'generator_14', 'generator_15', 'order_match', 'number_match', 'similar_color_9']
number opened: 0
TRIAL 3
Action chosen: (pink, pink)
Outcome: False
partcle ids: ['generator_1', 'similar_color_3', 'generator_2', 'generator_3', 'generator_4', 'generator_5', 'color_match', 'similar_color_14', 'generator_6', 'generator_7', 'similar_color_11', 'similar_color_5', 'generator_8', 'similar_color_4', 'generator_9', 'generator_10', 'similar_color_7', 'color_match', 'similar_color_14', 'similar_color_7', 'similar_color_3', 'generator_11', 'generator_12', 'generator_13', 'color_match', 'generator_14', 'generator_15', 'order_match', 'number_match', 'similar_color_9']
number opened: 0
TRIAL 4
Action chosen: (pink, pink)
Outcome: False
partcle ids: ['generator_1', 'similar_color_3', 'generator_2', 'generator_3', 'generator_4', 'generator_5', 'color_match', 'similar_color_14', 'generator_6', 'generator_7', 'similar_color_11', 'similar_color_5', 'generator_8', 'similar_color_4', 'generator_9', 'generator_10', 'similar_color_7', 'color_match', 'similar_color_14', 'similar_color_7', 'similar_color_3', 'generator_11', 'generator_12', 'generator_13', 'color_match', 'generator_14', 'generator_15', 'order_match', 'number_match', 'similar_color_9']
number opened: 0
TRIAL 5
Action chosen: (red, red)
Outcome: True
partcle ids: ['order_match', 'generator_16', 'similar_color_1', 'generator_17', 'order_match', 'similar_color_8', 'order_match', 'generator_18', 'generator_19', 'generator_20', 'number_match', 'order_match', 'generator_21', 'generator_22', 'generator_23', 'similar_color_8', 'generator_24', 'similar_color_3', 'generator_25', 'order_match', 'similar_color_4', 'generator_26', 'similar_color_5', 'generator_15', 'generator_27', 'number_match', 'generator_28', 'similar_color_1', 'generator_29', 'similar_color_10']
number opened: 1
TRIAL 6
Action chosen: (grey2, pink)
Outcome: True
partcle ids: ['generator_30', 'generator_31', 'generator_32', 'generator_33', 'generator_34', 'generator_35', 'generator_19', 'generator_36', 'generator_37', 'generator_38', 'generator_39', 'generator_40', 'generator_41', 'generator_42', 'generator_13', 'generator_43', 'generator_44', 'generator_45', 'generator_46', 'generator_47', 'generator_48', 'generator_49', 'generator_50', 'generator_51', 'generator_52', 'generator_53', 'generator_54', 'generator_55', 'order_match', 'generator_56']
number opened: 2
TRIAL 7
Action chosen: (yellow5, blue)
Outcome: True
partcle ids: ['generator_57', 'generator_57', 'generator_52', 'generator_58', 'generator_59', 'generator_60', 'generator_61', 'generator_56', 'generator_57', 'generator_32', 'generator_62', 'generator_63', 'generator_64', 'order_match', 'generator_58', 'generator_56', 'generator_56', 'generator_66', 'generator_67', 'generator_68', 'generator_69', 'generator_70', 'generator_52', 'generator_71', 'order_match', 'generator_72', 'generator_62', 'generator_73', 'generator_32', 'generator_74']
number opened: 3
TRIAL 8
Action chosen: (white, purple)
Outcome: False
partcle ids: ['generator_57', 'generator_57', 'generator_52', 'generator_58', 'generator_59', 'generator_60', 'generator_61', 'generator_56', 'generator_57', 'generator_32', 'generator_62', 'generator_63', 'generator_64', 'order_match', 'generator_58', 'generator_56', 'generator_56', 'generator_66', 'generator_67', 'generator_68', 'generator_69', 'generator_70', 'generator_52', 'generator_71', 'order_match', 'generator_72', 'generator_62', 'generator_73', 'generator_32', 'generator_74']
number opened: 3
TRIAL 9
Action chosen: (white, white)
Outcome: False
partcle ids: ['generator_57', 'generator_57', 'generator_52', 'generator_58', 'generator_59', 'generator_60', 'generator_61', 'generator_56', 'generator_57', 'generator_32', 'generator_62', 'generator_63', 'generator_64', 'order_match', 'generator_58', 'generator_56', 'generator_56', 'generator_66', 'generator_67', 'generator_68', 'generator_69', 'generator_70', 'generator_52', 'generator_71', 'order_match', 'generator_72', 'generator_62', 'generator_73', 'generator_32', 'generator_74']
number opened: 3
TRIAL 10
Action chosen: (green3, white)
Outcome: False
partcle ids: ['generator_57', 'generator_57', 'generator_52', 'generator_58', 'generator_59', 'generator_60', 'generator_61', 'generator_56', 'generator_57', 'generator_32', 'generator_62', 'generator_63', 'generator_64', 'order_match', 'generator_58', 'generator_56', 'generator_56', 'generator_66', 'generator_67', 'generator_68', 'generator_69', 'generator_70', 'generator_52', 'generator_71', 'order_match', 'generator_72', 'generator_62', 'generator_73', 'generator_32', 'generator_74']
number opened: 3
TRIAL 11
Action chosen: (cloud, purple)
Outcome: False
partcle ids: ['generator_57', 'generator_57', 'generator_52', 'generator_58', 'generator_59', 'generator_60', 'generator_61', 'generator_56', 'generator_57', 'generator_32', 'generator_62', 'generator_63', 'generator_64', 'order_match', 'generator_58', 'generator_56', 'generator_56', 'generator_66', 'generator_67', 'generator_68', 'generator_69', 'generator_70', 'generator_52', 'generator_71', 'order_match', 'generator_72', 'generator_62', 'generator_73', 'generator_32', 'generator_74']
number opened: 3
TRIAL 12
Action chosen: (heart, purple)
Outcome: False
partcle ids: ['generator_57', 'generator_57', 'generator_52', 'generator_58', 'generator_59', 'generator_60', 'generator_61', 'generator_56', 'generator_57', 'generator_32', 'generator_62', 'generator_63', 'generator_64', 'order_match', 'generator_58', 'generator_56', 'generator_56', 'generator_66', 'generator_67', 'generator_68', 'generator_69', 'generator_70', 'generator_52', 'generator_71', 'order_match', 'generator_72', 'generator_62', 'generator_73', 'generator_32', 'generator_74']
number opened: 3
TRIAL 13
Action chosen: (white, purple)
Outcome: False
partcle ids: ['generator_57', 'generator_57', 'generator_52', 'generator_58', 'generator_59', 'generator_60', 'generator_61', 'generator_56', 'generator_57', 'generator_32', 'generator_62', 'generator_63', 'generator_64', 'order_match', 'generator_58', 'generator_56', 'generator_56', 'generator_66', 'generator_67', 'generator_68', 'generator_69', 'generator_70', 'generator_52', 'generator_71', 'order_match', 'generator_72', 'generator_62', 'generator_73', 'generator_32', 'generator_74']
number opened: 3
TRIAL 14
Action chosen: (triangle, purple)
Outcome: False
partcle ids: ['generator_57', 'generator_57', 'generator_52', 'generator_58', 'generator_59', 'generator_60', 'generator_61', 'generator_56', 'generator_57', 'generator_32', 'generator_62', 'generator_63', 'generator_64', 'order_match', 'generator_58', 'generator_56', 'generator_56', 'generator_66', 'generator_67', 'generator_68', 'generator_69', 'generator_70', 'generator_52', 'generator_71', 'order_match', 'generator_72', 'generator_62', 'generator_73', 'generator_32', 'generator_74']
number opened: 3
TRIAL 15
Action chosen: (pink, purple)
Outcome: False
partcle ids: ['generator_57', 'generator_57', 'generator_52', 'generator_58', 'generator_59', 'generator_60', 'generator_61', 'generator_56', 'generator_57', 'generator_32', 'generator_62', 'generator_63', 'generator_64', 'order_match', 'generator_58', 'generator_56', 'generator_56', 'generator_66', 'generator_67', 'generator_68', 'generator_69', 'generator_70', 'generator_52', 'generator_71', 'order_match', 'generator_72', 'generator_62', 'generator_73', 'generator_32', 'generator_74']
number opened: 3
TRIAL 16
Action chosen: (orange4, purple)
Outcome: False
partcle ids: ['generator_57', 'generator_57', 'generator_52', 'generator_58', 'generator_59', 'generator_60', 'generator_61', 'generator_56', 'generator_57', 'generator_32', 'generator_62', 'generator_63', 'generator_64', 'order_match', 'generator_58', 'generator_56', 'generator_56', 'generator_66', 'generator_67', 'generator_68', 'generator_69', 'generator_70', 'generator_52', 'generator_71', 'order_match', 'generator_72', 'generator_62', 'generator_73', 'generator_32', 'generator_74']
number opened: 3
TRIAL 17
Action chosen: (green3, purple)
Outcome: True
partcle ids: ['generator_75', 'generator_76', 'generator_77', 'generator_76', 'generator_78', 'generator_79', 'number_match', 'generator_79', 'number_match', 'generator_77', 'generator_75', 'generator_80', 'generator_79', 'generator_80', 'generator_76', 'generator_63', 'generator_75', 'generator_76', 'generator_79', 'generator_75', 'generator_79', 'generator_76', 'generator_75', 'generator_79', 'generator_77', 'generator_63', 'generator_63', 'generator_79', 'generator_77', 'generator_77']
number opened: 4
TRIAL 18
Action chosen: (diamond, white)
Outcome: False
partcle ids: ['generator_75', 'generator_76', 'generator_77', 'generator_76', 'generator_78', 'generator_79', 'number_match', 'generator_79', 'number_match', 'generator_77', 'generator_75', 'generator_80', 'generator_79', 'generator_80', 'generator_76', 'generator_63', 'generator_75', 'generator_76', 'generator_79', 'generator_75', 'generator_79', 'generator_76', 'generator_75', 'generator_79', 'generator_77', 'generator_63', 'generator_63', 'generator_79', 'generator_77', 'generator_77']
number opened: 4
TRIAL 19
Action chosen: (cloud, white)
Outcome: False
partcle ids: ['generator_75', 'generator_76', 'generator_77', 'generator_76', 'generator_78', 'generator_79', 'number_match', 'generator_79', 'number_match', 'generator_77', 'generator_75', 'generator_80', 'generator_79', 'generator_80', 'generator_76', 'generator_63', 'generator_75', 'generator_76', 'generator_79', 'generator_75', 'generator_79', 'generator_76', 'generator_75', 'generator_79', 'generator_77', 'generator_63', 'generator_63', 'generator_79', 'generator_77', 'generator_77']
number opened: 4
TRIAL 20
Action chosen: (purple, white)
Outcome: False
partcle ids: ['generator_75', 'generator_76', 'generator_77', 'generator_76', 'generator_78', 'generator_79', 'number_match', 'generator_79', 'number_match', 'generator_77', 'generator_75', 'generator_80', 'generator_79', 'generator_80', 'generator_76', 'generator_63', 'generator_75', 'generator_76', 'generator_79', 'generator_75', 'generator_79', 'generator_76', 'generator_75', 'generator_79', 'generator_77', 'generator_63', 'generator_63', 'generator_79', 'generator_77', 'generator_77']
number opened: 4
TRIAL 21
Action chosen: (triangle, white)
Outcome: False
partcle ids: ['generator_75', 'generator_76', 'generator_77', 'generator_76', 'generator_78', 'generator_79', 'number_match', 'generator_79', 'number_match', 'generator_77', 'generator_75', 'generator_80', 'generator_79', 'generator_80', 'generator_76', 'generator_63', 'generator_75', 'generator_76', 'generator_79', 'generator_75', 'generator_79', 'generator_76', 'generator_75', 'generator_79', 'generator_77', 'generator_63', 'generator_63', 'generator_79', 'generator_77', 'generator_77']
number opened: 4
TRIAL 22
Action chosen: (heart, white)
Outcome: False
partcle ids: ['generator_75', 'generator_76', 'generator_77', 'generator_76', 'generator_78', 'generator_79', 'number_match', 'generator_79', 'number_match', 'generator_77', 'generator_75', 'generator_80', 'generator_79', 'generator_80', 'generator_76', 'generator_63', 'generator_75', 'generator_76', 'generator_79', 'generator_75', 'generator_79', 'generator_76', 'generator_75', 'generator_79', 'generator_77', 'generator_63', 'generator_63', 'generator_79', 'generator_77', 'generator_77']
number opened: 4
TRIAL 23
Action chosen: (diamond, white)
Outcome: False
partcle ids: ['generator_75', 'generator_76', 'generator_77', 'generator_76', 'generator_78', 'generator_79', 'number_match', 'generator_79', 'number_match', 'generator_77', 'generator_75', 'generator_80', 'generator_79', 'generator_80', 'generator_76', 'generator_63', 'generator_75', 'generator_76', 'generator_79', 'generator_75', 'generator_79', 'generator_76', 'generator_75', 'generator_79', 'generator_77', 'generator_63', 'generator_63', 'generator_79', 'generator_77', 'generator_77']
number opened: 4
TRIAL 24
Action chosen: (triangle, white)
Outcome: False
partcle ids: ['generator_75', 'generator_76', 'generator_77', 'generator_76', 'generator_78', 'generator_79', 'number_match', 'generator_79', 'number_match', 'generator_77', 'generator_75', 'generator_80', 'generator_79', 'generator_80', 'generator_76', 'generator_63', 'generator_75', 'generator_76', 'generator_79', 'generator_75', 'generator_79', 'generator_76', 'generator_75', 'generator_79', 'generator_77', 'generator_63', 'generator_63', 'generator_79', 'generator_77', 'generator_77']
number opened: 4
TRIAL 25
Action chosen: (purple, white)
Outcome: False
partcle ids: ['generator_75', 'generator_76', 'generator_77', 'generator_76', 'generator_78', 'generator_79', 'number_match', 'generator_79', 'number_match', 'generator_77', 'generator_75', 'generator_80', 'generator_79', 'generator_80', 'generator_76', 'generator_63', 'generator_75', 'generator_76', 'generator_79', 'generator_75', 'generator_79', 'generator_76', 'generator_75', 'generator_79', 'generator_77', 'generator_63', 'generator_63', 'generator_79', 'generator_77', 'generator_77']
number opened: 4
TRIAL 26
Action chosen: (cloud, white)
Outcome: False
partcle ids: ['generator_75', 'generator_76', 'generator_77', 'generator_76', 'generator_78', 'generator_79', 'number_match', 'generator_79', 'number_match', 'generator_77', 'generator_75', 'generator_80', 'generator_79', 'generator_80', 'generator_76', 'generator_63', 'generator_75', 'generator_76', 'generator_79', 'generator_75', 'generator_79', 'generator_76', 'generator_75', 'generator_79', 'generator_77', 'generator_63', 'generator_63', 'generator_79', 'generator_77', 'generator_77']
number opened: 4
TRIAL 27
Action chosen: (orange4, white)
Outcome: True
partcle ids: ['number_match', 'number_match', 'number_match', 'number_match', 'number_match', 'number_match', 'number_match', 'number_match', 'number_match', 'number_match', 'number_match', 'number_match', 'number_match', 'number_match', 'number_match', 'number_match', 'number_match', 'number_match', 'number_match', 'number_match', 'number_match', 'number_match', 'number_match', 'number_match', 'number_match', 'number_match', 'number_match', 'number_match', 'number_match', 'number_match']
number opened: 5
{"attempts": 27, "unique_key_box_pairs": 20, "revisit_attempts": 7, "revisit_rate": 0.2692307692307692, "attempts_before_abandoning_color_matching": 5, "color_matching_abandoned": true}
