{"Child_ID": "D034", "SoC_variant": "SoC-Gen", "theta": [19, 1], "p_gen": 0.9, "true_prior": 0.02, "run_number": 42, "seed": 5756707697059366566}
TRIAL 1
Action chosen: (triangle, white)
Outcome: False
partcle ids: ['shape_match', 'generator_1', 'generator_2', 'generator_3', 'generator_4', 'generator_5', 'generator_6', 'generator_7', 'generator_8', 'generator_9', 'generator_10', 'generator_11', 'generator_12', 'generator_13', 'generator_14', 'generator_15', 'generator_16', 'generator_17', 'similar_color_3', 'generator_18', 'generator_19', 'shape_match', 'generator_20', 'generator_21', 'generator_22', 'generator_23', 'generator_24', 'generator_25', 'generator_26', 'generator_27']
number opened: 0
TRIAL 2
Action chosen: (yellow5, red)
Outcome: False
partcle ids: ['shape_match', 'generator_1', 'generator_2', 'generator_3', 'generator_4', 'generator_5', 'generator_6', 'generator_7', 'generator_8', 'generator_9', 'generator_10', 'generator_11', 'generator_12', 'generator_13', 'generator_14', 'generator_15', 'generator_16', 'generator_17', 'similar_color_3', 'generator_18', 'generator_19', 'shape_match', 'generator_20', 'generator_21', 'generator_22', 'generator_23', 'generator_24', 'generator_25', 'generator_26', 'generator_27']
number opened: 0
TRIAL 3
Action chosen: (orange4, blue)
Outcome: False
partcle ids: ['shape_match', 'generator_1', 'generator_2', 'generator_3', 'generator_4', 'generator_5', 'generator_6', 'generator_7', 'generator_8', 'generator_9', 'generator_10', 'generator_11', 'generator_12', 'generator_13', 'generator_14', 'generator_15', 'generator_16', 'generator_17', 'similar_color_3', 'generator_18', 'generator_19', 'shape_match', 'generator_20', 'generator_21', 'generator_22', 'generator_23', 'generator_24', 'generator_25', 'generator_26', 'generator_27']
number opened: 0
TRIAL 4
Action chosen: (diamond, blue)
Outcome: False
partcle ids: ['generator_28', 'generator_29', 'generator_23', 'generator_31', 'generator_32', 'generator_33', 'generator_34', 'generator_35', 'generator_36', 'generator_37', 'generator_38', 'generator_39', 'generator_40', 'generator_15', 'generator_42', 'generator_43', 'generator_44', 'generator_45', 'generator_46', 'generator_2', 'generator_20', 'generator_49', 'generator_50', 'generator_9', 'generator_52', 'generator_13', 'generator_54', 'generator_55', 'generator_56', 'generator_57']
number opened: 0
TRIAL 5
Action chosen: (heart, pink)
Outcome: False
partcle ids: ['generator_28', 'generator_29', 'generator_23', 'generator_31', 'generator_32', 'generator_33', 'generator_34', 'generator_35', 'generator_36', 'generator_37', 'generator_38', 'generator_39', 'generator_40', 'generator_15', 'generator_42', 'generator_43', 'generator_44', 'generator_45', 'generator_46', 'generator_2', 'generator_20', 'generator_49', 'generator_50', 'generator_9', 'generator_52', 'generator_13', 'generator_54', 'generator_55', 'generator_56', 'generator_57']
number opened: 0
TRIAL 6
Action chosen: (pink, pink)
Outcome: False
partcle ids: ['generator_28', 'generator_29', 'generator_23', 'generator_31', 'generator_32', 'generator_33', 'generator_34', 'generator_35', 'generator_36', 'generator_37', 'generator_38', 'generator_39', 'generator_40', 'generator_15', 'generator_42', 'generator_43', 'generator_44', 'generator_45', 'generator_46', 'generator_2', 'generator_20', 'generator_49', 'generator_50', 'generator_9', 'generator_52', 'generator_13', 'generator_54', 'generator_55', 'generator_56', 'generator_57']
number opened: 0
TRIAL 7
Action chosen: (white, white)
Outcome: False
partcle ids: ['generator_58', 'generator_59', 'generator_50', 'generator_61', 'generator_36', 'generator_23', 'generator_64', 'generator_23', 'generator_66', 'generator_2', 'generator_37', 'generator_69', 'generator_70', 'generator_50', 'generator_35', 'generator_73', 'generator_74', 'generator_75', 'generator_76', 'generator_36', 'generator_52', 'generator_2', 'generator_38', 'generator_50', 'generator_52', 'generator_55', 'generator_83', 'generator_50', 'generator_23', 'generator_52']
number opened: 0
TRIAL 8
Action chosen: (purple, blue)
Outcome: False
partcle ids: ['generator_58', 'generator_59', 'generator_50', 'generator_61', 'generator_36', 'generator_23', 'generator_64', 'generator_23', 'generator_66', 'generator_2', 'generator_37', 'generator_69', 'generator_70', 'generator_50', 'generator_35', 'generator_73', 'generator_74', 'generator_75', 'generator_76', 'generator_36', 'generator_52', 'generator_2', 'generator_38', 'generator_50', 'generator_52', 'generator_55', 'generator_83', 'generator_50', 'generator_23', 'generator_52']
number opened: 0
TRIAL 9
Action chosen: (green3, purple)
Outcome: True
partcle ids: ['generator_52', 'generator_52', 'generator_89', 'generator_66', 'generator_52', 'generator_92', 'generator_52', 'generator_70', 'generator_95', 'generator_96', 'generator_97', 'generator_98', 'generator_99', 'generator_66', 'generator_52', 'generator_102', 'generator_74', 'generator_52', 'generator_52', 'generator_105', 'generator_106', 'generator_107', 'generator_108', 'generator_52', 'generator_2', 'generator_52', 'generator_112', 'generator_113', 'generator_52', 'generator_115']
number opened: 1
TRIAL 10
Action chosen: (orange4, white)
Outcome: True
partcle ids: ['generator_99', 'generator_117', 'generator_118', 'generator_119', 'generator_120', 'generator_52', 'generator_52', 'generator_123', 'generator_99', 'generator_52', 'generator_52', 'generator_127', 'generator_52', 'generator_105', 'generator_130', 'generator_131', 'generator_52', 'generator_133', 'generator_52', 'generator_135', 'generator_136', 'generator_52', 'generator_52', 'generator_139', 'generator_140', 'generator_141', 'generator_142', 'generator_143', 'generator_144', 'generator_52']
number opened: 2
TRIAL 11
Action chosen: (yellow5, blue)
Outcome: True
partcle ids: ['generator_146', 'generator_52', 'generator_148', 'generator_149', 'generator_150', 'generator_52', 'generator_152', 'generator_153', 'generator_154', 'generator_155', 'generator_153', 'generator_156', 'generator_118', 'generator_157', 'generator_52', 'generator_159', 'generator_160', 'generator_161', 'generator_52', 'generator_146', 'generator_163', 'generator_164', 'generator_165', 'generator_166', 'generator_165', 'generator_160', 'generator_152', 'generator_167', 'generator_52', 'generator_168']
number opened: 3
TRIAL 12
Action chosen: (blue, pink)
Outcome: False
partcle ids: ['generator_146', 'generator_52', 'generator_148', 'generator_149', 'generator_150', 'generator_52', 'generator_152', 'generator_153', 'generator_154', 'generator_155', 'generator_153', 'generator_156', 'generator_118', 'generator_157', 'generator_52', 'generator_159', 'generator_160', 'generator_161', 'generator_52', 'generator_146', 'generator_163', 'generator_164', 'generator_165', 'generator_166', 'generator_165', 'generator_160', 'generator_152', 'generator_167', 'generator_52', 'generator_168']
number opened: 3
TRIAL 13
Action chosen: (triangle, pink)
Outcome: False
partcle ids: ['generator_146', 'generator_52', 'generator_148', 'generator_149', 'generator_150', 'generator_52', 'generator_152', 'generator_153', 'generator_154', 'generator_155', 'generator_153', 'generator_156', 'generator_118', 'generator_157', 'generator_52', 'generator_159', 'generator_160', 'generator_161', 'generator_52', 'generator_146', 'generator_163', 'generator_164', 'generator_165', 'generator_166', 'generator_165', 'generator_160', 'generator_152', 'generator_167', 'generator_52', 'generator_168']
number opened: 3
TRIAL 14
Action chosen: (grey2, pink)
Outcome: True
partcle ids: ['generator_52', 'generator_169', 'generator_170', 'generator_170', 'generator_171', 'generator_169', 'generator_170', 'generator_171', 'number_match', 'generator_172', 'generator_52', 'generator_173', 'generator_170', 'generator_174', 'generator_174', 'generator_52', 'generator_175', 'number_match', 'generator_172', 'generator_52', 'generator_171', 'number_match', 'number_match', 'generator_175', 'generator_173', 'generator_172', 'generator_173', 'generator_171', 'number_match', 'generator_169']
number opened: 4
TRIAL 15
Action chosen: (red, red)
Outcome: True
partcle ids: ['number_match', 'number_match', 'number_match', 'number_match', 'number_match', 'number_match', 'number_match', 'number_match', 'number_match', 'number_match', 'number_match', 'number_match', 'number_match', 'number_match', 'number_match', 'number_match', 'number_match', 'number_match', 'number_match', 'number_match', 'number_match', 'number_match', 'number_match', 'number_match', 'number_match', 'number_match', 'number_match', 'number_match', 'number_match', 'number_match']
number opened: 5
{"attempts": 15, "unique_key_box_pairs": 15, "revisit_attempts": 0, "revisit_rate": 0.0, "attempts_before_abandoning_color_matching": 0, "color_matching_abandoned": true}
