{"Child_ID": "D034", "SoC_variant": "SoC-Gen", "theta": [19, 1], "p_gen": 0.9, "true_prior": 0.02, "run_number": 26, "seed": 3813422896427707552}
TRIAL 1
Action chosen: (heart, blue)
Outcome: False
partcle ids: ['generator_1', 'generator_2', 'generator_3', 'generator_4', 'generator_5', 'generator_6', 'generator_7', 'generator_8', 'generator_9', 'generator_10', 'generator_11', 'generator_12', 'similar_color_2', 'generator_13', 'similar_color_7', 'generator_14', 'generator_15', 'generator_16', 'order_match', 'generator_17', 'generator_18', 'generator_19', 'generator_20', 'generator_21', 'generator_22', 'generator_23', 'generator_24', 'generator_25', 'generator_26', 'generator_27']
number opened: 0
TRIAL 2
Action chosen: (triangle, white)
Outcome: False
partcle ids: ['generator_1', 'generator_2', 'generator_3', 'generator_4', 'generator_5', 'generator_6', 'generator_7', 'generator_8', 'generator_9', 'generator_10', 'generator_11', 'generator_12', 'similar_color_2', 'generator_13', 'similar_color_7', 'generator_14', 'generator_15', 'generator_16', 'order_match', 'generator_17', 'generator_18', 'generator_19', 'generator_20', 'generator_21', 'generator_22', 'generator_23', 'generator_24', 'generator_25', 'generator_26', 'generator_27']
number opened: 0
TRIAL 3
Action chosen: (white, purple)
Outcome: False
partcle ids: ['generator_1', 'generator_2', 'generator_3', 'generator_4', 'generator_5', 'generator_6', 'generator_7', 'generator_8', 'generator_9', 'generator_10', 'generator_11', 'generator_12', 'similar_color_2', 'generator_13', 'similar_color_7', 'generator_14', 'generator_15', 'generator_16', 'order_match', 'generator_17', 'generator_18', 'generator_19', 'generator_20', 'generator_21', 'generator_22', 'generator_23', 'generator_24', 'generator_25', 'generator_26', 'generator_27']
number opened: 0
TRIAL 4
Action chosen: (blue, red)
Outcome: False
partcle ids: ['generator_28', 'generator_27', 'generator_30', 'generator_21', 'generator_31', 'generator_10', 'generator_33', 'generator_27', 'generator_35', 'generator_21', 'generator_36', 'generator_37', 'generator_38', 'generator_39', 'generator_40', 'generator_41', 'generator_42', 'generator_43', 'generator_44', 'generator_45', 'generator_46', 'generator_47', 'generator_15', 'generator_48', 'generator_49', 'generator_16', 'generator_51', 'generator_21', 'generator_53', 'generator_54']
number opened: 0
TRIAL 5
Action chosen: (triangle, blue)
Outcome: False
partcle ids: ['generator_28', 'generator_27', 'generator_30', 'generator_21', 'generator_31', 'generator_10', 'generator_33', 'generator_27', 'generator_35', 'generator_21', 'generator_36', 'generator_37', 'generator_38', 'generator_39', 'generator_40', 'generator_41', 'generator_42', 'generator_43', 'generator_44', 'generator_45', 'generator_46', 'generator_47', 'generator_15', 'generator_48', 'generator_49', 'generator_16', 'generator_51', 'generator_21', 'generator_53', 'generator_54']
number opened: 0
TRIAL 6
Action chosen: (yellow5, red)
Outcome: False
partcle ids: ['generator_28', 'generator_27', 'generator_30', 'generator_21', 'generator_31', 'generator_10', 'generator_33', 'generator_27', 'generator_35', 'generator_21', 'generator_36', 'generator_37', 'generator_38', 'generator_39', 'generator_40', 'generator_41', 'generator_42', 'generator_43', 'generator_44', 'generator_45', 'generator_46', 'generator_47', 'generator_15', 'generator_48', 'generator_49', 'generator_16', 'generator_51', 'generator_21', 'generator_53', 'generator_54']
number opened: 0
TRIAL 7
Action chosen: (pink, blue)
Outcome: False
partcle ids: ['generator_55', 'generator_41', 'generator_57', 'generator_58', 'generator_59', 'generator_60', 'generator_61', 'generator_53', 'generator_63', 'generator_46', 'generator_65', 'generator_66', 'generator_67', 'generator_41', 'generator_27', 'generator_69', 'generator_70', 'generator_71', 'generator_72', 'generator_73', 'generator_74', 'generator_75', 'generator_76', 'generator_43', 'generator_53', 'generator_78', 'generator_79', 'generator_43', 'generator_80', 'generator_81']
number opened: 0
TRIAL 8
Action chosen: (grey2, white)
Outcome: False
partcle ids: ['generator_55', 'generator_41', 'generator_57', 'generator_58', 'generator_59', 'generator_60', 'generator_61', 'generator_53', 'generator_63', 'generator_46', 'generator_65', 'generator_66', 'generator_67', 'generator_41', 'generator_27', 'generator_69', 'generator_70', 'generator_71', 'generator_72', 'generator_73', 'generator_74', 'generator_75', 'generator_76', 'generator_43', 'generator_53', 'generator_78', 'generator_79', 'generator_43', 'generator_80', 'generator_81']
number opened: 0
TRIAL 9
Action chosen: (pink, pink)
Outcome: False
partcle ids: ['generator_55', 'generator_41', 'generator_57', 'generator_58', 'generator_59', 'generator_60', 'generator_61', 'generator_53', 'generator_63', 'generator_46', 'generator_65', 'generator_66', 'generator_67', 'generator_41', 'generator_27', 'generator_69', 'generator_70', 'generator_71', 'generator_72', 'generator_73', 'generator_74', 'generator_75', 'generator_76', 'generator_43', 'generator_53', 'generator_78', 'generator_79', 'generator_43', 'generator_80', 'generator_81']
number opened: 0
TRIAL 10
Action chosen: (triangle, purple)
Outcome: False
partcle ids: ['generator_75', 'generator_73', 'generator_84', 'generator_85', 'generator_86', 'generator_87', 'generator_80', 'generator_59', 'generator_90', 'generator_91', 'generator_92', 'generator_79', 'generator_58', 'generator_94', 'generator_74', 'generator_96', 'generator_97', 'generator_98', 'generator_41', 'generator_61', 'generator_101', 'generator_75', 'generator_74', 'generator_60', 'generator_75', 'generator_79', 'generator_106', 'generator_107', 'generator_81', 'generator_109']
number opened: 0
TRIAL 11
Action chosen: (cloud, white)
Outcome: False
partcle ids: ['generator_75', 'generator_73', 'generator_84', 'generator_85', 'generator_86', 'generator_87', 'generator_80', 'generator_59', 'generator_90', 'generator_91', 'generator_92', 'generator_79', 'generator_58', 'generator_94', 'generator_74', 'generator_96', 'generator_97', 'generator_98', 'generator_41', 'generator_61', 'generator_101', 'generator_75', 'generator_74', 'generator_60', 'generator_75', 'generator_79', 'generator_106', 'generator_107', 'generator_81', 'generator_109']
number opened: 0
TRIAL 12
Action chosen: (pink, white)
Outcome: False
partcle ids: ['generator_75', 'generator_73', 'generator_84', 'generator_85', 'generator_86', 'generator_87', 'generator_80', 'generator_59', 'generator_90', 'generator_91', 'generator_92', 'generator_79', 'generator_58', 'generator_94', 'generator_74', 'generator_96', 'generator_97', 'generator_98', 'generator_41', 'generator_61', 'generator_101', 'generator_75', 'generator_74', 'generator_60', 'generator_75', 'generator_79', 'generator_106', 'generator_107', 'generator_81', 'generator_109']
number opened: 0
TRIAL 13
Action chosen: (yellow5, pink)
Outcome: False
partcle ids: ['generator_75', 'generator_73', 'generator_84', 'generator_85', 'generator_86', 'generator_87', 'generator_80', 'generator_59', 'generator_90', 'generator_91', 'generator_92', 'generator_79', 'generator_58', 'generator_94', 'generator_74', 'generator_96', 'generator_97', 'generator_98', 'generator_41', 'generator_61', 'generator_101', 'generator_75', 'generator_74', 'generator_60', 'generator_75', 'generator_79', 'generator_106', 'generator_107', 'generator_81', 'generator_109']
number opened: 0
TRIAL 14
Action chosen: (green3, white)
Outcome: False
partcle ids: ['generator_110', 'generator_109', 'generator_111', 'generator_112', 'generator_113', 'generator_101', 'generator_60', 'generator_116', 'generator_117', 'generator_118', 'generator_119', 'generator_80', 'generator_109', 'generator_122', 'generator_123', 'generator_109', 'generator_125', 'generator_96', 'generator_127', 'generator_96', 'generator_129', 'generator_130', 'generator_131', 'generator_80', 'generator_101', 'generator_134', 'generator_101', 'generator_80', 'generator_58', 'generator_80']
number opened: 0
TRIAL 15
Action chosen: (orange4, red)
Outcome: False
partcle ids: ['generator_110', 'generator_109', 'generator_111', 'generator_112', 'generator_113', 'generator_101', 'generator_60', 'generator_116', 'generator_117', 'generator_118', 'generator_119', 'generator_80', 'generator_109', 'generator_122', 'generator_123', 'generator_109', 'generator_125', 'generator_96', 'generator_127', 'generator_96', 'generator_129', 'generator_130', 'generator_131', 'generator_80', 'generator_101', 'generator_134', 'generator_101', 'generator_80', 'generator_58', 'generator_80']
number opened: 0
TRIAL 16
Action chosen: (blue, pink)
Outcome: False
partcle ids: ['generator_110', 'generator_109', 'generator_111', 'generator_112', 'generator_113', 'generator_101', 'generator_60', 'generator_116', 'generator_117', 'generator_118', 'generator_119', 'generator_80', 'generator_109', 'generator_122', 'generator_123', 'generator_109', 'generator_125', 'generator_96', 'generator_127', 'generator_96', 'generator_129', 'generator_130', 'generator_131', 'generator_80', 'generator_101', 'generator_134', 'generator_101', 'generator_80', 'generator_58', 'generator_80']
number opened: 0
TRIAL 17
Action chosen: (diamond, white)
Outcome: False
partcle ids: ['generator_110', 'generator_109', 'generator_111', 'generator_112', 'generator_113', 'generator_101', 'generator_60', 'generator_116', 'generator_117', 'generator_118', 'generator_119', 'generator_80', 'generator_109', 'generator_122', 'generator_123', 'generator_109', 'generator_125', 'generator_96', 'generator_127', 'generator_96', 'generator_129', 'generator_130', 'generator_131', 'generator_80', 'generator_101', 'generator_134', 'generator_101', 'generator_80', 'generator_58', 'generator_80']
number opened: 0
TRIAL 18
Action chosen: (blue, white)
Outcome: False
partcle ids: ['generator_138', 'generator_130', 'generator_96', 'generator_96', 'generator_110', 'generator_143', 'generator_96', 'generator_96', 'generator_96', 'generator_127', 'generator_111', 'generator_80', 'generator_131', 'generator_151', 'generator_117', 'generator_153', 'generator_154', 'generator_111', 'generator_156', 'generator_157', 'generator_127', 'generator_130', 'generator_160', 'generator_110', 'generator_162', 'generator_110', 'generator_164', 'generator_165', 'generator_110', 'generator_167']
number opened: 0
TRIAL 19
Action chosen: (diamond, blue)
Outcome: False
partcle ids: ['generator_138', 'generator_130', 'generator_96', 'generator_96', 'generator_110', 'generator_143', 'generator_96', 'generator_96', 'generator_96', 'generator_127', 'generator_111', 'generator_80', 'generator_131', 'generator_151', 'generator_117', 'generator_153', 'generator_154', 'generator_111', 'generator_156', 'generator_157', 'generator_127', 'generator_130', 'generator_160', 'generator_110', 'generator_162', 'generator_110', 'generator_164', 'generator_165', 'generator_110', 'generator_167']
number opened: 0
TRIAL 20
Action chosen: (diamond, pink)
Outcome: False
partcle ids: ['generator_138', 'generator_130', 'generator_96', 'generator_96', 'generator_110', 'generator_143', 'generator_96', 'generator_96', 'generator_96', 'generator_127', 'generator_111', 'generator_80', 'generator_131', 'generator_151', 'generator_117', 'generator_153', 'generator_154', 'generator_111', 'generator_156', 'generator_157', 'generator_127', 'generator_130', 'generator_160', 'generator_110', 'generator_162', 'generator_110', 'generator_164', 'generator_165', 'generator_110', 'generator_167']
number opened: 0
TRIAL 21
Action chosen: (blue, blue)
Outcome: False
partcle ids: ['generator_168', 'generator_80', 'generator_170', 'generator_167', 'generator_171', 'generator_127', 'generator_127', 'generator_173', 'generator_174', 'generator_138', 'generator_176', 'generator_154', 'generator_178', 'generator_160', 'generator_127', 'generator_181', 'generator_182', 'generator_96', 'generator_184', 'generator_80', 'generator_186', 'generator_187', 'generator_164', 'generator_160', 'generator_190', 'generator_191', 'generator_160', 'generator_193', 'generator_194', 'generator_157']
number opened: 0
TRIAL 22
Action chosen: (white, red)
Outcome: False
partcle ids: ['generator_168', 'generator_80', 'generator_170', 'generator_167', 'generator_171', 'generator_127', 'generator_127', 'generator_173', 'generator_174', 'generator_138', 'generator_176', 'generator_154', 'generator_178', 'generator_160', 'generator_127', 'generator_181', 'generator_182', 'generator_96', 'generator_184', 'generator_80', 'generator_186', 'generator_187', 'generator_164', 'generator_160', 'generator_190', 'generator_191', 'generator_160', 'generator_193', 'generator_194', 'generator_157']
number opened: 0
TRIAL 23
Action chosen: (cloud, red)
Outcome: False
partcle ids: ['generator_168', 'generator_80', 'generator_170', 'generator_167', 'generator_171', 'generator_127', 'generator_127', 'generator_173', 'generator_174', 'generator_138', 'generator_176', 'generator_154', 'generator_178', 'generator_160', 'generator_127', 'generator_181', 'generator_182', 'generator_96', 'generator_184', 'generator_80', 'generator_186', 'generator_187', 'generator_164', 'generator_160', 'generator_190', 'generator_191', 'generator_160', 'generator_193', 'generator_194', 'generator_157']
number opened: 0
TRIAL 24
Action chosen: (cloud, pink)
Outcome: False
partcle ids: ['generator_157', 'generator_196', 'generator_178', 'generator_198', 'generator_181', 'generator_200', 'generator_174', 'generator_170', 'generator_203', 'generator_193', 'generator_205', 'generator_206', 'generator_207', 'generator_208', 'generator_178', 'generator_127', 'generator_211', 'generator_178', 'generator_157', 'generator_187', 'generator_193', 'generator_170', 'generator_217', 'generator_218', 'generator_194', 'generator_220', 'generator_221', 'generator_138', 'generator_178', 'generator_174']
number opened: 0
TRIAL 25
Action chosen: (grey2, red)
Outcome: False
partcle ids: ['generator_157', 'generator_196', 'generator_178', 'generator_198', 'generator_181', 'generator_200', 'generator_174', 'generator_170', 'generator_203', 'generator_193', 'generator_205', 'generator_206', 'generator_207', 'generator_208', 'generator_178', 'generator_127', 'generator_211', 'generator_178', 'generator_157', 'generator_187', 'generator_193', 'generator_170', 'generator_217', 'generator_218', 'generator_194', 'generator_220', 'generator_221', 'generator_138', 'generator_178', 'generator_174']
number opened: 0
TRIAL 26
Action chosen: (blue, white)
Outcome: False
partcle ids: ['generator_157', 'generator_196', 'generator_178', 'generator_198', 'generator_181', 'generator_200', 'generator_174', 'generator_170', 'generator_203', 'generator_193', 'generator_205', 'generator_206', 'generator_207', 'generator_208', 'generator_178', 'generator_127', 'generator_211', 'generator_178', 'generator_157', 'generator_187', 'generator_193', 'generator_170', 'generator_217', 'generator_218', 'generator_194', 'generator_220', 'generator_221', 'generator_138', 'generator_178', 'generator_174']
number opened: 0
TRIAL 27
Action chosen: (red, white)
Outcome: False
partcle ids: ['generator_224', 'generator_225', 'generator_206', 'generator_227', 'generator_174', 'generator_203', 'generator_230', 'generator_174', 'generator_174', 'generator_233', 'generator_174', 'generator_235', 'generator_138', 'generator_217', 'generator_237', 'generator_238', 'generator_239', 'generator_200', 'generator_194', 'generator_174', 'generator_243', 'generator_244', 'generator_245', 'generator_206', 'generator_217', 'generator_206', 'generator_249', 'generator_174', 'generator_174', 'generator_194']
number opened: 0
TRIAL 28
Action chosen: (cloud, purple)
Outcome: False
partcle ids: ['generator_224', 'generator_225', 'generator_206', 'generator_227', 'generator_174', 'generator_203', 'generator_230', 'generator_174', 'generator_174', 'generator_233', 'generator_174', 'generator_235', 'generator_138', 'generator_217', 'generator_237', 'generator_238', 'generator_239', 'generator_200', 'generator_194', 'generator_174', 'generator_243', 'generator_244', 'generator_245', 'generator_206', 'generator_217', 'generator_206', 'generator_249', 'generator_174', 'generator_174', 'generator_194']
number opened: 0
TRIAL 29
Action chosen: (green3, blue)
Outcome: False
partcle ids: ['generator_249', 'generator_203', 'generator_203', 'generator_227', 'generator_256', 'generator_225', 'generator_245', 'generator_237', 'generator_237', 'generator_243', 'generator_203', 'generator_245', 'generator_262', 'generator_225', 'generator_264', 'generator_217', 'generator_237', 'generator_267', 'generator_268', 'generator_224', 'generator_270', 'generator_271', 'generator_224', 'generator_273', 'generator_235', 'generator_239', 'generator_275', 'generator_276', 'generator_249', 'generator_278']
number opened: 0
TRIAL 30
Action chosen: (heart, red)
Outcome: False
partcle ids: ['generator_249', 'generator_203', 'generator_203', 'generator_227', 'generator_256', 'generator_225', 'generator_245', 'generator_237', 'generator_237', 'generator_243', 'generator_203', 'generator_245', 'generator_262', 'generator_225', 'generator_264', 'generator_217', 'generator_237', 'generator_267', 'generator_268', 'generator_224', 'generator_270', 'generator_271', 'generator_224', 'generator_273', 'generator_235', 'generator_239', 'generator_275', 'generator_276', 'generator_249', 'generator_278']
number opened: 0
TRIAL 31
Action chosen: (purple, white)
Outcome: False
partcle ids: ['generator_249', 'generator_203', 'generator_203', 'generator_227', 'generator_256', 'generator_225', 'generator_245', 'generator_237', 'generator_237', 'generator_243', 'generator_203', 'generator_245', 'generator_262', 'generator_225', 'generator_264', 'generator_217', 'generator_237', 'generator_267', 'generator_268', 'generator_224', 'generator_270', 'generator_271', 'generator_224', 'generator_273', 'generator_235', 'generator_239', 'generator_275', 'generator_276', 'generator_249', 'generator_278']
number opened: 0
TRIAL 32
Action chosen: (white, pink)
Outcome: False
partcle ids: ['generator_237', 'generator_270', 'generator_239', 'generator_280', 'generator_281', 'generator_239', 'generator_227', 'generator_284', 'generator_285', 'generator_268', 'generator_276', 'generator_271', 'generator_276', 'generator_268', 'generator_275', 'generator_292', 'generator_276', 'generator_294', 'generator_239', 'generator_267', 'generator_297', 'generator_298', 'generator_299', 'generator_239', 'generator_267', 'generator_302', 'generator_270', 'generator_224', 'generator_239', 'generator_268']
number opened: 0
TRIAL 33
Action chosen: (white, white)
Outcome: False
partcle ids: ['generator_237', 'generator_270', 'generator_239', 'generator_280', 'generator_281', 'generator_239', 'generator_227', 'generator_284', 'generator_285', 'generator_268', 'generator_276', 'generator_271', 'generator_276', 'generator_268', 'generator_275', 'generator_292', 'generator_276', 'generator_294', 'generator_239', 'generator_267', 'generator_297', 'generator_298', 'generator_299', 'generator_239', 'generator_267', 'generator_302', 'generator_270', 'generator_224', 'generator_239', 'generator_268']
number opened: 0
TRIAL 34
Action chosen: (cloud, white)
Outcome: False
partcle ids: ['generator_237', 'generator_270', 'generator_239', 'generator_280', 'generator_281', 'generator_239', 'generator_227', 'generator_284', 'generator_285', 'generator_268', 'generator_276', 'generator_271', 'generator_276', 'generator_268', 'generator_275', 'generator_292', 'generator_276', 'generator_294', 'generator_239', 'generator_267', 'generator_297', 'generator_298', 'generator_299', 'generator_239', 'generator_267', 'generator_302', 'generator_270', 'generator_224', 'generator_239', 'generator_268']
number opened: 0
TRIAL 35
Action chosen: (grey2, blue)
Outcome: False
partcle ids: ['generator_307', 'generator_294', 'generator_302', 'generator_310', 'generator_239', 'generator_312', 'generator_313', 'generator_302', 'generator_224', 'generator_316', 'generator_317', 'generator_267', 'generator_292', 'generator_320', 'generator_321', 'generator_322', 'generator_323', 'generator_267', 'generator_275', 'generator_297', 'generator_327', 'generator_224', 'generator_284', 'generator_299', 'generator_276', 'generator_294', 'generator_276', 'generator_334', 'generator_335', 'generator_294']
number opened: 0
TRIAL 36
Action chosen: (triangle, pink)
Outcome: False
partcle ids: ['generator_307', 'generator_294', 'generator_302', 'generator_310', 'generator_239', 'generator_312', 'generator_313', 'generator_302', 'generator_224', 'generator_316', 'generator_317', 'generator_267', 'generator_292', 'generator_320', 'generator_321', 'generator_322', 'generator_323', 'generator_267', 'generator_275', 'generator_297', 'generator_327', 'generator_224', 'generator_284', 'generator_299', 'generator_276', 'generator_294', 'generator_276', 'generator_334', 'generator_335', 'generator_294']
number opened: 0
TRIAL 37
Action chosen: (yellow5, blue)
Outcome: True
partcle ids: ['generator_337', 'generator_310', 'generator_310', 'generator_340', 'generator_341', 'generator_292', 'generator_343', 'generator_320', 'generator_310', 'generator_346', 'generator_347', 'generator_348', 'generator_349', 'generator_350', 'generator_351', 'generator_321', 'generator_353', 'generator_354', 'generator_355', 'number_match', 'generator_124', 'generator_356', 'generator_292', 'generator_358', 'generator_276', 'generator_360', 'generator_310', 'generator_362', 'generator_363', 'generator_276']
number opened: 1
TRIAL 38
Action chosen: (orange4, white)
Outcome: True
partcle ids: ['generator_365', 'generator_366', 'generator_292', 'generator_368', 'generator_292', 'number_match', 'generator_346', 'generator_372', 'generator_310', 'generator_374', 'generator_292', 'generator_310', 'generator_310', 'generator_310', 'generator_379', 'generator_380', 'generator_340', 'generator_382', 'generator_346', 'generator_310', 'generator_385', 'generator_310', 'generator_387', 'generator_346', 'generator_389', 'generator_346', 'generator_292', 'generator_292', 'generator_393', 'generator_310']
number opened: 2
TRIAL 39
Action chosen: (purple, red)
Outcome: False
partcle ids: ['generator_365', 'generator_366', 'generator_292', 'generator_368', 'generator_292', 'number_match', 'generator_346', 'generator_372', 'generator_310', 'generator_374', 'generator_292', 'generator_310', 'generator_310', 'generator_310', 'generator_379', 'generator_380', 'generator_340', 'generator_382', 'generator_346', 'generator_310', 'generator_385', 'generator_310', 'generator_387', 'generator_346', 'generator_389', 'generator_346', 'generator_292', 'generator_292', 'generator_393', 'generator_310']
number opened: 2
TRIAL 40
Action chosen: (red, purple)
Outcome: False
partcle ids: ['generator_395', 'generator_396', 'generator_365', 'generator_374', 'generator_389', 'generator_368', 'generator_400', 'generator_385', 'generator_292', 'generator_403', 'generator_404', 'generator_405', 'generator_406', 'generator_389', 'generator_407', 'generator_374', 'generator_374', 'generator_410', 'generator_385', 'generator_412', 'generator_385', 'generator_374', 'generator_389', 'generator_389', 'generator_416', 'generator_385', 'generator_389', 'generator_419', 'generator_387', 'generator_368']
number opened: 2
TRIAL 41
Action chosen: (blue, purple)
Outcome: False
partcle ids: ['generator_395', 'generator_396', 'generator_365', 'generator_374', 'generator_389', 'generator_368', 'generator_400', 'generator_385', 'generator_292', 'generator_403', 'generator_404', 'generator_405', 'generator_406', 'generator_389', 'generator_407', 'generator_374', 'generator_374', 'generator_410', 'generator_385', 'generator_412', 'generator_385', 'generator_374', 'generator_389', 'generator_389', 'generator_416', 'generator_385', 'generator_389', 'generator_419', 'generator_387', 'generator_368']
number opened: 2
TRIAL 42
Action chosen: (grey2, pink)
Outcome: True
partcle ids: ['generator_389', 'generator_389', 'generator_424', 'generator_389', 'generator_395', 'generator_389', 'generator_389', 'generator_428', 'generator_389', 'generator_429', 'generator_389', 'generator_389', 'generator_431', 'generator_403', 'generator_389', 'generator_389', 'generator_389', 'generator_435', 'generator_389', 'generator_428', 'generator_389', 'generator_389', 'generator_389', 'generator_389', 'generator_389', 'generator_403', 'generator_403', 'generator_428', 'generator_389', 'generator_389']
number opened: 3
TRIAL 43
Action chosen: (triangle, red)
Outcome: False
partcle ids: ['generator_428', 'generator_441', 'generator_403', 'generator_403', 'generator_428', 'generator_444', 'generator_428', 'generator_429', 'generator_403', 'generator_403', 'generator_395', 'generator_447', 'generator_403', 'generator_395', 'generator_403', 'generator_431', 'generator_450', 'generator_428', 'generator_451', 'generator_403', 'generator_429', 'generator_450', 'generator_454', 'generator_389', 'generator_456', 'generator_454', 'generator_403', 'generator_429', 'generator_450', 'generator_428']
number opened: 3
TRIAL 44
Action chosen: (pink, red)
Outcome: False
partcle ids: ['generator_428', 'generator_441', 'generator_403', 'generator_403', 'generator_428', 'generator_444', 'generator_428', 'generator_429', 'generator_403', 'generator_403', 'generator_395', 'generator_447', 'generator_403', 'generator_395', 'generator_403', 'generator_431', 'generator_450', 'generator_428', 'generator_451', 'generator_403', 'generator_429', 'generator_450', 'generator_454', 'generator_389', 'generator_456', 'generator_454', 'generator_403', 'generator_429', 'generator_450', 'generator_428']
number opened: 3
TRIAL 45
Action chosen: (purple, purple)
Outcome: False
partcle ids: ['generator_389', 'generator_395', 'generator_456', 'generator_460', 'generator_429', 'generator_454', 'generator_462', 'number_match', 'generator_451', 'generator_395', 'generator_395', 'generator_395', 'generator_464', 'generator_433', 'generator_444', 'generator_465', 'generator_451', 'generator_430', 'generator_460', 'generator_447', 'generator_395', 'generator_403', 'generator_464', 'generator_440', 'generator_389', 'generator_447', 'generator_467', 'generator_395', 'generator_468', 'generator_469']
number opened: 3
TRIAL 46
Action chosen: (red, red)
Outcome: True
partcle ids: ['generator_395', 'generator_464', 'generator_395', 'generator_464', 'generator_395', 'generator_395', 'generator_464', 'number_match', 'generator_468', 'generator_395', 'number_match', 'generator_470', 'generator_395', 'generator_395', 'number_match', 'generator_395', 'generator_464', 'generator_468', 'generator_395', 'generator_468', 'generator_468', 'generator_468', 'generator_395', 'generator_464', 'number_match', 'number_match', 'generator_395', 'generator_470', 'generator_395', 'generator_468']
number opened: 4
TRIAL 47
Action chosen: (heart, purple)
Outcome: False
partcle ids: ['generator_395', 'generator_464', 'generator_395', 'generator_464', 'generator_395', 'generator_395', 'generator_464', 'number_match', 'generator_468', 'generator_395', 'number_match', 'generator_470', 'generator_395', 'generator_395', 'number_match', 'generator_395', 'generator_464', 'generator_468', 'generator_395', 'generator_468', 'generator_468', 'generator_468', 'generator_395', 'generator_464', 'number_match', 'number_match', 'generator_395', 'generator_470', 'generator_395', 'generator_468']
number opened: 4
TRIAL 48
Action chosen: (diamond, purple)
Outcome: False
partcle ids: ['number_match', 'generator_468', 'generator_464', 'generator_464', 'generator_464', 'number_match', 'number_match', 'number_match', 'generator_464', 'generator_404', 'generator_464', 'generator_464', 'number_match', 'generator_472', 'generator_464', 'number_match', 'generator_395', 'generator_464', 'generator_464', 'number_match', 'generator_464', 'generator_464', 'generator_464', 'generator_464', 'generator_470', 'number_match', 'generator_464', 'generator_464', 'generator_464', 'generator_464']
number opened: 4
TRIAL 49
Action chosen: (pink, purple)
Outcome: False
partcle ids: ['number_match', 'generator_468', 'generator_464', 'generator_464', 'generator_464', 'number_match', 'number_match', 'number_match', 'generator_464', 'generator_404', 'generator_464', 'generator_464', 'number_match', 'generator_472', 'generator_464', 'number_match', 'generator_395', 'generator_464', 'generator_464', 'number_match', 'generator_464', 'generator_464', 'generator_464', 'generator_464', 'generator_470', 'number_match', 'generator_464', 'generator_464', 'generator_464', 'generator_464']
number opened: 4
TRIAL 50
Action chosen: (green3, purple)
Outcome: True
partcle ids: ['number_match', 'number_match', 'number_match', 'number_match', 'number_match', 'number_match', 'number_match', 'number_match', 'number_match', 'number_match', 'number_match', 'number_match', 'number_match', 'number_match', 'number_match', 'number_match', 'number_match', 'number_match', 'number_match', 'number_match', 'number_match', 'number_match', 'number_match', 'number_match', 'number_match', 'number_match', 'number_match', 'number_match', 'number_match', 'number_match']
number opened: 5
{"attempts": 50, "unique_key_box_pairs": 48, "revisit_attempts": 2, "revisit_rate": 0.04081632653061224, "attempts_before_abandoning_color_matching": 0, "color_matching_abandoned": true}
