{"Child_ID": "D034", "SoC_variant": "SoC-Gen", "theta": [19, 1], "p_gen": 0.9, "true_prior": 0.02, "run_number": 78, "seed": 5881767482084972}
TRIAL 1
Action chosen: (yellow5, blue)
Outcome: True
partcle ids: ['generator_30', 'generator_31', 'generator_32', 'generator_33', 'generator_34', 'number_match', 'generator_35', 'generator_36', 'generator_37', 'generator_38', 'generator_39', 'generator_40', 'generator_41', 'generator_42', 'generator_43', 'generator_44', 'generator_45', 'generator_46', 'generator_47', 'generator_48', 'generator_49', 'generator_50', 'generator_51', 'generator_52', 'generator_53', 'generator_54', 'generator_55', 'generator_56', 'generator_57', 'generator_58']
number opened: 1
TRIAL 2
Action chosen: (purple, white)
Outcome: False
partcle ids: ['generator_30', 'generator_31', 'generator_32', 'generator_33', 'generator_34', 'number_match', 'generator_35', 'generator_36', 'generator_37', 'generator_38', 'generator_39', 'generator_40', 'generator_41', 'generator_42', 'generator_43', 'generator_44', 'generator_45', 'generator_46', 'generator_47', 'generator_48', 'generator_49', 'generator_50', 'generator_51', 'generator_52', 'generator_53', 'generator_54', 'generator_55', 'generator_56', 'generator_57', 'generator_58']
number opened: 1
TRIAL 3
Action chosen: (pink, red)
Outcome: False
partcle ids: ['generator_30', 'generator_31', 'generator_32', 'generator_33', 'generator_34', 'number_match', 'generator_35', 'generator_36', 'generator_37', 'generator_38', 'generator_39', 'generator_40', 'generator_41', 'generator_42', 'generator_43', 'generator_44', 'generator_45', 'generator_46', 'generator_47', 'generator_48', 'generator_49', 'generator_50', 'generator_51', 'generator_52', 'generator_53', 'generator_54', 'generator_55', 'generator_56', 'generator_57', 'generator_58']
number opened: 1
TRIAL 4
Action chosen: (pink, white)
Outcome: False
partcle ids: ['generator_30', 'generator_31', 'generator_32', 'generator_33', 'generator_34', 'number_match', 'generator_35', 'generator_36', 'generator_37', 'generator_38', 'generator_39', 'generator_40', 'generator_41', 'generator_42', 'generator_43', 'generator_44', 'generator_45', 'generator_46', 'generator_47', 'generator_48', 'generator_49', 'generator_50', 'generator_51', 'generator_52', 'generator_53', 'generator_54', 'generator_55', 'generator_56', 'generator_57', 'generator_58']
number opened: 1
TRIAL 5
Action chosen: (triangle, white)
Outcome: False
partcle ids: ['generator_59', 'generator_60', 'generator_61', 'generator_62', 'generator_63', 'generator_64', 'generator_41', 'generator_66', 'generator_45', 'generator_45', 'generator_58', 'generator_70', 'generator_71', 'generator_45', 'generator_73', 'generator_74', 'generator_48', 'generator_35', 'generator_75', 'generator_76', 'generator_77', 'generator_78', 'generator_79', 'generator_80', 'generator_81', 'generator_82', 'generator_83', 'generator_84', 'generator_48', 'generator_86']
number opened: 1
TRIAL 6
Action chosen: (white, white)
Outcome: False
partcle ids: ['generator_59', 'generator_60', 'generator_61', 'generator_62', 'generator_63', 'generator_64', 'generator_41', 'generator_66', 'generator_45', 'generator_45', 'generator_58', 'generator_70', 'generator_71', 'generator_45', 'generator_73', 'generator_74', 'generator_48', 'generator_35', 'generator_75', 'generator_76', 'generator_77', 'generator_78', 'generator_79', 'generator_80', 'generator_81', 'generator_82', 'generator_83', 'generator_84', 'generator_48', 'generator_86']
number opened: 1
TRIAL 7
Action chosen: (purple, purple)
Outcome: False
partcle ids: ['generator_59', 'generator_60', 'generator_61', 'generator_62', 'generator_63', 'generator_64', 'generator_41', 'generator_66', 'generator_45', 'generator_45', 'generator_58', 'generator_70', 'generator_71', 'generator_45', 'generator_73', 'generator_74', 'generator_48', 'generator_35', 'generator_75', 'generator_76', 'generator_77', 'generator_78', 'generator_79', 'generator_80', 'generator_81', 'generator_82', 'generator_83', 'generator_84', 'generator_48', 'generator_86']
number opened: 1
TRIAL 8
Action chosen: (diamond, white)
Outcome: False
partcle ids: ['generator_70', 'generator_88', 'generator_89', 'generator_70', 'generator_91', 'generator_70', 'generator_76', 'generator_48', 'generator_73', 'generator_83', 'generator_95', 'generator_83', 'generator_97', 'generator_78', 'generator_99', 'generator_76', 'generator_101', 'generator_62', 'generator_103', 'generator_104', 'generator_62', 'generator_83', 'generator_73', 'generator_70', 'generator_108', 'generator_73', 'generator_110', 'generator_111', 'generator_83', 'generator_62']
number opened: 1
TRIAL 9
Action chosen: (cloud, red)
Outcome: False
partcle ids: ['generator_70', 'generator_88', 'generator_89', 'generator_70', 'generator_91', 'generator_70', 'generator_76', 'generator_48', 'generator_73', 'generator_83', 'generator_95', 'generator_83', 'generator_97', 'generator_78', 'generator_99', 'generator_76', 'generator_101', 'generator_62', 'generator_103', 'generator_104', 'generator_62', 'generator_83', 'generator_73', 'generator_70', 'generator_108', 'generator_73', 'generator_110', 'generator_111', 'generator_83', 'generator_62']
number opened: 1
TRIAL 10
Action chosen: (diamond, purple)
Outcome: False
partcle ids: ['generator_70', 'generator_88', 'generator_89', 'generator_70', 'generator_91', 'generator_70', 'generator_76', 'generator_48', 'generator_73', 'generator_83', 'generator_95', 'generator_83', 'generator_97', 'generator_78', 'generator_99', 'generator_76', 'generator_101', 'generator_62', 'generator_103', 'generator_104', 'generator_62', 'generator_83', 'generator_73', 'generator_70', 'generator_108', 'generator_73', 'generator_110', 'generator_111', 'generator_83', 'generator_62']
number opened: 1
TRIAL 11
Action chosen: (red, pink)
Outcome: False
partcle ids: ['generator_108', 'generator_115', 'generator_116', 'generator_91', 'generator_117', 'generator_110', 'generator_119', 'generator_111', 'generator_121', 'generator_88', 'generator_123', 'generator_76', 'generator_111', 'generator_78', 'generator_88', 'generator_128', 'generator_108', 'generator_130', 'generator_131', 'generator_108', 'generator_133', 'generator_111', 'generator_135', 'generator_136', 'generator_137', 'generator_111', 'generator_104', 'generator_97', 'generator_95', 'generator_111']
number opened: 1
TRIAL 12
Action chosen: (heart, red)
Outcome: False
partcle ids: ['generator_108', 'generator_115', 'generator_116', 'generator_91', 'generator_117', 'generator_110', 'generator_119', 'generator_111', 'generator_121', 'generator_88', 'generator_123', 'generator_76', 'generator_111', 'generator_78', 'generator_88', 'generator_128', 'generator_108', 'generator_130', 'generator_131', 'generator_108', 'generator_133', 'generator_111', 'generator_135', 'generator_136', 'generator_137', 'generator_111', 'generator_104', 'generator_97', 'generator_95', 'generator_111']
number opened: 1
TRIAL 13
Action chosen: (blue, purple)
Outcome: False
partcle ids: ['generator_108', 'generator_115', 'generator_116', 'generator_91', 'generator_117', 'generator_110', 'generator_119', 'generator_111', 'generator_121', 'generator_88', 'generator_123', 'generator_76', 'generator_111', 'generator_78', 'generator_88', 'generator_128', 'generator_108', 'generator_130', 'generator_131', 'generator_108', 'generator_133', 'generator_111', 'generator_135', 'generator_136', 'generator_137', 'generator_111', 'generator_104', 'generator_97', 'generator_95', 'generator_111']
number opened: 1
TRIAL 14
Action chosen: (green3, purple)
Outcome: True
partcle ids: ['generator_143', 'generator_144', 'generator_78', 'generator_131', 'generator_131', 'generator_131', 'generator_149', 'generator_131', 'generator_131', 'generator_78', 'generator_131', 'generator_78', 'generator_155', 'generator_131', 'generator_157', 'generator_158', 'generator_159', 'generator_160', 'generator_131', 'generator_131', 'generator_163', 'generator_78', 'generator_131', 'generator_166', 'generator_131', 'generator_78', 'generator_78', 'generator_170', 'generator_131', 'generator_131']
number opened: 2
TRIAL 15
Action chosen: (purple, red)
Outcome: False
partcle ids: ['generator_143', 'generator_144', 'generator_78', 'generator_131', 'generator_131', 'generator_131', 'generator_149', 'generator_131', 'generator_131', 'generator_78', 'generator_131', 'generator_78', 'generator_155', 'generator_131', 'generator_157', 'generator_158', 'generator_159', 'generator_160', 'generator_131', 'generator_131', 'generator_163', 'generator_78', 'generator_131', 'generator_166', 'generator_131', 'generator_78', 'generator_78', 'generator_170', 'generator_131', 'generator_131']
number opened: 2
TRIAL 16
Action chosen: (purple, pink)
Outcome: False
partcle ids: ['generator_172', 'generator_158', 'generator_174', 'generator_166', 'generator_175', 'generator_176', 'generator_143', 'generator_178', 'generator_158', 'generator_180', 'generator_163', 'generator_160', 'generator_182', 'generator_163', 'generator_184', 'generator_185', 'generator_163', 'generator_160', 'generator_143', 'generator_158', 'generator_166', 'generator_191', 'generator_143', 'generator_143', 'generator_194', 'generator_155', 'generator_157', 'generator_158', 'generator_131', 'generator_163']
number opened: 2
TRIAL 17
Action chosen: (red, white)
Outcome: False
partcle ids: ['generator_172', 'generator_158', 'generator_174', 'generator_166', 'generator_175', 'generator_176', 'generator_143', 'generator_178', 'generator_158', 'generator_180', 'generator_163', 'generator_160', 'generator_182', 'generator_163', 'generator_184', 'generator_185', 'generator_163', 'generator_160', 'generator_143', 'generator_158', 'generator_166', 'generator_191', 'generator_143', 'generator_143', 'generator_194', 'generator_155', 'generator_157', 'generator_158', 'generator_131', 'generator_163']
number opened: 2
TRIAL 18
Action chosen: (heart, white)
Outcome: False
partcle ids: ['generator_172', 'generator_158', 'generator_174', 'generator_166', 'generator_175', 'generator_176', 'generator_143', 'generator_178', 'generator_158', 'generator_180', 'generator_163', 'generator_160', 'generator_182', 'generator_163', 'generator_184', 'generator_185', 'generator_163', 'generator_160', 'generator_143', 'generator_158', 'generator_166', 'generator_191', 'generator_143', 'generator_143', 'generator_194', 'generator_155', 'generator_157', 'generator_158', 'generator_131', 'generator_163']
number opened: 2
TRIAL 19
Action chosen: (orange4, white)
Outcome: True
partcle ids: ['generator_200', 'generator_163', 'generator_163', 'generator_163', 'generator_204', 'generator_163', 'generator_163', 'generator_163', 'generator_163', 'generator_163', 'generator_208', 'generator_209', 'generator_163', 'generator_163', 'generator_163', 'generator_163', 'generator_214', 'generator_215', 'generator_172', 'generator_217', 'generator_163', 'generator_163', 'generator_163', 'generator_220', 'generator_207', 'generator_221', 'generator_163', 'generator_223', 'generator_224', 'generator_163']
number opened: 3
TRIAL 20
Action chosen: (triangle, red)
Outcome: False
partcle ids: ['generator_226', 'generator_227', 'generator_208', 'generator_229', 'generator_230', 'generator_204', 'generator_224', 'generator_232', 'generator_172', 'generator_234', 'generator_235', 'generator_200', 'generator_200', 'generator_236', 'generator_215', 'generator_217', 'generator_217', 'generator_214', 'generator_220', 'generator_172', 'generator_235', 'generator_223', 'generator_240', 'generator_241', 'generator_208', 'generator_224', 'generator_220', 'generator_243', 'generator_244', 'generator_209']
number opened: 3
TRIAL 21
Action chosen: (grey2, red)
Outcome: False
partcle ids: ['generator_226', 'generator_227', 'generator_208', 'generator_229', 'generator_230', 'generator_204', 'generator_224', 'generator_232', 'generator_172', 'generator_234', 'generator_235', 'generator_200', 'generator_200', 'generator_236', 'generator_215', 'generator_217', 'generator_217', 'generator_214', 'generator_220', 'generator_172', 'generator_235', 'generator_223', 'generator_240', 'generator_241', 'generator_208', 'generator_224', 'generator_220', 'generator_243', 'generator_244', 'generator_209']
number opened: 3
TRIAL 22
Action chosen: (white, red)
Outcome: False
partcle ids: ['generator_226', 'generator_227', 'generator_208', 'generator_229', 'generator_230', 'generator_204', 'generator_224', 'generator_232', 'generator_172', 'generator_234', 'generator_235', 'generator_200', 'generator_200', 'generator_236', 'generator_215', 'generator_217', 'generator_217', 'generator_214', 'generator_220', 'generator_172', 'generator_235', 'generator_223', 'generator_240', 'generator_241', 'generator_208', 'generator_224', 'generator_220', 'generator_243', 'generator_244', 'generator_209']
number opened: 3
TRIAL 23
Action chosen: (blue, pink)
Outcome: False
partcle ids: ['generator_226', 'generator_227', 'generator_208', 'generator_229', 'generator_230', 'generator_204', 'generator_224', 'generator_232', 'generator_172', 'generator_234', 'generator_235', 'generator_200', 'generator_200', 'generator_236', 'generator_215', 'generator_217', 'generator_217', 'generator_214', 'generator_220', 'generator_172', 'generator_235', 'generator_223', 'generator_240', 'generator_241', 'generator_208', 'generator_224', 'generator_220', 'generator_243', 'generator_244', 'generator_209']
number opened: 3
TRIAL 24
Action chosen: (diamond, pink)
Outcome: False
partcle ids: ['generator_245', 'generator_235', 'generator_208', 'generator_246', 'generator_235', 'generator_235', 'generator_236', 'generator_226', 'generator_249', 'generator_250', 'generator_251', 'generator_243', 'generator_252', 'generator_208', 'generator_229', 'generator_225', 'generator_232', 'generator_240', 'generator_235', 'generator_255', 'generator_232', 'generator_208', 'generator_206', 'generator_256', 'generator_257', 'generator_252', 'generator_255', 'generator_235', 'generator_229', 'generator_259']
number opened: 3
TRIAL 25
Action chosen: (white, pink)
Outcome: False
partcle ids: ['generator_245', 'generator_235', 'generator_208', 'generator_246', 'generator_235', 'generator_235', 'generator_236', 'generator_226', 'generator_249', 'generator_250', 'generator_251', 'generator_243', 'generator_252', 'generator_208', 'generator_229', 'generator_225', 'generator_232', 'generator_240', 'generator_235', 'generator_255', 'generator_232', 'generator_208', 'generator_206', 'generator_256', 'generator_257', 'generator_252', 'generator_255', 'generator_235', 'generator_229', 'generator_259']
number opened: 3
TRIAL 26
Action chosen: (triangle, pink)
Outcome: False
partcle ids: ['generator_245', 'generator_235', 'generator_208', 'generator_246', 'generator_235', 'generator_235', 'generator_236', 'generator_226', 'generator_249', 'generator_250', 'generator_251', 'generator_243', 'generator_252', 'generator_208', 'generator_229', 'generator_225', 'generator_232', 'generator_240', 'generator_235', 'generator_255', 'generator_232', 'generator_208', 'generator_206', 'generator_256', 'generator_257', 'generator_252', 'generator_255', 'generator_235', 'generator_229', 'generator_259']
number opened: 3
TRIAL 27
Action chosen: (grey2, pink)
Outcome: True
partcle ids: ['generator_249', 'generator_208', 'generator_237', 'number_match', 'generator_252', 'generator_208', 'generator_208', 'generator_249', 'generator_249', 'generator_252', 'generator_208', 'generator_252', 'generator_208', 'generator_237', 'generator_208', 'generator_208', 'generator_211', 'generator_249', 'generator_237', 'generator_208', 'generator_240', 'generator_237', 'generator_252', 'generator_249', 'generator_260', 'generator_208', 'generator_260', 'generator_249', 'generator_208', 'generator_208']
number opened: 4
TRIAL 28
Action chosen: (diamond, red)
Outcome: False
partcle ids: ['generator_249', 'generator_208', 'generator_237', 'number_match', 'generator_252', 'generator_208', 'generator_208', 'generator_249', 'generator_249', 'generator_252', 'generator_208', 'generator_252', 'generator_208', 'generator_237', 'generator_208', 'generator_208', 'generator_211', 'generator_249', 'generator_237', 'generator_208', 'generator_240', 'generator_237', 'generator_252', 'generator_249', 'generator_260', 'generator_208', 'generator_260', 'generator_249', 'generator_208', 'generator_208']
number opened: 4
TRIAL 29
Action chosen: (blue, red)
Outcome: False
partcle ids: ['generator_249', 'generator_208', 'generator_237', 'number_match', 'generator_252', 'generator_208', 'generator_208', 'generator_249', 'generator_249', 'generator_252', 'generator_208', 'generator_252', 'generator_208', 'generator_237', 'generator_208', 'generator_208', 'generator_211', 'generator_249', 'generator_237', 'generator_208', 'generator_240', 'generator_237', 'generator_252', 'generator_249', 'generator_260', 'generator_208', 'generator_260', 'generator_249', 'generator_208', 'generator_208']
number opened: 4
TRIAL 30
Action chosen: (pink, red)
Outcome: False
partcle ids: ['generator_260', 'generator_240', 'generator_242', 'generator_260', 'generator_242', 'generator_211', 'generator_260', 'generator_260', 'generator_249', 'generator_211', 'generator_260', 'generator_237', 'generator_237', 'number_match', 'generator_249', 'generator_237', 'generator_208', 'generator_242', 'generator_240', 'number_match', 'generator_208', 'generator_249', 'generator_211', 'generator_237', 'generator_240', 'generator_260', 'generator_240', 'generator_237', 'generator_208', 'generator_208']
number opened: 4
TRIAL 31
Action chosen: (purple, red)
Outcome: False
partcle ids: ['generator_260', 'generator_240', 'generator_242', 'generator_260', 'generator_242', 'generator_211', 'generator_260', 'generator_260', 'generator_249', 'generator_211', 'generator_260', 'generator_237', 'generator_237', 'number_match', 'generator_249', 'generator_237', 'generator_208', 'generator_242', 'generator_240', 'number_match', 'generator_208', 'generator_249', 'generator_211', 'generator_237', 'generator_240', 'generator_260', 'generator_240', 'generator_237', 'generator_208', 'generator_208']
number opened: 4
TRIAL 32
Action chosen: (heart, red)
Outcome: False
partcle ids: ['generator_260', 'generator_240', 'generator_242', 'generator_260', 'generator_242', 'generator_211', 'generator_260', 'generator_260', 'generator_249', 'generator_211', 'generator_260', 'generator_237', 'generator_237', 'number_match', 'generator_249', 'generator_237', 'generator_208', 'generator_242', 'generator_240', 'number_match', 'generator_208', 'generator_249', 'generator_211', 'generator_237', 'generator_240', 'generator_260', 'generator_240', 'generator_237', 'generator_208', 'generator_208']
number opened: 4
TRIAL 33
Action chosen: (white, red)
Outcome: False
partcle ids: ['generator_260', 'generator_240', 'generator_242', 'generator_260', 'generator_242', 'generator_211', 'generator_260', 'generator_260', 'generator_249', 'generator_211', 'generator_260', 'generator_237', 'generator_237', 'number_match', 'generator_249', 'generator_237', 'generator_208', 'generator_242', 'generator_240', 'number_match', 'generator_208', 'generator_249', 'generator_211', 'generator_237', 'generator_240', 'generator_260', 'generator_240', 'generator_237', 'generator_208', 'generator_208']
number opened: 4
TRIAL 34
Action chosen: (diamond, red)
Outcome: False
partcle ids: ['number_match', 'number_match', 'generator_249', 'generator_240', 'generator_242', 'generator_242', 'generator_249', 'generator_211', 'number_match', 'generator_240', 'generator_242', 'generator_242', 'generator_211', 'generator_242', 'generator_242', 'generator_249', 'number_match', 'generator_211', 'generator_211', 'generator_242', 'generator_249', 'generator_242', 'generator_249', 'generator_240', 'generator_242', 'number_match', 'generator_249', 'generator_242', 'number_match', 'number_match']
number opened: 4
TRIAL 35
Action chosen: (triangle, red)
Outcome: False
partcle ids: ['number_match', 'number_match', 'generator_249', 'generator_240', 'generator_242', 'generator_242', 'generator_249', 'generator_211', 'number_match', 'generator_240', 'generator_242', 'generator_242', 'generator_211', 'generator_242', 'generator_242', 'generator_249', 'number_match', 'generator_211', 'generator_211', 'generator_242', 'generator_249', 'generator_242', 'generator_249', 'generator_240', 'generator_242', 'number_match', 'generator_249', 'generator_242', 'number_match', 'number_match']
number opened: 4
TRIAL 36
Action chosen: (red, red)
Outcome: True
partcle ids: ['number_match', 'number_match', 'number_match', 'number_match', 'number_match', 'number_match', 'number_match', 'number_match', 'number_match', 'number_match', 'number_match', 'number_match', 'number_match', 'number_match', 'number_match', 'number_match', 'number_match', 'number_match', 'number_match', 'number_match', 'number_match', 'number_match', 'number_match', 'number_match', 'number_match', 'number_match', 'number_match', 'number_match', 'number_match', 'number_match']
number opened: 5
{"attempts": 36, "unique_key_box_pairs": 30, "revisit_attempts": 6, "revisit_rate": 0.17142857142857143, "attempts_before_abandoning_color_matching": 0, "color_matching_abandoned": true}
