{"Child_ID": "D068", "SoC_variant": "SoC-Full", "theta": [1, 3], "p_gen": 0.4, "true_prior": 0.02, "run_number": 70, "seed": 2575932595842683542}
TRIAL 1
Action chosen: (pink, pink)
Outcome: False
partcle ids: ['similar_color_4', 'generator_1', 'similar_color_13', 'generator_2', 'similar_color_3', 'generator_3', 'generator_4', 'generator_5', 'order_match', 'generator_6', 'similar_color_13', 'similar_color_10', 'similar_color_3', 'generator_7', 'generator_8', 'generator_9', 'similar_color_3', 'generator_10', 'similar_color_14', 'similar_color_10', 'similar_color_5', 'generator_11', 'similar_color_14', 'generator_12', 'number_match', 'shape_match', 'generator_13', 'generator_14', 'similar_color_8', 'generator_15']
number opened: 0
TRIAL 2
Action chosen: (pink, pink)
Outcome: False
partcle ids: ['similar_color_4', 'generator_1', 'similar_color_13', 'generator_2', 'similar_color_3', 'generator_3', 'generator_4', 'generator_5', 'order_match', 'generator_6', 'similar_color_13', 'similar_color_10', 'similar_color_3', 'generator_7', 'generator_8', 'generator_9', 'similar_color_3', 'generator_10', 'similar_color_14', 'similar_color_10', 'similar_color_5', 'generator_11', 'similar_color_14', 'generator_12', 'number_match', 'shape_match', 'generator_13', 'generator_14', 'similar_color_8', 'generator_15']
number opened: 0
TRIAL 3
Action chosen: (pink, pink)
Outcome: False
partcle ids: ['similar_color_4', 'generator_1', 'similar_color_13', 'generator_2', 'similar_color_3', 'generator_3', 'generator_4', 'generator_5', 'order_match', 'generator_6', 'similar_color_13', 'similar_color_10', 'similar_color_3', 'generator_7', 'generator_8', 'generator_9', 'similar_color_3', 'generator_10', 'similar_color_14', 'similar_color_10', 'similar_color_5', 'generator_11', 'similar_color_14', 'generator_12', 'number_match', 'shape_match', 'generator_13', 'generator_14', 'similar_color_8', 'generator_15']
number opened: 0
TRIAL 4
Action chosen: (purple, purple)
Outcome: False
partcle ids: ['similar_color_4', 'generator_1', 'similar_color_13', 'generator_2', 'similar_color_3', 'generator_3', 'generator_4', 'generator_5', 'order_match', 'generator_6', 'similar_color_13', 'similar_color_10', 'similar_color_3', 'generator_7', 'generator_8', 'generator_9', 'similar_color_3', 'generator_10', 'similar_color_14', 'similar_color_10', 'similar_color_5', 'generator_11', 'similar_color_14', 'generator_12', 'number_match', 'shape_match', 'generator_13', 'generator_14', 'similar_color_8', 'generator_15']
number opened: 0
TRIAL 5
Action chosen: (red, red)
Outcome: True
partcle ids: ['generator_16', 'generator_17', 'generator_1', 'similar_color_3', 'generator_6', 'generator_18', 'generator_19', 'similar_color_7', 'generator_20', 'generator_21', 'similar_color_9', 'generator_6', 'generator_22', 'similar_color_5', 'generator_23', 'order_match', 'generator_24', 'similar_color_8', 'similar_color_2', 'number_match', 'similar_color_10', 'generator_25', 'similar_color_11', 'generator_1', 'generator_6', 'similar_color_4', 'generator_26', 'similar_color_11', 'generator_27', 'generator_28']
number opened: 1
TRIAL 6
Action chosen: (pink, pink)
Outcome: False
partcle ids: ['generator_16', 'generator_17', 'generator_1', 'similar_color_3', 'generator_6', 'generator_18', 'generator_19', 'similar_color_7', 'generator_20', 'generator_21', 'similar_color_9', 'generator_6', 'generator_22', 'similar_color_5', 'generator_23', 'order_match', 'generator_24', 'similar_color_8', 'similar_color_2', 'number_match', 'similar_color_10', 'generator_25', 'similar_color_11', 'generator_1', 'generator_6', 'similar_color_4', 'generator_26', 'similar_color_11', 'generator_27', 'generator_28']
number opened: 1
TRIAL 7
Action chosen: (purple, purple)
Outcome: False
partcle ids: ['generator_16', 'generator_17', 'generator_1', 'similar_color_3', 'generator_6', 'generator_18', 'generator_19', 'similar_color_7', 'generator_20', 'generator_21', 'similar_color_9', 'generator_6', 'generator_22', 'similar_color_5', 'generator_23', 'order_match', 'generator_24', 'similar_color_8', 'similar_color_2', 'number_match', 'similar_color_10', 'generator_25', 'similar_color_11', 'generator_1', 'generator_6', 'similar_color_4', 'generator_26', 'similar_color_11', 'generator_27', 'generator_28']
number opened: 1
TRIAL 8
Action chosen: (purple, purple)
Outcome: False
partcle ids: ['generator_16', 'generator_17', 'generator_1', 'similar_color_3', 'generator_6', 'generator_18', 'generator_19', 'similar_color_7', 'generator_20', 'generator_21', 'similar_color_9', 'generator_6', 'generator_22', 'similar_color_5', 'generator_23', 'order_match', 'generator_24', 'similar_color_8', 'similar_color_2', 'number_match', 'similar_color_10', 'generator_25', 'similar_color_11', 'generator_1', 'generator_6', 'similar_color_4', 'generator_26', 'similar_color_11', 'generator_27', 'generator_28']
number opened: 1
TRIAL 9
Action chosen: (yellow5, blue)
Outcome: True
partcle ids: ['number_match', 'generator_29', 'generator_30', 'generator_31', 'generator_32', 'generator_33', 'generator_34', 'order_match', 'generator_35', 'generator_36', 'generator_37', 'generator_38', 'generator_39', 'generator_40', 'generator_41', 'generator_42', 'generator_43', 'generator_44', 'generator_45', 'generator_46', 'generator_47', 'generator_48', 'generator_49', 'generator_50', 'generator_1', 'generator_51', 'generator_52', 'generator_53', 'generator_1', 'generator_55']
number opened: 2
TRIAL 10
Action chosen: (heart, pink)
Outcome: False
partcle ids: ['number_match', 'generator_29', 'generator_30', 'generator_31', 'generator_32', 'generator_33', 'generator_34', 'order_match', 'generator_35', 'generator_36', 'generator_37', 'generator_38', 'generator_39', 'generator_40', 'generator_41', 'generator_42', 'generator_43', 'generator_44', 'generator_45', 'generator_46', 'generator_47', 'generator_48', 'generator_49', 'generator_50', 'generator_1', 'generator_51', 'generator_52', 'generator_53', 'generator_1', 'generator_55']
number opened: 2
TRIAL 11
Action chosen: (green3, white)
Outcome: False
partcle ids: ['number_match', 'generator_29', 'generator_30', 'generator_31', 'generator_32', 'generator_33', 'generator_34', 'order_match', 'generator_35', 'generator_36', 'generator_37', 'generator_38', 'generator_39', 'generator_40', 'generator_41', 'generator_42', 'generator_43', 'generator_44', 'generator_45', 'generator_46', 'generator_47', 'generator_48', 'generator_49', 'generator_50', 'generator_1', 'generator_51', 'generator_52', 'generator_53', 'generator_1', 'generator_55']
number opened: 2
TRIAL 12
Action chosen: (orange4, white)
Outcome: True
partcle ids: ['number_match', 'generator_56', 'generator_57', 'generator_58', 'generator_59', 'generator_58', 'generator_60', 'generator_61', 'generator_62', 'generator_63', 'generator_52', 'generator_65', 'generator_66', 'generator_30', 'generator_67', 'generator_37', 'generator_68', 'generator_60', 'generator_69', 'generator_70', 'generator_52', 'generator_72', 'generator_73', 'generator_30', 'generator_74', 'generator_30', 'generator_30', 'generator_75', 'generator_76', 'generator_70']
number opened: 3
TRIAL 13
Action chosen: (diamond, purple)
Outcome: False
partcle ids: ['number_match', 'generator_56', 'generator_57', 'generator_58', 'generator_59', 'generator_58', 'generator_60', 'generator_61', 'generator_62', 'generator_63', 'generator_52', 'generator_65', 'generator_66', 'generator_30', 'generator_67', 'generator_37', 'generator_68', 'generator_60', 'generator_69', 'generator_70', 'generator_52', 'generator_72', 'generator_73', 'generator_30', 'generator_74', 'generator_30', 'generator_30', 'generator_75', 'generator_76', 'generator_70']
number opened: 3
TRIAL 14
Action chosen: (purple, pink)
Outcome: False
partcle ids: ['number_match', 'generator_56', 'generator_57', 'generator_58', 'generator_59', 'generator_58', 'generator_60', 'generator_61', 'generator_62', 'generator_63', 'generator_52', 'generator_65', 'generator_66', 'generator_30', 'generator_67', 'generator_37', 'generator_68', 'generator_60', 'generator_69', 'generator_70', 'generator_52', 'generator_72', 'generator_73', 'generator_30', 'generator_74', 'generator_30', 'generator_30', 'generator_75', 'generator_76', 'generator_70']
number opened: 3
TRIAL 15
Action chosen: (blue, purple)
Outcome: False
partcle ids: ['number_match', 'generator_56', 'generator_57', 'generator_58', 'generator_59', 'generator_58', 'generator_60', 'generator_61', 'generator_62', 'generator_63', 'generator_52', 'generator_65', 'generator_66', 'generator_30', 'generator_67', 'generator_37', 'generator_68', 'generator_60', 'generator_69', 'generator_70', 'generator_52', 'generator_72', 'generator_73', 'generator_30', 'generator_74', 'generator_30', 'generator_30', 'generator_75', 'generator_76', 'generator_70']
number opened: 3
TRIAL 16
Action chosen: (green3, purple)
Outcome: True
partcle ids: ['generator_77', 'generator_74', 'generator_73', 'generator_77', 'generator_79', 'number_match', 'generator_74', 'number_match', 'generator_73', 'generator_79', 'generator_77', 'generator_65', 'generator_73', 'generator_65', 'generator_77', 'number_match', 'generator_80', 'generator_74', 'number_match', 'generator_79', 'number_match', 'number_match', 'generator_65', 'generator_74', 'generator_73', 'generator_79', 'generator_78', 'generator_78', 'generator_73', 'generator_74']
number opened: 4
TRIAL 17
Action chosen: (grey2, pink)
Outcome: True
partcle ids: ['number_match', 'number_match', 'number_match', 'number_match', 'number_match', 'number_match', 'number_match', 'number_match', 'number_match', 'number_match', 'number_match', 'number_match', 'number_match', 'number_match', 'number_match', 'number_match', 'number_match', 'number_match', 'number_match', 'number_match', 'number_match', 'number_match', 'number_match', 'number_match', 'number_match', 'number_match', 'number_match', 'number_match', 'number_match', 'number_match']
number opened: 5
{"attempts": 17, "unique_key_box_pairs": 12, "revisit_attempts": 5, "revisit_rate": 0.3125, "attempts_before_abandoning_color_matching": 8, "color_matching_abandoned": true}
