{"Child_ID": "D068", "SoC_variant": "SoC-Full", "theta": [1, 3], "p_gen": 0.4, "true_prior": 0.02, "run_number": 42, "seed": 6906127324548138014}
TRIAL 1
Action chosen: (green3, blue)
Outcome: False
partcle ids: ['similar_color_11', 'generator_1', 'generator_2', 'similar_color_13', 'generator_3', 'similar_color_4', 'similar_color_1', 'similar_color_11', 'generator_4', 'similar_color_14', 'similar_color_6', 'generator_5', 'similar_color_3', 'generator_6', 'generator_7', 'shape_match', 'similar_color_3', 'similar_color_10', 'generator_8', 'generator_9', 'similar_color_13', 'generator_10', 'similar_color_8', 'generator_11', 'similar_color_5', 'similar_color_12', 'shape_match', 'generator_12', 'order_match', 'generator_13']
number opened: 0
TRIAL 2
Action chosen: (heart, blue)
Outcome: False
partcle ids: ['similar_color_11', 'generator_1', 'generator_2', 'similar_color_13', 'generator_3', 'similar_color_4', 'similar_color_1', 'similar_color_11', 'generator_4', 'similar_color_14', 'similar_color_6', 'generator_5', 'similar_color_3', 'generator_6', 'generator_7', 'shape_match', 'similar_color_3', 'similar_color_10', 'generator_8', 'generator_9', 'similar_color_13', 'generator_10', 'similar_color_8', 'generator_11', 'similar_color_5', 'similar_color_12', 'shape_match', 'generator_12', 'order_match', 'generator_13']
number opened: 0
TRIAL 3
Action chosen: (pink, pink)
Outcome: False
partcle ids: ['similar_color_11', 'generator_1', 'generator_2', 'similar_color_13', 'generator_3', 'similar_color_4', 'similar_color_1', 'similar_color_11', 'generator_4', 'similar_color_14', 'similar_color_6', 'generator_5', 'similar_color_3', 'generator_6', 'generator_7', 'shape_match', 'similar_color_3', 'similar_color_10', 'generator_8', 'generator_9', 'similar_color_13', 'generator_10', 'similar_color_8', 'generator_11', 'similar_color_5', 'similar_color_12', 'shape_match', 'generator_12', 'order_match', 'generator_13']
number opened: 0
TRIAL 4
Action chosen: (pink, pink)
Outcome: False
partcle ids: ['similar_color_11', 'generator_1', 'generator_2', 'similar_color_13', 'generator_3', 'similar_color_4', 'similar_color_1', 'similar_color_11', 'generator_4', 'similar_color_14', 'similar_color_6', 'generator_5', 'similar_color_3', 'generator_6', 'generator_7', 'shape_match', 'similar_color_3', 'similar_color_10', 'generator_8', 'generator_9', 'similar_color_13', 'generator_10', 'similar_color_8', 'generator_11', 'similar_color_5', 'similar_color_12', 'shape_match', 'generator_12', 'order_match', 'generator_13']
number opened: 0
TRIAL 5
Action chosen: (pink, pink)
Outcome: False
partcle ids: ['similar_color_11', 'generator_1', 'generator_2', 'similar_color_13', 'generator_3', 'similar_color_4', 'similar_color_1', 'similar_color_11', 'generator_4', 'similar_color_14', 'similar_color_6', 'generator_5', 'similar_color_3', 'generator_6', 'generator_7', 'shape_match', 'similar_color_3', 'similar_color_10', 'generator_8', 'generator_9', 'similar_color_13', 'generator_10', 'similar_color_8', 'generator_11', 'similar_color_5', 'similar_color_12', 'shape_match', 'generator_12', 'order_match', 'generator_13']
number opened: 0
TRIAL 6
Action chosen: (red, red)
Outcome: True
partcle ids: ['similar_color_8', 'generator_14', 'similar_color_4', 'generator_15', 'similar_color_2', 'order_match', 'similar_color_14', 'generator_16', 'generator_17', 'similar_color_8', 'color_match', 'generator_3', 'similar_color_9', 'similar_color_12', 'similar_color_11', 'generator_19', 'similar_color_6', 'generator_20', 'generator_21', 'color_match', 'generator_22', 'similar_color_14', 'order_match', 'similar_color_14', 'generator_3', 'generator_23', 'similar_color_3', 'generator_24', 'similar_color_12', 'similar_color_9']
number opened: 1
TRIAL 7
Action chosen: (blue, blue)
Outcome: False
partcle ids: ['similar_color_8', 'generator_14', 'similar_color_4', 'generator_15', 'similar_color_2', 'order_match', 'similar_color_14', 'generator_16', 'generator_17', 'similar_color_8', 'color_match', 'generator_3', 'similar_color_9', 'similar_color_12', 'similar_color_11', 'generator_19', 'similar_color_6', 'generator_20', 'generator_21', 'color_match', 'generator_22', 'similar_color_14', 'order_match', 'similar_color_14', 'generator_3', 'generator_23', 'similar_color_3', 'generator_24', 'similar_color_12', 'similar_color_9']
number opened: 1
TRIAL 8
Action chosen: (pink, pink)
Outcome: False
partcle ids: ['similar_color_8', 'generator_14', 'similar_color_4', 'generator_15', 'similar_color_2', 'order_match', 'similar_color_14', 'generator_16', 'generator_17', 'similar_color_8', 'color_match', 'generator_3', 'similar_color_9', 'similar_color_12', 'similar_color_11', 'generator_19', 'similar_color_6', 'generator_20', 'generator_21', 'color_match', 'generator_22', 'similar_color_14', 'order_match', 'similar_color_14', 'generator_3', 'generator_23', 'similar_color_3', 'generator_24', 'similar_color_12', 'similar_color_9']
number opened: 1
TRIAL 9
Action chosen: (pink, pink)
Outcome: False
partcle ids: ['similar_color_8', 'generator_14', 'similar_color_4', 'generator_15', 'similar_color_2', 'order_match', 'similar_color_14', 'generator_16', 'generator_17', 'similar_color_8', 'color_match', 'generator_3', 'similar_color_9', 'similar_color_12', 'similar_color_11', 'generator_19', 'similar_color_6', 'generator_20', 'generator_21', 'color_match', 'generator_22', 'similar_color_14', 'order_match', 'similar_color_14', 'generator_3', 'generator_23', 'similar_color_3', 'generator_24', 'similar_color_12', 'similar_color_9']
number opened: 1
TRIAL 10
Action chosen: (pink, pink)
Outcome: False
partcle ids: ['similar_color_8', 'generator_14', 'similar_color_4', 'generator_15', 'similar_color_2', 'order_match', 'similar_color_14', 'generator_16', 'generator_17', 'similar_color_8', 'color_match', 'generator_3', 'similar_color_9', 'similar_color_12', 'similar_color_11', 'generator_19', 'similar_color_6', 'generator_20', 'generator_21', 'color_match', 'generator_22', 'similar_color_14', 'order_match', 'similar_color_14', 'generator_3', 'generator_23', 'similar_color_3', 'generator_24', 'similar_color_12', 'similar_color_9']
number opened: 1
TRIAL 11
Action chosen: (purple, purple)
Outcome: False
partcle ids: ['similar_color_8', 'generator_14', 'similar_color_4', 'generator_15', 'similar_color_2', 'order_match', 'similar_color_14', 'generator_16', 'generator_17', 'similar_color_8', 'color_match', 'generator_3', 'similar_color_9', 'similar_color_12', 'similar_color_11', 'generator_19', 'similar_color_6', 'generator_20', 'generator_21', 'color_match', 'generator_22', 'similar_color_14', 'order_match', 'similar_color_14', 'generator_3', 'generator_23', 'similar_color_3', 'generator_24', 'similar_color_12', 'similar_color_9']
number opened: 1
TRIAL 12
Action chosen: (purple, purple)
Outcome: False
partcle ids: ['similar_color_8', 'generator_14', 'similar_color_4', 'generator_15', 'similar_color_2', 'order_match', 'similar_color_14', 'generator_16', 'generator_17', 'similar_color_8', 'color_match', 'generator_3', 'similar_color_9', 'similar_color_12', 'similar_color_11', 'generator_19', 'similar_color_6', 'generator_20', 'generator_21', 'color_match', 'generator_22', 'similar_color_14', 'order_match', 'similar_color_14', 'generator_3', 'generator_23', 'similar_color_3', 'generator_24', 'similar_color_12', 'similar_color_9']
number opened: 1
TRIAL 13
Action chosen: (green3, white)
Outcome: False
partcle ids: ['similar_color_8', 'generator_14', 'similar_color_4', 'generator_15', 'similar_color_2', 'order_match', 'similar_color_14', 'generator_16', 'generator_17', 'similar_color_8', 'color_match', 'generator_3', 'similar_color_9', 'similar_color_12', 'similar_color_11', 'generator_19', 'similar_color_6', 'generator_20', 'generator_21', 'color_match', 'generator_22', 'similar_color_14', 'order_match', 'similar_color_14', 'generator_3', 'generator_23', 'similar_color_3', 'generator_24', 'similar_color_12', 'similar_color_9']
number opened: 1
TRIAL 14
Action chosen: (purple, purple)
Outcome: False
partcle ids: ['similar_color_8', 'generator_14', 'similar_color_4', 'generator_15', 'similar_color_2', 'order_match', 'similar_color_14', 'generator_16', 'generator_17', 'similar_color_8', 'color_match', 'generator_3', 'similar_color_9', 'similar_color_12', 'similar_color_11', 'generator_19', 'similar_color_6', 'generator_20', 'generator_21', 'color_match', 'generator_22', 'similar_color_14', 'order_match', 'similar_color_14', 'generator_3', 'generator_23', 'similar_color_3', 'generator_24', 'similar_color_12', 'similar_color_9']
number opened: 1
TRIAL 15
Action chosen: (grey2, white)
Outcome: False
partcle ids: ['similar_color_8', 'generator_14', 'similar_color_4', 'generator_15', 'similar_color_2', 'order_match', 'similar_color_14', 'generator_16', 'generator_17', 'similar_color_8', 'color_match', 'generator_3', 'similar_color_9', 'similar_color_12', 'similar_color_11', 'generator_19', 'similar_color_6', 'generator_20', 'generator_21', 'color_match', 'generator_22', 'similar_color_14', 'order_match', 'similar_color_14', 'generator_3', 'generator_23', 'similar_color_3', 'generator_24', 'similar_color_12', 'similar_color_9']
number opened: 1
TRIAL 16
Action chosen: (diamond, pink)
Outcome: False
partcle ids: ['similar_color_8', 'generator_14', 'similar_color_4', 'generator_15', 'similar_color_2', 'order_match', 'similar_color_14', 'generator_16', 'generator_17', 'similar_color_8', 'color_match', 'generator_3', 'similar_color_9', 'similar_color_12', 'similar_color_11', 'generator_19', 'similar_color_6', 'generator_20', 'generator_21', 'color_match', 'generator_22', 'similar_color_14', 'order_match', 'similar_color_14', 'generator_3', 'generator_23', 'similar_color_3', 'generator_24', 'similar_color_12', 'similar_color_9']
number opened: 1
TRIAL 17
Action chosen: (orange4, purple)
Outcome: False
partcle ids: ['similar_color_8', 'generator_14', 'similar_color_4', 'generator_15', 'similar_color_2', 'order_match', 'similar_color_14', 'generator_16', 'generator_17', 'similar_color_8', 'color_match', 'generator_3', 'similar_color_9', 'similar_color_12', 'similar_color_11', 'generator_19', 'similar_color_6', 'generator_20', 'generator_21', 'color_match', 'generator_22', 'similar_color_14', 'order_match', 'similar_color_14', 'generator_3', 'generator_23', 'similar_color_3', 'generator_24', 'similar_color_12', 'similar_color_9']
number opened: 1
TRIAL 18
Action chosen: (purple, purple)
Outcome: False
partcle ids: ['similar_color_8', 'generator_14', 'similar_color_4', 'generator_15', 'similar_color_2', 'order_match', 'similar_color_14', 'generator_16', 'generator_17', 'similar_color_8', 'color_match', 'generator_3', 'similar_color_9', 'similar_color_12', 'similar_color_11', 'generator_19', 'similar_color_6', 'generator_20', 'generator_21', 'color_match', 'generator_22', 'similar_color_14', 'order_match', 'similar_color_14', 'generator_3', 'generator_23', 'similar_color_3', 'generator_24', 'similar_color_12', 'similar_color_9']
number opened: 1
TRIAL 19
Action chosen: (diamond, blue)
Outcome: False
partcle ids: ['similar_color_8', 'generator_14', 'similar_color_4', 'generator_15', 'similar_color_2', 'order_match', 'similar_color_14', 'generator_16', 'generator_17', 'similar_color_8', 'color_match', 'generator_3', 'similar_color_9', 'similar_color_12', 'similar_color_11', 'generator_19', 'similar_color_6', 'generator_20', 'generator_21', 'color_match', 'generator_22', 'similar_color_14', 'order_match', 'similar_color_14', 'generator_3', 'generator_23', 'similar_color_3', 'generator_24', 'similar_color_12', 'similar_color_9']
number opened: 1
TRIAL 20
Action chosen: (orange4, purple)
Outcome: False
partcle ids: ['similar_color_8', 'generator_14', 'similar_color_4', 'generator_15', 'similar_color_2', 'order_match', 'similar_color_14', 'generator_16', 'generator_17', 'similar_color_8', 'color_match', 'generator_3', 'similar_color_9', 'similar_color_12', 'similar_color_11', 'generator_19', 'similar_color_6', 'generator_20', 'generator_21', 'color_match', 'generator_22', 'similar_color_14', 'order_match', 'similar_color_14', 'generator_3', 'generator_23', 'similar_color_3', 'generator_24', 'similar_color_12', 'similar_color_9']
number opened: 1
TRIAL 21
Action chosen: (diamond, pink)
Outcome: False
partcle ids: ['similar_color_8', 'generator_14', 'similar_color_4', 'generator_15', 'similar_color_2', 'order_match', 'similar_color_14', 'generator_16', 'generator_17', 'similar_color_8', 'color_match', 'generator_3', 'similar_color_9', 'similar_color_12', 'similar_color_11', 'generator_19', 'similar_color_6', 'generator_20', 'generator_21', 'color_match', 'generator_22', 'similar_color_14', 'order_match', 'similar_color_14', 'generator_3', 'generator_23', 'similar_color_3', 'generator_24', 'similar_color_12', 'similar_color_9']
number opened: 1
TRIAL 22
Action chosen: (grey2, white)
Outcome: False
partcle ids: ['similar_color_8', 'generator_14', 'similar_color_4', 'generator_15', 'similar_color_2', 'order_match', 'similar_color_14', 'generator_16', 'generator_17', 'similar_color_8', 'color_match', 'generator_3', 'similar_color_9', 'similar_color_12', 'similar_color_11', 'generator_19', 'similar_color_6', 'generator_20', 'generator_21', 'color_match', 'generator_22', 'similar_color_14', 'order_match', 'similar_color_14', 'generator_3', 'generator_23', 'similar_color_3', 'generator_24', 'similar_color_12', 'similar_color_9']
number opened: 1
TRIAL 23
Action chosen: (purple, purple)
Outcome: False
partcle ids: ['similar_color_8', 'generator_14', 'similar_color_4', 'generator_15', 'similar_color_2', 'order_match', 'similar_color_14', 'generator_16', 'generator_17', 'similar_color_8', 'color_match', 'generator_3', 'similar_color_9', 'similar_color_12', 'similar_color_11', 'generator_19', 'similar_color_6', 'generator_20', 'generator_21', 'color_match', 'generator_22', 'similar_color_14', 'order_match', 'similar_color_14', 'generator_3', 'generator_23', 'similar_color_3', 'generator_24', 'similar_color_12', 'similar_color_9']
number opened: 1
TRIAL 24
Action chosen: (orange4, purple)
Outcome: False
partcle ids: ['similar_color_8', 'generator_14', 'similar_color_4', 'generator_15', 'similar_color_2', 'order_match', 'similar_color_14', 'generator_16', 'generator_17', 'similar_color_8', 'color_match', 'generator_3', 'similar_color_9', 'similar_color_12', 'similar_color_11', 'generator_19', 'similar_color_6', 'generator_20', 'generator_21', 'color_match', 'generator_22', 'similar_color_14', 'order_match', 'similar_color_14', 'generator_3', 'generator_23', 'similar_color_3', 'generator_24', 'similar_color_12', 'similar_color_9']
number opened: 1
TRIAL 25
Action chosen: (diamond, pink)
Outcome: False
partcle ids: ['similar_color_8', 'generator_14', 'similar_color_4', 'generator_15', 'similar_color_2', 'order_match', 'similar_color_14', 'generator_16', 'generator_17', 'similar_color_8', 'color_match', 'generator_3', 'similar_color_9', 'similar_color_12', 'similar_color_11', 'generator_19', 'similar_color_6', 'generator_20', 'generator_21', 'color_match', 'generator_22', 'similar_color_14', 'order_match', 'similar_color_14', 'generator_3', 'generator_23', 'similar_color_3', 'generator_24', 'similar_color_12', 'similar_color_9']
number opened: 1
TRIAL 26
Action chosen: (diamond, blue)
Outcome: False
partcle ids: ['similar_color_8', 'generator_14', 'similar_color_4', 'generator_15', 'similar_color_2', 'order_match', 'similar_color_14', 'generator_16', 'generator_17', 'similar_color_8', 'color_match', 'generator_3', 'similar_color_9', 'similar_color_12', 'similar_color_11', 'generator_19', 'similar_color_6', 'generator_20', 'generator_21', 'color_match', 'generator_22', 'similar_color_14', 'order_match', 'similar_color_14', 'generator_3', 'generator_23', 'similar_color_3', 'generator_24', 'similar_color_12', 'similar_color_9']
number opened: 1
TRIAL 27
Action chosen: (purple, purple)
Outcome: False
partcle ids: ['similar_color_8', 'generator_14', 'similar_color_4', 'generator_15', 'similar_color_2', 'order_match', 'similar_color_14', 'generator_16', 'generator_17', 'similar_color_8', 'color_match', 'generator_3', 'similar_color_9', 'similar_color_12', 'similar_color_11', 'generator_19', 'similar_color_6', 'generator_20', 'generator_21', 'color_match', 'generator_22', 'similar_color_14', 'order_match', 'similar_color_14', 'generator_3', 'generator_23', 'similar_color_3', 'generator_24', 'similar_color_12', 'similar_color_9']
number opened: 1
TRIAL 28
Action chosen: (diamond, pink)
Outcome: False
partcle ids: ['similar_color_8', 'generator_14', 'similar_color_4', 'generator_15', 'similar_color_2', 'order_match', 'similar_color_14', 'generator_16', 'generator_17', 'similar_color_8', 'color_match', 'generator_3', 'similar_color_9', 'similar_color_12', 'similar_color_11', 'generator_19', 'similar_color_6', 'generator_20', 'generator_21', 'color_match', 'generator_22', 'similar_color_14', 'order_match', 'similar_color_14', 'generator_3', 'generator_23', 'similar_color_3', 'generator_24', 'similar_color_12', 'similar_color_9']
number opened: 1
TRIAL 29
Action chosen: (orange4, purple)
Outcome: False
partcle ids: ['generator_25', 'generator_19', 'generator_21', 'generator_26', 'color_match', 'generator_17', 'generator_17', 'generator_27', 'generator_28', 'generator_23', 'generator_29', 'generator_3', 'generator_17', 'similar_color_11', 'generator_30', 'generator_14', 'similar_color_3', 'generator_21', 'order_match', 'generator_31', 'generator_24', 'color_match', 'generator_32', 'generator_33', 'generator_20', 'generator_24', 'generator_17', 'generator_19', 'generator_3', 'generator_34']
number opened: 1
TRIAL 30
Action chosen: (purple, purple)
Outcome: False
partcle ids: ['generator_25', 'generator_19', 'generator_21', 'generator_26', 'color_match', 'generator_17', 'generator_17', 'generator_27', 'generator_28', 'generator_23', 'generator_29', 'generator_3', 'generator_17', 'similar_color_11', 'generator_30', 'generator_14', 'similar_color_3', 'generator_21', 'order_match', 'generator_31', 'generator_24', 'color_match', 'generator_32', 'generator_33', 'generator_20', 'generator_24', 'generator_17', 'generator_19', 'generator_3', 'generator_34']
number opened: 1
TRIAL 31
Action chosen: (white, pink)
Outcome: False
partcle ids: ['generator_25', 'generator_19', 'generator_21', 'generator_26', 'color_match', 'generator_17', 'generator_17', 'generator_27', 'generator_28', 'generator_23', 'generator_29', 'generator_3', 'generator_17', 'similar_color_11', 'generator_30', 'generator_14', 'similar_color_3', 'generator_21', 'order_match', 'generator_31', 'generator_24', 'color_match', 'generator_32', 'generator_33', 'generator_20', 'generator_24', 'generator_17', 'generator_19', 'generator_3', 'generator_34']
number opened: 1
TRIAL 32
Action chosen: (diamond, blue)
Outcome: False
partcle ids: ['generator_25', 'generator_19', 'generator_21', 'generator_26', 'color_match', 'generator_17', 'generator_17', 'generator_27', 'generator_28', 'generator_23', 'generator_29', 'generator_3', 'generator_17', 'similar_color_11', 'generator_30', 'generator_14', 'similar_color_3', 'generator_21', 'order_match', 'generator_31', 'generator_24', 'color_match', 'generator_32', 'generator_33', 'generator_20', 'generator_24', 'generator_17', 'generator_19', 'generator_3', 'generator_34']
number opened: 1
TRIAL 33
Action chosen: (purple, purple)
Outcome: False
partcle ids: ['generator_25', 'generator_19', 'generator_21', 'generator_26', 'color_match', 'generator_17', 'generator_17', 'generator_27', 'generator_28', 'generator_23', 'generator_29', 'generator_3', 'generator_17', 'similar_color_11', 'generator_30', 'generator_14', 'similar_color_3', 'generator_21', 'order_match', 'generator_31', 'generator_24', 'color_match', 'generator_32', 'generator_33', 'generator_20', 'generator_24', 'generator_17', 'generator_19', 'generator_3', 'generator_34']
number opened: 1
TRIAL 34
Action chosen: (white, pink)
Outcome: False
partcle ids: ['generator_25', 'generator_19', 'generator_21', 'generator_26', 'color_match', 'generator_17', 'generator_17', 'generator_27', 'generator_28', 'generator_23', 'generator_29', 'generator_3', 'generator_17', 'similar_color_11', 'generator_30', 'generator_14', 'similar_color_3', 'generator_21', 'order_match', 'generator_31', 'generator_24', 'color_match', 'generator_32', 'generator_33', 'generator_20', 'generator_24', 'generator_17', 'generator_19', 'generator_3', 'generator_34']
number opened: 1
TRIAL 35
Action chosen: (purple, purple)
Outcome: False
partcle ids: ['generator_25', 'generator_19', 'generator_21', 'generator_26', 'color_match', 'generator_17', 'generator_17', 'generator_27', 'generator_28', 'generator_23', 'generator_29', 'generator_3', 'generator_17', 'similar_color_11', 'generator_30', 'generator_14', 'similar_color_3', 'generator_21', 'order_match', 'generator_31', 'generator_24', 'color_match', 'generator_32', 'generator_33', 'generator_20', 'generator_24', 'generator_17', 'generator_19', 'generator_3', 'generator_34']
number opened: 1
TRIAL 36
Action chosen: (diamond, blue)
Outcome: False
partcle ids: ['generator_25', 'generator_19', 'generator_21', 'generator_26', 'color_match', 'generator_17', 'generator_17', 'generator_27', 'generator_28', 'generator_23', 'generator_29', 'generator_3', 'generator_17', 'similar_color_11', 'generator_30', 'generator_14', 'similar_color_3', 'generator_21', 'order_match', 'generator_31', 'generator_24', 'color_match', 'generator_32', 'generator_33', 'generator_20', 'generator_24', 'generator_17', 'generator_19', 'generator_3', 'generator_34']
number opened: 1
TRIAL 37
Action chosen: (green3, white)
Outcome: False
partcle ids: ['generator_25', 'generator_19', 'generator_21', 'generator_26', 'color_match', 'generator_17', 'generator_17', 'generator_27', 'generator_28', 'generator_23', 'generator_29', 'generator_3', 'generator_17', 'similar_color_11', 'generator_30', 'generator_14', 'similar_color_3', 'generator_21', 'order_match', 'generator_31', 'generator_24', 'color_match', 'generator_32', 'generator_33', 'generator_20', 'generator_24', 'generator_17', 'generator_19', 'generator_3', 'generator_34']
number opened: 1
TRIAL 38
Action chosen: (white, pink)
Outcome: False
partcle ids: ['generator_25', 'generator_19', 'generator_21', 'generator_26', 'color_match', 'generator_17', 'generator_17', 'generator_27', 'generator_28', 'generator_23', 'generator_29', 'generator_3', 'generator_17', 'similar_color_11', 'generator_30', 'generator_14', 'similar_color_3', 'generator_21', 'order_match', 'generator_31', 'generator_24', 'color_match', 'generator_32', 'generator_33', 'generator_20', 'generator_24', 'generator_17', 'generator_19', 'generator_3', 'generator_34']
number opened: 1
TRIAL 39
Action chosen: (grey2, blue)
Outcome: False
partcle ids: ['generator_25', 'generator_19', 'generator_21', 'generator_26', 'color_match', 'generator_17', 'generator_17', 'generator_27', 'generator_28', 'generator_23', 'generator_29', 'generator_3', 'generator_17', 'similar_color_11', 'generator_30', 'generator_14', 'similar_color_3', 'generator_21', 'order_match', 'generator_31', 'generator_24', 'color_match', 'generator_32', 'generator_33', 'generator_20', 'generator_24', 'generator_17', 'generator_19', 'generator_3', 'generator_34']
number opened: 1
TRIAL 40
Action chosen: (purple, purple)
Outcome: False
partcle ids: ['generator_25', 'generator_19', 'generator_21', 'generator_26', 'color_match', 'generator_17', 'generator_17', 'generator_27', 'generator_28', 'generator_23', 'generator_29', 'generator_3', 'generator_17', 'similar_color_11', 'generator_30', 'generator_14', 'similar_color_3', 'generator_21', 'order_match', 'generator_31', 'generator_24', 'color_match', 'generator_32', 'generator_33', 'generator_20', 'generator_24', 'generator_17', 'generator_19', 'generator_3', 'generator_34']
number opened: 1
TRIAL 41
Action chosen: (grey2, white)
Outcome: False
partcle ids: ['generator_25', 'generator_19', 'generator_21', 'generator_26', 'color_match', 'generator_17', 'generator_17', 'generator_27', 'generator_28', 'generator_23', 'generator_29', 'generator_3', 'generator_17', 'similar_color_11', 'generator_30', 'generator_14', 'similar_color_3', 'generator_21', 'order_match', 'generator_31', 'generator_24', 'color_match', 'generator_32', 'generator_33', 'generator_20', 'generator_24', 'generator_17', 'generator_19', 'generator_3', 'generator_34']
number opened: 1
TRIAL 42
Action chosen: (green3, white)
Outcome: False
partcle ids: ['generator_25', 'generator_19', 'generator_21', 'generator_26', 'color_match', 'generator_17', 'generator_17', 'generator_27', 'generator_28', 'generator_23', 'generator_29', 'generator_3', 'generator_17', 'similar_color_11', 'generator_30', 'generator_14', 'similar_color_3', 'generator_21', 'order_match', 'generator_31', 'generator_24', 'color_match', 'generator_32', 'generator_33', 'generator_20', 'generator_24', 'generator_17', 'generator_19', 'generator_3', 'generator_34']
number opened: 1
TRIAL 43
Action chosen: (white, pink)
Outcome: False
partcle ids: ['generator_25', 'generator_19', 'generator_21', 'generator_26', 'color_match', 'generator_17', 'generator_17', 'generator_27', 'generator_28', 'generator_23', 'generator_29', 'generator_3', 'generator_17', 'similar_color_11', 'generator_30', 'generator_14', 'similar_color_3', 'generator_21', 'order_match', 'generator_31', 'generator_24', 'color_match', 'generator_32', 'generator_33', 'generator_20', 'generator_24', 'generator_17', 'generator_19', 'generator_3', 'generator_34']
number opened: 1
TRIAL 44
Action chosen: (purple, purple)
Outcome: False
partcle ids: ['generator_25', 'generator_19', 'generator_21', 'generator_26', 'color_match', 'generator_17', 'generator_17', 'generator_27', 'generator_28', 'generator_23', 'generator_29', 'generator_3', 'generator_17', 'similar_color_11', 'generator_30', 'generator_14', 'similar_color_3', 'generator_21', 'order_match', 'generator_31', 'generator_24', 'color_match', 'generator_32', 'generator_33', 'generator_20', 'generator_24', 'generator_17', 'generator_19', 'generator_3', 'generator_34']
number opened: 1
TRIAL 45
Action chosen: (diamond, blue)
Outcome: False
partcle ids: ['generator_25', 'generator_19', 'generator_21', 'generator_26', 'color_match', 'generator_17', 'generator_17', 'generator_27', 'generator_28', 'generator_23', 'generator_29', 'generator_3', 'generator_17', 'similar_color_11', 'generator_30', 'generator_14', 'similar_color_3', 'generator_21', 'order_match', 'generator_31', 'generator_24', 'color_match', 'generator_32', 'generator_33', 'generator_20', 'generator_24', 'generator_17', 'generator_19', 'generator_3', 'generator_34']
number opened: 1
TRIAL 46
Action chosen: (grey2, blue)
Outcome: False
partcle ids: ['generator_25', 'generator_19', 'generator_21', 'generator_26', 'color_match', 'generator_17', 'generator_17', 'generator_27', 'generator_28', 'generator_23', 'generator_29', 'generator_3', 'generator_17', 'similar_color_11', 'generator_30', 'generator_14', 'similar_color_3', 'generator_21', 'order_match', 'generator_31', 'generator_24', 'color_match', 'generator_32', 'generator_33', 'generator_20', 'generator_24', 'generator_17', 'generator_19', 'generator_3', 'generator_34']
number opened: 1
TRIAL 47
Action chosen: (orange4, blue)
Outcome: False
partcle ids: ['generator_25', 'generator_19', 'generator_21', 'generator_26', 'color_match', 'generator_17', 'generator_17', 'generator_27', 'generator_28', 'generator_23', 'generator_29', 'generator_3', 'generator_17', 'similar_color_11', 'generator_30', 'generator_14', 'similar_color_3', 'generator_21', 'order_match', 'generator_31', 'generator_24', 'color_match', 'generator_32', 'generator_33', 'generator_20', 'generator_24', 'generator_17', 'generator_19', 'generator_3', 'generator_34']
number opened: 1
TRIAL 48
Action chosen: (green3, white)
Outcome: False
partcle ids: ['generator_25', 'generator_19', 'generator_21', 'generator_26', 'color_match', 'generator_17', 'generator_17', 'generator_27', 'generator_28', 'generator_23', 'generator_29', 'generator_3', 'generator_17', 'similar_color_11', 'generator_30', 'generator_14', 'similar_color_3', 'generator_21', 'order_match', 'generator_31', 'generator_24', 'color_match', 'generator_32', 'generator_33', 'generator_20', 'generator_24', 'generator_17', 'generator_19', 'generator_3', 'generator_34']
number opened: 1
TRIAL 49
Action chosen: (yellow5, purple)
Outcome: False
partcle ids: ['generator_25', 'generator_19', 'generator_21', 'generator_26', 'color_match', 'generator_17', 'generator_17', 'generator_27', 'generator_28', 'generator_23', 'generator_29', 'generator_3', 'generator_17', 'similar_color_11', 'generator_30', 'generator_14', 'similar_color_3', 'generator_21', 'order_match', 'generator_31', 'generator_24', 'color_match', 'generator_32', 'generator_33', 'generator_20', 'generator_24', 'generator_17', 'generator_19', 'generator_3', 'generator_34']
number opened: 1
TRIAL 50
Action chosen: (purple, purple)
Outcome: False
partcle ids: ['generator_25', 'generator_19', 'generator_21', 'generator_26', 'color_match', 'generator_17', 'generator_17', 'generator_27', 'generator_28', 'generator_23', 'generator_29', 'generator_3', 'generator_17', 'similar_color_11', 'generator_30', 'generator_14', 'similar_color_3', 'generator_21', 'order_match', 'generator_31', 'generator_24', 'color_match', 'generator_32', 'generator_33', 'generator_20', 'generator_24', 'generator_17', 'generator_19', 'generator_3', 'generator_34']
number opened: 1
TRIAL 51
Action chosen: (grey2, blue)
Outcome: False
partcle ids: ['generator_25', 'generator_19', 'generator_21', 'generator_26', 'color_match', 'generator_17', 'generator_17', 'generator_27', 'generator_28', 'generator_23', 'generator_29', 'generator_3', 'generator_17', 'similar_color_11', 'generator_30', 'generator_14', 'similar_color_3', 'generator_21', 'order_match', 'generator_31', 'generator_24', 'color_match', 'generator_32', 'generator_33', 'generator_20', 'generator_24', 'generator_17', 'generator_19', 'generator_3', 'generator_34']
number opened: 1
TRIAL 52
Action chosen: (diamond, blue)
Outcome: False
partcle ids: ['generator_25', 'generator_19', 'generator_21', 'generator_26', 'color_match', 'generator_17', 'generator_17', 'generator_27', 'generator_28', 'generator_23', 'generator_29', 'generator_3', 'generator_17', 'similar_color_11', 'generator_30', 'generator_14', 'similar_color_3', 'generator_21', 'order_match', 'generator_31', 'generator_24', 'color_match', 'generator_32', 'generator_33', 'generator_20', 'generator_24', 'generator_17', 'generator_19', 'generator_3', 'generator_34']
number opened: 1
TRIAL 53
Action chosen: (orange4, blue)
Outcome: False
partcle ids: ['generator_25', 'generator_19', 'generator_21', 'generator_26', 'color_match', 'generator_17', 'generator_17', 'generator_27', 'generator_28', 'generator_23', 'generator_29', 'generator_3', 'generator_17', 'similar_color_11', 'generator_30', 'generator_14', 'similar_color_3', 'generator_21', 'order_match', 'generator_31', 'generator_24', 'color_match', 'generator_32', 'generator_33', 'generator_20', 'generator_24', 'generator_17', 'generator_19', 'generator_3', 'generator_34']
number opened: 1
TRIAL 54
Action chosen: (grey2, pink)
Outcome: True
partcle ids: ['generator_35', 'generator_36', 'generator_37', 'number_match', 'generator_38', 'number_match', 'generator_39', 'generator_40', 'generator_41', 'generator_42', 'generator_43', 'generator_44', 'generator_45', 'generator_23', 'number_match', 'generator_47', 'number_match', 'generator_48', 'generator_49', 'generator_50', 'generator_51', 'generator_51', 'generator_52', 'generator_24', 'generator_53', 'generator_54', 'generator_55', 'generator_56', 'generator_57', 'order_match']
number opened: 2
TRIAL 55
Action chosen: (green3, purple)
Outcome: True
partcle ids: ['generator_58', 'generator_59', 'generator_60', 'generator_61', 'generator_62', 'generator_63', 'generator_64', 'generator_65', 'generator_43', 'generator_67', 'generator_68', 'generator_69', 'generator_70', 'generator_71', 'number_match', 'generator_73', 'generator_73', 'number_match', 'number_match', 'generator_75', 'generator_76', 'generator_76', 'generator_77', 'generator_78', 'generator_79', 'generator_80', 'generator_81', 'generator_82', 'generator_83', 'generator_84']
number opened: 3
TRIAL 56
Action chosen: (yellow5, blue)
Outcome: True
partcle ids: ['generator_84', 'generator_85', 'generator_86', 'generator_87', 'generator_87', 'number_match', 'generator_88', 'number_match', 'generator_89', 'generator_85', 'generator_86', 'generator_89', 'generator_88', 'generator_87', 'generator_75', 'generator_75', 'generator_87', 'generator_89', 'generator_88', 'generator_88', 'generator_87', 'generator_75', 'generator_85', 'generator_84', 'generator_76', 'generator_84', 'number_match', 'number_match', 'generator_87', 'generator_88']
number opened: 4
TRIAL 57
Action chosen: (triangle, white)
Outcome: False
partcle ids: ['generator_84', 'generator_85', 'generator_86', 'generator_87', 'generator_87', 'number_match', 'generator_88', 'number_match', 'generator_89', 'generator_85', 'generator_86', 'generator_89', 'generator_88', 'generator_87', 'generator_75', 'generator_75', 'generator_87', 'generator_89', 'generator_88', 'generator_88', 'generator_87', 'generator_75', 'generator_85', 'generator_84', 'generator_76', 'generator_84', 'number_match', 'number_match', 'generator_87', 'generator_88']
number opened: 4
TRIAL 58
Action chosen: (cloud, white)
Outcome: False
partcle ids: ['generator_84', 'generator_85', 'generator_86', 'generator_87', 'generator_87', 'number_match', 'generator_88', 'number_match', 'generator_89', 'generator_85', 'generator_86', 'generator_89', 'generator_88', 'generator_87', 'generator_75', 'generator_75', 'generator_87', 'generator_89', 'generator_88', 'generator_88', 'generator_87', 'generator_75', 'generator_85', 'generator_84', 'generator_76', 'generator_84', 'number_match', 'number_match', 'generator_87', 'generator_88']
number opened: 4
TRIAL 59
Action chosen: (orange4, white)
Outcome: True
partcle ids: ['number_match', 'number_match', 'number_match', 'number_match', 'number_match', 'number_match', 'number_match', 'number_match', 'number_match', 'number_match', 'number_match', 'number_match', 'number_match', 'number_match', 'number_match', 'number_match', 'number_match', 'number_match', 'number_match', 'number_match', 'number_match', 'number_match', 'number_match', 'number_match', 'number_match', 'number_match', 'number_match', 'number_match', 'number_match', 'number_match']
number opened: 5
{"attempts": 59, "unique_key_box_pairs": 21, "revisit_attempts": 38, "revisit_rate": 0.6551724137931034, "attempts_before_abandoning_color_matching": 0, "color_matching_abandoned": true}
