{"Child_ID": "D011", "SoC_variant": "SoC-Gen", "theta": [19, 1], "p_gen": 0.9, "true_prior": 0.02, "run_number": 10, "seed": 8024543993985676457}
TRIAL 1
Action chosen: (pink, pink)
Outcome: False
partcle ids: ['generator_1', 'generator_2', 'generator_3', 'similar_color_8', 'generator_4', 'generator_5', 'generator_6', 'generator_7', 'generator_8', 'generator_9', 'generator_10', 'generator_11', 'generator_12', 'generator_13', 'generator_14', 'generator_15', 'generator_16', 'generator_17', 'generator_18', 'generator_19', 'generator_20', 'generator_21', 'generator_22', 'generator_23', 'generator_24', 'similar_color_10', 'similar_color_10', 'similar_color_5', 'generator_25', 'generator_26']
number opened: 0
TRIAL 2
Action chosen: (purple, pink)
Outcome: False
partcle ids: ['generator_1', 'generator_2', 'generator_3', 'similar_color_8', 'generator_4', 'generator_5', 'generator_6', 'generator_7', 'generator_8', 'generator_9', 'generator_10', 'generator_11', 'generator_12', 'generator_13', 'generator_14', 'generator_15', 'generator_16', 'generator_17', 'generator_18', 'generator_19', 'generator_20', 'generator_21', 'generator_22', 'generator_23', 'generator_24', 'similar_color_10', 'similar_color_10', 'similar_color_5', 'generator_25', 'generator_26']
number opened: 0
TRIAL 3
Action chosen: (grey2, pink)
Outcome: True
partcle ids: ['generator_27', 'generator_28', 'generator_29', 'generator_30', 'generator_31', 'generator_32', 'generator_33', 'generator_34', 'generator_35', 'generator_36', 'generator_37', 'generator_38', 'generator_39', 'generator_40', 'generator_41', 'generator_42', 'generator_43', 'generator_44', 'generator_45', 'generator_46', 'generator_47', 'generator_3', 'generator_48', 'generator_49', 'generator_50', 'generator_51', 'generator_52', 'generator_53', 'generator_54', 'generator_55']
number opened: 1
TRIAL 4
Action chosen: (red, blue)
Outcome: False
partcle ids: ['generator_27', 'generator_28', 'generator_29', 'generator_30', 'generator_31', 'generator_32', 'generator_33', 'generator_34', 'generator_35', 'generator_36', 'generator_37', 'generator_38', 'generator_39', 'generator_40', 'generator_41', 'generator_42', 'generator_43', 'generator_44', 'generator_45', 'generator_46', 'generator_47', 'generator_3', 'generator_48', 'generator_49', 'generator_50', 'generator_51', 'generator_52', 'generator_53', 'generator_54', 'generator_55']
number opened: 1
TRIAL 5
Action chosen: (cloud, red)
Outcome: False
partcle ids: ['generator_27', 'generator_28', 'generator_29', 'generator_30', 'generator_31', 'generator_32', 'generator_33', 'generator_34', 'generator_35', 'generator_36', 'generator_37', 'generator_38', 'generator_39', 'generator_40', 'generator_41', 'generator_42', 'generator_43', 'generator_44', 'generator_45', 'generator_46', 'generator_47', 'generator_3', 'generator_48', 'generator_49', 'generator_50', 'generator_51', 'generator_52', 'generator_53', 'generator_54', 'generator_55']
number opened: 1
TRIAL 6
Action chosen: (blue, red)
Outcome: False
partcle ids: ['generator_56', 'generator_47', 'generator_58', 'generator_59', 'generator_60', 'generator_61', 'generator_62', 'generator_40', 'generator_64', 'generator_65', 'generator_28', 'generator_66', 'generator_67', 'generator_3', 'generator_68', 'generator_69', 'generator_70', 'generator_71', 'generator_72', 'generator_73', 'generator_74', 'generator_75', 'generator_76', 'generator_77', 'generator_78', 'generator_79', 'generator_55', 'generator_81', 'generator_82', 'generator_83']
number opened: 1
TRIAL 7
Action chosen: (green3, red)
Outcome: False
partcle ids: ['generator_56', 'generator_47', 'generator_58', 'generator_59', 'generator_60', 'generator_61', 'generator_62', 'generator_40', 'generator_64', 'generator_65', 'generator_28', 'generator_66', 'generator_67', 'generator_3', 'generator_68', 'generator_69', 'generator_70', 'generator_71', 'generator_72', 'generator_73', 'generator_74', 'generator_75', 'generator_76', 'generator_77', 'generator_78', 'generator_79', 'generator_55', 'generator_81', 'generator_82', 'generator_83']
number opened: 1
TRIAL 8
Action chosen: (white, red)
Outcome: False
partcle ids: ['generator_56', 'generator_47', 'generator_58', 'generator_59', 'generator_60', 'generator_61', 'generator_62', 'generator_40', 'generator_64', 'generator_65', 'generator_28', 'generator_66', 'generator_67', 'generator_3', 'generator_68', 'generator_69', 'generator_70', 'generator_71', 'generator_72', 'generator_73', 'generator_74', 'generator_75', 'generator_76', 'generator_77', 'generator_78', 'generator_79', 'generator_55', 'generator_81', 'generator_82', 'generator_83']
number opened: 1
TRIAL 9
Action chosen: (purple, red)
Outcome: False
partcle ids: ['generator_56', 'generator_47', 'generator_58', 'generator_59', 'generator_60', 'generator_61', 'generator_62', 'generator_40', 'generator_64', 'generator_65', 'generator_28', 'generator_66', 'generator_67', 'generator_3', 'generator_68', 'generator_69', 'generator_70', 'generator_71', 'generator_72', 'generator_73', 'generator_74', 'generator_75', 'generator_76', 'generator_77', 'generator_78', 'generator_79', 'generator_55', 'generator_81', 'generator_82', 'generator_83']
number opened: 1
TRIAL 10
Action chosen: (triangle, white)
Outcome: False
partcle ids: ['generator_84', 'generator_85', 'generator_86', 'generator_87', 'generator_73', 'generator_89', 'generator_66', 'generator_91', 'generator_64', 'generator_93', 'generator_94', 'generator_95', 'generator_96', 'generator_97', 'generator_76', 'generator_76', 'generator_67', 'generator_101', 'generator_102', 'generator_103', 'generator_104', 'generator_105', 'generator_106', 'generator_107', 'generator_83', 'generator_76', 'generator_76', 'generator_111', 'generator_64', 'generator_113']
number opened: 1
TRIAL 11
Action chosen: (yellow5, red)
Outcome: False
partcle ids: ['generator_84', 'generator_85', 'generator_86', 'generator_87', 'generator_73', 'generator_89', 'generator_66', 'generator_91', 'generator_64', 'generator_93', 'generator_94', 'generator_95', 'generator_96', 'generator_97', 'generator_76', 'generator_76', 'generator_67', 'generator_101', 'generator_102', 'generator_103', 'generator_104', 'generator_105', 'generator_106', 'generator_107', 'generator_83', 'generator_76', 'generator_76', 'generator_111', 'generator_64', 'generator_113']
number opened: 1
TRIAL 12
Action chosen: (pink, red)
Outcome: False
partcle ids: ['generator_84', 'generator_85', 'generator_86', 'generator_87', 'generator_73', 'generator_89', 'generator_66', 'generator_91', 'generator_64', 'generator_93', 'generator_94', 'generator_95', 'generator_96', 'generator_97', 'generator_76', 'generator_76', 'generator_67', 'generator_101', 'generator_102', 'generator_103', 'generator_104', 'generator_105', 'generator_106', 'generator_107', 'generator_83', 'generator_76', 'generator_76', 'generator_111', 'generator_64', 'generator_113']
number opened: 1
TRIAL 13
Action chosen: (yellow5, white)
Outcome: False
partcle ids: ['generator_89', 'generator_64', 'generator_89', 'generator_96', 'generator_118', 'generator_102', 'generator_101', 'generator_121', 'generator_122', 'generator_89', 'generator_64', 'generator_125', 'generator_126', 'generator_64', 'generator_64', 'generator_85', 'generator_102', 'generator_86', 'generator_132', 'generator_133', 'generator_134', 'generator_135', 'generator_102', 'generator_137', 'generator_67', 'generator_101', 'generator_140', 'generator_141', 'generator_64', 'generator_105']
number opened: 1
TRIAL 14
Action chosen: (blue, white)
Outcome: False
partcle ids: ['generator_89', 'generator_64', 'generator_89', 'generator_96', 'generator_118', 'generator_102', 'generator_101', 'generator_121', 'generator_122', 'generator_89', 'generator_64', 'generator_125', 'generator_126', 'generator_64', 'generator_64', 'generator_85', 'generator_102', 'generator_86', 'generator_132', 'generator_133', 'generator_134', 'generator_135', 'generator_102', 'generator_137', 'generator_67', 'generator_101', 'generator_140', 'generator_141', 'generator_64', 'generator_105']
number opened: 1
TRIAL 15
Action chosen: (triangle, red)
Outcome: False
partcle ids: ['generator_89', 'generator_64', 'generator_89', 'generator_96', 'generator_118', 'generator_102', 'generator_101', 'generator_121', 'generator_122', 'generator_89', 'generator_64', 'generator_125', 'generator_126', 'generator_64', 'generator_64', 'generator_85', 'generator_102', 'generator_86', 'generator_132', 'generator_133', 'generator_134', 'generator_135', 'generator_102', 'generator_137', 'generator_67', 'generator_101', 'generator_140', 'generator_141', 'generator_64', 'generator_105']
number opened: 1
TRIAL 16
Action chosen: (orange4, red)
Outcome: False
partcle ids: ['generator_101', 'generator_101', 'generator_146', 'generator_134', 'generator_148', 'generator_85', 'generator_101', 'generator_101', 'generator_152', 'generator_153', 'generator_154', 'generator_155', 'generator_156', 'generator_101', 'generator_137', 'generator_159', 'generator_160', 'generator_137', 'generator_162', 'generator_101', 'generator_164', 'generator_101', 'generator_101', 'generator_167', 'generator_101', 'generator_85', 'generator_170', 'generator_171', 'generator_101', 'generator_134']
number opened: 1
TRIAL 17
Action chosen: (pink, white)
Outcome: False
partcle ids: ['generator_101', 'generator_101', 'generator_146', 'generator_134', 'generator_148', 'generator_85', 'generator_101', 'generator_101', 'generator_152', 'generator_153', 'generator_154', 'generator_155', 'generator_156', 'generator_101', 'generator_137', 'generator_159', 'generator_160', 'generator_137', 'generator_162', 'generator_101', 'generator_164', 'generator_101', 'generator_101', 'generator_167', 'generator_101', 'generator_85', 'generator_170', 'generator_171', 'generator_101', 'generator_134']
number opened: 1
TRIAL 18
Action chosen: (green3, white)
Outcome: False
partcle ids: ['generator_101', 'generator_101', 'generator_146', 'generator_134', 'generator_148', 'generator_85', 'generator_101', 'generator_101', 'generator_152', 'generator_153', 'generator_154', 'generator_155', 'generator_156', 'generator_101', 'generator_137', 'generator_159', 'generator_160', 'generator_137', 'generator_162', 'generator_101', 'generator_164', 'generator_101', 'generator_101', 'generator_167', 'generator_101', 'generator_85', 'generator_170', 'generator_171', 'generator_101', 'generator_134']
number opened: 1
TRIAL 19
Action chosen: (red, white)
Outcome: False
partcle ids: ['generator_174', 'generator_175', 'generator_176', 'generator_177', 'generator_85', 'generator_179', 'generator_180', 'generator_181', 'generator_182', 'generator_134', 'generator_184', 'generator_85', 'generator_146', 'generator_187', 'generator_188', 'generator_189', 'generator_85', 'generator_85', 'generator_171', 'generator_192', 'generator_193', 'generator_159', 'generator_162', 'generator_196', 'generator_85', 'generator_198', 'generator_146', 'generator_85', 'generator_85', 'generator_148']
number opened: 1
TRIAL 20
Action chosen: (heart, white)
Outcome: False
partcle ids: ['generator_174', 'generator_175', 'generator_176', 'generator_177', 'generator_85', 'generator_179', 'generator_180', 'generator_181', 'generator_182', 'generator_134', 'generator_184', 'generator_85', 'generator_146', 'generator_187', 'generator_188', 'generator_189', 'generator_85', 'generator_85', 'generator_171', 'generator_192', 'generator_193', 'generator_159', 'generator_162', 'generator_196', 'generator_85', 'generator_198', 'generator_146', 'generator_85', 'generator_85', 'generator_148']
number opened: 1
TRIAL 21
Action chosen: (triangle, purple)
Outcome: False
partcle ids: ['generator_174', 'generator_175', 'generator_176', 'generator_177', 'generator_85', 'generator_179', 'generator_180', 'generator_181', 'generator_182', 'generator_134', 'generator_184', 'generator_85', 'generator_146', 'generator_187', 'generator_188', 'generator_189', 'generator_85', 'generator_85', 'generator_171', 'generator_192', 'generator_193', 'generator_159', 'generator_162', 'generator_196', 'generator_85', 'generator_198', 'generator_146', 'generator_85', 'generator_85', 'generator_148']
number opened: 1
TRIAL 22
Action chosen: (heart, red)
Outcome: False
partcle ids: ['generator_174', 'generator_175', 'generator_176', 'generator_177', 'generator_85', 'generator_179', 'generator_180', 'generator_181', 'generator_182', 'generator_134', 'generator_184', 'generator_85', 'generator_146', 'generator_187', 'generator_188', 'generator_189', 'generator_85', 'generator_85', 'generator_171', 'generator_192', 'generator_193', 'generator_159', 'generator_162', 'generator_196', 'generator_85', 'generator_198', 'generator_146', 'generator_85', 'generator_85', 'generator_148']
number opened: 1
TRIAL 23
Action chosen: (orange4, blue)
Outcome: False
partcle ids: ['generator_203', 'generator_176', 'generator_205', 'generator_206', 'generator_207', 'generator_208', 'generator_209', 'generator_210', 'generator_211', 'number_match', 'generator_212', 'generator_213', 'generator_214', 'generator_215', 'generator_216', 'generator_134', 'generator_134', 'generator_219', 'generator_220', 'generator_179', 'generator_222', 'generator_223', 'generator_85', 'generator_171', 'generator_179', 'generator_177', 'generator_227', 'generator_134', 'generator_177', 'generator_188']
number opened: 1
TRIAL 24
Action chosen: (blue, blue)
Outcome: False
partcle ids: ['generator_203', 'generator_176', 'generator_205', 'generator_206', 'generator_207', 'generator_208', 'generator_209', 'generator_210', 'generator_211', 'number_match', 'generator_212', 'generator_213', 'generator_214', 'generator_215', 'generator_216', 'generator_134', 'generator_134', 'generator_219', 'generator_220', 'generator_179', 'generator_222', 'generator_223', 'generator_85', 'generator_171', 'generator_179', 'generator_177', 'generator_227', 'generator_134', 'generator_177', 'generator_188']
number opened: 1
TRIAL 25
Action chosen: (pink, blue)
Outcome: False
partcle ids: ['generator_203', 'generator_176', 'generator_205', 'generator_206', 'generator_207', 'generator_208', 'generator_209', 'generator_210', 'generator_211', 'number_match', 'generator_212', 'generator_213', 'generator_214', 'generator_215', 'generator_216', 'generator_134', 'generator_134', 'generator_219', 'generator_220', 'generator_179', 'generator_222', 'generator_223', 'generator_85', 'generator_171', 'generator_179', 'generator_177', 'generator_227', 'generator_134', 'generator_177', 'generator_188']
number opened: 1
TRIAL 26
Action chosen: (red, red)
Outcome: True
partcle ids: ['generator_231', 'generator_232', 'generator_134', 'generator_188', 'generator_235', 'generator_236', 'generator_237', 'generator_188', 'generator_239', 'generator_134', 'generator_134', 'generator_242', 'generator_243', 'generator_244', 'generator_245', 'generator_246', 'generator_247', 'generator_248', 'generator_134', 'number_match', 'generator_251', 'generator_252', 'generator_253', 'generator_254', 'generator_255', 'generator_237', 'generator_256', 'generator_257', 'generator_134', 'generator_259']
number opened: 2
TRIAL 27
Action chosen: (yellow5, purple)
Outcome: False
partcle ids: ['generator_231', 'generator_232', 'generator_134', 'generator_188', 'generator_235', 'generator_236', 'generator_237', 'generator_188', 'generator_239', 'generator_134', 'generator_134', 'generator_242', 'generator_243', 'generator_244', 'generator_245', 'generator_246', 'generator_247', 'generator_248', 'generator_134', 'number_match', 'generator_251', 'generator_252', 'generator_253', 'generator_254', 'generator_255', 'generator_237', 'generator_256', 'generator_257', 'generator_134', 'generator_259']
number opened: 2
TRIAL 28
Action chosen: (purple, blue)
Outcome: False
partcle ids: ['generator_231', 'generator_232', 'generator_134', 'generator_188', 'generator_235', 'generator_236', 'generator_237', 'generator_188', 'generator_239', 'generator_134', 'generator_134', 'generator_242', 'generator_243', 'generator_244', 'generator_245', 'generator_246', 'generator_247', 'generator_248', 'generator_134', 'number_match', 'generator_251', 'generator_252', 'generator_253', 'generator_254', 'generator_255', 'generator_237', 'generator_256', 'generator_257', 'generator_134', 'generator_259']
number opened: 2
TRIAL 29
Action chosen: (orange4, white)
Outcome: True
partcle ids: ['generator_260', 'generator_261', 'generator_262', 'generator_263', 'generator_264', 'number_match', 'generator_266', 'generator_267', 'generator_268', 'generator_269', 'generator_270', 'generator_271', 'generator_272', 'generator_264', 'generator_262', 'generator_273', 'generator_256', 'generator_261', 'generator_274', 'generator_275', 'generator_276', 'generator_272', 'generator_262', 'generator_244', 'generator_277', 'generator_278', 'generator_279', 'generator_275', 'generator_257', 'generator_280']
number opened: 3
TRIAL 30
Action chosen: (purple, purple)
Outcome: False
partcle ids: ['generator_260', 'generator_261', 'generator_262', 'generator_263', 'generator_264', 'number_match', 'generator_266', 'generator_267', 'generator_268', 'generator_269', 'generator_270', 'generator_271', 'generator_272', 'generator_264', 'generator_262', 'generator_273', 'generator_256', 'generator_261', 'generator_274', 'generator_275', 'generator_276', 'generator_272', 'generator_262', 'generator_244', 'generator_277', 'generator_278', 'generator_279', 'generator_275', 'generator_257', 'generator_280']
number opened: 3
TRIAL 31
Action chosen: (diamond, blue)
Outcome: False
partcle ids: ['generator_260', 'generator_261', 'generator_262', 'generator_263', 'generator_264', 'number_match', 'generator_266', 'generator_267', 'generator_268', 'generator_269', 'generator_270', 'generator_271', 'generator_272', 'generator_264', 'generator_262', 'generator_273', 'generator_256', 'generator_261', 'generator_274', 'generator_275', 'generator_276', 'generator_272', 'generator_262', 'generator_244', 'generator_277', 'generator_278', 'generator_279', 'generator_275', 'generator_257', 'generator_280']
number opened: 3
TRIAL 32
Action chosen: (white, blue)
Outcome: False
partcle ids: ['generator_260', 'generator_261', 'generator_262', 'generator_263', 'generator_264', 'number_match', 'generator_266', 'generator_267', 'generator_268', 'generator_269', 'generator_270', 'generator_271', 'generator_272', 'generator_264', 'generator_262', 'generator_273', 'generator_256', 'generator_261', 'generator_274', 'generator_275', 'generator_276', 'generator_272', 'generator_262', 'generator_244', 'generator_277', 'generator_278', 'generator_279', 'generator_275', 'generator_257', 'generator_280']
number opened: 3
TRIAL 33
Action chosen: (cloud, purple)
Outcome: False
partcle ids: ['number_match', 'generator_282', 'generator_283', 'number_match', 'generator_280', 'generator_274', 'generator_285', 'generator_286', 'generator_268', 'generator_287', 'generator_278', 'generator_289', 'generator_290', 'generator_291', 'generator_292', 'generator_293', 'generator_294', 'generator_295', 'generator_296', 'generator_295', 'generator_277', 'generator_268', 'generator_262', 'generator_297', 'generator_298', 'generator_299', 'generator_300', 'generator_301', 'generator_277', 'generator_303']
number opened: 3
TRIAL 34
Action chosen: (white, purple)
Outcome: False
partcle ids: ['number_match', 'generator_282', 'generator_283', 'number_match', 'generator_280', 'generator_274', 'generator_285', 'generator_286', 'generator_268', 'generator_287', 'generator_278', 'generator_289', 'generator_290', 'generator_291', 'generator_292', 'generator_293', 'generator_294', 'generator_295', 'generator_296', 'generator_295', 'generator_277', 'generator_268', 'generator_262', 'generator_297', 'generator_298', 'generator_299', 'generator_300', 'generator_301', 'generator_277', 'generator_303']
number opened: 3
TRIAL 35
Action chosen: (purple, blue)
Outcome: False
partcle ids: ['number_match', 'generator_282', 'generator_283', 'number_match', 'generator_280', 'generator_274', 'generator_285', 'generator_286', 'generator_268', 'generator_287', 'generator_278', 'generator_289', 'generator_290', 'generator_291', 'generator_292', 'generator_293', 'generator_294', 'generator_295', 'generator_296', 'generator_295', 'generator_277', 'generator_268', 'generator_262', 'generator_297', 'generator_298', 'generator_299', 'generator_300', 'generator_301', 'generator_277', 'generator_303']
number opened: 3
TRIAL 36
Action chosen: (yellow5, blue)
Outcome: True
partcle ids: ['generator_304', 'generator_304', 'number_match', 'generator_305', 'number_match', 'generator_306', 'generator_303', 'number_match', 'generator_289', 'generator_289', 'generator_289', 'generator_304', 'generator_307', 'generator_306', 'number_match', 'generator_308', 'number_match', 'number_match', 'generator_289', 'generator_308', 'number_match', 'generator_289', 'generator_308', 'generator_304', 'generator_289', 'generator_289', 'generator_289', 'generator_307', 'generator_308', 'generator_308']
number opened: 4
TRIAL 37
Action chosen: (heart, purple)
Outcome: False
partcle ids: ['generator_304', 'generator_304', 'number_match', 'generator_305', 'number_match', 'generator_306', 'generator_303', 'number_match', 'generator_289', 'generator_289', 'generator_289', 'generator_304', 'generator_307', 'generator_306', 'number_match', 'generator_308', 'number_match', 'number_match', 'generator_289', 'generator_308', 'number_match', 'generator_289', 'generator_308', 'generator_304', 'generator_289', 'generator_289', 'generator_289', 'generator_307', 'generator_308', 'generator_308']
number opened: 4
TRIAL 38
Action chosen: (green3, purple)
Outcome: True
partcle ids: ['number_match', 'number_match', 'number_match', 'number_match', 'number_match', 'number_match', 'number_match', 'number_match', 'number_match', 'number_match', 'number_match', 'number_match', 'number_match', 'number_match', 'number_match', 'number_match', 'number_match', 'number_match', 'number_match', 'number_match', 'number_match', 'number_match', 'number_match', 'number_match', 'number_match', 'number_match', 'number_match', 'number_match', 'number_match', 'number_match']
number opened: 5
{"attempts": 38, "unique_key_box_pairs": 37, "revisit_attempts": 1, "revisit_rate": 0.02702702702702703, "attempts_before_abandoning_color_matching": 1, "color_matching_abandoned": true}
