{"Child_ID": "D051", "SoC_variant": "SoC-Gen", "theta": [19, 1], "p_gen": 0.6, "true_prior": 0.02, "run_number": 100, "seed": 3528698410448652833}
TRIAL 1
Action chosen: (purple, purple)
Outcome: False
partcle ids: ['generator_1', 'generator_2', 'similar_color_5', 'similar_color_1', 'generator_3', 'generator_4', 'generator_5', 'generator_6', 'similar_color_3', 'similar_color_10', 'similar_color_6', 'number_match', 'generator_7', 'generator_8', 'generator_9', 'generator_10', 'similar_color_6', 'generator_11', 'generator_12', 'generator_13', 'similar_color_1', 'generator_14', 'generator_15', 'similar_color_8', 'generator_16', 'generator_17', 'similar_color_12', 'generator_18', 'generator_19', 'similar_color_11']
number opened: 0
TRIAL 2
Action chosen: (green3, purple)
Outcome: True
partcle ids: ['generator_20', 'generator_21', 'generator_22', 'generator_23', 'generator_24', 'generator_25', 'generator_26', 'generator_27', 'generator_28', 'generator_29', 'generator_30', 'generator_31', 'generator_32', 'generator_33', 'generator_34', 'generator_35', 'generator_36', 'generator_37', 'generator_38', 'generator_39', 'generator_40', 'generator_41', 'generator_42', 'generator_43', 'generator_44', 'generator_45', 'generator_46', 'generator_47', 'generator_48', 'generator_49']
number opened: 1
TRIAL 3
Action chosen: (blue, red)
Outcome: False
partcle ids: ['generator_20', 'generator_21', 'generator_22', 'generator_23', 'generator_24', 'generator_25', 'generator_26', 'generator_27', 'generator_28', 'generator_29', 'generator_30', 'generator_31', 'generator_32', 'generator_33', 'generator_34', 'generator_35', 'generator_36', 'generator_37', 'generator_38', 'generator_39', 'generator_40', 'generator_41', 'generator_42', 'generator_43', 'generator_44', 'generator_45', 'generator_46', 'generator_47', 'generator_48', 'generator_49']
number opened: 1
TRIAL 4
Action chosen: (yellow5, blue)
Outcome: True
partcle ids: ['generator_50', 'generator_51', 'generator_52', 'generator_53', 'generator_54', 'generator_55', 'generator_56', 'generator_20', 'generator_57', 'generator_25', 'generator_59', 'generator_60', 'generator_61', 'generator_62', 'generator_63', 'generator_64', 'generator_65', 'generator_66', 'generator_67', 'generator_68', 'generator_69', 'generator_70', 'generator_71', 'generator_72', 'generator_20', 'generator_74', 'generator_75', 'generator_76', 'generator_77', 'generator_78']
number opened: 2
TRIAL 5
Action chosen: (white, red)
Outcome: False
partcle ids: ['generator_50', 'generator_51', 'generator_52', 'generator_53', 'generator_54', 'generator_55', 'generator_56', 'generator_20', 'generator_57', 'generator_25', 'generator_59', 'generator_60', 'generator_61', 'generator_62', 'generator_63', 'generator_64', 'generator_65', 'generator_66', 'generator_67', 'generator_68', 'generator_69', 'generator_70', 'generator_71', 'generator_72', 'generator_20', 'generator_74', 'generator_75', 'generator_76', 'generator_77', 'generator_78']
number opened: 2
TRIAL 6
Action chosen: (white, white)
Outcome: False
partcle ids: ['generator_50', 'generator_51', 'generator_52', 'generator_53', 'generator_54', 'generator_55', 'generator_56', 'generator_20', 'generator_57', 'generator_25', 'generator_59', 'generator_60', 'generator_61', 'generator_62', 'generator_63', 'generator_64', 'generator_65', 'generator_66', 'generator_67', 'generator_68', 'generator_69', 'generator_70', 'generator_71', 'generator_72', 'generator_20', 'generator_74', 'generator_75', 'generator_76', 'generator_77', 'generator_78']
number opened: 2
TRIAL 7
Action chosen: (triangle, red)
Outcome: False
partcle ids: ['generator_53', 'generator_80', 'generator_81', 'generator_82', 'generator_83', 'generator_57', 'generator_84', 'generator_85', 'generator_65', 'generator_77', 'generator_88', 'generator_89', 'generator_50', 'generator_90', 'generator_91', 'generator_92', 'generator_71', 'generator_94', 'generator_54', 'generator_96', 'generator_65', 'generator_98', 'generator_99', 'generator_100', 'generator_71', 'generator_101', 'generator_102', 'generator_103', 'generator_74', 'generator_105']
number opened: 2
TRIAL 8
Action chosen: (heart, red)
Outcome: False
partcle ids: ['generator_53', 'generator_80', 'generator_81', 'generator_82', 'generator_83', 'generator_57', 'generator_84', 'generator_85', 'generator_65', 'generator_77', 'generator_88', 'generator_89', 'generator_50', 'generator_90', 'generator_91', 'generator_92', 'generator_71', 'generator_94', 'generator_54', 'generator_96', 'generator_65', 'generator_98', 'generator_99', 'generator_100', 'generator_71', 'generator_101', 'generator_102', 'generator_103', 'generator_74', 'generator_105']
number opened: 2
TRIAL 9
Action chosen: (diamond, pink)
Outcome: False
partcle ids: ['generator_53', 'generator_80', 'generator_81', 'generator_82', 'generator_83', 'generator_57', 'generator_84', 'generator_85', 'generator_65', 'generator_77', 'generator_88', 'generator_89', 'generator_50', 'generator_90', 'generator_91', 'generator_92', 'generator_71', 'generator_94', 'generator_54', 'generator_96', 'generator_65', 'generator_98', 'generator_99', 'generator_100', 'generator_71', 'generator_101', 'generator_102', 'generator_103', 'generator_74', 'generator_105']
number opened: 2
TRIAL 10
Action chosen: (purple, red)
Outcome: False
partcle ids: ['generator_53', 'generator_80', 'generator_81', 'generator_82', 'generator_83', 'generator_57', 'generator_84', 'generator_85', 'generator_65', 'generator_77', 'generator_88', 'generator_89', 'generator_50', 'generator_90', 'generator_91', 'generator_92', 'generator_71', 'generator_94', 'generator_54', 'generator_96', 'generator_65', 'generator_98', 'generator_99', 'generator_100', 'generator_71', 'generator_101', 'generator_102', 'generator_103', 'generator_74', 'generator_105']
number opened: 2
TRIAL 11
Action chosen: (grey2, red)
Outcome: False
partcle ids: ['generator_106', 'generator_107', 'generator_53', 'generator_102', 'generator_100', 'generator_99', 'number_match', 'generator_112', 'generator_90', 'generator_81', 'generator_90', 'generator_115', 'generator_116', 'generator_102', 'generator_118', 'generator_100', 'generator_99', 'generator_82', 'generator_90', 'generator_121', 'generator_122', 'generator_123', 'generator_124', 'generator_99', 'generator_126', 'generator_82', 'generator_100', 'generator_50', 'generator_130', 'generator_96']
number opened: 2
TRIAL 12
Action chosen: (orange4, red)
Outcome: False
partcle ids: ['generator_106', 'generator_107', 'generator_53', 'generator_102', 'generator_100', 'generator_99', 'number_match', 'generator_112', 'generator_90', 'generator_81', 'generator_90', 'generator_115', 'generator_116', 'generator_102', 'generator_118', 'generator_100', 'generator_99', 'generator_82', 'generator_90', 'generator_121', 'generator_122', 'generator_123', 'generator_124', 'generator_99', 'generator_126', 'generator_82', 'generator_100', 'generator_50', 'generator_130', 'generator_96']
number opened: 2
TRIAL 13
Action chosen: (heart, white)
Outcome: False
partcle ids: ['generator_106', 'generator_107', 'generator_53', 'generator_102', 'generator_100', 'generator_99', 'number_match', 'generator_112', 'generator_90', 'generator_81', 'generator_90', 'generator_115', 'generator_116', 'generator_102', 'generator_118', 'generator_100', 'generator_99', 'generator_82', 'generator_90', 'generator_121', 'generator_122', 'generator_123', 'generator_124', 'generator_99', 'generator_126', 'generator_82', 'generator_100', 'generator_50', 'generator_130', 'generator_96']
number opened: 2
TRIAL 14
Action chosen: (pink, red)
Outcome: False
partcle ids: ['generator_53', 'generator_130', 'generator_122', 'generator_133', 'number_match', 'generator_122', 'generator_135', 'generator_136', 'generator_137', 'generator_101', 'generator_99', 'generator_139', 'generator_140', 'generator_106', 'generator_130', 'generator_106', 'generator_144', 'number_match', 'generator_96', 'generator_146', 'generator_96', 'generator_96', 'generator_130', 'generator_96', 'generator_150', 'generator_151', 'generator_152', 'generator_122', 'generator_154', 'generator_130']
number opened: 2
TRIAL 15
Action chosen: (grey2, pink)
Outcome: True
partcle ids: ['generator_96', 'generator_157', 'generator_158', 'generator_130', 'generator_130', 'generator_96', 'generator_161', 'generator_162', 'generator_163', 'generator_130', 'generator_130', 'number_match', 'generator_96', 'number_match', 'number_match', 'generator_130', 'generator_151', 'generator_130', 'generator_169', 'generator_170', 'generator_101', 'generator_130', 'generator_130', 'generator_173', 'number_match', 'generator_130', 'generator_96', 'generator_101', 'generator_96', 'generator_130']
number opened: 3
TRIAL 16
Action chosen: (red, red)
Outcome: True
partcle ids: ['generator_96', 'generator_157', 'generator_158', 'generator_130', 'generator_130', 'generator_96', 'generator_161', 'generator_162', 'generator_163', 'generator_130', 'generator_130', 'number_match', 'generator_96', 'number_match', 'number_match', 'generator_130', 'generator_151', 'generator_130', 'generator_169', 'generator_170', 'generator_101', 'generator_130', 'generator_130', 'generator_173', 'number_match', 'generator_130', 'generator_96', 'generator_101', 'generator_96', 'generator_130']
number opened: 4
TRIAL 17
Action chosen: (diamond, white)
Outcome: False
partcle ids: ['generator_177', 'number_match', 'generator_178', 'generator_179', 'generator_163', 'generator_101', 'generator_101', 'generator_101', 'generator_101', 'generator_101', 'generator_130', 'generator_101', 'number_match', 'generator_179', 'generator_178', 'generator_178', 'generator_101', 'generator_163', 'generator_179', 'generator_178', 'generator_180', 'generator_179', 'generator_130', 'generator_180', 'generator_101', 'generator_179', 'generator_177', 'number_match', 'number_match', 'generator_178']
number opened: 4
TRIAL 18
Action chosen: (cloud, white)
Outcome: False
partcle ids: ['generator_177', 'number_match', 'generator_178', 'generator_179', 'generator_163', 'generator_101', 'generator_101', 'generator_101', 'generator_101', 'generator_101', 'generator_130', 'generator_101', 'number_match', 'generator_179', 'generator_178', 'generator_178', 'generator_101', 'generator_163', 'generator_179', 'generator_178', 'generator_180', 'generator_179', 'generator_130', 'generator_180', 'generator_101', 'generator_179', 'generator_177', 'number_match', 'number_match', 'generator_178']
number opened: 4
TRIAL 19
Action chosen: (triangle, white)
Outcome: False
partcle ids: ['generator_177', 'number_match', 'generator_178', 'generator_179', 'generator_163', 'generator_101', 'generator_101', 'generator_101', 'generator_101', 'generator_101', 'generator_130', 'generator_101', 'number_match', 'generator_179', 'generator_178', 'generator_178', 'generator_101', 'generator_163', 'generator_179', 'generator_178', 'generator_180', 'generator_179', 'generator_130', 'generator_180', 'generator_101', 'generator_179', 'generator_177', 'number_match', 'number_match', 'generator_178']
number opened: 4
TRIAL 20
Action chosen: (blue, white)
Outcome: False
partcle ids: ['generator_172', 'generator_177', 'generator_177', 'number_match', 'generator_163', 'generator_163', 'generator_179', 'generator_163', 'generator_163', 'generator_101', 'generator_177', 'number_match', 'generator_177', 'generator_163', 'generator_130', 'generator_179', 'number_match', 'number_match', 'generator_177', 'generator_178', 'generator_163', 'generator_172', 'number_match', 'generator_180', 'generator_180', 'generator_101', 'generator_130', 'generator_177', 'generator_177', 'number_match']
number opened: 4
TRIAL 21
Action chosen: (pink, white)
Outcome: False
partcle ids: ['generator_172', 'generator_177', 'generator_177', 'number_match', 'generator_163', 'generator_163', 'generator_179', 'generator_163', 'generator_163', 'generator_101', 'generator_177', 'number_match', 'generator_177', 'generator_163', 'generator_130', 'generator_179', 'number_match', 'number_match', 'generator_177', 'generator_178', 'generator_163', 'generator_172', 'number_match', 'generator_180', 'generator_180', 'generator_101', 'generator_130', 'generator_177', 'generator_177', 'number_match']
number opened: 4
TRIAL 22
Action chosen: (orange4, white)
Outcome: True
partcle ids: ['number_match', 'number_match', 'number_match', 'number_match', 'number_match', 'number_match', 'number_match', 'number_match', 'number_match', 'number_match', 'number_match', 'number_match', 'number_match', 'number_match', 'number_match', 'number_match', 'number_match', 'number_match', 'number_match', 'number_match', 'number_match', 'number_match', 'number_match', 'number_match', 'number_match', 'number_match', 'number_match', 'number_match', 'number_match', 'number_match']
number opened: 5
{"attempts": 22, "unique_key_box_pairs": 22, "revisit_attempts": 0, "revisit_rate": 0.0, "attempts_before_abandoning_color_matching": 1, "color_matching_abandoned": true}
