{"Child_ID": "D051", "SoC_variant": "SoC-Gen", "theta": [19, 1], "p_gen": 0.6, "true_prior": 0.02, "run_number": 58, "seed": 3804401596351518074}
TRIAL 1
Action chosen: (purple, purple)
Outcome: False
partcle ids: ['generator_1', 'similar_color_5', 'similar_color_9', 'generator_2', 'similar_color_13', 'generator_3', 'generator_4', 'generator_5', 'generator_6', 'generator_7', 'similar_color_4', 'generator_8', 'generator_9', 'generator_10', 'generator_11', 'similar_color_9', 'generator_12', 'generator_13', 'generator_14', 'generator_15', 'similar_color_1', 'similar_color_1', 'generator_16', 'generator_17', 'similar_color_13', 'generator_18', 'generator_19', 'generator_20', 'generator_21', 'generator_22']
number opened: 0
TRIAL 2
Action chosen: (diamond, white)
Outcome: False
partcle ids: ['generator_1', 'similar_color_5', 'similar_color_9', 'generator_2', 'similar_color_13', 'generator_3', 'generator_4', 'generator_5', 'generator_6', 'generator_7', 'similar_color_4', 'generator_8', 'generator_9', 'generator_10', 'generator_11', 'similar_color_9', 'generator_12', 'generator_13', 'generator_14', 'generator_15', 'similar_color_1', 'similar_color_1', 'generator_16', 'generator_17', 'similar_color_13', 'generator_18', 'generator_19', 'generator_20', 'generator_21', 'generator_22']
number opened: 0
TRIAL 3
Action chosen: (triangle, blue)
Outcome: False
partcle ids: ['generator_5', 'generator_3', 'generator_16', 'generator_16', 'generator_24', 'generator_2', 'generator_4', 'generator_15', 'generator_16', 'generator_17', 'generator_26', 'generator_27', 'generator_28', 'generator_10', 'generator_29', 'generator_30', 'generator_31', 'generator_32', 'generator_10', 'generator_12', 'generator_17', 'generator_22', 'generator_10', 'generator_17', 'generator_33', 'generator_15', 'generator_34', 'generator_35', 'generator_6', 'generator_36']
number opened: 0
TRIAL 4
Action chosen: (green3, blue)
Outcome: False
partcle ids: ['generator_5', 'generator_3', 'generator_16', 'generator_16', 'generator_24', 'generator_2', 'generator_4', 'generator_15', 'generator_16', 'generator_17', 'generator_26', 'generator_27', 'generator_28', 'generator_10', 'generator_29', 'generator_30', 'generator_31', 'generator_32', 'generator_10', 'generator_12', 'generator_17', 'generator_22', 'generator_10', 'generator_17', 'generator_33', 'generator_15', 'generator_34', 'generator_35', 'generator_6', 'generator_36']
number opened: 0
TRIAL 5
Action chosen: (green3, white)
Outcome: False
partcle ids: ['generator_5', 'generator_3', 'generator_16', 'generator_16', 'generator_24', 'generator_2', 'generator_4', 'generator_15', 'generator_16', 'generator_17', 'generator_26', 'generator_27', 'generator_28', 'generator_10', 'generator_29', 'generator_30', 'generator_31', 'generator_32', 'generator_10', 'generator_12', 'generator_17', 'generator_22', 'generator_10', 'generator_17', 'generator_33', 'generator_15', 'generator_34', 'generator_35', 'generator_6', 'generator_36']
number opened: 0
TRIAL 6
Action chosen: (purple, white)
Outcome: False
partcle ids: ['generator_37', 'generator_38', 'generator_28', 'generator_40', 'generator_24', 'generator_5', 'generator_42', 'generator_43', 'generator_44', 'generator_26', 'generator_22', 'generator_12', 'generator_47', 'generator_48', 'generator_49', 'generator_50', 'generator_35', 'generator_52', 'generator_35', 'generator_2', 'generator_28', 'generator_30', 'generator_54', 'generator_26', 'generator_35', 'generator_55', 'generator_56', 'generator_57', 'generator_35', 'generator_58']
number opened: 0
TRIAL 7
Action chosen: (white, purple)
Outcome: False
partcle ids: ['generator_37', 'generator_38', 'generator_28', 'generator_40', 'generator_24', 'generator_5', 'generator_42', 'generator_43', 'generator_44', 'generator_26', 'generator_22', 'generator_12', 'generator_47', 'generator_48', 'generator_49', 'generator_50', 'generator_35', 'generator_52', 'generator_35', 'generator_2', 'generator_28', 'generator_30', 'generator_54', 'generator_26', 'generator_35', 'generator_55', 'generator_56', 'generator_57', 'generator_35', 'generator_58']
number opened: 0
TRIAL 8
Action chosen: (orange4, pink)
Outcome: False
partcle ids: ['generator_37', 'generator_38', 'generator_28', 'generator_40', 'generator_24', 'generator_5', 'generator_42', 'generator_43', 'generator_44', 'generator_26', 'generator_22', 'generator_12', 'generator_47', 'generator_48', 'generator_49', 'generator_50', 'generator_35', 'generator_52', 'generator_35', 'generator_2', 'generator_28', 'generator_30', 'generator_54', 'generator_26', 'generator_35', 'generator_55', 'generator_56', 'generator_57', 'generator_35', 'generator_58']
number opened: 0
TRIAL 9
Action chosen: (cloud, blue)
Outcome: False
partcle ids: ['generator_37', 'generator_38', 'generator_28', 'generator_40', 'generator_24', 'generator_5', 'generator_42', 'generator_43', 'generator_44', 'generator_26', 'generator_22', 'generator_12', 'generator_47', 'generator_48', 'generator_49', 'generator_50', 'generator_35', 'generator_52', 'generator_35', 'generator_2', 'generator_28', 'generator_30', 'generator_54', 'generator_26', 'generator_35', 'generator_55', 'generator_56', 'generator_57', 'generator_35', 'generator_58']
number opened: 0
TRIAL 10
Action chosen: (triangle, red)
Outcome: False
partcle ids: ['generator_28', 'generator_60', 'generator_30', 'generator_58', 'generator_62', 'generator_52', 'generator_58', 'generator_47', 'generator_12', 'generator_65', 'generator_47', 'generator_58', 'generator_56', 'generator_68', 'generator_69', 'generator_70', 'generator_30', 'generator_26', 'generator_58', 'generator_54', 'generator_72', 'generator_58', 'generator_47', 'generator_28', 'generator_26', 'generator_12', 'generator_58', 'generator_47', 'generator_75', 'generator_22']
number opened: 0
TRIAL 11
Action chosen: (diamond, pink)
Outcome: False
partcle ids: ['generator_28', 'generator_60', 'generator_30', 'generator_58', 'generator_62', 'generator_52', 'generator_58', 'generator_47', 'generator_12', 'generator_65', 'generator_47', 'generator_58', 'generator_56', 'generator_68', 'generator_69', 'generator_70', 'generator_30', 'generator_26', 'generator_58', 'generator_54', 'generator_72', 'generator_58', 'generator_47', 'generator_28', 'generator_26', 'generator_12', 'generator_58', 'generator_47', 'generator_75', 'generator_22']
number opened: 0
TRIAL 12
Action chosen: (yellow5, white)
Outcome: False
partcle ids: ['generator_28', 'generator_60', 'generator_30', 'generator_58', 'generator_62', 'generator_52', 'generator_58', 'generator_47', 'generator_12', 'generator_65', 'generator_47', 'generator_58', 'generator_56', 'generator_68', 'generator_69', 'generator_70', 'generator_30', 'generator_26', 'generator_58', 'generator_54', 'generator_72', 'generator_58', 'generator_47', 'generator_28', 'generator_26', 'generator_12', 'generator_58', 'generator_47', 'generator_75', 'generator_22']
number opened: 0
TRIAL 13
Action chosen: (purple, blue)
Outcome: False
partcle ids: ['generator_54', 'generator_78', 'generator_30', 'generator_79', 'generator_30', 'generator_80', 'generator_81', 'generator_56', 'generator_83', 'generator_75', 'generator_58', 'generator_52', 'generator_54', 'generator_52', 'generator_84', 'generator_12', 'generator_72', 'generator_86', 'generator_69', 'generator_75', 'generator_26', 'generator_87', 'generator_88', 'generator_89', 'generator_69', 'generator_26', 'generator_90', 'generator_30', 'generator_56', 'generator_54']
number opened: 0
TRIAL 14
Action chosen: (pink, purple)
Outcome: False
partcle ids: ['generator_54', 'generator_78', 'generator_30', 'generator_79', 'generator_30', 'generator_80', 'generator_81', 'generator_56', 'generator_83', 'generator_75', 'generator_58', 'generator_52', 'generator_54', 'generator_52', 'generator_84', 'generator_12', 'generator_72', 'generator_86', 'generator_69', 'generator_75', 'generator_26', 'generator_87', 'generator_88', 'generator_89', 'generator_69', 'generator_26', 'generator_90', 'generator_30', 'generator_56', 'generator_54']
number opened: 0
TRIAL 15
Action chosen: (white, white)
Outcome: False
partcle ids: ['generator_54', 'generator_78', 'generator_30', 'generator_79', 'generator_30', 'generator_80', 'generator_81', 'generator_56', 'generator_83', 'generator_75', 'generator_58', 'generator_52', 'generator_54', 'generator_52', 'generator_84', 'generator_12', 'generator_72', 'generator_86', 'generator_69', 'generator_75', 'generator_26', 'generator_87', 'generator_88', 'generator_89', 'generator_69', 'generator_26', 'generator_90', 'generator_30', 'generator_56', 'generator_54']
number opened: 0
TRIAL 16
Action chosen: (purple, red)
Outcome: False
partcle ids: ['generator_87', 'generator_90', 'generator_94', 'generator_95', 'generator_56', 'generator_97', 'generator_98', 'generator_99', 'generator_100', 'generator_52', 'generator_69', 'generator_56', 'generator_103', 'generator_87', 'generator_88', 'generator_54', 'generator_75', 'generator_105', 'generator_88', 'generator_84', 'generator_56', 'generator_106', 'generator_75', 'generator_89', 'generator_56', 'generator_108', 'generator_84', 'generator_52', 'generator_90', 'generator_52']
number opened: 0
TRIAL 17
Action chosen: (green3, red)
Outcome: False
partcle ids: ['generator_87', 'generator_90', 'generator_94', 'generator_95', 'generator_56', 'generator_97', 'generator_98', 'generator_99', 'generator_100', 'generator_52', 'generator_69', 'generator_56', 'generator_103', 'generator_87', 'generator_88', 'generator_54', 'generator_75', 'generator_105', 'generator_88', 'generator_84', 'generator_56', 'generator_106', 'generator_75', 'generator_89', 'generator_56', 'generator_108', 'generator_84', 'generator_52', 'generator_90', 'generator_52']
number opened: 0
TRIAL 18
Action chosen: (orange4, purple)
Outcome: False
partcle ids: ['generator_87', 'generator_90', 'generator_94', 'generator_95', 'generator_56', 'generator_97', 'generator_98', 'generator_99', 'generator_100', 'generator_52', 'generator_69', 'generator_56', 'generator_103', 'generator_87', 'generator_88', 'generator_54', 'generator_75', 'generator_105', 'generator_88', 'generator_84', 'generator_56', 'generator_106', 'generator_75', 'generator_89', 'generator_56', 'generator_108', 'generator_84', 'generator_52', 'generator_90', 'generator_52']
number opened: 0
TRIAL 19
Action chosen: (pink, pink)
Outcome: False
partcle ids: ['generator_103', 'generator_111', 'generator_112', 'generator_88', 'generator_105', 'generator_88', 'generator_113', 'generator_99', 'generator_114', 'generator_115', 'generator_94', 'generator_103', 'generator_99', 'generator_84', 'generator_94', 'generator_120', 'generator_121', 'generator_89', 'number_match', 'generator_123', 'generator_100', 'generator_100', 'generator_100', 'generator_125', 'generator_89', 'generator_54', 'generator_88', 'generator_127', 'generator_128', 'generator_105']
number opened: 0
TRIAL 20
Action chosen: (yellow5, pink)
Outcome: False
partcle ids: ['generator_103', 'generator_111', 'generator_112', 'generator_88', 'generator_105', 'generator_88', 'generator_113', 'generator_99', 'generator_114', 'generator_115', 'generator_94', 'generator_103', 'generator_99', 'generator_84', 'generator_94', 'generator_120', 'generator_121', 'generator_89', 'number_match', 'generator_123', 'generator_100', 'generator_100', 'generator_100', 'generator_125', 'generator_89', 'generator_54', 'generator_88', 'generator_127', 'generator_128', 'generator_105']
number opened: 0
TRIAL 21
Action chosen: (grey2, pink)
Outcome: True
partcle ids: ['generator_125', 'generator_131', 'generator_89', 'generator_133', 'generator_89', 'generator_135', 'number_match', 'generator_88', 'generator_138', 'generator_139', 'generator_140', 'generator_89', 'generator_88', 'generator_143', 'generator_125', 'generator_89', 'generator_125', 'number_match', 'number_match', 'generator_89', 'generator_150', 'generator_151', 'generator_152', 'generator_153', 'generator_89', 'generator_121', 'generator_156', 'generator_88', 'generator_158', 'generator_88']
number opened: 1
TRIAL 22
Action chosen: (triangle, white)
Outcome: False
partcle ids: ['generator_125', 'generator_131', 'generator_89', 'generator_133', 'generator_89', 'generator_135', 'number_match', 'generator_88', 'generator_138', 'generator_139', 'generator_140', 'generator_89', 'generator_88', 'generator_143', 'generator_125', 'generator_89', 'generator_125', 'number_match', 'number_match', 'generator_89', 'generator_150', 'generator_151', 'generator_152', 'generator_153', 'generator_89', 'generator_121', 'generator_156', 'generator_88', 'generator_158', 'generator_88']
number opened: 1
TRIAL 23
Action chosen: (green3, purple)
Outcome: True
partcle ids: ['generator_160', 'generator_161', 'generator_162', 'number_match', 'generator_133', 'generator_164', 'generator_133', 'generator_166', 'generator_167', 'generator_168', 'generator_169', 'generator_170', 'generator_133', 'generator_172', 'generator_173', 'generator_174', 'generator_88', 'generator_176', 'generator_177', 'generator_178', 'generator_133', 'generator_88', 'generator_181', 'generator_182', 'number_match', 'generator_184', 'generator_185', 'generator_186', 'generator_187', 'generator_188']
number opened: 2
TRIAL 24
Action chosen: (orange4, white)
Outcome: True
partcle ids: ['generator_189', 'generator_190', 'generator_172', 'generator_191', 'generator_133', 'generator_190', 'number_match', 'generator_193', 'generator_194', 'generator_133', 'generator_133', 'generator_172', 'generator_197', 'generator_185', 'generator_198', 'generator_133', 'generator_133', 'generator_200', 'generator_172', 'generator_202', 'generator_203', 'generator_204', 'generator_133', 'generator_133', 'generator_207', 'generator_208', 'generator_209', 'generator_210', 'generator_211', 'generator_212']
number opened: 3
TRIAL 25
Action chosen: (pink, red)
Outcome: False
partcle ids: ['generator_189', 'generator_190', 'generator_172', 'generator_191', 'generator_133', 'generator_190', 'number_match', 'generator_193', 'generator_194', 'generator_133', 'generator_133', 'generator_172', 'generator_197', 'generator_185', 'generator_198', 'generator_133', 'generator_133', 'generator_200', 'generator_172', 'generator_202', 'generator_203', 'generator_204', 'generator_133', 'generator_133', 'generator_207', 'generator_208', 'generator_209', 'generator_210', 'generator_211', 'generator_212']
number opened: 3
TRIAL 26
Action chosen: (white, blue)
Outcome: False
partcle ids: ['generator_189', 'generator_190', 'generator_172', 'generator_191', 'generator_133', 'generator_190', 'number_match', 'generator_193', 'generator_194', 'generator_133', 'generator_133', 'generator_172', 'generator_197', 'generator_185', 'generator_198', 'generator_133', 'generator_133', 'generator_200', 'generator_172', 'generator_202', 'generator_203', 'generator_204', 'generator_133', 'generator_133', 'generator_207', 'generator_208', 'generator_209', 'generator_210', 'generator_211', 'generator_212']
number opened: 3
TRIAL 27
Action chosen: (yellow5, red)
Outcome: False
partcle ids: ['generator_213', 'generator_208', 'generator_215', 'generator_216', 'generator_208', 'generator_212', 'generator_219', 'generator_220', 'generator_189', 'generator_222', 'number_match', 'generator_223', 'generator_208', 'generator_224', 'generator_212', 'generator_225', 'generator_216', 'generator_226', 'generator_200', 'generator_227', 'number_match', 'generator_228', 'generator_224', 'generator_229', 'generator_212', 'generator_230', 'number_match', 'generator_207', 'number_match', 'generator_205']
number opened: 3
TRIAL 28
Action chosen: (yellow5, blue)
Outcome: True
partcle ids: ['generator_231', 'generator_232', 'number_match', 'generator_212', 'generator_229', 'generator_212', 'generator_234', 'generator_235', 'number_match', 'generator_212', 'generator_133', 'generator_232', 'generator_212', 'generator_133', 'generator_235', 'generator_229', 'generator_232', 'generator_233', 'generator_212', 'generator_232', 'generator_212', 'number_match', 'number_match', 'number_match', 'generator_234', 'generator_232', 'generator_231', 'generator_233', 'generator_232', 'generator_235']
number opened: 4
TRIAL 29
Action chosen: (diamond, red)
Outcome: False
partcle ids: ['generator_231', 'generator_232', 'number_match', 'generator_212', 'generator_229', 'generator_212', 'generator_234', 'generator_235', 'number_match', 'generator_212', 'generator_133', 'generator_232', 'generator_212', 'generator_133', 'generator_235', 'generator_229', 'generator_232', 'generator_233', 'generator_212', 'generator_232', 'generator_212', 'number_match', 'number_match', 'number_match', 'generator_234', 'generator_232', 'generator_231', 'generator_233', 'generator_232', 'generator_235']
number opened: 4
TRIAL 30
Action chosen: (heart, red)
Outcome: False
partcle ids: ['generator_231', 'generator_232', 'number_match', 'generator_212', 'generator_229', 'generator_212', 'generator_234', 'generator_235', 'number_match', 'generator_212', 'generator_133', 'generator_232', 'generator_212', 'generator_133', 'generator_235', 'generator_229', 'generator_232', 'generator_233', 'generator_212', 'generator_232', 'generator_212', 'number_match', 'number_match', 'number_match', 'generator_234', 'generator_232', 'generator_231', 'generator_233', 'generator_232', 'generator_235']
number opened: 4
TRIAL 31
Action chosen: (red, red)
Outcome: True
partcle ids: ['number_match', 'number_match', 'number_match', 'number_match', 'number_match', 'number_match', 'number_match', 'number_match', 'number_match', 'number_match', 'number_match', 'number_match', 'number_match', 'number_match', 'number_match', 'number_match', 'number_match', 'number_match', 'number_match', 'number_match', 'number_match', 'number_match', 'number_match', 'number_match', 'number_match', 'number_match', 'number_match', 'number_match', 'number_match', 'number_match']
number opened: 5
{"attempts": 31, "unique_key_box_pairs": 31, "revisit_attempts": 0, "revisit_rate": 0.0, "attempts_before_abandoning_color_matching": 1, "color_matching_abandoned": true}
