{"Child_ID": "D075", "SoC_variant": "SoC-Full", "theta": [3, 1], "p_gen": 0.5, "true_prior": 0.02, "run_number": 19, "seed": 3246295519464582041}
TRIAL 1
Action chosen: (pink, pink)
Outcome: False
partcle ids: ['generator_1', 'similar_color_3', 'generator_2', 'generator_3', 'generator_4', 'similar_color_2', 'similar_color_9', 'generator_5', 'similar_color_2', 'generator_6', 'similar_color_7', 'similar_color_7', 'generator_7', 'similar_color_4', 'generator_8', 'generator_9', 'generator_10', 'generator_11', 'similar_color_9', 'generator_12', 'color_match', 'shape_match', 'generator_13', 'generator_14', 'similar_color_5', 'generator_15', 'generator_16', 'similar_color_11', 'similar_color_12', 'generator_17']
number opened: 0
TRIAL 2
Action chosen: (grey2, pink)
Outcome: True
partcle ids: ['generator_18', 'generator_19', 'generator_20', 'generator_12', 'generator_21', 'generator_22', 'generator_23', 'generator_12', 'generator_16', 'generator_24', 'generator_25', 'generator_26', 'generator_27', 'generator_28', 'generator_29', 'generator_30', 'generator_31', 'generator_32', 'generator_33', 'generator_34', 'generator_35', 'generator_36', 'generator_12', 'generator_37', 'generator_38', 'generator_39', 'generator_40', 'generator_7', 'generator_41', 'generator_42']
number opened: 1
TRIAL 3
Action chosen: (cloud, blue)
Outcome: False
partcle ids: ['generator_18', 'generator_19', 'generator_20', 'generator_12', 'generator_21', 'generator_22', 'generator_23', 'generator_12', 'generator_16', 'generator_24', 'generator_25', 'generator_26', 'generator_27', 'generator_28', 'generator_29', 'generator_30', 'generator_31', 'generator_32', 'generator_33', 'generator_34', 'generator_35', 'generator_36', 'generator_12', 'generator_37', 'generator_38', 'generator_39', 'generator_40', 'generator_7', 'generator_41', 'generator_42']
number opened: 1
TRIAL 4
Action chosen: (diamond, red)
Outcome: False
partcle ids: ['generator_18', 'generator_19', 'generator_20', 'generator_12', 'generator_21', 'generator_22', 'generator_23', 'generator_12', 'generator_16', 'generator_24', 'generator_25', 'generator_26', 'generator_27', 'generator_28', 'generator_29', 'generator_30', 'generator_31', 'generator_32', 'generator_33', 'generator_34', 'generator_35', 'generator_36', 'generator_12', 'generator_37', 'generator_38', 'generator_39', 'generator_40', 'generator_7', 'generator_41', 'generator_42']
number opened: 1
TRIAL 5
Action chosen: (yellow5, purple)
Outcome: False
partcle ids: ['generator_18', 'generator_19', 'generator_20', 'generator_12', 'generator_21', 'generator_22', 'generator_23', 'generator_12', 'generator_16', 'generator_24', 'generator_25', 'generator_26', 'generator_27', 'generator_28', 'generator_29', 'generator_30', 'generator_31', 'generator_32', 'generator_33', 'generator_34', 'generator_35', 'generator_36', 'generator_12', 'generator_37', 'generator_38', 'generator_39', 'generator_40', 'generator_7', 'generator_41', 'generator_42']
number opened: 1
TRIAL 6
Action chosen: (purple, blue)
Outcome: False
partcle ids: ['generator_18', 'generator_19', 'generator_20', 'generator_12', 'generator_21', 'generator_22', 'generator_23', 'generator_12', 'generator_16', 'generator_24', 'generator_25', 'generator_26', 'generator_27', 'generator_28', 'generator_29', 'generator_30', 'generator_31', 'generator_32', 'generator_33', 'generator_34', 'generator_35', 'generator_36', 'generator_12', 'generator_37', 'generator_38', 'generator_39', 'generator_40', 'generator_7', 'generator_41', 'generator_42']
number opened: 1
TRIAL 7
Action chosen: (yellow5, red)
Outcome: False
partcle ids: ['generator_18', 'generator_19', 'generator_20', 'generator_12', 'generator_21', 'generator_22', 'generator_23', 'generator_12', 'generator_16', 'generator_24', 'generator_25', 'generator_26', 'generator_27', 'generator_28', 'generator_29', 'generator_30', 'generator_31', 'generator_32', 'generator_33', 'generator_34', 'generator_35', 'generator_36', 'generator_12', 'generator_37', 'generator_38', 'generator_39', 'generator_40', 'generator_7', 'generator_41', 'generator_42']
number opened: 1
TRIAL 8
Action chosen: (pink, white)
Outcome: False
partcle ids: ['generator_18', 'generator_19', 'generator_20', 'generator_12', 'generator_21', 'generator_22', 'generator_23', 'generator_12', 'generator_16', 'generator_24', 'generator_25', 'generator_26', 'generator_27', 'generator_28', 'generator_29', 'generator_30', 'generator_31', 'generator_32', 'generator_33', 'generator_34', 'generator_35', 'generator_36', 'generator_12', 'generator_37', 'generator_38', 'generator_39', 'generator_40', 'generator_7', 'generator_41', 'generator_42']
number opened: 1
TRIAL 9
Action chosen: (white, white)
Outcome: False
partcle ids: ['generator_18', 'generator_19', 'generator_20', 'generator_12', 'generator_21', 'generator_22', 'generator_23', 'generator_12', 'generator_16', 'generator_24', 'generator_25', 'generator_26', 'generator_27', 'generator_28', 'generator_29', 'generator_30', 'generator_31', 'generator_32', 'generator_33', 'generator_34', 'generator_35', 'generator_36', 'generator_12', 'generator_37', 'generator_38', 'generator_39', 'generator_40', 'generator_7', 'generator_41', 'generator_42']
number opened: 1
TRIAL 10
Action chosen: (triangle, blue)
Outcome: False
partcle ids: ['generator_18', 'generator_19', 'generator_20', 'generator_12', 'generator_21', 'generator_22', 'generator_23', 'generator_12', 'generator_16', 'generator_24', 'generator_25', 'generator_26', 'generator_27', 'generator_28', 'generator_29', 'generator_30', 'generator_31', 'generator_32', 'generator_33', 'generator_34', 'generator_35', 'generator_36', 'generator_12', 'generator_37', 'generator_38', 'generator_39', 'generator_40', 'generator_7', 'generator_41', 'generator_42']
number opened: 1
TRIAL 11
Action chosen: (purple, white)
Outcome: False
partcle ids: ['generator_18', 'generator_19', 'generator_20', 'generator_12', 'generator_21', 'generator_22', 'generator_23', 'generator_12', 'generator_16', 'generator_24', 'generator_25', 'generator_26', 'generator_27', 'generator_28', 'generator_29', 'generator_30', 'generator_31', 'generator_32', 'generator_33', 'generator_34', 'generator_35', 'generator_36', 'generator_12', 'generator_37', 'generator_38', 'generator_39', 'generator_40', 'generator_7', 'generator_41', 'generator_42']
number opened: 1
TRIAL 12
Action chosen: (green3, purple)
Outcome: True
partcle ids: ['generator_43', 'generator_44', 'generator_45', 'generator_39', 'generator_47', 'generator_48', 'generator_12', 'generator_39', 'generator_39', 'generator_52', 'generator_53', 'generator_54', 'generator_39', 'generator_56', 'generator_57', 'generator_58', 'generator_12', 'generator_39', 'generator_60', 'generator_61', 'generator_62', 'generator_63', 'generator_64', 'generator_65', 'generator_66', 'generator_67', 'generator_68', 'generator_69', 'generator_58', 'generator_70']
number opened: 2
TRIAL 13
Action chosen: (diamond, white)
Outcome: False
partcle ids: ['generator_43', 'generator_44', 'generator_45', 'generator_39', 'generator_47', 'generator_48', 'generator_12', 'generator_39', 'generator_39', 'generator_52', 'generator_53', 'generator_54', 'generator_39', 'generator_56', 'generator_57', 'generator_58', 'generator_12', 'generator_39', 'generator_60', 'generator_61', 'generator_62', 'generator_63', 'generator_64', 'generator_65', 'generator_66', 'generator_67', 'generator_68', 'generator_69', 'generator_58', 'generator_70']
number opened: 2
TRIAL 14
Action chosen: (triangle, blue)
Outcome: False
partcle ids: ['generator_43', 'generator_44', 'generator_45', 'generator_39', 'generator_47', 'generator_48', 'generator_12', 'generator_39', 'generator_39', 'generator_52', 'generator_53', 'generator_54', 'generator_39', 'generator_56', 'generator_57', 'generator_58', 'generator_12', 'generator_39', 'generator_60', 'generator_61', 'generator_62', 'generator_63', 'generator_64', 'generator_65', 'generator_66', 'generator_67', 'generator_68', 'generator_69', 'generator_58', 'generator_70']
number opened: 2
TRIAL 15
Action chosen: (diamond, white)
Outcome: False
partcle ids: ['generator_43', 'generator_44', 'generator_45', 'generator_39', 'generator_47', 'generator_48', 'generator_12', 'generator_39', 'generator_39', 'generator_52', 'generator_53', 'generator_54', 'generator_39', 'generator_56', 'generator_57', 'generator_58', 'generator_12', 'generator_39', 'generator_60', 'generator_61', 'generator_62', 'generator_63', 'generator_64', 'generator_65', 'generator_66', 'generator_67', 'generator_68', 'generator_69', 'generator_58', 'generator_70']
number opened: 2
TRIAL 16
Action chosen: (orange4, white)
Outcome: True
partcle ids: ['generator_61', 'generator_61', 'generator_61', 'generator_73', 'generator_74', 'generator_75', 'generator_61', 'generator_77', 'generator_78', 'generator_79', 'generator_80', 'generator_81', 'generator_82', 'generator_79', 'generator_83', 'generator_81', 'generator_84', 'generator_85', 'generator_86', 'generator_87', 'generator_75', 'generator_88', 'generator_69', 'generator_77', 'generator_61', 'generator_90', 'generator_91', 'generator_67', 'generator_61', 'generator_61']
number opened: 3
TRIAL 17
Action chosen: (yellow5, blue)
Outcome: True
partcle ids: ['number_match', 'generator_94', 'generator_75', 'generator_61', 'generator_61', 'number_match', 'generator_75', 'generator_79', 'generator_61', 'generator_94', 'generator_95', 'generator_96', 'generator_96', 'number_match', 'generator_96', 'generator_79', 'generator_75', 'generator_75', 'generator_79', 'generator_94', 'generator_94', 'generator_98', 'generator_98', 'generator_97', 'generator_96', 'generator_94', 'generator_96', 'generator_79', 'generator_94', 'generator_61']
number opened: 4
TRIAL 18
Action chosen: (purple, red)
Outcome: False
partcle ids: ['number_match', 'generator_94', 'generator_75', 'generator_61', 'generator_61', 'number_match', 'generator_75', 'generator_79', 'generator_61', 'generator_94', 'generator_95', 'generator_96', 'generator_96', 'number_match', 'generator_96', 'generator_79', 'generator_75', 'generator_75', 'generator_79', 'generator_94', 'generator_94', 'generator_98', 'generator_98', 'generator_97', 'generator_96', 'generator_94', 'generator_96', 'generator_79', 'generator_94', 'generator_61']
number opened: 4
TRIAL 19
Action chosen: (blue, red)
Outcome: False
partcle ids: ['number_match', 'generator_94', 'generator_75', 'generator_61', 'generator_61', 'number_match', 'generator_75', 'generator_79', 'generator_61', 'generator_94', 'generator_95', 'generator_96', 'generator_96', 'number_match', 'generator_96', 'generator_79', 'generator_75', 'generator_75', 'generator_79', 'generator_94', 'generator_94', 'generator_98', 'generator_98', 'generator_97', 'generator_96', 'generator_94', 'generator_96', 'generator_79', 'generator_94', 'generator_61']
number opened: 4
TRIAL 20
Action chosen: (triangle, red)
Outcome: False
partcle ids: ['number_match', 'generator_94', 'generator_75', 'generator_61', 'generator_61', 'number_match', 'generator_75', 'generator_79', 'generator_61', 'generator_94', 'generator_95', 'generator_96', 'generator_96', 'number_match', 'generator_96', 'generator_79', 'generator_75', 'generator_75', 'generator_79', 'generator_94', 'generator_94', 'generator_98', 'generator_98', 'generator_97', 'generator_96', 'generator_94', 'generator_96', 'generator_79', 'generator_94', 'generator_61']
number opened: 4
TRIAL 21
Action chosen: (heart, red)
Outcome: False
partcle ids: ['number_match', 'generator_94', 'generator_75', 'generator_61', 'generator_61', 'number_match', 'generator_75', 'generator_79', 'generator_61', 'generator_94', 'generator_95', 'generator_96', 'generator_96', 'number_match', 'generator_96', 'generator_79', 'generator_75', 'generator_75', 'generator_79', 'generator_94', 'generator_94', 'generator_98', 'generator_98', 'generator_97', 'generator_96', 'generator_94', 'generator_96', 'generator_79', 'generator_94', 'generator_61']
number opened: 4
TRIAL 22
Action chosen: (cloud, red)
Outcome: False
partcle ids: ['number_match', 'generator_94', 'generator_75', 'generator_61', 'generator_61', 'number_match', 'generator_75', 'generator_79', 'generator_61', 'generator_94', 'generator_95', 'generator_96', 'generator_96', 'number_match', 'generator_96', 'generator_79', 'generator_75', 'generator_75', 'generator_79', 'generator_94', 'generator_94', 'generator_98', 'generator_98', 'generator_97', 'generator_96', 'generator_94', 'generator_96', 'generator_79', 'generator_94', 'generator_61']
number opened: 4
TRIAL 23
Action chosen: (red, red)
Outcome: True
partcle ids: ['number_match', 'number_match', 'number_match', 'number_match', 'number_match', 'number_match', 'number_match', 'number_match', 'number_match', 'number_match', 'number_match', 'number_match', 'number_match', 'number_match', 'number_match', 'number_match', 'number_match', 'number_match', 'number_match', 'number_match', 'number_match', 'number_match', 'number_match', 'number_match', 'number_match', 'number_match', 'number_match', 'number_match', 'number_match', 'number_match']
number opened: 5
{"attempts": 23, "unique_key_box_pairs": 21, "revisit_attempts": 2, "revisit_rate": 0.09090909090909091, "attempts_before_abandoning_color_matching": 1, "color_matching_abandoned": true}
