{"Child_ID": "D075", "SoC_variant": "SoC-Full", "theta": [3, 1], "p_gen": 0.5, "true_prior": 0.02, "run_number": 77, "seed": 8681825279154247480}
TRIAL 1
Action chosen: (pink, pink)
Outcome: False
partcle ids: ['generator_1', 'generator_2', 'similar_color_2', 'shape_match', 'number_match', 'generator_3', 'similar_color_1', 'order_match', 'similar_color_8', 'similar_color_6', 'order_match', 'generator_4', 'generator_5', 'generator_6', 'shape_match', 'similar_color_8', 'similar_color_2', 'similar_color_13', 'generator_7', 'similar_color_12', 'generator_8', 'similar_color_4', 'generator_9', 'generator_10', 'similar_color_1', 'generator_11', 'generator_12', 'similar_color_4', 'similar_color_13', 'generator_13']
number opened: 0
TRIAL 2
Action chosen: (red, red)
Outcome: True
partcle ids: ['generator_14', 'generator_4', 'order_match', 'generator_15', 'order_match', 'similar_color_4', 'color_match', 'similar_color_5', 'similar_color_11', 'generator_16', 'generator_17', 'order_match', 'similar_color_9', 'generator_18', 'generator_19', 'generator_20', 'generator_11', 'generator_21', 'generator_22', 'generator_23', 'generator_24', 'similar_color_4', 'similar_color_2', 'generator_25', 'generator_26', 'generator_27', 'generator_11', 'generator_28', 'generator_29', 'generator_30']
number opened: 1
TRIAL 3
Action chosen: (pink, pink)
Outcome: False
partcle ids: ['generator_14', 'generator_4', 'order_match', 'generator_15', 'order_match', 'similar_color_4', 'color_match', 'similar_color_5', 'similar_color_11', 'generator_16', 'generator_17', 'order_match', 'similar_color_9', 'generator_18', 'generator_19', 'generator_20', 'generator_11', 'generator_21', 'generator_22', 'generator_23', 'generator_24', 'similar_color_4', 'similar_color_2', 'generator_25', 'generator_26', 'generator_27', 'generator_11', 'generator_28', 'generator_29', 'generator_30']
number opened: 1
TRIAL 4
Action chosen: (orange4, purple)
Outcome: False
partcle ids: ['generator_14', 'generator_4', 'order_match', 'generator_15', 'order_match', 'similar_color_4', 'color_match', 'similar_color_5', 'similar_color_11', 'generator_16', 'generator_17', 'order_match', 'similar_color_9', 'generator_18', 'generator_19', 'generator_20', 'generator_11', 'generator_21', 'generator_22', 'generator_23', 'generator_24', 'similar_color_4', 'similar_color_2', 'generator_25', 'generator_26', 'generator_27', 'generator_11', 'generator_28', 'generator_29', 'generator_30']
number opened: 1
TRIAL 5
Action chosen: (white, purple)
Outcome: False
partcle ids: ['generator_14', 'generator_4', 'order_match', 'generator_15', 'order_match', 'similar_color_4', 'color_match', 'similar_color_5', 'similar_color_11', 'generator_16', 'generator_17', 'order_match', 'similar_color_9', 'generator_18', 'generator_19', 'generator_20', 'generator_11', 'generator_21', 'generator_22', 'generator_23', 'generator_24', 'similar_color_4', 'similar_color_2', 'generator_25', 'generator_26', 'generator_27', 'generator_11', 'generator_28', 'generator_29', 'generator_30']
number opened: 1
TRIAL 6
Action chosen: (purple, white)
Outcome: False
partcle ids: ['generator_14', 'generator_4', 'order_match', 'generator_15', 'order_match', 'similar_color_4', 'color_match', 'similar_color_5', 'similar_color_11', 'generator_16', 'generator_17', 'order_match', 'similar_color_9', 'generator_18', 'generator_19', 'generator_20', 'generator_11', 'generator_21', 'generator_22', 'generator_23', 'generator_24', 'similar_color_4', 'similar_color_2', 'generator_25', 'generator_26', 'generator_27', 'generator_11', 'generator_28', 'generator_29', 'generator_30']
number opened: 1
TRIAL 7
Action chosen: (yellow5, white)
Outcome: False
partcle ids: ['generator_14', 'generator_4', 'order_match', 'generator_15', 'order_match', 'similar_color_4', 'color_match', 'similar_color_5', 'similar_color_11', 'generator_16', 'generator_17', 'order_match', 'similar_color_9', 'generator_18', 'generator_19', 'generator_20', 'generator_11', 'generator_21', 'generator_22', 'generator_23', 'generator_24', 'similar_color_4', 'similar_color_2', 'generator_25', 'generator_26', 'generator_27', 'generator_11', 'generator_28', 'generator_29', 'generator_30']
number opened: 1
TRIAL 8
Action chosen: (green3, white)
Outcome: False
partcle ids: ['generator_14', 'generator_4', 'order_match', 'generator_15', 'order_match', 'similar_color_4', 'color_match', 'similar_color_5', 'similar_color_11', 'generator_16', 'generator_17', 'order_match', 'similar_color_9', 'generator_18', 'generator_19', 'generator_20', 'generator_11', 'generator_21', 'generator_22', 'generator_23', 'generator_24', 'similar_color_4', 'similar_color_2', 'generator_25', 'generator_26', 'generator_27', 'generator_11', 'generator_28', 'generator_29', 'generator_30']
number opened: 1
TRIAL 9
Action chosen: (purple, pink)
Outcome: False
partcle ids: ['generator_14', 'generator_4', 'order_match', 'generator_15', 'order_match', 'similar_color_4', 'color_match', 'similar_color_5', 'similar_color_11', 'generator_16', 'generator_17', 'order_match', 'similar_color_9', 'generator_18', 'generator_19', 'generator_20', 'generator_11', 'generator_21', 'generator_22', 'generator_23', 'generator_24', 'similar_color_4', 'similar_color_2', 'generator_25', 'generator_26', 'generator_27', 'generator_11', 'generator_28', 'generator_29', 'generator_30']
number opened: 1
TRIAL 10
Action chosen: (pink, pink)
Outcome: False
partcle ids: ['generator_14', 'generator_4', 'order_match', 'generator_15', 'order_match', 'similar_color_4', 'color_match', 'similar_color_5', 'similar_color_11', 'generator_16', 'generator_17', 'order_match', 'similar_color_9', 'generator_18', 'generator_19', 'generator_20', 'generator_11', 'generator_21', 'generator_22', 'generator_23', 'generator_24', 'similar_color_4', 'similar_color_2', 'generator_25', 'generator_26', 'generator_27', 'generator_11', 'generator_28', 'generator_29', 'generator_30']
number opened: 1
TRIAL 11
Action chosen: (white, pink)
Outcome: False
partcle ids: ['generator_14', 'generator_4', 'order_match', 'generator_15', 'order_match', 'similar_color_4', 'color_match', 'similar_color_5', 'similar_color_11', 'generator_16', 'generator_17', 'order_match', 'similar_color_9', 'generator_18', 'generator_19', 'generator_20', 'generator_11', 'generator_21', 'generator_22', 'generator_23', 'generator_24', 'similar_color_4', 'similar_color_2', 'generator_25', 'generator_26', 'generator_27', 'generator_11', 'generator_28', 'generator_29', 'generator_30']
number opened: 1
TRIAL 12
Action chosen: (blue, blue)
Outcome: False
partcle ids: ['generator_14', 'generator_4', 'order_match', 'generator_15', 'order_match', 'similar_color_4', 'color_match', 'similar_color_5', 'similar_color_11', 'generator_16', 'generator_17', 'order_match', 'similar_color_9', 'generator_18', 'generator_19', 'generator_20', 'generator_11', 'generator_21', 'generator_22', 'generator_23', 'generator_24', 'similar_color_4', 'similar_color_2', 'generator_25', 'generator_26', 'generator_27', 'generator_11', 'generator_28', 'generator_29', 'generator_30']
number opened: 1
TRIAL 13
Action chosen: (heart, blue)
Outcome: False
partcle ids: ['generator_14', 'generator_4', 'order_match', 'generator_15', 'order_match', 'similar_color_4', 'color_match', 'similar_color_5', 'similar_color_11', 'generator_16', 'generator_17', 'order_match', 'similar_color_9', 'generator_18', 'generator_19', 'generator_20', 'generator_11', 'generator_21', 'generator_22', 'generator_23', 'generator_24', 'similar_color_4', 'similar_color_2', 'generator_25', 'generator_26', 'generator_27', 'generator_11', 'generator_28', 'generator_29', 'generator_30']
number opened: 1
TRIAL 14
Action chosen: (green3, white)
Outcome: False
partcle ids: ['generator_14', 'generator_4', 'order_match', 'generator_15', 'order_match', 'similar_color_4', 'color_match', 'similar_color_5', 'similar_color_11', 'generator_16', 'generator_17', 'order_match', 'similar_color_9', 'generator_18', 'generator_19', 'generator_20', 'generator_11', 'generator_21', 'generator_22', 'generator_23', 'generator_24', 'similar_color_4', 'similar_color_2', 'generator_25', 'generator_26', 'generator_27', 'generator_11', 'generator_28', 'generator_29', 'generator_30']
number opened: 1
TRIAL 15
Action chosen: (purple, pink)
Outcome: False
partcle ids: ['generator_14', 'generator_4', 'order_match', 'generator_15', 'order_match', 'similar_color_4', 'color_match', 'similar_color_5', 'similar_color_11', 'generator_16', 'generator_17', 'order_match', 'similar_color_9', 'generator_18', 'generator_19', 'generator_20', 'generator_11', 'generator_21', 'generator_22', 'generator_23', 'generator_24', 'similar_color_4', 'similar_color_2', 'generator_25', 'generator_26', 'generator_27', 'generator_11', 'generator_28', 'generator_29', 'generator_30']
number opened: 1
TRIAL 16
Action chosen: (purple, white)
Outcome: False
partcle ids: ['generator_14', 'generator_4', 'order_match', 'generator_15', 'order_match', 'similar_color_4', 'color_match', 'similar_color_5', 'similar_color_11', 'generator_16', 'generator_17', 'order_match', 'similar_color_9', 'generator_18', 'generator_19', 'generator_20', 'generator_11', 'generator_21', 'generator_22', 'generator_23', 'generator_24', 'similar_color_4', 'similar_color_2', 'generator_25', 'generator_26', 'generator_27', 'generator_11', 'generator_28', 'generator_29', 'generator_30']
number opened: 1
TRIAL 17
Action chosen: (orange4, purple)
Outcome: False
partcle ids: ['generator_14', 'generator_4', 'order_match', 'generator_15', 'order_match', 'similar_color_4', 'color_match', 'similar_color_5', 'similar_color_11', 'generator_16', 'generator_17', 'order_match', 'similar_color_9', 'generator_18', 'generator_19', 'generator_20', 'generator_11', 'generator_21', 'generator_22', 'generator_23', 'generator_24', 'similar_color_4', 'similar_color_2', 'generator_25', 'generator_26', 'generator_27', 'generator_11', 'generator_28', 'generator_29', 'generator_30']
number opened: 1
TRIAL 18
Action chosen: (white, purple)
Outcome: False
partcle ids: ['generator_14', 'generator_4', 'order_match', 'generator_15', 'order_match', 'similar_color_4', 'color_match', 'similar_color_5', 'similar_color_11', 'generator_16', 'generator_17', 'order_match', 'similar_color_9', 'generator_18', 'generator_19', 'generator_20', 'generator_11', 'generator_21', 'generator_22', 'generator_23', 'generator_24', 'similar_color_4', 'similar_color_2', 'generator_25', 'generator_26', 'generator_27', 'generator_11', 'generator_28', 'generator_29', 'generator_30']
number opened: 1
TRIAL 19
Action chosen: (pink, purple)
Outcome: False
partcle ids: ['generator_14', 'generator_4', 'order_match', 'generator_15', 'order_match', 'similar_color_4', 'color_match', 'similar_color_5', 'similar_color_11', 'generator_16', 'generator_17', 'order_match', 'similar_color_9', 'generator_18', 'generator_19', 'generator_20', 'generator_11', 'generator_21', 'generator_22', 'generator_23', 'generator_24', 'similar_color_4', 'similar_color_2', 'generator_25', 'generator_26', 'generator_27', 'generator_11', 'generator_28', 'generator_29', 'generator_30']
number opened: 1
TRIAL 20
Action chosen: (purple, pink)
Outcome: False
partcle ids: ['generator_14', 'generator_4', 'order_match', 'generator_15', 'order_match', 'similar_color_4', 'color_match', 'similar_color_5', 'similar_color_11', 'generator_16', 'generator_17', 'order_match', 'similar_color_9', 'generator_18', 'generator_19', 'generator_20', 'generator_11', 'generator_21', 'generator_22', 'generator_23', 'generator_24', 'similar_color_4', 'similar_color_2', 'generator_25', 'generator_26', 'generator_27', 'generator_11', 'generator_28', 'generator_29', 'generator_30']
number opened: 1
TRIAL 21
Action chosen: (green3, white)
Outcome: False
partcle ids: ['generator_14', 'generator_4', 'order_match', 'generator_15', 'order_match', 'similar_color_4', 'color_match', 'similar_color_5', 'similar_color_11', 'generator_16', 'generator_17', 'order_match', 'similar_color_9', 'generator_18', 'generator_19', 'generator_20', 'generator_11', 'generator_21', 'generator_22', 'generator_23', 'generator_24', 'similar_color_4', 'similar_color_2', 'generator_25', 'generator_26', 'generator_27', 'generator_11', 'generator_28', 'generator_29', 'generator_30']
number opened: 1
TRIAL 22
Action chosen: (blue, blue)
Outcome: False
partcle ids: ['generator_14', 'generator_4', 'order_match', 'generator_15', 'order_match', 'similar_color_4', 'color_match', 'similar_color_5', 'similar_color_11', 'generator_16', 'generator_17', 'order_match', 'similar_color_9', 'generator_18', 'generator_19', 'generator_20', 'generator_11', 'generator_21', 'generator_22', 'generator_23', 'generator_24', 'similar_color_4', 'similar_color_2', 'generator_25', 'generator_26', 'generator_27', 'generator_11', 'generator_28', 'generator_29', 'generator_30']
number opened: 1
TRIAL 23
Action chosen: (orange4, purple)
Outcome: False
partcle ids: ['generator_14', 'generator_4', 'order_match', 'generator_15', 'order_match', 'similar_color_4', 'color_match', 'similar_color_5', 'similar_color_11', 'generator_16', 'generator_17', 'order_match', 'similar_color_9', 'generator_18', 'generator_19', 'generator_20', 'generator_11', 'generator_21', 'generator_22', 'generator_23', 'generator_24', 'similar_color_4', 'similar_color_2', 'generator_25', 'generator_26', 'generator_27', 'generator_11', 'generator_28', 'generator_29', 'generator_30']
number opened: 1
TRIAL 24
Action chosen: (purple, white)
Outcome: False
partcle ids: ['generator_14', 'generator_4', 'order_match', 'generator_15', 'order_match', 'similar_color_4', 'color_match', 'similar_color_5', 'similar_color_11', 'generator_16', 'generator_17', 'order_match', 'similar_color_9', 'generator_18', 'generator_19', 'generator_20', 'generator_11', 'generator_21', 'generator_22', 'generator_23', 'generator_24', 'similar_color_4', 'similar_color_2', 'generator_25', 'generator_26', 'generator_27', 'generator_11', 'generator_28', 'generator_29', 'generator_30']
number opened: 1
TRIAL 25
Action chosen: (white, purple)
Outcome: False
partcle ids: ['generator_14', 'generator_4', 'order_match', 'generator_15', 'order_match', 'similar_color_4', 'color_match', 'similar_color_5', 'similar_color_11', 'generator_16', 'generator_17', 'order_match', 'similar_color_9', 'generator_18', 'generator_19', 'generator_20', 'generator_11', 'generator_21', 'generator_22', 'generator_23', 'generator_24', 'similar_color_4', 'similar_color_2', 'generator_25', 'generator_26', 'generator_27', 'generator_11', 'generator_28', 'generator_29', 'generator_30']
number opened: 1
TRIAL 26
Action chosen: (cloud, white)
Outcome: False
partcle ids: ['generator_14', 'generator_4', 'order_match', 'generator_15', 'order_match', 'similar_color_4', 'color_match', 'similar_color_5', 'similar_color_11', 'generator_16', 'generator_17', 'order_match', 'similar_color_9', 'generator_18', 'generator_19', 'generator_20', 'generator_11', 'generator_21', 'generator_22', 'generator_23', 'generator_24', 'similar_color_4', 'similar_color_2', 'generator_25', 'generator_26', 'generator_27', 'generator_11', 'generator_28', 'generator_29', 'generator_30']
number opened: 1
TRIAL 27
Action chosen: (pink, pink)
Outcome: False
partcle ids: ['generator_14', 'generator_4', 'order_match', 'generator_15', 'order_match', 'similar_color_4', 'color_match', 'similar_color_5', 'similar_color_11', 'generator_16', 'generator_17', 'order_match', 'similar_color_9', 'generator_18', 'generator_19', 'generator_20', 'generator_11', 'generator_21', 'generator_22', 'generator_23', 'generator_24', 'similar_color_4', 'similar_color_2', 'generator_25', 'generator_26', 'generator_27', 'generator_11', 'generator_28', 'generator_29', 'generator_30']
number opened: 1
TRIAL 28
Action chosen: (purple, pink)
Outcome: False
partcle ids: ['generator_14', 'generator_4', 'order_match', 'generator_15', 'order_match', 'similar_color_4', 'color_match', 'similar_color_5', 'similar_color_11', 'generator_16', 'generator_17', 'order_match', 'similar_color_9', 'generator_18', 'generator_19', 'generator_20', 'generator_11', 'generator_21', 'generator_22', 'generator_23', 'generator_24', 'similar_color_4', 'similar_color_2', 'generator_25', 'generator_26', 'generator_27', 'generator_11', 'generator_28', 'generator_29', 'generator_30']
number opened: 1
TRIAL 29
Action chosen: (diamond, blue)
Outcome: False
partcle ids: ['generator_14', 'generator_4', 'order_match', 'generator_15', 'order_match', 'similar_color_4', 'color_match', 'similar_color_5', 'similar_color_11', 'generator_16', 'generator_17', 'order_match', 'similar_color_9', 'generator_18', 'generator_19', 'generator_20', 'generator_11', 'generator_21', 'generator_22', 'generator_23', 'generator_24', 'similar_color_4', 'similar_color_2', 'generator_25', 'generator_26', 'generator_27', 'generator_11', 'generator_28', 'generator_29', 'generator_30']
number opened: 1
TRIAL 30
Action chosen: (grey2, pink)
Outcome: True
partcle ids: ['generator_31', 'generator_32', 'generator_33', 'generator_34', 'generator_35', 'generator_36', 'generator_37', 'generator_17', 'generator_39', 'generator_40', 'generator_41', 'generator_42', 'generator_43', 'generator_44', 'generator_45', 'generator_17', 'generator_19', 'generator_48', 'generator_49', 'generator_50', 'generator_51', 'generator_52', 'generator_53', 'generator_19', 'generator_54', 'generator_55', 'generator_56', 'generator_19', 'generator_58', 'generator_59']
number opened: 2
TRIAL 31
Action chosen: (white, purple)
Outcome: False
partcle ids: ['generator_31', 'generator_32', 'generator_33', 'generator_34', 'generator_35', 'generator_36', 'generator_37', 'generator_17', 'generator_39', 'generator_40', 'generator_41', 'generator_42', 'generator_43', 'generator_44', 'generator_45', 'generator_17', 'generator_19', 'generator_48', 'generator_49', 'generator_50', 'generator_51', 'generator_52', 'generator_53', 'generator_19', 'generator_54', 'generator_55', 'generator_56', 'generator_19', 'generator_58', 'generator_59']
number opened: 2
TRIAL 32
Action chosen: (pink, blue)
Outcome: False
partcle ids: ['generator_31', 'generator_32', 'generator_33', 'generator_34', 'generator_35', 'generator_36', 'generator_37', 'generator_17', 'generator_39', 'generator_40', 'generator_41', 'generator_42', 'generator_43', 'generator_44', 'generator_45', 'generator_17', 'generator_19', 'generator_48', 'generator_49', 'generator_50', 'generator_51', 'generator_52', 'generator_53', 'generator_19', 'generator_54', 'generator_55', 'generator_56', 'generator_19', 'generator_58', 'generator_59']
number opened: 2
TRIAL 33
Action chosen: (white, white)
Outcome: False
partcle ids: ['generator_31', 'generator_32', 'generator_33', 'generator_34', 'generator_35', 'generator_36', 'generator_37', 'generator_17', 'generator_39', 'generator_40', 'generator_41', 'generator_42', 'generator_43', 'generator_44', 'generator_45', 'generator_17', 'generator_19', 'generator_48', 'generator_49', 'generator_50', 'generator_51', 'generator_52', 'generator_53', 'generator_19', 'generator_54', 'generator_55', 'generator_56', 'generator_19', 'generator_58', 'generator_59']
number opened: 2
TRIAL 34
Action chosen: (triangle, purple)
Outcome: False
partcle ids: ['generator_31', 'generator_32', 'generator_33', 'generator_34', 'generator_35', 'generator_36', 'generator_37', 'generator_17', 'generator_39', 'generator_40', 'generator_41', 'generator_42', 'generator_43', 'generator_44', 'generator_45', 'generator_17', 'generator_19', 'generator_48', 'generator_49', 'generator_50', 'generator_51', 'generator_52', 'generator_53', 'generator_19', 'generator_54', 'generator_55', 'generator_56', 'generator_19', 'generator_58', 'generator_59']
number opened: 2
TRIAL 35
Action chosen: (triangle, white)
Outcome: False
partcle ids: ['generator_31', 'generator_32', 'generator_33', 'generator_34', 'generator_35', 'generator_36', 'generator_37', 'generator_17', 'generator_39', 'generator_40', 'generator_41', 'generator_42', 'generator_43', 'generator_44', 'generator_45', 'generator_17', 'generator_19', 'generator_48', 'generator_49', 'generator_50', 'generator_51', 'generator_52', 'generator_53', 'generator_19', 'generator_54', 'generator_55', 'generator_56', 'generator_19', 'generator_58', 'generator_59']
number opened: 2
TRIAL 36
Action chosen: (green3, purple)
Outcome: True
partcle ids: ['generator_42', 'generator_61', 'generator_42', 'generator_63', 'generator_40', 'generator_65', 'generator_42', 'generator_67', 'generator_68', 'generator_69', 'generator_42', 'generator_71', 'number_match', 'generator_72', 'generator_73', 'generator_42', 'generator_69', 'generator_61', 'generator_45', 'generator_75', 'generator_42', 'generator_69', 'generator_61', 'generator_77', 'generator_78', 'generator_79', 'generator_42', 'generator_81', 'generator_72', 'generator_82']
number opened: 3
TRIAL 37
Action chosen: (orange4, white)
Outcome: True
partcle ids: ['generator_83', 'generator_84', 'generator_42', 'generator_70', 'number_match', 'generator_42', 'generator_42', 'generator_84', 'generator_42', 'number_match', 'generator_42', 'generator_86', 'generator_87', 'generator_42', 'generator_42', 'number_match', 'generator_81', 'number_match', 'generator_83', 'generator_42', 'generator_70', 'generator_84', 'generator_86', 'generator_42', 'generator_87', 'generator_42', 'generator_85', 'generator_81', 'generator_83', 'number_match']
number opened: 4
TRIAL 38
Action chosen: (white, blue)
Outcome: False
partcle ids: ['generator_83', 'generator_84', 'generator_42', 'generator_70', 'number_match', 'generator_42', 'generator_42', 'generator_84', 'generator_42', 'number_match', 'generator_42', 'generator_86', 'generator_87', 'generator_42', 'generator_42', 'number_match', 'generator_81', 'number_match', 'generator_83', 'generator_42', 'generator_70', 'generator_84', 'generator_86', 'generator_42', 'generator_87', 'generator_42', 'generator_85', 'generator_81', 'generator_83', 'number_match']
number opened: 4
TRIAL 39
Action chosen: (yellow5, blue)
Outcome: True
partcle ids: ['number_match', 'number_match', 'number_match', 'number_match', 'number_match', 'number_match', 'number_match', 'number_match', 'number_match', 'number_match', 'number_match', 'number_match', 'number_match', 'number_match', 'number_match', 'number_match', 'number_match', 'number_match', 'number_match', 'number_match', 'number_match', 'number_match', 'number_match', 'number_match', 'number_match', 'number_match', 'number_match', 'number_match', 'number_match', 'number_match']
number opened: 5
{"attempts": 39, "unique_key_box_pairs": 23, "revisit_attempts": 16, "revisit_rate": 0.42105263157894735, "attempts_before_abandoning_color_matching": 3, "color_matching_abandoned": true}
