{"Child_ID": "D005", "SoC_variant": "SoC-Gen", "theta": [19, 1], "p_gen": 0.8, "true_prior": 0.02, "run_number": 75, "seed": 4639562052843521972}
TRIAL 1
Action chosen: (red, red)
Outcome: True
partcle ids: ['generator_26', 'generator_27', 'generator_28', 'similar_color_4', 'generator_29', 'generator_30', 'generator_31', 'generator_32', 'generator_33', 'generator_34', 'generator_35', 'similar_color_4', 'generator_36', 'generator_37', 'generator_38', 'generator_39', 'generator_40', 'generator_41', 'generator_42', 'generator_43', 'generator_44', 'generator_45', 'generator_46', 'generator_47', 'generator_48', 'generator_49', 'generator_50', 'generator_51', 'generator_52', 'generator_53']
number opened: 1
TRIAL 2
Action chosen: (diamond, blue)
Outcome: False
partcle ids: ['generator_26', 'generator_27', 'generator_28', 'similar_color_4', 'generator_29', 'generator_30', 'generator_31', 'generator_32', 'generator_33', 'generator_34', 'generator_35', 'similar_color_4', 'generator_36', 'generator_37', 'generator_38', 'generator_39', 'generator_40', 'generator_41', 'generator_42', 'generator_43', 'generator_44', 'generator_45', 'generator_46', 'generator_47', 'generator_48', 'generator_49', 'generator_50', 'generator_51', 'generator_52', 'generator_53']
number opened: 1
TRIAL 3
Action chosen: (pink, pink)
Outcome: False
partcle ids: ['generator_26', 'generator_27', 'generator_28', 'similar_color_4', 'generator_29', 'generator_30', 'generator_31', 'generator_32', 'generator_33', 'generator_34', 'generator_35', 'similar_color_4', 'generator_36', 'generator_37', 'generator_38', 'generator_39', 'generator_40', 'generator_41', 'generator_42', 'generator_43', 'generator_44', 'generator_45', 'generator_46', 'generator_47', 'generator_48', 'generator_49', 'generator_50', 'generator_51', 'generator_52', 'generator_53']
number opened: 1
TRIAL 4
Action chosen: (orange4, pink)
Outcome: False
partcle ids: ['generator_26', 'generator_27', 'generator_28', 'similar_color_4', 'generator_29', 'generator_30', 'generator_31', 'generator_32', 'generator_33', 'generator_34', 'generator_35', 'similar_color_4', 'generator_36', 'generator_37', 'generator_38', 'generator_39', 'generator_40', 'generator_41', 'generator_42', 'generator_43', 'generator_44', 'generator_45', 'generator_46', 'generator_47', 'generator_48', 'generator_49', 'generator_50', 'generator_51', 'generator_52', 'generator_53']
number opened: 1
TRIAL 5
Action chosen: (orange4, white)
Outcome: True
partcle ids: ['generator_54', 'generator_55', 'generator_56', 'generator_33', 'generator_58', 'generator_59', 'generator_60', 'generator_61', 'generator_45', 'generator_62', 'generator_45', 'generator_36', 'generator_64', 'generator_65', 'generator_66', 'generator_38', 'generator_68', 'generator_69', 'generator_70', 'generator_71', 'generator_72', 'generator_73', 'generator_38', 'generator_33', 'generator_76', 'generator_77', 'generator_78', 'generator_36', 'generator_80', 'generator_81']
number opened: 2
TRIAL 6
Action chosen: (triangle, blue)
Outcome: False
partcle ids: ['generator_54', 'generator_55', 'generator_56', 'generator_33', 'generator_58', 'generator_59', 'generator_60', 'generator_61', 'generator_45', 'generator_62', 'generator_45', 'generator_36', 'generator_64', 'generator_65', 'generator_66', 'generator_38', 'generator_68', 'generator_69', 'generator_70', 'generator_71', 'generator_72', 'generator_73', 'generator_38', 'generator_33', 'generator_76', 'generator_77', 'generator_78', 'generator_36', 'generator_80', 'generator_81']
number opened: 2
TRIAL 7
Action chosen: (green3, blue)
Outcome: False
partcle ids: ['generator_54', 'generator_55', 'generator_56', 'generator_33', 'generator_58', 'generator_59', 'generator_60', 'generator_61', 'generator_45', 'generator_62', 'generator_45', 'generator_36', 'generator_64', 'generator_65', 'generator_66', 'generator_38', 'generator_68', 'generator_69', 'generator_70', 'generator_71', 'generator_72', 'generator_73', 'generator_38', 'generator_33', 'generator_76', 'generator_77', 'generator_78', 'generator_36', 'generator_80', 'generator_81']
number opened: 2
TRIAL 8
Action chosen: (purple, blue)
Outcome: False
partcle ids: ['generator_54', 'generator_55', 'generator_56', 'generator_33', 'generator_58', 'generator_59', 'generator_60', 'generator_61', 'generator_45', 'generator_62', 'generator_45', 'generator_36', 'generator_64', 'generator_65', 'generator_66', 'generator_38', 'generator_68', 'generator_69', 'generator_70', 'generator_71', 'generator_72', 'generator_73', 'generator_38', 'generator_33', 'generator_76', 'generator_77', 'generator_78', 'generator_36', 'generator_80', 'generator_81']
number opened: 2
TRIAL 9
Action chosen: (purple, purple)
Outcome: False
partcle ids: ['generator_82', 'generator_83', 'generator_65', 'generator_85', 'generator_77', 'generator_36', 'generator_78', 'generator_64', 'generator_89', 'generator_78', 'generator_91', 'generator_36', 'generator_64', 'generator_94', 'generator_95', 'generator_96', 'generator_97', 'generator_76', 'generator_64', 'generator_100', 'generator_101', 'generator_59', 'generator_103', 'generator_104', 'generator_105', 'generator_72', 'generator_107', 'generator_62', 'generator_62', 'generator_72']
number opened: 2
TRIAL 10
Action chosen: (grey2, blue)
Outcome: False
partcle ids: ['generator_82', 'generator_83', 'generator_65', 'generator_85', 'generator_77', 'generator_36', 'generator_78', 'generator_64', 'generator_89', 'generator_78', 'generator_91', 'generator_36', 'generator_64', 'generator_94', 'generator_95', 'generator_96', 'generator_97', 'generator_76', 'generator_64', 'generator_100', 'generator_101', 'generator_59', 'generator_103', 'generator_104', 'generator_105', 'generator_72', 'generator_107', 'generator_62', 'generator_62', 'generator_72']
number opened: 2
TRIAL 11
Action chosen: (heart, blue)
Outcome: False
partcle ids: ['generator_82', 'generator_83', 'generator_65', 'generator_85', 'generator_77', 'generator_36', 'generator_78', 'generator_64', 'generator_89', 'generator_78', 'generator_91', 'generator_36', 'generator_64', 'generator_94', 'generator_95', 'generator_96', 'generator_97', 'generator_76', 'generator_64', 'generator_100', 'generator_101', 'generator_59', 'generator_103', 'generator_104', 'generator_105', 'generator_72', 'generator_107', 'generator_62', 'generator_62', 'generator_72']
number opened: 2
TRIAL 12
Action chosen: (diamond, pink)
Outcome: False
partcle ids: ['generator_111', 'generator_62', 'generator_105', 'generator_91', 'generator_97', 'generator_62', 'generator_117', 'generator_105', 'generator_65', 'generator_119', 'generator_107', 'generator_121', 'generator_103', 'generator_65', 'generator_124', 'generator_83', 'generator_107', 'generator_127', 'number_match', 'generator_128', 'generator_129', 'generator_62', 'generator_131', 'generator_132', 'generator_133', 'generator_105', 'generator_107', 'generator_62', 'generator_62', 'generator_138']
number opened: 2
TRIAL 13
Action chosen: (pink, blue)
Outcome: False
partcle ids: ['generator_111', 'generator_62', 'generator_105', 'generator_91', 'generator_97', 'generator_62', 'generator_117', 'generator_105', 'generator_65', 'generator_119', 'generator_107', 'generator_121', 'generator_103', 'generator_65', 'generator_124', 'generator_83', 'generator_107', 'generator_127', 'number_match', 'generator_128', 'generator_129', 'generator_62', 'generator_131', 'generator_132', 'generator_133', 'generator_105', 'generator_107', 'generator_62', 'generator_62', 'generator_138']
number opened: 2
TRIAL 14
Action chosen: (purple, pink)
Outcome: False
partcle ids: ['generator_111', 'generator_62', 'generator_105', 'generator_91', 'generator_97', 'generator_62', 'generator_117', 'generator_105', 'generator_65', 'generator_119', 'generator_107', 'generator_121', 'generator_103', 'generator_65', 'generator_124', 'generator_83', 'generator_107', 'generator_127', 'number_match', 'generator_128', 'generator_129', 'generator_62', 'generator_131', 'generator_132', 'generator_133', 'generator_105', 'generator_107', 'generator_62', 'generator_62', 'generator_138']
number opened: 2
TRIAL 15
Action chosen: (yellow5, blue)
Outcome: True
partcle ids: ['generator_139', 'number_match', 'generator_131', 'number_match', 'generator_143', 'generator_144', 'generator_145', 'generator_146', 'generator_107', 'number_match', 'number_match', 'number_match', 'number_match', 'generator_150', 'generator_131', 'generator_151', 'generator_131', 'generator_131', 'generator_107', 'generator_107', 'generator_107', 'generator_155', 'generator_156', 'generator_155', 'generator_107', 'generator_158', 'generator_159', 'generator_107', 'generator_131', 'generator_160']
number opened: 3
TRIAL 16
Action chosen: (blue, pink)
Outcome: False
partcle ids: ['generator_139', 'number_match', 'generator_131', 'number_match', 'generator_143', 'generator_144', 'generator_145', 'generator_146', 'generator_107', 'number_match', 'number_match', 'number_match', 'number_match', 'generator_150', 'generator_131', 'generator_151', 'generator_131', 'generator_131', 'generator_107', 'generator_107', 'generator_107', 'generator_155', 'generator_156', 'generator_155', 'generator_107', 'generator_158', 'generator_159', 'generator_107', 'generator_131', 'generator_160']
number opened: 3
TRIAL 17
Action chosen: (grey2, pink)
Outcome: True
partcle ids: ['generator_139', 'generator_161', 'generator_161', 'generator_162', 'generator_163', 'generator_164', 'number_match', 'number_match', 'generator_166', 'number_match', 'generator_163', 'generator_163', 'generator_166', 'generator_166', 'generator_159', 'generator_164', 'generator_161', 'number_match', 'generator_166', 'number_match', 'generator_139', 'generator_159', 'generator_162', 'generator_163', 'generator_166', 'generator_139', 'generator_159', 'generator_161', 'generator_163', 'generator_163']
number opened: 4
TRIAL 18
Action chosen: (blue, purple)
Outcome: False
partcle ids: ['generator_139', 'generator_161', 'generator_161', 'generator_162', 'generator_163', 'generator_164', 'number_match', 'number_match', 'generator_166', 'number_match', 'generator_163', 'generator_163', 'generator_166', 'generator_166', 'generator_159', 'generator_164', 'generator_161', 'number_match', 'generator_166', 'number_match', 'generator_139', 'generator_159', 'generator_162', 'generator_163', 'generator_166', 'generator_139', 'generator_159', 'generator_161', 'generator_163', 'generator_163']
number opened: 4
TRIAL 19
Action chosen: (green3, purple)
Outcome: True
partcle ids: ['number_match', 'number_match', 'number_match', 'number_match', 'number_match', 'number_match', 'number_match', 'number_match', 'number_match', 'number_match', 'number_match', 'number_match', 'number_match', 'number_match', 'number_match', 'number_match', 'number_match', 'number_match', 'number_match', 'number_match', 'number_match', 'number_match', 'number_match', 'number_match', 'number_match', 'number_match', 'number_match', 'number_match', 'number_match', 'number_match']
number opened: 5
{"attempts": 19, "unique_key_box_pairs": 19, "revisit_attempts": 0, "revisit_rate": 0.0, "attempts_before_abandoning_color_matching": 1, "color_matching_abandoned": true}
