{"Child_ID": "D005", "SoC_variant": "SoC-Gen", "theta": [19, 1], "p_gen": 0.8, "true_prior": 0.02, "run_number": 64, "seed": 2309909430878530853}
TRIAL 1
Action chosen: (red, red)
Outcome: True
partcle ids: ['generator_23', 'generator_24', 'generator_25', 'number_match', 'similar_color_4', 'generator_26', 'number_match', 'generator_27', 'generator_28', 'number_match', 'generator_29', 'generator_30', 'generator_31', 'generator_32', 'generator_33', 'generator_34', 'generator_35', 'generator_36', 'generator_37', 'generator_38', 'generator_39', 'generator_40', 'generator_14', 'generator_41', 'generator_19', 'generator_42', 'generator_43', 'generator_44', 'generator_45', 'generator_46']
number opened: 1
TRIAL 2
Action chosen: (orange4, white)
Outcome: True
partcle ids: ['generator_47', 'generator_48', 'generator_49', 'generator_50', 'generator_51', 'generator_52', 'generator_53', 'generator_54', 'generator_55', 'generator_56', 'generator_57', 'generator_58', 'generator_59', 'generator_60', 'generator_61', 'generator_62', 'generator_63', 'generator_64', 'generator_65', 'generator_66', 'generator_67', 'generator_68', 'generator_69', 'generator_70', 'generator_71', 'generator_72', 'generator_73', 'generator_74', 'generator_75', 'generator_76']
number opened: 2
TRIAL 3
Action chosen: (blue, pink)
Outcome: False
partcle ids: ['generator_47', 'generator_48', 'generator_49', 'generator_50', 'generator_51', 'generator_52', 'generator_53', 'generator_54', 'generator_55', 'generator_56', 'generator_57', 'generator_58', 'generator_59', 'generator_60', 'generator_61', 'generator_62', 'generator_63', 'generator_64', 'generator_65', 'generator_66', 'generator_67', 'generator_68', 'generator_69', 'generator_70', 'generator_71', 'generator_72', 'generator_73', 'generator_74', 'generator_75', 'generator_76']
number opened: 2
TRIAL 4
Action chosen: (diamond, blue)
Outcome: False
partcle ids: ['generator_47', 'generator_48', 'generator_49', 'generator_50', 'generator_51', 'generator_52', 'generator_53', 'generator_54', 'generator_55', 'generator_56', 'generator_57', 'generator_58', 'generator_59', 'generator_60', 'generator_61', 'generator_62', 'generator_63', 'generator_64', 'generator_65', 'generator_66', 'generator_67', 'generator_68', 'generator_69', 'generator_70', 'generator_71', 'generator_72', 'generator_73', 'generator_74', 'generator_75', 'generator_76']
number opened: 2
TRIAL 5
Action chosen: (triangle, purple)
Outcome: False
partcle ids: ['generator_47', 'generator_48', 'generator_49', 'generator_50', 'generator_51', 'generator_52', 'generator_53', 'generator_54', 'generator_55', 'generator_56', 'generator_57', 'generator_58', 'generator_59', 'generator_60', 'generator_61', 'generator_62', 'generator_63', 'generator_64', 'generator_65', 'generator_66', 'generator_67', 'generator_68', 'generator_69', 'generator_70', 'generator_71', 'generator_72', 'generator_73', 'generator_74', 'generator_75', 'generator_76']
number opened: 2
TRIAL 6
Action chosen: (triangle, blue)
Outcome: False
partcle ids: ['generator_66', 'generator_78', 'generator_79', 'generator_80', 'generator_81', 'generator_50', 'generator_83', 'generator_84', 'generator_58', 'generator_86', 'generator_87', 'generator_88', 'generator_54', 'generator_67', 'generator_51', 'generator_91', 'generator_69', 'generator_93', 'generator_51', 'generator_66', 'generator_51', 'generator_49', 'generator_97', 'generator_98', 'generator_99', 'generator_100', 'generator_69', 'generator_69', 'generator_103', 'generator_104']
number opened: 2
TRIAL 7
Action chosen: (yellow5, purple)
Outcome: False
partcle ids: ['generator_66', 'generator_78', 'generator_79', 'generator_80', 'generator_81', 'generator_50', 'generator_83', 'generator_84', 'generator_58', 'generator_86', 'generator_87', 'generator_88', 'generator_54', 'generator_67', 'generator_51', 'generator_91', 'generator_69', 'generator_93', 'generator_51', 'generator_66', 'generator_51', 'generator_49', 'generator_97', 'generator_98', 'generator_99', 'generator_100', 'generator_69', 'generator_69', 'generator_103', 'generator_104']
number opened: 2
TRIAL 8
Action chosen: (pink, purple)
Outcome: False
partcle ids: ['generator_66', 'generator_78', 'generator_79', 'generator_80', 'generator_81', 'generator_50', 'generator_83', 'generator_84', 'generator_58', 'generator_86', 'generator_87', 'generator_88', 'generator_54', 'generator_67', 'generator_51', 'generator_91', 'generator_69', 'generator_93', 'generator_51', 'generator_66', 'generator_51', 'generator_49', 'generator_97', 'generator_98', 'generator_99', 'generator_100', 'generator_69', 'generator_69', 'generator_103', 'generator_104']
number opened: 2
TRIAL 9
Action chosen: (cloud, purple)
Outcome: False
partcle ids: ['generator_105', 'generator_80', 'generator_107', 'generator_108', 'generator_109', 'generator_110', 'generator_111', 'generator_112', 'generator_113', 'generator_67', 'generator_115', 'generator_91', 'generator_117', 'generator_118', 'generator_119', 'generator_97', 'generator_104', 'generator_97', 'generator_123', 'generator_124', 'generator_125', 'generator_126', 'generator_127', 'generator_80', 'generator_129', 'generator_130', 'generator_131', 'generator_54', 'generator_132', 'generator_133']
number opened: 2
TRIAL 10
Action chosen: (triangle, pink)
Outcome: False
partcle ids: ['generator_105', 'generator_80', 'generator_107', 'generator_108', 'generator_109', 'generator_110', 'generator_111', 'generator_112', 'generator_113', 'generator_67', 'generator_115', 'generator_91', 'generator_117', 'generator_118', 'generator_119', 'generator_97', 'generator_104', 'generator_97', 'generator_123', 'generator_124', 'generator_125', 'generator_126', 'generator_127', 'generator_80', 'generator_129', 'generator_130', 'generator_131', 'generator_54', 'generator_132', 'generator_133']
number opened: 2
TRIAL 11
Action chosen: (purple, purple)
Outcome: False
partcle ids: ['generator_105', 'generator_80', 'generator_107', 'generator_108', 'generator_109', 'generator_110', 'generator_111', 'generator_112', 'generator_113', 'generator_67', 'generator_115', 'generator_91', 'generator_117', 'generator_118', 'generator_119', 'generator_97', 'generator_104', 'generator_97', 'generator_123', 'generator_124', 'generator_125', 'generator_126', 'generator_127', 'generator_80', 'generator_129', 'generator_130', 'generator_131', 'generator_54', 'generator_132', 'generator_133']
number opened: 2
TRIAL 12
Action chosen: (diamond, purple)
Outcome: False
partcle ids: ['generator_80', 'generator_118', 'generator_110', 'generator_136', 'generator_115', 'generator_117', 'generator_110', 'generator_87', 'generator_104', 'generator_141', 'generator_115', 'generator_143', 'generator_144', 'generator_145', 'generator_91', 'generator_115', 'generator_147', 'generator_126', 'generator_104', 'generator_105', 'generator_112', 'generator_126', 'generator_115', 'generator_153', 'generator_154', 'generator_155', 'generator_105', 'generator_104', 'generator_157', 'generator_115']
number opened: 2
TRIAL 13
Action chosen: (heart, blue)
Outcome: False
partcle ids: ['generator_80', 'generator_118', 'generator_110', 'generator_136', 'generator_115', 'generator_117', 'generator_110', 'generator_87', 'generator_104', 'generator_141', 'generator_115', 'generator_143', 'generator_144', 'generator_145', 'generator_91', 'generator_115', 'generator_147', 'generator_126', 'generator_104', 'generator_105', 'generator_112', 'generator_126', 'generator_115', 'generator_153', 'generator_154', 'generator_155', 'generator_105', 'generator_104', 'generator_157', 'generator_115']
number opened: 2
TRIAL 14
Action chosen: (cloud, blue)
Outcome: False
partcle ids: ['generator_80', 'generator_118', 'generator_110', 'generator_136', 'generator_115', 'generator_117', 'generator_110', 'generator_87', 'generator_104', 'generator_141', 'generator_115', 'generator_143', 'generator_144', 'generator_145', 'generator_91', 'generator_115', 'generator_147', 'generator_126', 'generator_104', 'generator_105', 'generator_112', 'generator_126', 'generator_115', 'generator_153', 'generator_154', 'generator_155', 'generator_105', 'generator_104', 'generator_157', 'generator_115']
number opened: 2
TRIAL 15
Action chosen: (blue, purple)
Outcome: False
partcle ids: ['generator_158', 'generator_159', 'generator_112', 'generator_161', 'generator_162', 'generator_163', 'generator_164', 'generator_80', 'generator_112', 'generator_80', 'generator_147', 'generator_169', 'generator_147', 'generator_170', 'generator_147', 'generator_172', 'generator_144', 'generator_80', 'generator_126', 'generator_136', 'generator_177', 'generator_141', 'generator_80', 'generator_179', 'generator_126', 'generator_181', 'generator_112', 'generator_112', 'generator_48', 'generator_183']
number opened: 2
TRIAL 16
Action chosen: (diamond, pink)
Outcome: False
partcle ids: ['generator_158', 'generator_159', 'generator_112', 'generator_161', 'generator_162', 'generator_163', 'generator_164', 'generator_80', 'generator_112', 'generator_80', 'generator_147', 'generator_169', 'generator_147', 'generator_170', 'generator_147', 'generator_172', 'generator_144', 'generator_80', 'generator_126', 'generator_136', 'generator_177', 'generator_141', 'generator_80', 'generator_179', 'generator_126', 'generator_181', 'generator_112', 'generator_112', 'generator_48', 'generator_183']
number opened: 2
TRIAL 17
Action chosen: (heart, pink)
Outcome: False
partcle ids: ['generator_158', 'generator_159', 'generator_112', 'generator_161', 'generator_162', 'generator_163', 'generator_164', 'generator_80', 'generator_112', 'generator_80', 'generator_147', 'generator_169', 'generator_147', 'generator_170', 'generator_147', 'generator_172', 'generator_144', 'generator_80', 'generator_126', 'generator_136', 'generator_177', 'generator_141', 'generator_80', 'generator_179', 'generator_126', 'generator_181', 'generator_112', 'generator_112', 'generator_48', 'generator_183']
number opened: 2
TRIAL 18
Action chosen: (blue, blue)
Outcome: False
partcle ids: ['generator_184', 'generator_185', 'generator_186', 'generator_187', 'generator_141', 'generator_164', 'generator_190', 'generator_87', 'generator_163', 'generator_191', 'generator_141', 'generator_158', 'generator_164', 'generator_194', 'generator_195', 'generator_183', 'generator_177', 'generator_197', 'generator_158', 'generator_158', 'generator_199', 'generator_200', 'generator_201', 'generator_202', 'generator_177', 'generator_136', 'generator_205', 'generator_92', 'generator_206', 'generator_207']
number opened: 2
TRIAL 19
Action chosen: (cloud, pink)
Outcome: False
partcle ids: ['generator_184', 'generator_185', 'generator_186', 'generator_187', 'generator_141', 'generator_164', 'generator_190', 'generator_87', 'generator_163', 'generator_191', 'generator_141', 'generator_158', 'generator_164', 'generator_194', 'generator_195', 'generator_183', 'generator_177', 'generator_197', 'generator_158', 'generator_158', 'generator_199', 'generator_200', 'generator_201', 'generator_202', 'generator_177', 'generator_136', 'generator_205', 'generator_92', 'generator_206', 'generator_207']
number opened: 2
TRIAL 20
Action chosen: (white, blue)
Outcome: False
partcle ids: ['generator_184', 'generator_185', 'generator_186', 'generator_187', 'generator_141', 'generator_164', 'generator_190', 'generator_87', 'generator_163', 'generator_191', 'generator_141', 'generator_158', 'generator_164', 'generator_194', 'generator_195', 'generator_183', 'generator_177', 'generator_197', 'generator_158', 'generator_158', 'generator_199', 'generator_200', 'generator_201', 'generator_202', 'generator_177', 'generator_136', 'generator_205', 'generator_92', 'generator_206', 'generator_207']
number opened: 2
TRIAL 21
Action chosen: (green3, pink)
Outcome: False
partcle ids: ['generator_208', 'generator_191', 'generator_210', 'generator_211', 'generator_164', 'generator_207', 'generator_92', 'generator_214', 'generator_124', 'generator_98', 'generator_215', 'generator_87', 'generator_200', 'generator_202', 'generator_205', 'generator_190', 'generator_218', 'generator_92', 'generator_202', 'generator_216', 'generator_164', 'generator_222', 'generator_202', 'generator_200', 'generator_225', 'generator_226', 'generator_92', 'generator_164', 'number_match', 'generator_200']
number opened: 2
TRIAL 22
Action chosen: (cloud, purple)
Outcome: False
partcle ids: ['generator_208', 'generator_191', 'generator_210', 'generator_211', 'generator_164', 'generator_207', 'generator_92', 'generator_214', 'generator_124', 'generator_98', 'generator_215', 'generator_87', 'generator_200', 'generator_202', 'generator_205', 'generator_190', 'generator_218', 'generator_92', 'generator_202', 'generator_216', 'generator_164', 'generator_222', 'generator_202', 'generator_200', 'generator_225', 'generator_226', 'generator_92', 'generator_164', 'number_match', 'generator_200']
number opened: 2
TRIAL 23
Action chosen: (triangle, blue)
Outcome: False
partcle ids: ['generator_208', 'generator_191', 'generator_210', 'generator_211', 'generator_164', 'generator_207', 'generator_92', 'generator_214', 'generator_124', 'generator_98', 'generator_215', 'generator_87', 'generator_200', 'generator_202', 'generator_205', 'generator_190', 'generator_218', 'generator_92', 'generator_202', 'generator_216', 'generator_164', 'generator_222', 'generator_202', 'generator_200', 'generator_225', 'generator_226', 'generator_92', 'generator_164', 'number_match', 'generator_200']
number opened: 2
TRIAL 24
Action chosen: (heart, purple)
Outcome: False
partcle ids: ['generator_202', 'generator_207', 'generator_124', 'generator_231', 'generator_225', 'generator_191', 'generator_234', 'generator_235', 'generator_236', 'generator_191', 'generator_214', 'generator_207', 'generator_226', 'generator_132', 'generator_141', 'generator_240', 'generator_124', 'generator_215', 'generator_225', 'generator_222', 'number_match', 'generator_124', 'generator_215', 'generator_247', 'generator_248', 'generator_249', 'generator_218', 'generator_251', 'generator_252', 'generator_226']
number opened: 2
TRIAL 25
Action chosen: (grey2, purple)
Outcome: False
partcle ids: ['generator_202', 'generator_207', 'generator_124', 'generator_231', 'generator_225', 'generator_191', 'generator_234', 'generator_235', 'generator_236', 'generator_191', 'generator_214', 'generator_207', 'generator_226', 'generator_132', 'generator_141', 'generator_240', 'generator_124', 'generator_215', 'generator_225', 'generator_222', 'number_match', 'generator_124', 'generator_215', 'generator_247', 'generator_248', 'generator_249', 'generator_218', 'generator_251', 'generator_252', 'generator_226']
number opened: 2
TRIAL 26
Action chosen: (green3, purple)
Outcome: True
partcle ids: ['number_match', 'generator_240', 'generator_256', 'generator_207', 'generator_257', 'number_match', 'generator_258', 'generator_207', 'generator_259', 'generator_260', 'generator_261', 'generator_27', 'number_match', 'generator_260', 'generator_262', 'generator_226', 'number_match', 'generator_265', 'generator_226', 'generator_266', 'generator_207', 'number_match', 'generator_268', 'generator_269', 'generator_270', 'generator_265', 'generator_240', 'generator_207', 'generator_211', 'generator_272']
number opened: 3
TRIAL 27
Action chosen: (grey2, pink)
Outcome: True
partcle ids: ['generator_261', 'generator_259', 'generator_259', 'generator_261', 'generator_257', 'number_match', 'generator_259', 'generator_261', 'generator_259', 'generator_261', 'number_match', 'number_match', 'generator_274', 'generator_259', 'generator_257', 'number_match', 'number_match', 'generator_203', 'generator_259', 'generator_259', 'number_match', 'number_match', 'generator_257', 'generator_261', 'number_match', 'number_match', 'generator_259', 'generator_240', 'generator_261', 'generator_257']
number opened: 4
TRIAL 28
Action chosen: (yellow5, blue)
Outcome: True
partcle ids: ['number_match', 'number_match', 'number_match', 'number_match', 'number_match', 'number_match', 'number_match', 'number_match', 'number_match', 'number_match', 'number_match', 'number_match', 'number_match', 'number_match', 'number_match', 'number_match', 'number_match', 'number_match', 'number_match', 'number_match', 'number_match', 'number_match', 'number_match', 'number_match', 'number_match', 'number_match', 'number_match', 'number_match', 'number_match', 'number_match']
number opened: 5
{"attempts": 28, "unique_key_box_pairs": 26, "revisit_attempts": 2, "revisit_rate": 0.07407407407407407, "attempts_before_abandoning_color_matching": 1, "color_matching_abandoned": true}
