{"Child_ID": "D021", "SoC_variant": "SoC-Gen", "theta": [19, 1], "p_gen": 0.7, "true_prior": 0.02, "run_number": 75, "seed": 793554380780717592}
TRIAL 1
Action chosen: (red, red)
Outcome: True
partcle ids: ['generator_23', 'generator_2', 'generator_24', 'generator_25', 'generator_26', 'generator_27', 'generator_28', 'similar_color_13', 'generator_29', 'generator_30', 'generator_31', 'generator_12', 'generator_32', 'generator_33', 'generator_34', 'generator_2', 'generator_35', 'generator_36', 'generator_37', 'generator_38', 'similar_color_6', 'generator_39', 'similar_color_9', 'generator_40', 'similar_color_13', 'similar_color_14', 'generator_12', 'generator_41', 'generator_42', 'generator_43']
number opened: 1
TRIAL 2
Action chosen: (pink, pink)
Outcome: False
partcle ids: ['generator_23', 'generator_2', 'generator_24', 'generator_25', 'generator_26', 'generator_27', 'generator_28', 'similar_color_13', 'generator_29', 'generator_30', 'generator_31', 'generator_12', 'generator_32', 'generator_33', 'generator_34', 'generator_2', 'generator_35', 'generator_36', 'generator_37', 'generator_38', 'similar_color_6', 'generator_39', 'similar_color_9', 'generator_40', 'similar_color_13', 'similar_color_14', 'generator_12', 'generator_41', 'generator_42', 'generator_43']
number opened: 1
TRIAL 3
Action chosen: (diamond, purple)
Outcome: False
partcle ids: ['generator_23', 'generator_2', 'generator_24', 'generator_25', 'generator_26', 'generator_27', 'generator_28', 'similar_color_13', 'generator_29', 'generator_30', 'generator_31', 'generator_12', 'generator_32', 'generator_33', 'generator_34', 'generator_2', 'generator_35', 'generator_36', 'generator_37', 'generator_38', 'similar_color_6', 'generator_39', 'similar_color_9', 'generator_40', 'similar_color_13', 'similar_color_14', 'generator_12', 'generator_41', 'generator_42', 'generator_43']
number opened: 1
TRIAL 4
Action chosen: (blue, white)
Outcome: False
partcle ids: ['generator_44', 'generator_45', 'generator_46', 'generator_47', 'generator_39', 'generator_48', 'generator_49', 'generator_50', 'generator_27', 'generator_33', 'generator_52', 'generator_53', 'generator_54', 'generator_55', 'generator_29', 'generator_57', 'generator_58', 'generator_59', 'generator_60', 'generator_61', 'generator_43', 'generator_62', 'generator_12', 'generator_64', 'generator_24', 'generator_65', 'generator_39', 'generator_36', 'generator_66', 'generator_67']
number opened: 1
TRIAL 5
Action chosen: (white, white)
Outcome: False
partcle ids: ['generator_44', 'generator_45', 'generator_46', 'generator_47', 'generator_39', 'generator_48', 'generator_49', 'generator_50', 'generator_27', 'generator_33', 'generator_52', 'generator_53', 'generator_54', 'generator_55', 'generator_29', 'generator_57', 'generator_58', 'generator_59', 'generator_60', 'generator_61', 'generator_43', 'generator_62', 'generator_12', 'generator_64', 'generator_24', 'generator_65', 'generator_39', 'generator_36', 'generator_66', 'generator_67']
number opened: 1
TRIAL 6
Action chosen: (blue, pink)
Outcome: False
partcle ids: ['generator_44', 'generator_45', 'generator_46', 'generator_47', 'generator_39', 'generator_48', 'generator_49', 'generator_50', 'generator_27', 'generator_33', 'generator_52', 'generator_53', 'generator_54', 'generator_55', 'generator_29', 'generator_57', 'generator_58', 'generator_59', 'generator_60', 'generator_61', 'generator_43', 'generator_62', 'generator_12', 'generator_64', 'generator_24', 'generator_65', 'generator_39', 'generator_36', 'generator_66', 'generator_67']
number opened: 1
TRIAL 7
Action chosen: (orange4, purple)
Outcome: False
partcle ids: ['generator_44', 'generator_45', 'generator_46', 'generator_47', 'generator_39', 'generator_48', 'generator_49', 'generator_50', 'generator_27', 'generator_33', 'generator_52', 'generator_53', 'generator_54', 'generator_55', 'generator_29', 'generator_57', 'generator_58', 'generator_59', 'generator_60', 'generator_61', 'generator_43', 'generator_62', 'generator_12', 'generator_64', 'generator_24', 'generator_65', 'generator_39', 'generator_36', 'generator_66', 'generator_67']
number opened: 1
TRIAL 8
Action chosen: (triangle, blue)
Outcome: False
partcle ids: ['generator_45', 'generator_46', 'generator_68', 'generator_69', 'generator_49', 'generator_59', 'generator_50', 'generator_72', 'generator_27', 'generator_61', 'generator_50', 'generator_50', 'generator_76', 'generator_66', 'generator_61', 'generator_49', 'generator_78', 'generator_45', 'generator_46', 'generator_61', 'generator_61', 'generator_67', 'generator_80', 'generator_65', 'generator_81', 'generator_29', 'generator_83', 'generator_58', 'generator_50', 'generator_50']
number opened: 1
TRIAL 9
Action chosen: (cloud, pink)
Outcome: False
partcle ids: ['generator_45', 'generator_46', 'generator_68', 'generator_69', 'generator_49', 'generator_59', 'generator_50', 'generator_72', 'generator_27', 'generator_61', 'generator_50', 'generator_50', 'generator_76', 'generator_66', 'generator_61', 'generator_49', 'generator_78', 'generator_45', 'generator_46', 'generator_61', 'generator_61', 'generator_67', 'generator_80', 'generator_65', 'generator_81', 'generator_29', 'generator_83', 'generator_58', 'generator_50', 'generator_50']
number opened: 1
TRIAL 10
Action chosen: (blue, blue)
Outcome: False
partcle ids: ['generator_45', 'generator_46', 'generator_68', 'generator_69', 'generator_49', 'generator_59', 'generator_50', 'generator_72', 'generator_27', 'generator_61', 'generator_50', 'generator_50', 'generator_76', 'generator_66', 'generator_61', 'generator_49', 'generator_78', 'generator_45', 'generator_46', 'generator_61', 'generator_61', 'generator_67', 'generator_80', 'generator_65', 'generator_81', 'generator_29', 'generator_83', 'generator_58', 'generator_50', 'generator_50']
number opened: 1
TRIAL 11
Action chosen: (heart, purple)
Outcome: False
partcle ids: ['generator_46', 'generator_49', 'generator_85', 'generator_86', 'generator_87', 'generator_66', 'generator_89', 'generator_65', 'generator_69', 'generator_46', 'generator_92', 'generator_93', 'generator_94', 'generator_49', 'generator_95', 'generator_96', 'generator_49', 'generator_97', 'generator_61', 'generator_49', 'generator_99', 'generator_49', 'generator_101', 'generator_102', 'generator_72', 'generator_103', 'generator_104', 'generator_66', 'generator_106', 'generator_107']
number opened: 1
TRIAL 12
Action chosen: (yellow5, blue)
Outcome: True
partcle ids: ['generator_66', 'generator_66', 'generator_49', 'generator_111', 'generator_49', 'generator_49', 'generator_49', 'generator_115', 'generator_94', 'generator_66', 'generator_118', 'generator_49', 'generator_120', 'generator_66', 'generator_121', 'generator_49', 'generator_123', 'generator_94', 'generator_125', 'generator_66', 'generator_66', 'generator_101', 'generator_49', 'generator_49', 'generator_66', 'generator_49', 'generator_49', 'generator_66', 'generator_133', 'generator_49']
number opened: 2
TRIAL 13
Action chosen: (pink, white)
Outcome: False
partcle ids: ['generator_66', 'generator_66', 'generator_49', 'generator_111', 'generator_49', 'generator_49', 'generator_49', 'generator_115', 'generator_94', 'generator_66', 'generator_118', 'generator_49', 'generator_120', 'generator_66', 'generator_121', 'generator_49', 'generator_123', 'generator_94', 'generator_125', 'generator_66', 'generator_66', 'generator_101', 'generator_49', 'generator_49', 'generator_66', 'generator_49', 'generator_49', 'generator_66', 'generator_133', 'generator_49']
number opened: 2
TRIAL 14
Action chosen: (grey2, purple)
Outcome: False
partcle ids: ['generator_133', 'number_match', 'generator_121', 'generator_136', 'generator_120', 'generator_94', 'generator_139', 'generator_94', 'generator_141', 'generator_142', 'generator_101', 'generator_118', 'generator_145', 'generator_146', 'generator_66', 'generator_148', 'generator_118', 'generator_120', 'generator_151', 'generator_152', 'generator_133', 'generator_154', 'generator_94', 'generator_94', 'generator_157', 'generator_118', 'generator_158', 'generator_159', 'generator_111', 'generator_160']
number opened: 2
TRIAL 15
Action chosen: (orange4, white)
Outcome: True
partcle ids: ['generator_146', 'generator_118', 'generator_94', 'generator_118', 'generator_154', 'generator_165', 'generator_94', 'generator_154', 'generator_118', 'generator_154', 'generator_169', 'generator_170', 'number_match', 'generator_172', 'generator_169', 'generator_94', 'generator_94', 'generator_118', 'generator_175', 'generator_176', 'generator_177', 'generator_146', 'generator_118', 'generator_179', 'generator_118', 'number_match', 'generator_154', 'generator_111', 'generator_94', 'generator_94']
number opened: 3
TRIAL 16
Action chosen: (diamond, pink)
Outcome: False
partcle ids: ['generator_146', 'generator_118', 'generator_94', 'generator_118', 'generator_154', 'generator_165', 'generator_94', 'generator_154', 'generator_118', 'generator_154', 'generator_169', 'generator_170', 'number_match', 'generator_172', 'generator_169', 'generator_94', 'generator_94', 'generator_118', 'generator_175', 'generator_176', 'generator_177', 'generator_146', 'generator_118', 'generator_179', 'generator_118', 'number_match', 'generator_154', 'generator_111', 'generator_94', 'generator_94']
number opened: 3
TRIAL 17
Action chosen: (triangle, pink)
Outcome: False
partcle ids: ['generator_146', 'generator_118', 'generator_94', 'generator_118', 'generator_154', 'generator_165', 'generator_94', 'generator_154', 'generator_118', 'generator_154', 'generator_169', 'generator_170', 'number_match', 'generator_172', 'generator_169', 'generator_94', 'generator_94', 'generator_118', 'generator_175', 'generator_176', 'generator_177', 'generator_146', 'generator_118', 'generator_179', 'generator_118', 'number_match', 'generator_154', 'generator_111', 'generator_94', 'generator_94']
number opened: 3
TRIAL 18
Action chosen: (triangle, purple)
Outcome: False
partcle ids: ['generator_183', 'generator_175', 'generator_175', 'number_match', 'generator_186', 'generator_111', 'generator_187', 'generator_170', 'number_match', 'generator_188', 'number_match', 'generator_190', 'generator_191', 'generator_188', 'number_match', 'generator_170', 'generator_170', 'generator_193', 'generator_194', 'generator_195', 'generator_196', 'number_match', 'generator_175', 'generator_176', 'generator_188', 'generator_198', 'generator_177', 'generator_170', 'generator_199', 'generator_170']
number opened: 3
TRIAL 19
Action chosen: (grey2, pink)
Outcome: True
partcle ids: ['number_match', 'number_match', 'generator_200', 'generator_200', 'generator_198', 'number_match', 'generator_198', 'generator_163', 'generator_198', 'generator_195', 'generator_111', 'generator_200', 'number_match', 'number_match', 'generator_198', 'generator_200', 'number_match', 'number_match', 'generator_198', 'number_match', 'generator_195', 'number_match', 'generator_198', 'generator_163', 'number_match', 'number_match', 'generator_195', 'generator_200', 'number_match', 'number_match']
number opened: 4
TRIAL 20
Action chosen: (green3, purple)
Outcome: True
partcle ids: ['number_match', 'number_match', 'number_match', 'number_match', 'number_match', 'number_match', 'number_match', 'number_match', 'number_match', 'number_match', 'number_match', 'number_match', 'number_match', 'number_match', 'number_match', 'number_match', 'number_match', 'number_match', 'number_match', 'number_match', 'number_match', 'number_match', 'number_match', 'number_match', 'number_match', 'number_match', 'number_match', 'number_match', 'number_match', 'number_match']
number opened: 5
{"attempts": 20, "unique_key_box_pairs": 20, "revisit_attempts": 0, "revisit_rate": 0.0, "attempts_before_abandoning_color_matching": 2, "color_matching_abandoned": true}
