{"Child_ID": "D021", "SoC_variant": "SoC-Gen", "theta": [19, 1], "p_gen": 0.7, "true_prior": 0.02, "run_number": 26, "seed": 2743140087040788814}
TRIAL 1
Action chosen: (pink, pink)
Outcome: False
partcle ids: ['similar_color_10', 'similar_color_11', 'generator_1', 'similar_color_3', 'generator_2', 'generator_3', 'generator_4', 'generator_5', 'similar_color_7', 'generator_6', 'generator_7', 'generator_8', 'color_match', 'generator_9', 'similar_color_12', 'similar_color_2', 'similar_color_13', 'generator_10', 'similar_color_13', 'generator_11', 'generator_12', 'generator_13', 'similar_color_3', 'generator_14', 'generator_15', 'generator_16', 'similar_color_13', 'generator_17', 'generator_18', 'generator_19']
number opened: 0
TRIAL 2
Action chosen: (cloud, purple)
Outcome: False
partcle ids: ['generator_3', 'generator_20', 'generator_14', 'generator_21', 'generator_22', 'generator_14', 'generator_23', 'generator_12', 'generator_24', 'generator_25', 'generator_15', 'generator_26', 'generator_27', 'generator_28', 'generator_29', 'generator_30', 'generator_31', 'generator_12', 'generator_17', 'generator_33', 'generator_7', 'generator_34', 'generator_5', 'generator_35', 'generator_36', 'generator_37', 'generator_2', 'generator_15', 'generator_39', 'order_match']
number opened: 0
TRIAL 3
Action chosen: (heart, purple)
Outcome: False
partcle ids: ['generator_3', 'generator_20', 'generator_14', 'generator_21', 'generator_22', 'generator_14', 'generator_23', 'generator_12', 'generator_24', 'generator_25', 'generator_15', 'generator_26', 'generator_27', 'generator_28', 'generator_29', 'generator_30', 'generator_31', 'generator_12', 'generator_17', 'generator_33', 'generator_7', 'generator_34', 'generator_5', 'generator_35', 'generator_36', 'generator_37', 'generator_2', 'generator_15', 'generator_39', 'order_match']
number opened: 0
TRIAL 4
Action chosen: (purple, blue)
Outcome: False
partcle ids: ['generator_3', 'generator_20', 'generator_14', 'generator_21', 'generator_22', 'generator_14', 'generator_23', 'generator_12', 'generator_24', 'generator_25', 'generator_15', 'generator_26', 'generator_27', 'generator_28', 'generator_29', 'generator_30', 'generator_31', 'generator_12', 'generator_17', 'generator_33', 'generator_7', 'generator_34', 'generator_5', 'generator_35', 'generator_36', 'generator_37', 'generator_2', 'generator_15', 'generator_39', 'order_match']
number opened: 0
TRIAL 5
Action chosen: (pink, white)
Outcome: False
partcle ids: ['generator_40', 'generator_41', 'generator_42', 'generator_17', 'generator_30', 'generator_44', 'generator_45', 'generator_46', 'generator_30', 'generator_34', 'generator_33', 'generator_17', 'generator_49', 'generator_50', 'generator_51', 'generator_23', 'generator_36', 'generator_53', 'generator_54', 'generator_36', 'generator_30', 'generator_17', 'generator_57', 'generator_23', 'generator_28', 'generator_34', 'generator_34', 'generator_36', 'generator_60', 'generator_23']
number opened: 0
TRIAL 6
Action chosen: (white, blue)
Outcome: False
partcle ids: ['generator_40', 'generator_41', 'generator_42', 'generator_17', 'generator_30', 'generator_44', 'generator_45', 'generator_46', 'generator_30', 'generator_34', 'generator_33', 'generator_17', 'generator_49', 'generator_50', 'generator_51', 'generator_23', 'generator_36', 'generator_53', 'generator_54', 'generator_36', 'generator_30', 'generator_17', 'generator_57', 'generator_23', 'generator_28', 'generator_34', 'generator_34', 'generator_36', 'generator_60', 'generator_23']
number opened: 0
TRIAL 7
Action chosen: (triangle, purple)
Outcome: False
partcle ids: ['generator_40', 'generator_41', 'generator_42', 'generator_17', 'generator_30', 'generator_44', 'generator_45', 'generator_46', 'generator_30', 'generator_34', 'generator_33', 'generator_17', 'generator_49', 'generator_50', 'generator_51', 'generator_23', 'generator_36', 'generator_53', 'generator_54', 'generator_36', 'generator_30', 'generator_17', 'generator_57', 'generator_23', 'generator_28', 'generator_34', 'generator_34', 'generator_36', 'generator_60', 'generator_23']
number opened: 0
TRIAL 8
Action chosen: (grey2, blue)
Outcome: False
partcle ids: ['generator_53', 'generator_40', 'generator_53', 'generator_53', 'generator_50', 'generator_53', 'generator_64', 'generator_65', 'generator_66', 'generator_42', 'generator_36', 'generator_50', 'generator_69', 'generator_46', 'generator_70', 'generator_40', 'generator_72', 'generator_73', 'generator_51', 'generator_28', 'generator_74', 'generator_42', 'generator_76', 'generator_46', 'generator_77', 'generator_50', 'generator_79', 'generator_51', 'generator_80', 'generator_81']
number opened: 0
TRIAL 9
Action chosen: (red, purple)
Outcome: False
partcle ids: ['generator_53', 'generator_40', 'generator_53', 'generator_53', 'generator_50', 'generator_53', 'generator_64', 'generator_65', 'generator_66', 'generator_42', 'generator_36', 'generator_50', 'generator_69', 'generator_46', 'generator_70', 'generator_40', 'generator_72', 'generator_73', 'generator_51', 'generator_28', 'generator_74', 'generator_42', 'generator_76', 'generator_46', 'generator_77', 'generator_50', 'generator_79', 'generator_51', 'generator_80', 'generator_81']
number opened: 0
TRIAL 10
Action chosen: (blue, purple)
Outcome: False
partcle ids: ['generator_53', 'generator_40', 'generator_53', 'generator_53', 'generator_50', 'generator_53', 'generator_64', 'generator_65', 'generator_66', 'generator_42', 'generator_36', 'generator_50', 'generator_69', 'generator_46', 'generator_70', 'generator_40', 'generator_72', 'generator_73', 'generator_51', 'generator_28', 'generator_74', 'generator_42', 'generator_76', 'generator_46', 'generator_77', 'generator_50', 'generator_79', 'generator_51', 'generator_80', 'generator_81']
number opened: 0
TRIAL 11
Action chosen: (orange4, white)
Outcome: True
partcle ids: ['generator_70', 'generator_64', 'generator_42', 'generator_85', 'generator_86', 'generator_87', 'generator_42', 'generator_64', 'generator_90', 'generator_70', 'generator_92', 'generator_93', 'generator_64', 'generator_70', 'generator_70', 'generator_42', 'generator_98', 'generator_42', 'generator_42', 'generator_101', 'generator_102', 'generator_103', 'generator_104', 'generator_42', 'generator_42', 'generator_28', 'generator_107', 'generator_70', 'generator_109', 'generator_28']
number opened: 1
TRIAL 12
Action chosen: (cloud, blue)
Outcome: False
partcle ids: ['generator_70', 'generator_64', 'generator_42', 'generator_85', 'generator_86', 'generator_87', 'generator_42', 'generator_64', 'generator_90', 'generator_70', 'generator_92', 'generator_93', 'generator_64', 'generator_70', 'generator_70', 'generator_42', 'generator_98', 'generator_42', 'generator_42', 'generator_101', 'generator_102', 'generator_103', 'generator_104', 'generator_42', 'generator_42', 'generator_28', 'generator_107', 'generator_70', 'generator_109', 'generator_28']
number opened: 1
TRIAL 13
Action chosen: (triangle, red)
Outcome: False
partcle ids: ['generator_90', 'generator_112', 'generator_113', 'generator_102', 'generator_115', 'generator_64', 'generator_102', 'generator_107', 'generator_64', 'generator_90', 'generator_90', 'generator_122', 'generator_123', 'generator_64', 'generator_93', 'generator_126', 'generator_98', 'generator_107', 'generator_90', 'generator_130', 'generator_90', 'generator_64', 'generator_133', 'generator_93', 'generator_135', 'generator_64', 'generator_64', 'generator_64', 'generator_103', 'generator_64']
number opened: 1
TRIAL 14
Action chosen: (red, pink)
Outcome: False
partcle ids: ['generator_90', 'generator_112', 'generator_113', 'generator_102', 'generator_115', 'generator_64', 'generator_102', 'generator_107', 'generator_64', 'generator_90', 'generator_90', 'generator_122', 'generator_123', 'generator_64', 'generator_93', 'generator_126', 'generator_98', 'generator_107', 'generator_90', 'generator_130', 'generator_90', 'generator_64', 'generator_133', 'generator_93', 'generator_135', 'generator_64', 'generator_64', 'generator_64', 'generator_103', 'generator_64']
number opened: 1
TRIAL 15
Action chosen: (green3, pink)
Outcome: False
partcle ids: ['generator_102', 'generator_142', 'generator_112', 'generator_144', 'generator_145', 'generator_135', 'generator_147', 'generator_102', 'generator_102', 'generator_150', 'generator_151', 'generator_112', 'generator_153', 'generator_102', 'generator_122', 'generator_156', 'generator_64', 'generator_98', 'generator_159', 'generator_102', 'generator_161', 'generator_98', 'generator_102', 'generator_164', 'generator_165', 'generator_166', 'generator_112', 'generator_122', 'generator_168', 'generator_169']
number opened: 1
TRIAL 16
Action chosen: (white, purple)
Outcome: False
partcle ids: ['generator_102', 'generator_142', 'generator_112', 'generator_144', 'generator_145', 'generator_135', 'generator_147', 'generator_102', 'generator_102', 'generator_150', 'generator_151', 'generator_112', 'generator_153', 'generator_102', 'generator_122', 'generator_156', 'generator_64', 'generator_98', 'generator_159', 'generator_102', 'generator_161', 'generator_98', 'generator_102', 'generator_164', 'generator_165', 'generator_166', 'generator_112', 'generator_122', 'generator_168', 'generator_169']
number opened: 1
TRIAL 17
Action chosen: (diamond, pink)
Outcome: False
partcle ids: ['generator_102', 'generator_142', 'generator_112', 'generator_144', 'generator_145', 'generator_135', 'generator_147', 'generator_102', 'generator_102', 'generator_150', 'generator_151', 'generator_112', 'generator_153', 'generator_102', 'generator_122', 'generator_156', 'generator_64', 'generator_98', 'generator_159', 'generator_102', 'generator_161', 'generator_98', 'generator_102', 'generator_164', 'generator_165', 'generator_166', 'generator_112', 'generator_122', 'generator_168', 'generator_169']
number opened: 1
TRIAL 18
Action chosen: (purple, purple)
Outcome: False
partcle ids: ['generator_168', 'generator_171', 'generator_156', 'generator_164', 'generator_174', 'generator_156', 'generator_142', 'generator_177', 'generator_112', 'generator_178', 'generator_142', 'generator_180', 'generator_181', 'generator_182', 'generator_183', 'generator_122', 'generator_185', 'generator_122', 'generator_159', 'generator_147', 'generator_189', 'generator_156', 'generator_191', 'generator_192', 'generator_193', 'generator_164', 'generator_122', 'generator_169', 'generator_197', 'generator_198']
number opened: 1
TRIAL 19
Action chosen: (grey2, purple)
Outcome: False
partcle ids: ['generator_168', 'generator_171', 'generator_156', 'generator_164', 'generator_174', 'generator_156', 'generator_142', 'generator_177', 'generator_112', 'generator_178', 'generator_142', 'generator_180', 'generator_181', 'generator_182', 'generator_183', 'generator_122', 'generator_185', 'generator_122', 'generator_159', 'generator_147', 'generator_189', 'generator_156', 'generator_191', 'generator_192', 'generator_193', 'generator_164', 'generator_122', 'generator_169', 'generator_197', 'generator_198']
number opened: 1
TRIAL 20
Action chosen: (pink, purple)
Outcome: False
partcle ids: ['generator_168', 'generator_171', 'generator_156', 'generator_164', 'generator_174', 'generator_156', 'generator_142', 'generator_177', 'generator_112', 'generator_178', 'generator_142', 'generator_180', 'generator_181', 'generator_182', 'generator_183', 'generator_122', 'generator_185', 'generator_122', 'generator_159', 'generator_147', 'generator_189', 'generator_156', 'generator_191', 'generator_192', 'generator_193', 'generator_164', 'generator_122', 'generator_169', 'generator_197', 'generator_198']
number opened: 1
TRIAL 21
Action chosen: (green3, purple)
Outcome: True
partcle ids: ['generator_199', 'generator_200', 'generator_201', 'generator_164', 'generator_164', 'generator_204', 'generator_205', 'generator_206', 'generator_207', 'generator_208', 'generator_209', 'generator_210', 'generator_211', 'generator_212', 'generator_213', 'generator_214', 'generator_215', 'generator_216', 'generator_217', 'generator_218', 'generator_164', 'generator_220', 'generator_221', 'generator_222', 'generator_223', 'generator_164', 'generator_225', 'generator_226', 'generator_164', 'generator_228']
number opened: 2
TRIAL 22
Action chosen: (red, red)
Outcome: True
partcle ids: ['generator_164', 'generator_230', 'generator_231', 'generator_232', 'generator_232', 'generator_233', 'generator_234', 'generator_235', 'generator_164', 'number_match', 'generator_237', 'generator_164', 'generator_164', 'generator_240', 'generator_241', 'generator_206', 'generator_164', 'generator_244', 'generator_164', 'generator_246', 'generator_247', 'generator_248', 'generator_164', 'generator_250', 'generator_251', 'generator_252', 'generator_247', 'generator_206', 'generator_164', 'generator_206']
number opened: 3
TRIAL 23
Action chosen: (white, pink)
Outcome: False
partcle ids: ['generator_164', 'generator_230', 'generator_231', 'generator_232', 'generator_232', 'generator_233', 'generator_234', 'generator_235', 'generator_164', 'number_match', 'generator_237', 'generator_164', 'generator_164', 'generator_240', 'generator_241', 'generator_206', 'generator_164', 'generator_244', 'generator_164', 'generator_246', 'generator_247', 'generator_248', 'generator_164', 'generator_250', 'generator_251', 'generator_252', 'generator_247', 'generator_206', 'generator_164', 'generator_206']
number opened: 3
TRIAL 24
Action chosen: (pink, blue)
Outcome: False
partcle ids: ['generator_254', 'generator_252', 'generator_255', 'generator_211', 'generator_252', 'generator_241', 'generator_235', 'generator_246', 'generator_244', 'generator_257', 'generator_245', 'generator_122', 'generator_258', 'generator_258', 'generator_259', 'generator_252', 'generator_240', 'generator_236', 'generator_241', 'generator_246', 'generator_261', 'generator_244', 'number_match', 'generator_263', 'generator_248', 'generator_264', 'generator_265', 'generator_266', 'generator_241', 'generator_267']
number opened: 3
TRIAL 25
Action chosen: (yellow5, blue)
Outcome: True
partcle ids: ['generator_258', 'generator_268', 'generator_265', 'number_match', 'generator_255', 'generator_255', 'generator_255', 'generator_234', 'generator_234', 'number_match', 'number_match', 'generator_241', 'generator_234', 'generator_258', 'generator_269', 'generator_270', 'generator_234', 'generator_258', 'generator_270', 'generator_255', 'generator_255', 'generator_255', 'generator_258', 'generator_234', 'number_match', 'generator_255', 'number_match', 'generator_270', 'number_match', 'generator_241']
number opened: 4
TRIAL 26
Action chosen: (blue, pink)
Outcome: False
partcle ids: ['generator_258', 'generator_268', 'generator_265', 'number_match', 'generator_255', 'generator_255', 'generator_255', 'generator_234', 'generator_234', 'number_match', 'number_match', 'generator_241', 'generator_234', 'generator_258', 'generator_269', 'generator_270', 'generator_234', 'generator_258', 'generator_270', 'generator_255', 'generator_255', 'generator_255', 'generator_258', 'generator_234', 'number_match', 'generator_255', 'number_match', 'generator_270', 'number_match', 'generator_241']
number opened: 4
TRIAL 27
Action chosen: (grey2, pink)
Outcome: True
partcle ids: ['number_match', 'number_match', 'number_match', 'number_match', 'number_match', 'number_match', 'number_match', 'number_match', 'number_match', 'number_match', 'number_match', 'number_match', 'number_match', 'number_match', 'number_match', 'number_match', 'number_match', 'number_match', 'number_match', 'number_match', 'number_match', 'number_match', 'number_match', 'number_match', 'number_match', 'number_match', 'number_match', 'number_match', 'number_match', 'number_match']
number opened: 5
{"attempts": 27, "unique_key_box_pairs": 27, "revisit_attempts": 0, "revisit_rate": 0.0, "attempts_before_abandoning_color_matching": 1, "color_matching_abandoned": true}
