{"Child_ID": "D021", "SoC_variant": "SoC-Gen", "theta": [19, 1], "p_gen": 0.7, "true_prior": 0.02, "run_number": 10, "seed": 17624718401316605}
TRIAL 1
Action chosen: (purple, purple)
Outcome: False
partcle ids: ['generator_1', 'generator_2', 'generator_3', 'generator_4', 'generator_5', 'generator_6', 'generator_7', 'generator_8', 'generator_9', 'generator_10', 'generator_11', 'generator_12', 'generator_13', 'generator_14', 'similar_color_2', 'generator_15', 'shape_match', 'generator_16', 'generator_17', 'similar_color_3', 'generator_18', 'similar_color_14', 'generator_19', 'similar_color_13', 'generator_20', 'generator_21', 'generator_22', 'generator_23', 'generator_24', 'similar_color_2']
number opened: 0
TRIAL 2
Action chosen: (yellow5, blue)
Outcome: True
partcle ids: ['generator_25', 'generator_26', 'generator_27', 'generator_28', 'generator_29', 'generator_30', 'generator_31', 'generator_32', 'generator_33', 'generator_13', 'generator_35', 'generator_36', 'generator_37', 'generator_38', 'generator_39', 'generator_40', 'generator_41', 'generator_42', 'generator_43', 'generator_44', 'generator_45', 'generator_46', 'generator_47', 'generator_48', 'generator_49', 'generator_50', 'generator_51', 'generator_52', 'generator_53', 'generator_54']
number opened: 1
TRIAL 3
Action chosen: (white, purple)
Outcome: False
partcle ids: ['generator_25', 'generator_26', 'generator_27', 'generator_28', 'generator_29', 'generator_30', 'generator_31', 'generator_32', 'generator_33', 'generator_13', 'generator_35', 'generator_36', 'generator_37', 'generator_38', 'generator_39', 'generator_40', 'generator_41', 'generator_42', 'generator_43', 'generator_44', 'generator_45', 'generator_46', 'generator_47', 'generator_48', 'generator_49', 'generator_50', 'generator_51', 'generator_52', 'generator_53', 'generator_54']
number opened: 1
TRIAL 4
Action chosen: (green3, purple)
Outcome: True
partcle ids: ['generator_55', 'generator_56', 'generator_57', 'generator_58', 'generator_59', 'generator_60', 'generator_61', 'generator_62', 'generator_63', 'generator_64', 'generator_65', 'generator_66', 'generator_67', 'generator_68', 'generator_69', 'generator_70', 'generator_71', 'generator_72', 'generator_73', 'generator_74', 'generator_75', 'generator_76', 'generator_77', 'generator_78', 'generator_79', 'generator_80', 'generator_81', 'generator_82', 'generator_83', 'generator_84']
number opened: 2
TRIAL 5
Action chosen: (red, white)
Outcome: False
partcle ids: ['generator_55', 'generator_56', 'generator_57', 'generator_58', 'generator_59', 'generator_60', 'generator_61', 'generator_62', 'generator_63', 'generator_64', 'generator_65', 'generator_66', 'generator_67', 'generator_68', 'generator_69', 'generator_70', 'generator_71', 'generator_72', 'generator_73', 'generator_74', 'generator_75', 'generator_76', 'generator_77', 'generator_78', 'generator_79', 'generator_80', 'generator_81', 'generator_82', 'generator_83', 'generator_84']
number opened: 2
TRIAL 6
Action chosen: (blue, pink)
Outcome: False
partcle ids: ['generator_55', 'generator_56', 'generator_57', 'generator_58', 'generator_59', 'generator_60', 'generator_61', 'generator_62', 'generator_63', 'generator_64', 'generator_65', 'generator_66', 'generator_67', 'generator_68', 'generator_69', 'generator_70', 'generator_71', 'generator_72', 'generator_73', 'generator_74', 'generator_75', 'generator_76', 'generator_77', 'generator_78', 'generator_79', 'generator_80', 'generator_81', 'generator_82', 'generator_83', 'generator_84']
number opened: 2
TRIAL 7
Action chosen: (orange4, white)
Outcome: True
partcle ids: ['generator_85', 'generator_86', 'number_match', 'generator_87', 'generator_88', 'generator_89', 'generator_56', 'generator_91', 'generator_92', 'generator_77', 'generator_80', 'generator_93', 'generator_94', 'generator_95', 'generator_80', 'generator_96', 'generator_97', 'generator_98', 'generator_56', 'generator_85', 'generator_80', 'generator_100', 'generator_101', 'generator_102', 'generator_103', 'generator_95', 'generator_98', 'generator_93', 'generator_94', 'generator_77']
number opened: 3
TRIAL 8
Action chosen: (grey2, pink)
Outcome: True
partcle ids: ['generator_105', 'generator_96', 'generator_105', 'generator_106', 'generator_96', 'generator_105', 'generator_77', 'generator_77', 'generator_107', 'generator_103', 'generator_107', 'generator_77', 'generator_105', 'generator_56', 'generator_108', 'generator_77', 'generator_106', 'generator_105', 'generator_108', 'generator_108', 'generator_108', 'generator_103', 'generator_56', 'generator_96', 'generator_108', 'generator_105', 'generator_105', 'generator_103', 'generator_77', 'generator_77']
number opened: 4
TRIAL 9
Action chosen: (pink, red)
Outcome: False
partcle ids: ['generator_105', 'generator_96', 'generator_105', 'generator_106', 'generator_96', 'generator_105', 'generator_77', 'generator_77', 'generator_107', 'generator_103', 'generator_107', 'generator_77', 'generator_105', 'generator_56', 'generator_108', 'generator_77', 'generator_106', 'generator_105', 'generator_108', 'generator_108', 'generator_108', 'generator_103', 'generator_56', 'generator_96', 'generator_108', 'generator_105', 'generator_105', 'generator_103', 'generator_77', 'generator_77']
number opened: 4
TRIAL 10
Action chosen: (diamond, red)
Outcome: False
partcle ids: ['generator_105', 'generator_96', 'generator_105', 'generator_106', 'generator_96', 'generator_105', 'generator_77', 'generator_77', 'generator_107', 'generator_103', 'generator_107', 'generator_77', 'generator_105', 'generator_56', 'generator_108', 'generator_77', 'generator_106', 'generator_105', 'generator_108', 'generator_108', 'generator_108', 'generator_103', 'generator_56', 'generator_96', 'generator_108', 'generator_105', 'generator_105', 'generator_103', 'generator_77', 'generator_77']
number opened: 4
TRIAL 11
Action chosen: (white, red)
Outcome: False
partcle ids: ['generator_103', 'generator_96', 'generator_106', 'number_match', 'number_match', 'generator_107', 'generator_103', 'generator_107', 'generator_106', 'generator_96', 'generator_106', 'generator_56', 'generator_56', 'generator_106', 'generator_107', 'generator_103', 'generator_56', 'number_match', 'generator_103', 'generator_96', 'generator_103', 'generator_103', 'generator_96', 'generator_56', 'generator_56', 'generator_96', 'generator_96', 'generator_96', 'generator_107', 'generator_96']
number opened: 4
TRIAL 12
Action chosen: (triangle, red)
Outcome: False
partcle ids: ['generator_103', 'generator_96', 'generator_106', 'number_match', 'number_match', 'generator_107', 'generator_103', 'generator_107', 'generator_106', 'generator_96', 'generator_106', 'generator_56', 'generator_56', 'generator_106', 'generator_107', 'generator_103', 'generator_56', 'number_match', 'generator_103', 'generator_96', 'generator_103', 'generator_103', 'generator_96', 'generator_56', 'generator_56', 'generator_96', 'generator_96', 'generator_96', 'generator_107', 'generator_96']
number opened: 4
TRIAL 13
Action chosen: (purple, red)
Outcome: False
partcle ids: ['generator_103', 'generator_96', 'generator_106', 'number_match', 'number_match', 'generator_107', 'generator_103', 'generator_107', 'generator_106', 'generator_96', 'generator_106', 'generator_56', 'generator_56', 'generator_106', 'generator_107', 'generator_103', 'generator_56', 'number_match', 'generator_103', 'generator_96', 'generator_103', 'generator_103', 'generator_96', 'generator_56', 'generator_56', 'generator_96', 'generator_96', 'generator_96', 'generator_107', 'generator_96']
number opened: 4
TRIAL 14
Action chosen: (blue, red)
Outcome: False
partcle ids: ['generator_106', 'number_match', 'generator_107', 'number_match', 'number_match', 'generator_56', 'number_match', 'generator_107', 'generator_106', 'generator_106', 'number_match', 'number_match', 'generator_107', 'generator_107', 'generator_106', 'number_match', 'generator_107', 'generator_106', 'generator_103', 'generator_106', 'generator_106', 'number_match', 'generator_107', 'number_match', 'generator_106', 'generator_107', 'generator_107', 'generator_106', 'generator_107', 'generator_107']
number opened: 4
TRIAL 15
Action chosen: (cloud, red)
Outcome: False
partcle ids: ['generator_106', 'number_match', 'generator_107', 'number_match', 'number_match', 'generator_56', 'number_match', 'generator_107', 'generator_106', 'generator_106', 'number_match', 'number_match', 'generator_107', 'generator_107', 'generator_106', 'number_match', 'generator_107', 'generator_106', 'generator_103', 'generator_106', 'generator_106', 'number_match', 'generator_107', 'number_match', 'generator_106', 'generator_107', 'generator_107', 'generator_106', 'generator_107', 'generator_107']
number opened: 4
TRIAL 16
Action chosen: (red, red)
Outcome: True
partcle ids: ['number_match', 'number_match', 'number_match', 'number_match', 'number_match', 'number_match', 'number_match', 'number_match', 'number_match', 'number_match', 'number_match', 'number_match', 'number_match', 'number_match', 'number_match', 'number_match', 'number_match', 'number_match', 'number_match', 'number_match', 'number_match', 'number_match', 'number_match', 'number_match', 'number_match', 'number_match', 'number_match', 'number_match', 'number_match', 'number_match']
number opened: 5
{"attempts": 16, "unique_key_box_pairs": 16, "revisit_attempts": 0, "revisit_rate": 0.0, "attempts_before_abandoning_color_matching": 1, "color_matching_abandoned": true}
