{"Child_ID": "D061", "SoC_variant": "SoC-Full", "theta": [9, 1], "p_gen": 0.8, "true_prior": 0.02, "run_number": 55, "seed": 822425596729355117}
TRIAL 1
Action chosen: (purple, purple)
Outcome: False
partcle ids: ['generator_1', 'similar_color_1', 'generator_2', 'generator_3', 'generator_4', 'generator_5', 'generator_6', 'similar_color_9', 'similar_color_5', 'generator_7', 'generator_8', 'generator_9', 'generator_10', 'generator_11', 'generator_12', 'generator_13', 'shape_match', 'generator_14', 'generator_15', 'generator_16', 'generator_17', 'generator_18', 'generator_19', 'generator_20', 'generator_21', 'similar_color_2', 'generator_22', 'generator_23', 'similar_color_8', 'generator_24']
number opened: 0
TRIAL 2
Action chosen: (cloud, pink)
Outcome: False
partcle ids: ['generator_1', 'similar_color_1', 'generator_2', 'generator_3', 'generator_4', 'generator_5', 'generator_6', 'similar_color_9', 'similar_color_5', 'generator_7', 'generator_8', 'generator_9', 'generator_10', 'generator_11', 'generator_12', 'generator_13', 'shape_match', 'generator_14', 'generator_15', 'generator_16', 'generator_17', 'generator_18', 'generator_19', 'generator_20', 'generator_21', 'similar_color_2', 'generator_22', 'generator_23', 'similar_color_8', 'generator_24']
number opened: 0
TRIAL 3
Action chosen: (white, purple)
Outcome: False
partcle ids: ['generator_1', 'similar_color_1', 'generator_2', 'generator_3', 'generator_4', 'generator_5', 'generator_6', 'similar_color_9', 'similar_color_5', 'generator_7', 'generator_8', 'generator_9', 'generator_10', 'generator_11', 'generator_12', 'generator_13', 'shape_match', 'generator_14', 'generator_15', 'generator_16', 'generator_17', 'generator_18', 'generator_19', 'generator_20', 'generator_21', 'similar_color_2', 'generator_22', 'generator_23', 'similar_color_8', 'generator_24']
number opened: 0
TRIAL 4
Action chosen: (pink, pink)
Outcome: False
partcle ids: ['generator_17', 'generator_25', 'generator_26', 'generator_27', 'generator_28', 'generator_29', 'generator_30', 'generator_31', 'generator_21', 'generator_4', 'generator_33', 'generator_34', 'generator_35', 'generator_36', 'generator_37', 'generator_22', 'generator_38', 'generator_39', 'generator_14', 'generator_40', 'generator_23', 'generator_41', 'generator_42', 'generator_43', 'generator_44', 'generator_1', 'generator_46', 'generator_47', 'generator_48', 'generator_13']
number opened: 0
TRIAL 5
Action chosen: (red, pink)
Outcome: False
partcle ids: ['generator_17', 'generator_25', 'generator_26', 'generator_27', 'generator_28', 'generator_29', 'generator_30', 'generator_31', 'generator_21', 'generator_4', 'generator_33', 'generator_34', 'generator_35', 'generator_36', 'generator_37', 'generator_22', 'generator_38', 'generator_39', 'generator_14', 'generator_40', 'generator_23', 'generator_41', 'generator_42', 'generator_43', 'generator_44', 'generator_1', 'generator_46', 'generator_47', 'generator_48', 'generator_13']
number opened: 0
TRIAL 6
Action chosen: (diamond, pink)
Outcome: False
partcle ids: ['generator_17', 'generator_25', 'generator_26', 'generator_27', 'generator_28', 'generator_29', 'generator_30', 'generator_31', 'generator_21', 'generator_4', 'generator_33', 'generator_34', 'generator_35', 'generator_36', 'generator_37', 'generator_22', 'generator_38', 'generator_39', 'generator_14', 'generator_40', 'generator_23', 'generator_41', 'generator_42', 'generator_43', 'generator_44', 'generator_1', 'generator_46', 'generator_47', 'generator_48', 'generator_13']
number opened: 0
TRIAL 7
Action chosen: (purple, blue)
Outcome: False
partcle ids: ['generator_17', 'generator_25', 'generator_26', 'generator_27', 'generator_28', 'generator_29', 'generator_30', 'generator_31', 'generator_21', 'generator_4', 'generator_33', 'generator_34', 'generator_35', 'generator_36', 'generator_37', 'generator_22', 'generator_38', 'generator_39', 'generator_14', 'generator_40', 'generator_23', 'generator_41', 'generator_42', 'generator_43', 'generator_44', 'generator_1', 'generator_46', 'generator_47', 'generator_48', 'generator_13']
number opened: 0
TRIAL 8
Action chosen: (orange4, blue)
Outcome: False
partcle ids: ['generator_17', 'generator_25', 'generator_26', 'generator_27', 'generator_28', 'generator_29', 'generator_30', 'generator_31', 'generator_21', 'generator_4', 'generator_33', 'generator_34', 'generator_35', 'generator_36', 'generator_37', 'generator_22', 'generator_38', 'generator_39', 'generator_14', 'generator_40', 'generator_23', 'generator_41', 'generator_42', 'generator_43', 'generator_44', 'generator_1', 'generator_46', 'generator_47', 'generator_48', 'generator_13']
number opened: 0
TRIAL 9
Action chosen: (diamond, purple)
Outcome: False
partcle ids: ['generator_49', 'generator_28', 'generator_51', 'generator_41', 'generator_38', 'generator_53', 'generator_54', 'generator_55', 'generator_56', 'generator_57', 'generator_58', 'generator_59', 'generator_60', 'generator_36', 'generator_28', 'generator_63', 'generator_64', 'generator_23', 'generator_35', 'generator_29', 'generator_34', 'generator_29', 'generator_34', 'generator_35', 'generator_21', 'generator_72', 'generator_28', 'generator_25', 'generator_73', 'generator_74']
number opened: 0
TRIAL 10
Action chosen: (grey2, white)
Outcome: False
partcle ids: ['generator_49', 'generator_28', 'generator_51', 'generator_41', 'generator_38', 'generator_53', 'generator_54', 'generator_55', 'generator_56', 'generator_57', 'generator_58', 'generator_59', 'generator_60', 'generator_36', 'generator_28', 'generator_63', 'generator_64', 'generator_23', 'generator_35', 'generator_29', 'generator_34', 'generator_29', 'generator_34', 'generator_35', 'generator_21', 'generator_72', 'generator_28', 'generator_25', 'generator_73', 'generator_74']
number opened: 0
TRIAL 11
Action chosen: (orange4, pink)
Outcome: False
partcle ids: ['generator_49', 'generator_28', 'generator_51', 'generator_41', 'generator_38', 'generator_53', 'generator_54', 'generator_55', 'generator_56', 'generator_57', 'generator_58', 'generator_59', 'generator_60', 'generator_36', 'generator_28', 'generator_63', 'generator_64', 'generator_23', 'generator_35', 'generator_29', 'generator_34', 'generator_29', 'generator_34', 'generator_35', 'generator_21', 'generator_72', 'generator_28', 'generator_25', 'generator_73', 'generator_74']
number opened: 0
TRIAL 12
Action chosen: (orange4, white)
Outcome: True
partcle ids: ['generator_75', 'generator_28', 'generator_77', 'generator_28', 'generator_79', 'generator_80', 'generator_81', 'generator_82', 'generator_83', 'generator_84', 'generator_28', 'generator_28', 'generator_87', 'generator_28', 'generator_89', 'generator_90', 'generator_91', 'generator_92', 'generator_87', 'generator_93', 'generator_94', 'generator_95', 'generator_96', 'generator_28', 'generator_98', 'generator_99', 'generator_100', 'generator_28', 'generator_102', 'generator_103']
number opened: 1
TRIAL 13
Action chosen: (heart, pink)
Outcome: False
partcle ids: ['generator_75', 'generator_28', 'generator_77', 'generator_28', 'generator_79', 'generator_80', 'generator_81', 'generator_82', 'generator_83', 'generator_84', 'generator_28', 'generator_28', 'generator_87', 'generator_28', 'generator_89', 'generator_90', 'generator_91', 'generator_92', 'generator_87', 'generator_93', 'generator_94', 'generator_95', 'generator_96', 'generator_28', 'generator_98', 'generator_99', 'generator_100', 'generator_28', 'generator_102', 'generator_103']
number opened: 1
TRIAL 14
Action chosen: (heart, red)
Outcome: False
partcle ids: ['generator_75', 'generator_28', 'generator_77', 'generator_28', 'generator_79', 'generator_80', 'generator_81', 'generator_82', 'generator_83', 'generator_84', 'generator_28', 'generator_28', 'generator_87', 'generator_28', 'generator_89', 'generator_90', 'generator_91', 'generator_92', 'generator_87', 'generator_93', 'generator_94', 'generator_95', 'generator_96', 'generator_28', 'generator_98', 'generator_99', 'generator_100', 'generator_28', 'generator_102', 'generator_103']
number opened: 1
TRIAL 15
Action chosen: (yellow5, pink)
Outcome: False
partcle ids: ['generator_75', 'generator_28', 'generator_77', 'generator_28', 'generator_79', 'generator_80', 'generator_81', 'generator_82', 'generator_83', 'generator_84', 'generator_28', 'generator_28', 'generator_87', 'generator_28', 'generator_89', 'generator_90', 'generator_91', 'generator_92', 'generator_87', 'generator_93', 'generator_94', 'generator_95', 'generator_96', 'generator_28', 'generator_98', 'generator_99', 'generator_100', 'generator_28', 'generator_102', 'generator_103']
number opened: 1
TRIAL 16
Action chosen: (green3, purple)
Outcome: True
partcle ids: ['generator_104', 'generator_105', 'generator_80', 'generator_107', 'generator_108', 'generator_81', 'generator_81', 'generator_80', 'generator_81', 'generator_80', 'generator_114', 'generator_115', 'generator_80', 'generator_117', 'generator_118', 'generator_119', 'generator_80', 'generator_121', 'generator_81', 'generator_80', 'generator_80', 'generator_125', 'generator_126', 'generator_81', 'generator_128', 'generator_81', 'generator_80', 'generator_80', 'generator_131', 'generator_81']
number opened: 2
TRIAL 17
Action chosen: (triangle, red)
Outcome: False
partcle ids: ['generator_104', 'generator_105', 'generator_80', 'generator_107', 'generator_108', 'generator_81', 'generator_81', 'generator_80', 'generator_81', 'generator_80', 'generator_114', 'generator_115', 'generator_80', 'generator_117', 'generator_118', 'generator_119', 'generator_80', 'generator_121', 'generator_81', 'generator_80', 'generator_80', 'generator_125', 'generator_126', 'generator_81', 'generator_128', 'generator_81', 'generator_80', 'generator_80', 'generator_131', 'generator_81']
number opened: 2
TRIAL 18
Action chosen: (triangle, pink)
Outcome: False
partcle ids: ['generator_80', 'generator_134', 'generator_135', 'generator_136', 'generator_137', 'generator_118', 'generator_118', 'generator_118', 'generator_141', 'generator_142', 'generator_114', 'generator_126', 'generator_145', 'generator_146', 'generator_115', 'generator_148', 'generator_149', 'generator_118', 'generator_151', 'generator_152', 'generator_125', 'generator_128', 'generator_155', 'generator_115', 'generator_115', 'generator_158', 'generator_159', 'generator_80', 'generator_161', 'generator_162']
number opened: 2
TRIAL 19
Action chosen: (white, pink)
Outcome: False
partcle ids: ['generator_80', 'generator_134', 'generator_135', 'generator_136', 'generator_137', 'generator_118', 'generator_118', 'generator_118', 'generator_141', 'generator_142', 'generator_114', 'generator_126', 'generator_145', 'generator_146', 'generator_115', 'generator_148', 'generator_149', 'generator_118', 'generator_151', 'generator_152', 'generator_125', 'generator_128', 'generator_155', 'generator_115', 'generator_115', 'generator_158', 'generator_159', 'generator_80', 'generator_161', 'generator_162']
number opened: 2
TRIAL 20
Action chosen: (blue, pink)
Outcome: False
partcle ids: ['generator_80', 'generator_134', 'generator_135', 'generator_136', 'generator_137', 'generator_118', 'generator_118', 'generator_118', 'generator_141', 'generator_142', 'generator_114', 'generator_126', 'generator_145', 'generator_146', 'generator_115', 'generator_148', 'generator_149', 'generator_118', 'generator_151', 'generator_152', 'generator_125', 'generator_128', 'generator_155', 'generator_115', 'generator_115', 'generator_158', 'generator_159', 'generator_80', 'generator_161', 'generator_162']
number opened: 2
TRIAL 21
Action chosen: (yellow5, red)
Outcome: False
partcle ids: ['generator_80', 'generator_134', 'generator_135', 'generator_136', 'generator_137', 'generator_118', 'generator_118', 'generator_118', 'generator_141', 'generator_142', 'generator_114', 'generator_126', 'generator_145', 'generator_146', 'generator_115', 'generator_148', 'generator_149', 'generator_118', 'generator_151', 'generator_152', 'generator_125', 'generator_128', 'generator_155', 'generator_115', 'generator_115', 'generator_158', 'generator_159', 'generator_80', 'generator_161', 'generator_162']
number opened: 2
TRIAL 22
Action chosen: (grey2, red)
Outcome: False
partcle ids: ['generator_163', 'generator_164', 'generator_165', 'generator_137', 'generator_167', 'generator_168', 'generator_169', 'generator_149', 'generator_170', 'generator_171', 'generator_172', 'generator_115', 'generator_174', 'generator_157', 'generator_175', 'generator_176', 'generator_145', 'generator_145', 'generator_178', 'generator_179', 'generator_180', 'generator_181', 'generator_107', 'generator_182', 'generator_183', 'generator_149', 'generator_184', 'generator_185', 'generator_145', 'generator_186']
number opened: 2
TRIAL 23
Action chosen: (purple, pink)
Outcome: False
partcle ids: ['generator_163', 'generator_164', 'generator_165', 'generator_137', 'generator_167', 'generator_168', 'generator_169', 'generator_149', 'generator_170', 'generator_171', 'generator_172', 'generator_115', 'generator_174', 'generator_157', 'generator_175', 'generator_176', 'generator_145', 'generator_145', 'generator_178', 'generator_179', 'generator_180', 'generator_181', 'generator_107', 'generator_182', 'generator_183', 'generator_149', 'generator_184', 'generator_185', 'generator_145', 'generator_186']
number opened: 2
TRIAL 24
Action chosen: (pink, red)
Outcome: False
partcle ids: ['generator_163', 'generator_164', 'generator_165', 'generator_137', 'generator_167', 'generator_168', 'generator_169', 'generator_149', 'generator_170', 'generator_171', 'generator_172', 'generator_115', 'generator_174', 'generator_157', 'generator_175', 'generator_176', 'generator_145', 'generator_145', 'generator_178', 'generator_179', 'generator_180', 'generator_181', 'generator_107', 'generator_182', 'generator_183', 'generator_149', 'generator_184', 'generator_185', 'generator_145', 'generator_186']
number opened: 2
TRIAL 25
Action chosen: (white, pink)
Outcome: False
partcle ids: ['generator_163', 'generator_164', 'generator_165', 'generator_137', 'generator_167', 'generator_168', 'generator_169', 'generator_149', 'generator_170', 'generator_171', 'generator_172', 'generator_115', 'generator_174', 'generator_157', 'generator_175', 'generator_176', 'generator_145', 'generator_145', 'generator_178', 'generator_179', 'generator_180', 'generator_181', 'generator_107', 'generator_182', 'generator_183', 'generator_149', 'generator_184', 'generator_185', 'generator_145', 'generator_186']
number opened: 2
TRIAL 26
Action chosen: (grey2, blue)
Outcome: False
partcle ids: ['generator_163', 'generator_164', 'generator_165', 'generator_137', 'generator_167', 'generator_168', 'generator_169', 'generator_149', 'generator_170', 'generator_171', 'generator_172', 'generator_115', 'generator_174', 'generator_157', 'generator_175', 'generator_176', 'generator_145', 'generator_145', 'generator_178', 'generator_179', 'generator_180', 'generator_181', 'generator_107', 'generator_182', 'generator_183', 'generator_149', 'generator_184', 'generator_185', 'generator_145', 'generator_186']
number opened: 2
TRIAL 27
Action chosen: (cloud, blue)
Outcome: False
partcle ids: ['generator_187', 'generator_188', 'generator_154', 'generator_189', 'generator_190', 'generator_171', 'generator_192', 'generator_193', 'number_match', 'generator_194', 'generator_195', 'generator_196', 'generator_197', 'generator_198', 'generator_186', 'generator_81', 'generator_200', 'generator_169', 'generator_201', 'generator_169', 'generator_203', 'generator_204', 'generator_168', 'generator_186', 'generator_207', 'generator_208', 'generator_209', 'generator_178', 'generator_168', 'generator_212']
number opened: 2
TRIAL 28
Action chosen: (grey2, pink)
Outcome: True
partcle ids: ['generator_213', 'generator_214', 'generator_187', 'generator_216', 'generator_217', 'generator_218', 'generator_219', 'generator_220', 'generator_203', 'generator_187', 'generator_195', 'generator_223', 'generator_224', 'generator_189', 'generator_203', 'generator_187', 'generator_195', 'generator_227', 'generator_228', 'generator_203', 'generator_230', 'generator_187', 'generator_231', 'generator_195', 'generator_232', 'generator_187', 'generator_233', 'generator_220', 'generator_187', 'generator_208']
number opened: 3
TRIAL 29
Action chosen: (heart, blue)
Outcome: False
partcle ids: ['generator_213', 'generator_214', 'generator_187', 'generator_216', 'generator_217', 'generator_218', 'generator_219', 'generator_220', 'generator_203', 'generator_187', 'generator_195', 'generator_223', 'generator_224', 'generator_189', 'generator_203', 'generator_187', 'generator_195', 'generator_227', 'generator_228', 'generator_203', 'generator_230', 'generator_187', 'generator_231', 'generator_195', 'generator_232', 'generator_187', 'generator_233', 'generator_220', 'generator_187', 'generator_208']
number opened: 3
TRIAL 30
Action chosen: (blue, red)
Outcome: False
partcle ids: ['generator_213', 'generator_214', 'generator_187', 'generator_216', 'generator_217', 'generator_218', 'generator_219', 'generator_220', 'generator_203', 'generator_187', 'generator_195', 'generator_223', 'generator_224', 'generator_189', 'generator_203', 'generator_187', 'generator_195', 'generator_227', 'generator_228', 'generator_203', 'generator_230', 'generator_187', 'generator_231', 'generator_195', 'generator_232', 'generator_187', 'generator_233', 'generator_220', 'generator_187', 'generator_208']
number opened: 3
TRIAL 31
Action chosen: (pink, red)
Outcome: False
partcle ids: ['generator_213', 'generator_214', 'generator_187', 'generator_216', 'generator_217', 'generator_218', 'generator_219', 'generator_220', 'generator_203', 'generator_187', 'generator_195', 'generator_223', 'generator_224', 'generator_189', 'generator_203', 'generator_187', 'generator_195', 'generator_227', 'generator_228', 'generator_203', 'generator_230', 'generator_187', 'generator_231', 'generator_195', 'generator_232', 'generator_187', 'generator_233', 'generator_220', 'generator_187', 'generator_208']
number opened: 3
TRIAL 32
Action chosen: (cloud, red)
Outcome: False
partcle ids: ['generator_223', 'generator_236', 'generator_237', 'generator_238', 'generator_224', 'number_match', 'generator_239', 'generator_223', 'generator_231', 'generator_233', 'generator_230', 'generator_240', 'generator_231', 'generator_230', 'generator_231', 'generator_242', 'generator_230', 'generator_219', 'generator_235', 'generator_233', 'generator_244', 'generator_219', 'generator_246', 'generator_247', 'generator_233', 'generator_232', 'generator_233', 'generator_216', 'generator_249', 'generator_213']
number opened: 3
TRIAL 33
Action chosen: (pink, blue)
Outcome: False
partcle ids: ['generator_223', 'generator_236', 'generator_237', 'generator_238', 'generator_224', 'number_match', 'generator_239', 'generator_223', 'generator_231', 'generator_233', 'generator_230', 'generator_240', 'generator_231', 'generator_230', 'generator_231', 'generator_242', 'generator_230', 'generator_219', 'generator_235', 'generator_233', 'generator_244', 'generator_219', 'generator_246', 'generator_247', 'generator_233', 'generator_232', 'generator_233', 'generator_216', 'generator_249', 'generator_213']
number opened: 3
TRIAL 34
Action chosen: (red, blue)
Outcome: False
partcle ids: ['generator_223', 'generator_236', 'generator_237', 'generator_238', 'generator_224', 'number_match', 'generator_239', 'generator_223', 'generator_231', 'generator_233', 'generator_230', 'generator_240', 'generator_231', 'generator_230', 'generator_231', 'generator_242', 'generator_230', 'generator_219', 'generator_235', 'generator_233', 'generator_244', 'generator_219', 'generator_246', 'generator_247', 'generator_233', 'generator_232', 'generator_233', 'generator_216', 'generator_249', 'generator_213']
number opened: 3
TRIAL 35
Action chosen: (purple, red)
Outcome: False
partcle ids: ['generator_229', 'generator_216', 'generator_218', 'generator_244', 'number_match', 'generator_224', 'generator_221', 'generator_251', 'generator_230', 'generator_192', 'generator_254', 'generator_230', 'generator_255', 'generator_256', 'generator_253', 'generator_233', 'generator_257', 'generator_249', 'generator_244', 'generator_213', 'generator_233', 'generator_247', 'generator_222', 'generator_244', 'generator_216', 'generator_260', 'generator_212', 'generator_195', 'generator_224', 'generator_216']
number opened: 3
TRIAL 36
Action chosen: (red, red)
Outcome: True
partcle ids: ['number_match', 'generator_262', 'generator_263', 'number_match', 'number_match', 'number_match', 'generator_239', 'generator_264', 'generator_264', 'generator_262', 'generator_230', 'generator_230', 'generator_263', 'generator_249', 'generator_264', 'generator_262', 'generator_263', 'generator_239', 'generator_239', 'generator_249', 'generator_230', 'generator_264', 'generator_249', 'generator_253', 'generator_230', 'generator_249', 'generator_263', 'generator_216', 'number_match', 'generator_253']
number opened: 4
TRIAL 37
Action chosen: (yellow5, blue)
Outcome: True
partcle ids: ['number_match', 'number_match', 'number_match', 'number_match', 'number_match', 'number_match', 'number_match', 'number_match', 'number_match', 'number_match', 'number_match', 'number_match', 'number_match', 'number_match', 'number_match', 'number_match', 'number_match', 'number_match', 'number_match', 'number_match', 'number_match', 'number_match', 'number_match', 'number_match', 'number_match', 'number_match', 'number_match', 'number_match', 'number_match', 'number_match']
number opened: 5
{"attempts": 37, "unique_key_box_pairs": 35, "revisit_attempts": 2, "revisit_rate": 0.05555555555555555, "attempts_before_abandoning_color_matching": 1, "color_matching_abandoned": true}
