{"Child_ID": "D061", "SoC_variant": "SoC-Full", "theta": [9, 1], "p_gen": 0.8, "true_prior": 0.02, "run_number": 40, "seed": 985235011795966228}
TRIAL 1
Action chosen: (pink, pink)
Outcome: False
partcle ids: ['similar_color_2', 'generator_1', 'generator_2', 'generator_3', 'similar_color_1', 'order_match', 'generator_4', 'generator_5', 'generator_6', 'generator_7', 'generator_8', 'color_match', 'similar_color_7', 'generator_9', 'generator_10', 'generator_11', 'generator_12', 'generator_13', 'generator_14', 'generator_15', 'similar_color_2', 'generator_16', 'similar_color_10', 'similar_color_2', 'number_match', 'generator_17', 'generator_18', 'generator_19', 'generator_20', 'generator_21']
number opened: 0
TRIAL 2
Action chosen: (yellow5, purple)
Outcome: False
partcle ids: ['similar_color_2', 'generator_1', 'generator_2', 'generator_3', 'similar_color_1', 'order_match', 'generator_4', 'generator_5', 'generator_6', 'generator_7', 'generator_8', 'color_match', 'similar_color_7', 'generator_9', 'generator_10', 'generator_11', 'generator_12', 'generator_13', 'generator_14', 'generator_15', 'similar_color_2', 'generator_16', 'similar_color_10', 'similar_color_2', 'number_match', 'generator_17', 'generator_18', 'generator_19', 'generator_20', 'generator_21']
number opened: 0
TRIAL 3
Action chosen: (grey2, pink)
Outcome: True
partcle ids: ['generator_22', 'generator_23', 'generator_24', 'generator_25', 'generator_26', 'generator_27', 'generator_28', 'order_match', 'generator_29', 'generator_30', 'generator_31', 'generator_32', 'generator_33', 'generator_34', 'generator_35', 'generator_36', 'generator_37', 'generator_38', 'generator_39', 'generator_40', 'generator_41', 'generator_42', 'generator_43', 'generator_44', 'generator_45', 'generator_46', 'generator_47', 'generator_48', 'generator_49', 'generator_50']
number opened: 1
TRIAL 4
Action chosen: (cloud, red)
Outcome: False
partcle ids: ['generator_22', 'generator_23', 'generator_24', 'generator_25', 'generator_26', 'generator_27', 'generator_28', 'order_match', 'generator_29', 'generator_30', 'generator_31', 'generator_32', 'generator_33', 'generator_34', 'generator_35', 'generator_36', 'generator_37', 'generator_38', 'generator_39', 'generator_40', 'generator_41', 'generator_42', 'generator_43', 'generator_44', 'generator_45', 'generator_46', 'generator_47', 'generator_48', 'generator_49', 'generator_50']
number opened: 1
TRIAL 5
Action chosen: (yellow5, blue)
Outcome: True
partcle ids: ['generator_40', 'generator_52', 'generator_53', 'generator_50', 'generator_54', 'generator_55', 'generator_56', 'generator_57', 'generator_58', 'generator_59', 'generator_60', 'generator_61', 'generator_62', 'generator_63', 'generator_22', 'generator_64', 'generator_65', 'generator_66', 'generator_67', 'generator_68', 'generator_69', 'generator_70', 'generator_71', 'generator_72', 'generator_73', 'generator_74', 'generator_41', 'generator_75', 'generator_41', 'generator_76']
number opened: 2
TRIAL 6
Action chosen: (purple, purple)
Outcome: False
partcle ids: ['generator_40', 'generator_52', 'generator_53', 'generator_50', 'generator_54', 'generator_55', 'generator_56', 'generator_57', 'generator_58', 'generator_59', 'generator_60', 'generator_61', 'generator_62', 'generator_63', 'generator_22', 'generator_64', 'generator_65', 'generator_66', 'generator_67', 'generator_68', 'generator_69', 'generator_70', 'generator_71', 'generator_72', 'generator_73', 'generator_74', 'generator_41', 'generator_75', 'generator_41', 'generator_76']
number opened: 2
TRIAL 7
Action chosen: (white, purple)
Outcome: False
partcle ids: ['generator_40', 'generator_52', 'generator_53', 'generator_50', 'generator_54', 'generator_55', 'generator_56', 'generator_57', 'generator_58', 'generator_59', 'generator_60', 'generator_61', 'generator_62', 'generator_63', 'generator_22', 'generator_64', 'generator_65', 'generator_66', 'generator_67', 'generator_68', 'generator_69', 'generator_70', 'generator_71', 'generator_72', 'generator_73', 'generator_74', 'generator_41', 'generator_75', 'generator_41', 'generator_76']
number opened: 2
TRIAL 8
Action chosen: (green3, purple)
Outcome: True
partcle ids: ['generator_77', 'generator_78', 'generator_79', 'generator_80', 'generator_81', 'generator_82', 'generator_83', 'generator_81', 'generator_84', 'generator_85', 'generator_67', 'generator_87', 'generator_88', 'generator_89', 'generator_90', 'generator_91', 'generator_67', 'generator_92', 'generator_93', 'generator_94', 'generator_95', 'generator_96', 'generator_97', 'generator_97', 'generator_98', 'generator_99', 'generator_100', 'generator_101', 'generator_93', 'generator_102']
number opened: 3
TRIAL 9
Action chosen: (pink, red)
Outcome: False
partcle ids: ['generator_77', 'generator_78', 'generator_79', 'generator_80', 'generator_81', 'generator_82', 'generator_83', 'generator_81', 'generator_84', 'generator_85', 'generator_67', 'generator_87', 'generator_88', 'generator_89', 'generator_90', 'generator_91', 'generator_67', 'generator_92', 'generator_93', 'generator_94', 'generator_95', 'generator_96', 'generator_97', 'generator_97', 'generator_98', 'generator_99', 'generator_100', 'generator_101', 'generator_93', 'generator_102']
number opened: 3
TRIAL 10
Action chosen: (orange4, red)
Outcome: False
partcle ids: ['generator_77', 'generator_78', 'generator_79', 'generator_80', 'generator_81', 'generator_82', 'generator_83', 'generator_81', 'generator_84', 'generator_85', 'generator_67', 'generator_87', 'generator_88', 'generator_89', 'generator_90', 'generator_91', 'generator_67', 'generator_92', 'generator_93', 'generator_94', 'generator_95', 'generator_96', 'generator_97', 'generator_97', 'generator_98', 'generator_99', 'generator_100', 'generator_101', 'generator_93', 'generator_102']
number opened: 3
TRIAL 11
Action chosen: (blue, red)
Outcome: False
partcle ids: ['generator_77', 'generator_78', 'generator_79', 'generator_80', 'generator_81', 'generator_82', 'generator_83', 'generator_81', 'generator_84', 'generator_85', 'generator_67', 'generator_87', 'generator_88', 'generator_89', 'generator_90', 'generator_91', 'generator_67', 'generator_92', 'generator_93', 'generator_94', 'generator_95', 'generator_96', 'generator_97', 'generator_97', 'generator_98', 'generator_99', 'generator_100', 'generator_101', 'generator_93', 'generator_102']
number opened: 3
TRIAL 12
Action chosen: (white, red)
Outcome: False
partcle ids: ['generator_103', 'generator_104', 'generator_67', 'generator_106', 'generator_99', 'generator_88', 'generator_89', 'generator_108', 'generator_109', 'generator_109', 'generator_67', 'generator_97', 'generator_111', 'generator_112', 'generator_113', 'generator_89', 'generator_111', 'generator_91', 'generator_67', 'generator_116', 'generator_88', 'generator_85', 'generator_67', 'generator_92', 'generator_97', 'generator_99', 'generator_118', 'generator_67', 'generator_119', 'generator_67']
number opened: 3
TRIAL 13
Action chosen: (heart, white)
Outcome: False
partcle ids: ['generator_103', 'generator_104', 'generator_67', 'generator_106', 'generator_99', 'generator_88', 'generator_89', 'generator_108', 'generator_109', 'generator_109', 'generator_67', 'generator_97', 'generator_111', 'generator_112', 'generator_113', 'generator_89', 'generator_111', 'generator_91', 'generator_67', 'generator_116', 'generator_88', 'generator_85', 'generator_67', 'generator_92', 'generator_97', 'generator_99', 'generator_118', 'generator_67', 'generator_119', 'generator_67']
number opened: 3
TRIAL 14
Action chosen: (diamond, red)
Outcome: False
partcle ids: ['generator_103', 'generator_104', 'generator_67', 'generator_106', 'generator_99', 'generator_88', 'generator_89', 'generator_108', 'generator_109', 'generator_109', 'generator_67', 'generator_97', 'generator_111', 'generator_112', 'generator_113', 'generator_89', 'generator_111', 'generator_91', 'generator_67', 'generator_116', 'generator_88', 'generator_85', 'generator_67', 'generator_92', 'generator_97', 'generator_99', 'generator_118', 'generator_67', 'generator_119', 'generator_67']
number opened: 3
TRIAL 15
Action chosen: (heart, red)
Outcome: False
partcle ids: ['generator_111', 'generator_121', 'generator_122', 'generator_123', 'generator_124', 'generator_87', 'generator_125', 'generator_126', 'generator_111', 'generator_127', 'generator_120', 'generator_82', 'generator_112', 'generator_119', 'generator_128', 'generator_101', 'generator_81', 'generator_78', 'generator_128', 'generator_103', 'generator_130', 'generator_131', 'generator_132', 'generator_121', 'generator_114', 'generator_92', 'generator_133', 'number_match', 'generator_134', 'generator_111']
number opened: 3
TRIAL 16
Action chosen: (purple, red)
Outcome: False
partcle ids: ['generator_111', 'generator_121', 'generator_122', 'generator_123', 'generator_124', 'generator_87', 'generator_125', 'generator_126', 'generator_111', 'generator_127', 'generator_120', 'generator_82', 'generator_112', 'generator_119', 'generator_128', 'generator_101', 'generator_81', 'generator_78', 'generator_128', 'generator_103', 'generator_130', 'generator_131', 'generator_132', 'generator_121', 'generator_114', 'generator_92', 'generator_133', 'number_match', 'generator_134', 'generator_111']
number opened: 3
TRIAL 17
Action chosen: (red, red)
Outcome: True
partcle ids: ['generator_134', 'generator_130', 'generator_135', 'generator_76', 'generator_136', 'generator_76', 'generator_134', 'generator_132', 'generator_126', 'generator_136', 'generator_130', 'generator_130', 'generator_134', 'generator_136', 'generator_134', 'generator_135', 'generator_135', 'generator_76', 'generator_136', 'generator_130', 'number_match', 'generator_132', 'generator_132', 'generator_135', 'generator_134', 'generator_132', 'generator_130', 'generator_136', 'generator_135', 'generator_126']
number opened: 4
TRIAL 18
Action chosen: (triangle, white)
Outcome: False
partcle ids: ['generator_134', 'generator_130', 'generator_135', 'generator_76', 'generator_136', 'generator_76', 'generator_134', 'generator_132', 'generator_126', 'generator_136', 'generator_130', 'generator_130', 'generator_134', 'generator_136', 'generator_134', 'generator_135', 'generator_135', 'generator_76', 'generator_136', 'generator_130', 'number_match', 'generator_132', 'generator_132', 'generator_135', 'generator_134', 'generator_132', 'generator_130', 'generator_136', 'generator_135', 'generator_126']
number opened: 4
TRIAL 19
Action chosen: (white, white)
Outcome: False
partcle ids: ['generator_134', 'generator_130', 'generator_135', 'generator_76', 'generator_136', 'generator_76', 'generator_134', 'generator_132', 'generator_126', 'generator_136', 'generator_130', 'generator_130', 'generator_134', 'generator_136', 'generator_134', 'generator_135', 'generator_135', 'generator_76', 'generator_136', 'generator_130', 'number_match', 'generator_132', 'generator_132', 'generator_135', 'generator_134', 'generator_132', 'generator_130', 'generator_136', 'generator_135', 'generator_126']
number opened: 4
TRIAL 20
Action chosen: (pink, white)
Outcome: False
partcle ids: ['generator_134', 'generator_130', 'generator_135', 'generator_76', 'generator_136', 'generator_76', 'generator_134', 'generator_132', 'generator_126', 'generator_136', 'generator_130', 'generator_130', 'generator_134', 'generator_136', 'generator_134', 'generator_135', 'generator_135', 'generator_76', 'generator_136', 'generator_130', 'number_match', 'generator_132', 'generator_132', 'generator_135', 'generator_134', 'generator_132', 'generator_130', 'generator_136', 'generator_135', 'generator_126']
number opened: 4
TRIAL 21
Action chosen: (purple, white)
Outcome: False
partcle ids: ['generator_132', 'generator_126', 'generator_76', 'generator_130', 'generator_76', 'generator_132', 'generator_132', 'generator_67', 'generator_76', 'number_match', 'generator_132', 'generator_76', 'number_match', 'number_match', 'generator_76', 'generator_76', 'generator_132', 'generator_130', 'generator_76', 'generator_126', 'generator_132', 'number_match', 'generator_132', 'generator_76', 'generator_132', 'generator_76', 'generator_76', 'generator_126', 'generator_76', 'generator_126']
number opened: 4
TRIAL 22
Action chosen: (cloud, white)
Outcome: False
partcle ids: ['generator_132', 'generator_126', 'generator_76', 'generator_130', 'generator_76', 'generator_132', 'generator_132', 'generator_67', 'generator_76', 'number_match', 'generator_132', 'generator_76', 'number_match', 'number_match', 'generator_76', 'generator_76', 'generator_132', 'generator_130', 'generator_76', 'generator_126', 'generator_132', 'number_match', 'generator_132', 'generator_76', 'generator_132', 'generator_76', 'generator_76', 'generator_126', 'generator_76', 'generator_126']
number opened: 4
TRIAL 23
Action chosen: (blue, white)
Outcome: False
partcle ids: ['generator_132', 'generator_126', 'generator_76', 'generator_130', 'generator_76', 'generator_132', 'generator_132', 'generator_67', 'generator_76', 'number_match', 'generator_132', 'generator_76', 'number_match', 'number_match', 'generator_76', 'generator_76', 'generator_132', 'generator_130', 'generator_76', 'generator_126', 'generator_132', 'number_match', 'generator_132', 'generator_76', 'generator_132', 'generator_76', 'generator_76', 'generator_126', 'generator_76', 'generator_126']
number opened: 4
TRIAL 24
Action chosen: (orange4, white)
Outcome: True
partcle ids: ['number_match', 'number_match', 'number_match', 'number_match', 'number_match', 'number_match', 'number_match', 'number_match', 'number_match', 'number_match', 'number_match', 'number_match', 'number_match', 'number_match', 'number_match', 'number_match', 'number_match', 'number_match', 'number_match', 'number_match', 'number_match', 'number_match', 'number_match', 'number_match', 'number_match', 'number_match', 'number_match', 'number_match', 'number_match', 'number_match']
number opened: 5
{"attempts": 24, "unique_key_box_pairs": 24, "revisit_attempts": 0, "revisit_rate": 0.0, "attempts_before_abandoning_color_matching": 1, "color_matching_abandoned": true}
