{"Child_ID": "D012", "SoC_variant": "SoC-Gen", "theta": [19, 1], "p_gen": 0.9, "true_prior": 0.02, "run_number": 80, "seed": 403523901121964180}
TRIAL 1
Action chosen: (white, white)
Outcome: False
partcle ids: ['generator_1', 'generator_2', 'generator_3', 'generator_4', 'generator_5', 'similar_color_14', 'generator_6', 'generator_7', 'generator_8', 'generator_9', 'generator_10', 'generator_11', 'similar_color_10', 'generator_12', 'generator_13', 'generator_14', 'generator_15', 'generator_16', 'generator_17', 'generator_18', 'generator_19', 'generator_20', 'generator_21', 'generator_22', 'generator_23', 'similar_color_4', 'generator_24', 'generator_25', 'similar_color_5', 'generator_26']
number opened: 0
TRIAL 2
Action chosen: (yellow5, purple)
Outcome: False
partcle ids: ['generator_1', 'generator_2', 'generator_3', 'generator_4', 'generator_5', 'similar_color_14', 'generator_6', 'generator_7', 'generator_8', 'generator_9', 'generator_10', 'generator_11', 'similar_color_10', 'generator_12', 'generator_13', 'generator_14', 'generator_15', 'generator_16', 'generator_17', 'generator_18', 'generator_19', 'generator_20', 'generator_21', 'generator_22', 'generator_23', 'similar_color_4', 'generator_24', 'generator_25', 'similar_color_5', 'generator_26']
number opened: 0
TRIAL 3
Action chosen: (purple, purple)
Outcome: False
partcle ids: ['generator_27', 'generator_28', 'generator_19', 'generator_30', 'generator_31', 'generator_11', 'generator_23', 'generator_22', 'generator_33', 'generator_34', 'generator_35', 'generator_36', 'generator_37', 'generator_1', 'generator_39', 'generator_40', 'generator_41', 'generator_42', 'generator_43', 'generator_44', 'generator_23', 'generator_45', 'generator_46', 'generator_47', 'generator_1', 'generator_49', 'generator_50', 'generator_51', 'generator_52', 'generator_24']
number opened: 0
TRIAL 4
Action chosen: (green3, pink)
Outcome: False
partcle ids: ['generator_27', 'generator_28', 'generator_19', 'generator_30', 'generator_31', 'generator_11', 'generator_23', 'generator_22', 'generator_33', 'generator_34', 'generator_35', 'generator_36', 'generator_37', 'generator_1', 'generator_39', 'generator_40', 'generator_41', 'generator_42', 'generator_43', 'generator_44', 'generator_23', 'generator_45', 'generator_46', 'generator_47', 'generator_1', 'generator_49', 'generator_50', 'generator_51', 'generator_52', 'generator_24']
number opened: 0
TRIAL 5
Action chosen: (purple, blue)
Outcome: False
partcle ids: ['generator_27', 'generator_28', 'generator_19', 'generator_30', 'generator_31', 'generator_11', 'generator_23', 'generator_22', 'generator_33', 'generator_34', 'generator_35', 'generator_36', 'generator_37', 'generator_1', 'generator_39', 'generator_40', 'generator_41', 'generator_42', 'generator_43', 'generator_44', 'generator_23', 'generator_45', 'generator_46', 'generator_47', 'generator_1', 'generator_49', 'generator_50', 'generator_51', 'generator_52', 'generator_24']
number opened: 0
TRIAL 6
Action chosen: (white, pink)
Outcome: False
partcle ids: ['generator_43', 'generator_47', 'generator_54', 'generator_55', 'generator_56', 'generator_57', 'generator_58', 'generator_59', 'generator_60', 'generator_61', 'generator_40', 'generator_36', 'generator_63', 'generator_64', 'generator_65', 'generator_43', 'generator_37', 'generator_35', 'generator_69', 'generator_70', 'generator_19', 'generator_72', 'generator_19', 'generator_74', 'generator_75', 'generator_76', 'generator_24', 'generator_77', 'generator_78', 'generator_28']
number opened: 0
TRIAL 7
Action chosen: (triangle, blue)
Outcome: False
partcle ids: ['generator_43', 'generator_47', 'generator_54', 'generator_55', 'generator_56', 'generator_57', 'generator_58', 'generator_59', 'generator_60', 'generator_61', 'generator_40', 'generator_36', 'generator_63', 'generator_64', 'generator_65', 'generator_43', 'generator_37', 'generator_35', 'generator_69', 'generator_70', 'generator_19', 'generator_72', 'generator_19', 'generator_74', 'generator_75', 'generator_76', 'generator_24', 'generator_77', 'generator_78', 'generator_28']
number opened: 0
TRIAL 8
Action chosen: (diamond, purple)
Outcome: False
partcle ids: ['generator_43', 'generator_47', 'generator_54', 'generator_55', 'generator_56', 'generator_57', 'generator_58', 'generator_59', 'generator_60', 'generator_61', 'generator_40', 'generator_36', 'generator_63', 'generator_64', 'generator_65', 'generator_43', 'generator_37', 'generator_35', 'generator_69', 'generator_70', 'generator_19', 'generator_72', 'generator_19', 'generator_74', 'generator_75', 'generator_76', 'generator_24', 'generator_77', 'generator_78', 'generator_28']
number opened: 0
TRIAL 9
Action chosen: (yellow5, pink)
Outcome: False
partcle ids: ['generator_43', 'generator_47', 'generator_54', 'generator_55', 'generator_56', 'generator_57', 'generator_58', 'generator_59', 'generator_60', 'generator_61', 'generator_40', 'generator_36', 'generator_63', 'generator_64', 'generator_65', 'generator_43', 'generator_37', 'generator_35', 'generator_69', 'generator_70', 'generator_19', 'generator_72', 'generator_19', 'generator_74', 'generator_75', 'generator_76', 'generator_24', 'generator_77', 'generator_78', 'generator_28']
number opened: 0
TRIAL 10
Action chosen: (diamond, red)
Outcome: False
partcle ids: ['generator_61', 'generator_24', 'generator_82', 'generator_83', 'generator_57', 'generator_85', 'generator_86', 'generator_60', 'generator_24', 'generator_74', 'generator_37', 'generator_89', 'generator_90', 'generator_91', 'generator_92', 'generator_75', 'generator_37', 'generator_95', 'generator_96', 'generator_65', 'generator_98', 'generator_64', 'generator_100', 'generator_75', 'generator_61', 'generator_103', 'generator_40', 'generator_105', 'generator_106', 'generator_107']
number opened: 0
TRIAL 11
Action chosen: (green3, blue)
Outcome: False
partcle ids: ['generator_61', 'generator_24', 'generator_82', 'generator_83', 'generator_57', 'generator_85', 'generator_86', 'generator_60', 'generator_24', 'generator_74', 'generator_37', 'generator_89', 'generator_90', 'generator_91', 'generator_92', 'generator_75', 'generator_37', 'generator_95', 'generator_96', 'generator_65', 'generator_98', 'generator_64', 'generator_100', 'generator_75', 'generator_61', 'generator_103', 'generator_40', 'generator_105', 'generator_106', 'generator_107']
number opened: 0
TRIAL 12
Action chosen: (red, white)
Outcome: False
partcle ids: ['generator_61', 'generator_24', 'generator_82', 'generator_83', 'generator_57', 'generator_85', 'generator_86', 'generator_60', 'generator_24', 'generator_74', 'generator_37', 'generator_89', 'generator_90', 'generator_91', 'generator_92', 'generator_75', 'generator_37', 'generator_95', 'generator_96', 'generator_65', 'generator_98', 'generator_64', 'generator_100', 'generator_75', 'generator_61', 'generator_103', 'generator_40', 'generator_105', 'generator_106', 'generator_107']
number opened: 0
TRIAL 13
Action chosen: (pink, purple)
Outcome: False
partcle ids: ['generator_106', 'generator_83', 'generator_98', 'generator_111', 'generator_86', 'generator_57', 'generator_113', 'generator_74', 'generator_106', 'generator_74', 'generator_91', 'generator_118', 'generator_119', 'generator_120', 'generator_121', 'generator_122', 'generator_74', 'generator_57', 'generator_106', 'generator_126', 'generator_83', 'generator_60', 'generator_128', 'generator_98', 'generator_83', 'generator_91', 'generator_132', 'generator_133', 'generator_134', 'generator_60']
number opened: 0
TRIAL 14
Action chosen: (purple, pink)
Outcome: False
partcle ids: ['generator_106', 'generator_83', 'generator_98', 'generator_111', 'generator_86', 'generator_57', 'generator_113', 'generator_74', 'generator_106', 'generator_74', 'generator_91', 'generator_118', 'generator_119', 'generator_120', 'generator_121', 'generator_122', 'generator_74', 'generator_57', 'generator_106', 'generator_126', 'generator_83', 'generator_60', 'generator_128', 'generator_98', 'generator_83', 'generator_91', 'generator_132', 'generator_133', 'generator_134', 'generator_60']
number opened: 0
TRIAL 15
Action chosen: (blue, blue)
Outcome: False
partcle ids: ['generator_106', 'generator_83', 'generator_98', 'generator_111', 'generator_86', 'generator_57', 'generator_113', 'generator_74', 'generator_106', 'generator_74', 'generator_91', 'generator_118', 'generator_119', 'generator_120', 'generator_121', 'generator_122', 'generator_74', 'generator_57', 'generator_106', 'generator_126', 'generator_83', 'generator_60', 'generator_128', 'generator_98', 'generator_83', 'generator_91', 'generator_132', 'generator_133', 'generator_134', 'generator_60']
number opened: 0
TRIAL 16
Action chosen: (green3, red)
Outcome: False
partcle ids: ['generator_57', 'number_match', 'generator_137', 'generator_91', 'generator_138', 'generator_139', 'generator_91', 'generator_120', 'generator_142', 'generator_143', 'generator_144', 'generator_120', 'generator_91', 'generator_91', 'generator_57', 'generator_91', 'generator_120', 'generator_119', 'generator_134', 'generator_153', 'generator_118', 'generator_155', 'generator_120', 'generator_120', 'generator_120', 'generator_158', 'generator_159', 'generator_160', 'generator_91', 'generator_162']
number opened: 0
TRIAL 17
Action chosen: (white, blue)
Outcome: False
partcle ids: ['generator_57', 'number_match', 'generator_137', 'generator_91', 'generator_138', 'generator_139', 'generator_91', 'generator_120', 'generator_142', 'generator_143', 'generator_144', 'generator_120', 'generator_91', 'generator_91', 'generator_57', 'generator_91', 'generator_120', 'generator_119', 'generator_134', 'generator_153', 'generator_118', 'generator_155', 'generator_120', 'generator_120', 'generator_120', 'generator_158', 'generator_159', 'generator_160', 'generator_91', 'generator_162']
number opened: 0
TRIAL 18
Action chosen: (grey2, purple)
Outcome: False
partcle ids: ['generator_163', 'generator_164', 'generator_155', 'generator_142', 'number_match', 'number_match', 'generator_153', 'generator_91', 'generator_153', 'generator_139', 'generator_153', 'generator_155', 'generator_173', 'generator_174', 'generator_175', 'generator_160', 'generator_177', 'generator_178', 'generator_162', 'generator_179', 'generator_180', 'generator_153', 'generator_182', 'generator_153', 'generator_183', 'generator_134', 'generator_185', 'generator_186', 'generator_162', 'number_match']
number opened: 0
TRIAL 19
Action chosen: (yellow5, blue)
Outcome: True
partcle ids: ['generator_189', 'generator_190', 'generator_191', 'generator_192', 'generator_134', 'generator_194', 'generator_195', 'generator_196', 'generator_197', 'generator_182', 'generator_199', 'generator_200', 'generator_182', 'number_match', 'number_match', 'generator_204', 'generator_134', 'generator_206', 'generator_134', 'generator_208', 'generator_209', 'generator_210', 'generator_211', 'generator_175', 'generator_213', 'generator_175', 'generator_185', 'generator_182', 'number_match', 'generator_218']
number opened: 1
TRIAL 20
Action chosen: (red, purple)
Outcome: False
partcle ids: ['generator_189', 'generator_190', 'generator_191', 'generator_192', 'generator_134', 'generator_194', 'generator_195', 'generator_196', 'generator_197', 'generator_182', 'generator_199', 'generator_200', 'generator_182', 'number_match', 'number_match', 'generator_204', 'generator_134', 'generator_206', 'generator_134', 'generator_208', 'generator_209', 'generator_210', 'generator_211', 'generator_175', 'generator_213', 'generator_175', 'generator_185', 'generator_182', 'number_match', 'generator_218']
number opened: 1
TRIAL 21
Action chosen: (grey2, pink)
Outcome: True
partcle ids: ['generator_219', 'generator_220', 'generator_221', 'number_match', 'number_match', 'generator_185', 'generator_224', 'generator_225', 'generator_226', 'generator_227', 'generator_228', 'generator_229', 'generator_182', 'generator_231', 'generator_232', 'generator_225', 'generator_182', 'generator_182', 'generator_235', 'generator_182', 'generator_237', 'generator_182', 'generator_182', 'generator_185', 'generator_182', 'generator_241', 'generator_185', 'number_match', 'generator_182', 'generator_245']
number opened: 2
TRIAL 22
Action chosen: (green3, purple)
Outcome: True
partcle ids: ['generator_182', 'generator_246', 'generator_247', 'generator_182', 'generator_249', 'generator_250', 'generator_229', 'generator_251', 'generator_252', 'generator_253', 'generator_254', 'generator_255', 'generator_182', 'generator_257', 'generator_182', 'generator_259', 'generator_260', 'generator_261', 'generator_262', 'generator_263', 'generator_264', 'generator_229', 'generator_182', 'generator_267', 'generator_268', 'generator_269', 'generator_270', 'generator_252', 'generator_271', 'generator_272']
number opened: 3
TRIAL 23
Action chosen: (heart, red)
Outcome: False
partcle ids: ['generator_182', 'generator_246', 'generator_247', 'generator_182', 'generator_249', 'generator_250', 'generator_229', 'generator_251', 'generator_252', 'generator_253', 'generator_254', 'generator_255', 'generator_182', 'generator_257', 'generator_182', 'generator_259', 'generator_260', 'generator_261', 'generator_262', 'generator_263', 'generator_264', 'generator_229', 'generator_182', 'generator_267', 'generator_268', 'generator_269', 'generator_270', 'generator_252', 'generator_271', 'generator_272']
number opened: 3
TRIAL 24
Action chosen: (white, red)
Outcome: False
partcle ids: ['generator_182', 'generator_246', 'generator_247', 'generator_182', 'generator_249', 'generator_250', 'generator_229', 'generator_251', 'generator_252', 'generator_253', 'generator_254', 'generator_255', 'generator_182', 'generator_257', 'generator_182', 'generator_259', 'generator_260', 'generator_261', 'generator_262', 'generator_263', 'generator_264', 'generator_229', 'generator_182', 'generator_267', 'generator_268', 'generator_269', 'generator_270', 'generator_252', 'generator_271', 'generator_272']
number opened: 3
TRIAL 25
Action chosen: (blue, red)
Outcome: False
partcle ids: ['generator_182', 'generator_246', 'generator_247', 'generator_182', 'generator_249', 'generator_250', 'generator_229', 'generator_251', 'generator_252', 'generator_253', 'generator_254', 'generator_255', 'generator_182', 'generator_257', 'generator_182', 'generator_259', 'generator_260', 'generator_261', 'generator_262', 'generator_263', 'generator_264', 'generator_229', 'generator_182', 'generator_267', 'generator_268', 'generator_269', 'generator_270', 'generator_252', 'generator_271', 'generator_272']
number opened: 3
TRIAL 26
Action chosen: (diamond, red)
Outcome: False
partcle ids: ['generator_253', 'generator_273', 'generator_263', 'generator_275', 'generator_269', 'generator_276', 'generator_255', 'generator_263', 'generator_257', 'generator_280', 'generator_281', 'generator_251', 'generator_282', 'generator_267', 'generator_251', 'generator_283', 'generator_281', 'generator_253', 'generator_251', 'generator_285', 'generator_286', 'generator_287', 'generator_255', 'generator_260', 'generator_288', 'generator_251', 'generator_261', 'generator_283', 'generator_263', 'generator_229']
number opened: 3
TRIAL 27
Action chosen: (purple, red)
Outcome: False
partcle ids: ['generator_253', 'generator_273', 'generator_263', 'generator_275', 'generator_269', 'generator_276', 'generator_255', 'generator_263', 'generator_257', 'generator_280', 'generator_281', 'generator_251', 'generator_282', 'generator_267', 'generator_251', 'generator_283', 'generator_281', 'generator_253', 'generator_251', 'generator_285', 'generator_286', 'generator_287', 'generator_255', 'generator_260', 'generator_288', 'generator_251', 'generator_261', 'generator_283', 'generator_263', 'generator_229']
number opened: 3
TRIAL 28
Action chosen: (cloud, red)
Outcome: False
partcle ids: ['generator_253', 'generator_273', 'generator_263', 'generator_275', 'generator_269', 'generator_276', 'generator_255', 'generator_263', 'generator_257', 'generator_280', 'generator_281', 'generator_251', 'generator_282', 'generator_267', 'generator_251', 'generator_283', 'generator_281', 'generator_253', 'generator_251', 'generator_285', 'generator_286', 'generator_287', 'generator_255', 'generator_260', 'generator_288', 'generator_251', 'generator_261', 'generator_283', 'generator_263', 'generator_229']
number opened: 3
TRIAL 29
Action chosen: (orange4, red)
Outcome: False
partcle ids: ['generator_255', 'generator_255', 'generator_257', 'generator_286', 'generator_255', 'generator_269', 'generator_292', 'generator_260', 'number_match', 'generator_261', 'generator_250', 'generator_255', 'generator_294', 'generator_267', 'generator_287', 'generator_251', 'generator_275', 'generator_255', 'generator_293', 'generator_287', 'generator_295', 'generator_296', 'generator_287', 'generator_269', 'generator_263', 'generator_298', 'generator_287', 'generator_287', 'generator_255', 'generator_257']
number opened: 3
TRIAL 30
Action chosen: (red, red)
Outcome: True
partcle ids: ['generator_300', 'generator_255', 'generator_301', 'generator_302', 'number_match', 'generator_301', 'generator_300', 'generator_302', 'number_match', 'number_match', 'generator_287', 'generator_287', 'generator_303', 'generator_287', 'generator_255', 'generator_303', 'generator_259', 'number_match', 'generator_302', 'generator_302', 'generator_301', 'generator_287', 'generator_255', 'generator_255', 'generator_255', 'generator_255', 'generator_301', 'generator_287', 'generator_287', 'generator_287']
number opened: 4
TRIAL 31
Action chosen: (pink, white)
Outcome: False
partcle ids: ['generator_300', 'generator_255', 'generator_301', 'generator_302', 'number_match', 'generator_301', 'generator_300', 'generator_302', 'number_match', 'number_match', 'generator_287', 'generator_287', 'generator_303', 'generator_287', 'generator_255', 'generator_303', 'generator_259', 'number_match', 'generator_302', 'generator_302', 'generator_301', 'generator_287', 'generator_255', 'generator_255', 'generator_255', 'generator_255', 'generator_301', 'generator_287', 'generator_287', 'generator_287']
number opened: 4
TRIAL 32
Action chosen: (purple, white)
Outcome: False
partcle ids: ['generator_300', 'generator_255', 'generator_301', 'generator_302', 'number_match', 'generator_301', 'generator_300', 'generator_302', 'number_match', 'number_match', 'generator_287', 'generator_287', 'generator_303', 'generator_287', 'generator_255', 'generator_303', 'generator_259', 'number_match', 'generator_302', 'generator_302', 'generator_301', 'generator_287', 'generator_255', 'generator_255', 'generator_255', 'generator_255', 'generator_301', 'generator_287', 'generator_287', 'generator_287']
number opened: 4
TRIAL 33
Action chosen: (diamond, white)
Outcome: False
partcle ids: ['generator_301', 'generator_300', 'generator_302', 'generator_301', 'generator_301', 'generator_301', 'generator_287', 'generator_259', 'generator_303', 'generator_301', 'number_match', 'generator_301', 'number_match', 'generator_301', 'number_match', 'generator_301', 'generator_302', 'generator_301', 'number_match', 'number_match', 'generator_259', 'generator_303', 'generator_301', 'generator_301', 'number_match', 'generator_259', 'number_match', 'generator_300', 'generator_259', 'generator_301']
number opened: 4
TRIAL 34
Action chosen: (heart, white)
Outcome: False
partcle ids: ['generator_301', 'generator_300', 'generator_302', 'generator_301', 'generator_301', 'generator_301', 'generator_287', 'generator_259', 'generator_303', 'generator_301', 'number_match', 'generator_301', 'number_match', 'generator_301', 'number_match', 'generator_301', 'generator_302', 'generator_301', 'number_match', 'number_match', 'generator_259', 'generator_303', 'generator_301', 'generator_301', 'number_match', 'generator_259', 'number_match', 'generator_300', 'generator_259', 'generator_301']
number opened: 4
TRIAL 35
Action chosen: (orange4, white)
Outcome: True
partcle ids: ['number_match', 'number_match', 'number_match', 'number_match', 'number_match', 'number_match', 'number_match', 'number_match', 'number_match', 'number_match', 'number_match', 'number_match', 'number_match', 'number_match', 'number_match', 'number_match', 'number_match', 'number_match', 'number_match', 'number_match', 'number_match', 'number_match', 'number_match', 'number_match', 'number_match', 'number_match', 'number_match', 'number_match', 'number_match', 'number_match']
number opened: 5
{"attempts": 35, "unique_key_box_pairs": 34, "revisit_attempts": 1, "revisit_rate": 0.029411764705882353, "attempts_before_abandoning_color_matching": 1, "color_matching_abandoned": true}
