{"Child_ID": "D048", "SoC_variant": "SoC-Full", "theta": [15, 1], "p_gen": 0.4, "true_prior": 0.02, "run_number": 45, "seed": 658976005558939504}
TRIAL 1
Action chosen: (pink, pink)
Outcome: False
partcle ids: ['similar_color_8', 'generator_1', 'generator_2', 'order_match', 'shape_match', 'generator_3', 'similar_color_4', 'generator_4', 'similar_color_8', 'similar_color_7', 'similar_color_6', 'similar_color_4', 'color_match', 'generator_5', 'generator_6', 'generator_7', 'generator_8', 'similar_color_6', 'generator_9', 'similar_color_2', 'number_match', 'similar_color_6', 'generator_10', 'generator_11', 'similar_color_1', 'generator_12', 'generator_13', 'number_match', 'similar_color_5', 'similar_color_6']
number opened: 0
TRIAL 2
Action chosen: (yellow5, blue)
Outcome: True
partcle ids: ['generator_14', 'generator_15', 'generator_16', 'generator_17', 'generator_18', 'generator_19', 'generator_20', 'generator_21', 'generator_22', 'generator_23', 'generator_24', 'generator_3', 'generator_26', 'generator_27', 'generator_28', 'number_match', 'generator_29', 'generator_30', 'generator_3', 'generator_32', 'generator_6', 'generator_33', 'generator_34', 'generator_35', 'generator_36', 'order_match', 'generator_37', 'generator_38', 'generator_39', 'generator_3']
number opened: 1
TRIAL 3
Action chosen: (heart, white)
Outcome: False
partcle ids: ['generator_14', 'generator_15', 'generator_16', 'generator_17', 'generator_18', 'generator_19', 'generator_20', 'generator_21', 'generator_22', 'generator_23', 'generator_24', 'generator_3', 'generator_26', 'generator_27', 'generator_28', 'number_match', 'generator_29', 'generator_30', 'generator_3', 'generator_32', 'generator_6', 'generator_33', 'generator_34', 'generator_35', 'generator_36', 'order_match', 'generator_37', 'generator_38', 'generator_39', 'generator_3']
number opened: 1
TRIAL 4
Action chosen: (purple, red)
Outcome: False
partcle ids: ['generator_14', 'generator_15', 'generator_16', 'generator_17', 'generator_18', 'generator_19', 'generator_20', 'generator_21', 'generator_22', 'generator_23', 'generator_24', 'generator_3', 'generator_26', 'generator_27', 'generator_28', 'number_match', 'generator_29', 'generator_30', 'generator_3', 'generator_32', 'generator_6', 'generator_33', 'generator_34', 'generator_35', 'generator_36', 'order_match', 'generator_37', 'generator_38', 'generator_39', 'generator_3']
number opened: 1
TRIAL 5
Action chosen: (orange4, white)
Outcome: True
partcle ids: ['generator_40', 'generator_41', 'generator_42', 'generator_43', 'generator_39', 'generator_45', 'generator_46', 'generator_47', 'generator_48', 'generator_49', 'generator_50', 'generator_51', 'generator_39', 'generator_53', 'generator_54', 'generator_55', 'number_match', 'generator_56', 'generator_57', 'generator_58', 'generator_18', 'generator_14', 'generator_61', 'generator_62', 'generator_63', 'generator_64', 'generator_65', 'generator_66', 'generator_67', 'generator_14']
number opened: 2
TRIAL 6
Action chosen: (grey2, red)
Outcome: False
partcle ids: ['generator_40', 'generator_41', 'generator_42', 'generator_43', 'generator_39', 'generator_45', 'generator_46', 'generator_47', 'generator_48', 'generator_49', 'generator_50', 'generator_51', 'generator_39', 'generator_53', 'generator_54', 'generator_55', 'number_match', 'generator_56', 'generator_57', 'generator_58', 'generator_18', 'generator_14', 'generator_61', 'generator_62', 'generator_63', 'generator_64', 'generator_65', 'generator_66', 'generator_67', 'generator_14']
number opened: 2
TRIAL 7
Action chosen: (green3, red)
Outcome: False
partcle ids: ['generator_40', 'generator_41', 'generator_42', 'generator_43', 'generator_39', 'generator_45', 'generator_46', 'generator_47', 'generator_48', 'generator_49', 'generator_50', 'generator_51', 'generator_39', 'generator_53', 'generator_54', 'generator_55', 'number_match', 'generator_56', 'generator_57', 'generator_58', 'generator_18', 'generator_14', 'generator_61', 'generator_62', 'generator_63', 'generator_64', 'generator_65', 'generator_66', 'generator_67', 'generator_14']
number opened: 2
TRIAL 8
Action chosen: (red, red)
Outcome: True
partcle ids: ['generator_69', 'generator_70', 'generator_71', 'number_match', 'generator_72', 'generator_73', 'generator_74', 'generator_75', 'generator_76', 'generator_77', 'generator_47', 'generator_78', 'generator_73', 'generator_79', 'generator_80', 'generator_81', 'generator_73', 'generator_82', 'generator_83', 'generator_84', 'generator_85', 'generator_86', 'generator_87', 'generator_47', 'generator_83', 'generator_54', 'generator_75', 'generator_89', 'generator_90', 'generator_91']
number opened: 3
TRIAL 9
Action chosen: (cloud, purple)
Outcome: False
partcle ids: ['generator_69', 'generator_70', 'generator_71', 'number_match', 'generator_72', 'generator_73', 'generator_74', 'generator_75', 'generator_76', 'generator_77', 'generator_47', 'generator_78', 'generator_73', 'generator_79', 'generator_80', 'generator_81', 'generator_73', 'generator_82', 'generator_83', 'generator_84', 'generator_85', 'generator_86', 'generator_87', 'generator_47', 'generator_83', 'generator_54', 'generator_75', 'generator_89', 'generator_90', 'generator_91']
number opened: 3
TRIAL 10
Action chosen: (pink, purple)
Outcome: False
partcle ids: ['generator_69', 'generator_70', 'generator_71', 'number_match', 'generator_72', 'generator_73', 'generator_74', 'generator_75', 'generator_76', 'generator_77', 'generator_47', 'generator_78', 'generator_73', 'generator_79', 'generator_80', 'generator_81', 'generator_73', 'generator_82', 'generator_83', 'generator_84', 'generator_85', 'generator_86', 'generator_87', 'generator_47', 'generator_83', 'generator_54', 'generator_75', 'generator_89', 'generator_90', 'generator_91']
number opened: 3
TRIAL 11
Action chosen: (green3, purple)
Outcome: True
partcle ids: ['generator_81', 'generator_81', 'generator_83', 'generator_83', 'generator_81', 'generator_93', 'generator_81', 'generator_81', 'generator_94', 'generator_95', 'generator_96', 'generator_93', 'generator_93', 'generator_81', 'generator_81', 'generator_92', 'generator_96', 'generator_83', 'generator_83', 'generator_95', 'generator_81', 'generator_83', 'generator_81', 'generator_97', 'number_match', 'generator_81', 'generator_83', 'generator_95', 'generator_81', 'generator_83']
number opened: 4
TRIAL 12
Action chosen: (blue, pink)
Outcome: False
partcle ids: ['generator_81', 'generator_81', 'generator_83', 'generator_83', 'generator_81', 'generator_93', 'generator_81', 'generator_81', 'generator_94', 'generator_95', 'generator_96', 'generator_93', 'generator_93', 'generator_81', 'generator_81', 'generator_92', 'generator_96', 'generator_83', 'generator_83', 'generator_95', 'generator_81', 'generator_83', 'generator_81', 'generator_97', 'number_match', 'generator_81', 'generator_83', 'generator_95', 'generator_81', 'generator_83']
number opened: 4
TRIAL 13
Action chosen: (purple, pink)
Outcome: False
partcle ids: ['generator_94', 'generator_97', 'generator_97', 'number_match', 'generator_96', 'generator_95', 'generator_95', 'generator_95', 'generator_97', 'generator_96', 'generator_95', 'generator_93', 'generator_93', 'number_match', 'generator_81', 'generator_95', 'generator_92', 'generator_93', 'generator_94', 'generator_83', 'generator_96', 'number_match', 'number_match', 'generator_95', 'number_match', 'generator_96', 'generator_93', 'generator_97', 'number_match', 'generator_95']
number opened: 4
TRIAL 14
Action chosen: (triangle, pink)
Outcome: False
partcle ids: ['generator_94', 'generator_97', 'generator_97', 'number_match', 'generator_96', 'generator_95', 'generator_95', 'generator_95', 'generator_97', 'generator_96', 'generator_95', 'generator_93', 'generator_93', 'number_match', 'generator_81', 'generator_95', 'generator_92', 'generator_93', 'generator_94', 'generator_83', 'generator_96', 'number_match', 'number_match', 'generator_95', 'number_match', 'generator_96', 'generator_93', 'generator_97', 'number_match', 'generator_95']
number opened: 4
TRIAL 15
Action chosen: (grey2, pink)
Outcome: True
partcle ids: ['number_match', 'number_match', 'number_match', 'number_match', 'number_match', 'number_match', 'number_match', 'number_match', 'number_match', 'number_match', 'number_match', 'number_match', 'number_match', 'number_match', 'number_match', 'number_match', 'number_match', 'number_match', 'number_match', 'number_match', 'number_match', 'number_match', 'number_match', 'number_match', 'number_match', 'number_match', 'number_match', 'number_match', 'number_match', 'number_match']
number opened: 5
{"attempts": 15, "unique_key_box_pairs": 15, "revisit_attempts": 0, "revisit_rate": 0.0, "attempts_before_abandoning_color_matching": 1, "color_matching_abandoned": true}
