{"Child_ID": "D048", "SoC_variant": "SoC-Full", "theta": [15, 1], "p_gen": 0.4, "true_prior": 0.02, "run_number": 58, "seed": 2513574646641590718}
TRIAL 1
Action chosen: (pink, pink)
Outcome: False
partcle ids: ['generator_1', 'generator_2', 'similar_color_2', 'generator_3', 'similar_color_4', 'generator_4', 'shape_match', 'color_match', 'similar_color_4', 'similar_color_9', 'similar_color_10', 'similar_color_5', 'generator_5', 'generator_6', 'similar_color_3', 'generator_7', 'generator_8', 'generator_9', 'generator_10', 'similar_color_5', 'order_match', 'generator_11', 'similar_color_10', 'similar_color_8', 'similar_color_7', 'generator_12', 'color_match', 'generator_13', 'similar_color_8', 'generator_14']
number opened: 0
TRIAL 2
Action chosen: (cloud, pink)
Outcome: False
partcle ids: ['generator_12', 'generator_15', 'generator_9', 'generator_16', 'generator_13', 'generator_14', 'generator_8', 'generator_17', 'generator_12', 'generator_18', 'generator_13', 'generator_14', 'generator_19', 'order_match', 'generator_8', 'generator_6', 'generator_20', 'generator_12', 'generator_13', 'generator_3', 'generator_21', 'generator_22', 'generator_3', 'generator_23', 'generator_8', 'generator_6', 'generator_24', 'generator_25', 'generator_4', 'generator_26']
number opened: 0
TRIAL 3
Action chosen: (purple, red)
Outcome: False
partcle ids: ['generator_12', 'generator_15', 'generator_9', 'generator_16', 'generator_13', 'generator_14', 'generator_8', 'generator_17', 'generator_12', 'generator_18', 'generator_13', 'generator_14', 'generator_19', 'order_match', 'generator_8', 'generator_6', 'generator_20', 'generator_12', 'generator_13', 'generator_3', 'generator_21', 'generator_22', 'generator_3', 'generator_23', 'generator_8', 'generator_6', 'generator_24', 'generator_25', 'generator_4', 'generator_26']
number opened: 0
TRIAL 4
Action chosen: (triangle, white)
Outcome: False
partcle ids: ['generator_12', 'generator_15', 'generator_9', 'generator_16', 'generator_13', 'generator_14', 'generator_8', 'generator_17', 'generator_12', 'generator_18', 'generator_13', 'generator_14', 'generator_19', 'order_match', 'generator_8', 'generator_6', 'generator_20', 'generator_12', 'generator_13', 'generator_3', 'generator_21', 'generator_22', 'generator_3', 'generator_23', 'generator_8', 'generator_6', 'generator_24', 'generator_25', 'generator_4', 'generator_26']
number opened: 0
TRIAL 5
Action chosen: (orange4, red)
Outcome: False
partcle ids: ['generator_25', 'generator_17', 'generator_27', 'generator_28', 'generator_4', 'generator_29', 'generator_30', 'generator_4', 'generator_25', 'generator_31', 'generator_32', 'order_match', 'generator_16', 'generator_34', 'generator_23', 'generator_17', 'generator_3', 'generator_24', 'generator_17', 'generator_24', 'generator_17', 'generator_23', 'generator_35', 'generator_36', 'generator_25', 'generator_38', 'generator_25', 'generator_25', 'generator_23', 'generator_24']
number opened: 0
TRIAL 6
Action chosen: (triangle, pink)
Outcome: False
partcle ids: ['generator_25', 'generator_17', 'generator_27', 'generator_28', 'generator_4', 'generator_29', 'generator_30', 'generator_4', 'generator_25', 'generator_31', 'generator_32', 'order_match', 'generator_16', 'generator_34', 'generator_23', 'generator_17', 'generator_3', 'generator_24', 'generator_17', 'generator_24', 'generator_17', 'generator_23', 'generator_35', 'generator_36', 'generator_25', 'generator_38', 'generator_25', 'generator_25', 'generator_23', 'generator_24']
number opened: 0
TRIAL 7
Action chosen: (orange4, white)
Outcome: True
partcle ids: ['generator_24', 'generator_40', 'generator_17', 'generator_42', 'generator_43', 'generator_44', 'generator_24', 'generator_17', 'generator_47', 'generator_48', 'generator_17', 'generator_50', 'generator_17', 'generator_52', 'generator_53', 'generator_54', 'generator_55', 'generator_56', 'generator_57', 'generator_17', 'generator_59', 'generator_24', 'generator_61', 'generator_62', 'generator_63', 'generator_64', 'generator_65', 'generator_17', 'generator_66', 'generator_67']
number opened: 1
TRIAL 8
Action chosen: (triangle, purple)
Outcome: False
partcle ids: ['generator_24', 'generator_40', 'generator_17', 'generator_42', 'generator_43', 'generator_44', 'generator_24', 'generator_17', 'generator_47', 'generator_48', 'generator_17', 'generator_50', 'generator_17', 'generator_52', 'generator_53', 'generator_54', 'generator_55', 'generator_56', 'generator_57', 'generator_17', 'generator_59', 'generator_24', 'generator_61', 'generator_62', 'generator_63', 'generator_64', 'generator_65', 'generator_17', 'generator_66', 'generator_67']
number opened: 1
TRIAL 9
Action chosen: (diamond, blue)
Outcome: False
partcle ids: ['generator_24', 'generator_40', 'generator_17', 'generator_42', 'generator_43', 'generator_44', 'generator_24', 'generator_17', 'generator_47', 'generator_48', 'generator_17', 'generator_50', 'generator_17', 'generator_52', 'generator_53', 'generator_54', 'generator_55', 'generator_56', 'generator_57', 'generator_17', 'generator_59', 'generator_24', 'generator_61', 'generator_62', 'generator_63', 'generator_64', 'generator_65', 'generator_17', 'generator_66', 'generator_67']
number opened: 1
TRIAL 10
Action chosen: (yellow5, red)
Outcome: False
partcle ids: ['generator_64', 'generator_67', 'generator_70', 'generator_44', 'generator_66', 'generator_44', 'generator_74', 'generator_65', 'generator_76', 'generator_77', 'generator_78', 'generator_79', 'generator_63', 'generator_81', 'generator_82', 'generator_64', 'generator_83', 'generator_44', 'generator_85', 'generator_86', 'generator_65', 'generator_67', 'generator_89', 'generator_90', 'generator_91', 'generator_92', 'generator_57', 'generator_94', 'generator_67', 'generator_44']
number opened: 1
TRIAL 11
Action chosen: (blue, purple)
Outcome: False
partcle ids: ['generator_64', 'generator_67', 'generator_70', 'generator_44', 'generator_66', 'generator_44', 'generator_74', 'generator_65', 'generator_76', 'generator_77', 'generator_78', 'generator_79', 'generator_63', 'generator_81', 'generator_82', 'generator_64', 'generator_83', 'generator_44', 'generator_85', 'generator_86', 'generator_65', 'generator_67', 'generator_89', 'generator_90', 'generator_91', 'generator_92', 'generator_57', 'generator_94', 'generator_67', 'generator_44']
number opened: 1
TRIAL 12
Action chosen: (purple, blue)
Outcome: False
partcle ids: ['generator_64', 'generator_67', 'generator_70', 'generator_44', 'generator_66', 'generator_44', 'generator_74', 'generator_65', 'generator_76', 'generator_77', 'generator_78', 'generator_79', 'generator_63', 'generator_81', 'generator_82', 'generator_64', 'generator_83', 'generator_44', 'generator_85', 'generator_86', 'generator_65', 'generator_67', 'generator_89', 'generator_90', 'generator_91', 'generator_92', 'generator_57', 'generator_94', 'generator_67', 'generator_44']
number opened: 1
TRIAL 13
Action chosen: (cloud, purple)
Outcome: False
partcle ids: ['generator_65', 'generator_97', 'generator_98', 'generator_78', 'generator_100', 'generator_82', 'generator_102', 'generator_57', 'generator_86', 'generator_104', 'generator_105', 'generator_92', 'generator_107', 'generator_108', 'generator_82', 'generator_110', 'generator_65', 'generator_92', 'generator_112', 'generator_113', 'generator_64', 'generator_115', 'generator_116', 'generator_117', 'generator_104', 'generator_64', 'generator_79', 'generator_65', 'generator_121', 'generator_65']
number opened: 1
TRIAL 14
Action chosen: (grey2, purple)
Outcome: False
partcle ids: ['generator_65', 'generator_97', 'generator_98', 'generator_78', 'generator_100', 'generator_82', 'generator_102', 'generator_57', 'generator_86', 'generator_104', 'generator_105', 'generator_92', 'generator_107', 'generator_108', 'generator_82', 'generator_110', 'generator_65', 'generator_92', 'generator_112', 'generator_113', 'generator_64', 'generator_115', 'generator_116', 'generator_117', 'generator_104', 'generator_64', 'generator_79', 'generator_65', 'generator_121', 'generator_65']
number opened: 1
TRIAL 15
Action chosen: (yellow5, purple)
Outcome: False
partcle ids: ['generator_117', 'generator_79', 'generator_125', 'generator_64', 'generator_57', 'generator_86', 'generator_79', 'generator_64', 'generator_130', 'generator_100', 'generator_132', 'generator_86', 'generator_107', 'generator_117', 'generator_64', 'generator_136', 'generator_113', 'generator_138', 'generator_100', 'generator_140', 'generator_86', 'generator_105', 'generator_143', 'generator_144', 'generator_105', 'generator_146', 'generator_117', 'generator_148', 'generator_105', 'generator_149']
number opened: 1
TRIAL 16
Action chosen: (red, purple)
Outcome: False
partcle ids: ['generator_117', 'generator_79', 'generator_125', 'generator_64', 'generator_57', 'generator_86', 'generator_79', 'generator_64', 'generator_130', 'generator_100', 'generator_132', 'generator_86', 'generator_107', 'generator_117', 'generator_64', 'generator_136', 'generator_113', 'generator_138', 'generator_100', 'generator_140', 'generator_86', 'generator_105', 'generator_143', 'generator_144', 'generator_105', 'generator_146', 'generator_117', 'generator_148', 'generator_105', 'generator_149']
number opened: 1
TRIAL 17
Action chosen: (heart, purple)
Outcome: False
partcle ids: ['generator_117', 'generator_79', 'generator_125', 'generator_64', 'generator_57', 'generator_86', 'generator_79', 'generator_64', 'generator_130', 'generator_100', 'generator_132', 'generator_86', 'generator_107', 'generator_117', 'generator_64', 'generator_136', 'generator_113', 'generator_138', 'generator_100', 'generator_140', 'generator_86', 'generator_105', 'generator_143', 'generator_144', 'generator_105', 'generator_146', 'generator_117', 'generator_148', 'generator_105', 'generator_149']
number opened: 1
TRIAL 18
Action chosen: (green3, blue)
Outcome: False
partcle ids: ['generator_125', 'generator_143', 'generator_125', 'generator_153', 'generator_154', 'generator_155', 'generator_100', 'generator_157', 'generator_158', 'generator_100', 'generator_160', 'generator_136', 'generator_132', 'generator_100', 'generator_100', 'generator_165', 'generator_166', 'generator_167', 'generator_132', 'generator_132', 'generator_170', 'generator_125', 'generator_100', 'generator_173', 'generator_107', 'generator_132', 'generator_132', 'generator_117', 'generator_132', 'generator_179']
number opened: 1
TRIAL 19
Action chosen: (purple, purple)
Outcome: False
partcle ids: ['generator_125', 'generator_143', 'generator_125', 'generator_153', 'generator_154', 'generator_155', 'generator_100', 'generator_157', 'generator_158', 'generator_100', 'generator_160', 'generator_136', 'generator_132', 'generator_100', 'generator_100', 'generator_165', 'generator_166', 'generator_167', 'generator_132', 'generator_132', 'generator_170', 'generator_125', 'generator_100', 'generator_173', 'generator_107', 'generator_132', 'generator_132', 'generator_117', 'generator_132', 'generator_179']
number opened: 1
TRIAL 20
Action chosen: (pink, blue)
Outcome: False
partcle ids: ['generator_125', 'generator_143', 'generator_125', 'generator_153', 'generator_154', 'generator_155', 'generator_100', 'generator_157', 'generator_158', 'generator_100', 'generator_160', 'generator_136', 'generator_132', 'generator_100', 'generator_100', 'generator_165', 'generator_166', 'generator_167', 'generator_132', 'generator_132', 'generator_170', 'generator_125', 'generator_100', 'generator_173', 'generator_107', 'generator_132', 'generator_132', 'generator_117', 'generator_132', 'generator_179']
number opened: 1
TRIAL 21
Action chosen: (diamond, red)
Outcome: False
partcle ids: ['generator_180', 'generator_173', 'generator_154', 'generator_182', 'generator_143', 'generator_184', 'generator_154', 'generator_155', 'generator_187', 'generator_155', 'generator_166', 'generator_173', 'generator_191', 'number_match', 'generator_117', 'generator_192', 'generator_193', 'generator_194', 'generator_195', 'generator_196', 'generator_197', 'generator_198', 'generator_155', 'generator_199', 'generator_200', 'generator_201', 'generator_202', 'generator_179', 'generator_143', 'generator_173']
number opened: 1
TRIAL 22
Action chosen: (green3, purple)
Outcome: True
partcle ids: ['generator_204', 'generator_205', 'generator_206', 'generator_193', 'generator_193', 'generator_209', 'generator_210', 'generator_211', 'generator_212', 'generator_213', 'generator_214', 'generator_173', 'generator_216', 'generator_217', 'generator_218', 'generator_219', 'generator_200', 'generator_221', 'generator_222', 'generator_223', 'generator_224', 'generator_225', 'generator_193', 'generator_173', 'generator_227', 'generator_193', 'generator_229', 'generator_230', 'generator_231', 'generator_232']
number opened: 2
TRIAL 23
Action chosen: (heart, pink)
Outcome: False
partcle ids: ['generator_204', 'generator_205', 'generator_206', 'generator_193', 'generator_193', 'generator_209', 'generator_210', 'generator_211', 'generator_212', 'generator_213', 'generator_214', 'generator_173', 'generator_216', 'generator_217', 'generator_218', 'generator_219', 'generator_200', 'generator_221', 'generator_222', 'generator_223', 'generator_224', 'generator_225', 'generator_193', 'generator_173', 'generator_227', 'generator_193', 'generator_229', 'generator_230', 'generator_231', 'generator_232']
number opened: 2
TRIAL 24
Action chosen: (blue, blue)
Outcome: False
partcle ids: ['generator_204', 'generator_205', 'generator_206', 'generator_193', 'generator_193', 'generator_209', 'generator_210', 'generator_211', 'generator_212', 'generator_213', 'generator_214', 'generator_173', 'generator_216', 'generator_217', 'generator_218', 'generator_219', 'generator_200', 'generator_221', 'generator_222', 'generator_223', 'generator_224', 'generator_225', 'generator_193', 'generator_173', 'generator_227', 'generator_193', 'generator_229', 'generator_230', 'generator_231', 'generator_232']
number opened: 2
TRIAL 25
Action chosen: (triangle, blue)
Outcome: False
partcle ids: ['generator_204', 'generator_205', 'generator_206', 'generator_193', 'generator_193', 'generator_209', 'generator_210', 'generator_211', 'generator_212', 'generator_213', 'generator_214', 'generator_173', 'generator_216', 'generator_217', 'generator_218', 'generator_219', 'generator_200', 'generator_221', 'generator_222', 'generator_223', 'generator_224', 'generator_225', 'generator_193', 'generator_173', 'generator_227', 'generator_193', 'generator_229', 'generator_230', 'generator_231', 'generator_232']
number opened: 2
TRIAL 26
Action chosen: (white, blue)
Outcome: False
partcle ids: ['generator_204', 'generator_205', 'generator_206', 'generator_193', 'generator_193', 'generator_209', 'generator_210', 'generator_211', 'generator_212', 'generator_213', 'generator_214', 'generator_173', 'generator_216', 'generator_217', 'generator_218', 'generator_219', 'generator_200', 'generator_221', 'generator_222', 'generator_223', 'generator_224', 'generator_225', 'generator_193', 'generator_173', 'generator_227', 'generator_193', 'generator_229', 'generator_230', 'generator_231', 'generator_232']
number opened: 2
TRIAL 27
Action chosen: (white, pink)
Outcome: False
partcle ids: ['generator_204', 'generator_234', 'generator_193', 'generator_210', 'generator_213', 'generator_193', 'generator_210', 'generator_204', 'generator_210', 'generator_242', 'generator_243', 'generator_244', 'generator_216', 'generator_246', 'generator_173', 'generator_210', 'generator_204', 'generator_250', 'generator_216', 'generator_252', 'generator_216', 'number_match', 'generator_254', 'generator_255', 'generator_204', 'generator_257', 'generator_258', 'generator_259', 'generator_232', 'generator_261']
number opened: 2
TRIAL 28
Action chosen: (grey2, pink)
Outcome: True
partcle ids: ['generator_262', 'generator_263', 'generator_262', 'generator_264', 'generator_265', 'generator_266', 'generator_267', 'generator_204', 'generator_269', 'generator_204', 'generator_255', 'generator_272', 'generator_273', 'generator_274', 'generator_266', 'generator_275', 'generator_276', 'generator_204', 'generator_267', 'generator_277', 'generator_204', 'generator_269', 'generator_279', 'generator_280', 'generator_204', 'generator_255', 'generator_204', 'generator_204', 'generator_275', 'generator_282']
number opened: 3
TRIAL 29
Action chosen: (red, blue)
Outcome: False
partcle ids: ['generator_262', 'generator_263', 'generator_262', 'generator_264', 'generator_265', 'generator_266', 'generator_267', 'generator_204', 'generator_269', 'generator_204', 'generator_255', 'generator_272', 'generator_273', 'generator_274', 'generator_266', 'generator_275', 'generator_276', 'generator_204', 'generator_267', 'generator_277', 'generator_204', 'generator_269', 'generator_279', 'generator_280', 'generator_204', 'generator_255', 'generator_204', 'generator_204', 'generator_275', 'generator_282']
number opened: 3
TRIAL 30
Action chosen: (white, red)
Outcome: False
partcle ids: ['generator_262', 'generator_263', 'generator_262', 'generator_264', 'generator_265', 'generator_266', 'generator_267', 'generator_204', 'generator_269', 'generator_204', 'generator_255', 'generator_272', 'generator_273', 'generator_274', 'generator_266', 'generator_275', 'generator_276', 'generator_204', 'generator_267', 'generator_277', 'generator_204', 'generator_269', 'generator_279', 'generator_280', 'generator_204', 'generator_255', 'generator_204', 'generator_204', 'generator_275', 'generator_282']
number opened: 3
TRIAL 31
Action chosen: (blue, blue)
Outcome: False
partcle ids: ['generator_272', 'generator_262', 'generator_279', 'generator_262', 'generator_286', 'generator_287', 'generator_288', 'generator_263', 'generator_290', 'generator_275', 'generator_291', 'generator_265', 'generator_263', 'generator_264', 'number_match', 'generator_204', 'generator_268', 'generator_279', 'generator_279', 'generator_295', 'generator_296', 'generator_297', 'generator_262', 'generator_255', 'generator_264', 'generator_291', 'generator_264', 'generator_255', 'generator_300', 'generator_301']
number opened: 3
TRIAL 32
Action chosen: (cloud, blue)
Outcome: False
partcle ids: ['generator_272', 'generator_262', 'generator_279', 'generator_262', 'generator_286', 'generator_287', 'generator_288', 'generator_263', 'generator_290', 'generator_275', 'generator_291', 'generator_265', 'generator_263', 'generator_264', 'number_match', 'generator_204', 'generator_268', 'generator_279', 'generator_279', 'generator_295', 'generator_296', 'generator_297', 'generator_262', 'generator_255', 'generator_264', 'generator_291', 'generator_264', 'generator_255', 'generator_300', 'generator_301']
number opened: 3
TRIAL 33
Action chosen: (yellow5, blue)
Outcome: True
partcle ids: ['generator_279', 'number_match', 'generator_279', 'generator_301', 'generator_279', 'generator_279', 'generator_304', 'generator_303', 'generator_279', 'generator_277', 'generator_277', 'generator_302', 'generator_279', 'generator_291', 'generator_291', 'generator_304', 'generator_291', 'generator_291', 'generator_301', 'generator_291', 'generator_291', 'generator_279', 'generator_291', 'generator_301', 'generator_304', 'generator_277', 'generator_279', 'number_match', 'generator_279', 'generator_279']
number opened: 4
TRIAL 34
Action chosen: (heart, red)
Outcome: False
partcle ids: ['generator_279', 'number_match', 'generator_279', 'generator_301', 'generator_279', 'generator_279', 'generator_304', 'generator_303', 'generator_279', 'generator_277', 'generator_277', 'generator_302', 'generator_279', 'generator_291', 'generator_291', 'generator_304', 'generator_291', 'generator_291', 'generator_301', 'generator_291', 'generator_291', 'generator_279', 'generator_291', 'generator_301', 'generator_304', 'generator_277', 'generator_279', 'number_match', 'generator_279', 'generator_279']
number opened: 4
TRIAL 35
Action chosen: (pink, red)
Outcome: False
partcle ids: ['generator_279', 'number_match', 'generator_279', 'generator_301', 'generator_279', 'generator_279', 'generator_304', 'generator_303', 'generator_279', 'generator_277', 'generator_277', 'generator_302', 'generator_279', 'generator_291', 'generator_291', 'generator_304', 'generator_291', 'generator_291', 'generator_301', 'generator_291', 'generator_291', 'generator_279', 'generator_291', 'generator_301', 'generator_304', 'generator_277', 'generator_279', 'number_match', 'generator_279', 'generator_279']
number opened: 4
TRIAL 36
Action chosen: (cloud, red)
Outcome: False
partcle ids: ['generator_277', 'number_match', 'generator_301', 'generator_301', 'generator_279', 'generator_277', 'generator_277', 'generator_277', 'generator_277', 'generator_279', 'generator_304', 'generator_301', 'generator_277', 'generator_277', 'number_match', 'generator_303', 'generator_291', 'generator_301', 'generator_301', 'generator_266', 'generator_277', 'number_match', 'generator_301', 'number_match', 'number_match', 'generator_277', 'generator_277', 'number_match', 'generator_277', 'generator_301']
number opened: 4
TRIAL 37
Action chosen: (triangle, red)
Outcome: False
partcle ids: ['generator_277', 'number_match', 'generator_301', 'generator_301', 'generator_279', 'generator_277', 'generator_277', 'generator_277', 'generator_277', 'generator_279', 'generator_304', 'generator_301', 'generator_277', 'generator_277', 'number_match', 'generator_303', 'generator_291', 'generator_301', 'generator_301', 'generator_266', 'generator_277', 'number_match', 'generator_301', 'number_match', 'number_match', 'generator_277', 'generator_277', 'number_match', 'generator_277', 'generator_301']
number opened: 4
TRIAL 38
Action chosen: (blue, red)
Outcome: False
partcle ids: ['number_match', 'number_match', 'number_match', 'generator_291', 'number_match', 'generator_291', 'generator_303', 'generator_279', 'number_match', 'generator_277', 'number_match', 'generator_302', 'number_match', 'number_match', 'generator_291', 'generator_279', 'generator_303', 'number_match', 'generator_302', 'number_match', 'generator_279', 'generator_291', 'number_match', 'number_match', 'generator_291', 'generator_279', 'generator_277', 'number_match', 'number_match', 'generator_277']
number opened: 4
TRIAL 39
Action chosen: (red, red)
Outcome: True
partcle ids: ['number_match', 'number_match', 'number_match', 'number_match', 'number_match', 'number_match', 'number_match', 'number_match', 'number_match', 'number_match', 'number_match', 'number_match', 'number_match', 'number_match', 'number_match', 'number_match', 'number_match', 'number_match', 'number_match', 'number_match', 'number_match', 'number_match', 'number_match', 'number_match', 'number_match', 'number_match', 'number_match', 'number_match', 'number_match', 'number_match']
number opened: 5
{"attempts": 39, "unique_key_box_pairs": 38, "revisit_attempts": 1, "revisit_rate": 0.02631578947368421, "attempts_before_abandoning_color_matching": 1, "color_matching_abandoned": true}
