{"Child_ID": "D048", "SoC_variant": "SoC-Full", "theta": [15, 1], "p_gen": 0.4, "true_prior": 0.02, "run_number": 53, "seed": 7205605948659129453}
TRIAL 1
Action chosen: (green3, blue)
Outcome: False
partcle ids: ['generator_1', 'similar_color_5', 'similar_color_3', 'generator_2', 'similar_color_1', 'similar_color_6', 'generator_3', 'shape_match', 'similar_color_3', 'number_match', 'similar_color_6', 'similar_color_7', 'generator_4', 'similar_color_10', 'similar_color_2', 'similar_color_6', 'similar_color_6', 'similar_color_14', 'similar_color_14', 'similar_color_3', 'similar_color_10', 'similar_color_14', 'similar_color_13', 'generator_5', 'similar_color_5', 'similar_color_8', 'similar_color_11', 'similar_color_12', 'order_match', 'generator_6']
number opened: 0
TRIAL 2
Action chosen: (purple, purple)
Outcome: False
partcle ids: ['generator_2', 'generator_6', 'generator_7', 'generator_3', 'generator_2', 'generator_8', 'generator_2', 'generator_2', 'generator_9', 'generator_10', 'generator_11', 'similar_color_9', 'generator_6', 'generator_2', 'generator_3', 'generator_4', 'generator_13', 'generator_14', 'generator_1', 'generator_6', 'similar_color_7', 'generator_4', 'generator_15', 'generator_16', 'generator_6', 'similar_color_5', 'similar_color_2', 'generator_4', 'similar_color_11', 'generator_4']
number opened: 0
TRIAL 3
Action chosen: (pink, pink)
Outcome: False
partcle ids: ['generator_2', 'generator_6', 'generator_7', 'generator_3', 'generator_2', 'generator_8', 'generator_2', 'generator_2', 'generator_9', 'generator_10', 'generator_11', 'similar_color_9', 'generator_6', 'generator_2', 'generator_3', 'generator_4', 'generator_13', 'generator_14', 'generator_1', 'generator_6', 'similar_color_7', 'generator_4', 'generator_15', 'generator_16', 'generator_6', 'similar_color_5', 'similar_color_2', 'generator_4', 'similar_color_11', 'generator_4']
number opened: 0
TRIAL 4
Action chosen: (cloud, purple)
Outcome: False
partcle ids: ['generator_2', 'generator_6', 'generator_7', 'generator_3', 'generator_2', 'generator_8', 'generator_2', 'generator_2', 'generator_9', 'generator_10', 'generator_11', 'similar_color_9', 'generator_6', 'generator_2', 'generator_3', 'generator_4', 'generator_13', 'generator_14', 'generator_1', 'generator_6', 'similar_color_7', 'generator_4', 'generator_15', 'generator_16', 'generator_6', 'similar_color_5', 'similar_color_2', 'generator_4', 'similar_color_11', 'generator_4']
number opened: 0
TRIAL 5
Action chosen: (grey2, purple)
Outcome: False
partcle ids: ['generator_8', 'generator_15', 'generator_16', 'generator_3', 'generator_17', 'generator_14', 'generator_18', 'generator_19', 'similar_color_2', 'generator_11', 'generator_8', 'generator_11', 'generator_14', 'generator_3', 'generator_15', 'generator_9', 'generator_9', 'generator_21', 'generator_14', 'generator_22', 'generator_11', 'generator_14', 'generator_23', 'generator_14', 'generator_3', 'generator_8', 'generator_7', 'generator_3', 'generator_25', 'generator_26']
number opened: 0
TRIAL 6
Action chosen: (orange4, blue)
Outcome: False
partcle ids: ['generator_8', 'generator_15', 'generator_16', 'generator_3', 'generator_17', 'generator_14', 'generator_18', 'generator_19', 'similar_color_2', 'generator_11', 'generator_8', 'generator_11', 'generator_14', 'generator_3', 'generator_15', 'generator_9', 'generator_9', 'generator_21', 'generator_14', 'generator_22', 'generator_11', 'generator_14', 'generator_23', 'generator_14', 'generator_3', 'generator_8', 'generator_7', 'generator_3', 'generator_25', 'generator_26']
number opened: 0
TRIAL 7
Action chosen: (cloud, pink)
Outcome: False
partcle ids: ['generator_27', 'generator_7', 'generator_25', 'generator_3', 'generator_19', 'generator_28', 'generator_9', 'generator_29', 'generator_30', 'generator_9', 'generator_32', 'generator_15', 'generator_21', 'generator_23', 'generator_9', 'generator_25', 'generator_15', 'generator_36', 'generator_9', 'generator_9', 'generator_19', 'order_match', 'generator_11', 'generator_37', 'generator_38', 'generator_25', 'generator_22', 'generator_23', 'generator_15', 'generator_23']
number opened: 0
TRIAL 8
Action chosen: (orange4, red)
Outcome: False
partcle ids: ['generator_27', 'generator_7', 'generator_25', 'generator_3', 'generator_19', 'generator_28', 'generator_9', 'generator_29', 'generator_30', 'generator_9', 'generator_32', 'generator_15', 'generator_21', 'generator_23', 'generator_9', 'generator_25', 'generator_15', 'generator_36', 'generator_9', 'generator_9', 'generator_19', 'order_match', 'generator_11', 'generator_37', 'generator_38', 'generator_25', 'generator_22', 'generator_23', 'generator_15', 'generator_23']
number opened: 0
TRIAL 9
Action chosen: (triangle, purple)
Outcome: False
partcle ids: ['generator_27', 'generator_7', 'generator_25', 'generator_3', 'generator_19', 'generator_28', 'generator_9', 'generator_29', 'generator_30', 'generator_9', 'generator_32', 'generator_15', 'generator_21', 'generator_23', 'generator_9', 'generator_25', 'generator_15', 'generator_36', 'generator_9', 'generator_9', 'generator_19', 'order_match', 'generator_11', 'generator_37', 'generator_38', 'generator_25', 'generator_22', 'generator_23', 'generator_15', 'generator_23']
number opened: 0
TRIAL 10
Action chosen: (grey2, pink)
Outcome: True
partcle ids: ['generator_27', 'generator_42', 'generator_27', 'generator_44', 'generator_45', 'generator_23', 'generator_27', 'order_match', 'generator_47', 'generator_23', 'generator_49', 'generator_50', 'generator_51', 'generator_27', 'order_match', 'generator_52', 'generator_53', 'generator_23', 'generator_55', 'generator_23', 'generator_23', 'generator_57', 'number_match', 'generator_58', 'generator_59', 'generator_60', 'generator_23', 'generator_23', 'generator_23', 'generator_63']
number opened: 1
TRIAL 11
Action chosen: (yellow5, blue)
Outcome: True
partcle ids: ['generator_23', 'generator_64', 'generator_65', 'generator_42', 'generator_67', 'generator_68', 'generator_69', 'generator_70', 'generator_71', 'generator_72', 'generator_73', 'generator_74', 'generator_75', 'generator_76', 'generator_77', 'generator_23', 'generator_79', 'generator_80', 'generator_81', 'generator_82', 'generator_83', 'generator_59', 'generator_23', 'generator_85', 'generator_86', 'generator_87', 'generator_88', 'generator_89', 'generator_90', 'generator_91']
number opened: 2
TRIAL 12
Action chosen: (green3, red)
Outcome: False
partcle ids: ['generator_23', 'generator_64', 'generator_65', 'generator_42', 'generator_67', 'generator_68', 'generator_69', 'generator_70', 'generator_71', 'generator_72', 'generator_73', 'generator_74', 'generator_75', 'generator_76', 'generator_77', 'generator_23', 'generator_79', 'generator_80', 'generator_81', 'generator_82', 'generator_83', 'generator_59', 'generator_23', 'generator_85', 'generator_86', 'generator_87', 'generator_88', 'generator_89', 'generator_90', 'generator_91']
number opened: 2
TRIAL 13
Action chosen: (white, purple)
Outcome: False
partcle ids: ['generator_23', 'generator_64', 'generator_65', 'generator_42', 'generator_67', 'generator_68', 'generator_69', 'generator_70', 'generator_71', 'generator_72', 'generator_73', 'generator_74', 'generator_75', 'generator_76', 'generator_77', 'generator_23', 'generator_79', 'generator_80', 'generator_81', 'generator_82', 'generator_83', 'generator_59', 'generator_23', 'generator_85', 'generator_86', 'generator_87', 'generator_88', 'generator_89', 'generator_90', 'generator_91']
number opened: 2
TRIAL 14
Action chosen: (diamond, white)
Outcome: False
partcle ids: ['generator_92', 'generator_67', 'generator_93', 'generator_94', 'generator_90', 'generator_96', 'generator_77', 'generator_98', 'generator_99', 'generator_100', 'generator_101', 'generator_102', 'generator_103', 'generator_104', 'generator_105', 'generator_106', 'generator_107', 'generator_108', 'generator_86', 'generator_110', 'generator_111', 'generator_90', 'generator_73', 'generator_81', 'generator_91', 'generator_89', 'generator_115', 'generator_116', 'generator_73', 'generator_77']
number opened: 2
TRIAL 15
Action chosen: (diamond, red)
Outcome: False
partcle ids: ['generator_92', 'generator_67', 'generator_93', 'generator_94', 'generator_90', 'generator_96', 'generator_77', 'generator_98', 'generator_99', 'generator_100', 'generator_101', 'generator_102', 'generator_103', 'generator_104', 'generator_105', 'generator_106', 'generator_107', 'generator_108', 'generator_86', 'generator_110', 'generator_111', 'generator_90', 'generator_73', 'generator_81', 'generator_91', 'generator_89', 'generator_115', 'generator_116', 'generator_73', 'generator_77']
number opened: 2
TRIAL 16
Action chosen: (white, red)
Outcome: False
partcle ids: ['generator_92', 'generator_67', 'generator_93', 'generator_94', 'generator_90', 'generator_96', 'generator_77', 'generator_98', 'generator_99', 'generator_100', 'generator_101', 'generator_102', 'generator_103', 'generator_104', 'generator_105', 'generator_106', 'generator_107', 'generator_108', 'generator_86', 'generator_110', 'generator_111', 'generator_90', 'generator_73', 'generator_81', 'generator_91', 'generator_89', 'generator_115', 'generator_116', 'generator_73', 'generator_77']
number opened: 2
TRIAL 17
Action chosen: (orange4, purple)
Outcome: False
partcle ids: ['generator_92', 'generator_67', 'generator_93', 'generator_94', 'generator_90', 'generator_96', 'generator_77', 'generator_98', 'generator_99', 'generator_100', 'generator_101', 'generator_102', 'generator_103', 'generator_104', 'generator_105', 'generator_106', 'generator_107', 'generator_108', 'generator_86', 'generator_110', 'generator_111', 'generator_90', 'generator_73', 'generator_81', 'generator_91', 'generator_89', 'generator_115', 'generator_116', 'generator_73', 'generator_77']
number opened: 2
TRIAL 18
Action chosen: (pink, purple)
Outcome: False
partcle ids: ['generator_101', 'generator_120', 'generator_105', 'generator_107', 'generator_96', 'generator_105', 'generator_124', 'generator_107', 'generator_101', 'generator_92', 'generator_96', 'generator_128', 'generator_129', 'generator_92', 'generator_131', 'generator_132', 'generator_133', 'generator_134', 'generator_93', 'generator_107', 'generator_129', 'generator_99', 'generator_137', 'generator_111', 'generator_139', 'generator_107', 'generator_110', 'generator_96', 'generator_142', 'generator_96']
number opened: 2
TRIAL 19
Action chosen: (blue, purple)
Outcome: False
partcle ids: ['generator_101', 'generator_120', 'generator_105', 'generator_107', 'generator_96', 'generator_105', 'generator_124', 'generator_107', 'generator_101', 'generator_92', 'generator_96', 'generator_128', 'generator_129', 'generator_92', 'generator_131', 'generator_132', 'generator_133', 'generator_134', 'generator_93', 'generator_107', 'generator_129', 'generator_99', 'generator_137', 'generator_111', 'generator_139', 'generator_107', 'generator_110', 'generator_96', 'generator_142', 'generator_96']
number opened: 2
TRIAL 20
Action chosen: (heart, purple)
Outcome: False
partcle ids: ['generator_105', 'generator_105', 'generator_101', 'generator_146', 'generator_147', 'generator_148', 'generator_149', 'generator_105', 'generator_105', 'generator_101', 'generator_137', 'generator_154', 'generator_137', 'generator_156', 'generator_157', 'generator_101', 'generator_110', 'generator_159', 'generator_105', 'generator_105', 'generator_161', 'generator_101', 'generator_137', 'generator_164', 'generator_105', 'generator_166', 'generator_129', 'generator_137', 'generator_107', 'generator_107']
number opened: 2
TRIAL 21
Action chosen: (red, purple)
Outcome: False
partcle ids: ['generator_105', 'generator_105', 'generator_101', 'generator_146', 'generator_147', 'generator_148', 'generator_149', 'generator_105', 'generator_105', 'generator_101', 'generator_137', 'generator_154', 'generator_137', 'generator_156', 'generator_157', 'generator_101', 'generator_110', 'generator_159', 'generator_105', 'generator_105', 'generator_161', 'generator_101', 'generator_137', 'generator_164', 'generator_105', 'generator_166', 'generator_129', 'generator_137', 'generator_107', 'generator_107']
number opened: 2
TRIAL 22
Action chosen: (triangle, white)
Outcome: False
partcle ids: ['generator_164', 'generator_171', 'generator_172', 'generator_173', 'generator_148', 'generator_174', 'generator_175', 'generator_146', 'generator_166', 'generator_178', 'generator_179', 'generator_180', 'generator_111', 'generator_181', 'generator_107', 'generator_182', 'generator_129', 'generator_184', 'generator_148', 'generator_148', 'generator_161', 'number_match', 'generator_107', 'generator_187', 'generator_188', 'generator_189', 'generator_148', 'number_match', 'generator_190', 'generator_191']
number opened: 2
TRIAL 23
Action chosen: (green3, purple)
Outcome: True
partcle ids: ['generator_192', 'generator_193', 'generator_175', 'generator_148', 'generator_195', 'generator_148', 'generator_196', 'generator_197', 'generator_198', 'generator_199', 'generator_180', 'generator_195', 'generator_148', 'generator_180', 'generator_202', 'generator_203', 'generator_204', 'generator_205', 'generator_206', 'generator_148', 'generator_175', 'generator_199', 'generator_209', 'generator_197', 'generator_210', 'generator_148', 'generator_211', 'generator_180', 'generator_212', 'generator_148']
number opened: 3
TRIAL 24
Action chosen: (heart, red)
Outcome: False
partcle ids: ['generator_192', 'generator_193', 'generator_175', 'generator_148', 'generator_195', 'generator_148', 'generator_196', 'generator_197', 'generator_198', 'generator_199', 'generator_180', 'generator_195', 'generator_148', 'generator_180', 'generator_202', 'generator_203', 'generator_204', 'generator_205', 'generator_206', 'generator_148', 'generator_175', 'generator_199', 'generator_209', 'generator_197', 'generator_210', 'generator_148', 'generator_211', 'generator_180', 'generator_212', 'generator_148']
number opened: 3
TRIAL 25
Action chosen: (blue, white)
Outcome: False
partcle ids: ['generator_192', 'generator_193', 'generator_175', 'generator_148', 'generator_195', 'generator_148', 'generator_196', 'generator_197', 'generator_198', 'generator_199', 'generator_180', 'generator_195', 'generator_148', 'generator_180', 'generator_202', 'generator_203', 'generator_204', 'generator_205', 'generator_206', 'generator_148', 'generator_175', 'generator_199', 'generator_209', 'generator_197', 'generator_210', 'generator_148', 'generator_211', 'generator_180', 'generator_212', 'generator_148']
number opened: 3
TRIAL 26
Action chosen: (triangle, red)
Outcome: False
partcle ids: ['generator_180', 'generator_101', 'generator_214', 'generator_197', 'generator_215', 'generator_216', 'generator_206', 'generator_192', 'generator_196', 'generator_217', 'generator_195', 'number_match', 'generator_197', 'generator_219', 'generator_196', 'generator_196', 'generator_180', 'generator_196', 'generator_223', 'generator_195', 'generator_224', 'generator_195', 'generator_192', 'generator_198', 'generator_225', 'generator_198', 'generator_205', 'generator_198', 'generator_193', 'generator_193']
number opened: 3
TRIAL 27
Action chosen: (purple, red)
Outcome: False
partcle ids: ['generator_180', 'generator_101', 'generator_214', 'generator_197', 'generator_215', 'generator_216', 'generator_206', 'generator_192', 'generator_196', 'generator_217', 'generator_195', 'number_match', 'generator_197', 'generator_219', 'generator_196', 'generator_196', 'generator_180', 'generator_196', 'generator_223', 'generator_195', 'generator_224', 'generator_195', 'generator_192', 'generator_198', 'generator_225', 'generator_198', 'generator_205', 'generator_198', 'generator_193', 'generator_193']
number opened: 3
TRIAL 28
Action chosen: (pink, red)
Outcome: False
partcle ids: ['generator_180', 'generator_101', 'generator_214', 'generator_197', 'generator_215', 'generator_216', 'generator_206', 'generator_192', 'generator_196', 'generator_217', 'generator_195', 'number_match', 'generator_197', 'generator_219', 'generator_196', 'generator_196', 'generator_180', 'generator_196', 'generator_223', 'generator_195', 'generator_224', 'generator_195', 'generator_192', 'generator_198', 'generator_225', 'generator_198', 'generator_205', 'generator_198', 'generator_193', 'generator_193']
number opened: 3
TRIAL 29
Action chosen: (red, white)
Outcome: False
partcle ids: ['generator_219', 'generator_228', 'generator_197', 'generator_226', 'generator_230', 'generator_214', 'generator_231', 'generator_210', 'generator_226', 'generator_219', 'generator_226', 'generator_214', 'generator_201', 'generator_195', 'generator_232', 'generator_233', 'generator_234', 'generator_235', 'generator_224', 'generator_205', 'generator_180', 'generator_234', 'generator_217', 'generator_236', 'generator_214', 'generator_214', 'generator_205', 'generator_219', 'generator_203', 'generator_205']
number opened: 3
TRIAL 30
Action chosen: (cloud, red)
Outcome: False
partcle ids: ['generator_219', 'generator_228', 'generator_197', 'generator_226', 'generator_230', 'generator_214', 'generator_231', 'generator_210', 'generator_226', 'generator_219', 'generator_226', 'generator_214', 'generator_201', 'generator_195', 'generator_232', 'generator_233', 'generator_234', 'generator_235', 'generator_224', 'generator_205', 'generator_180', 'generator_234', 'generator_217', 'generator_236', 'generator_214', 'generator_214', 'generator_205', 'generator_219', 'generator_203', 'generator_205']
number opened: 3
TRIAL 31
Action chosen: (heart, white)
Outcome: False
partcle ids: ['generator_219', 'generator_228', 'generator_197', 'generator_226', 'generator_230', 'generator_214', 'generator_231', 'generator_210', 'generator_226', 'generator_219', 'generator_226', 'generator_214', 'generator_201', 'generator_195', 'generator_232', 'generator_233', 'generator_234', 'generator_235', 'generator_224', 'generator_205', 'generator_180', 'generator_234', 'generator_217', 'generator_236', 'generator_214', 'generator_214', 'generator_205', 'generator_219', 'generator_203', 'generator_205']
number opened: 3
TRIAL 32
Action chosen: (orange4, white)
Outcome: True
partcle ids: ['generator_231', 'generator_231', 'generator_231', 'generator_196', 'generator_231', 'generator_240', 'generator_231', 'number_match', 'generator_209', 'generator_231', 'generator_219', 'generator_209', 'generator_231', 'generator_219', 'generator_231', 'number_match', 'generator_219', 'generator_231', 'number_match', 'generator_196', 'generator_204', 'generator_196', 'generator_209', 'generator_219', 'generator_232', 'generator_219', 'generator_231', 'generator_232', 'generator_231', 'generator_232']
number opened: 4
TRIAL 33
Action chosen: (blue, red)
Outcome: False
partcle ids: ['generator_231', 'generator_231', 'generator_231', 'generator_196', 'generator_231', 'generator_240', 'generator_231', 'number_match', 'generator_209', 'generator_231', 'generator_219', 'generator_209', 'generator_231', 'generator_219', 'generator_231', 'number_match', 'generator_219', 'generator_231', 'number_match', 'generator_196', 'generator_204', 'generator_196', 'generator_209', 'generator_219', 'generator_232', 'generator_219', 'generator_231', 'generator_232', 'generator_231', 'generator_232']
number opened: 4
TRIAL 34
Action chosen: (diamond, red)
Outcome: False
partcle ids: ['generator_231', 'generator_231', 'generator_231', 'generator_196', 'generator_231', 'generator_240', 'generator_231', 'number_match', 'generator_209', 'generator_231', 'generator_219', 'generator_209', 'generator_231', 'generator_219', 'generator_231', 'number_match', 'generator_219', 'generator_231', 'number_match', 'generator_196', 'generator_204', 'generator_196', 'generator_209', 'generator_219', 'generator_232', 'generator_219', 'generator_231', 'generator_232', 'generator_231', 'generator_232']
number opened: 4
TRIAL 35
Action chosen: (white, red)
Outcome: False
partcle ids: ['generator_204', 'generator_196', 'generator_231', 'number_match', 'generator_204', 'generator_209', 'number_match', 'number_match', 'generator_231', 'generator_204', 'number_match', 'generator_196', 'generator_231', 'generator_241', 'generator_240', 'generator_209', 'number_match', 'number_match', 'generator_241', 'generator_240', 'generator_240', 'generator_231', 'generator_209', 'generator_241', 'generator_209', 'generator_241', 'number_match', 'number_match', 'generator_196', 'number_match']
number opened: 4
TRIAL 36
Action chosen: (red, red)
Outcome: True
partcle ids: ['number_match', 'number_match', 'number_match', 'number_match', 'number_match', 'number_match', 'number_match', 'number_match', 'number_match', 'number_match', 'number_match', 'number_match', 'number_match', 'number_match', 'number_match', 'number_match', 'number_match', 'number_match', 'number_match', 'number_match', 'number_match', 'number_match', 'number_match', 'number_match', 'number_match', 'number_match', 'number_match', 'number_match', 'number_match', 'number_match']
number opened: 5
{"attempts": 36, "unique_key_box_pairs": 34, "revisit_attempts": 2, "revisit_rate": 0.05714285714285714, "attempts_before_abandoning_color_matching": 0, "color_matching_abandoned": true}
