{"Child_ID": "D088", "SoC_variant": "SoC-Full", "theta": [1, 1], "p_gen": 0.5, "true_prior": 0.02, "run_number": 15, "seed": 7624568730013575953}
TRIAL 1
Action chosen: (pink, pink)
Outcome: False
partcle ids: ['generator_1', 'generator_2', 'generator_3', 'number_match', 'generator_4', 'similar_color_6', 'generator_5', 'generator_6', 'generator_7', 'generator_8', 'generator_9', 'shape_match', 'generator_10', 'similar_color_6', 'similar_color_2', 'number_match', 'similar_color_3', 'generator_11', 'similar_color_4', 'generator_12', 'similar_color_7', 'similar_color_9', 'similar_color_12', 'generator_13', 'similar_color_9', 'similar_color_4', 'generator_14', 'shape_match', 'generator_15', 'similar_color_10']
number opened: 0
TRIAL 2
Action chosen: (red, red)
Outcome: True
partcle ids: ['similar_color_9', 'order_match', 'similar_color_4', 'generator_16', 'generator_17', 'similar_color_4', 'similar_color_12', 'similar_color_11', 'generator_18', 'generator_19', 'similar_color_8', 'number_match', 'similar_color_12', 'similar_color_8', 'generator_20', 'generator_21', 'generator_22', 'order_match', 'generator_23', 'number_match', 'similar_color_8', 'generator_24', 'generator_25', 'similar_color_7', 'generator_26', 'generator_27', 'color_match', 'similar_color_3', 'similar_color_14', 'similar_color_7']
number opened: 1
TRIAL 3
Action chosen: (purple, purple)
Outcome: False
partcle ids: ['similar_color_9', 'order_match', 'similar_color_4', 'generator_16', 'generator_17', 'similar_color_4', 'similar_color_12', 'similar_color_11', 'generator_18', 'generator_19', 'similar_color_8', 'number_match', 'similar_color_12', 'similar_color_8', 'generator_20', 'generator_21', 'generator_22', 'order_match', 'generator_23', 'number_match', 'similar_color_8', 'generator_24', 'generator_25', 'similar_color_7', 'generator_26', 'generator_27', 'color_match', 'similar_color_3', 'similar_color_14', 'similar_color_7']
number opened: 1
TRIAL 4
Action chosen: (pink, pink)
Outcome: False
partcle ids: ['similar_color_9', 'order_match', 'similar_color_4', 'generator_16', 'generator_17', 'similar_color_4', 'similar_color_12', 'similar_color_11', 'generator_18', 'generator_19', 'similar_color_8', 'number_match', 'similar_color_12', 'similar_color_8', 'generator_20', 'generator_21', 'generator_22', 'order_match', 'generator_23', 'number_match', 'similar_color_8', 'generator_24', 'generator_25', 'similar_color_7', 'generator_26', 'generator_27', 'color_match', 'similar_color_3', 'similar_color_14', 'similar_color_7']
number opened: 1
TRIAL 5
Action chosen: (yellow5, blue)
Outcome: True
partcle ids: ['generator_28', 'generator_29', 'generator_30', 'generator_31', 'order_match', 'generator_32', 'generator_33', 'generator_16', 'generator_35', 'generator_36', 'generator_16', 'generator_38', 'generator_39', 'generator_40', 'generator_23', 'generator_41', 'generator_42', 'generator_43', 'generator_44', 'generator_45', 'order_match', 'generator_46', 'generator_47', 'generator_48', 'generator_49', 'generator_50', 'generator_51', 'generator_52', 'generator_53', 'generator_16']
number opened: 2
TRIAL 6
Action chosen: (orange4, purple)
Outcome: False
partcle ids: ['generator_28', 'generator_29', 'generator_30', 'generator_31', 'order_match', 'generator_32', 'generator_33', 'generator_16', 'generator_35', 'generator_36', 'generator_16', 'generator_38', 'generator_39', 'generator_40', 'generator_23', 'generator_41', 'generator_42', 'generator_43', 'generator_44', 'generator_45', 'order_match', 'generator_46', 'generator_47', 'generator_48', 'generator_49', 'generator_50', 'generator_51', 'generator_52', 'generator_53', 'generator_16']
number opened: 2
TRIAL 7
Action chosen: (purple, white)
Outcome: False
partcle ids: ['generator_28', 'generator_29', 'generator_30', 'generator_31', 'order_match', 'generator_32', 'generator_33', 'generator_16', 'generator_35', 'generator_36', 'generator_16', 'generator_38', 'generator_39', 'generator_40', 'generator_23', 'generator_41', 'generator_42', 'generator_43', 'generator_44', 'generator_45', 'order_match', 'generator_46', 'generator_47', 'generator_48', 'generator_49', 'generator_50', 'generator_51', 'generator_52', 'generator_53', 'generator_16']
number opened: 2
TRIAL 8
Action chosen: (pink, white)
Outcome: False
partcle ids: ['generator_28', 'generator_29', 'generator_30', 'generator_31', 'order_match', 'generator_32', 'generator_33', 'generator_16', 'generator_35', 'generator_36', 'generator_16', 'generator_38', 'generator_39', 'generator_40', 'generator_23', 'generator_41', 'generator_42', 'generator_43', 'generator_44', 'generator_45', 'order_match', 'generator_46', 'generator_47', 'generator_48', 'generator_49', 'generator_50', 'generator_51', 'generator_52', 'generator_53', 'generator_16']
number opened: 2
TRIAL 9
Action chosen: (orange4, white)
Outcome: True
partcle ids: ['generator_55', 'generator_47', 'generator_57', 'generator_58', 'generator_47', 'generator_59', 'generator_31', 'generator_61', 'generator_62', 'generator_31', 'generator_64', 'generator_40', 'generator_66', 'generator_67', 'generator_68', 'generator_69', 'generator_70', 'number_match', 'generator_71', 'generator_72', 'number_match', 'generator_73', 'generator_74', 'generator_75', 'generator_76', 'generator_77', 'generator_78', 'generator_79', 'generator_70', 'generator_80']
number opened: 3
TRIAL 10
Action chosen: (purple, pink)
Outcome: False
partcle ids: ['generator_55', 'generator_47', 'generator_57', 'generator_58', 'generator_47', 'generator_59', 'generator_31', 'generator_61', 'generator_62', 'generator_31', 'generator_64', 'generator_40', 'generator_66', 'generator_67', 'generator_68', 'generator_69', 'generator_70', 'number_match', 'generator_71', 'generator_72', 'number_match', 'generator_73', 'generator_74', 'generator_75', 'generator_76', 'generator_77', 'generator_78', 'generator_79', 'generator_70', 'generator_80']
number opened: 3
TRIAL 11
Action chosen: (green3, purple)
Outcome: True
partcle ids: ['generator_58', 'generator_58', 'number_match', 'number_match', 'generator_82', 'generator_58', 'generator_58', 'generator_83', 'generator_82', 'generator_78', 'generator_78', 'generator_71', 'generator_78', 'generator_78', 'generator_83', 'number_match', 'number_match', 'generator_78', 'generator_71', 'generator_58', 'generator_82', 'number_match', 'generator_82', 'generator_58', 'generator_40', 'generator_40', 'number_match', 'generator_40', 'generator_82', 'generator_81']
number opened: 4
TRIAL 12
Action chosen: (grey2, pink)
Outcome: True
partcle ids: ['number_match', 'number_match', 'number_match', 'number_match', 'number_match', 'number_match', 'number_match', 'number_match', 'number_match', 'number_match', 'number_match', 'number_match', 'number_match', 'number_match', 'number_match', 'number_match', 'number_match', 'number_match', 'number_match', 'number_match', 'number_match', 'number_match', 'number_match', 'number_match', 'number_match', 'number_match', 'number_match', 'number_match', 'number_match', 'number_match']
number opened: 5
{"attempts": 12, "unique_key_box_pairs": 11, "revisit_attempts": 1, "revisit_rate": 0.09090909090909091, "attempts_before_abandoning_color_matching": 4, "color_matching_abandoned": true}
