{"Child_ID": "D088", "SoC_variant": "SoC-Full", "theta": [1, 1], "p_gen": 0.5, "true_prior": 0.02, "run_number": 47, "seed": 3507086403590915039}
TRIAL 1
Action chosen: (pink, pink)
Outcome: False
partcle ids: ['generator_1', 'generator_2', 'order_match', 'similar_color_2', 'color_match', 'similar_color_13', 'generator_3', 'generator_4', 'similar_color_8', 'similar_color_13', 'generator_5', 'similar_color_9', 'generator_6', 'similar_color_11', 'generator_7', 'similar_color_10', 'similar_color_8', 'similar_color_1', 'generator_8', 'shape_match', 'generator_9', 'color_match', 'generator_10', 'generator_11', 'generator_12', 'similar_color_9', 'generator_13', 'similar_color_8', 'similar_color_12', 'similar_color_3']
number opened: 0
TRIAL 2
Action chosen: (purple, purple)
Outcome: False
partcle ids: ['generator_1', 'generator_2', 'order_match', 'similar_color_2', 'color_match', 'similar_color_13', 'generator_3', 'generator_4', 'similar_color_8', 'similar_color_13', 'generator_5', 'similar_color_9', 'generator_6', 'similar_color_11', 'generator_7', 'similar_color_10', 'similar_color_8', 'similar_color_1', 'generator_8', 'shape_match', 'generator_9', 'color_match', 'generator_10', 'generator_11', 'generator_12', 'similar_color_9', 'generator_13', 'similar_color_8', 'similar_color_12', 'similar_color_3']
number opened: 0
TRIAL 3
Action chosen: (red, red)
Outcome: True
partcle ids: ['generator_1', 'generator_2', 'order_match', 'similar_color_2', 'color_match', 'similar_color_13', 'generator_3', 'generator_4', 'similar_color_8', 'similar_color_13', 'generator_5', 'similar_color_9', 'generator_6', 'similar_color_11', 'generator_7', 'similar_color_10', 'similar_color_8', 'similar_color_1', 'generator_8', 'shape_match', 'generator_9', 'color_match', 'generator_10', 'generator_11', 'generator_12', 'similar_color_9', 'generator_13', 'similar_color_8', 'similar_color_12', 'similar_color_3']
number opened: 1
TRIAL 4
Action chosen: (blue, blue)
Outcome: False
partcle ids: ['similar_color_11', 'similar_color_13', 'similar_color_9', 'generator_2', 'generator_15', 'generator_16', 'generator_17', 'generator_18', 'similar_color_8', 'generator_19', 'generator_20', 'generator_21', 'generator_22', 'order_match', 'generator_23', 'generator_7', 'similar_color_1', 'generator_24', 'similar_color_12', 'similar_color_13', 'order_match', 'generator_2', 'generator_25', 'generator_2', 'generator_26', 'generator_27', 'similar_color_14', 'generator_28', 'generator_29', 'similar_color_10']
number opened: 1
TRIAL 5
Action chosen: (purple, purple)
Outcome: False
partcle ids: ['similar_color_11', 'similar_color_13', 'similar_color_9', 'generator_2', 'generator_15', 'generator_16', 'generator_17', 'generator_18', 'similar_color_8', 'generator_19', 'generator_20', 'generator_21', 'generator_22', 'order_match', 'generator_23', 'generator_7', 'similar_color_1', 'generator_24', 'similar_color_12', 'similar_color_13', 'order_match', 'generator_2', 'generator_25', 'generator_2', 'generator_26', 'generator_27', 'similar_color_14', 'generator_28', 'generator_29', 'similar_color_10']
number opened: 1
TRIAL 6
Action chosen: (purple, blue)
Outcome: False
partcle ids: ['similar_color_11', 'similar_color_13', 'similar_color_9', 'generator_2', 'generator_15', 'generator_16', 'generator_17', 'generator_18', 'similar_color_8', 'generator_19', 'generator_20', 'generator_21', 'generator_22', 'order_match', 'generator_23', 'generator_7', 'similar_color_1', 'generator_24', 'similar_color_12', 'similar_color_13', 'order_match', 'generator_2', 'generator_25', 'generator_2', 'generator_26', 'generator_27', 'similar_color_14', 'generator_28', 'generator_29', 'similar_color_10']
number opened: 1
TRIAL 7
Action chosen: (purple, purple)
Outcome: False
partcle ids: ['similar_color_11', 'similar_color_13', 'similar_color_9', 'generator_2', 'generator_15', 'generator_16', 'generator_17', 'generator_18', 'similar_color_8', 'generator_19', 'generator_20', 'generator_21', 'generator_22', 'order_match', 'generator_23', 'generator_7', 'similar_color_1', 'generator_24', 'similar_color_12', 'similar_color_13', 'order_match', 'generator_2', 'generator_25', 'generator_2', 'generator_26', 'generator_27', 'similar_color_14', 'generator_28', 'generator_29', 'similar_color_10']
number opened: 1
TRIAL 8
Action chosen: (white, white)
Outcome: False
partcle ids: ['similar_color_11', 'similar_color_13', 'similar_color_9', 'generator_2', 'generator_15', 'generator_16', 'generator_17', 'generator_18', 'similar_color_8', 'generator_19', 'generator_20', 'generator_21', 'generator_22', 'order_match', 'generator_23', 'generator_7', 'similar_color_1', 'generator_24', 'similar_color_12', 'similar_color_13', 'order_match', 'generator_2', 'generator_25', 'generator_2', 'generator_26', 'generator_27', 'similar_color_14', 'generator_28', 'generator_29', 'similar_color_10']
number opened: 1
TRIAL 9
Action chosen: (orange4, purple)
Outcome: False
partcle ids: ['similar_color_11', 'similar_color_13', 'similar_color_9', 'generator_2', 'generator_15', 'generator_16', 'generator_17', 'generator_18', 'similar_color_8', 'generator_19', 'generator_20', 'generator_21', 'generator_22', 'order_match', 'generator_23', 'generator_7', 'similar_color_1', 'generator_24', 'similar_color_12', 'similar_color_13', 'order_match', 'generator_2', 'generator_25', 'generator_2', 'generator_26', 'generator_27', 'similar_color_14', 'generator_28', 'generator_29', 'similar_color_10']
number opened: 1
TRIAL 10
Action chosen: (green3, pink)
Outcome: False
partcle ids: ['similar_color_11', 'similar_color_13', 'similar_color_9', 'generator_2', 'generator_15', 'generator_16', 'generator_17', 'generator_18', 'similar_color_8', 'generator_19', 'generator_20', 'generator_21', 'generator_22', 'order_match', 'generator_23', 'generator_7', 'similar_color_1', 'generator_24', 'similar_color_12', 'similar_color_13', 'order_match', 'generator_2', 'generator_25', 'generator_2', 'generator_26', 'generator_27', 'similar_color_14', 'generator_28', 'generator_29', 'similar_color_10']
number opened: 1
TRIAL 11
Action chosen: (heart, white)
Outcome: False
partcle ids: ['similar_color_11', 'similar_color_13', 'similar_color_9', 'generator_2', 'generator_15', 'generator_16', 'generator_17', 'generator_18', 'similar_color_8', 'generator_19', 'generator_20', 'generator_21', 'generator_22', 'order_match', 'generator_23', 'generator_7', 'similar_color_1', 'generator_24', 'similar_color_12', 'similar_color_13', 'order_match', 'generator_2', 'generator_25', 'generator_2', 'generator_26', 'generator_27', 'similar_color_14', 'generator_28', 'generator_29', 'similar_color_10']
number opened: 1
TRIAL 12
Action chosen: (triangle, white)
Outcome: False
partcle ids: ['similar_color_11', 'similar_color_13', 'similar_color_9', 'generator_2', 'generator_15', 'generator_16', 'generator_17', 'generator_18', 'similar_color_8', 'generator_19', 'generator_20', 'generator_21', 'generator_22', 'order_match', 'generator_23', 'generator_7', 'similar_color_1', 'generator_24', 'similar_color_12', 'similar_color_13', 'order_match', 'generator_2', 'generator_25', 'generator_2', 'generator_26', 'generator_27', 'similar_color_14', 'generator_28', 'generator_29', 'similar_color_10']
number opened: 1
TRIAL 13
Action chosen: (white, white)
Outcome: False
partcle ids: ['similar_color_11', 'similar_color_13', 'similar_color_9', 'generator_2', 'generator_15', 'generator_16', 'generator_17', 'generator_18', 'similar_color_8', 'generator_19', 'generator_20', 'generator_21', 'generator_22', 'order_match', 'generator_23', 'generator_7', 'similar_color_1', 'generator_24', 'similar_color_12', 'similar_color_13', 'order_match', 'generator_2', 'generator_25', 'generator_2', 'generator_26', 'generator_27', 'similar_color_14', 'generator_28', 'generator_29', 'similar_color_10']
number opened: 1
TRIAL 14
Action chosen: (orange4, purple)
Outcome: False
partcle ids: ['similar_color_11', 'similar_color_13', 'similar_color_9', 'generator_2', 'generator_15', 'generator_16', 'generator_17', 'generator_18', 'similar_color_8', 'generator_19', 'generator_20', 'generator_21', 'generator_22', 'order_match', 'generator_23', 'generator_7', 'similar_color_1', 'generator_24', 'similar_color_12', 'similar_color_13', 'order_match', 'generator_2', 'generator_25', 'generator_2', 'generator_26', 'generator_27', 'similar_color_14', 'generator_28', 'generator_29', 'similar_color_10']
number opened: 1
TRIAL 15
Action chosen: (purple, purple)
Outcome: False
partcle ids: ['similar_color_11', 'similar_color_13', 'similar_color_9', 'generator_2', 'generator_15', 'generator_16', 'generator_17', 'generator_18', 'similar_color_8', 'generator_19', 'generator_20', 'generator_21', 'generator_22', 'order_match', 'generator_23', 'generator_7', 'similar_color_1', 'generator_24', 'similar_color_12', 'similar_color_13', 'order_match', 'generator_2', 'generator_25', 'generator_2', 'generator_26', 'generator_27', 'similar_color_14', 'generator_28', 'generator_29', 'similar_color_10']
number opened: 1
TRIAL 16
Action chosen: (diamond, blue)
Outcome: False
partcle ids: ['similar_color_11', 'similar_color_13', 'similar_color_9', 'generator_2', 'generator_15', 'generator_16', 'generator_17', 'generator_18', 'similar_color_8', 'generator_19', 'generator_20', 'generator_21', 'generator_22', 'order_match', 'generator_23', 'generator_7', 'similar_color_1', 'generator_24', 'similar_color_12', 'similar_color_13', 'order_match', 'generator_2', 'generator_25', 'generator_2', 'generator_26', 'generator_27', 'similar_color_14', 'generator_28', 'generator_29', 'similar_color_10']
number opened: 1
TRIAL 17
Action chosen: (purple, blue)
Outcome: False
partcle ids: ['similar_color_11', 'similar_color_13', 'similar_color_9', 'generator_2', 'generator_15', 'generator_16', 'generator_17', 'generator_18', 'similar_color_8', 'generator_19', 'generator_20', 'generator_21', 'generator_22', 'order_match', 'generator_23', 'generator_7', 'similar_color_1', 'generator_24', 'similar_color_12', 'similar_color_13', 'order_match', 'generator_2', 'generator_25', 'generator_2', 'generator_26', 'generator_27', 'similar_color_14', 'generator_28', 'generator_29', 'similar_color_10']
number opened: 1
TRIAL 18
Action chosen: (triangle, white)
Outcome: False
partcle ids: ['similar_color_11', 'similar_color_13', 'similar_color_9', 'generator_2', 'generator_15', 'generator_16', 'generator_17', 'generator_18', 'similar_color_8', 'generator_19', 'generator_20', 'generator_21', 'generator_22', 'order_match', 'generator_23', 'generator_7', 'similar_color_1', 'generator_24', 'similar_color_12', 'similar_color_13', 'order_match', 'generator_2', 'generator_25', 'generator_2', 'generator_26', 'generator_27', 'similar_color_14', 'generator_28', 'generator_29', 'similar_color_10']
number opened: 1
TRIAL 19
Action chosen: (white, white)
Outcome: False
partcle ids: ['similar_color_11', 'similar_color_13', 'similar_color_9', 'generator_2', 'generator_15', 'generator_16', 'generator_17', 'generator_18', 'similar_color_8', 'generator_19', 'generator_20', 'generator_21', 'generator_22', 'order_match', 'generator_23', 'generator_7', 'similar_color_1', 'generator_24', 'similar_color_12', 'similar_color_13', 'order_match', 'generator_2', 'generator_25', 'generator_2', 'generator_26', 'generator_27', 'similar_color_14', 'generator_28', 'generator_29', 'similar_color_10']
number opened: 1
TRIAL 20
Action chosen: (orange4, purple)
Outcome: False
partcle ids: ['similar_color_11', 'similar_color_13', 'similar_color_9', 'generator_2', 'generator_15', 'generator_16', 'generator_17', 'generator_18', 'similar_color_8', 'generator_19', 'generator_20', 'generator_21', 'generator_22', 'order_match', 'generator_23', 'generator_7', 'similar_color_1', 'generator_24', 'similar_color_12', 'similar_color_13', 'order_match', 'generator_2', 'generator_25', 'generator_2', 'generator_26', 'generator_27', 'similar_color_14', 'generator_28', 'generator_29', 'similar_color_10']
number opened: 1
TRIAL 21
Action chosen: (green3, pink)
Outcome: False
partcle ids: ['similar_color_11', 'similar_color_13', 'similar_color_9', 'generator_2', 'generator_15', 'generator_16', 'generator_17', 'generator_18', 'similar_color_8', 'generator_19', 'generator_20', 'generator_21', 'generator_22', 'order_match', 'generator_23', 'generator_7', 'similar_color_1', 'generator_24', 'similar_color_12', 'similar_color_13', 'order_match', 'generator_2', 'generator_25', 'generator_2', 'generator_26', 'generator_27', 'similar_color_14', 'generator_28', 'generator_29', 'similar_color_10']
number opened: 1
TRIAL 22
Action chosen: (purple, purple)
Outcome: False
partcle ids: ['similar_color_11', 'similar_color_13', 'similar_color_9', 'generator_2', 'generator_15', 'generator_16', 'generator_17', 'generator_18', 'similar_color_8', 'generator_19', 'generator_20', 'generator_21', 'generator_22', 'order_match', 'generator_23', 'generator_7', 'similar_color_1', 'generator_24', 'similar_color_12', 'similar_color_13', 'order_match', 'generator_2', 'generator_25', 'generator_2', 'generator_26', 'generator_27', 'similar_color_14', 'generator_28', 'generator_29', 'similar_color_10']
number opened: 1
TRIAL 23
Action chosen: (diamond, blue)
Outcome: False
partcle ids: ['similar_color_11', 'similar_color_13', 'similar_color_9', 'generator_2', 'generator_15', 'generator_16', 'generator_17', 'generator_18', 'similar_color_8', 'generator_19', 'generator_20', 'generator_21', 'generator_22', 'order_match', 'generator_23', 'generator_7', 'similar_color_1', 'generator_24', 'similar_color_12', 'similar_color_13', 'order_match', 'generator_2', 'generator_25', 'generator_2', 'generator_26', 'generator_27', 'similar_color_14', 'generator_28', 'generator_29', 'similar_color_10']
number opened: 1
TRIAL 24
Action chosen: (purple, blue)
Outcome: False
partcle ids: ['similar_color_11', 'similar_color_13', 'similar_color_9', 'generator_2', 'generator_15', 'generator_16', 'generator_17', 'generator_18', 'similar_color_8', 'generator_19', 'generator_20', 'generator_21', 'generator_22', 'order_match', 'generator_23', 'generator_7', 'similar_color_1', 'generator_24', 'similar_color_12', 'similar_color_13', 'order_match', 'generator_2', 'generator_25', 'generator_2', 'generator_26', 'generator_27', 'similar_color_14', 'generator_28', 'generator_29', 'similar_color_10']
number opened: 1
TRIAL 25
Action chosen: (triangle, white)
Outcome: False
partcle ids: ['similar_color_11', 'similar_color_13', 'similar_color_9', 'generator_2', 'generator_15', 'generator_16', 'generator_17', 'generator_18', 'similar_color_8', 'generator_19', 'generator_20', 'generator_21', 'generator_22', 'order_match', 'generator_23', 'generator_7', 'similar_color_1', 'generator_24', 'similar_color_12', 'similar_color_13', 'order_match', 'generator_2', 'generator_25', 'generator_2', 'generator_26', 'generator_27', 'similar_color_14', 'generator_28', 'generator_29', 'similar_color_10']
number opened: 1
TRIAL 26
Action chosen: (orange4, purple)
Outcome: False
partcle ids: ['similar_color_11', 'similar_color_13', 'similar_color_9', 'generator_2', 'generator_15', 'generator_16', 'generator_17', 'generator_18', 'similar_color_8', 'generator_19', 'generator_20', 'generator_21', 'generator_22', 'order_match', 'generator_23', 'generator_7', 'similar_color_1', 'generator_24', 'similar_color_12', 'similar_color_13', 'order_match', 'generator_2', 'generator_25', 'generator_2', 'generator_26', 'generator_27', 'similar_color_14', 'generator_28', 'generator_29', 'similar_color_10']
number opened: 1
TRIAL 27
Action chosen: (white, white)
Outcome: False
partcle ids: ['similar_color_11', 'similar_color_13', 'similar_color_9', 'generator_2', 'generator_15', 'generator_16', 'generator_17', 'generator_18', 'similar_color_8', 'generator_19', 'generator_20', 'generator_21', 'generator_22', 'order_match', 'generator_23', 'generator_7', 'similar_color_1', 'generator_24', 'similar_color_12', 'similar_color_13', 'order_match', 'generator_2', 'generator_25', 'generator_2', 'generator_26', 'generator_27', 'similar_color_14', 'generator_28', 'generator_29', 'similar_color_10']
number opened: 1
TRIAL 28
Action chosen: (purple, purple)
Outcome: False
partcle ids: ['similar_color_11', 'similar_color_13', 'similar_color_9', 'generator_2', 'generator_15', 'generator_16', 'generator_17', 'generator_18', 'similar_color_8', 'generator_19', 'generator_20', 'generator_21', 'generator_22', 'order_match', 'generator_23', 'generator_7', 'similar_color_1', 'generator_24', 'similar_color_12', 'similar_color_13', 'order_match', 'generator_2', 'generator_25', 'generator_2', 'generator_26', 'generator_27', 'similar_color_14', 'generator_28', 'generator_29', 'similar_color_10']
number opened: 1
TRIAL 29
Action chosen: (green3, pink)
Outcome: False
partcle ids: ['similar_color_11', 'similar_color_13', 'similar_color_9', 'generator_2', 'generator_15', 'generator_16', 'generator_17', 'generator_18', 'similar_color_8', 'generator_19', 'generator_20', 'generator_21', 'generator_22', 'order_match', 'generator_23', 'generator_7', 'similar_color_1', 'generator_24', 'similar_color_12', 'similar_color_13', 'order_match', 'generator_2', 'generator_25', 'generator_2', 'generator_26', 'generator_27', 'similar_color_14', 'generator_28', 'generator_29', 'similar_color_10']
number opened: 1
TRIAL 30
Action chosen: (cloud, purple)
Outcome: False
partcle ids: ['similar_color_11', 'similar_color_13', 'similar_color_9', 'generator_2', 'generator_15', 'generator_16', 'generator_17', 'generator_18', 'similar_color_8', 'generator_19', 'generator_20', 'generator_21', 'generator_22', 'order_match', 'generator_23', 'generator_7', 'similar_color_1', 'generator_24', 'similar_color_12', 'similar_color_13', 'order_match', 'generator_2', 'generator_25', 'generator_2', 'generator_26', 'generator_27', 'similar_color_14', 'generator_28', 'generator_29', 'similar_color_10']
number opened: 1
TRIAL 31
Action chosen: (diamond, blue)
Outcome: False
partcle ids: ['similar_color_11', 'similar_color_13', 'similar_color_9', 'generator_2', 'generator_15', 'generator_16', 'generator_17', 'generator_18', 'similar_color_8', 'generator_19', 'generator_20', 'generator_21', 'generator_22', 'order_match', 'generator_23', 'generator_7', 'similar_color_1', 'generator_24', 'similar_color_12', 'similar_color_13', 'order_match', 'generator_2', 'generator_25', 'generator_2', 'generator_26', 'generator_27', 'similar_color_14', 'generator_28', 'generator_29', 'similar_color_10']
number opened: 1
TRIAL 32
Action chosen: (orange4, purple)
Outcome: False
partcle ids: ['similar_color_11', 'similar_color_13', 'similar_color_9', 'generator_2', 'generator_15', 'generator_16', 'generator_17', 'generator_18', 'similar_color_8', 'generator_19', 'generator_20', 'generator_21', 'generator_22', 'order_match', 'generator_23', 'generator_7', 'similar_color_1', 'generator_24', 'similar_color_12', 'similar_color_13', 'order_match', 'generator_2', 'generator_25', 'generator_2', 'generator_26', 'generator_27', 'similar_color_14', 'generator_28', 'generator_29', 'similar_color_10']
number opened: 1
TRIAL 33
Action chosen: (white, white)
Outcome: False
partcle ids: ['similar_color_11', 'similar_color_13', 'similar_color_9', 'generator_2', 'generator_15', 'generator_16', 'generator_17', 'generator_18', 'similar_color_8', 'generator_19', 'generator_20', 'generator_21', 'generator_22', 'order_match', 'generator_23', 'generator_7', 'similar_color_1', 'generator_24', 'similar_color_12', 'similar_color_13', 'order_match', 'generator_2', 'generator_25', 'generator_2', 'generator_26', 'generator_27', 'similar_color_14', 'generator_28', 'generator_29', 'similar_color_10']
number opened: 1
TRIAL 34
Action chosen: (purple, purple)
Outcome: False
partcle ids: ['similar_color_11', 'similar_color_13', 'similar_color_9', 'generator_2', 'generator_15', 'generator_16', 'generator_17', 'generator_18', 'similar_color_8', 'generator_19', 'generator_20', 'generator_21', 'generator_22', 'order_match', 'generator_23', 'generator_7', 'similar_color_1', 'generator_24', 'similar_color_12', 'similar_color_13', 'order_match', 'generator_2', 'generator_25', 'generator_2', 'generator_26', 'generator_27', 'similar_color_14', 'generator_28', 'generator_29', 'similar_color_10']
number opened: 1
TRIAL 35
Action chosen: (triangle, white)
Outcome: False
partcle ids: ['similar_color_11', 'similar_color_13', 'similar_color_9', 'generator_2', 'generator_15', 'generator_16', 'generator_17', 'generator_18', 'similar_color_8', 'generator_19', 'generator_20', 'generator_21', 'generator_22', 'order_match', 'generator_23', 'generator_7', 'similar_color_1', 'generator_24', 'similar_color_12', 'similar_color_13', 'order_match', 'generator_2', 'generator_25', 'generator_2', 'generator_26', 'generator_27', 'similar_color_14', 'generator_28', 'generator_29', 'similar_color_10']
number opened: 1
TRIAL 36
Action chosen: (purple, blue)
Outcome: False
partcle ids: ['similar_color_11', 'similar_color_13', 'similar_color_9', 'generator_2', 'generator_15', 'generator_16', 'generator_17', 'generator_18', 'similar_color_8', 'generator_19', 'generator_20', 'generator_21', 'generator_22', 'order_match', 'generator_23', 'generator_7', 'similar_color_1', 'generator_24', 'similar_color_12', 'similar_color_13', 'order_match', 'generator_2', 'generator_25', 'generator_2', 'generator_26', 'generator_27', 'similar_color_14', 'generator_28', 'generator_29', 'similar_color_10']
number opened: 1
TRIAL 37
Action chosen: (orange4, purple)
Outcome: False
partcle ids: ['similar_color_11', 'similar_color_13', 'similar_color_9', 'generator_2', 'generator_15', 'generator_16', 'generator_17', 'generator_18', 'similar_color_8', 'generator_19', 'generator_20', 'generator_21', 'generator_22', 'order_match', 'generator_23', 'generator_7', 'similar_color_1', 'generator_24', 'similar_color_12', 'similar_color_13', 'order_match', 'generator_2', 'generator_25', 'generator_2', 'generator_26', 'generator_27', 'similar_color_14', 'generator_28', 'generator_29', 'similar_color_10']
number opened: 1
TRIAL 38
Action chosen: (diamond, blue)
Outcome: False
partcle ids: ['similar_color_11', 'similar_color_13', 'similar_color_9', 'generator_2', 'generator_15', 'generator_16', 'generator_17', 'generator_18', 'similar_color_8', 'generator_19', 'generator_20', 'generator_21', 'generator_22', 'order_match', 'generator_23', 'generator_7', 'similar_color_1', 'generator_24', 'similar_color_12', 'similar_color_13', 'order_match', 'generator_2', 'generator_25', 'generator_2', 'generator_26', 'generator_27', 'similar_color_14', 'generator_28', 'generator_29', 'similar_color_10']
number opened: 1
TRIAL 39
Action chosen: (white, white)
Outcome: False
partcle ids: ['similar_color_11', 'similar_color_13', 'similar_color_9', 'generator_2', 'generator_15', 'generator_16', 'generator_17', 'generator_18', 'similar_color_8', 'generator_19', 'generator_20', 'generator_21', 'generator_22', 'order_match', 'generator_23', 'generator_7', 'similar_color_1', 'generator_24', 'similar_color_12', 'similar_color_13', 'order_match', 'generator_2', 'generator_25', 'generator_2', 'generator_26', 'generator_27', 'similar_color_14', 'generator_28', 'generator_29', 'similar_color_10']
number opened: 1
TRIAL 40
Action chosen: (purple, purple)
Outcome: False
partcle ids: ['similar_color_11', 'similar_color_13', 'similar_color_9', 'generator_2', 'generator_15', 'generator_16', 'generator_17', 'generator_18', 'similar_color_8', 'generator_19', 'generator_20', 'generator_21', 'generator_22', 'order_match', 'generator_23', 'generator_7', 'similar_color_1', 'generator_24', 'similar_color_12', 'similar_color_13', 'order_match', 'generator_2', 'generator_25', 'generator_2', 'generator_26', 'generator_27', 'similar_color_14', 'generator_28', 'generator_29', 'similar_color_10']
number opened: 1
TRIAL 41
Action chosen: (green3, pink)
Outcome: False
partcle ids: ['similar_color_11', 'similar_color_13', 'similar_color_9', 'generator_2', 'generator_15', 'generator_16', 'generator_17', 'generator_18', 'similar_color_8', 'generator_19', 'generator_20', 'generator_21', 'generator_22', 'order_match', 'generator_23', 'generator_7', 'similar_color_1', 'generator_24', 'similar_color_12', 'similar_color_13', 'order_match', 'generator_2', 'generator_25', 'generator_2', 'generator_26', 'generator_27', 'similar_color_14', 'generator_28', 'generator_29', 'similar_color_10']
number opened: 1
TRIAL 42
Action chosen: (triangle, white)
Outcome: False
partcle ids: ['similar_color_11', 'similar_color_13', 'similar_color_9', 'generator_2', 'generator_15', 'generator_16', 'generator_17', 'generator_18', 'similar_color_8', 'generator_19', 'generator_20', 'generator_21', 'generator_22', 'order_match', 'generator_23', 'generator_7', 'similar_color_1', 'generator_24', 'similar_color_12', 'similar_color_13', 'order_match', 'generator_2', 'generator_25', 'generator_2', 'generator_26', 'generator_27', 'similar_color_14', 'generator_28', 'generator_29', 'similar_color_10']
number opened: 1
TRIAL 43
Action chosen: (purple, blue)
Outcome: False
partcle ids: ['similar_color_11', 'similar_color_13', 'similar_color_9', 'generator_2', 'generator_15', 'generator_16', 'generator_17', 'generator_18', 'similar_color_8', 'generator_19', 'generator_20', 'generator_21', 'generator_22', 'order_match', 'generator_23', 'generator_7', 'similar_color_1', 'generator_24', 'similar_color_12', 'similar_color_13', 'order_match', 'generator_2', 'generator_25', 'generator_2', 'generator_26', 'generator_27', 'similar_color_14', 'generator_28', 'generator_29', 'similar_color_10']
number opened: 1
TRIAL 44
Action chosen: (orange4, purple)
Outcome: False
partcle ids: ['similar_color_11', 'similar_color_13', 'similar_color_9', 'generator_2', 'generator_15', 'generator_16', 'generator_17', 'generator_18', 'similar_color_8', 'generator_19', 'generator_20', 'generator_21', 'generator_22', 'order_match', 'generator_23', 'generator_7', 'similar_color_1', 'generator_24', 'similar_color_12', 'similar_color_13', 'order_match', 'generator_2', 'generator_25', 'generator_2', 'generator_26', 'generator_27', 'similar_color_14', 'generator_28', 'generator_29', 'similar_color_10']
number opened: 1
TRIAL 45
Action chosen: (white, white)
Outcome: False
partcle ids: ['similar_color_11', 'similar_color_13', 'similar_color_9', 'generator_2', 'generator_15', 'generator_16', 'generator_17', 'generator_18', 'similar_color_8', 'generator_19', 'generator_20', 'generator_21', 'generator_22', 'order_match', 'generator_23', 'generator_7', 'similar_color_1', 'generator_24', 'similar_color_12', 'similar_color_13', 'order_match', 'generator_2', 'generator_25', 'generator_2', 'generator_26', 'generator_27', 'similar_color_14', 'generator_28', 'generator_29', 'similar_color_10']
number opened: 1
TRIAL 46
Action chosen: (purple, purple)
Outcome: False
partcle ids: ['similar_color_11', 'similar_color_13', 'similar_color_9', 'generator_2', 'generator_15', 'generator_16', 'generator_17', 'generator_18', 'similar_color_8', 'generator_19', 'generator_20', 'generator_21', 'generator_22', 'order_match', 'generator_23', 'generator_7', 'similar_color_1', 'generator_24', 'similar_color_12', 'similar_color_13', 'order_match', 'generator_2', 'generator_25', 'generator_2', 'generator_26', 'generator_27', 'similar_color_14', 'generator_28', 'generator_29', 'similar_color_10']
number opened: 1
TRIAL 47
Action chosen: (diamond, blue)
Outcome: False
partcle ids: ['similar_color_11', 'similar_color_13', 'similar_color_9', 'generator_2', 'generator_15', 'generator_16', 'generator_17', 'generator_18', 'similar_color_8', 'generator_19', 'generator_20', 'generator_21', 'generator_22', 'order_match', 'generator_23', 'generator_7', 'similar_color_1', 'generator_24', 'similar_color_12', 'similar_color_13', 'order_match', 'generator_2', 'generator_25', 'generator_2', 'generator_26', 'generator_27', 'similar_color_14', 'generator_28', 'generator_29', 'similar_color_10']
number opened: 1
TRIAL 48
Action chosen: (green3, pink)
Outcome: False
partcle ids: ['similar_color_11', 'similar_color_13', 'similar_color_9', 'generator_2', 'generator_15', 'generator_16', 'generator_17', 'generator_18', 'similar_color_8', 'generator_19', 'generator_20', 'generator_21', 'generator_22', 'order_match', 'generator_23', 'generator_7', 'similar_color_1', 'generator_24', 'similar_color_12', 'similar_color_13', 'order_match', 'generator_2', 'generator_25', 'generator_2', 'generator_26', 'generator_27', 'similar_color_14', 'generator_28', 'generator_29', 'similar_color_10']
number opened: 1
TRIAL 49
Action chosen: (triangle, white)
Outcome: False
partcle ids: ['similar_color_11', 'similar_color_13', 'similar_color_9', 'generator_2', 'generator_15', 'generator_16', 'generator_17', 'generator_18', 'similar_color_8', 'generator_19', 'generator_20', 'generator_21', 'generator_22', 'order_match', 'generator_23', 'generator_7', 'similar_color_1', 'generator_24', 'similar_color_12', 'similar_color_13', 'order_match', 'generator_2', 'generator_25', 'generator_2', 'generator_26', 'generator_27', 'similar_color_14', 'generator_28', 'generator_29', 'similar_color_10']
number opened: 1
TRIAL 50
Action chosen: (heart, white)
Outcome: False
partcle ids: ['similar_color_11', 'similar_color_13', 'similar_color_9', 'generator_2', 'generator_15', 'generator_16', 'generator_17', 'generator_18', 'similar_color_8', 'generator_19', 'generator_20', 'generator_21', 'generator_22', 'order_match', 'generator_23', 'generator_7', 'similar_color_1', 'generator_24', 'similar_color_12', 'similar_color_13', 'order_match', 'generator_2', 'generator_25', 'generator_2', 'generator_26', 'generator_27', 'similar_color_14', 'generator_28', 'generator_29', 'similar_color_10']
number opened: 1
TRIAL 51
Action chosen: (orange4, purple)
Outcome: False
partcle ids: ['similar_color_11', 'similar_color_13', 'similar_color_9', 'generator_2', 'generator_15', 'generator_16', 'generator_17', 'generator_18', 'similar_color_8', 'generator_19', 'generator_20', 'generator_21', 'generator_22', 'order_match', 'generator_23', 'generator_7', 'similar_color_1', 'generator_24', 'similar_color_12', 'similar_color_13', 'order_match', 'generator_2', 'generator_25', 'generator_2', 'generator_26', 'generator_27', 'similar_color_14', 'generator_28', 'generator_29', 'similar_color_10']
number opened: 1
TRIAL 52
Action chosen: (white, white)
Outcome: False
partcle ids: ['similar_color_11', 'similar_color_13', 'similar_color_9', 'generator_2', 'generator_15', 'generator_16', 'generator_17', 'generator_18', 'similar_color_8', 'generator_19', 'generator_20', 'generator_21', 'generator_22', 'order_match', 'generator_23', 'generator_7', 'similar_color_1', 'generator_24', 'similar_color_12', 'similar_color_13', 'order_match', 'generator_2', 'generator_25', 'generator_2', 'generator_26', 'generator_27', 'similar_color_14', 'generator_28', 'generator_29', 'similar_color_10']
number opened: 1
TRIAL 53
Action chosen: (purple, purple)
Outcome: False
partcle ids: ['similar_color_11', 'similar_color_13', 'similar_color_9', 'generator_2', 'generator_15', 'generator_16', 'generator_17', 'generator_18', 'similar_color_8', 'generator_19', 'generator_20', 'generator_21', 'generator_22', 'order_match', 'generator_23', 'generator_7', 'similar_color_1', 'generator_24', 'similar_color_12', 'similar_color_13', 'order_match', 'generator_2', 'generator_25', 'generator_2', 'generator_26', 'generator_27', 'similar_color_14', 'generator_28', 'generator_29', 'similar_color_10']
number opened: 1
TRIAL 54
Action chosen: (diamond, blue)
Outcome: False
partcle ids: ['similar_color_11', 'similar_color_13', 'similar_color_9', 'generator_2', 'generator_15', 'generator_16', 'generator_17', 'generator_18', 'similar_color_8', 'generator_19', 'generator_20', 'generator_21', 'generator_22', 'order_match', 'generator_23', 'generator_7', 'similar_color_1', 'generator_24', 'similar_color_12', 'similar_color_13', 'order_match', 'generator_2', 'generator_25', 'generator_2', 'generator_26', 'generator_27', 'similar_color_14', 'generator_28', 'generator_29', 'similar_color_10']
number opened: 1
TRIAL 55
Action chosen: (triangle, white)
Outcome: False
partcle ids: ['similar_color_11', 'similar_color_13', 'similar_color_9', 'generator_2', 'generator_15', 'generator_16', 'generator_17', 'generator_18', 'similar_color_8', 'generator_19', 'generator_20', 'generator_21', 'generator_22', 'order_match', 'generator_23', 'generator_7', 'similar_color_1', 'generator_24', 'similar_color_12', 'similar_color_13', 'order_match', 'generator_2', 'generator_25', 'generator_2', 'generator_26', 'generator_27', 'similar_color_14', 'generator_28', 'generator_29', 'similar_color_10']
number opened: 1
TRIAL 56
Action chosen: (blue, blue)
Outcome: False
partcle ids: ['similar_color_11', 'similar_color_13', 'similar_color_9', 'generator_2', 'generator_15', 'generator_16', 'generator_17', 'generator_18', 'similar_color_8', 'generator_19', 'generator_20', 'generator_21', 'generator_22', 'order_match', 'generator_23', 'generator_7', 'similar_color_1', 'generator_24', 'similar_color_12', 'similar_color_13', 'order_match', 'generator_2', 'generator_25', 'generator_2', 'generator_26', 'generator_27', 'similar_color_14', 'generator_28', 'generator_29', 'similar_color_10']
number opened: 1
TRIAL 57
Action chosen: (purple, blue)
Outcome: False
partcle ids: ['similar_color_11', 'similar_color_13', 'similar_color_9', 'generator_2', 'generator_15', 'generator_16', 'generator_17', 'generator_18', 'similar_color_8', 'generator_19', 'generator_20', 'generator_21', 'generator_22', 'order_match', 'generator_23', 'generator_7', 'similar_color_1', 'generator_24', 'similar_color_12', 'similar_color_13', 'order_match', 'generator_2', 'generator_25', 'generator_2', 'generator_26', 'generator_27', 'similar_color_14', 'generator_28', 'generator_29', 'similar_color_10']
number opened: 1
TRIAL 58
Action chosen: (orange4, purple)
Outcome: False
partcle ids: ['similar_color_11', 'similar_color_13', 'similar_color_9', 'generator_2', 'generator_15', 'generator_16', 'generator_17', 'generator_18', 'similar_color_8', 'generator_19', 'generator_20', 'generator_21', 'generator_22', 'order_match', 'generator_23', 'generator_7', 'similar_color_1', 'generator_24', 'similar_color_12', 'similar_color_13', 'order_match', 'generator_2', 'generator_25', 'generator_2', 'generator_26', 'generator_27', 'similar_color_14', 'generator_28', 'generator_29', 'similar_color_10']
number opened: 1
TRIAL 59
Action chosen: (white, white)
Outcome: False
partcle ids: ['similar_color_11', 'similar_color_13', 'similar_color_9', 'generator_2', 'generator_15', 'generator_16', 'generator_17', 'generator_18', 'similar_color_8', 'generator_19', 'generator_20', 'generator_21', 'generator_22', 'order_match', 'generator_23', 'generator_7', 'similar_color_1', 'generator_24', 'similar_color_12', 'similar_color_13', 'order_match', 'generator_2', 'generator_25', 'generator_2', 'generator_26', 'generator_27', 'similar_color_14', 'generator_28', 'generator_29', 'similar_color_10']
number opened: 1
TRIAL 60
Action chosen: (purple, purple)
Outcome: False
partcle ids: ['similar_color_11', 'similar_color_13', 'similar_color_9', 'generator_2', 'generator_15', 'generator_16', 'generator_17', 'generator_18', 'similar_color_8', 'generator_19', 'generator_20', 'generator_21', 'generator_22', 'order_match', 'generator_23', 'generator_7', 'similar_color_1', 'generator_24', 'similar_color_12', 'similar_color_13', 'order_match', 'generator_2', 'generator_25', 'generator_2', 'generator_26', 'generator_27', 'similar_color_14', 'generator_28', 'generator_29', 'similar_color_10']
number opened: 1
TRIAL 61
Action chosen: (diamond, blue)
Outcome: False
partcle ids: ['similar_color_11', 'similar_color_13', 'similar_color_9', 'generator_2', 'generator_15', 'generator_16', 'generator_17', 'generator_18', 'similar_color_8', 'generator_19', 'generator_20', 'generator_21', 'generator_22', 'order_match', 'generator_23', 'generator_7', 'similar_color_1', 'generator_24', 'similar_color_12', 'similar_color_13', 'order_match', 'generator_2', 'generator_25', 'generator_2', 'generator_26', 'generator_27', 'similar_color_14', 'generator_28', 'generator_29', 'similar_color_10']
number opened: 1
TRIAL 62
Action chosen: (triangle, white)
Outcome: False
partcle ids: ['similar_color_11', 'similar_color_13', 'similar_color_9', 'generator_2', 'generator_15', 'generator_16', 'generator_17', 'generator_18', 'similar_color_8', 'generator_19', 'generator_20', 'generator_21', 'generator_22', 'order_match', 'generator_23', 'generator_7', 'similar_color_1', 'generator_24', 'similar_color_12', 'similar_color_13', 'order_match', 'generator_2', 'generator_25', 'generator_2', 'generator_26', 'generator_27', 'similar_color_14', 'generator_28', 'generator_29', 'similar_color_10']
number opened: 1
TRIAL 63
Action chosen: (green3, pink)
Outcome: False
partcle ids: ['similar_color_11', 'similar_color_13', 'similar_color_9', 'generator_2', 'generator_15', 'generator_16', 'generator_17', 'generator_18', 'similar_color_8', 'generator_19', 'generator_20', 'generator_21', 'generator_22', 'order_match', 'generator_23', 'generator_7', 'similar_color_1', 'generator_24', 'similar_color_12', 'similar_color_13', 'order_match', 'generator_2', 'generator_25', 'generator_2', 'generator_26', 'generator_27', 'similar_color_14', 'generator_28', 'generator_29', 'similar_color_10']
number opened: 1
TRIAL 64
Action chosen: (orange4, purple)
Outcome: False
partcle ids: ['similar_color_11', 'similar_color_13', 'similar_color_9', 'generator_2', 'generator_15', 'generator_16', 'generator_17', 'generator_18', 'similar_color_8', 'generator_19', 'generator_20', 'generator_21', 'generator_22', 'order_match', 'generator_23', 'generator_7', 'similar_color_1', 'generator_24', 'similar_color_12', 'similar_color_13', 'order_match', 'generator_2', 'generator_25', 'generator_2', 'generator_26', 'generator_27', 'similar_color_14', 'generator_28', 'generator_29', 'similar_color_10']
number opened: 1
TRIAL 65
Action chosen: (purple, blue)
Outcome: False
partcle ids: ['similar_color_11', 'similar_color_13', 'similar_color_9', 'generator_2', 'generator_15', 'generator_16', 'generator_17', 'generator_18', 'similar_color_8', 'generator_19', 'generator_20', 'generator_21', 'generator_22', 'order_match', 'generator_23', 'generator_7', 'similar_color_1', 'generator_24', 'similar_color_12', 'similar_color_13', 'order_match', 'generator_2', 'generator_25', 'generator_2', 'generator_26', 'generator_27', 'similar_color_14', 'generator_28', 'generator_29', 'similar_color_10']
number opened: 1
TRIAL 66
Action chosen: (white, white)
Outcome: False
partcle ids: ['similar_color_11', 'similar_color_13', 'similar_color_9', 'generator_2', 'generator_15', 'generator_16', 'generator_17', 'generator_18', 'similar_color_8', 'generator_19', 'generator_20', 'generator_21', 'generator_22', 'order_match', 'generator_23', 'generator_7', 'similar_color_1', 'generator_24', 'similar_color_12', 'similar_color_13', 'order_match', 'generator_2', 'generator_25', 'generator_2', 'generator_26', 'generator_27', 'similar_color_14', 'generator_28', 'generator_29', 'similar_color_10']
number opened: 1
TRIAL 67
Action chosen: (purple, purple)
Outcome: False
partcle ids: ['similar_color_11', 'similar_color_13', 'similar_color_9', 'generator_2', 'generator_15', 'generator_16', 'generator_17', 'generator_18', 'similar_color_8', 'generator_19', 'generator_20', 'generator_21', 'generator_22', 'order_match', 'generator_23', 'generator_7', 'similar_color_1', 'generator_24', 'similar_color_12', 'similar_color_13', 'order_match', 'generator_2', 'generator_25', 'generator_2', 'generator_26', 'generator_27', 'similar_color_14', 'generator_28', 'generator_29', 'similar_color_10']
number opened: 1
TRIAL 68
Action chosen: (triangle, white)
Outcome: False
partcle ids: ['similar_color_11', 'similar_color_13', 'similar_color_9', 'generator_2', 'generator_15', 'generator_16', 'generator_17', 'generator_18', 'similar_color_8', 'generator_19', 'generator_20', 'generator_21', 'generator_22', 'order_match', 'generator_23', 'generator_7', 'similar_color_1', 'generator_24', 'similar_color_12', 'similar_color_13', 'order_match', 'generator_2', 'generator_25', 'generator_2', 'generator_26', 'generator_27', 'similar_color_14', 'generator_28', 'generator_29', 'similar_color_10']
number opened: 1
TRIAL 69
Action chosen: (diamond, blue)
Outcome: False
partcle ids: ['similar_color_11', 'similar_color_13', 'similar_color_9', 'generator_2', 'generator_15', 'generator_16', 'generator_17', 'generator_18', 'similar_color_8', 'generator_19', 'generator_20', 'generator_21', 'generator_22', 'order_match', 'generator_23', 'generator_7', 'similar_color_1', 'generator_24', 'similar_color_12', 'similar_color_13', 'order_match', 'generator_2', 'generator_25', 'generator_2', 'generator_26', 'generator_27', 'similar_color_14', 'generator_28', 'generator_29', 'similar_color_10']
number opened: 1
TRIAL 70
Action chosen: (cloud, white)
Outcome: False
partcle ids: ['similar_color_11', 'similar_color_13', 'similar_color_9', 'generator_2', 'generator_15', 'generator_16', 'generator_17', 'generator_18', 'similar_color_8', 'generator_19', 'generator_20', 'generator_21', 'generator_22', 'order_match', 'generator_23', 'generator_7', 'similar_color_1', 'generator_24', 'similar_color_12', 'similar_color_13', 'order_match', 'generator_2', 'generator_25', 'generator_2', 'generator_26', 'generator_27', 'similar_color_14', 'generator_28', 'generator_29', 'similar_color_10']
number opened: 1
{"attempts": 70, "unique_key_box_pairs": 13, "revisit_attempts": 57, "revisit_rate": 0.8260869565217391, "attempts_before_abandoning_color_matching": 5, "color_matching_abandoned": true}
