{"Child_ID": "D020", "SoC_variant": "SoC-Gen", "theta": [19, 1], "p_gen": 0.2, "true_prior": 0.02, "run_number": 7, "seed": 4203646819083768883}
TRIAL 1
Action chosen: (green3, blue)
Outcome: False
partcle ids: ['order_match', 'similar_color_7', 'shape_match', 'similar_color_13', 'similar_color_7', 'color_match', 'similar_color_3', 'similar_color_11', 'similar_color_7', 'similar_color_7', 'generator_1', 'similar_color_1', 'similar_color_10', 'similar_color_14', 'similar_color_5', 'similar_color_13', 'similar_color_3', 'similar_color_7', 'generator_2', 'similar_color_11', 'generator_3', 'order_match', 'similar_color_10', 'similar_color_12', 'similar_color_2', 'similar_color_11', 'shape_match', 'generator_4', 'similar_color_6', 'similar_color_14']
number opened: 0
TRIAL 2
Action chosen: (blue, blue)
Outcome: False
partcle ids: ['generator_5', 'generator_6', 'similar_color_13', 'similar_color_3', 'generator_7', 'similar_color_1', 'order_match', 'similar_color_3', 'order_match', 'generator_4', 'shape_match', 'generator_8', 'similar_color_2', 'generator_4', 'similar_color_4', 'generator_1', 'generator_9', 'similar_color_3', 'shape_match', 'generator_3', 'similar_color_3', 'similar_color_1', 'generator_10', 'similar_color_4', 'similar_color_5', 'similar_color_8', 'order_match', 'order_match', 'generator_1', 'similar_color_4']
number opened: 0
TRIAL 3
Action chosen: (pink, pink)
Outcome: False
partcle ids: ['generator_5', 'generator_6', 'similar_color_13', 'similar_color_3', 'generator_7', 'similar_color_1', 'order_match', 'similar_color_3', 'order_match', 'generator_4', 'shape_match', 'generator_8', 'similar_color_2', 'generator_4', 'similar_color_4', 'generator_1', 'generator_9', 'similar_color_3', 'shape_match', 'generator_3', 'similar_color_3', 'similar_color_1', 'generator_10', 'similar_color_4', 'similar_color_5', 'similar_color_8', 'order_match', 'order_match', 'generator_1', 'similar_color_4']
number opened: 0
TRIAL 4
Action chosen: (green3, white)
Outcome: False
partcle ids: ['shape_match', 'similar_color_1', 'generator_7', 'generator_7', 'shape_match', 'generator_11', 'generator_9', 'shape_match', 'generator_5', 'generator_10', 'generator_13', 'generator_10', 'generator_8', 'generator_7', 'shape_match', 'generator_10', 'shape_match', 'shape_match', 'generator_1', 'generator_8', 'generator_1', 'generator_1', 'shape_match', 'generator_3', 'generator_1', 'generator_1', 'similar_color_2', 'generator_1', 'generator_5', 'generator_5']
number opened: 0
TRIAL 5
Action chosen: (triangle, blue)
Outcome: False
partcle ids: ['shape_match', 'similar_color_1', 'generator_7', 'generator_7', 'shape_match', 'generator_11', 'generator_9', 'shape_match', 'generator_5', 'generator_10', 'generator_13', 'generator_10', 'generator_8', 'generator_7', 'shape_match', 'generator_10', 'shape_match', 'shape_match', 'generator_1', 'generator_8', 'generator_1', 'generator_1', 'shape_match', 'generator_3', 'generator_1', 'generator_1', 'similar_color_2', 'generator_1', 'generator_5', 'generator_5']
number opened: 0
TRIAL 6
Action chosen: (pink, purple)
Outcome: False
partcle ids: ['generator_7', 'generator_11', 'generator_10', 'generator_14', 'similar_color_5', 'similar_color_1', 'shape_match', 'generator_15', 'generator_10', 'generator_11', 'generator_7', 'generator_16', 'similar_color_5', 'generator_10', 'generator_7', 'generator_10', 'generator_13', 'generator_10', 'generator_7', 'generator_10', 'generator_9', 'generator_17', 'generator_10', 'similar_color_1', 'generator_7', 'generator_10', 'similar_color_1', 'shape_match', 'generator_7', 'generator_7']
number opened: 0
TRIAL 7
Action chosen: (grey2, red)
Outcome: False
partcle ids: ['generator_7', 'generator_11', 'generator_10', 'generator_14', 'similar_color_5', 'similar_color_1', 'shape_match', 'generator_15', 'generator_10', 'generator_11', 'generator_7', 'generator_16', 'similar_color_5', 'generator_10', 'generator_7', 'generator_10', 'generator_13', 'generator_10', 'generator_7', 'generator_10', 'generator_9', 'generator_17', 'generator_10', 'similar_color_1', 'generator_7', 'generator_10', 'similar_color_1', 'shape_match', 'generator_7', 'generator_7']
number opened: 0
TRIAL 8
Action chosen: (heart, blue)
Outcome: False
partcle ids: ['generator_7', 'generator_16', 'generator_16', 'generator_13', 'generator_13', 'generator_18', 'similar_color_7', 'generator_9', 'shape_match', 'generator_10', 'shape_match', 'generator_14', 'generator_16', 'generator_20', 'generator_21', 'generator_7', 'generator_13', 'similar_color_8', 'generator_16', 'generator_15', 'generator_15', 'shape_match', 'generator_9', 'generator_15', 'generator_10', 'generator_13', 'order_match', 'similar_color_1', 'generator_23', 'shape_match']
number opened: 0
TRIAL 9
Action chosen: (diamond, purple)
Outcome: False
partcle ids: ['generator_7', 'generator_16', 'generator_16', 'generator_13', 'generator_13', 'generator_18', 'similar_color_7', 'generator_9', 'shape_match', 'generator_10', 'shape_match', 'generator_14', 'generator_16', 'generator_20', 'generator_21', 'generator_7', 'generator_13', 'similar_color_8', 'generator_16', 'generator_15', 'generator_15', 'shape_match', 'generator_9', 'generator_15', 'generator_10', 'generator_13', 'order_match', 'similar_color_1', 'generator_23', 'shape_match']
number opened: 0
TRIAL 10
Action chosen: (grey2, white)
Outcome: False
partcle ids: ['generator_7', 'generator_16', 'generator_16', 'generator_13', 'generator_13', 'generator_18', 'similar_color_7', 'generator_9', 'shape_match', 'generator_10', 'shape_match', 'generator_14', 'generator_16', 'generator_20', 'generator_21', 'generator_7', 'generator_13', 'similar_color_8', 'generator_16', 'generator_15', 'generator_15', 'shape_match', 'generator_9', 'generator_15', 'generator_10', 'generator_13', 'order_match', 'similar_color_1', 'generator_23', 'shape_match']
number opened: 0
TRIAL 11
Action chosen: (cloud, pink)
Outcome: False
partcle ids: ['generator_24', 'generator_23', 'generator_7', 'generator_7', 'generator_23', 'generator_7', 'generator_9', 'generator_9', 'generator_21', 'generator_14', 'generator_9', 'generator_21', 'generator_10', 'color_match', 'generator_26', 'similar_color_10', 'similar_color_11', 'generator_7', 'generator_18', 'shape_match', 'generator_7', 'similar_color_1', 'similar_color_1', 'generator_23', 'generator_28', 'generator_7', 'generator_7', 'order_match', 'generator_23', 'generator_18']
number opened: 0
TRIAL 12
Action chosen: (cloud, purple)
Outcome: False
partcle ids: ['generator_24', 'generator_23', 'generator_7', 'generator_7', 'generator_23', 'generator_7', 'generator_9', 'generator_9', 'generator_21', 'generator_14', 'generator_9', 'generator_21', 'generator_10', 'color_match', 'generator_26', 'similar_color_10', 'similar_color_11', 'generator_7', 'generator_18', 'shape_match', 'generator_7', 'similar_color_1', 'similar_color_1', 'generator_23', 'generator_28', 'generator_7', 'generator_7', 'order_match', 'generator_23', 'generator_18']
number opened: 0
TRIAL 13
Action chosen: (white, white)
Outcome: False
partcle ids: ['generator_24', 'generator_23', 'generator_7', 'generator_7', 'generator_23', 'generator_7', 'generator_9', 'generator_9', 'generator_21', 'generator_14', 'generator_9', 'generator_21', 'generator_10', 'color_match', 'generator_26', 'similar_color_10', 'similar_color_11', 'generator_7', 'generator_18', 'shape_match', 'generator_7', 'similar_color_1', 'similar_color_1', 'generator_23', 'generator_28', 'generator_7', 'generator_7', 'order_match', 'generator_23', 'generator_18']
number opened: 0
TRIAL 14
Action chosen: (yellow5, blue)
Outcome: True
partcle ids: ['generator_29', 'generator_30', 'generator_31', 'generator_32', 'generator_33', 'generator_34', 'generator_35', 'generator_21', 'generator_37', 'generator_28', 'order_match', 'generator_38', 'generator_39', 'order_match', 'number_match', 'generator_40', 'generator_41', 'generator_42', 'generator_21', 'generator_43', 'generator_21', 'generator_45', 'generator_46', 'generator_47', 'generator_28', 'generator_49', 'generator_21', 'generator_51', 'number_match', 'generator_52']
number opened: 1
TRIAL 15
Action chosen: (orange4, white)
Outcome: True
partcle ids: ['generator_49', 'number_match', 'generator_53', 'generator_54', 'generator_55', 'number_match', 'generator_21', 'generator_58', 'number_match', 'generator_59', 'generator_21', 'generator_21', 'generator_61', 'generator_62', 'generator_42', 'number_match', 'number_match', 'generator_33', 'generator_33', 'generator_67', 'generator_68', 'generator_69', 'generator_70', 'generator_71', 'generator_72', 'generator_73', 'generator_74', 'generator_75', 'generator_76', 'generator_49']
number opened: 2
TRIAL 16
Action chosen: (heart, pink)
Outcome: False
partcle ids: ['generator_49', 'number_match', 'generator_53', 'generator_54', 'generator_55', 'number_match', 'generator_21', 'generator_58', 'number_match', 'generator_59', 'generator_21', 'generator_21', 'generator_61', 'generator_62', 'generator_42', 'number_match', 'number_match', 'generator_33', 'generator_33', 'generator_67', 'generator_68', 'generator_69', 'generator_70', 'generator_71', 'generator_72', 'generator_73', 'generator_74', 'generator_75', 'generator_76', 'generator_49']
number opened: 2
TRIAL 17
Action chosen: (green3, purple)
Outcome: True
partcle ids: ['generator_78', 'generator_79', 'generator_80', 'generator_81', 'generator_82', 'generator_83', 'generator_84', 'number_match', 'generator_86', 'generator_87', 'generator_88', 'generator_89', 'number_match', 'generator_90', 'generator_91', 'generator_92', 'generator_93', 'generator_94', 'generator_95', 'number_match', 'number_match', 'generator_98', 'generator_58', 'number_match', 'generator_90', 'generator_100', 'number_match', 'generator_102', 'number_match', 'number_match']
number opened: 3
TRIAL 18
Action chosen: (grey2, pink)
Outcome: True
partcle ids: ['number_match', 'generator_81', 'generator_104', 'generator_105', 'generator_106', 'generator_81', 'generator_94', 'generator_107', 'generator_106', 'generator_107', 'number_match', 'generator_81', 'generator_95', 'number_match', 'generator_104', 'generator_105', 'generator_94', 'generator_81', 'generator_106', 'generator_106', 'generator_105', 'number_match', 'generator_94', 'generator_95', 'number_match', 'generator_81', 'generator_106', 'generator_81', 'generator_81', 'generator_94']
number opened: 4
TRIAL 19
Action chosen: (heart, red)
Outcome: False
partcle ids: ['number_match', 'generator_81', 'generator_104', 'generator_105', 'generator_106', 'generator_81', 'generator_94', 'generator_107', 'generator_106', 'generator_107', 'number_match', 'generator_81', 'generator_95', 'number_match', 'generator_104', 'generator_105', 'generator_94', 'generator_81', 'generator_106', 'generator_106', 'generator_105', 'number_match', 'generator_94', 'generator_95', 'number_match', 'generator_81', 'generator_106', 'generator_81', 'generator_81', 'generator_94']
number opened: 4
TRIAL 20
Action chosen: (purple, red)
Outcome: False
partcle ids: ['number_match', 'generator_81', 'generator_104', 'generator_105', 'generator_106', 'generator_81', 'generator_94', 'generator_107', 'generator_106', 'generator_107', 'number_match', 'generator_81', 'generator_95', 'number_match', 'generator_104', 'generator_105', 'generator_94', 'generator_81', 'generator_106', 'generator_106', 'generator_105', 'number_match', 'generator_94', 'generator_95', 'number_match', 'generator_81', 'generator_106', 'generator_81', 'generator_81', 'generator_94']
number opened: 4
TRIAL 21
Action chosen: (red, red)
Outcome: True
partcle ids: ['number_match', 'number_match', 'number_match', 'number_match', 'number_match', 'number_match', 'number_match', 'number_match', 'number_match', 'number_match', 'number_match', 'number_match', 'number_match', 'number_match', 'number_match', 'number_match', 'number_match', 'number_match', 'number_match', 'number_match', 'number_match', 'number_match', 'number_match', 'number_match', 'number_match', 'number_match', 'number_match', 'number_match', 'number_match', 'number_match']
number opened: 5
{"attempts": 21, "unique_key_box_pairs": 21, "revisit_attempts": 0, "revisit_rate": 0.0, "attempts_before_abandoning_color_matching": 0, "color_matching_abandoned": true}
