{"Child_ID": "D105", "SoC_variant": "SoC-Full", "theta": [15, 1], "p_gen": 0.4, "true_prior": 0.02, "run_number": 36, "seed": 444789002668461699}
TRIAL 1
Action chosen: (red, red)
Outcome: True
partcle ids: ['shape_match', 'similar_color_9', 'similar_color_11', 'similar_color_10', 'generator_1', 'generator_2', 'generator_3', 'generator_4', 'generator_5', 'color_match', 'generator_6', 'similar_color_7', 'generator_7', 'generator_8', 'similar_color_14', 'generator_9', 'generator_10', 'color_match', 'similar_color_4', 'generator_11', 'similar_color_10', 'similar_color_10', 'generator_12', 'generator_13', 'color_match', 'similar_color_2', 'similar_color_12', 'similar_color_12', 'similar_color_4', 'similar_color_9']
number opened: 1
TRIAL 2
Action chosen: (green3, blue)
Outcome: False
partcle ids: ['generator_10', 'similar_color_8', 'generator_14', 'generator_15', 'order_match', 'generator_10', 'order_match', 'similar_color_3', 'similar_color_4', 'generator_16', 'color_match', 'generator_9', 'generator_17', 'generator_18', 'generator_19', 'generator_20', 'color_match', 'similar_color_2', 'generator_21', 'similar_color_6', 'generator_22', 'color_match', 'generator_23', 'generator_9', 'similar_color_9', 'generator_24', 'generator_25', 'similar_color_2', 'generator_26', 'generator_27']
number opened: 1
TRIAL 3
Action chosen: (purple, purple)
Outcome: False
partcle ids: ['generator_10', 'similar_color_8', 'generator_14', 'generator_15', 'order_match', 'generator_10', 'order_match', 'similar_color_3', 'similar_color_4', 'generator_16', 'color_match', 'generator_9', 'generator_17', 'generator_18', 'generator_19', 'generator_20', 'color_match', 'similar_color_2', 'generator_21', 'similar_color_6', 'generator_22', 'color_match', 'generator_23', 'generator_9', 'similar_color_9', 'generator_24', 'generator_25', 'similar_color_2', 'generator_26', 'generator_27']
number opened: 1
TRIAL 4
Action chosen: (cloud, white)
Outcome: False
partcle ids: ['generator_10', 'similar_color_8', 'generator_14', 'generator_15', 'order_match', 'generator_10', 'order_match', 'similar_color_3', 'similar_color_4', 'generator_16', 'color_match', 'generator_9', 'generator_17', 'generator_18', 'generator_19', 'generator_20', 'color_match', 'similar_color_2', 'generator_21', 'similar_color_6', 'generator_22', 'color_match', 'generator_23', 'generator_9', 'similar_color_9', 'generator_24', 'generator_25', 'similar_color_2', 'generator_26', 'generator_27']
number opened: 1
TRIAL 5
Action chosen: (orange4, purple)
Outcome: False
partcle ids: ['generator_9', 'generator_15', 'generator_14', 'generator_23', 'generator_23', 'generator_21', 'generator_28', 'generator_21', 'generator_30', 'generator_31', 'generator_32', 'generator_21', 'generator_33', 'generator_14', 'generator_34', 'generator_24', 'generator_35', 'generator_36', 'generator_37', 'generator_20', 'generator_15', 'generator_38', 'generator_39', 'generator_40', 'generator_41', 'generator_21', 'generator_42', 'generator_24', 'generator_43', 'generator_15']
number opened: 1
TRIAL 6
Action chosen: (cloud, blue)
Outcome: False
partcle ids: ['generator_9', 'generator_15', 'generator_14', 'generator_23', 'generator_23', 'generator_21', 'generator_28', 'generator_21', 'generator_30', 'generator_31', 'generator_32', 'generator_21', 'generator_33', 'generator_14', 'generator_34', 'generator_24', 'generator_35', 'generator_36', 'generator_37', 'generator_20', 'generator_15', 'generator_38', 'generator_39', 'generator_40', 'generator_41', 'generator_21', 'generator_42', 'generator_24', 'generator_43', 'generator_15']
number opened: 1
TRIAL 7
Action chosen: (green3, purple)
Outcome: True
partcle ids: ['generator_23', 'generator_45', 'generator_46', 'generator_47', 'generator_48', 'generator_24', 'generator_50', 'generator_51', 'generator_28', 'generator_53', 'generator_54', 'generator_55', 'generator_56', 'generator_57', 'generator_23', 'generator_58', 'generator_59', 'generator_60', 'generator_61', 'generator_62', 'generator_24', 'generator_64', 'generator_65', 'generator_66', 'generator_67', 'generator_40', 'generator_68', 'generator_69', 'generator_70', 'generator_71']
number opened: 2
TRIAL 8
Action chosen: (yellow5, pink)
Outcome: False
partcle ids: ['generator_23', 'generator_45', 'generator_46', 'generator_47', 'generator_48', 'generator_24', 'generator_50', 'generator_51', 'generator_28', 'generator_53', 'generator_54', 'generator_55', 'generator_56', 'generator_57', 'generator_23', 'generator_58', 'generator_59', 'generator_60', 'generator_61', 'generator_62', 'generator_24', 'generator_64', 'generator_65', 'generator_66', 'generator_67', 'generator_40', 'generator_68', 'generator_69', 'generator_70', 'generator_71']
number opened: 2
TRIAL 9
Action chosen: (diamond, pink)
Outcome: False
partcle ids: ['generator_23', 'generator_45', 'generator_46', 'generator_47', 'generator_48', 'generator_24', 'generator_50', 'generator_51', 'generator_28', 'generator_53', 'generator_54', 'generator_55', 'generator_56', 'generator_57', 'generator_23', 'generator_58', 'generator_59', 'generator_60', 'generator_61', 'generator_62', 'generator_24', 'generator_64', 'generator_65', 'generator_66', 'generator_67', 'generator_40', 'generator_68', 'generator_69', 'generator_70', 'generator_71']
number opened: 2
TRIAL 10
Action chosen: (grey2, pink)
Outcome: True
partcle ids: ['generator_55', 'generator_68', 'generator_73', 'generator_74', 'generator_75', 'generator_76', 'generator_77', 'generator_78', 'generator_77', 'generator_79', 'generator_80', 'generator_81', 'generator_82', 'generator_53', 'generator_84', 'number_match', 'generator_81', 'generator_85', 'generator_85', 'generator_68', 'generator_87', 'generator_56', 'generator_55', 'generator_90', 'generator_62', 'generator_92', 'generator_93', 'generator_53', 'generator_95', 'generator_62']
number opened: 3
TRIAL 11
Action chosen: (yellow5, blue)
Outcome: True
partcle ids: ['generator_53', 'generator_97', 'generator_97', 'generator_75', 'generator_75', 'generator_53', 'generator_81', 'generator_53', 'number_match', 'generator_87', 'generator_81', 'generator_53', 'generator_99', 'generator_75', 'generator_100', 'generator_53', 'number_match', 'generator_87', 'generator_87', 'generator_100', 'generator_75', 'generator_75', 'generator_81', 'generator_87', 'generator_99', 'generator_99', 'generator_75', 'generator_97', 'generator_75', 'generator_100']
number opened: 4
TRIAL 12
Action chosen: (diamond, white)
Outcome: False
partcle ids: ['generator_53', 'generator_97', 'generator_97', 'generator_75', 'generator_75', 'generator_53', 'generator_81', 'generator_53', 'number_match', 'generator_87', 'generator_81', 'generator_53', 'generator_99', 'generator_75', 'generator_100', 'generator_53', 'number_match', 'generator_87', 'generator_87', 'generator_100', 'generator_75', 'generator_75', 'generator_81', 'generator_87', 'generator_99', 'generator_99', 'generator_75', 'generator_97', 'generator_75', 'generator_100']
number opened: 4
TRIAL 13
Action chosen: (blue, white)
Outcome: False
partcle ids: ['generator_53', 'generator_97', 'generator_97', 'generator_75', 'generator_75', 'generator_53', 'generator_81', 'generator_53', 'number_match', 'generator_87', 'generator_81', 'generator_53', 'generator_99', 'generator_75', 'generator_100', 'generator_53', 'number_match', 'generator_87', 'generator_87', 'generator_100', 'generator_75', 'generator_75', 'generator_81', 'generator_87', 'generator_99', 'generator_99', 'generator_75', 'generator_97', 'generator_75', 'generator_100']
number opened: 4
TRIAL 14
Action chosen: (purple, white)
Outcome: False
partcle ids: ['generator_53', 'generator_97', 'generator_97', 'generator_75', 'generator_75', 'generator_53', 'generator_81', 'generator_53', 'number_match', 'generator_87', 'generator_81', 'generator_53', 'generator_99', 'generator_75', 'generator_100', 'generator_53', 'number_match', 'generator_87', 'generator_87', 'generator_100', 'generator_75', 'generator_75', 'generator_81', 'generator_87', 'generator_99', 'generator_99', 'generator_75', 'generator_97', 'generator_75', 'generator_100']
number opened: 4
TRIAL 15
Action chosen: (white, white)
Outcome: False
partcle ids: ['generator_100', 'generator_100', 'generator_100', 'number_match', 'generator_97', 'number_match', 'generator_99', 'generator_99', 'generator_99', 'generator_97', 'generator_99', 'generator_99', 'number_match', 'number_match', 'generator_97', 'generator_99', 'generator_99', 'generator_100', 'generator_97', 'generator_97', 'generator_97', 'generator_100', 'generator_100', 'generator_99', 'generator_75', 'generator_100', 'number_match', 'generator_100', 'generator_100', 'generator_99']
number opened: 4
TRIAL 16
Action chosen: (heart, white)
Outcome: False
partcle ids: ['generator_100', 'generator_100', 'generator_100', 'number_match', 'generator_97', 'number_match', 'generator_99', 'generator_99', 'generator_99', 'generator_97', 'generator_99', 'generator_99', 'number_match', 'number_match', 'generator_97', 'generator_99', 'generator_99', 'generator_100', 'generator_97', 'generator_97', 'generator_97', 'generator_100', 'generator_100', 'generator_99', 'generator_75', 'generator_100', 'number_match', 'generator_100', 'generator_100', 'generator_99']
number opened: 4
TRIAL 17
Action chosen: (triangle, white)
Outcome: False
partcle ids: ['generator_98', 'number_match', 'generator_81', 'generator_97', 'number_match', 'generator_97', 'generator_97', 'generator_97', 'number_match', 'number_match', 'generator_81', 'generator_97', 'generator_97', 'generator_97', 'generator_97', 'generator_97', 'number_match', 'generator_53', 'generator_97', 'generator_97', 'number_match', 'generator_81', 'generator_97', 'generator_75', 'generator_97', 'generator_97', 'generator_97', 'generator_97', 'generator_53', 'generator_97']
number opened: 4
TRIAL 18
Action chosen: (pink, white)
Outcome: False
partcle ids: ['generator_98', 'number_match', 'generator_81', 'generator_97', 'number_match', 'generator_97', 'generator_97', 'generator_97', 'number_match', 'number_match', 'generator_81', 'generator_97', 'generator_97', 'generator_97', 'generator_97', 'generator_97', 'number_match', 'generator_53', 'generator_97', 'generator_97', 'number_match', 'generator_81', 'generator_97', 'generator_75', 'generator_97', 'generator_97', 'generator_97', 'generator_97', 'generator_53', 'generator_97']
number opened: 4
TRIAL 19
Action chosen: (orange4, white)
Outcome: True
partcle ids: ['number_match', 'number_match', 'number_match', 'number_match', 'number_match', 'number_match', 'number_match', 'number_match', 'number_match', 'number_match', 'number_match', 'number_match', 'number_match', 'number_match', 'number_match', 'number_match', 'number_match', 'number_match', 'number_match', 'number_match', 'number_match', 'number_match', 'number_match', 'number_match', 'number_match', 'number_match', 'number_match', 'number_match', 'number_match', 'number_match']
number opened: 5
{"attempts": 19, "unique_key_box_pairs": 19, "revisit_attempts": 0, "revisit_rate": 0.0, "attempts_before_abandoning_color_matching": 1, "color_matching_abandoned": true}
