{"Child_ID": "D083", "SoC_variant": "SoC-Full", "theta": [9, 1], "p_gen": 0.7, "true_prior": 0.02, "run_number": 60, "seed": 5241220760022628577}
TRIAL 1
Action chosen: (red, red)
Outcome: True
partcle ids: ['generator_26', 'generator_27', 'generator_28', 'generator_29', 'generator_30', 'similar_color_7', 'color_match', 'generator_31', 'generator_8', 'generator_8', 'generator_32', 'generator_33', 'generator_34', 'generator_35', 'generator_36', 'generator_37', 'generator_38', 'generator_39', 'generator_40', 'generator_41', 'generator_42', 'generator_43', 'generator_44', 'similar_color_7', 'generator_45', 'generator_46', 'generator_47', 'similar_color_11', 'similar_color_7', 'generator_48']
number opened: 1
TRIAL 2
Action chosen: (triangle, white)
Outcome: False
partcle ids: ['generator_26', 'generator_27', 'generator_28', 'generator_29', 'generator_30', 'similar_color_7', 'color_match', 'generator_31', 'generator_8', 'generator_8', 'generator_32', 'generator_33', 'generator_34', 'generator_35', 'generator_36', 'generator_37', 'generator_38', 'generator_39', 'generator_40', 'generator_41', 'generator_42', 'generator_43', 'generator_44', 'similar_color_7', 'generator_45', 'generator_46', 'generator_47', 'similar_color_11', 'similar_color_7', 'generator_48']
number opened: 1
TRIAL 3
Action chosen: (purple, purple)
Outcome: False
partcle ids: ['generator_26', 'generator_27', 'generator_28', 'generator_29', 'generator_30', 'similar_color_7', 'color_match', 'generator_31', 'generator_8', 'generator_8', 'generator_32', 'generator_33', 'generator_34', 'generator_35', 'generator_36', 'generator_37', 'generator_38', 'generator_39', 'generator_40', 'generator_41', 'generator_42', 'generator_43', 'generator_44', 'similar_color_7', 'generator_45', 'generator_46', 'generator_47', 'similar_color_11', 'similar_color_7', 'generator_48']
number opened: 1
TRIAL 4
Action chosen: (triangle, blue)
Outcome: False
partcle ids: ['generator_28', 'generator_50', 'generator_51', 'generator_31', 'generator_33', 'generator_53', 'generator_54', 'generator_33', 'generator_55', 'generator_56', 'generator_57', 'generator_29', 'generator_28', 'generator_58', 'generator_59', 'generator_60', 'order_match', 'generator_61', 'generator_44', 'generator_62', 'generator_63', 'generator_27', 'generator_40', 'generator_65', 'generator_66', 'generator_67', 'generator_68', 'generator_69', 'generator_70', 'generator_71']
number opened: 1
TRIAL 5
Action chosen: (pink, purple)
Outcome: False
partcle ids: ['generator_28', 'generator_50', 'generator_51', 'generator_31', 'generator_33', 'generator_53', 'generator_54', 'generator_33', 'generator_55', 'generator_56', 'generator_57', 'generator_29', 'generator_28', 'generator_58', 'generator_59', 'generator_60', 'order_match', 'generator_61', 'generator_44', 'generator_62', 'generator_63', 'generator_27', 'generator_40', 'generator_65', 'generator_66', 'generator_67', 'generator_68', 'generator_69', 'generator_70', 'generator_71']
number opened: 1
TRIAL 6
Action chosen: (blue, purple)
Outcome: False
partcle ids: ['generator_28', 'generator_50', 'generator_51', 'generator_31', 'generator_33', 'generator_53', 'generator_54', 'generator_33', 'generator_55', 'generator_56', 'generator_57', 'generator_29', 'generator_28', 'generator_58', 'generator_59', 'generator_60', 'order_match', 'generator_61', 'generator_44', 'generator_62', 'generator_63', 'generator_27', 'generator_40', 'generator_65', 'generator_66', 'generator_67', 'generator_68', 'generator_69', 'generator_70', 'generator_71']
number opened: 1
TRIAL 7
Action chosen: (triangle, pink)
Outcome: False
partcle ids: ['generator_28', 'generator_50', 'generator_51', 'generator_31', 'generator_33', 'generator_53', 'generator_54', 'generator_33', 'generator_55', 'generator_56', 'generator_57', 'generator_29', 'generator_28', 'generator_58', 'generator_59', 'generator_60', 'order_match', 'generator_61', 'generator_44', 'generator_62', 'generator_63', 'generator_27', 'generator_40', 'generator_65', 'generator_66', 'generator_67', 'generator_68', 'generator_69', 'generator_70', 'generator_71']
number opened: 1
TRIAL 8
Action chosen: (blue, blue)
Outcome: False
partcle ids: ['generator_28', 'generator_50', 'generator_51', 'generator_31', 'generator_33', 'generator_53', 'generator_54', 'generator_33', 'generator_55', 'generator_56', 'generator_57', 'generator_29', 'generator_28', 'generator_58', 'generator_59', 'generator_60', 'order_match', 'generator_61', 'generator_44', 'generator_62', 'generator_63', 'generator_27', 'generator_40', 'generator_65', 'generator_66', 'generator_67', 'generator_68', 'generator_69', 'generator_70', 'generator_71']
number opened: 1
TRIAL 9
Action chosen: (blue, pink)
Outcome: False
partcle ids: ['generator_50', 'order_match', 'generator_72', 'generator_73', 'generator_29', 'generator_40', 'generator_55', 'generator_75', 'generator_54', 'generator_76', 'generator_29', 'generator_66', 'generator_78', 'generator_79', 'generator_62', 'generator_50', 'generator_66', 'generator_50', 'generator_81', 'generator_62', 'generator_82', 'generator_55', 'generator_83', 'generator_61', 'generator_84', 'generator_66', 'generator_86', 'generator_50', 'generator_87', 'generator_50']
number opened: 1
TRIAL 10
Action chosen: (green3, purple)
Outcome: True
partcle ids: ['generator_66', 'generator_66', 'generator_73', 'generator_73', 'generator_66', 'generator_93', 'generator_86', 'generator_73', 'generator_96', 'generator_97', 'generator_98', 'generator_66', 'generator_100', 'generator_101', 'generator_102', 'generator_66', 'generator_104', 'generator_105', 'generator_106', 'generator_66', 'generator_66', 'generator_109', 'generator_110', 'generator_111', 'generator_66', 'generator_113', 'generator_114', 'generator_115', 'generator_116', 'generator_117']
number opened: 2
TRIAL 11
Action chosen: (yellow5, blue)
Outcome: True
partcle ids: ['generator_66', 'generator_119', 'generator_120', 'generator_66', 'generator_121', 'generator_122', 'generator_123', 'generator_122', 'generator_124', 'generator_66', 'generator_98', 'generator_66', 'generator_128', 'generator_129', 'generator_66', 'generator_131', 'generator_66', 'number_match', 'generator_66', 'generator_134', 'generator_135', 'generator_136', 'generator_98', 'generator_138', 'generator_128', 'generator_139', 'generator_138', 'generator_140', 'generator_140', 'generator_66']
number opened: 3
TRIAL 12
Action chosen: (diamond, pink)
Outcome: False
partcle ids: ['generator_66', 'generator_119', 'generator_120', 'generator_66', 'generator_121', 'generator_122', 'generator_123', 'generator_122', 'generator_124', 'generator_66', 'generator_98', 'generator_66', 'generator_128', 'generator_129', 'generator_66', 'generator_131', 'generator_66', 'number_match', 'generator_66', 'generator_134', 'generator_135', 'generator_136', 'generator_98', 'generator_138', 'generator_128', 'generator_139', 'generator_138', 'generator_140', 'generator_140', 'generator_66']
number opened: 3
TRIAL 13
Action chosen: (diamond, white)
Outcome: False
partcle ids: ['generator_66', 'generator_119', 'generator_120', 'generator_66', 'generator_121', 'generator_122', 'generator_123', 'generator_122', 'generator_124', 'generator_66', 'generator_98', 'generator_66', 'generator_128', 'generator_129', 'generator_66', 'generator_131', 'generator_66', 'number_match', 'generator_66', 'generator_134', 'generator_135', 'generator_136', 'generator_98', 'generator_138', 'generator_128', 'generator_139', 'generator_138', 'generator_140', 'generator_140', 'generator_66']
number opened: 3
TRIAL 14
Action chosen: (white, pink)
Outcome: False
partcle ids: ['generator_142', 'generator_123', 'generator_119', 'generator_98', 'generator_134', 'generator_131', 'generator_146', 'generator_147', 'generator_123', 'generator_148', 'generator_136', 'generator_149', 'generator_150', 'generator_119', 'generator_151', 'generator_129', 'generator_136', 'generator_123', 'generator_153', 'generator_136', 'generator_153', 'generator_154', 'generator_129', 'generator_155', 'generator_131', 'generator_98', 'generator_154', 'generator_131', 'generator_134', 'number_match']
number opened: 3
TRIAL 15
Action chosen: (pink, pink)
Outcome: False
partcle ids: ['generator_142', 'generator_123', 'generator_119', 'generator_98', 'generator_134', 'generator_131', 'generator_146', 'generator_147', 'generator_123', 'generator_148', 'generator_136', 'generator_149', 'generator_150', 'generator_119', 'generator_151', 'generator_129', 'generator_136', 'generator_123', 'generator_153', 'generator_136', 'generator_153', 'generator_154', 'generator_129', 'generator_155', 'generator_131', 'generator_98', 'generator_154', 'generator_131', 'generator_134', 'number_match']
number opened: 3
TRIAL 16
Action chosen: (heart, pink)
Outcome: False
partcle ids: ['generator_142', 'generator_123', 'generator_119', 'generator_98', 'generator_134', 'generator_131', 'generator_146', 'generator_147', 'generator_123', 'generator_148', 'generator_136', 'generator_149', 'generator_150', 'generator_119', 'generator_151', 'generator_129', 'generator_136', 'generator_123', 'generator_153', 'generator_136', 'generator_153', 'generator_154', 'generator_129', 'generator_155', 'generator_131', 'generator_98', 'generator_154', 'generator_131', 'generator_134', 'number_match']
number opened: 3
TRIAL 17
Action chosen: (pink, white)
Outcome: False
partcle ids: ['generator_148', 'generator_147', 'generator_162', 'generator_146', 'generator_164', 'generator_165', 'number_match', 'generator_167', 'generator_158', 'generator_148', 'generator_123', 'generator_168', 'generator_142', 'generator_132', 'generator_129', 'generator_119', 'generator_147', 'generator_142', 'generator_123', 'generator_155', 'generator_173', 'generator_123', 'generator_165', 'generator_147', 'generator_123', 'generator_147', 'generator_176', 'number_match', 'generator_142', 'generator_177']
number opened: 3
TRIAL 18
Action chosen: (purple, pink)
Outcome: False
partcle ids: ['generator_148', 'generator_147', 'generator_162', 'generator_146', 'generator_164', 'generator_165', 'number_match', 'generator_167', 'generator_158', 'generator_148', 'generator_123', 'generator_168', 'generator_142', 'generator_132', 'generator_129', 'generator_119', 'generator_147', 'generator_142', 'generator_123', 'generator_155', 'generator_173', 'generator_123', 'generator_165', 'generator_147', 'generator_123', 'generator_147', 'generator_176', 'number_match', 'generator_142', 'generator_177']
number opened: 3
TRIAL 19
Action chosen: (orange4, pink)
Outcome: False
partcle ids: ['generator_148', 'generator_147', 'generator_162', 'generator_146', 'generator_164', 'generator_165', 'number_match', 'generator_167', 'generator_158', 'generator_148', 'generator_123', 'generator_168', 'generator_142', 'generator_132', 'generator_129', 'generator_119', 'generator_147', 'generator_142', 'generator_123', 'generator_155', 'generator_173', 'generator_123', 'generator_165', 'generator_147', 'generator_123', 'generator_147', 'generator_176', 'number_match', 'generator_142', 'generator_177']
number opened: 3
TRIAL 20
Action chosen: (grey2, pink)
Outcome: True
partcle ids: ['number_match', 'number_match', 'generator_148', 'generator_148', 'generator_178', 'generator_179', 'generator_180', 'generator_173', 'generator_173', 'number_match', 'number_match', 'generator_148', 'generator_179', 'generator_179', 'number_match', 'generator_98', 'generator_178', 'generator_148', 'number_match', 'generator_180', 'generator_179', 'number_match', 'number_match', 'number_match', 'generator_180', 'generator_180', 'generator_178', 'generator_125', 'generator_148', 'generator_180']
number opened: 4
TRIAL 21
Action chosen: (orange4, white)
Outcome: True
partcle ids: ['number_match', 'number_match', 'number_match', 'number_match', 'number_match', 'number_match', 'number_match', 'number_match', 'number_match', 'number_match', 'number_match', 'number_match', 'number_match', 'number_match', 'number_match', 'number_match', 'number_match', 'number_match', 'number_match', 'number_match', 'number_match', 'number_match', 'number_match', 'number_match', 'number_match', 'number_match', 'number_match', 'number_match', 'number_match', 'number_match']
number opened: 5
{"attempts": 21, "unique_key_box_pairs": 21, "revisit_attempts": 0, "revisit_rate": 0.0, "attempts_before_abandoning_color_matching": 1, "color_matching_abandoned": true}
