{"Child_ID": "D083", "SoC_variant": "SoC-Full", "theta": [9, 1], "p_gen": 0.7, "true_prior": 0.02, "run_number": 57, "seed": 2731509521005998362}
TRIAL 1
Action chosen: (purple, purple)
Outcome: False
partcle ids: ['generator_1', 'similar_color_13', 'generator_2', 'generator_3', 'generator_4', 'generator_5', 'similar_color_1', 'generator_6', 'similar_color_3', 'generator_7', 'generator_8', 'generator_9', 'order_match', 'similar_color_2', 'generator_10', 'generator_11', 'generator_12', 'generator_13', 'generator_14', 'generator_15', 'similar_color_11', 'generator_16', 'similar_color_13', 'generator_17', 'similar_color_2', 'generator_18', 'similar_color_3', 'generator_19', 'generator_20', 'generator_21']
number opened: 0
TRIAL 2
Action chosen: (yellow5, pink)
Outcome: False
partcle ids: ['generator_1', 'similar_color_13', 'generator_2', 'generator_3', 'generator_4', 'generator_5', 'similar_color_1', 'generator_6', 'similar_color_3', 'generator_7', 'generator_8', 'generator_9', 'order_match', 'similar_color_2', 'generator_10', 'generator_11', 'generator_12', 'generator_13', 'generator_14', 'generator_15', 'similar_color_11', 'generator_16', 'similar_color_13', 'generator_17', 'similar_color_2', 'generator_18', 'similar_color_3', 'generator_19', 'generator_20', 'generator_21']
number opened: 0
TRIAL 3
Action chosen: (heart, pink)
Outcome: False
partcle ids: ['generator_1', 'similar_color_13', 'generator_2', 'generator_3', 'generator_4', 'generator_5', 'similar_color_1', 'generator_6', 'similar_color_3', 'generator_7', 'generator_8', 'generator_9', 'order_match', 'similar_color_2', 'generator_10', 'generator_11', 'generator_12', 'generator_13', 'generator_14', 'generator_15', 'similar_color_11', 'generator_16', 'similar_color_13', 'generator_17', 'similar_color_2', 'generator_18', 'similar_color_3', 'generator_19', 'generator_20', 'generator_21']
number opened: 0
TRIAL 4
Action chosen: (purple, pink)
Outcome: False
partcle ids: ['generator_5', 'generator_22', 'generator_23', 'generator_24', 'generator_25', 'generator_18', 'generator_26', 'generator_10', 'generator_5', 'generator_29', 'generator_30', 'generator_31', 'generator_32', 'generator_33', 'generator_34', 'generator_35', 'generator_36', 'generator_37', 'generator_38', 'order_match', 'generator_39', 'generator_40', 'generator_41', 'generator_42', 'generator_43', 'generator_44', 'generator_17', 'generator_45', 'generator_46', 'generator_47']
number opened: 0
TRIAL 5
Action chosen: (green3, white)
Outcome: False
partcle ids: ['generator_5', 'generator_22', 'generator_23', 'generator_24', 'generator_25', 'generator_18', 'generator_26', 'generator_10', 'generator_5', 'generator_29', 'generator_30', 'generator_31', 'generator_32', 'generator_33', 'generator_34', 'generator_35', 'generator_36', 'generator_37', 'generator_38', 'order_match', 'generator_39', 'generator_40', 'generator_41', 'generator_42', 'generator_43', 'generator_44', 'generator_17', 'generator_45', 'generator_46', 'generator_47']
number opened: 0
TRIAL 6
Action chosen: (red, white)
Outcome: False
partcle ids: ['generator_5', 'generator_22', 'generator_23', 'generator_24', 'generator_25', 'generator_18', 'generator_26', 'generator_10', 'generator_5', 'generator_29', 'generator_30', 'generator_31', 'generator_32', 'generator_33', 'generator_34', 'generator_35', 'generator_36', 'generator_37', 'generator_38', 'order_match', 'generator_39', 'generator_40', 'generator_41', 'generator_42', 'generator_43', 'generator_44', 'generator_17', 'generator_45', 'generator_46', 'generator_47']
number opened: 0
TRIAL 7
Action chosen: (grey2, pink)
Outcome: True
partcle ids: ['generator_39', 'generator_37', 'generator_49', 'generator_50', 'generator_51', 'generator_52', 'generator_53', 'generator_54', 'generator_55', 'generator_56', 'generator_17', 'generator_58', 'generator_46', 'generator_60', 'generator_61', 'generator_62', 'generator_37', 'generator_64', 'generator_65', 'generator_66', 'generator_67', 'generator_39', 'generator_69', 'generator_39', 'generator_71', 'generator_37', 'generator_73', 'generator_74', 'generator_75', 'generator_76']
number opened: 1
TRIAL 8
Action chosen: (white, purple)
Outcome: False
partcle ids: ['generator_39', 'generator_37', 'generator_49', 'generator_50', 'generator_51', 'generator_52', 'generator_53', 'generator_54', 'generator_55', 'generator_56', 'generator_17', 'generator_58', 'generator_46', 'generator_60', 'generator_61', 'generator_62', 'generator_37', 'generator_64', 'generator_65', 'generator_66', 'generator_67', 'generator_39', 'generator_69', 'generator_39', 'generator_71', 'generator_37', 'generator_73', 'generator_74', 'generator_75', 'generator_76']
number opened: 1
TRIAL 9
Action chosen: (pink, purple)
Outcome: False
partcle ids: ['generator_39', 'generator_37', 'generator_49', 'generator_50', 'generator_51', 'generator_52', 'generator_53', 'generator_54', 'generator_55', 'generator_56', 'generator_17', 'generator_58', 'generator_46', 'generator_60', 'generator_61', 'generator_62', 'generator_37', 'generator_64', 'generator_65', 'generator_66', 'generator_67', 'generator_39', 'generator_69', 'generator_39', 'generator_71', 'generator_37', 'generator_73', 'generator_74', 'generator_75', 'generator_76']
number opened: 1
TRIAL 10
Action chosen: (red, blue)
Outcome: False
partcle ids: ['generator_39', 'generator_37', 'generator_49', 'generator_50', 'generator_51', 'generator_52', 'generator_53', 'generator_54', 'generator_55', 'generator_56', 'generator_17', 'generator_58', 'generator_46', 'generator_60', 'generator_61', 'generator_62', 'generator_37', 'generator_64', 'generator_65', 'generator_66', 'generator_67', 'generator_39', 'generator_69', 'generator_39', 'generator_71', 'generator_37', 'generator_73', 'generator_74', 'generator_75', 'generator_76']
number opened: 1
TRIAL 11
Action chosen: (diamond, purple)
Outcome: False
partcle ids: ['generator_77', 'generator_78', 'generator_79', 'generator_60', 'generator_81', 'generator_56', 'generator_83', 'generator_84', 'generator_85', 'generator_86', 'generator_56', 'generator_88', 'generator_89', 'generator_71', 'generator_90', 'generator_91', 'generator_92', 'generator_93', 'generator_94', 'generator_95', 'generator_96', 'generator_71', 'generator_98', 'generator_99', 'generator_100', 'generator_56', 'generator_101', 'generator_102', 'generator_103', 'generator_104']
number opened: 1
TRIAL 12
Action chosen: (diamond, blue)
Outcome: False
partcle ids: ['generator_77', 'generator_78', 'generator_79', 'generator_60', 'generator_81', 'generator_56', 'generator_83', 'generator_84', 'generator_85', 'generator_86', 'generator_56', 'generator_88', 'generator_89', 'generator_71', 'generator_90', 'generator_91', 'generator_92', 'generator_93', 'generator_94', 'generator_95', 'generator_96', 'generator_71', 'generator_98', 'generator_99', 'generator_100', 'generator_56', 'generator_101', 'generator_102', 'generator_103', 'generator_104']
number opened: 1
TRIAL 13
Action chosen: (heart, purple)
Outcome: False
partcle ids: ['generator_77', 'generator_78', 'generator_79', 'generator_60', 'generator_81', 'generator_56', 'generator_83', 'generator_84', 'generator_85', 'generator_86', 'generator_56', 'generator_88', 'generator_89', 'generator_71', 'generator_90', 'generator_91', 'generator_92', 'generator_93', 'generator_94', 'generator_95', 'generator_96', 'generator_71', 'generator_98', 'generator_99', 'generator_100', 'generator_56', 'generator_101', 'generator_102', 'generator_103', 'generator_104']
number opened: 1
TRIAL 14
Action chosen: (pink, white)
Outcome: False
partcle ids: ['generator_77', 'generator_78', 'generator_79', 'generator_60', 'generator_81', 'generator_56', 'generator_83', 'generator_84', 'generator_85', 'generator_86', 'generator_56', 'generator_88', 'generator_89', 'generator_71', 'generator_90', 'generator_91', 'generator_92', 'generator_93', 'generator_94', 'generator_95', 'generator_96', 'generator_71', 'generator_98', 'generator_99', 'generator_100', 'generator_56', 'generator_101', 'generator_102', 'generator_103', 'generator_104']
number opened: 1
TRIAL 15
Action chosen: (green3, purple)
Outcome: True
partcle ids: ['generator_105', 'generator_106', 'generator_107', 'generator_108', 'generator_109', 'generator_78', 'generator_111', 'generator_112', 'generator_100', 'generator_113', 'generator_114', 'generator_78', 'generator_100', 'generator_100', 'generator_106', 'generator_118', 'generator_119', 'generator_78', 'generator_121', 'generator_122', 'generator_123', 'generator_124', 'generator_78', 'generator_126', 'generator_127', 'generator_95', 'generator_78', 'generator_130', 'generator_131', 'generator_95']
number opened: 2
TRIAL 16
Action chosen: (heart, red)
Outcome: False
partcle ids: ['generator_105', 'generator_106', 'generator_107', 'generator_108', 'generator_109', 'generator_78', 'generator_111', 'generator_112', 'generator_100', 'generator_113', 'generator_114', 'generator_78', 'generator_100', 'generator_100', 'generator_106', 'generator_118', 'generator_119', 'generator_78', 'generator_121', 'generator_122', 'generator_123', 'generator_124', 'generator_78', 'generator_126', 'generator_127', 'generator_95', 'generator_78', 'generator_130', 'generator_131', 'generator_95']
number opened: 2
TRIAL 17
Action chosen: (yellow5, white)
Outcome: False
partcle ids: ['generator_105', 'generator_106', 'generator_107', 'generator_108', 'generator_109', 'generator_78', 'generator_111', 'generator_112', 'generator_100', 'generator_113', 'generator_114', 'generator_78', 'generator_100', 'generator_100', 'generator_106', 'generator_118', 'generator_119', 'generator_78', 'generator_121', 'generator_122', 'generator_123', 'generator_124', 'generator_78', 'generator_126', 'generator_127', 'generator_95', 'generator_78', 'generator_130', 'generator_131', 'generator_95']
number opened: 2
TRIAL 18
Action chosen: (cloud, red)
Outcome: False
partcle ids: ['generator_133', 'generator_134', 'generator_135', 'generator_136', 'generator_137', 'generator_138', 'generator_139', 'generator_126', 'generator_141', 'generator_142', 'generator_143', 'generator_144', 'generator_144', 'generator_114', 'generator_146', 'generator_106', 'generator_148', 'generator_131', 'generator_150', 'generator_151', 'generator_152', 'generator_126', 'generator_106', 'generator_154', 'generator_155', 'number_match', 'generator_126', 'generator_157', 'generator_158', 'generator_126']
number opened: 2
TRIAL 19
Action chosen: (orange4, white)
Outcome: True
partcle ids: ['generator_160', 'generator_161', 'generator_144', 'generator_126', 'generator_164', 'generator_126', 'generator_165', 'generator_126', 'number_match', 'generator_167', 'generator_144', 'generator_169', 'generator_139', 'generator_171', 'generator_152', 'generator_126', 'generator_173', 'generator_169', 'generator_139', 'generator_174', 'generator_165', 'generator_169', 'generator_152', 'generator_174', 'generator_175', 'generator_167', 'generator_121', 'generator_126', 'generator_177', 'generator_126']
number opened: 3
TRIAL 20
Action chosen: (yellow5, red)
Outcome: False
partcle ids: ['generator_160', 'generator_161', 'generator_144', 'generator_126', 'generator_164', 'generator_126', 'generator_165', 'generator_126', 'number_match', 'generator_167', 'generator_144', 'generator_169', 'generator_139', 'generator_171', 'generator_152', 'generator_126', 'generator_173', 'generator_169', 'generator_139', 'generator_174', 'generator_165', 'generator_169', 'generator_152', 'generator_174', 'generator_175', 'generator_167', 'generator_121', 'generator_126', 'generator_177', 'generator_126']
number opened: 3
TRIAL 21
Action chosen: (blue, blue)
Outcome: False
partcle ids: ['generator_160', 'generator_161', 'generator_144', 'generator_126', 'generator_164', 'generator_126', 'generator_165', 'generator_126', 'number_match', 'generator_167', 'generator_144', 'generator_169', 'generator_139', 'generator_171', 'generator_152', 'generator_126', 'generator_173', 'generator_169', 'generator_139', 'generator_174', 'generator_165', 'generator_169', 'generator_152', 'generator_174', 'generator_175', 'generator_167', 'generator_121', 'generator_126', 'generator_177', 'generator_126']
number opened: 3
TRIAL 22
Action chosen: (heart, blue)
Outcome: False
partcle ids: ['generator_178', 'generator_179', 'generator_174', 'generator_180', 'generator_181', 'generator_182', 'generator_173', 'generator_144', 'generator_144', 'generator_174', 'generator_183', 'generator_173', 'generator_178', 'generator_184', 'generator_144', 'generator_181', 'generator_185', 'generator_144', 'generator_174', 'generator_168', 'generator_152', 'generator_174', 'generator_173', 'generator_174', 'generator_188', 'generator_189', 'generator_173', 'generator_161', 'generator_174', 'generator_191']
number opened: 3
TRIAL 23
Action chosen: (triangle, blue)
Outcome: False
partcle ids: ['generator_178', 'generator_179', 'generator_174', 'generator_180', 'generator_181', 'generator_182', 'generator_173', 'generator_144', 'generator_144', 'generator_174', 'generator_183', 'generator_173', 'generator_178', 'generator_184', 'generator_144', 'generator_181', 'generator_185', 'generator_144', 'generator_174', 'generator_168', 'generator_152', 'generator_174', 'generator_173', 'generator_174', 'generator_188', 'generator_189', 'generator_173', 'generator_161', 'generator_174', 'generator_191']
number opened: 3
TRIAL 24
Action chosen: (diamond, red)
Outcome: False
partcle ids: ['generator_178', 'generator_179', 'generator_174', 'generator_180', 'generator_181', 'generator_182', 'generator_173', 'generator_144', 'generator_144', 'generator_174', 'generator_183', 'generator_173', 'generator_178', 'generator_184', 'generator_144', 'generator_181', 'generator_185', 'generator_144', 'generator_174', 'generator_168', 'generator_152', 'generator_174', 'generator_173', 'generator_174', 'generator_188', 'generator_189', 'generator_173', 'generator_161', 'generator_174', 'generator_191']
number opened: 3
TRIAL 25
Action chosen: (pink, red)
Outcome: False
partcle ids: ['generator_192', 'generator_161', 'generator_185', 'generator_194', 'generator_195', 'generator_185', 'generator_144', 'generator_197', 'generator_164', 'generator_161', 'generator_181', 'generator_182', 'generator_199', 'generator_165', 'generator_183', 'generator_182', 'generator_183', 'generator_182', 'generator_172', 'generator_201', 'generator_182', 'generator_182', 'generator_199', 'generator_202', 'generator_178', 'generator_204', 'generator_185', 'generator_205', 'generator_180', 'generator_182']
number opened: 3
TRIAL 26
Action chosen: (yellow5, blue)
Outcome: True
partcle ids: ['generator_183', 'generator_205', 'generator_182', 'generator_205', 'generator_205', 'number_match', 'generator_183', 'number_match', 'generator_182', 'generator_182', 'generator_168', 'generator_189', 'generator_207', 'generator_205', 'generator_205', 'generator_168', 'generator_207', 'generator_182', 'number_match', 'generator_183', 'number_match', 'number_match', 'generator_207', 'number_match', 'generator_182', 'generator_182', 'number_match', 'generator_205', 'generator_182', 'generator_183']
number opened: 4
TRIAL 27
Action chosen: (red, red)
Outcome: True
partcle ids: ['number_match', 'number_match', 'number_match', 'number_match', 'number_match', 'number_match', 'number_match', 'number_match', 'number_match', 'number_match', 'number_match', 'number_match', 'number_match', 'number_match', 'number_match', 'number_match', 'number_match', 'number_match', 'number_match', 'number_match', 'number_match', 'number_match', 'number_match', 'number_match', 'number_match', 'number_match', 'number_match', 'number_match', 'number_match', 'number_match']
number opened: 5
{"attempts": 27, "unique_key_box_pairs": 27, "revisit_attempts": 0, "revisit_rate": 0.0, "attempts_before_abandoning_color_matching": 1, "color_matching_abandoned": true}
