{"Child_ID": "D098", "SoC_variant": "SoC-Full", "theta": [1, 3], "p_gen": 0.7, "true_prior": 0.02, "run_number": 25, "seed": 4927363508810447517}
TRIAL 1
Action chosen: (red, red)
Outcome: True
partcle ids: ['generator_19', 'generator_20', 'similar_color_8', 'generator_21', 'generator_22', 'similar_color_9', 'generator_23', 'generator_24', 'generator_25', 'generator_26', 'generator_27', 'generator_28', 'generator_29', 'generator_30', 'generator_31', 'similar_color_7', 'generator_32', 'generator_33', 'generator_34', 'generator_35', 'generator_36', 'generator_37', 'generator_38', 'similar_color_11', 'similar_color_3', 'similar_color_7', 'similar_color_9', 'similar_color_12', 'generator_39', 'generator_40']
number opened: 1
TRIAL 2
Action chosen: (pink, pink)
Outcome: False
partcle ids: ['generator_19', 'generator_20', 'similar_color_8', 'generator_21', 'generator_22', 'similar_color_9', 'generator_23', 'generator_24', 'generator_25', 'generator_26', 'generator_27', 'generator_28', 'generator_29', 'generator_30', 'generator_31', 'similar_color_7', 'generator_32', 'generator_33', 'generator_34', 'generator_35', 'generator_36', 'generator_37', 'generator_38', 'similar_color_11', 'similar_color_3', 'similar_color_7', 'similar_color_9', 'similar_color_12', 'generator_39', 'generator_40']
number opened: 1
TRIAL 3
Action chosen: (pink, pink)
Outcome: False
partcle ids: ['generator_19', 'generator_20', 'similar_color_8', 'generator_21', 'generator_22', 'similar_color_9', 'generator_23', 'generator_24', 'generator_25', 'generator_26', 'generator_27', 'generator_28', 'generator_29', 'generator_30', 'generator_31', 'similar_color_7', 'generator_32', 'generator_33', 'generator_34', 'generator_35', 'generator_36', 'generator_37', 'generator_38', 'similar_color_11', 'similar_color_3', 'similar_color_7', 'similar_color_9', 'similar_color_12', 'generator_39', 'generator_40']
number opened: 1
TRIAL 4
Action chosen: (white, blue)
Outcome: False
partcle ids: ['generator_19', 'generator_20', 'similar_color_8', 'generator_21', 'generator_22', 'similar_color_9', 'generator_23', 'generator_24', 'generator_25', 'generator_26', 'generator_27', 'generator_28', 'generator_29', 'generator_30', 'generator_31', 'similar_color_7', 'generator_32', 'generator_33', 'generator_34', 'generator_35', 'generator_36', 'generator_37', 'generator_38', 'similar_color_11', 'similar_color_3', 'similar_color_7', 'similar_color_9', 'similar_color_12', 'generator_39', 'generator_40']
number opened: 1
TRIAL 5
Action chosen: (blue, blue)
Outcome: False
partcle ids: ['generator_19', 'generator_20', 'similar_color_8', 'generator_21', 'generator_22', 'similar_color_9', 'generator_23', 'generator_24', 'generator_25', 'generator_26', 'generator_27', 'generator_28', 'generator_29', 'generator_30', 'generator_31', 'similar_color_7', 'generator_32', 'generator_33', 'generator_34', 'generator_35', 'generator_36', 'generator_37', 'generator_38', 'similar_color_11', 'similar_color_3', 'similar_color_7', 'similar_color_9', 'similar_color_12', 'generator_39', 'generator_40']
number opened: 1
TRIAL 6
Action chosen: (white, blue)
Outcome: False
partcle ids: ['generator_19', 'generator_20', 'similar_color_8', 'generator_21', 'generator_22', 'similar_color_9', 'generator_23', 'generator_24', 'generator_25', 'generator_26', 'generator_27', 'generator_28', 'generator_29', 'generator_30', 'generator_31', 'similar_color_7', 'generator_32', 'generator_33', 'generator_34', 'generator_35', 'generator_36', 'generator_37', 'generator_38', 'similar_color_11', 'similar_color_3', 'similar_color_7', 'similar_color_9', 'similar_color_12', 'generator_39', 'generator_40']
number opened: 1
TRIAL 7
Action chosen: (pink, pink)
Outcome: False
partcle ids: ['generator_19', 'generator_20', 'similar_color_8', 'generator_21', 'generator_22', 'similar_color_9', 'generator_23', 'generator_24', 'generator_25', 'generator_26', 'generator_27', 'generator_28', 'generator_29', 'generator_30', 'generator_31', 'similar_color_7', 'generator_32', 'generator_33', 'generator_34', 'generator_35', 'generator_36', 'generator_37', 'generator_38', 'similar_color_11', 'similar_color_3', 'similar_color_7', 'similar_color_9', 'similar_color_12', 'generator_39', 'generator_40']
number opened: 1
TRIAL 8
Action chosen: (triangle, purple)
Outcome: False
partcle ids: ['generator_19', 'generator_20', 'similar_color_8', 'generator_21', 'generator_22', 'similar_color_9', 'generator_23', 'generator_24', 'generator_25', 'generator_26', 'generator_27', 'generator_28', 'generator_29', 'generator_30', 'generator_31', 'similar_color_7', 'generator_32', 'generator_33', 'generator_34', 'generator_35', 'generator_36', 'generator_37', 'generator_38', 'similar_color_11', 'similar_color_3', 'similar_color_7', 'similar_color_9', 'similar_color_12', 'generator_39', 'generator_40']
number opened: 1
TRIAL 9
Action chosen: (pink, purple)
Outcome: False
partcle ids: ['generator_19', 'generator_20', 'similar_color_8', 'generator_21', 'generator_22', 'similar_color_9', 'generator_23', 'generator_24', 'generator_25', 'generator_26', 'generator_27', 'generator_28', 'generator_29', 'generator_30', 'generator_31', 'similar_color_7', 'generator_32', 'generator_33', 'generator_34', 'generator_35', 'generator_36', 'generator_37', 'generator_38', 'similar_color_11', 'similar_color_3', 'similar_color_7', 'similar_color_9', 'similar_color_12', 'generator_39', 'generator_40']
number opened: 1
TRIAL 10
Action chosen: (blue, purple)
Outcome: False
partcle ids: ['generator_19', 'generator_20', 'similar_color_8', 'generator_21', 'generator_22', 'similar_color_9', 'generator_23', 'generator_24', 'generator_25', 'generator_26', 'generator_27', 'generator_28', 'generator_29', 'generator_30', 'generator_31', 'similar_color_7', 'generator_32', 'generator_33', 'generator_34', 'generator_35', 'generator_36', 'generator_37', 'generator_38', 'similar_color_11', 'similar_color_3', 'similar_color_7', 'similar_color_9', 'similar_color_12', 'generator_39', 'generator_40']
number opened: 1
TRIAL 11
Action chosen: (blue, blue)
Outcome: False
partcle ids: ['generator_19', 'generator_20', 'similar_color_8', 'generator_21', 'generator_22', 'similar_color_9', 'generator_23', 'generator_24', 'generator_25', 'generator_26', 'generator_27', 'generator_28', 'generator_29', 'generator_30', 'generator_31', 'similar_color_7', 'generator_32', 'generator_33', 'generator_34', 'generator_35', 'generator_36', 'generator_37', 'generator_38', 'similar_color_11', 'similar_color_3', 'similar_color_7', 'similar_color_9', 'similar_color_12', 'generator_39', 'generator_40']
number opened: 1
TRIAL 12
Action chosen: (pink, pink)
Outcome: False
partcle ids: ['generator_19', 'generator_20', 'similar_color_8', 'generator_21', 'generator_22', 'similar_color_9', 'generator_23', 'generator_24', 'generator_25', 'generator_26', 'generator_27', 'generator_28', 'generator_29', 'generator_30', 'generator_31', 'similar_color_7', 'generator_32', 'generator_33', 'generator_34', 'generator_35', 'generator_36', 'generator_37', 'generator_38', 'similar_color_11', 'similar_color_3', 'similar_color_7', 'similar_color_9', 'similar_color_12', 'generator_39', 'generator_40']
number opened: 1
TRIAL 13
Action chosen: (white, blue)
Outcome: False
partcle ids: ['generator_19', 'generator_20', 'similar_color_8', 'generator_21', 'generator_22', 'similar_color_9', 'generator_23', 'generator_24', 'generator_25', 'generator_26', 'generator_27', 'generator_28', 'generator_29', 'generator_30', 'generator_31', 'similar_color_7', 'generator_32', 'generator_33', 'generator_34', 'generator_35', 'generator_36', 'generator_37', 'generator_38', 'similar_color_11', 'similar_color_3', 'similar_color_7', 'similar_color_9', 'similar_color_12', 'generator_39', 'generator_40']
number opened: 1
TRIAL 14
Action chosen: (blue, purple)
Outcome: False
partcle ids: ['generator_19', 'generator_20', 'similar_color_8', 'generator_21', 'generator_22', 'similar_color_9', 'generator_23', 'generator_24', 'generator_25', 'generator_26', 'generator_27', 'generator_28', 'generator_29', 'generator_30', 'generator_31', 'similar_color_7', 'generator_32', 'generator_33', 'generator_34', 'generator_35', 'generator_36', 'generator_37', 'generator_38', 'similar_color_11', 'similar_color_3', 'similar_color_7', 'similar_color_9', 'similar_color_12', 'generator_39', 'generator_40']
number opened: 1
TRIAL 15
Action chosen: (triangle, purple)
Outcome: False
partcle ids: ['generator_19', 'generator_20', 'similar_color_8', 'generator_21', 'generator_22', 'similar_color_9', 'generator_23', 'generator_24', 'generator_25', 'generator_26', 'generator_27', 'generator_28', 'generator_29', 'generator_30', 'generator_31', 'similar_color_7', 'generator_32', 'generator_33', 'generator_34', 'generator_35', 'generator_36', 'generator_37', 'generator_38', 'similar_color_11', 'similar_color_3', 'similar_color_7', 'similar_color_9', 'similar_color_12', 'generator_39', 'generator_40']
number opened: 1
TRIAL 16
Action chosen: (pink, purple)
Outcome: False
partcle ids: ['generator_19', 'generator_20', 'similar_color_8', 'generator_21', 'generator_22', 'similar_color_9', 'generator_23', 'generator_24', 'generator_25', 'generator_26', 'generator_27', 'generator_28', 'generator_29', 'generator_30', 'generator_31', 'similar_color_7', 'generator_32', 'generator_33', 'generator_34', 'generator_35', 'generator_36', 'generator_37', 'generator_38', 'similar_color_11', 'similar_color_3', 'similar_color_7', 'similar_color_9', 'similar_color_12', 'generator_39', 'generator_40']
number opened: 1
TRIAL 17
Action chosen: (triangle, white)
Outcome: False
partcle ids: ['generator_19', 'generator_20', 'similar_color_8', 'generator_21', 'generator_22', 'similar_color_9', 'generator_23', 'generator_24', 'generator_25', 'generator_26', 'generator_27', 'generator_28', 'generator_29', 'generator_30', 'generator_31', 'similar_color_7', 'generator_32', 'generator_33', 'generator_34', 'generator_35', 'generator_36', 'generator_37', 'generator_38', 'similar_color_11', 'similar_color_3', 'similar_color_7', 'similar_color_9', 'similar_color_12', 'generator_39', 'generator_40']
number opened: 1
TRIAL 18
Action chosen: (blue, blue)
Outcome: False
partcle ids: ['generator_19', 'generator_20', 'similar_color_8', 'generator_21', 'generator_22', 'similar_color_9', 'generator_23', 'generator_24', 'generator_25', 'generator_26', 'generator_27', 'generator_28', 'generator_29', 'generator_30', 'generator_31', 'similar_color_7', 'generator_32', 'generator_33', 'generator_34', 'generator_35', 'generator_36', 'generator_37', 'generator_38', 'similar_color_11', 'similar_color_3', 'similar_color_7', 'similar_color_9', 'similar_color_12', 'generator_39', 'generator_40']
number opened: 1
TRIAL 19
Action chosen: (purple, blue)
Outcome: False
partcle ids: ['generator_19', 'generator_20', 'similar_color_8', 'generator_21', 'generator_22', 'similar_color_9', 'generator_23', 'generator_24', 'generator_25', 'generator_26', 'generator_27', 'generator_28', 'generator_29', 'generator_30', 'generator_31', 'similar_color_7', 'generator_32', 'generator_33', 'generator_34', 'generator_35', 'generator_36', 'generator_37', 'generator_38', 'similar_color_11', 'similar_color_3', 'similar_color_7', 'similar_color_9', 'similar_color_12', 'generator_39', 'generator_40']
number opened: 1
TRIAL 20
Action chosen: (white, blue)
Outcome: False
partcle ids: ['generator_19', 'generator_20', 'similar_color_8', 'generator_21', 'generator_22', 'similar_color_9', 'generator_23', 'generator_24', 'generator_25', 'generator_26', 'generator_27', 'generator_28', 'generator_29', 'generator_30', 'generator_31', 'similar_color_7', 'generator_32', 'generator_33', 'generator_34', 'generator_35', 'generator_36', 'generator_37', 'generator_38', 'similar_color_11', 'similar_color_3', 'similar_color_7', 'similar_color_9', 'similar_color_12', 'generator_39', 'generator_40']
number opened: 1
TRIAL 21
Action chosen: (blue, purple)
Outcome: False
partcle ids: ['generator_19', 'generator_20', 'similar_color_8', 'generator_21', 'generator_22', 'similar_color_9', 'generator_23', 'generator_24', 'generator_25', 'generator_26', 'generator_27', 'generator_28', 'generator_29', 'generator_30', 'generator_31', 'similar_color_7', 'generator_32', 'generator_33', 'generator_34', 'generator_35', 'generator_36', 'generator_37', 'generator_38', 'similar_color_11', 'similar_color_3', 'similar_color_7', 'similar_color_9', 'similar_color_12', 'generator_39', 'generator_40']
number opened: 1
TRIAL 22
Action chosen: (pink, pink)
Outcome: False
partcle ids: ['generator_19', 'generator_20', 'similar_color_8', 'generator_21', 'generator_22', 'similar_color_9', 'generator_23', 'generator_24', 'generator_25', 'generator_26', 'generator_27', 'generator_28', 'generator_29', 'generator_30', 'generator_31', 'similar_color_7', 'generator_32', 'generator_33', 'generator_34', 'generator_35', 'generator_36', 'generator_37', 'generator_38', 'similar_color_11', 'similar_color_3', 'similar_color_7', 'similar_color_9', 'similar_color_12', 'generator_39', 'generator_40']
number opened: 1
TRIAL 23
Action chosen: (triangle, purple)
Outcome: False
partcle ids: ['generator_19', 'generator_20', 'similar_color_8', 'generator_21', 'generator_22', 'similar_color_9', 'generator_23', 'generator_24', 'generator_25', 'generator_26', 'generator_27', 'generator_28', 'generator_29', 'generator_30', 'generator_31', 'similar_color_7', 'generator_32', 'generator_33', 'generator_34', 'generator_35', 'generator_36', 'generator_37', 'generator_38', 'similar_color_11', 'similar_color_3', 'similar_color_7', 'similar_color_9', 'similar_color_12', 'generator_39', 'generator_40']
number opened: 1
TRIAL 24
Action chosen: (pink, purple)
Outcome: False
partcle ids: ['generator_19', 'generator_20', 'similar_color_8', 'generator_21', 'generator_22', 'similar_color_9', 'generator_23', 'generator_24', 'generator_25', 'generator_26', 'generator_27', 'generator_28', 'generator_29', 'generator_30', 'generator_31', 'similar_color_7', 'generator_32', 'generator_33', 'generator_34', 'generator_35', 'generator_36', 'generator_37', 'generator_38', 'similar_color_11', 'similar_color_3', 'similar_color_7', 'similar_color_9', 'similar_color_12', 'generator_39', 'generator_40']
number opened: 1
TRIAL 25
Action chosen: (triangle, white)
Outcome: False
partcle ids: ['generator_19', 'generator_20', 'similar_color_8', 'generator_21', 'generator_22', 'similar_color_9', 'generator_23', 'generator_24', 'generator_25', 'generator_26', 'generator_27', 'generator_28', 'generator_29', 'generator_30', 'generator_31', 'similar_color_7', 'generator_32', 'generator_33', 'generator_34', 'generator_35', 'generator_36', 'generator_37', 'generator_38', 'similar_color_11', 'similar_color_3', 'similar_color_7', 'similar_color_9', 'similar_color_12', 'generator_39', 'generator_40']
number opened: 1
TRIAL 26
Action chosen: (cloud, white)
Outcome: False
partcle ids: ['generator_19', 'generator_20', 'similar_color_8', 'generator_21', 'generator_22', 'similar_color_9', 'generator_23', 'generator_24', 'generator_25', 'generator_26', 'generator_27', 'generator_28', 'generator_29', 'generator_30', 'generator_31', 'similar_color_7', 'generator_32', 'generator_33', 'generator_34', 'generator_35', 'generator_36', 'generator_37', 'generator_38', 'similar_color_11', 'similar_color_3', 'similar_color_7', 'similar_color_9', 'similar_color_12', 'generator_39', 'generator_40']
number opened: 1
TRIAL 27
Action chosen: (grey2, white)
Outcome: False
partcle ids: ['generator_19', 'generator_20', 'similar_color_8', 'generator_21', 'generator_22', 'similar_color_9', 'generator_23', 'generator_24', 'generator_25', 'generator_26', 'generator_27', 'generator_28', 'generator_29', 'generator_30', 'generator_31', 'similar_color_7', 'generator_32', 'generator_33', 'generator_34', 'generator_35', 'generator_36', 'generator_37', 'generator_38', 'similar_color_11', 'similar_color_3', 'similar_color_7', 'similar_color_9', 'similar_color_12', 'generator_39', 'generator_40']
number opened: 1
TRIAL 28
Action chosen: (triangle, purple)
Outcome: False
partcle ids: ['generator_19', 'generator_20', 'similar_color_8', 'generator_21', 'generator_22', 'similar_color_9', 'generator_23', 'generator_24', 'generator_25', 'generator_26', 'generator_27', 'generator_28', 'generator_29', 'generator_30', 'generator_31', 'similar_color_7', 'generator_32', 'generator_33', 'generator_34', 'generator_35', 'generator_36', 'generator_37', 'generator_38', 'similar_color_11', 'similar_color_3', 'similar_color_7', 'similar_color_9', 'similar_color_12', 'generator_39', 'generator_40']
number opened: 1
TRIAL 29
Action chosen: (pink, purple)
Outcome: False
partcle ids: ['generator_19', 'generator_20', 'similar_color_8', 'generator_21', 'generator_22', 'similar_color_9', 'generator_23', 'generator_24', 'generator_25', 'generator_26', 'generator_27', 'generator_28', 'generator_29', 'generator_30', 'generator_31', 'similar_color_7', 'generator_32', 'generator_33', 'generator_34', 'generator_35', 'generator_36', 'generator_37', 'generator_38', 'similar_color_11', 'similar_color_3', 'similar_color_7', 'similar_color_9', 'similar_color_12', 'generator_39', 'generator_40']
number opened: 1
TRIAL 30
Action chosen: (blue, purple)
Outcome: False
partcle ids: ['generator_19', 'generator_20', 'similar_color_8', 'generator_21', 'generator_22', 'similar_color_9', 'generator_23', 'generator_24', 'generator_25', 'generator_26', 'generator_27', 'generator_28', 'generator_29', 'generator_30', 'generator_31', 'similar_color_7', 'generator_32', 'generator_33', 'generator_34', 'generator_35', 'generator_36', 'generator_37', 'generator_38', 'similar_color_11', 'similar_color_3', 'similar_color_7', 'similar_color_9', 'similar_color_12', 'generator_39', 'generator_40']
number opened: 1
TRIAL 31
Action chosen: (blue, blue)
Outcome: False
partcle ids: ['generator_19', 'generator_20', 'similar_color_8', 'generator_21', 'generator_22', 'similar_color_9', 'generator_23', 'generator_24', 'generator_25', 'generator_26', 'generator_27', 'generator_28', 'generator_29', 'generator_30', 'generator_31', 'similar_color_7', 'generator_32', 'generator_33', 'generator_34', 'generator_35', 'generator_36', 'generator_37', 'generator_38', 'similar_color_11', 'similar_color_3', 'similar_color_7', 'similar_color_9', 'similar_color_12', 'generator_39', 'generator_40']
number opened: 1
TRIAL 32
Action chosen: (green3, blue)
Outcome: False
partcle ids: ['generator_19', 'generator_20', 'similar_color_8', 'generator_21', 'generator_22', 'similar_color_9', 'generator_23', 'generator_24', 'generator_25', 'generator_26', 'generator_27', 'generator_28', 'generator_29', 'generator_30', 'generator_31', 'similar_color_7', 'generator_32', 'generator_33', 'generator_34', 'generator_35', 'generator_36', 'generator_37', 'generator_38', 'similar_color_11', 'similar_color_3', 'similar_color_7', 'similar_color_9', 'similar_color_12', 'generator_39', 'generator_40']
number opened: 1
TRIAL 33
Action chosen: (white, blue)
Outcome: False
partcle ids: ['generator_19', 'generator_20', 'similar_color_8', 'generator_21', 'generator_22', 'similar_color_9', 'generator_23', 'generator_24', 'generator_25', 'generator_26', 'generator_27', 'generator_28', 'generator_29', 'generator_30', 'generator_31', 'similar_color_7', 'generator_32', 'generator_33', 'generator_34', 'generator_35', 'generator_36', 'generator_37', 'generator_38', 'similar_color_11', 'similar_color_3', 'similar_color_7', 'similar_color_9', 'similar_color_12', 'generator_39', 'generator_40']
number opened: 1
TRIAL 34
Action chosen: (purple, blue)
Outcome: False
partcle ids: ['generator_19', 'generator_20', 'similar_color_8', 'generator_21', 'generator_22', 'similar_color_9', 'generator_23', 'generator_24', 'generator_25', 'generator_26', 'generator_27', 'generator_28', 'generator_29', 'generator_30', 'generator_31', 'similar_color_7', 'generator_32', 'generator_33', 'generator_34', 'generator_35', 'generator_36', 'generator_37', 'generator_38', 'similar_color_11', 'similar_color_3', 'similar_color_7', 'similar_color_9', 'similar_color_12', 'generator_39', 'generator_40']
number opened: 1
TRIAL 35
Action chosen: (pink, pink)
Outcome: False
partcle ids: ['generator_19', 'generator_20', 'similar_color_8', 'generator_21', 'generator_22', 'similar_color_9', 'generator_23', 'generator_24', 'generator_25', 'generator_26', 'generator_27', 'generator_28', 'generator_29', 'generator_30', 'generator_31', 'similar_color_7', 'generator_32', 'generator_33', 'generator_34', 'generator_35', 'generator_36', 'generator_37', 'generator_38', 'similar_color_11', 'similar_color_3', 'similar_color_7', 'similar_color_9', 'similar_color_12', 'generator_39', 'generator_40']
number opened: 1
TRIAL 36
Action chosen: (pink, purple)
Outcome: False
partcle ids: ['generator_19', 'generator_20', 'similar_color_8', 'generator_21', 'generator_22', 'similar_color_9', 'generator_23', 'generator_24', 'generator_25', 'generator_26', 'generator_27', 'generator_28', 'generator_29', 'generator_30', 'generator_31', 'similar_color_7', 'generator_32', 'generator_33', 'generator_34', 'generator_35', 'generator_36', 'generator_37', 'generator_38', 'similar_color_11', 'similar_color_3', 'similar_color_7', 'similar_color_9', 'similar_color_12', 'generator_39', 'generator_40']
number opened: 1
TRIAL 37
Action chosen: (triangle, purple)
Outcome: False
partcle ids: ['generator_19', 'generator_20', 'similar_color_8', 'generator_21', 'generator_22', 'similar_color_9', 'generator_23', 'generator_24', 'generator_25', 'generator_26', 'generator_27', 'generator_28', 'generator_29', 'generator_30', 'generator_31', 'similar_color_7', 'generator_32', 'generator_33', 'generator_34', 'generator_35', 'generator_36', 'generator_37', 'generator_38', 'similar_color_11', 'similar_color_3', 'similar_color_7', 'similar_color_9', 'similar_color_12', 'generator_39', 'generator_40']
number opened: 1
TRIAL 38
Action chosen: (blue, purple)
Outcome: False
partcle ids: ['generator_19', 'generator_20', 'similar_color_8', 'generator_21', 'generator_22', 'similar_color_9', 'generator_23', 'generator_24', 'generator_25', 'generator_26', 'generator_27', 'generator_28', 'generator_29', 'generator_30', 'generator_31', 'similar_color_7', 'generator_32', 'generator_33', 'generator_34', 'generator_35', 'generator_36', 'generator_37', 'generator_38', 'similar_color_11', 'similar_color_3', 'similar_color_7', 'similar_color_9', 'similar_color_12', 'generator_39', 'generator_40']
number opened: 1
TRIAL 39
Action chosen: (heart, pink)
Outcome: False
partcle ids: ['generator_19', 'generator_20', 'similar_color_8', 'generator_21', 'generator_22', 'similar_color_9', 'generator_23', 'generator_24', 'generator_25', 'generator_26', 'generator_27', 'generator_28', 'generator_29', 'generator_30', 'generator_31', 'similar_color_7', 'generator_32', 'generator_33', 'generator_34', 'generator_35', 'generator_36', 'generator_37', 'generator_38', 'similar_color_11', 'similar_color_3', 'similar_color_7', 'similar_color_9', 'similar_color_12', 'generator_39', 'generator_40']
number opened: 1
TRIAL 40
Action chosen: (cloud, pink)
Outcome: False
partcle ids: ['generator_19', 'generator_20', 'similar_color_8', 'generator_21', 'generator_22', 'similar_color_9', 'generator_23', 'generator_24', 'generator_25', 'generator_26', 'generator_27', 'generator_28', 'generator_29', 'generator_30', 'generator_31', 'similar_color_7', 'generator_32', 'generator_33', 'generator_34', 'generator_35', 'generator_36', 'generator_37', 'generator_38', 'similar_color_11', 'similar_color_3', 'similar_color_7', 'similar_color_9', 'similar_color_12', 'generator_39', 'generator_40']
number opened: 1
TRIAL 41
Action chosen: (triangle, white)
Outcome: False
partcle ids: ['generator_19', 'generator_20', 'similar_color_8', 'generator_21', 'generator_22', 'similar_color_9', 'generator_23', 'generator_24', 'generator_25', 'generator_26', 'generator_27', 'generator_28', 'generator_29', 'generator_30', 'generator_31', 'similar_color_7', 'generator_32', 'generator_33', 'generator_34', 'generator_35', 'generator_36', 'generator_37', 'generator_38', 'similar_color_11', 'similar_color_3', 'similar_color_7', 'similar_color_9', 'similar_color_12', 'generator_39', 'generator_40']
number opened: 1
TRIAL 42
Action chosen: (yellow5, blue)
Outcome: True
partcle ids: ['generator_41', 'generator_42', 'generator_43', 'generator_44', 'generator_37', 'generator_46', 'generator_47', 'generator_48', 'generator_49', 'generator_50', 'generator_51', 'generator_37', 'generator_53', 'generator_54', 'generator_55', 'generator_56', 'generator_57', 'generator_58', 'generator_59', 'generator_60', 'generator_61', 'generator_62', 'generator_63', 'generator_20', 'generator_65', 'generator_37', 'generator_67', 'generator_68', 'generator_69', 'generator_62']
number opened: 2
TRIAL 43
Action chosen: (blue, white)
Outcome: False
partcle ids: ['generator_41', 'generator_42', 'generator_43', 'generator_44', 'generator_37', 'generator_46', 'generator_47', 'generator_48', 'generator_49', 'generator_50', 'generator_51', 'generator_37', 'generator_53', 'generator_54', 'generator_55', 'generator_56', 'generator_57', 'generator_58', 'generator_59', 'generator_60', 'generator_61', 'generator_62', 'generator_63', 'generator_20', 'generator_65', 'generator_37', 'generator_67', 'generator_68', 'generator_69', 'generator_62']
number opened: 2
TRIAL 44
Action chosen: (pink, purple)
Outcome: False
partcle ids: ['generator_41', 'generator_42', 'generator_43', 'generator_44', 'generator_37', 'generator_46', 'generator_47', 'generator_48', 'generator_49', 'generator_50', 'generator_51', 'generator_37', 'generator_53', 'generator_54', 'generator_55', 'generator_56', 'generator_57', 'generator_58', 'generator_59', 'generator_60', 'generator_61', 'generator_62', 'generator_63', 'generator_20', 'generator_65', 'generator_37', 'generator_67', 'generator_68', 'generator_69', 'generator_62']
number opened: 2
TRIAL 45
Action chosen: (green3, purple)
Outcome: True
partcle ids: ['generator_70', 'number_match', 'generator_50', 'generator_72', 'generator_70', 'generator_73', 'generator_74', 'generator_75', 'generator_76', 'generator_77', 'generator_78', 'generator_79', 'generator_65', 'generator_80', 'generator_77', 'generator_81', 'generator_82', 'number_match', 'generator_83', 'generator_84', 'generator_72', 'generator_85', 'generator_62', 'generator_72', 'generator_87', 'generator_50', 'generator_62', 'generator_90', 'generator_91', 'generator_92']
number opened: 3
TRIAL 46
Action chosen: (heart, white)
Outcome: False
partcle ids: ['generator_70', 'number_match', 'generator_50', 'generator_72', 'generator_70', 'generator_73', 'generator_74', 'generator_75', 'generator_76', 'generator_77', 'generator_78', 'generator_79', 'generator_65', 'generator_80', 'generator_77', 'generator_81', 'generator_82', 'number_match', 'generator_83', 'generator_84', 'generator_72', 'generator_85', 'generator_62', 'generator_72', 'generator_87', 'generator_50', 'generator_62', 'generator_90', 'generator_91', 'generator_92']
number opened: 3
TRIAL 47
Action chosen: (cloud, white)
Outcome: False
partcle ids: ['generator_70', 'number_match', 'generator_50', 'generator_72', 'generator_70', 'generator_73', 'generator_74', 'generator_75', 'generator_76', 'generator_77', 'generator_78', 'generator_79', 'generator_65', 'generator_80', 'generator_77', 'generator_81', 'generator_82', 'number_match', 'generator_83', 'generator_84', 'generator_72', 'generator_85', 'generator_62', 'generator_72', 'generator_87', 'generator_50', 'generator_62', 'generator_90', 'generator_91', 'generator_92']
number opened: 3
TRIAL 48
Action chosen: (white, white)
Outcome: False
partcle ids: ['generator_70', 'number_match', 'generator_50', 'generator_72', 'generator_70', 'generator_73', 'generator_74', 'generator_75', 'generator_76', 'generator_77', 'generator_78', 'generator_79', 'generator_65', 'generator_80', 'generator_77', 'generator_81', 'generator_82', 'number_match', 'generator_83', 'generator_84', 'generator_72', 'generator_85', 'generator_62', 'generator_72', 'generator_87', 'generator_50', 'generator_62', 'generator_90', 'generator_91', 'generator_92']
number opened: 3
TRIAL 49
Action chosen: (pink, white)
Outcome: False
partcle ids: ['generator_70', 'number_match', 'generator_50', 'generator_72', 'generator_70', 'generator_73', 'generator_74', 'generator_75', 'generator_76', 'generator_77', 'generator_78', 'generator_79', 'generator_65', 'generator_80', 'generator_77', 'generator_81', 'generator_82', 'number_match', 'generator_83', 'generator_84', 'generator_72', 'generator_85', 'generator_62', 'generator_72', 'generator_87', 'generator_50', 'generator_62', 'generator_90', 'generator_91', 'generator_92']
number opened: 3
TRIAL 50
Action chosen: (orange4, white)
Outcome: True
partcle ids: ['generator_93', 'generator_92', 'number_match', 'generator_93', 'generator_82', 'generator_94', 'generator_94', 'generator_93', 'number_match', 'generator_93', 'generator_92', 'number_match', 'generator_85', 'generator_82', 'generator_85', 'generator_93', 'generator_82', 'number_match', 'number_match', 'generator_85', 'number_match', 'generator_92', 'number_match', 'generator_92', 'generator_85', 'number_match', 'generator_85', 'generator_85', 'generator_94', 'number_match']
number opened: 4
TRIAL 51
Action chosen: (grey2, pink)
Outcome: True
partcle ids: ['number_match', 'number_match', 'number_match', 'number_match', 'number_match', 'number_match', 'number_match', 'number_match', 'number_match', 'number_match', 'number_match', 'number_match', 'number_match', 'number_match', 'number_match', 'number_match', 'number_match', 'number_match', 'number_match', 'number_match', 'number_match', 'number_match', 'number_match', 'number_match', 'number_match', 'number_match', 'number_match', 'number_match', 'number_match', 'number_match']
number opened: 5
{"attempts": 51, "unique_key_box_pairs": 22, "revisit_attempts": 29, "revisit_rate": 0.58, "attempts_before_abandoning_color_matching": 3, "color_matching_abandoned": true}
