{"Child_ID": "D035", "SoC_variant": "SoC-Gen", "theta": [19, 1], "p_gen": 0.6, "true_prior": 0.02, "run_number": 40, "seed": 8198008219927963701}
TRIAL 1
Action chosen: (red, red)
Outcome: True
partcle ids: ['generator_15', 'generator_18', 'generator_19', 'number_match', 'generator_20', 'generator_17', 'generator_15', 'generator_21', 'generator_22', 'generator_23', 'generator_24', 'generator_25', 'generator_26', 'generator_27', 'generator_28', 'similar_color_2', 'generator_29', 'generator_15', 'generator_30', 'similar_color_1', 'generator_31', 'similar_color_13', 'generator_32', 'generator_33', 'similar_color_1', 'generator_34', 'order_match', 'generator_35', 'generator_15', 'generator_36']
number opened: 1
TRIAL 2
Action chosen: (green3, purple)
Outcome: True
partcle ids: ['generator_37', 'generator_15', 'generator_38', 'generator_39', 'generator_40', 'generator_41', 'generator_42', 'generator_43', 'generator_44', 'generator_45', 'generator_46', 'generator_47', 'generator_48', 'number_match', 'generator_49', 'generator_50', 'generator_51', 'generator_52', 'generator_53', 'generator_15', 'generator_54', 'generator_55', 'generator_56', 'generator_57', 'generator_58', 'generator_59', 'generator_60', 'generator_61', 'generator_62', 'generator_63']
number opened: 2
TRIAL 3
Action chosen: (triangle, white)
Outcome: False
partcle ids: ['generator_37', 'generator_15', 'generator_38', 'generator_39', 'generator_40', 'generator_41', 'generator_42', 'generator_43', 'generator_44', 'generator_45', 'generator_46', 'generator_47', 'generator_48', 'number_match', 'generator_49', 'generator_50', 'generator_51', 'generator_52', 'generator_53', 'generator_15', 'generator_54', 'generator_55', 'generator_56', 'generator_57', 'generator_58', 'generator_59', 'generator_60', 'generator_61', 'generator_62', 'generator_63']
number opened: 2
TRIAL 4
Action chosen: (orange4, white)
Outcome: True
partcle ids: ['generator_45', 'generator_64', 'generator_65', 'generator_66', 'generator_67', 'generator_68', 'generator_69', 'generator_70', 'generator_71', 'generator_72', 'generator_73', 'generator_74', 'generator_75', 'generator_76', 'generator_77', 'generator_78', 'generator_45', 'generator_64', 'generator_79', 'generator_80', 'generator_81', 'generator_82', 'generator_64', 'generator_83', 'generator_81', 'generator_84', 'generator_85', 'generator_86', 'generator_87', 'generator_88']
number opened: 3
TRIAL 5
Action chosen: (diamond, pink)
Outcome: False
partcle ids: ['generator_45', 'generator_64', 'generator_65', 'generator_66', 'generator_67', 'generator_68', 'generator_69', 'generator_70', 'generator_71', 'generator_72', 'generator_73', 'generator_74', 'generator_75', 'generator_76', 'generator_77', 'generator_78', 'generator_45', 'generator_64', 'generator_79', 'generator_80', 'generator_81', 'generator_82', 'generator_64', 'generator_83', 'generator_81', 'generator_84', 'generator_85', 'generator_86', 'generator_87', 'generator_88']
number opened: 3
TRIAL 6
Action chosen: (blue, pink)
Outcome: False
partcle ids: ['generator_45', 'generator_64', 'generator_65', 'generator_66', 'generator_67', 'generator_68', 'generator_69', 'generator_70', 'generator_71', 'generator_72', 'generator_73', 'generator_74', 'generator_75', 'generator_76', 'generator_77', 'generator_78', 'generator_45', 'generator_64', 'generator_79', 'generator_80', 'generator_81', 'generator_82', 'generator_64', 'generator_83', 'generator_81', 'generator_84', 'generator_85', 'generator_86', 'generator_87', 'generator_88']
number opened: 3
TRIAL 7
Action chosen: (pink, blue)
Outcome: False
partcle ids: ['generator_45', 'generator_64', 'generator_65', 'generator_66', 'generator_67', 'generator_68', 'generator_69', 'generator_70', 'generator_71', 'generator_72', 'generator_73', 'generator_74', 'generator_75', 'generator_76', 'generator_77', 'generator_78', 'generator_45', 'generator_64', 'generator_79', 'generator_80', 'generator_81', 'generator_82', 'generator_64', 'generator_83', 'generator_81', 'generator_84', 'generator_85', 'generator_86', 'generator_87', 'generator_88']
number opened: 3
TRIAL 8
Action chosen: (yellow5, pink)
Outcome: False
partcle ids: ['generator_74', 'generator_89', 'generator_90', 'generator_80', 'generator_91', 'generator_82', 'generator_92', 'generator_93', 'generator_72', 'generator_45', 'generator_45', 'generator_69', 'generator_95', 'generator_73', 'generator_71', 'generator_80', 'generator_97', 'generator_98', 'generator_99', 'generator_100', 'generator_101', 'generator_102', 'generator_91', 'generator_69', 'generator_71', 'generator_101', 'generator_75', 'generator_71', 'generator_105', 'generator_106']
number opened: 3
TRIAL 9
Action chosen: (cloud, blue)
Outcome: False
partcle ids: ['generator_74', 'generator_89', 'generator_90', 'generator_80', 'generator_91', 'generator_82', 'generator_92', 'generator_93', 'generator_72', 'generator_45', 'generator_45', 'generator_69', 'generator_95', 'generator_73', 'generator_71', 'generator_80', 'generator_97', 'generator_98', 'generator_99', 'generator_100', 'generator_101', 'generator_102', 'generator_91', 'generator_69', 'generator_71', 'generator_101', 'generator_75', 'generator_71', 'generator_105', 'generator_106']
number opened: 3
TRIAL 10
Action chosen: (purple, pink)
Outcome: False
partcle ids: ['generator_74', 'generator_89', 'generator_90', 'generator_80', 'generator_91', 'generator_82', 'generator_92', 'generator_93', 'generator_72', 'generator_45', 'generator_45', 'generator_69', 'generator_95', 'generator_73', 'generator_71', 'generator_80', 'generator_97', 'generator_98', 'generator_99', 'generator_100', 'generator_101', 'generator_102', 'generator_91', 'generator_69', 'generator_71', 'generator_101', 'generator_75', 'generator_71', 'generator_105', 'generator_106']
number opened: 3
TRIAL 11
Action chosen: (grey2, blue)
Outcome: False
partcle ids: ['generator_107', 'generator_105', 'generator_108', 'generator_75', 'generator_109', 'generator_110', 'generator_99', 'generator_99', 'generator_75', 'generator_45', 'generator_83', 'generator_83', 'generator_100', 'generator_75', 'generator_90', 'generator_98', 'generator_115', 'generator_102', 'generator_116', 'generator_45', 'generator_107', 'generator_117', 'generator_75', 'generator_74', 'generator_45', 'generator_59', 'generator_118', 'generator_119', 'generator_116', 'generator_120']
number opened: 3
TRIAL 12
Action chosen: (pink, pink)
Outcome: False
partcle ids: ['generator_107', 'generator_105', 'generator_108', 'generator_75', 'generator_109', 'generator_110', 'generator_99', 'generator_99', 'generator_75', 'generator_45', 'generator_83', 'generator_83', 'generator_100', 'generator_75', 'generator_90', 'generator_98', 'generator_115', 'generator_102', 'generator_116', 'generator_45', 'generator_107', 'generator_117', 'generator_75', 'generator_74', 'generator_45', 'generator_59', 'generator_118', 'generator_119', 'generator_116', 'generator_120']
number opened: 3
TRIAL 13
Action chosen: (white, blue)
Outcome: False
partcle ids: ['generator_107', 'generator_105', 'generator_108', 'generator_75', 'generator_109', 'generator_110', 'generator_99', 'generator_99', 'generator_75', 'generator_45', 'generator_83', 'generator_83', 'generator_100', 'generator_75', 'generator_90', 'generator_98', 'generator_115', 'generator_102', 'generator_116', 'generator_45', 'generator_107', 'generator_117', 'generator_75', 'generator_74', 'generator_45', 'generator_59', 'generator_118', 'generator_119', 'generator_116', 'generator_120']
number opened: 3
TRIAL 14
Action chosen: (grey2, pink)
Outcome: True
partcle ids: ['generator_105', 'generator_108', 'generator_108', 'generator_45', 'generator_105', 'generator_105', 'number_match', 'generator_122', 'generator_122', 'generator_105', 'generator_108', 'generator_45', 'generator_120', 'generator_45', 'generator_122', 'generator_105', 'generator_122', 'generator_122', 'generator_122', 'generator_108', 'generator_105', 'generator_45', 'generator_120', 'generator_108', 'generator_108', 'generator_120', 'generator_122', 'generator_45', 'generator_120', 'generator_108']
number opened: 4
TRIAL 15
Action chosen: (heart, blue)
Outcome: False
partcle ids: ['generator_105', 'generator_108', 'generator_108', 'generator_45', 'generator_105', 'generator_105', 'number_match', 'generator_122', 'generator_122', 'generator_105', 'generator_108', 'generator_45', 'generator_120', 'generator_45', 'generator_122', 'generator_105', 'generator_122', 'generator_122', 'generator_122', 'generator_108', 'generator_105', 'generator_45', 'generator_120', 'generator_108', 'generator_108', 'generator_120', 'generator_122', 'generator_45', 'generator_120', 'generator_108']
number opened: 4
TRIAL 16
Action chosen: (diamond, blue)
Outcome: False
partcle ids: ['generator_105', 'generator_108', 'generator_108', 'generator_45', 'generator_105', 'generator_105', 'number_match', 'generator_122', 'generator_122', 'generator_105', 'generator_108', 'generator_45', 'generator_120', 'generator_45', 'generator_122', 'generator_105', 'generator_122', 'generator_122', 'generator_122', 'generator_108', 'generator_105', 'generator_45', 'generator_120', 'generator_108', 'generator_108', 'generator_120', 'generator_122', 'generator_45', 'generator_120', 'generator_108']
number opened: 4
TRIAL 17
Action chosen: (triangle, blue)
Outcome: False
partcle ids: ['generator_45', 'generator_45', 'number_match', 'generator_120', 'generator_120', 'generator_45', 'generator_45', 'number_match', 'generator_105', 'generator_45', 'generator_120', 'generator_120', 'generator_120', 'generator_105', 'number_match', 'generator_45', 'number_match', 'generator_45', 'generator_45', 'generator_120', 'generator_45', 'generator_45', 'generator_120', 'generator_120', 'number_match', 'generator_45', 'generator_45', 'generator_120', 'generator_120', 'number_match']
number opened: 4
TRIAL 18
Action chosen: (blue, blue)
Outcome: False
partcle ids: ['generator_45', 'generator_45', 'number_match', 'generator_120', 'generator_120', 'generator_45', 'generator_45', 'number_match', 'generator_105', 'generator_45', 'generator_120', 'generator_120', 'generator_120', 'generator_105', 'number_match', 'generator_45', 'number_match', 'generator_45', 'generator_45', 'generator_120', 'generator_45', 'generator_45', 'generator_120', 'generator_120', 'number_match', 'generator_45', 'generator_45', 'generator_120', 'generator_120', 'number_match']
number opened: 4
TRIAL 19
Action chosen: (purple, blue)
Outcome: False
partcle ids: ['number_match', 'generator_108', 'number_match', 'generator_105', 'generator_122', 'number_match', 'number_match', 'number_match', 'generator_123', 'number_match', 'generator_123', 'number_match', 'number_match', 'number_match', 'number_match', 'generator_123', 'generator_122', 'generator_105', 'number_match', 'generator_122', 'generator_45', 'number_match', 'number_match', 'number_match', 'generator_122', 'number_match', 'generator_122', 'number_match', 'number_match', 'generator_97']
number opened: 4
TRIAL 20
Action chosen: (yellow5, blue)
Outcome: True
partcle ids: ['number_match', 'generator_108', 'number_match', 'generator_105', 'generator_122', 'number_match', 'number_match', 'number_match', 'generator_123', 'number_match', 'generator_123', 'number_match', 'number_match', 'number_match', 'number_match', 'generator_123', 'generator_122', 'generator_105', 'number_match', 'generator_122', 'generator_45', 'number_match', 'number_match', 'number_match', 'generator_122', 'number_match', 'generator_122', 'number_match', 'number_match', 'generator_97']
number opened: 5
{"attempts": 20, "unique_key_box_pairs": 20, "revisit_attempts": 0, "revisit_rate": 0.0, "attempts_before_abandoning_color_matching": 1, "color_matching_abandoned": true}
