{"Child_ID": "D102", "SoC_variant": "SoC-Full", "theta": [1, 1], "p_gen": 0.6, "true_prior": 0.02, "run_number": 51, "seed": 6106528575579956681}
TRIAL 1
Action chosen: (red, red)
Outcome: True
partcle ids: ['similar_color_12', 'generator_19', 'similar_color_9', 'generator_20', 'similar_color_10', 'similar_color_12', 'generator_21', 'similar_color_3', 'generator_22', 'generator_23', 'generator_24', 'similar_color_1', 'generator_25', 'generator_26', 'similar_color_5', 'generator_27', 'generator_28', 'number_match', 'generator_29', 'generator_30', 'similar_color_12', 'generator_31', 'generator_32', 'generator_33', 'similar_color_1', 'generator_34', 'generator_35', 'generator_36', 'generator_2', 'generator_37']
number opened: 1
TRIAL 2
Action chosen: (purple, purple)
Outcome: False
partcle ids: ['similar_color_12', 'generator_19', 'similar_color_9', 'generator_20', 'similar_color_10', 'similar_color_12', 'generator_21', 'similar_color_3', 'generator_22', 'generator_23', 'generator_24', 'similar_color_1', 'generator_25', 'generator_26', 'similar_color_5', 'generator_27', 'generator_28', 'number_match', 'generator_29', 'generator_30', 'similar_color_12', 'generator_31', 'generator_32', 'generator_33', 'similar_color_1', 'generator_34', 'generator_35', 'generator_36', 'generator_2', 'generator_37']
number opened: 1
TRIAL 3
Action chosen: (pink, pink)
Outcome: False
partcle ids: ['similar_color_12', 'generator_19', 'similar_color_9', 'generator_20', 'similar_color_10', 'similar_color_12', 'generator_21', 'similar_color_3', 'generator_22', 'generator_23', 'generator_24', 'similar_color_1', 'generator_25', 'generator_26', 'similar_color_5', 'generator_27', 'generator_28', 'number_match', 'generator_29', 'generator_30', 'similar_color_12', 'generator_31', 'generator_32', 'generator_33', 'similar_color_1', 'generator_34', 'generator_35', 'generator_36', 'generator_2', 'generator_37']
number opened: 1
TRIAL 4
Action chosen: (pink, purple)
Outcome: False
partcle ids: ['similar_color_12', 'generator_19', 'similar_color_9', 'generator_20', 'similar_color_10', 'similar_color_12', 'generator_21', 'similar_color_3', 'generator_22', 'generator_23', 'generator_24', 'similar_color_1', 'generator_25', 'generator_26', 'similar_color_5', 'generator_27', 'generator_28', 'number_match', 'generator_29', 'generator_30', 'similar_color_12', 'generator_31', 'generator_32', 'generator_33', 'similar_color_1', 'generator_34', 'generator_35', 'generator_36', 'generator_2', 'generator_37']
number opened: 1
TRIAL 5
Action chosen: (heart, pink)
Outcome: False
partcle ids: ['similar_color_12', 'generator_19', 'similar_color_9', 'generator_20', 'similar_color_10', 'similar_color_12', 'generator_21', 'similar_color_3', 'generator_22', 'generator_23', 'generator_24', 'similar_color_1', 'generator_25', 'generator_26', 'similar_color_5', 'generator_27', 'generator_28', 'number_match', 'generator_29', 'generator_30', 'similar_color_12', 'generator_31', 'generator_32', 'generator_33', 'similar_color_1', 'generator_34', 'generator_35', 'generator_36', 'generator_2', 'generator_37']
number opened: 1
TRIAL 6
Action chosen: (green3, purple)
Outcome: True
partcle ids: ['generator_38', 'generator_39', 'generator_40', 'generator_41', 'generator_42', 'generator_43', 'generator_44', 'generator_45', 'generator_46', 'generator_47', 'generator_48', 'generator_49', 'generator_36', 'generator_51', 'generator_52', 'generator_53', 'generator_36', 'generator_54', 'generator_55', 'generator_56', 'generator_57', 'number_match', 'generator_58', 'generator_59', 'generator_60', 'generator_36', 'generator_62', 'generator_63', 'generator_64', 'generator_65']
number opened: 2
TRIAL 7
Action chosen: (triangle, pink)
Outcome: False
partcle ids: ['generator_38', 'generator_39', 'generator_40', 'generator_41', 'generator_42', 'generator_43', 'generator_44', 'generator_45', 'generator_46', 'generator_47', 'generator_48', 'generator_49', 'generator_36', 'generator_51', 'generator_52', 'generator_53', 'generator_36', 'generator_54', 'generator_55', 'generator_56', 'generator_57', 'number_match', 'generator_58', 'generator_59', 'generator_60', 'generator_36', 'generator_62', 'generator_63', 'generator_64', 'generator_65']
number opened: 2
TRIAL 8
Action chosen: (grey2, pink)
Outcome: True
partcle ids: ['generator_66', 'generator_67', 'generator_68', 'generator_69', 'generator_70', 'generator_71', 'generator_72', 'generator_73', 'generator_74', 'generator_75', 'generator_76', 'generator_77', 'generator_69', 'generator_78', 'generator_79', 'generator_80', 'generator_81', 'generator_82', 'generator_83', 'generator_66', 'generator_70', 'generator_84', 'generator_85', 'generator_86', 'generator_75', 'generator_87', 'generator_73', 'generator_75', 'generator_88', 'generator_89']
number opened: 3
TRIAL 9
Action chosen: (blue, blue)
Outcome: False
partcle ids: ['generator_66', 'generator_67', 'generator_68', 'generator_69', 'generator_70', 'generator_71', 'generator_72', 'generator_73', 'generator_74', 'generator_75', 'generator_76', 'generator_77', 'generator_69', 'generator_78', 'generator_79', 'generator_80', 'generator_81', 'generator_82', 'generator_83', 'generator_66', 'generator_70', 'generator_84', 'generator_85', 'generator_86', 'generator_75', 'generator_87', 'generator_73', 'generator_75', 'generator_88', 'generator_89']
number opened: 3
TRIAL 10
Action chosen: (pink, white)
Outcome: False
partcle ids: ['generator_66', 'generator_67', 'generator_68', 'generator_69', 'generator_70', 'generator_71', 'generator_72', 'generator_73', 'generator_74', 'generator_75', 'generator_76', 'generator_77', 'generator_69', 'generator_78', 'generator_79', 'generator_80', 'generator_81', 'generator_82', 'generator_83', 'generator_66', 'generator_70', 'generator_84', 'generator_85', 'generator_86', 'generator_75', 'generator_87', 'generator_73', 'generator_75', 'generator_88', 'generator_89']
number opened: 3
TRIAL 11
Action chosen: (orange4, white)
Outcome: True
partcle ids: ['generator_47', 'generator_90', 'generator_91', 'generator_82', 'generator_82', 'generator_85', 'number_match', 'generator_74', 'number_match', 'generator_78', 'generator_92', 'generator_90', 'generator_82', 'generator_78', 'generator_78', 'generator_85', 'generator_85', 'generator_82', 'generator_90', 'generator_82', 'generator_74', 'generator_85', 'generator_92', 'number_match', 'number_match', 'generator_74', 'generator_82', 'number_match', 'generator_90', 'generator_92']
number opened: 4
TRIAL 12
Action chosen: (white, blue)
Outcome: False
partcle ids: ['generator_47', 'generator_90', 'generator_91', 'generator_82', 'generator_82', 'generator_85', 'number_match', 'generator_74', 'number_match', 'generator_78', 'generator_92', 'generator_90', 'generator_82', 'generator_78', 'generator_78', 'generator_85', 'generator_85', 'generator_82', 'generator_90', 'generator_82', 'generator_74', 'generator_85', 'generator_92', 'number_match', 'number_match', 'generator_74', 'generator_82', 'number_match', 'generator_90', 'generator_92']
number opened: 4
TRIAL 13
Action chosen: (yellow5, blue)
Outcome: True
partcle ids: ['number_match', 'number_match', 'number_match', 'number_match', 'number_match', 'number_match', 'number_match', 'number_match', 'number_match', 'number_match', 'number_match', 'number_match', 'number_match', 'number_match', 'number_match', 'number_match', 'number_match', 'number_match', 'number_match', 'number_match', 'number_match', 'number_match', 'number_match', 'number_match', 'number_match', 'number_match', 'number_match', 'number_match', 'number_match', 'number_match']
number opened: 5
{"attempts": 13, "unique_key_box_pairs": 13, "revisit_attempts": 0, "revisit_rate": 0.0, "attempts_before_abandoning_color_matching": 3, "color_matching_abandoned": true}
