{"Child_ID": "D108", "SoC_variant": "SoC-Full", "theta": [9, 1], "p_gen": 0.7, "true_prior": 0.02, "run_number": 66, "seed": 8787597051074802629}
TRIAL 1
Action chosen: (red, red)
Outcome: True
partcle ids: ['color_match', 'generator_25', 'generator_26', 'generator_27', 'generator_28', 'generator_29', 'generator_30', 'generator_31', 'generator_32', 'generator_33', 'generator_34', 'generator_35', 'similar_color_13', 'similar_color_5', 'generator_36', 'similar_color_3', 'generator_37', 'generator_38', 'generator_39', 'generator_40', 'generator_41', 'similar_color_8', 'generator_42', 'generator_43', 'generator_44', 'generator_45', 'generator_46', 'generator_47', 'order_match', 'generator_48']
number opened: 1
TRIAL 2
Action chosen: (green3, purple)
Outcome: True
partcle ids: ['generator_49', 'generator_50', 'generator_51', 'generator_52', 'generator_53', 'generator_54', 'generator_55', 'generator_56', 'generator_57', 'generator_58', 'generator_59', 'generator_60', 'generator_61', 'generator_62', 'generator_63', 'generator_64', 'generator_37', 'generator_65', 'generator_66', 'generator_67', 'generator_68', 'generator_69', 'generator_70', 'generator_71', 'generator_72', 'generator_73', 'generator_74', 'generator_75', 'generator_76', 'generator_77']
number opened: 2
TRIAL 3
Action chosen: (purple, white)
Outcome: False
partcle ids: ['generator_49', 'generator_50', 'generator_51', 'generator_52', 'generator_53', 'generator_54', 'generator_55', 'generator_56', 'generator_57', 'generator_58', 'generator_59', 'generator_60', 'generator_61', 'generator_62', 'generator_63', 'generator_64', 'generator_37', 'generator_65', 'generator_66', 'generator_67', 'generator_68', 'generator_69', 'generator_70', 'generator_71', 'generator_72', 'generator_73', 'generator_74', 'generator_75', 'generator_76', 'generator_77']
number opened: 2
TRIAL 4
Action chosen: (purple, pink)
Outcome: False
partcle ids: ['generator_49', 'generator_50', 'generator_51', 'generator_52', 'generator_53', 'generator_54', 'generator_55', 'generator_56', 'generator_57', 'generator_58', 'generator_59', 'generator_60', 'generator_61', 'generator_62', 'generator_63', 'generator_64', 'generator_37', 'generator_65', 'generator_66', 'generator_67', 'generator_68', 'generator_69', 'generator_70', 'generator_71', 'generator_72', 'generator_73', 'generator_74', 'generator_75', 'generator_76', 'generator_77']
number opened: 2
TRIAL 5
Action chosen: (white, pink)
Outcome: False
partcle ids: ['generator_49', 'generator_50', 'generator_51', 'generator_52', 'generator_53', 'generator_54', 'generator_55', 'generator_56', 'generator_57', 'generator_58', 'generator_59', 'generator_60', 'generator_61', 'generator_62', 'generator_63', 'generator_64', 'generator_37', 'generator_65', 'generator_66', 'generator_67', 'generator_68', 'generator_69', 'generator_70', 'generator_71', 'generator_72', 'generator_73', 'generator_74', 'generator_75', 'generator_76', 'generator_77']
number opened: 2
TRIAL 6
Action chosen: (pink, blue)
Outcome: False
partcle ids: ['generator_49', 'generator_50', 'generator_51', 'generator_52', 'generator_53', 'generator_54', 'generator_55', 'generator_56', 'generator_57', 'generator_58', 'generator_59', 'generator_60', 'generator_61', 'generator_62', 'generator_63', 'generator_64', 'generator_37', 'generator_65', 'generator_66', 'generator_67', 'generator_68', 'generator_69', 'generator_70', 'generator_71', 'generator_72', 'generator_73', 'generator_74', 'generator_75', 'generator_76', 'generator_77']
number opened: 2
TRIAL 7
Action chosen: (triangle, pink)
Outcome: False
partcle ids: ['generator_78', 'generator_79', 'generator_61', 'generator_81', 'generator_82', 'generator_53', 'generator_83', 'generator_84', 'generator_85', 'generator_86', 'generator_71', 'generator_63', 'generator_53', 'generator_50', 'generator_90', 'generator_91', 'generator_61', 'generator_93', 'generator_58', 'generator_95', 'generator_96', 'generator_49', 'generator_98', 'generator_99', 'generator_100', 'generator_101', 'generator_52', 'generator_103', 'generator_104', 'generator_105']
number opened: 2
TRIAL 8
Action chosen: (heart, pink)
Outcome: False
partcle ids: ['generator_78', 'generator_79', 'generator_61', 'generator_81', 'generator_82', 'generator_53', 'generator_83', 'generator_84', 'generator_85', 'generator_86', 'generator_71', 'generator_63', 'generator_53', 'generator_50', 'generator_90', 'generator_91', 'generator_61', 'generator_93', 'generator_58', 'generator_95', 'generator_96', 'generator_49', 'generator_98', 'generator_99', 'generator_100', 'generator_101', 'generator_52', 'generator_103', 'generator_104', 'generator_105']
number opened: 2
TRIAL 9
Action chosen: (grey2, pink)
Outcome: True
partcle ids: ['generator_105', 'generator_107', 'generator_108', 'generator_109', 'generator_110', 'generator_85', 'generator_112', 'generator_113', 'generator_114', 'generator_115', 'generator_116', 'generator_115', 'generator_117', 'generator_118', 'generator_113', 'generator_85', 'generator_120', 'generator_121', 'generator_122', 'generator_53', 'generator_123', 'generator_124', 'generator_125', 'generator_119', 'generator_53', 'generator_127', 'number_match', 'generator_119', 'generator_128', 'generator_85']
number opened: 3
TRIAL 10
Action chosen: (triangle, white)
Outcome: False
partcle ids: ['generator_105', 'generator_107', 'generator_108', 'generator_109', 'generator_110', 'generator_85', 'generator_112', 'generator_113', 'generator_114', 'generator_115', 'generator_116', 'generator_115', 'generator_117', 'generator_118', 'generator_113', 'generator_85', 'generator_120', 'generator_121', 'generator_122', 'generator_53', 'generator_123', 'generator_124', 'generator_125', 'generator_119', 'generator_53', 'generator_127', 'number_match', 'generator_119', 'generator_128', 'generator_85']
number opened: 3
TRIAL 11
Action chosen: (yellow5, blue)
Outcome: True
partcle ids: ['generator_108', 'generator_130', 'generator_131', 'generator_131', 'generator_85', 'generator_85', 'generator_85', 'generator_127', 'generator_131', 'generator_85', 'generator_85', 'number_match', 'number_match', 'generator_131', 'number_match', 'generator_108', 'generator_127', 'generator_131', 'generator_85', 'generator_127', 'generator_108', 'number_match', 'number_match', 'generator_120', 'generator_127', 'generator_85', 'generator_127', 'generator_127', 'generator_120', 'generator_108']
number opened: 4
TRIAL 12
Action chosen: (pink, white)
Outcome: False
partcle ids: ['generator_108', 'generator_130', 'generator_131', 'generator_131', 'generator_85', 'generator_85', 'generator_85', 'generator_127', 'generator_131', 'generator_85', 'generator_85', 'number_match', 'number_match', 'generator_131', 'number_match', 'generator_108', 'generator_127', 'generator_131', 'generator_85', 'generator_127', 'generator_108', 'number_match', 'number_match', 'generator_120', 'generator_127', 'generator_85', 'generator_127', 'generator_127', 'generator_120', 'generator_108']
number opened: 4
TRIAL 13
Action chosen: (cloud, white)
Outcome: False
partcle ids: ['generator_108', 'generator_130', 'generator_131', 'generator_131', 'generator_85', 'generator_85', 'generator_85', 'generator_127', 'generator_131', 'generator_85', 'generator_85', 'number_match', 'number_match', 'generator_131', 'number_match', 'generator_108', 'generator_127', 'generator_131', 'generator_85', 'generator_127', 'generator_108', 'number_match', 'number_match', 'generator_120', 'generator_127', 'generator_85', 'generator_127', 'generator_127', 'generator_120', 'generator_108']
number opened: 4
TRIAL 14
Action chosen: (orange4, white)
Outcome: True
partcle ids: ['number_match', 'number_match', 'number_match', 'number_match', 'number_match', 'number_match', 'number_match', 'number_match', 'number_match', 'number_match', 'number_match', 'number_match', 'number_match', 'number_match', 'number_match', 'number_match', 'number_match', 'number_match', 'number_match', 'number_match', 'number_match', 'number_match', 'number_match', 'number_match', 'number_match', 'number_match', 'number_match', 'number_match', 'number_match', 'number_match']
number opened: 5
{"attempts": 14, "unique_key_box_pairs": 14, "revisit_attempts": 0, "revisit_rate": 0.0, "attempts_before_abandoning_color_matching": 1, "color_matching_abandoned": true}
