{"Child_ID": "D108", "SoC_variant": "SoC-Full", "theta": [9, 1], "p_gen": 0.7, "true_prior": 0.02, "run_number": 80, "seed": 9222306770431655709}
TRIAL 1
Action chosen: (purple, purple)
Outcome: False
partcle ids: ['generator_1', 'color_match', 'similar_color_8', 'number_match', 'similar_color_1', 'similar_color_1', 'generator_2', 'generator_3', 'generator_4', 'generator_5', 'generator_6', 'similar_color_12', 'generator_7', 'generator_8', 'generator_9', 'generator_10', 'similar_color_1', 'similar_color_6', 'generator_11', 'generator_12', 'similar_color_5', 'generator_13', 'generator_14', 'similar_color_10', 'generator_15', 'generator_16', 'generator_17', 'generator_18', 'generator_19', 'similar_color_13']
number opened: 0
TRIAL 2
Action chosen: (green3, blue)
Outcome: False
partcle ids: ['generator_1', 'color_match', 'similar_color_8', 'number_match', 'similar_color_1', 'similar_color_1', 'generator_2', 'generator_3', 'generator_4', 'generator_5', 'generator_6', 'similar_color_12', 'generator_7', 'generator_8', 'generator_9', 'generator_10', 'similar_color_1', 'similar_color_6', 'generator_11', 'generator_12', 'similar_color_5', 'generator_13', 'generator_14', 'similar_color_10', 'generator_15', 'generator_16', 'generator_17', 'generator_18', 'generator_19', 'similar_color_13']
number opened: 0
TRIAL 3
Action chosen: (blue, blue)
Outcome: False
partcle ids: ['generator_20', 'generator_8', 'generator_8', 'generator_4', 'generator_9', 'generator_9', 'generator_23', 'generator_24', 'generator_25', 'generator_26', 'generator_27', 'generator_28', 'generator_29', 'generator_30', 'generator_31', 'generator_32', 'generator_8', 'generator_33', 'number_match', 'generator_13', 'generator_7', 'generator_35', 'generator_17', 'generator_7', 'generator_36', 'generator_37', 'generator_16', 'generator_38', 'generator_39', 'generator_14']
number opened: 0
TRIAL 4
Action chosen: (cloud, white)
Outcome: False
partcle ids: ['generator_20', 'generator_8', 'generator_8', 'generator_4', 'generator_9', 'generator_9', 'generator_23', 'generator_24', 'generator_25', 'generator_26', 'generator_27', 'generator_28', 'generator_29', 'generator_30', 'generator_31', 'generator_32', 'generator_8', 'generator_33', 'number_match', 'generator_13', 'generator_7', 'generator_35', 'generator_17', 'generator_7', 'generator_36', 'generator_37', 'generator_16', 'generator_38', 'generator_39', 'generator_14']
number opened: 0
TRIAL 5
Action chosen: (red, purple)
Outcome: False
partcle ids: ['generator_20', 'generator_8', 'generator_8', 'generator_4', 'generator_9', 'generator_9', 'generator_23', 'generator_24', 'generator_25', 'generator_26', 'generator_27', 'generator_28', 'generator_29', 'generator_30', 'generator_31', 'generator_32', 'generator_8', 'generator_33', 'number_match', 'generator_13', 'generator_7', 'generator_35', 'generator_17', 'generator_7', 'generator_36', 'generator_37', 'generator_16', 'generator_38', 'generator_39', 'generator_14']
number opened: 0
TRIAL 6
Action chosen: (blue, red)
Outcome: False
partcle ids: ['generator_20', 'generator_8', 'generator_8', 'generator_4', 'generator_9', 'generator_9', 'generator_23', 'generator_24', 'generator_25', 'generator_26', 'generator_27', 'generator_28', 'generator_29', 'generator_30', 'generator_31', 'generator_32', 'generator_8', 'generator_33', 'number_match', 'generator_13', 'generator_7', 'generator_35', 'generator_17', 'generator_7', 'generator_36', 'generator_37', 'generator_16', 'generator_38', 'generator_39', 'generator_14']
number opened: 0
TRIAL 7
Action chosen: (purple, red)
Outcome: False
partcle ids: ['generator_40', 'generator_39', 'generator_39', 'generator_41', 'number_match', 'generator_42', 'generator_39', 'generator_44', 'number_match', 'generator_45', 'number_match', 'generator_38', 'number_match', 'generator_35', 'generator_25', 'generator_27', 'generator_46', 'generator_47', 'generator_48', 'generator_38', 'generator_49', 'generator_50', 'generator_35', 'generator_16', 'generator_52', 'generator_13', 'generator_53', 'generator_54', 'generator_55', 'generator_56']
number opened: 0
TRIAL 8
Action chosen: (purple, pink)
Outcome: False
partcle ids: ['generator_40', 'generator_39', 'generator_39', 'generator_41', 'number_match', 'generator_42', 'generator_39', 'generator_44', 'number_match', 'generator_45', 'number_match', 'generator_38', 'number_match', 'generator_35', 'generator_25', 'generator_27', 'generator_46', 'generator_47', 'generator_48', 'generator_38', 'generator_49', 'generator_50', 'generator_35', 'generator_16', 'generator_52', 'generator_13', 'generator_53', 'generator_54', 'generator_55', 'generator_56']
number opened: 0
TRIAL 9
Action chosen: (yellow5, blue)
Outcome: True
partcle ids: ['generator_57', 'generator_58', 'generator_59', 'generator_60', 'generator_61', 'order_match', 'generator_62', 'generator_63', 'generator_25', 'generator_65', 'generator_66', 'generator_67', 'generator_68', 'generator_69', 'generator_70', 'generator_71', 'generator_72', 'generator_73', 'generator_74', 'generator_46', 'generator_76', 'generator_77', 'generator_78', 'generator_79', 'generator_80', 'generator_81', 'generator_82', 'generator_83', 'generator_84', 'generator_85']
number opened: 1
TRIAL 10
Action chosen: (cloud, purple)
Outcome: False
partcle ids: ['generator_57', 'generator_58', 'generator_59', 'generator_60', 'generator_61', 'order_match', 'generator_62', 'generator_63', 'generator_25', 'generator_65', 'generator_66', 'generator_67', 'generator_68', 'generator_69', 'generator_70', 'generator_71', 'generator_72', 'generator_73', 'generator_74', 'generator_46', 'generator_76', 'generator_77', 'generator_78', 'generator_79', 'generator_80', 'generator_81', 'generator_82', 'generator_83', 'generator_84', 'generator_85']
number opened: 1
TRIAL 11
Action chosen: (triangle, red)
Outcome: False
partcle ids: ['generator_57', 'generator_58', 'generator_59', 'generator_60', 'generator_61', 'order_match', 'generator_62', 'generator_63', 'generator_25', 'generator_65', 'generator_66', 'generator_67', 'generator_68', 'generator_69', 'generator_70', 'generator_71', 'generator_72', 'generator_73', 'generator_74', 'generator_46', 'generator_76', 'generator_77', 'generator_78', 'generator_79', 'generator_80', 'generator_81', 'generator_82', 'generator_83', 'generator_84', 'generator_85']
number opened: 1
TRIAL 12
Action chosen: (red, pink)
Outcome: False
partcle ids: ['generator_57', 'generator_58', 'generator_59', 'generator_60', 'generator_61', 'order_match', 'generator_62', 'generator_63', 'generator_25', 'generator_65', 'generator_66', 'generator_67', 'generator_68', 'generator_69', 'generator_70', 'generator_71', 'generator_72', 'generator_73', 'generator_74', 'generator_46', 'generator_76', 'generator_77', 'generator_78', 'generator_79', 'generator_80', 'generator_81', 'generator_82', 'generator_83', 'generator_84', 'generator_85']
number opened: 1
TRIAL 13
Action chosen: (cloud, pink)
Outcome: False
partcle ids: ['generator_57', 'generator_58', 'generator_59', 'generator_60', 'generator_61', 'order_match', 'generator_62', 'generator_63', 'generator_25', 'generator_65', 'generator_66', 'generator_67', 'generator_68', 'generator_69', 'generator_70', 'generator_71', 'generator_72', 'generator_73', 'generator_74', 'generator_46', 'generator_76', 'generator_77', 'generator_78', 'generator_79', 'generator_80', 'generator_81', 'generator_82', 'generator_83', 'generator_84', 'generator_85']
number opened: 1
TRIAL 14
Action chosen: (red, white)
Outcome: False
partcle ids: ['generator_86', 'generator_87', 'generator_88', 'generator_89', 'generator_90', 'generator_91', 'generator_92', 'generator_78', 'generator_94', 'generator_95', 'generator_96', 'generator_97', 'order_match', 'generator_99', 'generator_77', 'generator_59', 'generator_102', 'generator_66', 'generator_104', 'generator_82', 'generator_76', 'generator_106', 'generator_107', 'generator_108', 'generator_109', 'generator_59', 'generator_111', 'generator_112', 'generator_113', 'generator_68']
number opened: 1
TRIAL 15
Action chosen: (orange4, purple)
Outcome: False
partcle ids: ['generator_86', 'generator_87', 'generator_88', 'generator_89', 'generator_90', 'generator_91', 'generator_92', 'generator_78', 'generator_94', 'generator_95', 'generator_96', 'generator_97', 'order_match', 'generator_99', 'generator_77', 'generator_59', 'generator_102', 'generator_66', 'generator_104', 'generator_82', 'generator_76', 'generator_106', 'generator_107', 'generator_108', 'generator_109', 'generator_59', 'generator_111', 'generator_112', 'generator_113', 'generator_68']
number opened: 1
TRIAL 16
Action chosen: (pink, red)
Outcome: False
partcle ids: ['generator_86', 'generator_87', 'generator_88', 'generator_89', 'generator_90', 'generator_91', 'generator_92', 'generator_78', 'generator_94', 'generator_95', 'generator_96', 'generator_97', 'order_match', 'generator_99', 'generator_77', 'generator_59', 'generator_102', 'generator_66', 'generator_104', 'generator_82', 'generator_76', 'generator_106', 'generator_107', 'generator_108', 'generator_109', 'generator_59', 'generator_111', 'generator_112', 'generator_113', 'generator_68']
number opened: 1
TRIAL 17
Action chosen: (orange4, white)
Outcome: True
partcle ids: ['generator_115', 'generator_116', 'generator_117', 'generator_95', 'generator_115', 'generator_119', 'generator_94', 'generator_121', 'generator_122', 'generator_123', 'generator_94', 'generator_77', 'generator_90', 'generator_90', 'generator_77', 'generator_87', 'generator_90', 'generator_130', 'generator_94', 'generator_132', 'generator_95', 'generator_77', 'generator_77', 'generator_87', 'generator_136', 'generator_87', 'generator_138', 'generator_94', 'generator_77', 'generator_141']
number opened: 2
TRIAL 18
Action chosen: (grey2, purple)
Outcome: False
partcle ids: ['generator_115', 'generator_116', 'generator_117', 'generator_95', 'generator_115', 'generator_119', 'generator_94', 'generator_121', 'generator_122', 'generator_123', 'generator_94', 'generator_77', 'generator_90', 'generator_90', 'generator_77', 'generator_87', 'generator_90', 'generator_130', 'generator_94', 'generator_132', 'generator_95', 'generator_77', 'generator_77', 'generator_87', 'generator_136', 'generator_87', 'generator_138', 'generator_94', 'generator_77', 'generator_141']
number opened: 2
TRIAL 19
Action chosen: (white, pink)
Outcome: False
partcle ids: ['generator_115', 'generator_116', 'generator_117', 'generator_95', 'generator_115', 'generator_119', 'generator_94', 'generator_121', 'generator_122', 'generator_123', 'generator_94', 'generator_77', 'generator_90', 'generator_90', 'generator_77', 'generator_87', 'generator_90', 'generator_130', 'generator_94', 'generator_132', 'generator_95', 'generator_77', 'generator_77', 'generator_87', 'generator_136', 'generator_87', 'generator_138', 'generator_94', 'generator_77', 'generator_141']
number opened: 2
TRIAL 20
Action chosen: (blue, pink)
Outcome: False
partcle ids: ['generator_142', 'generator_136', 'generator_87', 'generator_87', 'generator_122', 'generator_147', 'generator_122', 'generator_138', 'generator_150', 'generator_87', 'generator_119', 'generator_153', 'generator_87', 'generator_136', 'generator_87', 'generator_157', 'generator_158', 'generator_147', 'generator_87', 'generator_160', 'generator_115', 'generator_136', 'generator_138', 'generator_164', 'generator_136', 'generator_119', 'generator_130', 'generator_87', 'generator_138', 'generator_170']
number opened: 2
TRIAL 21
Action chosen: (triangle, purple)
Outcome: False
partcle ids: ['generator_142', 'generator_136', 'generator_87', 'generator_87', 'generator_122', 'generator_147', 'generator_122', 'generator_138', 'generator_150', 'generator_87', 'generator_119', 'generator_153', 'generator_87', 'generator_136', 'generator_87', 'generator_157', 'generator_158', 'generator_147', 'generator_87', 'generator_160', 'generator_115', 'generator_136', 'generator_138', 'generator_164', 'generator_136', 'generator_119', 'generator_130', 'generator_87', 'generator_138', 'generator_170']
number opened: 2
TRIAL 22
Action chosen: (white, purple)
Outcome: False
partcle ids: ['generator_119', 'generator_172', 'generator_173', 'generator_157', 'generator_160', 'generator_119', 'generator_157', 'generator_177', 'generator_178', 'generator_157', 'generator_180', 'generator_181', 'generator_182', 'generator_183', 'generator_119', 'generator_157', 'generator_138', 'generator_157', 'generator_160', 'generator_189', 'generator_160', 'generator_191', 'generator_192', 'generator_193', 'generator_147', 'generator_87', 'generator_150', 'generator_115', 'generator_198', 'generator_199']
number opened: 2
TRIAL 23
Action chosen: (grey2, red)
Outcome: False
partcle ids: ['generator_119', 'generator_172', 'generator_173', 'generator_157', 'generator_160', 'generator_119', 'generator_157', 'generator_177', 'generator_178', 'generator_157', 'generator_180', 'generator_181', 'generator_182', 'generator_183', 'generator_119', 'generator_157', 'generator_138', 'generator_157', 'generator_160', 'generator_189', 'generator_160', 'generator_191', 'generator_192', 'generator_193', 'generator_147', 'generator_87', 'generator_150', 'generator_115', 'generator_198', 'generator_199']
number opened: 2
TRIAL 24
Action chosen: (white, red)
Outcome: False
partcle ids: ['generator_119', 'generator_172', 'generator_173', 'generator_157', 'generator_160', 'generator_119', 'generator_157', 'generator_177', 'generator_178', 'generator_157', 'generator_180', 'generator_181', 'generator_182', 'generator_183', 'generator_119', 'generator_157', 'generator_138', 'generator_157', 'generator_160', 'generator_189', 'generator_160', 'generator_191', 'generator_192', 'generator_193', 'generator_147', 'generator_87', 'generator_150', 'generator_115', 'generator_198', 'generator_199']
number opened: 2
TRIAL 25
Action chosen: (diamond, purple)
Outcome: False
partcle ids: ['generator_119', 'generator_172', 'generator_173', 'generator_157', 'generator_160', 'generator_119', 'generator_157', 'generator_177', 'generator_178', 'generator_157', 'generator_180', 'generator_181', 'generator_182', 'generator_183', 'generator_119', 'generator_157', 'generator_138', 'generator_157', 'generator_160', 'generator_189', 'generator_160', 'generator_191', 'generator_192', 'generator_193', 'generator_147', 'generator_87', 'generator_150', 'generator_115', 'generator_198', 'generator_199']
number opened: 2
TRIAL 26
Action chosen: (cloud, red)
Outcome: False
partcle ids: ['generator_150', 'generator_201', 'generator_150', 'generator_115', 'generator_202', 'generator_204', 'generator_119', 'generator_181', 'generator_173', 'generator_208', 'generator_209', 'generator_210', 'generator_211', 'generator_212', 'generator_213', 'generator_214', 'generator_191', 'generator_216', 'generator_217', 'generator_87', 'generator_219', 'generator_220', 'generator_221', 'generator_173', 'generator_223', 'generator_224', 'generator_225', 'generator_87', 'generator_227', 'generator_87']
number opened: 2
TRIAL 27
Action chosen: (heart, red)
Outcome: False
partcle ids: ['generator_150', 'generator_201', 'generator_150', 'generator_115', 'generator_202', 'generator_204', 'generator_119', 'generator_181', 'generator_173', 'generator_208', 'generator_209', 'generator_210', 'generator_211', 'generator_212', 'generator_213', 'generator_214', 'generator_191', 'generator_216', 'generator_217', 'generator_87', 'generator_219', 'generator_220', 'generator_221', 'generator_173', 'generator_223', 'generator_224', 'generator_225', 'generator_87', 'generator_227', 'generator_87']
number opened: 2
TRIAL 28
Action chosen: (pink, purple)
Outcome: False
partcle ids: ['generator_150', 'generator_201', 'generator_150', 'generator_115', 'generator_202', 'generator_204', 'generator_119', 'generator_181', 'generator_173', 'generator_208', 'generator_209', 'generator_210', 'generator_211', 'generator_212', 'generator_213', 'generator_214', 'generator_191', 'generator_216', 'generator_217', 'generator_87', 'generator_219', 'generator_220', 'generator_221', 'generator_173', 'generator_223', 'generator_224', 'generator_225', 'generator_87', 'generator_227', 'generator_87']
number opened: 2
TRIAL 29
Action chosen: (grey2, pink)
Outcome: True
partcle ids: ['generator_223', 'generator_230', 'generator_231', 'generator_192', 'generator_232', 'generator_233', 'generator_234', 'generator_235', 'generator_236', 'generator_237', 'generator_238', 'generator_239', 'generator_223', 'generator_87', 'generator_87', 'generator_234', 'generator_227', 'generator_87', 'generator_199', 'generator_87', 'generator_244', 'generator_245', 'generator_246', 'generator_87', 'generator_239', 'generator_247', 'generator_87', 'generator_249', 'generator_87', 'generator_250']
number opened: 3
TRIAL 30
Action chosen: (triangle, purple)
Outcome: False
partcle ids: ['generator_223', 'generator_230', 'generator_231', 'generator_192', 'generator_232', 'generator_233', 'generator_234', 'generator_235', 'generator_236', 'generator_237', 'generator_238', 'generator_239', 'generator_223', 'generator_87', 'generator_87', 'generator_234', 'generator_227', 'generator_87', 'generator_199', 'generator_87', 'generator_244', 'generator_245', 'generator_246', 'generator_87', 'generator_239', 'generator_247', 'generator_87', 'generator_249', 'generator_87', 'generator_250']
number opened: 3
TRIAL 31
Action chosen: (blue, purple)
Outcome: False
partcle ids: ['generator_223', 'generator_230', 'generator_231', 'generator_192', 'generator_232', 'generator_233', 'generator_234', 'generator_235', 'generator_236', 'generator_237', 'generator_238', 'generator_239', 'generator_223', 'generator_87', 'generator_87', 'generator_234', 'generator_227', 'generator_87', 'generator_199', 'generator_87', 'generator_244', 'generator_245', 'generator_246', 'generator_87', 'generator_239', 'generator_247', 'generator_87', 'generator_249', 'generator_87', 'generator_250']
number opened: 3
TRIAL 32
Action chosen: (green3, red)
Outcome: False
partcle ids: ['generator_223', 'generator_230', 'generator_231', 'generator_192', 'generator_232', 'generator_233', 'generator_234', 'generator_235', 'generator_236', 'generator_237', 'generator_238', 'generator_239', 'generator_223', 'generator_87', 'generator_87', 'generator_234', 'generator_227', 'generator_87', 'generator_199', 'generator_87', 'generator_244', 'generator_245', 'generator_246', 'generator_87', 'generator_239', 'generator_247', 'generator_87', 'generator_249', 'generator_87', 'generator_250']
number opened: 3
TRIAL 33
Action chosen: (heart, purple)
Outcome: False
partcle ids: ['generator_223', 'generator_230', 'generator_231', 'generator_192', 'generator_232', 'generator_233', 'generator_234', 'generator_235', 'generator_236', 'generator_237', 'generator_238', 'generator_239', 'generator_223', 'generator_87', 'generator_87', 'generator_234', 'generator_227', 'generator_87', 'generator_199', 'generator_87', 'generator_244', 'generator_245', 'generator_246', 'generator_87', 'generator_239', 'generator_247', 'generator_87', 'generator_249', 'generator_87', 'generator_250']
number opened: 3
TRIAL 34
Action chosen: (green3, purple)
Outcome: True
partcle ids: ['generator_251', 'generator_249', 'generator_252', 'generator_253', 'generator_249', 'generator_252', 'generator_249', 'number_match', 'generator_254', 'generator_250', 'generator_251', 'generator_255', 'generator_256', 'generator_250', 'generator_253', 'generator_256', 'generator_255', 'generator_255', 'generator_254', 'generator_256', 'generator_253', 'generator_255', 'generator_256', 'generator_252', 'generator_255', 'generator_249', 'number_match', 'generator_249', 'number_match', 'generator_252']
number opened: 4
TRIAL 35
Action chosen: (heart, red)
Outcome: False
partcle ids: ['generator_251', 'generator_249', 'generator_252', 'generator_253', 'generator_249', 'generator_252', 'generator_249', 'number_match', 'generator_254', 'generator_250', 'generator_251', 'generator_255', 'generator_256', 'generator_250', 'generator_253', 'generator_256', 'generator_255', 'generator_255', 'generator_254', 'generator_256', 'generator_253', 'generator_255', 'generator_256', 'generator_252', 'generator_255', 'generator_249', 'number_match', 'generator_249', 'number_match', 'generator_252']
number opened: 4
TRIAL 36
Action chosen: (pink, red)
Outcome: False
partcle ids: ['generator_251', 'generator_249', 'generator_252', 'generator_253', 'generator_249', 'generator_252', 'generator_249', 'number_match', 'generator_254', 'generator_250', 'generator_251', 'generator_255', 'generator_256', 'generator_250', 'generator_253', 'generator_256', 'generator_255', 'generator_255', 'generator_254', 'generator_256', 'generator_253', 'generator_255', 'generator_256', 'generator_252', 'generator_255', 'generator_249', 'number_match', 'generator_249', 'number_match', 'generator_252']
number opened: 4
TRIAL 37
Action chosen: (triangle, red)
Outcome: False
partcle ids: ['generator_251', 'generator_249', 'generator_252', 'generator_253', 'generator_249', 'generator_252', 'generator_249', 'number_match', 'generator_254', 'generator_250', 'generator_251', 'generator_255', 'generator_256', 'generator_250', 'generator_253', 'generator_256', 'generator_255', 'generator_255', 'generator_254', 'generator_256', 'generator_253', 'generator_255', 'generator_256', 'generator_252', 'generator_255', 'generator_249', 'number_match', 'generator_249', 'number_match', 'generator_252']
number opened: 4
TRIAL 38
Action chosen: (white, red)
Outcome: False
partcle ids: ['generator_251', 'generator_249', 'generator_252', 'generator_253', 'generator_249', 'generator_252', 'generator_249', 'number_match', 'generator_254', 'generator_250', 'generator_251', 'generator_255', 'generator_256', 'generator_250', 'generator_253', 'generator_256', 'generator_255', 'generator_255', 'generator_254', 'generator_256', 'generator_253', 'generator_255', 'generator_256', 'generator_252', 'generator_255', 'generator_249', 'number_match', 'generator_249', 'number_match', 'generator_252']
number opened: 4
TRIAL 39
Action chosen: (red, red)
Outcome: True
partcle ids: ['number_match', 'number_match', 'number_match', 'number_match', 'number_match', 'number_match', 'number_match', 'number_match', 'number_match', 'number_match', 'number_match', 'number_match', 'number_match', 'number_match', 'number_match', 'number_match', 'number_match', 'number_match', 'number_match', 'number_match', 'number_match', 'number_match', 'number_match', 'number_match', 'number_match', 'number_match', 'number_match', 'number_match', 'number_match', 'number_match']
number opened: 5
{"attempts": 39, "unique_key_box_pairs": 34, "revisit_attempts": 5, "revisit_rate": 0.13157894736842105, "attempts_before_abandoning_color_matching": 1, "color_matching_abandoned": true}
