{"Child_ID": "D048", "SoC_variant": "SoC-Gen", "theta": [19, 1], "p_gen": 0.7, "true_prior": 0.02, "run_number": 63, "seed": 2691412621709948180}
TRIAL 1
Action chosen: (pink, pink)
Outcome: False
partcle ids: ['generator_1', 'order_match', 'similar_color_7', 'generator_2', 'generator_3', 'generator_4', 'generator_5', 'generator_6', 'generator_7', 'generator_8', 'generator_9', 'similar_color_2', 'similar_color_11', 'generator_10', 'generator_11', 'generator_12', 'similar_color_5', 'generator_13', 'generator_14', 'shape_match', 'similar_color_6', 'similar_color_10', 'generator_15', 'similar_color_2', 'generator_16', 'similar_color_9', 'similar_color_3', 'generator_17', 'generator_18', 'generator_19']
number opened: 0
TRIAL 2
Action chosen: (heart, pink)
Outcome: False
partcle ids: ['generator_1', 'order_match', 'similar_color_7', 'generator_2', 'generator_3', 'generator_4', 'generator_5', 'generator_6', 'generator_7', 'generator_8', 'generator_9', 'similar_color_2', 'similar_color_11', 'generator_10', 'generator_11', 'generator_12', 'similar_color_5', 'generator_13', 'generator_14', 'shape_match', 'similar_color_6', 'similar_color_10', 'generator_15', 'similar_color_2', 'generator_16', 'similar_color_9', 'similar_color_3', 'generator_17', 'generator_18', 'generator_19']
number opened: 0
TRIAL 3
Action chosen: (triangle, white)
Outcome: False
partcle ids: ['generator_20', 'generator_21', 'generator_16', 'generator_22', 'order_match', 'generator_7', 'generator_23', 'similar_color_2', 'generator_17', 'generator_17', 'generator_25', 'generator_9', 'generator_27', 'generator_28', 'generator_10', 'generator_5', 'generator_30', 'generator_31', 'generator_32', 'generator_33', 'generator_34', 'generator_11', 'generator_10', 'generator_13', 'generator_36', 'generator_37', 'generator_9', 'generator_19', 'generator_38', 'generator_4']
number opened: 0
TRIAL 4
Action chosen: (yellow5, blue)
Outcome: True
partcle ids: ['generator_39', 'generator_16', 'generator_41', 'generator_42', 'generator_43', 'generator_44', 'generator_45', 'generator_9', 'generator_9', 'generator_48', 'generator_49', 'generator_50', 'generator_51', 'generator_9', 'generator_52', 'generator_53', 'generator_54', 'generator_55', 'generator_56', 'generator_57', 'generator_58', 'generator_59', 'generator_60', 'generator_61', 'generator_62', 'generator_63', 'generator_64', 'generator_65', 'generator_66', 'generator_67']
number opened: 1
TRIAL 5
Action chosen: (purple, white)
Outcome: False
partcle ids: ['generator_39', 'generator_16', 'generator_41', 'generator_42', 'generator_43', 'generator_44', 'generator_45', 'generator_9', 'generator_9', 'generator_48', 'generator_49', 'generator_50', 'generator_51', 'generator_9', 'generator_52', 'generator_53', 'generator_54', 'generator_55', 'generator_56', 'generator_57', 'generator_58', 'generator_59', 'generator_60', 'generator_61', 'generator_62', 'generator_63', 'generator_64', 'generator_65', 'generator_66', 'generator_67']
number opened: 1
TRIAL 6
Action chosen: (cloud, purple)
Outcome: False
partcle ids: ['generator_39', 'generator_16', 'generator_41', 'generator_42', 'generator_43', 'generator_44', 'generator_45', 'generator_9', 'generator_9', 'generator_48', 'generator_49', 'generator_50', 'generator_51', 'generator_9', 'generator_52', 'generator_53', 'generator_54', 'generator_55', 'generator_56', 'generator_57', 'generator_58', 'generator_59', 'generator_60', 'generator_61', 'generator_62', 'generator_63', 'generator_64', 'generator_65', 'generator_66', 'generator_67']
number opened: 1
TRIAL 7
Action chosen: (white, red)
Outcome: False
partcle ids: ['generator_39', 'generator_16', 'generator_41', 'generator_42', 'generator_43', 'generator_44', 'generator_45', 'generator_9', 'generator_9', 'generator_48', 'generator_49', 'generator_50', 'generator_51', 'generator_9', 'generator_52', 'generator_53', 'generator_54', 'generator_55', 'generator_56', 'generator_57', 'generator_58', 'generator_59', 'generator_60', 'generator_61', 'generator_62', 'generator_63', 'generator_64', 'generator_65', 'generator_66', 'generator_67']
number opened: 1
TRIAL 8
Action chosen: (pink, white)
Outcome: False
partcle ids: ['generator_68', 'generator_69', 'generator_58', 'generator_71', 'generator_39', 'generator_73', 'generator_74', 'generator_75', 'generator_76', 'generator_77', 'generator_62', 'generator_41', 'generator_79', 'generator_80', 'generator_60', 'generator_66', 'generator_83', 'generator_53', 'generator_41', 'generator_66', 'generator_60', 'generator_53', 'generator_89', 'generator_39', 'generator_54', 'generator_92', 'generator_93', 'generator_94', 'generator_54', 'generator_96']
number opened: 1
TRIAL 9
Action chosen: (pink, purple)
Outcome: False
partcle ids: ['generator_68', 'generator_69', 'generator_58', 'generator_71', 'generator_39', 'generator_73', 'generator_74', 'generator_75', 'generator_76', 'generator_77', 'generator_62', 'generator_41', 'generator_79', 'generator_80', 'generator_60', 'generator_66', 'generator_83', 'generator_53', 'generator_41', 'generator_66', 'generator_60', 'generator_53', 'generator_89', 'generator_39', 'generator_54', 'generator_92', 'generator_93', 'generator_94', 'generator_54', 'generator_96']
number opened: 1
TRIAL 10
Action chosen: (heart, red)
Outcome: False
partcle ids: ['generator_68', 'generator_69', 'generator_58', 'generator_71', 'generator_39', 'generator_73', 'generator_74', 'generator_75', 'generator_76', 'generator_77', 'generator_62', 'generator_41', 'generator_79', 'generator_80', 'generator_60', 'generator_66', 'generator_83', 'generator_53', 'generator_41', 'generator_66', 'generator_60', 'generator_53', 'generator_89', 'generator_39', 'generator_54', 'generator_92', 'generator_93', 'generator_94', 'generator_54', 'generator_96']
number opened: 1
TRIAL 11
Action chosen: (red, white)
Outcome: False
partcle ids: ['generator_97', 'generator_89', 'generator_99', 'generator_100', 'generator_60', 'generator_73', 'generator_103', 'generator_60', 'generator_74', 'generator_106', 'generator_74', 'generator_108', 'generator_109', 'generator_110', 'generator_60', 'generator_74', 'generator_74', 'generator_114', 'generator_115', 'generator_73', 'generator_117', 'generator_58', 'generator_80', 'generator_89', 'generator_121', 'generator_71', 'generator_123', 'generator_124', 'generator_125', 'generator_89']
number opened: 1
TRIAL 12
Action chosen: (orange4, white)
Outcome: True
partcle ids: ['generator_127', 'generator_128', 'generator_129', 'generator_58', 'generator_109', 'generator_132', 'generator_133', 'generator_134', 'generator_135', 'generator_74', 'generator_137', 'generator_138', 'generator_139', 'generator_97', 'generator_141', 'generator_114', 'generator_143', 'generator_108', 'generator_145', 'generator_146', 'generator_74', 'generator_148', 'generator_108', 'generator_150', 'generator_151', 'generator_74', 'generator_74', 'generator_109', 'generator_154', 'generator_58']
number opened: 2
TRIAL 13
Action chosen: (blue, pink)
Outcome: False
partcle ids: ['generator_127', 'generator_128', 'generator_129', 'generator_58', 'generator_109', 'generator_132', 'generator_133', 'generator_134', 'generator_135', 'generator_74', 'generator_137', 'generator_138', 'generator_139', 'generator_97', 'generator_141', 'generator_114', 'generator_143', 'generator_108', 'generator_145', 'generator_146', 'generator_74', 'generator_148', 'generator_108', 'generator_150', 'generator_151', 'generator_74', 'generator_74', 'generator_109', 'generator_154', 'generator_58']
number opened: 2
TRIAL 14
Action chosen: (heart, purple)
Outcome: False
partcle ids: ['generator_127', 'generator_128', 'generator_129', 'generator_58', 'generator_109', 'generator_132', 'generator_133', 'generator_134', 'generator_135', 'generator_74', 'generator_137', 'generator_138', 'generator_139', 'generator_97', 'generator_141', 'generator_114', 'generator_143', 'generator_108', 'generator_145', 'generator_146', 'generator_74', 'generator_148', 'generator_108', 'generator_150', 'generator_151', 'generator_74', 'generator_74', 'generator_109', 'generator_154', 'generator_58']
number opened: 2
TRIAL 15
Action chosen: (green3, purple)
Outcome: True
partcle ids: ['generator_156', 'generator_109', 'generator_158', 'generator_137', 'generator_160', 'generator_158', 'generator_109', 'generator_162', 'generator_150', 'generator_163', 'generator_164', 'generator_109', 'generator_135', 'generator_150', 'generator_137', 'generator_169', 'generator_137', 'generator_135', 'generator_172', 'generator_109', 'generator_135', 'generator_135', 'generator_175', 'generator_176', 'generator_150', 'generator_135', 'generator_178', 'generator_179', 'generator_180', 'generator_181']
number opened: 3
TRIAL 16
Action chosen: (blue, red)
Outcome: False
partcle ids: ['generator_156', 'generator_109', 'generator_158', 'generator_137', 'generator_160', 'generator_158', 'generator_109', 'generator_162', 'generator_150', 'generator_163', 'generator_164', 'generator_109', 'generator_135', 'generator_150', 'generator_137', 'generator_169', 'generator_137', 'generator_135', 'generator_172', 'generator_109', 'generator_135', 'generator_135', 'generator_175', 'generator_176', 'generator_150', 'generator_135', 'generator_178', 'generator_179', 'generator_180', 'generator_181']
number opened: 3
TRIAL 17
Action chosen: (diamond, pink)
Outcome: False
partcle ids: ['generator_156', 'generator_109', 'generator_158', 'generator_137', 'generator_160', 'generator_158', 'generator_109', 'generator_162', 'generator_150', 'generator_163', 'generator_164', 'generator_109', 'generator_135', 'generator_150', 'generator_137', 'generator_169', 'generator_137', 'generator_135', 'generator_172', 'generator_109', 'generator_135', 'generator_135', 'generator_175', 'generator_176', 'generator_150', 'generator_135', 'generator_178', 'generator_179', 'generator_180', 'generator_181']
number opened: 3
TRIAL 18
Action chosen: (white, pink)
Outcome: False
partcle ids: ['generator_160', 'generator_182', 'generator_163', 'generator_184', 'generator_179', 'generator_175', 'generator_162', 'generator_178', 'generator_160', 'generator_162', 'generator_188', 'generator_189', 'generator_178', 'generator_179', 'generator_189', 'generator_190', 'generator_158', 'generator_168', 'generator_162', 'generator_169', 'generator_163', 'generator_189', 'generator_172', 'generator_192', 'generator_193', 'generator_175', 'generator_164', 'generator_163', 'generator_188', 'generator_169']
number opened: 3
TRIAL 19
Action chosen: (cloud, pink)
Outcome: False
partcle ids: ['generator_160', 'generator_182', 'generator_163', 'generator_184', 'generator_179', 'generator_175', 'generator_162', 'generator_178', 'generator_160', 'generator_162', 'generator_188', 'generator_189', 'generator_178', 'generator_179', 'generator_189', 'generator_190', 'generator_158', 'generator_168', 'generator_162', 'generator_169', 'generator_163', 'generator_189', 'generator_172', 'generator_192', 'generator_193', 'generator_175', 'generator_164', 'generator_163', 'generator_188', 'generator_169']
number opened: 3
TRIAL 20
Action chosen: (purple, pink)
Outcome: False
partcle ids: ['generator_160', 'generator_182', 'generator_163', 'generator_184', 'generator_179', 'generator_175', 'generator_162', 'generator_178', 'generator_160', 'generator_162', 'generator_188', 'generator_189', 'generator_178', 'generator_179', 'generator_189', 'generator_190', 'generator_158', 'generator_168', 'generator_162', 'generator_169', 'generator_163', 'generator_189', 'generator_172', 'generator_192', 'generator_193', 'generator_175', 'generator_164', 'generator_163', 'generator_188', 'generator_169']
number opened: 3
TRIAL 21
Action chosen: (triangle, pink)
Outcome: False
partcle ids: ['generator_179', 'generator_160', 'generator_163', 'generator_160', 'generator_177', 'generator_163', 'generator_196', 'generator_197', 'generator_179', 'generator_157', 'generator_198', 'generator_164', 'generator_189', 'generator_197', 'generator_130', 'generator_163', 'generator_199', 'generator_196', 'generator_200', 'generator_179', 'generator_163', 'generator_160', 'generator_160', 'generator_160', 'generator_163', 'generator_168', 'generator_160', 'generator_179', 'generator_160', 'generator_179']
number opened: 3
TRIAL 22
Action chosen: (purple, red)
Outcome: False
partcle ids: ['generator_179', 'generator_160', 'generator_163', 'generator_160', 'generator_177', 'generator_163', 'generator_196', 'generator_197', 'generator_179', 'generator_157', 'generator_198', 'generator_164', 'generator_189', 'generator_197', 'generator_130', 'generator_163', 'generator_199', 'generator_196', 'generator_200', 'generator_179', 'generator_163', 'generator_160', 'generator_160', 'generator_160', 'generator_163', 'generator_168', 'generator_160', 'generator_179', 'generator_160', 'generator_179']
number opened: 3
TRIAL 23
Action chosen: (diamond, red)
Outcome: False
partcle ids: ['generator_164', 'generator_164', 'generator_208', 'generator_209', 'generator_199', 'generator_168', 'generator_211', 'generator_164', 'generator_213', 'generator_109', 'generator_196', 'generator_135', 'generator_109', 'generator_196', 'generator_198', 'generator_168', 'generator_215', 'generator_182', 'generator_187', 'generator_198', 'generator_204', 'generator_196', 'generator_182', 'generator_199', 'generator_164', 'generator_199', 'generator_172', 'generator_198', 'generator_164', 'generator_189']
number opened: 3
TRIAL 24
Action chosen: (pink, red)
Outcome: False
partcle ids: ['generator_164', 'generator_164', 'generator_208', 'generator_209', 'generator_199', 'generator_168', 'generator_211', 'generator_164', 'generator_213', 'generator_109', 'generator_196', 'generator_135', 'generator_109', 'generator_196', 'generator_198', 'generator_168', 'generator_215', 'generator_182', 'generator_187', 'generator_198', 'generator_204', 'generator_196', 'generator_182', 'generator_199', 'generator_164', 'generator_199', 'generator_172', 'generator_198', 'generator_164', 'generator_189']
number opened: 3
TRIAL 25
Action chosen: (red, pink)
Outcome: False
partcle ids: ['generator_164', 'generator_164', 'generator_208', 'generator_209', 'generator_199', 'generator_168', 'generator_211', 'generator_164', 'generator_213', 'generator_109', 'generator_196', 'generator_135', 'generator_109', 'generator_196', 'generator_198', 'generator_168', 'generator_215', 'generator_182', 'generator_187', 'generator_198', 'generator_204', 'generator_196', 'generator_182', 'generator_199', 'generator_164', 'generator_199', 'generator_172', 'generator_198', 'generator_164', 'generator_189']
number opened: 3
TRIAL 26
Action chosen: (pink, pink)
Outcome: False
partcle ids: ['generator_190', 'generator_215', 'generator_213', 'generator_208', 'generator_202', 'generator_217', 'generator_177', 'generator_169', 'generator_199', 'generator_172', 'generator_213', 'generator_182', 'generator_177', 'generator_208', 'generator_198', 'generator_175', 'generator_179', 'generator_208', 'generator_199', 'generator_215', 'generator_213', 'generator_208', 'generator_208', 'generator_182', 'generator_182', 'generator_208', 'generator_199', 'generator_199', 'generator_208', 'generator_220']
number opened: 3
TRIAL 27
Action chosen: (grey2, pink)
Outcome: True
partcle ids: ['generator_208', 'generator_208', 'generator_221', 'generator_208', 'generator_208', 'generator_208', 'generator_208', 'generator_208', 'generator_208', 'generator_208', 'generator_197', 'generator_179', 'generator_208', 'generator_181', 'number_match', 'generator_211', 'generator_208', 'number_match', 'generator_211', 'generator_187', 'generator_208', 'number_match', 'generator_208', 'generator_208', 'generator_213', 'generator_208', 'generator_213', 'generator_213', 'generator_208', 'number_match']
number opened: 4
TRIAL 28
Action chosen: (triangle, red)
Outcome: False
partcle ids: ['generator_208', 'generator_208', 'generator_221', 'generator_208', 'generator_208', 'generator_208', 'generator_208', 'generator_208', 'generator_208', 'generator_208', 'generator_197', 'generator_179', 'generator_208', 'generator_181', 'number_match', 'generator_211', 'generator_208', 'number_match', 'generator_211', 'generator_187', 'generator_208', 'number_match', 'generator_208', 'generator_208', 'generator_213', 'generator_208', 'generator_213', 'generator_213', 'generator_208', 'number_match']
number opened: 4
TRIAL 29
Action chosen: (red, red)
Outcome: True
partcle ids: ['number_match', 'number_match', 'number_match', 'number_match', 'number_match', 'number_match', 'number_match', 'number_match', 'number_match', 'number_match', 'number_match', 'number_match', 'number_match', 'number_match', 'number_match', 'number_match', 'number_match', 'number_match', 'number_match', 'number_match', 'number_match', 'number_match', 'number_match', 'number_match', 'number_match', 'number_match', 'number_match', 'number_match', 'number_match', 'number_match']
number opened: 5
{"attempts": 29, "unique_key_box_pairs": 28, "revisit_attempts": 1, "revisit_rate": 0.03571428571428571, "attempts_before_abandoning_color_matching": 1, "color_matching_abandoned": true}
