{"Child_ID": "D048", "SoC_variant": "SoC-Gen", "theta": [19, 1], "p_gen": 0.7, "true_prior": 0.02, "run_number": 93, "seed": 931607712143639858}
TRIAL 1
Action chosen: (pink, pink)
Outcome: False
partcle ids: ['generator_1', 'generator_2', 'generator_3', 'similar_color_13', 'generator_4', 'similar_color_4', 'similar_color_3', 'generator_5', 'generator_6', 'generator_7', 'generator_8', 'generator_9', 'generator_10', 'generator_11', 'generator_12', 'similar_color_5', 'generator_13', 'generator_14', 'generator_15', 'generator_16', 'generator_17', 'generator_18', 'similar_color_1', 'generator_19', 'generator_20', 'generator_21', 'similar_color_4', 'similar_color_12', 'generator_22', 'similar_color_12']
number opened: 0
TRIAL 2
Action chosen: (red, white)
Outcome: False
partcle ids: ['generator_1', 'generator_2', 'generator_3', 'similar_color_13', 'generator_4', 'similar_color_4', 'similar_color_3', 'generator_5', 'generator_6', 'generator_7', 'generator_8', 'generator_9', 'generator_10', 'generator_11', 'generator_12', 'similar_color_5', 'generator_13', 'generator_14', 'generator_15', 'generator_16', 'generator_17', 'generator_18', 'similar_color_1', 'generator_19', 'generator_20', 'generator_21', 'similar_color_4', 'similar_color_12', 'generator_22', 'similar_color_12']
number opened: 0
TRIAL 3
Action chosen: (cloud, white)
Outcome: False
partcle ids: ['generator_11', 'generator_17', 'generator_24', 'generator_25', 'generator_26', 'generator_27', 'generator_11', 'generator_28', 'generator_29', 'generator_30', 'generator_13', 'generator_5', 'generator_31', 'generator_13', 'generator_32', 'generator_7', 'generator_33', 'generator_34', 'generator_5', 'generator_36', 'generator_37', 'generator_38', 'generator_39', 'generator_6', 'generator_15', 'generator_4', 'generator_18', 'generator_4', 'generator_40', 'generator_41']
number opened: 0
TRIAL 4
Action chosen: (white, blue)
Outcome: False
partcle ids: ['generator_11', 'generator_17', 'generator_24', 'generator_25', 'generator_26', 'generator_27', 'generator_11', 'generator_28', 'generator_29', 'generator_30', 'generator_13', 'generator_5', 'generator_31', 'generator_13', 'generator_32', 'generator_7', 'generator_33', 'generator_34', 'generator_5', 'generator_36', 'generator_37', 'generator_38', 'generator_39', 'generator_6', 'generator_15', 'generator_4', 'generator_18', 'generator_4', 'generator_40', 'generator_41']
number opened: 0
TRIAL 5
Action chosen: (triangle, pink)
Outcome: False
partcle ids: ['generator_11', 'generator_17', 'generator_24', 'generator_25', 'generator_26', 'generator_27', 'generator_11', 'generator_28', 'generator_29', 'generator_30', 'generator_13', 'generator_5', 'generator_31', 'generator_13', 'generator_32', 'generator_7', 'generator_33', 'generator_34', 'generator_5', 'generator_36', 'generator_37', 'generator_38', 'generator_39', 'generator_6', 'generator_15', 'generator_4', 'generator_18', 'generator_4', 'generator_40', 'generator_41']
number opened: 0
TRIAL 6
Action chosen: (pink, white)
Outcome: False
partcle ids: ['generator_11', 'generator_17', 'generator_24', 'generator_25', 'generator_26', 'generator_27', 'generator_11', 'generator_28', 'generator_29', 'generator_30', 'generator_13', 'generator_5', 'generator_31', 'generator_13', 'generator_32', 'generator_7', 'generator_33', 'generator_34', 'generator_5', 'generator_36', 'generator_37', 'generator_38', 'generator_39', 'generator_6', 'generator_15', 'generator_4', 'generator_18', 'generator_4', 'generator_40', 'generator_41']
number opened: 0
TRIAL 7
Action chosen: (orange4, blue)
Outcome: False
partcle ids: ['generator_42', 'generator_36', 'generator_43', 'generator_13', 'generator_4', 'generator_46', 'generator_47', 'generator_13', 'generator_13', 'generator_36', 'generator_49', 'generator_37', 'generator_50', 'generator_51', 'generator_52', 'generator_53', 'generator_54', 'generator_55', 'generator_56', 'generator_57', 'generator_58', 'generator_31', 'generator_60', 'generator_17', 'generator_61', 'generator_13', 'generator_63', 'generator_64', 'generator_65', 'generator_36']
number opened: 0
TRIAL 8
Action chosen: (yellow5, pink)
Outcome: False
partcle ids: ['generator_42', 'generator_36', 'generator_43', 'generator_13', 'generator_4', 'generator_46', 'generator_47', 'generator_13', 'generator_13', 'generator_36', 'generator_49', 'generator_37', 'generator_50', 'generator_51', 'generator_52', 'generator_53', 'generator_54', 'generator_55', 'generator_56', 'generator_57', 'generator_58', 'generator_31', 'generator_60', 'generator_17', 'generator_61', 'generator_13', 'generator_63', 'generator_64', 'generator_65', 'generator_36']
number opened: 0
TRIAL 9
Action chosen: (orange4, pink)
Outcome: False
partcle ids: ['generator_42', 'generator_36', 'generator_43', 'generator_13', 'generator_4', 'generator_46', 'generator_47', 'generator_13', 'generator_13', 'generator_36', 'generator_49', 'generator_37', 'generator_50', 'generator_51', 'generator_52', 'generator_53', 'generator_54', 'generator_55', 'generator_56', 'generator_57', 'generator_58', 'generator_31', 'generator_60', 'generator_17', 'generator_61', 'generator_13', 'generator_63', 'generator_64', 'generator_65', 'generator_36']
number opened: 0
TRIAL 10
Action chosen: (blue, red)
Outcome: False
partcle ids: ['generator_67', 'generator_64', 'generator_69', 'generator_52', 'generator_70', 'generator_61', 'generator_71', 'generator_53', 'generator_73', 'generator_74', 'generator_55', 'generator_75', 'generator_76', 'generator_54', 'generator_77', 'generator_52', 'generator_79', 'generator_42', 'generator_80', 'generator_55', 'generator_61', 'generator_55', 'generator_46', 'generator_83', 'generator_55', 'generator_85', 'generator_60', 'generator_86', 'generator_87', 'generator_51']
number opened: 0
TRIAL 11
Action chosen: (white, purple)
Outcome: False
partcle ids: ['generator_67', 'generator_64', 'generator_69', 'generator_52', 'generator_70', 'generator_61', 'generator_71', 'generator_53', 'generator_73', 'generator_74', 'generator_55', 'generator_75', 'generator_76', 'generator_54', 'generator_77', 'generator_52', 'generator_79', 'generator_42', 'generator_80', 'generator_55', 'generator_61', 'generator_55', 'generator_46', 'generator_83', 'generator_55', 'generator_85', 'generator_60', 'generator_86', 'generator_87', 'generator_51']
number opened: 0
TRIAL 12
Action chosen: (blue, pink)
Outcome: False
partcle ids: ['generator_67', 'generator_64', 'generator_69', 'generator_52', 'generator_70', 'generator_61', 'generator_71', 'generator_53', 'generator_73', 'generator_74', 'generator_55', 'generator_75', 'generator_76', 'generator_54', 'generator_77', 'generator_52', 'generator_79', 'generator_42', 'generator_80', 'generator_55', 'generator_61', 'generator_55', 'generator_46', 'generator_83', 'generator_55', 'generator_85', 'generator_60', 'generator_86', 'generator_87', 'generator_51']
number opened: 0
TRIAL 13
Action chosen: (triangle, purple)
Outcome: False
partcle ids: ['generator_89', 'generator_80', 'generator_91', 'generator_55', 'generator_93', 'generator_71', 'generator_51', 'generator_76', 'generator_86', 'generator_97', 'generator_46', 'generator_83', 'generator_73', 'generator_100', 'generator_55', 'generator_60', 'generator_73', 'generator_73', 'generator_103', 'generator_55', 'generator_46', 'generator_105', 'generator_67', 'generator_107', 'generator_67', 'generator_67', 'generator_87', 'generator_110', 'shape_match', 'generator_42']
number opened: 0
TRIAL 14
Action chosen: (heart, white)
Outcome: False
partcle ids: ['generator_89', 'generator_80', 'generator_91', 'generator_55', 'generator_93', 'generator_71', 'generator_51', 'generator_76', 'generator_86', 'generator_97', 'generator_46', 'generator_83', 'generator_73', 'generator_100', 'generator_55', 'generator_60', 'generator_73', 'generator_73', 'generator_103', 'generator_55', 'generator_46', 'generator_105', 'generator_67', 'generator_107', 'generator_67', 'generator_67', 'generator_87', 'generator_110', 'shape_match', 'generator_42']
number opened: 0
TRIAL 15
Action chosen: (purple, purple)
Outcome: False
partcle ids: ['generator_89', 'generator_80', 'generator_91', 'generator_55', 'generator_93', 'generator_71', 'generator_51', 'generator_76', 'generator_86', 'generator_97', 'generator_46', 'generator_83', 'generator_73', 'generator_100', 'generator_55', 'generator_60', 'generator_73', 'generator_73', 'generator_103', 'generator_55', 'generator_46', 'generator_105', 'generator_67', 'generator_107', 'generator_67', 'generator_67', 'generator_87', 'generator_110', 'shape_match', 'generator_42']
number opened: 0
TRIAL 16
Action chosen: (diamond, blue)
Outcome: False
partcle ids: ['generator_80', 'generator_103', 'generator_42', 'generator_83', 'generator_100', 'shape_match', 'generator_113', 'generator_80', 'generator_115', 'generator_83', 'generator_71', 'generator_86', 'generator_119', 'generator_42', 'generator_42', 'generator_83', 'generator_86', 'generator_42', 'generator_97', 'generator_76', 'generator_126', 'generator_127', 'generator_42', 'generator_86', 'generator_86', 'generator_130', 'shape_match', 'generator_132', 'generator_133', 'generator_97']
number opened: 0
TRIAL 17
Action chosen: (heart, purple)
Outcome: False
partcle ids: ['generator_80', 'generator_103', 'generator_42', 'generator_83', 'generator_100', 'shape_match', 'generator_113', 'generator_80', 'generator_115', 'generator_83', 'generator_71', 'generator_86', 'generator_119', 'generator_42', 'generator_42', 'generator_83', 'generator_86', 'generator_42', 'generator_97', 'generator_76', 'generator_126', 'generator_127', 'generator_42', 'generator_86', 'generator_86', 'generator_130', 'shape_match', 'generator_132', 'generator_133', 'generator_97']
number opened: 0
TRIAL 18
Action chosen: (triangle, red)
Outcome: False
partcle ids: ['generator_80', 'generator_103', 'generator_42', 'generator_83', 'generator_100', 'shape_match', 'generator_113', 'generator_80', 'generator_115', 'generator_83', 'generator_71', 'generator_86', 'generator_119', 'generator_42', 'generator_42', 'generator_83', 'generator_86', 'generator_42', 'generator_97', 'generator_76', 'generator_126', 'generator_127', 'generator_42', 'generator_86', 'generator_86', 'generator_130', 'shape_match', 'generator_132', 'generator_133', 'generator_97']
number opened: 0
TRIAL 19
Action chosen: (blue, blue)
Outcome: False
partcle ids: ['generator_130', 'generator_133', 'generator_126', 'generator_80', 'generator_80', 'generator_133', 'generator_71', 'generator_71', 'generator_71', 'generator_115', 'generator_71', 'generator_80', 'generator_119', 'generator_113', 'generator_119', 'generator_119', 'generator_103', 'generator_113', 'generator_146', 'generator_80', 'generator_119', 'generator_80', 'generator_147', 'generator_148', 'generator_42', 'generator_83', 'generator_80', 'generator_83', 'generator_150', 'generator_86']
number opened: 0
TRIAL 20
Action chosen: (heart, pink)
Outcome: False
partcle ids: ['generator_130', 'generator_133', 'generator_126', 'generator_80', 'generator_80', 'generator_133', 'generator_71', 'generator_71', 'generator_71', 'generator_115', 'generator_71', 'generator_80', 'generator_119', 'generator_113', 'generator_119', 'generator_119', 'generator_103', 'generator_113', 'generator_146', 'generator_80', 'generator_119', 'generator_80', 'generator_147', 'generator_148', 'generator_42', 'generator_83', 'generator_80', 'generator_83', 'generator_150', 'generator_86']
number opened: 0
TRIAL 21
Action chosen: (diamond, pink)
Outcome: False
partcle ids: ['generator_130', 'generator_151', 'generator_126', 'generator_152', 'generator_153', 'generator_86', 'generator_155', 'generator_113', 'generator_103', 'generator_126', 'generator_126', 'generator_115', 'generator_159', 'generator_160', 'generator_161', 'generator_150', 'generator_113', 'generator_162', 'generator_148', 'generator_86', 'generator_80', 'generator_113', 'generator_119', 'generator_167', 'generator_113', 'generator_126', 'generator_170', 'generator_171', 'generator_113', 'generator_172']
number opened: 0
TRIAL 22
Action chosen: (cloud, purple)
Outcome: False
partcle ids: ['generator_130', 'generator_151', 'generator_126', 'generator_152', 'generator_153', 'generator_86', 'generator_155', 'generator_113', 'generator_103', 'generator_126', 'generator_126', 'generator_115', 'generator_159', 'generator_160', 'generator_161', 'generator_150', 'generator_113', 'generator_162', 'generator_148', 'generator_86', 'generator_80', 'generator_113', 'generator_119', 'generator_167', 'generator_113', 'generator_126', 'generator_170', 'generator_171', 'generator_113', 'generator_172']
number opened: 0
TRIAL 23
Action chosen: (white, pink)
Outcome: False
partcle ids: ['generator_130', 'generator_151', 'generator_126', 'generator_152', 'generator_153', 'generator_86', 'generator_155', 'generator_113', 'generator_103', 'generator_126', 'generator_126', 'generator_115', 'generator_159', 'generator_160', 'generator_161', 'generator_150', 'generator_113', 'generator_162', 'generator_148', 'generator_86', 'generator_80', 'generator_113', 'generator_119', 'generator_167', 'generator_113', 'generator_126', 'generator_170', 'generator_171', 'generator_113', 'generator_172']
number opened: 0
TRIAL 24
Action chosen: (diamond, purple)
Outcome: False
partcle ids: ['generator_130', 'generator_151', 'generator_126', 'generator_152', 'generator_153', 'generator_86', 'generator_155', 'generator_113', 'generator_103', 'generator_126', 'generator_126', 'generator_115', 'generator_159', 'generator_160', 'generator_161', 'generator_150', 'generator_113', 'generator_162', 'generator_148', 'generator_86', 'generator_80', 'generator_113', 'generator_119', 'generator_167', 'generator_113', 'generator_126', 'generator_170', 'generator_171', 'generator_113', 'generator_172']
number opened: 0
TRIAL 25
Action chosen: (grey2, purple)
Outcome: False
partcle ids: ['generator_173', 'generator_151', 'generator_155', 'generator_155', 'generator_155', 'generator_153', 'order_match', 'generator_177', 'generator_172', 'generator_115', 'generator_178', 'generator_155', 'generator_180', 'generator_181', 'generator_182', 'generator_155', 'generator_184', 'order_match', 'generator_185', 'generator_186', 'generator_187', 'generator_188', 'generator_155', 'generator_161', 'generator_190', 'generator_151', 'generator_171', 'generator_191', 'generator_153', 'generator_155']
number opened: 0
TRIAL 26
Action chosen: (green3, purple)
Outcome: True
partcle ids: ['generator_155', 'generator_192', 'generator_193', 'generator_155', 'generator_185', 'generator_155', 'generator_197', 'generator_155', 'generator_155', 'generator_155', 'generator_155', 'generator_202', 'generator_155', 'generator_204', 'generator_205', 'generator_155', 'generator_155', 'generator_155', 'generator_209', 'generator_151', 'generator_211', 'generator_212', 'generator_155', 'generator_155', 'generator_155', 'generator_155', 'generator_217', 'generator_155', 'generator_155', 'generator_220']
number opened: 1
TRIAL 27
Action chosen: (pink, red)
Outcome: False
partcle ids: ['generator_155', 'generator_192', 'generator_193', 'generator_155', 'generator_185', 'generator_155', 'generator_197', 'generator_155', 'generator_155', 'generator_155', 'generator_155', 'generator_202', 'generator_155', 'generator_204', 'generator_205', 'generator_155', 'generator_155', 'generator_155', 'generator_209', 'generator_151', 'generator_211', 'generator_212', 'generator_155', 'generator_155', 'generator_155', 'generator_155', 'generator_217', 'generator_155', 'generator_155', 'generator_220']
number opened: 1
TRIAL 28
Action chosen: (orange4, red)
Outcome: False
partcle ids: ['generator_221', 'generator_220', 'generator_212', 'generator_224', 'generator_211', 'generator_226', 'generator_227', 'generator_205', 'generator_193', 'generator_212', 'generator_230', 'generator_205', 'generator_232', 'generator_233', 'generator_234', 'generator_235', 'generator_236', 'generator_155', 'generator_209', 'generator_155', 'generator_240', 'generator_185', 'generator_205', 'generator_212', 'generator_244', 'generator_212', 'generator_193', 'generator_220', 'generator_220', 'generator_249']
number opened: 1
TRIAL 29
Action chosen: (purple, pink)
Outcome: False
partcle ids: ['generator_221', 'generator_220', 'generator_212', 'generator_224', 'generator_211', 'generator_226', 'generator_227', 'generator_205', 'generator_193', 'generator_212', 'generator_230', 'generator_205', 'generator_232', 'generator_233', 'generator_234', 'generator_235', 'generator_236', 'generator_155', 'generator_209', 'generator_155', 'generator_240', 'generator_185', 'generator_205', 'generator_212', 'generator_244', 'generator_212', 'generator_193', 'generator_220', 'generator_220', 'generator_249']
number opened: 1
TRIAL 30
Action chosen: (orange4, white)
Outcome: True
partcle ids: ['generator_212', 'generator_251', 'generator_212', 'generator_212', 'generator_220', 'generator_212', 'generator_212', 'generator_220', 'generator_258', 'generator_212', 'generator_220', 'generator_261', 'generator_262', 'generator_263', 'generator_264', 'generator_265', 'generator_266', 'generator_267', 'generator_268', 'generator_212', 'generator_270', 'generator_212', 'generator_272', 'generator_273', 'generator_212', 'generator_212', 'generator_212', 'generator_212', 'generator_278', 'generator_279']
number opened: 2
TRIAL 31
Action chosen: (red, pink)
Outcome: False
partcle ids: ['generator_212', 'generator_251', 'generator_212', 'generator_212', 'generator_220', 'generator_212', 'generator_212', 'generator_220', 'generator_258', 'generator_212', 'generator_220', 'generator_261', 'generator_262', 'generator_263', 'generator_264', 'generator_265', 'generator_266', 'generator_267', 'generator_268', 'generator_212', 'generator_270', 'generator_212', 'generator_272', 'generator_273', 'generator_212', 'generator_212', 'generator_212', 'generator_212', 'generator_278', 'generator_279']
number opened: 2
TRIAL 32
Action chosen: (diamond, red)
Outcome: False
partcle ids: ['generator_212', 'generator_273', 'generator_266', 'generator_264', 'generator_284', 'generator_267', 'generator_265', 'generator_287', 'generator_288', 'generator_288', 'generator_264', 'generator_290', 'generator_291', 'generator_279', 'generator_212', 'generator_273', 'generator_295', 'generator_296', 'generator_276', 'generator_297', 'generator_265', 'generator_270', 'number_match', 'generator_300', 'generator_301', 'generator_302', 'generator_279', 'generator_304', 'generator_305', 'generator_279']
number opened: 2
TRIAL 33
Action chosen: (grey2, pink)
Outcome: True
partcle ids: ['generator_307', 'generator_308', 'generator_279', 'number_match', 'generator_305', 'generator_279', 'generator_273', 'generator_312', 'generator_279', 'generator_314', 'generator_273', 'generator_305', 'generator_279', 'generator_317', 'generator_317', 'generator_318', 'generator_319', 'generator_320', 'generator_290', 'generator_312', 'generator_279', 'generator_273', 'generator_273', 'generator_305', 'generator_273', 'generator_319', 'generator_325', 'generator_308', 'generator_326', 'generator_273']
number opened: 3
TRIAL 34
Action chosen: (yellow5, blue)
Outcome: True
partcle ids: ['generator_319', 'generator_279', 'generator_319', 'generator_328', 'generator_328', 'generator_279', 'generator_329', 'generator_279', 'generator_319', 'generator_331', 'generator_330', 'generator_279', 'generator_328', 'generator_279', 'generator_319', 'generator_328', 'generator_319', 'generator_328', 'generator_319', 'number_match', 'generator_279', 'generator_279', 'generator_279', 'generator_279', 'generator_279', 'generator_279', 'generator_329', 'generator_329', 'generator_279', 'generator_319']
number opened: 4
TRIAL 35
Action chosen: (cloud, red)
Outcome: False
partcle ids: ['generator_319', 'generator_279', 'generator_319', 'generator_328', 'generator_328', 'generator_279', 'generator_329', 'generator_279', 'generator_319', 'generator_331', 'generator_330', 'generator_279', 'generator_328', 'generator_279', 'generator_319', 'generator_328', 'generator_319', 'generator_328', 'generator_319', 'number_match', 'generator_279', 'generator_279', 'generator_279', 'generator_279', 'generator_279', 'generator_279', 'generator_329', 'generator_329', 'generator_279', 'generator_319']
number opened: 4
TRIAL 36
Action chosen: (purple, red)
Outcome: False
partcle ids: ['number_match', 'generator_328', 'generator_328', 'generator_328', 'generator_328', 'generator_330', 'generator_328', 'generator_332', 'generator_328', 'generator_328', 'generator_328', 'number_match', 'generator_319', 'generator_328', 'number_match', 'generator_333', 'number_match', 'generator_332', 'generator_332', 'generator_328', 'generator_328', 'generator_328', 'generator_332', 'generator_279', 'generator_329', 'generator_328', 'generator_328', 'generator_328', 'generator_328', 'generator_329']
number opened: 4
TRIAL 37
Action chosen: (white, red)
Outcome: False
partcle ids: ['number_match', 'generator_328', 'generator_328', 'generator_328', 'generator_328', 'generator_330', 'generator_328', 'generator_332', 'generator_328', 'generator_328', 'generator_328', 'number_match', 'generator_319', 'generator_328', 'number_match', 'generator_333', 'number_match', 'generator_332', 'generator_332', 'generator_328', 'generator_328', 'generator_328', 'generator_332', 'generator_279', 'generator_329', 'generator_328', 'generator_328', 'generator_328', 'generator_328', 'generator_329']
number opened: 4
TRIAL 38
Action chosen: (red, red)
Outcome: True
partcle ids: ['number_match', 'number_match', 'number_match', 'number_match', 'number_match', 'number_match', 'number_match', 'number_match', 'number_match', 'number_match', 'number_match', 'number_match', 'number_match', 'number_match', 'number_match', 'number_match', 'number_match', 'number_match', 'number_match', 'number_match', 'number_match', 'number_match', 'number_match', 'number_match', 'number_match', 'number_match', 'number_match', 'number_match', 'number_match', 'number_match']
number opened: 5
{"attempts": 38, "unique_key_box_pairs": 38, "revisit_attempts": 0, "revisit_rate": 0.0, "attempts_before_abandoning_color_matching": 1, "color_matching_abandoned": true}
