{"Child_ID": "D048", "SoC_variant": "SoC-Gen", "theta": [19, 1], "p_gen": 0.7, "true_prior": 0.02, "run_number": 40, "seed": 3453314152541979070}
TRIAL 1
Action chosen: (purple, purple)
Outcome: False
partcle ids: ['generator_1', 'generator_2', 'generator_3', 'generator_4', 'generator_5', 'similar_color_13', 'similar_color_7', 'similar_color_3', 'similar_color_8', 'generator_6', 'generator_7', 'generator_8', 'generator_9', 'generator_10', 'generator_11', 'generator_12', 'generator_13', 'generator_14', 'order_match', 'generator_15', 'generator_16', 'similar_color_13', 'generator_17', 'generator_18', 'similar_color_13', 'generator_19', 'generator_20', 'generator_21', 'color_match', 'generator_22']
number opened: 0
TRIAL 2
Action chosen: (orange4, purple)
Outcome: False
partcle ids: ['generator_1', 'generator_2', 'generator_3', 'generator_4', 'generator_5', 'similar_color_13', 'similar_color_7', 'similar_color_3', 'similar_color_8', 'generator_6', 'generator_7', 'generator_8', 'generator_9', 'generator_10', 'generator_11', 'generator_12', 'generator_13', 'generator_14', 'order_match', 'generator_15', 'generator_16', 'similar_color_13', 'generator_17', 'generator_18', 'similar_color_13', 'generator_19', 'generator_20', 'generator_21', 'color_match', 'generator_22']
number opened: 0
TRIAL 3
Action chosen: (green3, pink)
Outcome: False
partcle ids: ['generator_23', 'generator_24', 'generator_25', 'generator_26', 'generator_27', 'generator_28', 'generator_29', 'generator_12', 'generator_22', 'generator_30', 'generator_31', 'generator_9', 'generator_10', 'generator_33', 'generator_34', 'generator_35', 'generator_12', 'generator_36', 'generator_10', 'generator_37', 'generator_8', 'generator_10', 'generator_38', 'generator_39', 'generator_40', 'generator_4', 'generator_42', 'generator_12', 'generator_43', 'generator_44']
number opened: 0
TRIAL 4
Action chosen: (yellow5, purple)
Outcome: False
partcle ids: ['generator_23', 'generator_24', 'generator_25', 'generator_26', 'generator_27', 'generator_28', 'generator_29', 'generator_12', 'generator_22', 'generator_30', 'generator_31', 'generator_9', 'generator_10', 'generator_33', 'generator_34', 'generator_35', 'generator_12', 'generator_36', 'generator_10', 'generator_37', 'generator_8', 'generator_10', 'generator_38', 'generator_39', 'generator_40', 'generator_4', 'generator_42', 'generator_12', 'generator_43', 'generator_44']
number opened: 0
TRIAL 5
Action chosen: (heart, white)
Outcome: False
partcle ids: ['generator_23', 'generator_24', 'generator_25', 'generator_26', 'generator_27', 'generator_28', 'generator_29', 'generator_12', 'generator_22', 'generator_30', 'generator_31', 'generator_9', 'generator_10', 'generator_33', 'generator_34', 'generator_35', 'generator_12', 'generator_36', 'generator_10', 'generator_37', 'generator_8', 'generator_10', 'generator_38', 'generator_39', 'generator_40', 'generator_4', 'generator_42', 'generator_12', 'generator_43', 'generator_44']
number opened: 0
TRIAL 6
Action chosen: (white, pink)
Outcome: False
partcle ids: ['generator_25', 'generator_46', 'generator_27', 'generator_39', 'generator_49', 'generator_50', 'generator_51', 'generator_4', 'generator_53', 'generator_37', 'generator_9', 'generator_37', 'generator_56', 'generator_57', 'generator_58', 'generator_30', 'generator_4', 'generator_37', 'generator_42', 'generator_60', 'generator_30', 'generator_29', 'generator_42', 'generator_62', 'generator_63', 'generator_64', 'generator_65', 'generator_66', 'generator_67', 'generator_27']
number opened: 0
TRIAL 7
Action chosen: (triangle, purple)
Outcome: False
partcle ids: ['generator_25', 'generator_46', 'generator_27', 'generator_39', 'generator_49', 'generator_50', 'generator_51', 'generator_4', 'generator_53', 'generator_37', 'generator_9', 'generator_37', 'generator_56', 'generator_57', 'generator_58', 'generator_30', 'generator_4', 'generator_37', 'generator_42', 'generator_60', 'generator_30', 'generator_29', 'generator_42', 'generator_62', 'generator_63', 'generator_64', 'generator_65', 'generator_66', 'generator_67', 'generator_27']
number opened: 0
TRIAL 8
Action chosen: (purple, pink)
Outcome: False
partcle ids: ['generator_25', 'generator_46', 'generator_27', 'generator_39', 'generator_49', 'generator_50', 'generator_51', 'generator_4', 'generator_53', 'generator_37', 'generator_9', 'generator_37', 'generator_56', 'generator_57', 'generator_58', 'generator_30', 'generator_4', 'generator_37', 'generator_42', 'generator_60', 'generator_30', 'generator_29', 'generator_42', 'generator_62', 'generator_63', 'generator_64', 'generator_65', 'generator_66', 'generator_67', 'generator_27']
number opened: 0
TRIAL 9
Action chosen: (grey2, blue)
Outcome: False
partcle ids: ['generator_56', 'generator_64', 'generator_64', 'generator_30', 'generator_27', 'generator_27', 'generator_65', 'generator_57', 'generator_46', 'generator_29', 'generator_76', 'generator_27', 'generator_25', 'generator_64', 'generator_29', 'generator_57', 'generator_82', 'generator_27', 'generator_25', 'generator_29', 'generator_25', 'generator_86', 'generator_87', 'generator_88', 'generator_89', 'generator_57', 'generator_46', 'generator_29', 'generator_91', 'generator_92']
number opened: 0
TRIAL 10
Action chosen: (grey2, pink)
Outcome: True
partcle ids: ['generator_64', 'generator_94', 'generator_27', 'generator_96', 'generator_27', 'generator_98', 'generator_27', 'generator_100', 'generator_101', 'generator_102', 'generator_64', 'generator_64', 'generator_105', 'generator_106', 'generator_107', 'generator_108', 'generator_109', 'generator_110', 'generator_27', 'generator_111', 'generator_27', 'generator_113', 'generator_114', 'generator_64', 'generator_27', 'generator_117', 'generator_118', 'generator_119', 'generator_120', 'generator_88']
number opened: 1
TRIAL 11
Action chosen: (heart, blue)
Outcome: False
partcle ids: ['generator_64', 'generator_94', 'generator_27', 'generator_96', 'generator_27', 'generator_98', 'generator_27', 'generator_100', 'generator_101', 'generator_102', 'generator_64', 'generator_64', 'generator_105', 'generator_106', 'generator_107', 'generator_108', 'generator_109', 'generator_110', 'generator_27', 'generator_111', 'generator_27', 'generator_113', 'generator_114', 'generator_64', 'generator_27', 'generator_117', 'generator_118', 'generator_119', 'generator_120', 'generator_88']
number opened: 1
TRIAL 12
Action chosen: (triangle, blue)
Outcome: False
partcle ids: ['generator_122', 'generator_123', 'generator_124', 'generator_88', 'generator_126', 'generator_64', 'generator_128', 'generator_94', 'generator_101', 'generator_130', 'generator_120', 'generator_88', 'generator_133', 'generator_88', 'generator_109', 'generator_135', 'generator_100', 'generator_120', 'generator_138', 'generator_109', 'generator_140', 'generator_120', 'generator_142', 'generator_98', 'generator_113', 'generator_145', 'generator_100', 'generator_113', 'generator_106', 'generator_88']
number opened: 1
TRIAL 13
Action chosen: (cloud, purple)
Outcome: False
partcle ids: ['generator_122', 'generator_123', 'generator_124', 'generator_88', 'generator_126', 'generator_64', 'generator_128', 'generator_94', 'generator_101', 'generator_130', 'generator_120', 'generator_88', 'generator_133', 'generator_88', 'generator_109', 'generator_135', 'generator_100', 'generator_120', 'generator_138', 'generator_109', 'generator_140', 'generator_120', 'generator_142', 'generator_98', 'generator_113', 'generator_145', 'generator_100', 'generator_113', 'generator_106', 'generator_88']
number opened: 1
TRIAL 14
Action chosen: (diamond, blue)
Outcome: False
partcle ids: ['generator_122', 'generator_123', 'generator_124', 'generator_88', 'generator_126', 'generator_64', 'generator_128', 'generator_94', 'generator_101', 'generator_130', 'generator_120', 'generator_88', 'generator_133', 'generator_88', 'generator_109', 'generator_135', 'generator_100', 'generator_120', 'generator_138', 'generator_109', 'generator_140', 'generator_120', 'generator_142', 'generator_98', 'generator_113', 'generator_145', 'generator_100', 'generator_113', 'generator_106', 'generator_88']
number opened: 1
TRIAL 15
Action chosen: (orange4, red)
Outcome: False
partcle ids: ['generator_150', 'generator_151', 'generator_98', 'generator_98', 'generator_64', 'generator_154', 'generator_155', 'generator_128', 'generator_145', 'generator_157', 'generator_133', 'generator_158', 'generator_101', 'generator_160', 'generator_128', 'generator_126', 'generator_162', 'generator_128', 'generator_164', 'generator_145', 'generator_166', 'generator_98', 'generator_168', 'generator_169', 'generator_170', 'generator_140', 'generator_130', 'generator_145', 'generator_174', 'generator_175']
number opened: 1
TRIAL 16
Action chosen: (green3, red)
Outcome: False
partcle ids: ['generator_150', 'generator_151', 'generator_98', 'generator_98', 'generator_64', 'generator_154', 'generator_155', 'generator_128', 'generator_145', 'generator_157', 'generator_133', 'generator_158', 'generator_101', 'generator_160', 'generator_128', 'generator_126', 'generator_162', 'generator_128', 'generator_164', 'generator_145', 'generator_166', 'generator_98', 'generator_168', 'generator_169', 'generator_170', 'generator_140', 'generator_130', 'generator_145', 'generator_174', 'generator_175']
number opened: 1
TRIAL 17
Action chosen: (purple, red)
Outcome: False
partcle ids: ['generator_150', 'generator_151', 'generator_98', 'generator_98', 'generator_64', 'generator_154', 'generator_155', 'generator_128', 'generator_145', 'generator_157', 'generator_133', 'generator_158', 'generator_101', 'generator_160', 'generator_128', 'generator_126', 'generator_162', 'generator_128', 'generator_164', 'generator_145', 'generator_166', 'generator_98', 'generator_168', 'generator_169', 'generator_170', 'generator_140', 'generator_130', 'generator_145', 'generator_174', 'generator_175']
number opened: 1
TRIAL 18
Action chosen: (pink, purple)
Outcome: False
partcle ids: ['generator_101', 'generator_154', 'generator_178', 'generator_168', 'generator_175', 'generator_181', 'generator_182', 'generator_183', 'generator_155', 'generator_155', 'generator_168', 'generator_175', 'generator_187', 'generator_160', 'generator_189', 'generator_160', 'generator_160', 'generator_170', 'generator_191', 'generator_154', 'generator_155', 'generator_154', 'generator_101', 'generator_196', 'generator_160', 'generator_154', 'generator_199', 'generator_140', 'generator_140', 'generator_101']
number opened: 1
TRIAL 19
Action chosen: (heart, red)
Outcome: False
partcle ids: ['generator_101', 'generator_154', 'generator_178', 'generator_168', 'generator_175', 'generator_181', 'generator_182', 'generator_183', 'generator_155', 'generator_155', 'generator_168', 'generator_175', 'generator_187', 'generator_160', 'generator_189', 'generator_160', 'generator_160', 'generator_170', 'generator_191', 'generator_154', 'generator_155', 'generator_154', 'generator_101', 'generator_196', 'generator_160', 'generator_154', 'generator_199', 'generator_140', 'generator_140', 'generator_101']
number opened: 1
TRIAL 20
Action chosen: (triangle, red)
Outcome: False
partcle ids: ['generator_101', 'generator_154', 'generator_178', 'generator_168', 'generator_175', 'generator_181', 'generator_182', 'generator_183', 'generator_155', 'generator_155', 'generator_168', 'generator_175', 'generator_187', 'generator_160', 'generator_189', 'generator_160', 'generator_160', 'generator_170', 'generator_191', 'generator_154', 'generator_155', 'generator_154', 'generator_101', 'generator_196', 'generator_160', 'generator_154', 'generator_199', 'generator_140', 'generator_140', 'generator_101']
number opened: 1
TRIAL 21
Action chosen: (cloud, blue)
Outcome: False
partcle ids: ['generator_202', 'generator_203', 'generator_191', 'generator_205', 'generator_206', 'generator_182', 'generator_208', 'generator_209', 'generator_210', 'generator_191', 'generator_181', 'generator_181', 'generator_213', 'generator_189', 'generator_182', 'generator_216', 'generator_187', 'generator_170', 'generator_189', 'generator_187', 'generator_221', 'generator_101', 'generator_101', 'generator_189', 'generator_189', 'generator_225', 'generator_226', 'generator_227', 'generator_228', 'generator_101']
number opened: 1
TRIAL 22
Action chosen: (orange4, white)
Outcome: True
partcle ids: ['generator_209', 'generator_231', 'generator_232', 'generator_209', 'generator_234', 'generator_191', 'generator_236', 'generator_237', 'generator_202', 'generator_189', 'generator_189', 'generator_216', 'generator_189', 'generator_243', 'generator_189', 'generator_216', 'generator_189', 'generator_189', 'generator_189', 'generator_191', 'generator_191', 'generator_250', 'generator_251', 'generator_209', 'generator_189', 'generator_189', 'generator_189', 'generator_209', 'generator_202', 'generator_202']
number opened: 2
TRIAL 23
Action chosen: (yellow5, blue)
Outcome: True
partcle ids: ['generator_258', 'generator_259', 'generator_189', 'generator_189', 'generator_189', 'generator_189', 'generator_189', 'generator_265', 'generator_189', 'generator_216', 'generator_189', 'generator_189', 'generator_270', 'generator_216', 'generator_265', 'generator_189', 'generator_216', 'generator_189', 'generator_216', 'generator_189', 'generator_216', 'generator_189', 'generator_252', 'generator_259', 'generator_189', 'generator_216', 'generator_277', 'generator_189', 'generator_216', 'generator_189']
number opened: 3
TRIAL 24
Action chosen: (blue, red)
Outcome: False
partcle ids: ['generator_258', 'generator_259', 'generator_189', 'generator_189', 'generator_189', 'generator_189', 'generator_189', 'generator_265', 'generator_189', 'generator_216', 'generator_189', 'generator_189', 'generator_270', 'generator_216', 'generator_265', 'generator_189', 'generator_216', 'generator_189', 'generator_216', 'generator_189', 'generator_216', 'generator_189', 'generator_252', 'generator_259', 'generator_189', 'generator_216', 'generator_277', 'generator_189', 'generator_216', 'generator_189']
number opened: 3
TRIAL 25
Action chosen: (green3, purple)
Outcome: True
partcle ids: ['generator_216', 'generator_216', 'generator_216', 'number_match', 'number_match', 'generator_216', 'generator_216', 'generator_216', 'generator_216', 'number_match', 'generator_216', 'generator_282', 'generator_216', 'generator_216', 'number_match', 'generator_216', 'generator_283', 'generator_216', 'generator_216', 'number_match', 'generator_216', 'generator_216', 'generator_216', 'generator_216', 'generator_216', 'generator_284', 'generator_216', 'generator_284', 'generator_216', 'generator_216']
number opened: 4
TRIAL 26
Action chosen: (white, red)
Outcome: False
partcle ids: ['generator_282', 'generator_284', 'number_match', 'generator_284', 'generator_285', 'generator_282', 'generator_283', 'generator_284', 'number_match', 'generator_283', 'number_match', 'generator_280', 'generator_216', 'number_match', 'number_match', 'number_match', 'generator_283', 'generator_284', 'number_match', 'generator_281', 'generator_282', 'generator_284', 'generator_282', 'generator_282', 'number_match', 'generator_284', 'generator_284', 'generator_282', 'generator_284', 'generator_216']
number opened: 4
TRIAL 27
Action chosen: (red, red)
Outcome: True
partcle ids: ['number_match', 'number_match', 'number_match', 'number_match', 'number_match', 'number_match', 'number_match', 'number_match', 'number_match', 'number_match', 'number_match', 'number_match', 'number_match', 'number_match', 'number_match', 'number_match', 'number_match', 'number_match', 'number_match', 'number_match', 'number_match', 'number_match', 'number_match', 'number_match', 'number_match', 'number_match', 'number_match', 'number_match', 'number_match', 'number_match']
number opened: 5
{"attempts": 27, "unique_key_box_pairs": 27, "revisit_attempts": 0, "revisit_rate": 0.0, "attempts_before_abandoning_color_matching": 1, "color_matching_abandoned": true}
