{"Child_ID": "D060", "SoC_variant": "SoC-Full", "theta": [9, 1], "p_gen": 0.7, "true_prior": 0.02, "run_number": 94, "seed": 2983269243455186657}
TRIAL 1
Action chosen: (red, red)
Outcome: True
partcle ids: ['generator_22', 'generator_23', 'similar_color_2', 'generator_24', 'similar_color_5', 'generator_25', 'generator_26', 'color_match', 'generator_27', 'generator_28', 'generator_29', 'generator_30', 'generator_31', 'generator_32', 'generator_33', 'generator_34', 'similar_color_13', 'generator_35', 'generator_36', 'similar_color_6', 'generator_37', 'generator_38', 'order_match', 'generator_39', 'similar_color_5', 'generator_40', 'number_match', 'generator_41', 'generator_42', 'similar_color_2']
number opened: 1
TRIAL 2
Action chosen: (pink, pink)
Outcome: False
partcle ids: ['generator_22', 'generator_23', 'similar_color_2', 'generator_24', 'similar_color_5', 'generator_25', 'generator_26', 'color_match', 'generator_27', 'generator_28', 'generator_29', 'generator_30', 'generator_31', 'generator_32', 'generator_33', 'generator_34', 'similar_color_13', 'generator_35', 'generator_36', 'similar_color_6', 'generator_37', 'generator_38', 'order_match', 'generator_39', 'similar_color_5', 'generator_40', 'number_match', 'generator_41', 'generator_42', 'similar_color_2']
number opened: 1
TRIAL 3
Action chosen: (purple, white)
Outcome: False
partcle ids: ['generator_22', 'generator_23', 'similar_color_2', 'generator_24', 'similar_color_5', 'generator_25', 'generator_26', 'color_match', 'generator_27', 'generator_28', 'generator_29', 'generator_30', 'generator_31', 'generator_32', 'generator_33', 'generator_34', 'similar_color_13', 'generator_35', 'generator_36', 'similar_color_6', 'generator_37', 'generator_38', 'order_match', 'generator_39', 'similar_color_5', 'generator_40', 'number_match', 'generator_41', 'generator_42', 'similar_color_2']
number opened: 1
TRIAL 4
Action chosen: (grey2, pink)
Outcome: True
partcle ids: ['generator_43', 'generator_44', 'generator_45', 'generator_28', 'generator_47', 'generator_48', 'generator_49', 'order_match', 'generator_50', 'generator_51', 'generator_52', 'generator_53', 'generator_54', 'generator_41', 'generator_56', 'generator_57', 'generator_58', 'generator_59', 'generator_60', 'generator_61', 'generator_62', 'generator_63', 'generator_64', 'generator_65', 'generator_66', 'generator_67', 'generator_68', 'generator_69', 'generator_65', 'generator_70']
number opened: 2
TRIAL 5
Action chosen: (yellow5, blue)
Outcome: True
partcle ids: ['generator_71', 'generator_72', 'generator_73', 'generator_74', 'generator_64', 'generator_64', 'generator_76', 'generator_77', 'generator_78', 'generator_79', 'generator_80', 'generator_81', 'generator_81', 'generator_82', 'generator_64', 'generator_83', 'generator_84', 'generator_85', 'generator_86', 'generator_87', 'generator_88', 'generator_89', 'generator_86', 'generator_90', 'generator_91', 'generator_92', 'generator_93', 'generator_94', 'generator_95', 'generator_96']
number opened: 3
TRIAL 6
Action chosen: (pink, purple)
Outcome: False
partcle ids: ['generator_71', 'generator_72', 'generator_73', 'generator_74', 'generator_64', 'generator_64', 'generator_76', 'generator_77', 'generator_78', 'generator_79', 'generator_80', 'generator_81', 'generator_81', 'generator_82', 'generator_64', 'generator_83', 'generator_84', 'generator_85', 'generator_86', 'generator_87', 'generator_88', 'generator_89', 'generator_86', 'generator_90', 'generator_91', 'generator_92', 'generator_93', 'generator_94', 'generator_95', 'generator_96']
number opened: 3
TRIAL 7
Action chosen: (cloud, white)
Outcome: False
partcle ids: ['generator_71', 'generator_72', 'generator_73', 'generator_74', 'generator_64', 'generator_64', 'generator_76', 'generator_77', 'generator_78', 'generator_79', 'generator_80', 'generator_81', 'generator_81', 'generator_82', 'generator_64', 'generator_83', 'generator_84', 'generator_85', 'generator_86', 'generator_87', 'generator_88', 'generator_89', 'generator_86', 'generator_90', 'generator_91', 'generator_92', 'generator_93', 'generator_94', 'generator_95', 'generator_96']
number opened: 3
TRIAL 8
Action chosen: (triangle, purple)
Outcome: False
partcle ids: ['generator_71', 'generator_72', 'generator_73', 'generator_74', 'generator_64', 'generator_64', 'generator_76', 'generator_77', 'generator_78', 'generator_79', 'generator_80', 'generator_81', 'generator_81', 'generator_82', 'generator_64', 'generator_83', 'generator_84', 'generator_85', 'generator_86', 'generator_87', 'generator_88', 'generator_89', 'generator_86', 'generator_90', 'generator_91', 'generator_92', 'generator_93', 'generator_94', 'generator_95', 'generator_96']
number opened: 3
TRIAL 9
Action chosen: (orange4, white)
Outcome: True
partcle ids: ['generator_97', 'generator_86', 'number_match', 'generator_86', 'generator_72', 'generator_98', 'generator_98', 'generator_99', 'generator_97', 'generator_99', 'generator_98', 'generator_86', 'generator_92', 'number_match', 'generator_99', 'generator_98', 'number_match', 'generator_99', 'generator_86', 'generator_92', 'number_match', 'generator_97', 'generator_86', 'generator_86', 'generator_97', 'generator_92', 'generator_92', 'generator_97', 'number_match', 'generator_98']
number opened: 4
TRIAL 10
Action chosen: (cloud, purple)
Outcome: False
partcle ids: ['generator_97', 'generator_86', 'number_match', 'generator_86', 'generator_72', 'generator_98', 'generator_98', 'generator_99', 'generator_97', 'generator_99', 'generator_98', 'generator_86', 'generator_92', 'number_match', 'generator_99', 'generator_98', 'number_match', 'generator_99', 'generator_86', 'generator_92', 'number_match', 'generator_97', 'generator_86', 'generator_86', 'generator_97', 'generator_92', 'generator_92', 'generator_97', 'number_match', 'generator_98']
number opened: 4
TRIAL 11
Action chosen: (heart, purple)
Outcome: False
partcle ids: ['generator_97', 'generator_86', 'number_match', 'generator_86', 'generator_72', 'generator_98', 'generator_98', 'generator_99', 'generator_97', 'generator_99', 'generator_98', 'generator_86', 'generator_92', 'number_match', 'generator_99', 'generator_98', 'number_match', 'generator_99', 'generator_86', 'generator_92', 'number_match', 'generator_97', 'generator_86', 'generator_86', 'generator_97', 'generator_92', 'generator_92', 'generator_97', 'number_match', 'generator_98']
number opened: 4
TRIAL 12
Action chosen: (green3, purple)
Outcome: True
partcle ids: ['number_match', 'number_match', 'number_match', 'number_match', 'number_match', 'number_match', 'number_match', 'number_match', 'number_match', 'number_match', 'number_match', 'number_match', 'number_match', 'number_match', 'number_match', 'number_match', 'number_match', 'number_match', 'number_match', 'number_match', 'number_match', 'number_match', 'number_match', 'number_match', 'number_match', 'number_match', 'number_match', 'number_match', 'number_match', 'number_match']
number opened: 5
{"attempts": 12, "unique_key_box_pairs": 12, "revisit_attempts": 0, "revisit_rate": 0.0, "attempts_before_abandoning_color_matching": 2, "color_matching_abandoned": true}
