{"Child_ID": "D060", "SoC_variant": "SoC-Full", "theta": [9, 1], "p_gen": 0.7, "true_prior": 0.02, "run_number": 87, "seed": 8241959714554005415}
TRIAL 1
Action chosen: (red, red)
Outcome: True
partcle ids: ['generator_22', 'similar_color_4', 'generator_23', 'similar_color_13', 'similar_color_14', 'generator_24', 'similar_color_3', 'generator_25', 'generator_26', 'similar_color_4', 'similar_color_11', 'similar_color_5', 'generator_27', 'generator_28', 'generator_29', 'similar_color_12', 'similar_color_4', 'generator_12', 'similar_color_1', 'similar_color_3', 'number_match', 'generator_30', 'generator_31', 'generator_32', 'generator_33', 'generator_34', 'similar_color_3', 'generator_35', 'generator_36', 'generator_37']
number opened: 1
TRIAL 2
Action chosen: (pink, pink)
Outcome: False
partcle ids: ['generator_22', 'similar_color_4', 'generator_23', 'similar_color_13', 'similar_color_14', 'generator_24', 'similar_color_3', 'generator_25', 'generator_26', 'similar_color_4', 'similar_color_11', 'similar_color_5', 'generator_27', 'generator_28', 'generator_29', 'similar_color_12', 'similar_color_4', 'generator_12', 'similar_color_1', 'similar_color_3', 'number_match', 'generator_30', 'generator_31', 'generator_32', 'generator_33', 'generator_34', 'similar_color_3', 'generator_35', 'generator_36', 'generator_37']
number opened: 1
TRIAL 3
Action chosen: (grey2, pink)
Outcome: True
partcle ids: ['generator_38', 'generator_39', 'generator_40', 'generator_41', 'generator_42', 'generator_43', 'generator_44', 'generator_45', 'generator_46', 'generator_47', 'generator_48', 'generator_49', 'generator_50', 'generator_51', 'generator_52', 'generator_53', 'generator_54', 'generator_55', 'generator_56', 'generator_57', 'generator_58', 'generator_59', 'generator_60', 'generator_61', 'generator_62', 'generator_63', 'generator_64', 'generator_65', 'generator_66', 'generator_67']
number opened: 2
TRIAL 4
Action chosen: (yellow5, white)
Outcome: False
partcle ids: ['generator_38', 'generator_39', 'generator_40', 'generator_41', 'generator_42', 'generator_43', 'generator_44', 'generator_45', 'generator_46', 'generator_47', 'generator_48', 'generator_49', 'generator_50', 'generator_51', 'generator_52', 'generator_53', 'generator_54', 'generator_55', 'generator_56', 'generator_57', 'generator_58', 'generator_59', 'generator_60', 'generator_61', 'generator_62', 'generator_63', 'generator_64', 'generator_65', 'generator_66', 'generator_67']
number opened: 2
TRIAL 5
Action chosen: (white, white)
Outcome: False
partcle ids: ['generator_38', 'generator_39', 'generator_40', 'generator_41', 'generator_42', 'generator_43', 'generator_44', 'generator_45', 'generator_46', 'generator_47', 'generator_48', 'generator_49', 'generator_50', 'generator_51', 'generator_52', 'generator_53', 'generator_54', 'generator_55', 'generator_56', 'generator_57', 'generator_58', 'generator_59', 'generator_60', 'generator_61', 'generator_62', 'generator_63', 'generator_64', 'generator_65', 'generator_66', 'generator_67']
number opened: 2
TRIAL 6
Action chosen: (purple, blue)
Outcome: False
partcle ids: ['generator_38', 'generator_39', 'generator_40', 'generator_41', 'generator_42', 'generator_43', 'generator_44', 'generator_45', 'generator_46', 'generator_47', 'generator_48', 'generator_49', 'generator_50', 'generator_51', 'generator_52', 'generator_53', 'generator_54', 'generator_55', 'generator_56', 'generator_57', 'generator_58', 'generator_59', 'generator_60', 'generator_61', 'generator_62', 'generator_63', 'generator_64', 'generator_65', 'generator_66', 'generator_67']
number opened: 2
TRIAL 7
Action chosen: (white, blue)
Outcome: False
partcle ids: ['generator_68', 'generator_69', 'generator_70', 'generator_71', 'generator_67', 'generator_73', 'generator_74', 'generator_75', 'generator_76', 'generator_77', 'generator_53', 'generator_47', 'generator_79', 'generator_80', 'generator_81', 'generator_82', 'generator_83', 'generator_60', 'generator_67', 'generator_86', 'generator_47', 'generator_88', 'generator_89', 'generator_90', 'order_match', 'generator_49', 'generator_58', 'generator_69', 'generator_91', 'generator_92']
number opened: 2
TRIAL 8
Action chosen: (yellow5, blue)
Outcome: True
partcle ids: ['generator_93', 'generator_47', 'generator_94', 'generator_95', 'generator_96', 'generator_97', 'generator_91', 'generator_98', 'generator_99', 'order_match', 'generator_100', 'generator_101', 'generator_68', 'generator_103', 'generator_104', 'generator_45', 'generator_105', 'generator_106', 'generator_107', 'generator_108', 'generator_109', 'generator_110', 'generator_106', 'generator_111', 'generator_112', 'generator_113', 'generator_114', 'generator_115', 'generator_116', 'generator_115']
number opened: 3
TRIAL 9
Action chosen: (blue, purple)
Outcome: False
partcle ids: ['generator_93', 'generator_47', 'generator_94', 'generator_95', 'generator_96', 'generator_97', 'generator_91', 'generator_98', 'generator_99', 'order_match', 'generator_100', 'generator_101', 'generator_68', 'generator_103', 'generator_104', 'generator_45', 'generator_105', 'generator_106', 'generator_107', 'generator_108', 'generator_109', 'generator_110', 'generator_106', 'generator_111', 'generator_112', 'generator_113', 'generator_114', 'generator_115', 'generator_116', 'generator_115']
number opened: 3
TRIAL 10
Action chosen: (pink, purple)
Outcome: False
partcle ids: ['generator_93', 'generator_47', 'generator_94', 'generator_95', 'generator_96', 'generator_97', 'generator_91', 'generator_98', 'generator_99', 'order_match', 'generator_100', 'generator_101', 'generator_68', 'generator_103', 'generator_104', 'generator_45', 'generator_105', 'generator_106', 'generator_107', 'generator_108', 'generator_109', 'generator_110', 'generator_106', 'generator_111', 'generator_112', 'generator_113', 'generator_114', 'generator_115', 'generator_116', 'generator_115']
number opened: 3
TRIAL 11
Action chosen: (green3, white)
Outcome: False
partcle ids: ['generator_93', 'generator_47', 'generator_94', 'generator_95', 'generator_96', 'generator_97', 'generator_91', 'generator_98', 'generator_99', 'order_match', 'generator_100', 'generator_101', 'generator_68', 'generator_103', 'generator_104', 'generator_45', 'generator_105', 'generator_106', 'generator_107', 'generator_108', 'generator_109', 'generator_110', 'generator_106', 'generator_111', 'generator_112', 'generator_113', 'generator_114', 'generator_115', 'generator_116', 'generator_115']
number opened: 3
TRIAL 12
Action chosen: (green3, purple)
Outcome: True
partcle ids: ['generator_94', 'generator_94', 'generator_99', 'generator_117', 'generator_118', 'generator_119', 'generator_94', 'number_match', 'generator_115', 'generator_94', 'generator_117', 'generator_94', 'generator_94', 'number_match', 'generator_118', 'number_match', 'generator_115', 'number_match', 'generator_115', 'generator_94', 'generator_119', 'generator_120', 'generator_99', 'number_match', 'generator_118', 'number_match', 'generator_118', 'generator_99', 'generator_118', 'generator_94']
number opened: 4
TRIAL 13
Action chosen: (purple, white)
Outcome: False
partcle ids: ['generator_94', 'generator_94', 'generator_99', 'generator_117', 'generator_118', 'generator_119', 'generator_94', 'number_match', 'generator_115', 'generator_94', 'generator_117', 'generator_94', 'generator_94', 'number_match', 'generator_118', 'number_match', 'generator_115', 'number_match', 'generator_115', 'generator_94', 'generator_119', 'generator_120', 'generator_99', 'number_match', 'generator_118', 'number_match', 'generator_118', 'generator_99', 'generator_118', 'generator_94']
number opened: 4
TRIAL 14
Action chosen: (orange4, white)
Outcome: True
partcle ids: ['number_match', 'number_match', 'number_match', 'number_match', 'number_match', 'number_match', 'number_match', 'number_match', 'number_match', 'number_match', 'number_match', 'number_match', 'number_match', 'number_match', 'number_match', 'number_match', 'number_match', 'number_match', 'number_match', 'number_match', 'number_match', 'number_match', 'number_match', 'number_match', 'number_match', 'number_match', 'number_match', 'number_match', 'number_match', 'number_match']
number opened: 5
{"attempts": 14, "unique_key_box_pairs": 14, "revisit_attempts": 0, "revisit_rate": 0.0, "attempts_before_abandoning_color_matching": 2, "color_matching_abandoned": true}
