{"Child_ID": "D031", "SoC_variant": "SoC-Gen", "theta": [19, 1], "p_gen": 0.7, "true_prior": 0.02, "run_number": 49, "seed": 441868737240481962}
TRIAL 1
Action chosen: (pink, pink)
Outcome: False
partcle ids: ['similar_color_2', 'generator_1', 'similar_color_1', 'generator_2', 'similar_color_13', 'generator_3', 'generator_4', 'generator_5', 'generator_6', 'order_match', 'generator_7', 'generator_8', 'generator_9', 'generator_10', 'similar_color_4', 'generator_11', 'similar_color_10', 'generator_12', 'generator_13', 'order_match', 'generator_14', 'generator_15', 'generator_16', 'generator_17', 'similar_color_11', 'generator_18', 'generator_19', 'generator_20', 'generator_21', 'similar_color_12']
number opened: 0
TRIAL 2
Action chosen: (triangle, pink)
Outcome: False
partcle ids: ['similar_color_2', 'generator_1', 'similar_color_1', 'generator_2', 'similar_color_13', 'generator_3', 'generator_4', 'generator_5', 'generator_6', 'order_match', 'generator_7', 'generator_8', 'generator_9', 'generator_10', 'similar_color_4', 'generator_11', 'similar_color_10', 'generator_12', 'generator_13', 'order_match', 'generator_14', 'generator_15', 'generator_16', 'generator_17', 'similar_color_11', 'generator_18', 'generator_19', 'generator_20', 'generator_21', 'similar_color_12']
number opened: 0
TRIAL 3
Action chosen: (pink, white)
Outcome: False
partcle ids: ['generator_2', 'generator_6', 'generator_6', 'generator_14', 'generator_24', 'generator_15', 'generator_26', 'generator_10', 'generator_2', 'generator_27', 'generator_13', 'generator_28', 'generator_14', 'generator_29', 'generator_14', 'generator_30', 'generator_31', 'generator_32', 'generator_33', 'generator_2', 'generator_15', 'generator_34', 'generator_6', 'generator_15', 'generator_37', 'generator_38', 'generator_39', 'generator_40', 'generator_2', 'generator_41']
number opened: 0
TRIAL 4
Action chosen: (pink, purple)
Outcome: False
partcle ids: ['generator_2', 'generator_6', 'generator_6', 'generator_14', 'generator_24', 'generator_15', 'generator_26', 'generator_10', 'generator_2', 'generator_27', 'generator_13', 'generator_28', 'generator_14', 'generator_29', 'generator_14', 'generator_30', 'generator_31', 'generator_32', 'generator_33', 'generator_2', 'generator_15', 'generator_34', 'generator_6', 'generator_15', 'generator_37', 'generator_38', 'generator_39', 'generator_40', 'generator_2', 'generator_41']
number opened: 0
TRIAL 5
Action chosen: (green3, blue)
Outcome: False
partcle ids: ['generator_2', 'generator_6', 'generator_6', 'generator_14', 'generator_24', 'generator_15', 'generator_26', 'generator_10', 'generator_2', 'generator_27', 'generator_13', 'generator_28', 'generator_14', 'generator_29', 'generator_14', 'generator_30', 'generator_31', 'generator_32', 'generator_33', 'generator_2', 'generator_15', 'generator_34', 'generator_6', 'generator_15', 'generator_37', 'generator_38', 'generator_39', 'generator_40', 'generator_2', 'generator_41']
number opened: 0
TRIAL 6
Action chosen: (diamond, pink)
Outcome: False
partcle ids: ['generator_42', 'generator_26', 'generator_44', 'generator_30', 'generator_33', 'generator_24', 'generator_32', 'generator_47', 'generator_40', 'generator_40', 'generator_48', 'generator_39', 'generator_26', 'generator_33', 'generator_26', 'generator_50', 'generator_51', 'generator_32', 'generator_28', 'generator_32', 'generator_40', 'generator_27', 'similar_color_3', 'generator_6', 'generator_24', 'generator_24', 'generator_30', 'generator_14', 'generator_55', 'generator_30']
number opened: 0
TRIAL 7
Action chosen: (white, red)
Outcome: False
partcle ids: ['generator_42', 'generator_26', 'generator_44', 'generator_30', 'generator_33', 'generator_24', 'generator_32', 'generator_47', 'generator_40', 'generator_40', 'generator_48', 'generator_39', 'generator_26', 'generator_33', 'generator_26', 'generator_50', 'generator_51', 'generator_32', 'generator_28', 'generator_32', 'generator_40', 'generator_27', 'similar_color_3', 'generator_6', 'generator_24', 'generator_24', 'generator_30', 'generator_14', 'generator_55', 'generator_30']
number opened: 0
TRIAL 8
Action chosen: (white, pink)
Outcome: False
partcle ids: ['generator_42', 'generator_26', 'generator_44', 'generator_30', 'generator_33', 'generator_24', 'generator_32', 'generator_47', 'generator_40', 'generator_40', 'generator_48', 'generator_39', 'generator_26', 'generator_33', 'generator_26', 'generator_50', 'generator_51', 'generator_32', 'generator_28', 'generator_32', 'generator_40', 'generator_27', 'similar_color_3', 'generator_6', 'generator_24', 'generator_24', 'generator_30', 'generator_14', 'generator_55', 'generator_30']
number opened: 0
TRIAL 9
Action chosen: (diamond, purple)
Outcome: False
partcle ids: ['generator_57', 'generator_6', 'generator_28', 'generator_32', 'generator_58', 'generator_39', 'generator_59', 'generator_60', 'generator_28', 'generator_62', 'generator_63', 'generator_42', 'generator_64', 'generator_65', 'generator_66', 'similar_color_4', 'generator_44', 'generator_67', 'generator_68', 'similar_color_5', 'generator_69', 'generator_51', 'generator_51', 'number_match', 'generator_71', 'generator_72', 'generator_42', 'generator_42', 'generator_28', 'generator_75']
number opened: 0
TRIAL 10
Action chosen: (triangle, blue)
Outcome: False
partcle ids: ['generator_57', 'generator_6', 'generator_28', 'generator_32', 'generator_58', 'generator_39', 'generator_59', 'generator_60', 'generator_28', 'generator_62', 'generator_63', 'generator_42', 'generator_64', 'generator_65', 'generator_66', 'similar_color_4', 'generator_44', 'generator_67', 'generator_68', 'similar_color_5', 'generator_69', 'generator_51', 'generator_51', 'number_match', 'generator_71', 'generator_72', 'generator_42', 'generator_42', 'generator_28', 'generator_75']
number opened: 0
TRIAL 11
Action chosen: (purple, purple)
Outcome: False
partcle ids: ['generator_57', 'generator_6', 'generator_28', 'generator_32', 'generator_58', 'generator_39', 'generator_59', 'generator_60', 'generator_28', 'generator_62', 'generator_63', 'generator_42', 'generator_64', 'generator_65', 'generator_66', 'similar_color_4', 'generator_44', 'generator_67', 'generator_68', 'similar_color_5', 'generator_69', 'generator_51', 'generator_51', 'number_match', 'generator_71', 'generator_72', 'generator_42', 'generator_42', 'generator_28', 'generator_75']
number opened: 0
TRIAL 12
Action chosen: (orange4, blue)
Outcome: False
partcle ids: ['generator_57', 'generator_6', 'generator_28', 'generator_32', 'generator_58', 'generator_39', 'generator_59', 'generator_60', 'generator_28', 'generator_62', 'generator_63', 'generator_42', 'generator_64', 'generator_65', 'generator_66', 'similar_color_4', 'generator_44', 'generator_67', 'generator_68', 'similar_color_5', 'generator_69', 'generator_51', 'generator_51', 'number_match', 'generator_71', 'generator_72', 'generator_42', 'generator_42', 'generator_28', 'generator_75']
number opened: 0
TRIAL 13
Action chosen: (red, blue)
Outcome: False
partcle ids: ['generator_58', 'generator_77', 'generator_66', 'generator_79', 'generator_80', 'generator_81', 'generator_82', 'generator_83', 'generator_75', 'number_match', 'generator_59', 'generator_66', 'generator_86', 'generator_75', 'generator_66', 'number_match', 'generator_64', 'generator_89', 'generator_58', 'generator_58', 'generator_75', 'generator_39', 'generator_92', 'generator_75', 'generator_60', 'generator_39', 'number_match', 'generator_71', 'generator_96', 'generator_97']
number opened: 0
TRIAL 14
Action chosen: (grey2, white)
Outcome: False
partcle ids: ['generator_58', 'generator_77', 'generator_66', 'generator_79', 'generator_80', 'generator_81', 'generator_82', 'generator_83', 'generator_75', 'number_match', 'generator_59', 'generator_66', 'generator_86', 'generator_75', 'generator_66', 'number_match', 'generator_64', 'generator_89', 'generator_58', 'generator_58', 'generator_75', 'generator_39', 'generator_92', 'generator_75', 'generator_60', 'generator_39', 'number_match', 'generator_71', 'generator_96', 'generator_97']
number opened: 0
TRIAL 15
Action chosen: (triangle, purple)
Outcome: False
partcle ids: ['generator_58', 'generator_77', 'generator_66', 'generator_79', 'generator_80', 'generator_81', 'generator_82', 'generator_83', 'generator_75', 'number_match', 'generator_59', 'generator_66', 'generator_86', 'generator_75', 'generator_66', 'number_match', 'generator_64', 'generator_89', 'generator_58', 'generator_58', 'generator_75', 'generator_39', 'generator_92', 'generator_75', 'generator_60', 'generator_39', 'number_match', 'generator_71', 'generator_96', 'generator_97']
number opened: 0
TRIAL 16
Action chosen: (yellow5, blue)
Outcome: True
partcle ids: ['generator_98', 'generator_81', 'generator_100', 'generator_81', 'generator_102', 'generator_83', 'generator_104', 'generator_105', 'generator_106', 'generator_107', 'generator_108', 'generator_89', 'generator_89', 'generator_59', 'generator_111', 'generator_112', 'generator_81', 'generator_59', 'generator_114', 'generator_115', 'generator_116', 'generator_117', 'generator_118', 'number_match', 'generator_120', 'generator_81', 'generator_122', 'generator_123', 'generator_124', 'generator_81']
number opened: 1
TRIAL 17
Action chosen: (purple, pink)
Outcome: False
partcle ids: ['generator_98', 'generator_81', 'generator_100', 'generator_81', 'generator_102', 'generator_83', 'generator_104', 'generator_105', 'generator_106', 'generator_107', 'generator_108', 'generator_89', 'generator_89', 'generator_59', 'generator_111', 'generator_112', 'generator_81', 'generator_59', 'generator_114', 'generator_115', 'generator_116', 'generator_117', 'generator_118', 'number_match', 'generator_120', 'generator_81', 'generator_122', 'generator_123', 'generator_124', 'generator_81']
number opened: 1
TRIAL 18
Action chosen: (blue, pink)
Outcome: False
partcle ids: ['generator_98', 'generator_81', 'generator_100', 'generator_81', 'generator_102', 'generator_83', 'generator_104', 'generator_105', 'generator_106', 'generator_107', 'generator_108', 'generator_89', 'generator_89', 'generator_59', 'generator_111', 'generator_112', 'generator_81', 'generator_59', 'generator_114', 'generator_115', 'generator_116', 'generator_117', 'generator_118', 'number_match', 'generator_120', 'generator_81', 'generator_122', 'generator_123', 'generator_124', 'generator_81']
number opened: 1
TRIAL 19
Action chosen: (red, white)
Outcome: False
partcle ids: ['generator_107', 'generator_127', 'generator_112', 'generator_129', 'generator_81', 'generator_131', 'generator_132', 'generator_89', 'generator_133', 'generator_134', 'generator_135', 'generator_111', 'generator_137', 'generator_138', 'generator_111', 'generator_140', 'generator_141', 'generator_142', 'generator_143', 'generator_144', 'generator_145', 'generator_146', 'generator_111', 'generator_108', 'generator_149', 'generator_150', 'generator_151', 'order_match', 'generator_152', 'generator_153']
number opened: 1
TRIAL 20
Action chosen: (grey2, pink)
Outcome: True
partcle ids: ['generator_129', 'generator_155', 'generator_156', 'generator_132', 'generator_144', 'generator_159', 'generator_160', 'generator_129', 'generator_161', 'generator_162', 'generator_163', 'generator_132', 'generator_165', 'generator_166', 'generator_144', 'generator_168', 'order_match', 'generator_170', 'generator_171', 'generator_111', 'generator_173', 'generator_111', 'generator_144', 'generator_111', 'generator_177', 'generator_151', 'generator_179', 'generator_151', 'generator_111', 'generator_144']
number opened: 2
TRIAL 21
Action chosen: (heart, white)
Outcome: False
partcle ids: ['generator_129', 'generator_155', 'generator_156', 'generator_132', 'generator_144', 'generator_159', 'generator_160', 'generator_129', 'generator_161', 'generator_162', 'generator_163', 'generator_132', 'generator_165', 'generator_166', 'generator_144', 'generator_168', 'order_match', 'generator_170', 'generator_171', 'generator_111', 'generator_173', 'generator_111', 'generator_144', 'generator_111', 'generator_177', 'generator_151', 'generator_179', 'generator_151', 'generator_111', 'generator_144']
number opened: 2
TRIAL 22
Action chosen: (purple, white)
Outcome: False
partcle ids: ['generator_173', 'generator_183', 'generator_184', 'generator_185', 'generator_168', 'generator_187', 'generator_188', 'generator_189', 'generator_190', 'generator_156', 'generator_163', 'generator_192', 'generator_193', 'generator_170', 'generator_195', 'generator_168', 'generator_170', 'generator_132', 'generator_198', 'generator_199', 'generator_200', 'generator_170', 'generator_202', 'generator_203', 'generator_204', 'generator_205', 'generator_206', 'generator_163', 'generator_207', 'generator_208']
number opened: 2
TRIAL 23
Action chosen: (cloud, white)
Outcome: False
partcle ids: ['generator_173', 'generator_183', 'generator_184', 'generator_185', 'generator_168', 'generator_187', 'generator_188', 'generator_189', 'generator_190', 'generator_156', 'generator_163', 'generator_192', 'generator_193', 'generator_170', 'generator_195', 'generator_168', 'generator_170', 'generator_132', 'generator_198', 'generator_199', 'generator_200', 'generator_170', 'generator_202', 'generator_203', 'generator_204', 'generator_205', 'generator_206', 'generator_163', 'generator_207', 'generator_208']
number opened: 2
TRIAL 24
Action chosen: (triangle, white)
Outcome: False
partcle ids: ['generator_173', 'generator_183', 'generator_184', 'generator_185', 'generator_168', 'generator_187', 'generator_188', 'generator_189', 'generator_190', 'generator_156', 'generator_163', 'generator_192', 'generator_193', 'generator_170', 'generator_195', 'generator_168', 'generator_170', 'generator_132', 'generator_198', 'generator_199', 'generator_200', 'generator_170', 'generator_202', 'generator_203', 'generator_204', 'generator_205', 'generator_206', 'generator_163', 'generator_207', 'generator_208']
number opened: 2
TRIAL 25
Action chosen: (purple, red)
Outcome: False
partcle ids: ['generator_173', 'generator_183', 'generator_184', 'generator_185', 'generator_168', 'generator_187', 'generator_188', 'generator_189', 'generator_190', 'generator_156', 'generator_163', 'generator_192', 'generator_193', 'generator_170', 'generator_195', 'generator_168', 'generator_170', 'generator_132', 'generator_198', 'generator_199', 'generator_200', 'generator_170', 'generator_202', 'generator_203', 'generator_204', 'generator_205', 'generator_206', 'generator_163', 'generator_207', 'generator_208']
number opened: 2
TRIAL 26
Action chosen: (diamond, white)
Outcome: False
partcle ids: ['generator_209', 'generator_210', 'generator_211', 'generator_212', 'generator_200', 'generator_208', 'generator_200', 'generator_216', 'generator_216', 'generator_192', 'generator_218', 'generator_208', 'generator_208', 'generator_183', 'generator_221', 'generator_199', 'generator_184', 'generator_183', 'generator_192', 'generator_208', 'generator_200', 'generator_227', 'generator_199', 'generator_183', 'generator_199', 'generator_230', 'generator_208', 'generator_232', 'generator_233', 'generator_234']
number opened: 2
TRIAL 27
Action chosen: (blue, purple)
Outcome: False
partcle ids: ['generator_209', 'generator_210', 'generator_211', 'generator_212', 'generator_200', 'generator_208', 'generator_200', 'generator_216', 'generator_216', 'generator_192', 'generator_218', 'generator_208', 'generator_208', 'generator_183', 'generator_221', 'generator_199', 'generator_184', 'generator_183', 'generator_192', 'generator_208', 'generator_200', 'generator_227', 'generator_199', 'generator_183', 'generator_199', 'generator_230', 'generator_208', 'generator_232', 'generator_233', 'generator_234']
number opened: 2
TRIAL 28
Action chosen: (orange4, white)
Outcome: True
partcle ids: ['generator_235', 'generator_236', 'generator_237', 'generator_238', 'generator_233', 'generator_230', 'generator_240', 'generator_236', 'generator_236', 'generator_233', 'generator_241', 'generator_242', 'generator_211', 'generator_244', 'generator_233', 'generator_245', 'generator_233', 'generator_247', 'generator_236', 'generator_216', 'generator_246', 'generator_249', 'generator_250', 'generator_242', 'generator_251', 'generator_230', 'generator_233', 'number_match', 'generator_252', 'generator_253']
number opened: 3
TRIAL 29
Action chosen: (green3, purple)
Outcome: True
partcle ids: ['generator_247', 'number_match', 'generator_254', 'generator_250', 'generator_255', 'number_match', 'generator_254', 'generator_256', 'generator_247', 'generator_257', 'number_match', 'generator_256', 'generator_254', 'generator_233', 'number_match', 'generator_233', 'generator_254', 'generator_247', 'number_match', 'generator_255', 'generator_254', 'generator_250', 'generator_256', 'generator_247', 'generator_250', 'generator_247', 'generator_256', 'generator_254', 'generator_233', 'generator_254']
number opened: 4
TRIAL 30
Action chosen: (blue, red)
Outcome: False
partcle ids: ['generator_247', 'number_match', 'generator_254', 'generator_250', 'generator_255', 'number_match', 'generator_254', 'generator_256', 'generator_247', 'generator_257', 'number_match', 'generator_256', 'generator_254', 'generator_233', 'number_match', 'generator_233', 'generator_254', 'generator_247', 'number_match', 'generator_255', 'generator_254', 'generator_250', 'generator_256', 'generator_247', 'generator_250', 'generator_247', 'generator_256', 'generator_254', 'generator_233', 'generator_254']
number opened: 4
TRIAL 31
Action chosen: (red, red)
Outcome: True
partcle ids: ['number_match', 'number_match', 'number_match', 'number_match', 'number_match', 'number_match', 'number_match', 'number_match', 'number_match', 'number_match', 'number_match', 'number_match', 'number_match', 'number_match', 'number_match', 'number_match', 'number_match', 'number_match', 'number_match', 'number_match', 'number_match', 'number_match', 'number_match', 'number_match', 'number_match', 'number_match', 'number_match', 'number_match', 'number_match', 'number_match']
number opened: 5
{"attempts": 31, "unique_key_box_pairs": 31, "revisit_attempts": 0, "revisit_rate": 0.0, "attempts_before_abandoning_color_matching": 1, "color_matching_abandoned": true}
