{"Child_ID": "D031", "SoC_variant": "SoC-Gen", "theta": [19, 1], "p_gen": 0.7, "true_prior": 0.02, "run_number": 13, "seed": 4039573940106152660}
TRIAL 1
Action chosen: (red, red)
Outcome: True
partcle ids: ['generator_19', 'generator_20', 'generator_21', 'generator_22', 'generator_23', 'generator_24', 'generator_25', 'generator_26', 'generator_27', 'number_match', 'number_match', 'generator_28', 'similar_color_10', 'generator_29', 'generator_30', 'generator_31', 'generator_32', 'similar_color_14', 'similar_color_6', 'similar_color_10', 'number_match', 'generator_33', 'generator_34', 'generator_35', 'generator_36', 'generator_37', 'number_match', 'generator_38', 'number_match', 'similar_color_5']
number opened: 1
TRIAL 2
Action chosen: (orange4, white)
Outcome: True
partcle ids: ['generator_39', 'generator_40', 'generator_41', 'generator_42', 'generator_43', 'generator_44', 'generator_45', 'generator_46', 'generator_47', 'generator_48', 'generator_49', 'generator_50', 'generator_51', 'generator_52', 'generator_51', 'generator_53', 'generator_54', 'generator_55', 'generator_56', 'generator_57', 'generator_58', 'generator_59', 'generator_60', 'generator_61', 'generator_62', 'generator_63', 'generator_64', 'generator_65', 'generator_66', 'generator_67']
number opened: 2
TRIAL 3
Action chosen: (blue, purple)
Outcome: False
partcle ids: ['generator_39', 'generator_40', 'generator_41', 'generator_42', 'generator_43', 'generator_44', 'generator_45', 'generator_46', 'generator_47', 'generator_48', 'generator_49', 'generator_50', 'generator_51', 'generator_52', 'generator_51', 'generator_53', 'generator_54', 'generator_55', 'generator_56', 'generator_57', 'generator_58', 'generator_59', 'generator_60', 'generator_61', 'generator_62', 'generator_63', 'generator_64', 'generator_65', 'generator_66', 'generator_67']
number opened: 2
TRIAL 4
Action chosen: (white, purple)
Outcome: False
partcle ids: ['generator_39', 'generator_40', 'generator_41', 'generator_42', 'generator_43', 'generator_44', 'generator_45', 'generator_46', 'generator_47', 'generator_48', 'generator_49', 'generator_50', 'generator_51', 'generator_52', 'generator_51', 'generator_53', 'generator_54', 'generator_55', 'generator_56', 'generator_57', 'generator_58', 'generator_59', 'generator_60', 'generator_61', 'generator_62', 'generator_63', 'generator_64', 'generator_65', 'generator_66', 'generator_67']
number opened: 2
TRIAL 5
Action chosen: (purple, blue)
Outcome: False
partcle ids: ['generator_39', 'generator_40', 'generator_41', 'generator_42', 'generator_43', 'generator_44', 'generator_45', 'generator_46', 'generator_47', 'generator_48', 'generator_49', 'generator_50', 'generator_51', 'generator_52', 'generator_51', 'generator_53', 'generator_54', 'generator_55', 'generator_56', 'generator_57', 'generator_58', 'generator_59', 'generator_60', 'generator_61', 'generator_62', 'generator_63', 'generator_64', 'generator_65', 'generator_66', 'generator_67']
number opened: 2
TRIAL 6
Action chosen: (heart, purple)
Outcome: False
partcle ids: ['generator_68', 'generator_69', 'generator_70', 'generator_62', 'generator_40', 'generator_72', 'generator_73', 'generator_74', 'generator_50', 'generator_76', 'generator_59', 'generator_78', 'generator_79', 'generator_80', 'generator_53', 'generator_82', 'generator_55', 'generator_60', 'generator_85', 'generator_86', 'generator_50', 'generator_88', 'generator_53', 'generator_40', 'generator_66', 'generator_66', 'generator_86', 'generator_55', 'generator_58', 'generator_94']
number opened: 2
TRIAL 7
Action chosen: (diamond, pink)
Outcome: False
partcle ids: ['generator_68', 'generator_69', 'generator_70', 'generator_62', 'generator_40', 'generator_72', 'generator_73', 'generator_74', 'generator_50', 'generator_76', 'generator_59', 'generator_78', 'generator_79', 'generator_80', 'generator_53', 'generator_82', 'generator_55', 'generator_60', 'generator_85', 'generator_86', 'generator_50', 'generator_88', 'generator_53', 'generator_40', 'generator_66', 'generator_66', 'generator_86', 'generator_55', 'generator_58', 'generator_94']
number opened: 2
TRIAL 8
Action chosen: (white, pink)
Outcome: False
partcle ids: ['generator_68', 'generator_69', 'generator_70', 'generator_62', 'generator_40', 'generator_72', 'generator_73', 'generator_74', 'generator_50', 'generator_76', 'generator_59', 'generator_78', 'generator_79', 'generator_80', 'generator_53', 'generator_82', 'generator_55', 'generator_60', 'generator_85', 'generator_86', 'generator_50', 'generator_88', 'generator_53', 'generator_40', 'generator_66', 'generator_66', 'generator_86', 'generator_55', 'generator_58', 'generator_94']
number opened: 2
TRIAL 9
Action chosen: (grey2, blue)
Outcome: False
partcle ids: ['generator_70', 'generator_73', 'generator_97', 'generator_23', 'generator_74', 'generator_99', 'generator_100', 'generator_101', 'generator_94', 'generator_103', 'generator_68', 'generator_105', 'generator_106', 'generator_107', 'generator_108', 'generator_109', 'generator_110', 'generator_69', 'generator_112', 'generator_76', 'generator_85', 'generator_115', 'generator_116', 'generator_101', 'generator_94', 'generator_118', 'generator_119', 'generator_76', 'generator_121', 'generator_55']
number opened: 2
TRIAL 10
Action chosen: (blue, pink)
Outcome: False
partcle ids: ['generator_70', 'generator_73', 'generator_97', 'generator_23', 'generator_74', 'generator_99', 'generator_100', 'generator_101', 'generator_94', 'generator_103', 'generator_68', 'generator_105', 'generator_106', 'generator_107', 'generator_108', 'generator_109', 'generator_110', 'generator_69', 'generator_112', 'generator_76', 'generator_85', 'generator_115', 'generator_116', 'generator_101', 'generator_94', 'generator_118', 'generator_119', 'generator_76', 'generator_121', 'generator_55']
number opened: 2
TRIAL 11
Action chosen: (blue, blue)
Outcome: False
partcle ids: ['generator_70', 'generator_73', 'generator_97', 'generator_23', 'generator_74', 'generator_99', 'generator_100', 'generator_101', 'generator_94', 'generator_103', 'generator_68', 'generator_105', 'generator_106', 'generator_107', 'generator_108', 'generator_109', 'generator_110', 'generator_69', 'generator_112', 'generator_76', 'generator_85', 'generator_115', 'generator_116', 'generator_101', 'generator_94', 'generator_118', 'generator_119', 'generator_76', 'generator_121', 'generator_55']
number opened: 2
TRIAL 12
Action chosen: (white, blue)
Outcome: False
partcle ids: ['generator_101', 'generator_124', 'generator_23', 'generator_121', 'generator_101', 'generator_128', 'generator_55', 'generator_118', 'generator_23', 'generator_132', 'generator_121', 'generator_119', 'generator_135', 'generator_121', 'generator_55', 'generator_23', 'generator_139', 'generator_55', 'generator_141', 'generator_142', 'generator_143', 'generator_70', 'generator_118', 'generator_23', 'generator_23', 'generator_70', 'generator_148', 'generator_50', 'generator_70', 'generator_150']
number opened: 2
TRIAL 13
Action chosen: (grey2, purple)
Outcome: False
partcle ids: ['generator_101', 'generator_124', 'generator_23', 'generator_121', 'generator_101', 'generator_128', 'generator_55', 'generator_118', 'generator_23', 'generator_132', 'generator_121', 'generator_119', 'generator_135', 'generator_121', 'generator_55', 'generator_23', 'generator_139', 'generator_55', 'generator_141', 'generator_142', 'generator_143', 'generator_70', 'generator_118', 'generator_23', 'generator_23', 'generator_70', 'generator_148', 'generator_50', 'generator_70', 'generator_150']
number opened: 2
TRIAL 14
Action chosen: (pink, blue)
Outcome: False
partcle ids: ['generator_101', 'generator_124', 'generator_23', 'generator_121', 'generator_101', 'generator_128', 'generator_55', 'generator_118', 'generator_23', 'generator_132', 'generator_121', 'generator_119', 'generator_135', 'generator_121', 'generator_55', 'generator_23', 'generator_139', 'generator_55', 'generator_141', 'generator_142', 'generator_143', 'generator_70', 'generator_118', 'generator_23', 'generator_23', 'generator_70', 'generator_148', 'generator_50', 'generator_70', 'generator_150']
number opened: 2
TRIAL 15
Action chosen: (cloud, blue)
Outcome: False
partcle ids: ['generator_151', 'generator_152', 'generator_148', 'generator_132', 'generator_132', 'generator_55', 'generator_101', 'generator_132', 'generator_158', 'generator_101', 'generator_55', 'generator_148', 'generator_55', 'generator_132', 'generator_150', 'generator_124', 'generator_55', 'generator_132', 'generator_55', 'generator_168', 'generator_135', 'generator_48', 'generator_55', 'generator_135', 'generator_172', 'generator_55', 'generator_128', 'generator_55', 'generator_175', 'generator_132']
number opened: 2
TRIAL 16
Action chosen: (yellow5, blue)
Outcome: True
partcle ids: ['generator_55', 'generator_132', 'generator_55', 'generator_55', 'generator_55', 'generator_182', 'generator_55', 'generator_184', 'generator_132', 'generator_55', 'generator_132', 'generator_55', 'generator_188', 'generator_55', 'generator_190', 'generator_55', 'generator_184', 'generator_132', 'generator_55', 'generator_57', 'generator_132', 'generator_132', 'generator_132', 'generator_196', 'generator_55', 'generator_198', 'generator_132', 'generator_200', 'generator_201', 'generator_202']
number opened: 3
TRIAL 17
Action chosen: (cloud, pink)
Outcome: False
partcle ids: ['generator_55', 'generator_132', 'generator_55', 'generator_55', 'generator_55', 'generator_182', 'generator_55', 'generator_184', 'generator_132', 'generator_55', 'generator_132', 'generator_55', 'generator_188', 'generator_55', 'generator_190', 'generator_55', 'generator_184', 'generator_132', 'generator_55', 'generator_57', 'generator_132', 'generator_132', 'generator_132', 'generator_196', 'generator_55', 'generator_198', 'generator_132', 'generator_200', 'generator_201', 'generator_202']
number opened: 3
TRIAL 18
Action chosen: (purple, purple)
Outcome: False
partcle ids: ['generator_201', 'generator_182', 'generator_205', 'generator_199', 'generator_188', 'generator_184', 'generator_188', 'generator_208', 'generator_202', 'generator_184', 'generator_196', 'generator_184', 'generator_188', 'generator_196', 'generator_182', 'generator_184', 'generator_204', 'generator_55', 'generator_184', 'generator_211', 'generator_201', 'generator_202', 'generator_201', 'generator_196', 'generator_132', 'number_match', 'generator_182', 'generator_182', 'generator_211', 'generator_202']
number opened: 3
TRIAL 19
Action chosen: (purple, pink)
Outcome: False
partcle ids: ['generator_201', 'generator_182', 'generator_205', 'generator_199', 'generator_188', 'generator_184', 'generator_188', 'generator_208', 'generator_202', 'generator_184', 'generator_196', 'generator_184', 'generator_188', 'generator_196', 'generator_182', 'generator_184', 'generator_204', 'generator_55', 'generator_184', 'generator_211', 'generator_201', 'generator_202', 'generator_201', 'generator_196', 'generator_132', 'number_match', 'generator_182', 'generator_182', 'generator_211', 'generator_202']
number opened: 3
TRIAL 20
Action chosen: (diamond, purple)
Outcome: False
partcle ids: ['generator_205', 'generator_184', 'generator_214', 'generator_208', 'generator_196', 'generator_216', 'generator_207', 'generator_208', 'generator_205', 'generator_218', 'number_match', 'generator_182', 'generator_182', 'generator_182', 'generator_182', 'generator_182', 'generator_191', 'generator_221', 'generator_208', 'generator_197', 'generator_208', 'generator_55', 'generator_196', 'generator_132', 'number_match', 'generator_132', 'generator_205', 'generator_196', 'generator_196', 'generator_182']
number opened: 3
TRIAL 21
Action chosen: (green3, purple)
Outcome: True
partcle ids: ['generator_205', 'generator_226', 'generator_182', 'generator_182', 'number_match', 'generator_182', 'generator_182', 'generator_182', 'generator_205', 'generator_182', 'generator_228', 'generator_182', 'generator_228', 'generator_205', 'generator_205', 'generator_205', 'generator_182', 'generator_205', 'generator_205', 'generator_182', 'generator_205', 'generator_182', 'generator_205', 'generator_205', 'generator_228', 'generator_182', 'generator_182', 'generator_182', 'generator_205', 'generator_182']
number opened: 4
TRIAL 22
Action chosen: (triangle, pink)
Outcome: False
partcle ids: ['generator_205', 'generator_226', 'generator_182', 'generator_182', 'number_match', 'generator_182', 'generator_182', 'generator_182', 'generator_205', 'generator_182', 'generator_228', 'generator_182', 'generator_228', 'generator_205', 'generator_205', 'generator_205', 'generator_182', 'generator_205', 'generator_205', 'generator_182', 'generator_205', 'generator_182', 'generator_205', 'generator_205', 'generator_228', 'generator_182', 'generator_182', 'generator_182', 'generator_205', 'generator_182']
number opened: 4
TRIAL 23
Action chosen: (pink, pink)
Outcome: False
partcle ids: ['generator_228', 'number_match', 'generator_182', 'generator_227', 'number_match', 'generator_228', 'number_match', 'generator_182', 'generator_222', 'number_match', 'generator_228', 'generator_228', 'generator_228', 'generator_228', 'generator_229', 'generator_228', 'generator_228', 'generator_228', 'generator_228', 'generator_205', 'number_match', 'generator_229', 'number_match', 'generator_182', 'number_match', 'generator_228', 'number_match', 'generator_228', 'generator_205', 'generator_55']
number opened: 4
TRIAL 24
Action chosen: (heart, pink)
Outcome: False
partcle ids: ['generator_228', 'number_match', 'generator_182', 'generator_227', 'number_match', 'generator_228', 'number_match', 'generator_182', 'generator_222', 'number_match', 'generator_228', 'generator_228', 'generator_228', 'generator_228', 'generator_229', 'generator_228', 'generator_228', 'generator_228', 'generator_228', 'generator_205', 'number_match', 'generator_229', 'number_match', 'generator_182', 'number_match', 'generator_228', 'number_match', 'generator_228', 'generator_205', 'generator_55']
number opened: 4
TRIAL 25
Action chosen: (grey2, pink)
Outcome: True
partcle ids: ['number_match', 'number_match', 'number_match', 'number_match', 'number_match', 'number_match', 'number_match', 'number_match', 'number_match', 'number_match', 'number_match', 'number_match', 'number_match', 'number_match', 'number_match', 'number_match', 'number_match', 'number_match', 'number_match', 'number_match', 'number_match', 'number_match', 'number_match', 'number_match', 'number_match', 'number_match', 'number_match', 'number_match', 'number_match', 'number_match']
number opened: 5
{"attempts": 25, "unique_key_box_pairs": 25, "revisit_attempts": 0, "revisit_rate": 0.0, "attempts_before_abandoning_color_matching": 1, "color_matching_abandoned": true}
