{"Child_ID": "D031", "SoC_variant": "SoC-Gen", "theta": [19, 1], "p_gen": 0.7, "true_prior": 0.02, "run_number": 77, "seed": 6397389154874107264}
TRIAL 1
Action chosen: (red, red)
Outcome: True
partcle ids: ['generator_21', 'generator_22', 'generator_23', 'generator_24', 'similar_color_14', 'similar_color_12', 'similar_color_14', 'similar_color_2', 'generator_25', 'generator_26', 'similar_color_11', 'generator_27', 'generator_28', 'generator_29', 'generator_30', 'generator_31', 'generator_32', 'generator_33', 'generator_34', 'generator_35', 'generator_36', 'generator_37', 'generator_38', 'similar_color_14', 'similar_color_4', 'generator_39', 'generator_40', 'generator_14', 'generator_19', 'generator_41']
number opened: 1
TRIAL 2
Action chosen: (pink, pink)
Outcome: False
partcle ids: ['generator_21', 'generator_22', 'generator_23', 'generator_24', 'similar_color_14', 'similar_color_12', 'similar_color_14', 'similar_color_2', 'generator_25', 'generator_26', 'similar_color_11', 'generator_27', 'generator_28', 'generator_29', 'generator_30', 'generator_31', 'generator_32', 'generator_33', 'generator_34', 'generator_35', 'generator_36', 'generator_37', 'generator_38', 'similar_color_14', 'similar_color_4', 'generator_39', 'generator_40', 'generator_14', 'generator_19', 'generator_41']
number opened: 1
TRIAL 3
Action chosen: (orange4, pink)
Outcome: False
partcle ids: ['generator_21', 'generator_22', 'generator_23', 'generator_24', 'similar_color_14', 'similar_color_12', 'similar_color_14', 'similar_color_2', 'generator_25', 'generator_26', 'similar_color_11', 'generator_27', 'generator_28', 'generator_29', 'generator_30', 'generator_31', 'generator_32', 'generator_33', 'generator_34', 'generator_35', 'generator_36', 'generator_37', 'generator_38', 'similar_color_14', 'similar_color_4', 'generator_39', 'generator_40', 'generator_14', 'generator_19', 'generator_41']
number opened: 1
TRIAL 4
Action chosen: (blue, pink)
Outcome: False
partcle ids: ['generator_42', 'generator_43', 'generator_44', 'generator_34', 'generator_46', 'generator_39', 'generator_34', 'generator_47', 'generator_48', 'generator_39', 'generator_49', 'generator_50', 'generator_14', 'generator_52', 'generator_53', 'generator_54', 'generator_30', 'generator_55', 'generator_56', 'generator_38', 'generator_57', 'generator_58', 'generator_39', 'generator_60', 'generator_61', 'generator_62', 'generator_63', 'color_match', 'generator_31', 'generator_64']
number opened: 1
TRIAL 5
Action chosen: (green3, white)
Outcome: False
partcle ids: ['generator_42', 'generator_43', 'generator_44', 'generator_34', 'generator_46', 'generator_39', 'generator_34', 'generator_47', 'generator_48', 'generator_39', 'generator_49', 'generator_50', 'generator_14', 'generator_52', 'generator_53', 'generator_54', 'generator_30', 'generator_55', 'generator_56', 'generator_38', 'generator_57', 'generator_58', 'generator_39', 'generator_60', 'generator_61', 'generator_62', 'generator_63', 'color_match', 'generator_31', 'generator_64']
number opened: 1
TRIAL 6
Action chosen: (blue, blue)
Outcome: False
partcle ids: ['generator_42', 'generator_43', 'generator_44', 'generator_34', 'generator_46', 'generator_39', 'generator_34', 'generator_47', 'generator_48', 'generator_39', 'generator_49', 'generator_50', 'generator_14', 'generator_52', 'generator_53', 'generator_54', 'generator_30', 'generator_55', 'generator_56', 'generator_38', 'generator_57', 'generator_58', 'generator_39', 'generator_60', 'generator_61', 'generator_62', 'generator_63', 'color_match', 'generator_31', 'generator_64']
number opened: 1
TRIAL 7
Action chosen: (triangle, pink)
Outcome: False
partcle ids: ['generator_65', 'generator_49', 'generator_43', 'generator_39', 'similar_color_5', 'generator_67', 'generator_68', 'similar_color_4', 'generator_54', 'generator_62', 'generator_70', 'generator_62', 'generator_58', 'generator_71', 'generator_72', 'generator_73', 'generator_54', 'generator_31', 'generator_38', 'generator_62', 'generator_76', 'generator_77', 'generator_61', 'generator_38', 'generator_78', 'generator_79', 'generator_80', 'generator_39', 'generator_82', 'generator_83']
number opened: 1
TRIAL 8
Action chosen: (white, purple)
Outcome: False
partcle ids: ['generator_65', 'generator_49', 'generator_43', 'generator_39', 'similar_color_5', 'generator_67', 'generator_68', 'similar_color_4', 'generator_54', 'generator_62', 'generator_70', 'generator_62', 'generator_58', 'generator_71', 'generator_72', 'generator_73', 'generator_54', 'generator_31', 'generator_38', 'generator_62', 'generator_76', 'generator_77', 'generator_61', 'generator_38', 'generator_78', 'generator_79', 'generator_80', 'generator_39', 'generator_82', 'generator_83']
number opened: 1
TRIAL 9
Action chosen: (orange4, white)
Outcome: True
partcle ids: ['generator_61', 'generator_85', 'generator_33', 'generator_86', 'generator_61', 'generator_88', 'generator_89', 'generator_90', 'generator_43', 'generator_61', 'generator_54', 'generator_65', 'generator_61', 'generator_95', 'generator_61', 'generator_97', 'generator_43', 'generator_98', 'generator_99', 'generator_100', 'generator_54', 'generator_101', 'generator_102', 'generator_54', 'generator_104', 'generator_43', 'generator_106', 'generator_54', 'generator_54', 'generator_109']
number opened: 2
TRIAL 10
Action chosen: (triangle, blue)
Outcome: False
partcle ids: ['generator_61', 'generator_85', 'generator_33', 'generator_86', 'generator_61', 'generator_88', 'generator_89', 'generator_90', 'generator_43', 'generator_61', 'generator_54', 'generator_65', 'generator_61', 'generator_95', 'generator_61', 'generator_97', 'generator_43', 'generator_98', 'generator_99', 'generator_100', 'generator_54', 'generator_101', 'generator_102', 'generator_54', 'generator_104', 'generator_43', 'generator_106', 'generator_54', 'generator_54', 'generator_109']
number opened: 2
TRIAL 11
Action chosen: (pink, purple)
Outcome: False
partcle ids: ['generator_61', 'generator_85', 'generator_33', 'generator_86', 'generator_61', 'generator_88', 'generator_89', 'generator_90', 'generator_43', 'generator_61', 'generator_54', 'generator_65', 'generator_61', 'generator_95', 'generator_61', 'generator_97', 'generator_43', 'generator_98', 'generator_99', 'generator_100', 'generator_54', 'generator_101', 'generator_102', 'generator_54', 'generator_104', 'generator_43', 'generator_106', 'generator_54', 'generator_54', 'generator_109']
number opened: 2
TRIAL 12
Action chosen: (white, pink)
Outcome: False
partcle ids: ['generator_95', 'generator_111', 'generator_101', 'generator_113', 'generator_86', 'generator_115', 'generator_106', 'generator_117', 'generator_101', 'generator_119', 'generator_120', 'generator_100', 'generator_109', 'generator_106', 'generator_101', 'generator_123', 'generator_88', 'generator_125', 'generator_126', 'generator_101', 'generator_95', 'generator_129', 'generator_86', 'generator_131', 'generator_132', 'generator_65', 'generator_134', 'generator_100', 'generator_106', 'generator_86']
number opened: 2
TRIAL 13
Action chosen: (grey2, purple)
Outcome: False
partcle ids: ['generator_95', 'generator_111', 'generator_101', 'generator_113', 'generator_86', 'generator_115', 'generator_106', 'generator_117', 'generator_101', 'generator_119', 'generator_120', 'generator_100', 'generator_109', 'generator_106', 'generator_101', 'generator_123', 'generator_88', 'generator_125', 'generator_126', 'generator_101', 'generator_95', 'generator_129', 'generator_86', 'generator_131', 'generator_132', 'generator_65', 'generator_134', 'generator_100', 'generator_106', 'generator_86']
number opened: 2
TRIAL 14
Action chosen: (green3, pink)
Outcome: False
partcle ids: ['generator_95', 'generator_111', 'generator_101', 'generator_113', 'generator_86', 'generator_115', 'generator_106', 'generator_117', 'generator_101', 'generator_119', 'generator_120', 'generator_100', 'generator_109', 'generator_106', 'generator_101', 'generator_123', 'generator_88', 'generator_125', 'generator_126', 'generator_101', 'generator_95', 'generator_129', 'generator_86', 'generator_131', 'generator_132', 'generator_65', 'generator_134', 'generator_100', 'generator_106', 'generator_86']
number opened: 2
TRIAL 15
Action chosen: (yellow5, purple)
Outcome: False
partcle ids: ['generator_138', 'generator_139', 'generator_113', 'generator_117', 'number_match', 'generator_141', 'generator_86', 'generator_142', 'generator_125', 'generator_144', 'generator_111', 'generator_145', 'generator_117', 'generator_147', 'generator_148', 'generator_117', 'generator_123', 'generator_125', 'generator_151', 'generator_152', 'generator_153', 'generator_154', 'generator_86', 'generator_125', 'generator_157', 'generator_95', 'generator_117', 'generator_125', 'generator_160', 'generator_125']
number opened: 2
TRIAL 16
Action chosen: (diamond, pink)
Outcome: False
partcle ids: ['generator_138', 'generator_139', 'generator_113', 'generator_117', 'number_match', 'generator_141', 'generator_86', 'generator_142', 'generator_125', 'generator_144', 'generator_111', 'generator_145', 'generator_117', 'generator_147', 'generator_148', 'generator_117', 'generator_123', 'generator_125', 'generator_151', 'generator_152', 'generator_153', 'generator_154', 'generator_86', 'generator_125', 'generator_157', 'generator_95', 'generator_117', 'generator_125', 'generator_160', 'generator_125']
number opened: 2
TRIAL 17
Action chosen: (grey2, pink)
Outcome: True
partcle ids: ['generator_141', 'generator_163', 'generator_164', 'generator_141', 'generator_165', 'generator_166', 'generator_167', 'generator_123', 'generator_117', 'generator_123', 'generator_170', 'number_match', 'generator_117', 'generator_163', 'generator_172', 'generator_173', 'generator_174', 'generator_113', 'generator_123', 'generator_117', 'generator_166', 'generator_176', 'generator_177', 'generator_166', 'generator_178', 'generator_179', 'generator_180', 'generator_181', 'generator_182', 'generator_183']
number opened: 3
TRIAL 18
Action chosen: (cloud, purple)
Outcome: False
partcle ids: ['generator_141', 'generator_163', 'generator_164', 'generator_141', 'generator_165', 'generator_166', 'generator_167', 'generator_123', 'generator_117', 'generator_123', 'generator_170', 'number_match', 'generator_117', 'generator_163', 'generator_172', 'generator_173', 'generator_174', 'generator_113', 'generator_123', 'generator_117', 'generator_166', 'generator_176', 'generator_177', 'generator_166', 'generator_178', 'generator_179', 'generator_180', 'generator_181', 'generator_182', 'generator_183']
number opened: 3
TRIAL 19
Action chosen: (yellow5, blue)
Outcome: True
partcle ids: ['generator_174', 'generator_174', 'generator_123', 'generator_123', 'generator_123', 'generator_185', 'generator_181', 'generator_181', 'number_match', 'number_match', 'generator_174', 'generator_185', 'generator_181', 'generator_181', 'number_match', 'generator_186', 'generator_181', 'generator_123', 'generator_181', 'generator_174', 'generator_174', 'generator_181', 'generator_123', 'generator_186', 'generator_186', 'number_match', 'generator_123', 'generator_186', 'generator_174', 'generator_181']
number opened: 4
TRIAL 20
Action chosen: (blue, purple)
Outcome: False
partcle ids: ['generator_174', 'generator_174', 'generator_123', 'generator_123', 'generator_123', 'generator_185', 'generator_181', 'generator_181', 'number_match', 'number_match', 'generator_174', 'generator_185', 'generator_181', 'generator_181', 'number_match', 'generator_186', 'generator_181', 'generator_123', 'generator_181', 'generator_174', 'generator_174', 'generator_181', 'generator_123', 'generator_186', 'generator_186', 'number_match', 'generator_123', 'generator_186', 'generator_174', 'generator_181']
number opened: 4
TRIAL 21
Action chosen: (triangle, purple)
Outcome: False
partcle ids: ['generator_174', 'generator_174', 'generator_123', 'generator_123', 'generator_123', 'generator_185', 'generator_181', 'generator_181', 'number_match', 'number_match', 'generator_174', 'generator_185', 'generator_181', 'generator_181', 'number_match', 'generator_186', 'generator_181', 'generator_123', 'generator_181', 'generator_174', 'generator_174', 'generator_181', 'generator_123', 'generator_186', 'generator_186', 'number_match', 'generator_123', 'generator_186', 'generator_174', 'generator_181']
number opened: 4
TRIAL 22
Action chosen: (purple, purple)
Outcome: False
partcle ids: ['generator_185', 'generator_186', 'generator_185', 'generator_168', 'generator_186', 'generator_185', 'generator_186', 'generator_184', 'generator_186', 'generator_185', 'generator_186', 'generator_185', 'generator_186', 'number_match', 'generator_186', 'number_match', 'generator_185', 'number_match', 'number_match', 'generator_185', 'generator_185', 'number_match', 'generator_186', 'number_match', 'generator_181', 'generator_185', 'number_match', 'generator_181', 'generator_168', 'number_match']
number opened: 4
TRIAL 23
Action chosen: (heart, purple)
Outcome: False
partcle ids: ['generator_185', 'generator_186', 'generator_185', 'generator_168', 'generator_186', 'generator_185', 'generator_186', 'generator_184', 'generator_186', 'generator_185', 'generator_186', 'generator_185', 'generator_186', 'number_match', 'generator_186', 'number_match', 'generator_185', 'number_match', 'number_match', 'generator_185', 'generator_185', 'number_match', 'generator_186', 'number_match', 'generator_181', 'generator_185', 'number_match', 'generator_181', 'generator_168', 'number_match']
number opened: 4
TRIAL 24
Action chosen: (green3, purple)
Outcome: True
partcle ids: ['number_match', 'number_match', 'number_match', 'number_match', 'number_match', 'number_match', 'number_match', 'number_match', 'number_match', 'number_match', 'number_match', 'number_match', 'number_match', 'number_match', 'number_match', 'number_match', 'number_match', 'number_match', 'number_match', 'number_match', 'number_match', 'number_match', 'number_match', 'number_match', 'number_match', 'number_match', 'number_match', 'number_match', 'number_match', 'number_match']
number opened: 5
{"attempts": 24, "unique_key_box_pairs": 24, "revisit_attempts": 0, "revisit_rate": 0.0, "attempts_before_abandoning_color_matching": 2, "color_matching_abandoned": true}
