{"Child_ID": "D031", "SoC_variant": "SoC-Gen", "theta": [19, 1], "p_gen": 0.7, "true_prior": 0.02, "run_number": 76, "seed": 1361754442358279265}
TRIAL 1
Action chosen: (red, red)
Outcome: True
partcle ids: ['generator_20', 'similar_color_7', 'generator_21', 'similar_color_8', 'generator_22', 'order_match', 'generator_23', 'generator_24', 'similar_color_14', 'generator_25', 'generator_26', 'generator_27', 'similar_color_9', 'generator_28', 'generator_29', 'generator_30', 'similar_color_4', 'generator_7', 'generator_31', 'generator_32', 'generator_33', 'generator_34', 'similar_color_1', 'generator_35', 'generator_36', 'generator_37', 'generator_38', 'generator_39', 'generator_40', 'generator_41']
number opened: 1
TRIAL 2
Action chosen: (purple, purple)
Outcome: False
partcle ids: ['generator_20', 'similar_color_7', 'generator_21', 'similar_color_8', 'generator_22', 'order_match', 'generator_23', 'generator_24', 'similar_color_14', 'generator_25', 'generator_26', 'generator_27', 'similar_color_9', 'generator_28', 'generator_29', 'generator_30', 'similar_color_4', 'generator_7', 'generator_31', 'generator_32', 'generator_33', 'generator_34', 'similar_color_1', 'generator_35', 'generator_36', 'generator_37', 'generator_38', 'generator_39', 'generator_40', 'generator_41']
number opened: 1
TRIAL 3
Action chosen: (pink, purple)
Outcome: False
partcle ids: ['generator_20', 'similar_color_7', 'generator_21', 'similar_color_8', 'generator_22', 'order_match', 'generator_23', 'generator_24', 'similar_color_14', 'generator_25', 'generator_26', 'generator_27', 'similar_color_9', 'generator_28', 'generator_29', 'generator_30', 'similar_color_4', 'generator_7', 'generator_31', 'generator_32', 'generator_33', 'generator_34', 'similar_color_1', 'generator_35', 'generator_36', 'generator_37', 'generator_38', 'generator_39', 'generator_40', 'generator_41']
number opened: 1
TRIAL 4
Action chosen: (purple, white)
Outcome: False
partcle ids: ['generator_42', 'generator_30', 'generator_43', 'generator_44', 'generator_34', 'generator_46', 'generator_47', 'generator_48', 'generator_25', 'generator_50', 'generator_51', 'generator_30', 'generator_7', 'generator_27', 'generator_53', 'generator_28', 'generator_54', 'generator_55', 'generator_56', 'generator_57', 'generator_58', 'generator_39', 'generator_59', 'generator_39', 'generator_61', 'generator_27', 'generator_62', 'generator_39', 'generator_7', 'generator_64']
number opened: 1
TRIAL 5
Action chosen: (white, purple)
Outcome: False
partcle ids: ['generator_42', 'generator_30', 'generator_43', 'generator_44', 'generator_34', 'generator_46', 'generator_47', 'generator_48', 'generator_25', 'generator_50', 'generator_51', 'generator_30', 'generator_7', 'generator_27', 'generator_53', 'generator_28', 'generator_54', 'generator_55', 'generator_56', 'generator_57', 'generator_58', 'generator_39', 'generator_59', 'generator_39', 'generator_61', 'generator_27', 'generator_62', 'generator_39', 'generator_7', 'generator_64']
number opened: 1
TRIAL 6
Action chosen: (blue, pink)
Outcome: False
partcle ids: ['generator_42', 'generator_30', 'generator_43', 'generator_44', 'generator_34', 'generator_46', 'generator_47', 'generator_48', 'generator_25', 'generator_50', 'generator_51', 'generator_30', 'generator_7', 'generator_27', 'generator_53', 'generator_28', 'generator_54', 'generator_55', 'generator_56', 'generator_57', 'generator_58', 'generator_39', 'generator_59', 'generator_39', 'generator_61', 'generator_27', 'generator_62', 'generator_39', 'generator_7', 'generator_64']
number opened: 1
TRIAL 7
Action chosen: (diamond, purple)
Outcome: False
partcle ids: ['generator_65', 'generator_25', 'generator_67', 'generator_68', 'generator_69', 'generator_30', 'generator_30', 'generator_46', 'generator_54', 'generator_71', 'generator_61', 'generator_28', 'generator_62', 'generator_46', 'generator_74', 'generator_75', 'generator_76', 'generator_77', 'generator_61', 'generator_79', 'generator_80', 'generator_81', 'generator_30', 'generator_50', 'generator_83', 'generator_84', 'generator_85', 'generator_86', 'generator_87', 'generator_64']
number opened: 1
TRIAL 8
Action chosen: (blue, white)
Outcome: False
partcle ids: ['generator_65', 'generator_25', 'generator_67', 'generator_68', 'generator_69', 'generator_30', 'generator_30', 'generator_46', 'generator_54', 'generator_71', 'generator_61', 'generator_28', 'generator_62', 'generator_46', 'generator_74', 'generator_75', 'generator_76', 'generator_77', 'generator_61', 'generator_79', 'generator_80', 'generator_81', 'generator_30', 'generator_50', 'generator_83', 'generator_84', 'generator_85', 'generator_86', 'generator_87', 'generator_64']
number opened: 1
TRIAL 9
Action chosen: (orange4, purple)
Outcome: False
partcle ids: ['generator_65', 'generator_25', 'generator_67', 'generator_68', 'generator_69', 'generator_30', 'generator_30', 'generator_46', 'generator_54', 'generator_71', 'generator_61', 'generator_28', 'generator_62', 'generator_46', 'generator_74', 'generator_75', 'generator_76', 'generator_77', 'generator_61', 'generator_79', 'generator_80', 'generator_81', 'generator_30', 'generator_50', 'generator_83', 'generator_84', 'generator_85', 'generator_86', 'generator_87', 'generator_64']
number opened: 1
TRIAL 10
Action chosen: (orange4, white)
Outcome: True
partcle ids: ['generator_89', 'generator_90', 'generator_91', 'generator_92', 'generator_93', 'generator_94', 'generator_89', 'generator_95', 'generator_96', 'generator_97', 'generator_98', 'generator_86', 'generator_100', 'generator_86', 'generator_102', 'generator_103', 'generator_104', 'generator_105', 'generator_106', 'generator_107', 'generator_108', 'generator_109', 'generator_110', 'generator_62', 'generator_112', 'generator_62', 'generator_114', 'generator_115', 'generator_116', 'generator_79']
number opened: 2
TRIAL 11
Action chosen: (green3, pink)
Outcome: False
partcle ids: ['generator_89', 'generator_90', 'generator_91', 'generator_92', 'generator_93', 'generator_94', 'generator_89', 'generator_95', 'generator_96', 'generator_97', 'generator_98', 'generator_86', 'generator_100', 'generator_86', 'generator_102', 'generator_103', 'generator_104', 'generator_105', 'generator_106', 'generator_107', 'generator_108', 'generator_109', 'generator_110', 'generator_62', 'generator_112', 'generator_62', 'generator_114', 'generator_115', 'generator_116', 'generator_79']
number opened: 2
TRIAL 12
Action chosen: (purple, blue)
Outcome: False
partcle ids: ['generator_89', 'generator_90', 'generator_91', 'generator_92', 'generator_93', 'generator_94', 'generator_89', 'generator_95', 'generator_96', 'generator_97', 'generator_98', 'generator_86', 'generator_100', 'generator_86', 'generator_102', 'generator_103', 'generator_104', 'generator_105', 'generator_106', 'generator_107', 'generator_108', 'generator_109', 'generator_110', 'generator_62', 'generator_112', 'generator_62', 'generator_114', 'generator_115', 'generator_116', 'generator_79']
number opened: 2
TRIAL 13
Action chosen: (white, blue)
Outcome: False
partcle ids: ['generator_93', 'generator_112', 'generator_119', 'generator_120', 'generator_97', 'generator_122', 'generator_110', 'generator_110', 'generator_125', 'generator_126', 'generator_127', 'generator_91', 'generator_79', 'generator_130', 'number_match', 'generator_110', 'generator_112', 'generator_91', 'generator_134', 'generator_84', 'generator_93', 'generator_136', 'generator_137', 'generator_110', 'generator_138', 'generator_139', 'generator_64', 'generator_140', 'generator_93', 'generator_96']
number opened: 2
TRIAL 14
Action chosen: (blue, purple)
Outcome: False
partcle ids: ['generator_93', 'generator_112', 'generator_119', 'generator_120', 'generator_97', 'generator_122', 'generator_110', 'generator_110', 'generator_125', 'generator_126', 'generator_127', 'generator_91', 'generator_79', 'generator_130', 'number_match', 'generator_110', 'generator_112', 'generator_91', 'generator_134', 'generator_84', 'generator_93', 'generator_136', 'generator_137', 'generator_110', 'generator_138', 'generator_139', 'generator_64', 'generator_140', 'generator_93', 'generator_96']
number opened: 2
TRIAL 15
Action chosen: (grey2, blue)
Outcome: False
partcle ids: ['generator_93', 'generator_112', 'generator_119', 'generator_120', 'generator_97', 'generator_122', 'generator_110', 'generator_110', 'generator_125', 'generator_126', 'generator_127', 'generator_91', 'generator_79', 'generator_130', 'number_match', 'generator_110', 'generator_112', 'generator_91', 'generator_134', 'generator_84', 'generator_93', 'generator_136', 'generator_137', 'generator_110', 'generator_138', 'generator_139', 'generator_64', 'generator_140', 'generator_93', 'generator_96']
number opened: 2
TRIAL 16
Action chosen: (yellow5, blue)
Outcome: True
partcle ids: ['generator_143', 'generator_138', 'generator_145', 'generator_136', 'generator_138', 'generator_120', 'generator_120', 'generator_120', 'generator_136', 'generator_130', 'generator_138', 'generator_149', 'generator_150', 'generator_138', 'generator_126', 'generator_95', 'generator_153', 'generator_130', 'generator_126', 'generator_136', 'generator_156', 'generator_126', 'generator_126', 'generator_120', 'generator_126', 'generator_138', 'generator_162', 'generator_120', 'generator_138', 'generator_156']
number opened: 3
TRIAL 17
Action chosen: (pink, pink)
Outcome: False
partcle ids: ['generator_143', 'generator_138', 'generator_145', 'generator_136', 'generator_138', 'generator_120', 'generator_120', 'generator_120', 'generator_136', 'generator_130', 'generator_138', 'generator_149', 'generator_150', 'generator_138', 'generator_126', 'generator_95', 'generator_153', 'generator_130', 'generator_126', 'generator_136', 'generator_156', 'generator_126', 'generator_126', 'generator_120', 'generator_126', 'generator_138', 'generator_162', 'generator_120', 'generator_138', 'generator_156']
number opened: 3
TRIAL 18
Action chosen: (triangle, purple)
Outcome: False
partcle ids: ['generator_143', 'generator_164', 'generator_149', 'generator_120', 'generator_153', 'generator_138', 'generator_149', 'generator_143', 'generator_169', 'generator_120', 'generator_143', 'generator_153', 'generator_172', 'generator_120', 'generator_42', 'generator_173', 'generator_174', 'generator_145', 'generator_120', 'generator_177', 'generator_178', 'generator_120', 'generator_177', 'generator_143', 'generator_181', 'generator_143', 'generator_182', 'generator_120', 'generator_183', 'generator_172']
number opened: 3
TRIAL 19
Action chosen: (green3, purple)
Outcome: True
partcle ids: ['generator_120', 'generator_184', 'generator_184', 'generator_178', 'generator_120', 'generator_185', 'generator_120', 'generator_183', 'generator_178', 'generator_183', 'generator_145', 'generator_174', 'generator_120', 'generator_178', 'generator_184', 'number_match', 'number_match', 'generator_145', 'generator_145', 'generator_145', 'generator_120', 'generator_120', 'generator_185', 'number_match', 'generator_178', 'generator_120', 'generator_184', 'generator_178', 'generator_120', 'generator_120']
number opened: 4
TRIAL 20
Action chosen: (white, pink)
Outcome: False
partcle ids: ['generator_120', 'generator_184', 'generator_184', 'generator_178', 'generator_120', 'generator_185', 'generator_120', 'generator_183', 'generator_178', 'generator_183', 'generator_145', 'generator_174', 'generator_120', 'generator_178', 'generator_184', 'number_match', 'number_match', 'generator_145', 'generator_145', 'generator_145', 'generator_120', 'generator_120', 'generator_185', 'number_match', 'generator_178', 'generator_120', 'generator_184', 'generator_178', 'generator_120', 'generator_120']
number opened: 4
TRIAL 21
Action chosen: (diamond, pink)
Outcome: False
partcle ids: ['generator_120', 'generator_184', 'generator_184', 'generator_178', 'generator_120', 'generator_185', 'generator_120', 'generator_183', 'generator_178', 'generator_183', 'generator_145', 'generator_174', 'generator_120', 'generator_178', 'generator_184', 'number_match', 'number_match', 'generator_145', 'generator_145', 'generator_145', 'generator_120', 'generator_120', 'generator_185', 'number_match', 'generator_178', 'generator_120', 'generator_184', 'generator_178', 'generator_120', 'generator_120']
number opened: 4
TRIAL 22
Action chosen: (cloud, pink)
Outcome: False
partcle ids: ['generator_185', 'number_match', 'generator_185', 'generator_145', 'number_match', 'generator_185', 'number_match', 'generator_185', 'generator_183', 'generator_145', 'generator_183', 'generator_183', 'generator_120', 'number_match', 'generator_178', 'generator_145', 'generator_183', 'number_match', 'number_match', 'generator_145', 'number_match', 'number_match', 'generator_185', 'generator_185', 'generator_185', 'generator_145', 'generator_185', 'generator_185', 'generator_120', 'generator_185']
number opened: 4
TRIAL 23
Action chosen: (purple, pink)
Outcome: False
partcle ids: ['generator_185', 'number_match', 'generator_185', 'generator_145', 'number_match', 'generator_185', 'number_match', 'generator_185', 'generator_183', 'generator_145', 'generator_183', 'generator_183', 'generator_120', 'number_match', 'generator_178', 'generator_145', 'generator_183', 'number_match', 'number_match', 'generator_145', 'number_match', 'number_match', 'generator_185', 'generator_185', 'generator_185', 'generator_145', 'generator_185', 'generator_185', 'generator_120', 'generator_185']
number opened: 4
TRIAL 24
Action chosen: (grey2, pink)
Outcome: True
partcle ids: ['number_match', 'number_match', 'number_match', 'number_match', 'number_match', 'number_match', 'number_match', 'number_match', 'number_match', 'number_match', 'number_match', 'number_match', 'number_match', 'number_match', 'number_match', 'number_match', 'number_match', 'number_match', 'number_match', 'number_match', 'number_match', 'number_match', 'number_match', 'number_match', 'number_match', 'number_match', 'number_match', 'number_match', 'number_match', 'number_match']
number opened: 5
{"attempts": 24, "unique_key_box_pairs": 24, "revisit_attempts": 0, "revisit_rate": 0.0, "attempts_before_abandoning_color_matching": 2, "color_matching_abandoned": true}
