{"Child_ID": "D031", "SoC_variant": "SoC-Gen", "theta": [19, 1], "p_gen": 0.7, "true_prior": 0.02, "run_number": 60, "seed": 6738476997443271876}
TRIAL 1
Action chosen: (red, red)
Outcome: True
partcle ids: ['generator_23', 'generator_24', 'generator_25', 'generator_17', 'generator_26', 'generator_27', 'generator_28', 'generator_29', 'generator_30', 'generator_31', 'generator_4', 'generator_17', 'generator_32', 'generator_33', 'generator_34', 'generator_7', 'generator_35', 'generator_36', 'generator_37', 'generator_38', 'generator_39', 'generator_40', 'generator_4', 'generator_41', 'generator_42', 'similar_color_5', 'generator_43', 'generator_44', 'generator_45', 'generator_46']
number opened: 1
TRIAL 2
Action chosen: (diamond, purple)
Outcome: False
partcle ids: ['generator_23', 'generator_24', 'generator_25', 'generator_17', 'generator_26', 'generator_27', 'generator_28', 'generator_29', 'generator_30', 'generator_31', 'generator_4', 'generator_17', 'generator_32', 'generator_33', 'generator_34', 'generator_7', 'generator_35', 'generator_36', 'generator_37', 'generator_38', 'generator_39', 'generator_40', 'generator_4', 'generator_41', 'generator_42', 'similar_color_5', 'generator_43', 'generator_44', 'generator_45', 'generator_46']
number opened: 1
TRIAL 3
Action chosen: (cloud, purple)
Outcome: False
partcle ids: ['generator_23', 'generator_24', 'generator_25', 'generator_17', 'generator_26', 'generator_27', 'generator_28', 'generator_29', 'generator_30', 'generator_31', 'generator_4', 'generator_17', 'generator_32', 'generator_33', 'generator_34', 'generator_7', 'generator_35', 'generator_36', 'generator_37', 'generator_38', 'generator_39', 'generator_40', 'generator_4', 'generator_41', 'generator_42', 'similar_color_5', 'generator_43', 'generator_44', 'generator_45', 'generator_46']
number opened: 1
TRIAL 4
Action chosen: (triangle, purple)
Outcome: False
partcle ids: ['generator_23', 'generator_24', 'generator_25', 'generator_17', 'generator_26', 'generator_27', 'generator_28', 'generator_29', 'generator_30', 'generator_31', 'generator_4', 'generator_17', 'generator_32', 'generator_33', 'generator_34', 'generator_7', 'generator_35', 'generator_36', 'generator_37', 'generator_38', 'generator_39', 'generator_40', 'generator_4', 'generator_41', 'generator_42', 'similar_color_5', 'generator_43', 'generator_44', 'generator_45', 'generator_46']
number opened: 1
TRIAL 5
Action chosen: (blue, white)
Outcome: False
partcle ids: ['generator_38', 'generator_25', 'generator_33', 'generator_25', 'generator_49', 'generator_50', 'generator_33', 'generator_33', 'generator_52', 'number_match', 'generator_53', 'generator_28', 'generator_54', 'generator_55', 'generator_56', 'generator_43', 'generator_57', 'generator_58', 'generator_37', 'generator_33', 'generator_59', 'generator_24', 'generator_60', 'generator_24', 'generator_33', 'generator_34', 'generator_38', 'generator_33', 'generator_38', 'generator_28']
number opened: 1
TRIAL 6
Action chosen: (white, white)
Outcome: False
partcle ids: ['generator_38', 'generator_25', 'generator_33', 'generator_25', 'generator_49', 'generator_50', 'generator_33', 'generator_33', 'generator_52', 'number_match', 'generator_53', 'generator_28', 'generator_54', 'generator_55', 'generator_56', 'generator_43', 'generator_57', 'generator_58', 'generator_37', 'generator_33', 'generator_59', 'generator_24', 'generator_60', 'generator_24', 'generator_33', 'generator_34', 'generator_38', 'generator_33', 'generator_38', 'generator_28']
number opened: 1
TRIAL 7
Action chosen: (heart, white)
Outcome: False
partcle ids: ['generator_55', 'generator_55', 'generator_65', 'generator_66', 'generator_53', 'generator_54', 'generator_68', 'generator_28', 'generator_28', 'generator_55', 'generator_56', 'generator_50', 'generator_70', 'generator_52', 'generator_72', 'generator_54', 'generator_73', 'generator_56', 'generator_28', 'generator_50', 'generator_76', 'generator_28', 'generator_52', 'generator_78', 'generator_55', 'generator_28', 'generator_81', 'generator_82', 'generator_57', 'generator_83']
number opened: 1
TRIAL 8
Action chosen: (cloud, blue)
Outcome: False
partcle ids: ['generator_55', 'generator_55', 'generator_65', 'generator_66', 'generator_53', 'generator_54', 'generator_68', 'generator_28', 'generator_28', 'generator_55', 'generator_56', 'generator_50', 'generator_70', 'generator_52', 'generator_72', 'generator_54', 'generator_73', 'generator_56', 'generator_28', 'generator_50', 'generator_76', 'generator_28', 'generator_52', 'generator_78', 'generator_55', 'generator_28', 'generator_81', 'generator_82', 'generator_57', 'generator_83']
number opened: 1
TRIAL 9
Action chosen: (diamond, blue)
Outcome: False
partcle ids: ['generator_55', 'generator_55', 'generator_65', 'generator_66', 'generator_53', 'generator_54', 'generator_68', 'generator_28', 'generator_28', 'generator_55', 'generator_56', 'generator_50', 'generator_70', 'generator_52', 'generator_72', 'generator_54', 'generator_73', 'generator_56', 'generator_28', 'generator_50', 'generator_76', 'generator_28', 'generator_52', 'generator_78', 'generator_55', 'generator_28', 'generator_81', 'generator_82', 'generator_57', 'generator_83']
number opened: 1
TRIAL 10
Action chosen: (heart, purple)
Outcome: False
partcle ids: ['generator_84', 'generator_85', 'generator_57', 'generator_52', 'generator_52', 'generator_88', 'generator_89', 'generator_83', 'generator_90', 'generator_91', 'generator_52', 'generator_52', 'generator_82', 'generator_81', 'generator_66', 'generator_52', 'generator_93', 'generator_94', 'generator_50', 'generator_52', 'generator_52', 'generator_97', 'generator_98', 'generator_50', 'generator_66', 'generator_52', 'generator_101', 'generator_102', 'generator_50', 'generator_103']
number opened: 1
TRIAL 11
Action chosen: (pink, pink)
Outcome: False
partcle ids: ['generator_84', 'generator_85', 'generator_57', 'generator_52', 'generator_52', 'generator_88', 'generator_89', 'generator_83', 'generator_90', 'generator_91', 'generator_52', 'generator_52', 'generator_82', 'generator_81', 'generator_66', 'generator_52', 'generator_93', 'generator_94', 'generator_50', 'generator_52', 'generator_52', 'generator_97', 'generator_98', 'generator_50', 'generator_66', 'generator_52', 'generator_101', 'generator_102', 'generator_50', 'generator_103']
number opened: 1
TRIAL 12
Action chosen: (pink, purple)
Outcome: False
partcle ids: ['generator_84', 'generator_85', 'generator_57', 'generator_52', 'generator_52', 'generator_88', 'generator_89', 'generator_83', 'generator_90', 'generator_91', 'generator_52', 'generator_52', 'generator_82', 'generator_81', 'generator_66', 'generator_52', 'generator_93', 'generator_94', 'generator_50', 'generator_52', 'generator_52', 'generator_97', 'generator_98', 'generator_50', 'generator_66', 'generator_52', 'generator_101', 'generator_102', 'generator_50', 'generator_103']
number opened: 1
TRIAL 13
Action chosen: (blue, purple)
Outcome: False
partcle ids: ['generator_93', 'generator_103', 'generator_84', 'generator_106', 'generator_103', 'generator_66', 'generator_103', 'generator_93', 'generator_111', 'generator_102', 'generator_112', 'generator_84', 'generator_89', 'generator_84', 'generator_94', 'generator_94', 'generator_84', 'generator_116', 'generator_103', 'generator_101', 'generator_118', 'generator_66', 'generator_120', 'generator_93', 'generator_101', 'generator_66', 'generator_101', 'generator_84', 'generator_84', 'generator_93']
number opened: 1
TRIAL 14
Action chosen: (orange4, white)
Outcome: True
partcle ids: ['generator_127', 'generator_66', 'generator_129', 'generator_84', 'generator_84', 'generator_132', 'generator_84', 'generator_133', 'generator_134', 'generator_66', 'generator_84', 'generator_84', 'generator_66', 'generator_84', 'generator_66', 'generator_141', 'generator_84', 'generator_84', 'generator_144', 'generator_84', 'generator_84', 'generator_84', 'generator_84', 'generator_66', 'generator_84', 'generator_150', 'generator_151', 'generator_84', 'generator_111', 'generator_111']
number opened: 2
TRIAL 15
Action chosen: (heart, pink)
Outcome: False
partcle ids: ['generator_127', 'generator_66', 'generator_129', 'generator_84', 'generator_84', 'generator_132', 'generator_84', 'generator_133', 'generator_134', 'generator_66', 'generator_84', 'generator_84', 'generator_66', 'generator_84', 'generator_66', 'generator_141', 'generator_84', 'generator_84', 'generator_144', 'generator_84', 'generator_84', 'generator_84', 'generator_84', 'generator_66', 'generator_84', 'generator_150', 'generator_151', 'generator_84', 'generator_111', 'generator_111']
number opened: 2
TRIAL 16
Action chosen: (green3, purple)
Outcome: True
partcle ids: ['generator_155', 'generator_66', 'generator_157', 'generator_158', 'generator_159', 'generator_133', 'generator_161', 'generator_158', 'generator_66', 'generator_163', 'generator_164', 'generator_66', 'generator_144', 'generator_155', 'generator_66', 'generator_167', 'generator_66', 'generator_66', 'generator_144', 'generator_170', 'generator_171', 'generator_172', 'generator_173', 'generator_144', 'generator_175', 'generator_144', 'generator_133', 'generator_177', 'generator_144', 'generator_133']
number opened: 3
TRIAL 17
Action chosen: (diamond, pink)
Outcome: False
partcle ids: ['generator_155', 'generator_66', 'generator_157', 'generator_158', 'generator_159', 'generator_133', 'generator_161', 'generator_158', 'generator_66', 'generator_163', 'generator_164', 'generator_66', 'generator_144', 'generator_155', 'generator_66', 'generator_167', 'generator_66', 'generator_66', 'generator_144', 'generator_170', 'generator_171', 'generator_172', 'generator_173', 'generator_144', 'generator_175', 'generator_144', 'generator_133', 'generator_177', 'generator_144', 'generator_133']
number opened: 3
TRIAL 18
Action chosen: (blue, blue)
Outcome: False
partcle ids: ['generator_179', 'generator_155', 'generator_180', 'generator_175', 'generator_181', 'generator_182', 'generator_133', 'generator_183', 'generator_133', 'generator_167', 'generator_167', 'generator_186', 'generator_157', 'number_match', 'generator_157', 'generator_187', 'generator_157', 'generator_159', 'generator_189', 'generator_158', 'generator_183', 'generator_157', 'generator_159', 'generator_133', 'generator_194', 'generator_133', 'generator_165', 'generator_133', 'generator_196', 'generator_164']
number opened: 3
TRIAL 19
Action chosen: (white, pink)
Outcome: False
partcle ids: ['generator_179', 'generator_155', 'generator_180', 'generator_175', 'generator_181', 'generator_182', 'generator_133', 'generator_183', 'generator_133', 'generator_167', 'generator_167', 'generator_186', 'generator_157', 'number_match', 'generator_157', 'generator_187', 'generator_157', 'generator_159', 'generator_189', 'generator_158', 'generator_183', 'generator_157', 'generator_159', 'generator_133', 'generator_194', 'generator_133', 'generator_165', 'generator_133', 'generator_196', 'generator_164']
number opened: 3
TRIAL 20
Action chosen: (cloud, pink)
Outcome: False
partcle ids: ['generator_179', 'generator_155', 'generator_180', 'generator_175', 'generator_181', 'generator_182', 'generator_133', 'generator_183', 'generator_133', 'generator_167', 'generator_167', 'generator_186', 'generator_157', 'number_match', 'generator_157', 'generator_187', 'generator_157', 'generator_159', 'generator_189', 'generator_158', 'generator_183', 'generator_157', 'generator_159', 'generator_133', 'generator_194', 'generator_133', 'generator_165', 'generator_133', 'generator_196', 'generator_164']
number opened: 3
TRIAL 21
Action chosen: (grey2, pink)
Outcome: True
partcle ids: ['number_match', 'generator_175', 'generator_175', 'generator_189', 'generator_175', 'generator_199', 'generator_167', 'generator_175', 'generator_167', 'generator_200', 'generator_199', 'number_match', 'generator_189', 'number_match', 'number_match', 'generator_200', 'generator_189', 'generator_167', 'number_match', 'generator_199', 'generator_200', 'number_match', 'generator_200', 'generator_175', 'generator_189', 'generator_189', 'generator_189', 'generator_200', 'number_match', 'generator_167']
number opened: 4
TRIAL 22
Action chosen: (yellow5, blue)
Outcome: True
partcle ids: ['number_match', 'number_match', 'number_match', 'number_match', 'number_match', 'number_match', 'number_match', 'number_match', 'number_match', 'number_match', 'number_match', 'number_match', 'number_match', 'number_match', 'number_match', 'number_match', 'number_match', 'number_match', 'number_match', 'number_match', 'number_match', 'number_match', 'number_match', 'number_match', 'number_match', 'number_match', 'number_match', 'number_match', 'number_match', 'number_match']
number opened: 5
{"attempts": 22, "unique_key_box_pairs": 22, "revisit_attempts": 0, "revisit_rate": 0.0, "attempts_before_abandoning_color_matching": 1, "color_matching_abandoned": true}
