{"Child_ID": "D007", "SoC_variant": "SoC-Gen", "theta": [19, 1], "p_gen": 0.9, "true_prior": 0.02, "run_number": 17, "seed": 3575266483546011568}
TRIAL 1
Action chosen: (red, red)
Outcome: True
partcle ids: ['generator_27', 'generator_28', 'generator_29', 'generator_30', 'generator_31', 'generator_32', 'number_match', 'number_match', 'generator_33', 'generator_34', 'generator_35', 'similar_color_8', 'generator_36', 'generator_37', 'generator_38', 'generator_39', 'generator_40', 'generator_41', 'generator_42', 'generator_43', 'generator_44', 'generator_45', 'generator_46', 'generator_47', 'generator_48', 'generator_49', 'generator_50', 'generator_51', 'generator_52', 'generator_53']
number opened: 1
TRIAL 2
Action chosen: (pink, white)
Outcome: False
partcle ids: ['generator_27', 'generator_28', 'generator_29', 'generator_30', 'generator_31', 'generator_32', 'number_match', 'number_match', 'generator_33', 'generator_34', 'generator_35', 'similar_color_8', 'generator_36', 'generator_37', 'generator_38', 'generator_39', 'generator_40', 'generator_41', 'generator_42', 'generator_43', 'generator_44', 'generator_45', 'generator_46', 'generator_47', 'generator_48', 'generator_49', 'generator_50', 'generator_51', 'generator_52', 'generator_53']
number opened: 1
TRIAL 3
Action chosen: (yellow5, pink)
Outcome: False
partcle ids: ['generator_27', 'generator_28', 'generator_29', 'generator_30', 'generator_31', 'generator_32', 'number_match', 'number_match', 'generator_33', 'generator_34', 'generator_35', 'similar_color_8', 'generator_36', 'generator_37', 'generator_38', 'generator_39', 'generator_40', 'generator_41', 'generator_42', 'generator_43', 'generator_44', 'generator_45', 'generator_46', 'generator_47', 'generator_48', 'generator_49', 'generator_50', 'generator_51', 'generator_52', 'generator_53']
number opened: 1
TRIAL 4
Action chosen: (grey2, pink)
Outcome: True
partcle ids: ['generator_54', 'generator_55', 'generator_56', 'generator_57', 'generator_58', 'generator_59', 'generator_60', 'generator_61', 'generator_62', 'generator_63', 'generator_64', 'generator_65', 'generator_66', 'generator_67', 'generator_68', 'generator_69', 'generator_70', 'generator_71', 'generator_72', 'generator_73', 'generator_74', 'generator_75', 'generator_76', 'generator_77', 'generator_30', 'generator_79', 'generator_32', 'generator_80', 'generator_81', 'generator_82']
number opened: 2
TRIAL 5
Action chosen: (yellow5, white)
Outcome: False
partcle ids: ['generator_54', 'generator_55', 'generator_56', 'generator_57', 'generator_58', 'generator_59', 'generator_60', 'generator_61', 'generator_62', 'generator_63', 'generator_64', 'generator_65', 'generator_66', 'generator_67', 'generator_68', 'generator_69', 'generator_70', 'generator_71', 'generator_72', 'generator_73', 'generator_74', 'generator_75', 'generator_76', 'generator_77', 'generator_30', 'generator_79', 'generator_32', 'generator_80', 'generator_81', 'generator_82']
number opened: 2
TRIAL 6
Action chosen: (heart, purple)
Outcome: False
partcle ids: ['generator_54', 'generator_55', 'generator_56', 'generator_57', 'generator_58', 'generator_59', 'generator_60', 'generator_61', 'generator_62', 'generator_63', 'generator_64', 'generator_65', 'generator_66', 'generator_67', 'generator_68', 'generator_69', 'generator_70', 'generator_71', 'generator_72', 'generator_73', 'generator_74', 'generator_75', 'generator_76', 'generator_77', 'generator_30', 'generator_79', 'generator_32', 'generator_80', 'generator_81', 'generator_82']
number opened: 2
TRIAL 7
Action chosen: (triangle, purple)
Outcome: False
partcle ids: ['generator_54', 'generator_55', 'generator_56', 'generator_57', 'generator_58', 'generator_59', 'generator_60', 'generator_61', 'generator_62', 'generator_63', 'generator_64', 'generator_65', 'generator_66', 'generator_67', 'generator_68', 'generator_69', 'generator_70', 'generator_71', 'generator_72', 'generator_73', 'generator_74', 'generator_75', 'generator_76', 'generator_77', 'generator_30', 'generator_79', 'generator_32', 'generator_80', 'generator_81', 'generator_82']
number opened: 2
TRIAL 8
Action chosen: (cloud, white)
Outcome: False
partcle ids: ['generator_83', 'generator_84', 'generator_85', 'generator_60', 'generator_60', 'generator_88', 'generator_89', 'generator_90', 'generator_71', 'generator_92', 'generator_54', 'generator_54', 'generator_95', 'generator_30', 'generator_96', 'generator_97', 'generator_68', 'generator_60', 'generator_100', 'generator_101', 'generator_102', 'generator_71', 'generator_104', 'generator_105', 'generator_68', 'generator_106', 'generator_30', 'generator_108', 'generator_60', 'generator_109']
number opened: 2
TRIAL 9
Action chosen: (white, white)
Outcome: False
partcle ids: ['generator_83', 'generator_84', 'generator_85', 'generator_60', 'generator_60', 'generator_88', 'generator_89', 'generator_90', 'generator_71', 'generator_92', 'generator_54', 'generator_54', 'generator_95', 'generator_30', 'generator_96', 'generator_97', 'generator_68', 'generator_60', 'generator_100', 'generator_101', 'generator_102', 'generator_71', 'generator_104', 'generator_105', 'generator_68', 'generator_106', 'generator_30', 'generator_108', 'generator_60', 'generator_109']
number opened: 2
TRIAL 10
Action chosen: (cloud, purple)
Outcome: False
partcle ids: ['generator_83', 'generator_84', 'generator_85', 'generator_60', 'generator_60', 'generator_88', 'generator_89', 'generator_90', 'generator_71', 'generator_92', 'generator_54', 'generator_54', 'generator_95', 'generator_30', 'generator_96', 'generator_97', 'generator_68', 'generator_60', 'generator_100', 'generator_101', 'generator_102', 'generator_71', 'generator_104', 'generator_105', 'generator_68', 'generator_106', 'generator_30', 'generator_108', 'generator_60', 'generator_109']
number opened: 2
TRIAL 11
Action chosen: (yellow5, purple)
Outcome: False
partcle ids: ['generator_83', 'generator_84', 'generator_85', 'generator_60', 'generator_60', 'generator_88', 'generator_89', 'generator_90', 'generator_71', 'generator_92', 'generator_54', 'generator_54', 'generator_95', 'generator_30', 'generator_96', 'generator_97', 'generator_68', 'generator_60', 'generator_100', 'generator_101', 'generator_102', 'generator_71', 'generator_104', 'generator_105', 'generator_68', 'generator_106', 'generator_30', 'generator_108', 'generator_60', 'generator_109']
number opened: 2
TRIAL 12
Action chosen: (purple, purple)
Outcome: False
partcle ids: ['generator_110', 'generator_95', 'generator_112', 'generator_88', 'generator_114', 'generator_95', 'generator_116', 'generator_117', 'generator_118', 'generator_119', 'generator_95', 'generator_88', 'generator_88', 'generator_95', 'generator_124', 'generator_125', 'generator_109', 'generator_105', 'generator_128', 'generator_88', 'generator_129', 'generator_130', 'generator_131', 'generator_132', 'generator_133', 'generator_134', 'generator_135', 'generator_104', 'generator_88', 'generator_138']
number opened: 2
TRIAL 13
Action chosen: (diamond, purple)
Outcome: False
partcle ids: ['generator_110', 'generator_95', 'generator_112', 'generator_88', 'generator_114', 'generator_95', 'generator_116', 'generator_117', 'generator_118', 'generator_119', 'generator_95', 'generator_88', 'generator_88', 'generator_95', 'generator_124', 'generator_125', 'generator_109', 'generator_105', 'generator_128', 'generator_88', 'generator_129', 'generator_130', 'generator_131', 'generator_132', 'generator_133', 'generator_134', 'generator_135', 'generator_104', 'generator_88', 'generator_138']
number opened: 2
TRIAL 14
Action chosen: (purple, white)
Outcome: False
partcle ids: ['generator_110', 'generator_95', 'generator_112', 'generator_88', 'generator_114', 'generator_95', 'generator_116', 'generator_117', 'generator_118', 'generator_119', 'generator_95', 'generator_88', 'generator_88', 'generator_95', 'generator_124', 'generator_125', 'generator_109', 'generator_105', 'generator_128', 'generator_88', 'generator_129', 'generator_130', 'generator_131', 'generator_132', 'generator_133', 'generator_134', 'generator_135', 'generator_104', 'generator_88', 'generator_138']
number opened: 2
TRIAL 15
Action chosen: (triangle, white)
Outcome: False
partcle ids: ['generator_139', 'generator_140', 'generator_141', 'generator_129', 'generator_67', 'generator_124', 'generator_143', 'generator_144', 'generator_114', 'generator_143', 'generator_114', 'generator_147', 'generator_110', 'generator_149', 'generator_150', 'generator_110', 'generator_110', 'generator_135', 'generator_132', 'generator_154', 'generator_131', 'generator_110', 'generator_110', 'generator_114', 'generator_130', 'generator_114', 'generator_161', 'generator_132', 'generator_163', 'generator_117']
number opened: 2
TRIAL 16
Action chosen: (orange4, white)
Outcome: True
partcle ids: ['generator_165', 'generator_110', 'generator_110', 'generator_168', 'generator_129', 'generator_110', 'generator_171', 'generator_172', 'generator_110', 'generator_132', 'generator_132', 'generator_176', 'generator_110', 'generator_110', 'generator_132', 'generator_147', 'generator_110', 'generator_110', 'generator_183', 'generator_184', 'generator_185', 'generator_186', 'generator_187', 'generator_84', 'generator_110', 'generator_129', 'generator_129', 'generator_110', 'generator_144', 'generator_110']
number opened: 3
TRIAL 17
Action chosen: (white, blue)
Outcome: False
partcle ids: ['generator_165', 'generator_110', 'generator_110', 'generator_168', 'generator_129', 'generator_110', 'generator_171', 'generator_172', 'generator_110', 'generator_132', 'generator_132', 'generator_176', 'generator_110', 'generator_110', 'generator_132', 'generator_147', 'generator_110', 'generator_110', 'generator_183', 'generator_184', 'generator_185', 'generator_186', 'generator_187', 'generator_84', 'generator_110', 'generator_129', 'generator_129', 'generator_110', 'generator_144', 'generator_110']
number opened: 3
TRIAL 18
Action chosen: (green3, purple)
Outcome: True
partcle ids: ['generator_132', 'generator_192', 'generator_192', 'generator_172', 'generator_67', 'generator_192', 'generator_176', 'generator_176', 'number_match', 'generator_132', 'generator_132', 'generator_193', 'generator_172', 'generator_132', 'generator_67', 'generator_183', 'generator_132', 'generator_172', 'generator_176', 'generator_176', 'generator_172', 'generator_172', 'number_match', 'generator_172', 'generator_67', 'generator_193', 'generator_67', 'generator_132', 'generator_193', 'generator_192']
number opened: 4
TRIAL 19
Action chosen: (cloud, blue)
Outcome: False
partcle ids: ['generator_132', 'generator_192', 'generator_192', 'generator_172', 'generator_67', 'generator_192', 'generator_176', 'generator_176', 'number_match', 'generator_132', 'generator_132', 'generator_193', 'generator_172', 'generator_132', 'generator_67', 'generator_183', 'generator_132', 'generator_172', 'generator_176', 'generator_176', 'generator_172', 'generator_172', 'number_match', 'generator_172', 'generator_67', 'generator_193', 'generator_67', 'generator_132', 'generator_193', 'generator_192']
number opened: 4
TRIAL 20
Action chosen: (triangle, blue)
Outcome: False
partcle ids: ['generator_132', 'generator_192', 'generator_192', 'generator_172', 'generator_67', 'generator_192', 'generator_176', 'generator_176', 'number_match', 'generator_132', 'generator_132', 'generator_193', 'generator_172', 'generator_132', 'generator_67', 'generator_183', 'generator_132', 'generator_172', 'generator_176', 'generator_176', 'generator_172', 'generator_172', 'number_match', 'generator_172', 'generator_67', 'generator_193', 'generator_67', 'generator_132', 'generator_193', 'generator_192']
number opened: 4
TRIAL 21
Action chosen: (purple, blue)
Outcome: False
partcle ids: ['generator_132', 'generator_192', 'generator_192', 'generator_172', 'generator_67', 'generator_192', 'generator_176', 'generator_176', 'number_match', 'generator_132', 'generator_132', 'generator_193', 'generator_172', 'generator_132', 'generator_67', 'generator_183', 'generator_132', 'generator_172', 'generator_176', 'generator_176', 'generator_172', 'generator_172', 'number_match', 'generator_172', 'generator_67', 'generator_193', 'generator_67', 'generator_132', 'generator_193', 'generator_192']
number opened: 4
TRIAL 22
Action chosen: (pink, blue)
Outcome: False
partcle ids: ['generator_110', 'generator_67', 'generator_67', 'number_match', 'number_match', 'generator_193', 'generator_172', 'generator_67', 'generator_192', 'number_match', 'generator_183', 'generator_67', 'number_match', 'generator_193', 'number_match', 'generator_183', 'generator_67', 'generator_67', 'generator_193', 'generator_67', 'generator_193', 'number_match', 'generator_67', 'generator_67', 'number_match', 'generator_67', 'generator_183', 'generator_67', 'generator_67', 'generator_193']
number opened: 4
TRIAL 23
Action chosen: (blue, blue)
Outcome: False
partcle ids: ['generator_110', 'generator_67', 'generator_67', 'number_match', 'number_match', 'generator_193', 'generator_172', 'generator_67', 'generator_192', 'number_match', 'generator_183', 'generator_67', 'number_match', 'generator_193', 'number_match', 'generator_183', 'generator_67', 'generator_67', 'generator_193', 'generator_67', 'generator_193', 'number_match', 'generator_67', 'generator_67', 'number_match', 'generator_67', 'generator_183', 'generator_67', 'generator_67', 'generator_193']
number opened: 4
TRIAL 24
Action chosen: (yellow5, blue)
Outcome: True
partcle ids: ['number_match', 'number_match', 'number_match', 'number_match', 'number_match', 'number_match', 'number_match', 'number_match', 'number_match', 'number_match', 'number_match', 'number_match', 'number_match', 'number_match', 'number_match', 'number_match', 'number_match', 'number_match', 'number_match', 'number_match', 'number_match', 'number_match', 'number_match', 'number_match', 'number_match', 'number_match', 'number_match', 'number_match', 'number_match', 'number_match']
number opened: 5
{"attempts": 24, "unique_key_box_pairs": 24, "revisit_attempts": 0, "revisit_rate": 0.0, "attempts_before_abandoning_color_matching": 1, "color_matching_abandoned": true}
