{"Child_ID": "D007", "SoC_variant": "SoC-Gen", "theta": [19, 1], "p_gen": 0.9, "true_prior": 0.02, "run_number": 15, "seed": 2197823655410997232}
TRIAL 1
Action chosen: (red, red)
Outcome: True
partcle ids: ['generator_25', 'generator_26', 'generator_19', 'generator_27', 'generator_28', 'generator_29', 'generator_30', 'generator_31', 'generator_32', 'generator_33', 'generator_1', 'generator_19', 'generator_34', 'generator_35', 'generator_36', 'generator_37', 'generator_38', 'generator_39', 'generator_40', 'generator_41', 'generator_42', 'generator_43', 'generator_44', 'number_match', 'generator_45', 'generator_46', 'similar_color_7', 'generator_47', 'generator_48', 'number_match']
number opened: 1
TRIAL 2
Action chosen: (pink, pink)
Outcome: False
partcle ids: ['generator_25', 'generator_26', 'generator_19', 'generator_27', 'generator_28', 'generator_29', 'generator_30', 'generator_31', 'generator_32', 'generator_33', 'generator_1', 'generator_19', 'generator_34', 'generator_35', 'generator_36', 'generator_37', 'generator_38', 'generator_39', 'generator_40', 'generator_41', 'generator_42', 'generator_43', 'generator_44', 'number_match', 'generator_45', 'generator_46', 'similar_color_7', 'generator_47', 'generator_48', 'number_match']
number opened: 1
TRIAL 3
Action chosen: (yellow5, blue)
Outcome: True
partcle ids: ['generator_49', 'generator_50', 'generator_51', 'generator_52', 'generator_53', 'generator_54', 'generator_55', 'generator_56', 'generator_57', 'generator_58', 'generator_59', 'generator_60', 'generator_61', 'generator_62', 'generator_63', 'generator_64', 'generator_65', 'generator_45', 'generator_67', 'generator_68', 'generator_36', 'generator_69', 'generator_70', 'generator_71', 'generator_72', 'generator_73', 'generator_74', 'generator_75', 'generator_76', 'generator_77']
number opened: 2
TRIAL 4
Action chosen: (green3, pink)
Outcome: False
partcle ids: ['generator_49', 'generator_50', 'generator_51', 'generator_52', 'generator_53', 'generator_54', 'generator_55', 'generator_56', 'generator_57', 'generator_58', 'generator_59', 'generator_60', 'generator_61', 'generator_62', 'generator_63', 'generator_64', 'generator_65', 'generator_45', 'generator_67', 'generator_68', 'generator_36', 'generator_69', 'generator_70', 'generator_71', 'generator_72', 'generator_73', 'generator_74', 'generator_75', 'generator_76', 'generator_77']
number opened: 2
TRIAL 5
Action chosen: (grey2, pink)
Outcome: True
partcle ids: ['generator_78', 'generator_69', 'generator_79', 'generator_80', 'generator_81', 'generator_82', 'generator_83', 'generator_84', 'generator_85', 'generator_86', 'generator_87', 'generator_88', 'generator_89', 'generator_90', 'generator_91', 'generator_77', 'generator_92', 'generator_83', 'generator_93', 'generator_94', 'generator_95', 'generator_96', 'generator_89', 'generator_97', 'generator_98', 'generator_86', 'generator_99', 'generator_99', 'generator_60', 'generator_100']
number opened: 3
TRIAL 6
Action chosen: (purple, purple)
Outcome: False
partcle ids: ['generator_78', 'generator_69', 'generator_79', 'generator_80', 'generator_81', 'generator_82', 'generator_83', 'generator_84', 'generator_85', 'generator_86', 'generator_87', 'generator_88', 'generator_89', 'generator_90', 'generator_91', 'generator_77', 'generator_92', 'generator_83', 'generator_93', 'generator_94', 'generator_95', 'generator_96', 'generator_89', 'generator_97', 'generator_98', 'generator_86', 'generator_99', 'generator_99', 'generator_60', 'generator_100']
number opened: 3
TRIAL 7
Action chosen: (triangle, white)
Outcome: False
partcle ids: ['generator_78', 'generator_69', 'generator_79', 'generator_80', 'generator_81', 'generator_82', 'generator_83', 'generator_84', 'generator_85', 'generator_86', 'generator_87', 'generator_88', 'generator_89', 'generator_90', 'generator_91', 'generator_77', 'generator_92', 'generator_83', 'generator_93', 'generator_94', 'generator_95', 'generator_96', 'generator_89', 'generator_97', 'generator_98', 'generator_86', 'generator_99', 'generator_99', 'generator_60', 'generator_100']
number opened: 3
TRIAL 8
Action chosen: (blue, white)
Outcome: False
partcle ids: ['generator_101', 'generator_102', 'generator_103', 'generator_104', 'generator_77', 'generator_82', 'generator_105', 'generator_106', 'generator_107', 'generator_83', 'generator_108', 'generator_100', 'generator_100', 'generator_85', 'generator_110', 'generator_111', 'generator_92', 'generator_112', 'generator_113', 'generator_114', 'generator_115', 'generator_116', 'generator_77', 'generator_85', 'generator_118', 'generator_119', 'generator_120', 'generator_95', 'generator_116', 'generator_121']
number opened: 3
TRIAL 9
Action chosen: (triangle, purple)
Outcome: False
partcle ids: ['generator_101', 'generator_102', 'generator_103', 'generator_104', 'generator_77', 'generator_82', 'generator_105', 'generator_106', 'generator_107', 'generator_83', 'generator_108', 'generator_100', 'generator_100', 'generator_85', 'generator_110', 'generator_111', 'generator_92', 'generator_112', 'generator_113', 'generator_114', 'generator_115', 'generator_116', 'generator_77', 'generator_85', 'generator_118', 'generator_119', 'generator_120', 'generator_95', 'generator_116', 'generator_121']
number opened: 3
TRIAL 10
Action chosen: (cloud, white)
Outcome: False
partcle ids: ['generator_101', 'generator_102', 'generator_103', 'generator_104', 'generator_77', 'generator_82', 'generator_105', 'generator_106', 'generator_107', 'generator_83', 'generator_108', 'generator_100', 'generator_100', 'generator_85', 'generator_110', 'generator_111', 'generator_92', 'generator_112', 'generator_113', 'generator_114', 'generator_115', 'generator_116', 'generator_77', 'generator_85', 'generator_118', 'generator_119', 'generator_120', 'generator_95', 'generator_116', 'generator_121']
number opened: 3
TRIAL 11
Action chosen: (purple, white)
Outcome: False
partcle ids: ['generator_101', 'generator_102', 'generator_103', 'generator_104', 'generator_77', 'generator_82', 'generator_105', 'generator_106', 'generator_107', 'generator_83', 'generator_108', 'generator_100', 'generator_100', 'generator_85', 'generator_110', 'generator_111', 'generator_92', 'generator_112', 'generator_113', 'generator_114', 'generator_115', 'generator_116', 'generator_77', 'generator_85', 'generator_118', 'generator_119', 'generator_120', 'generator_95', 'generator_116', 'generator_121']
number opened: 3
TRIAL 12
Action chosen: (white, purple)
Outcome: False
partcle ids: ['generator_114', 'generator_122', 'generator_102', 'generator_111', 'generator_102', 'number_match', 'generator_120', 'generator_114', 'order_match', 'generator_114', 'generator_79', 'generator_116', 'generator_124', 'generator_93', 'generator_125', 'generator_120', 'generator_114', 'number_match', 'generator_111', 'generator_102', 'generator_127', 'generator_115', 'generator_120', 'generator_116', 'generator_101', 'generator_115', 'generator_119', 'generator_130', 'generator_101', 'generator_119']
number opened: 3
TRIAL 13
Action chosen: (orange4, purple)
Outcome: False
partcle ids: ['generator_114', 'generator_122', 'generator_102', 'generator_111', 'generator_102', 'number_match', 'generator_120', 'generator_114', 'order_match', 'generator_114', 'generator_79', 'generator_116', 'generator_124', 'generator_93', 'generator_125', 'generator_120', 'generator_114', 'number_match', 'generator_111', 'generator_102', 'generator_127', 'generator_115', 'generator_120', 'generator_116', 'generator_101', 'generator_115', 'generator_119', 'generator_130', 'generator_101', 'generator_119']
number opened: 3
TRIAL 14
Action chosen: (green3, purple)
Outcome: True
partcle ids: ['generator_115', 'generator_79', 'generator_115', 'generator_115', 'generator_115', 'generator_119', 'generator_119', 'generator_115', 'generator_115', 'generator_132', 'number_match', 'generator_119', 'generator_119', 'generator_89', 'generator_115', 'generator_119', 'number_match', 'generator_119', 'generator_115', 'generator_81', 'generator_115', 'generator_115', 'generator_115', 'generator_79', 'generator_119', 'generator_115', 'generator_115', 'generator_131', 'number_match', 'generator_81']
number opened: 4
TRIAL 15
Action chosen: (white, white)
Outcome: False
partcle ids: ['generator_115', 'generator_79', 'generator_115', 'generator_115', 'generator_115', 'generator_119', 'generator_119', 'generator_115', 'generator_115', 'generator_132', 'number_match', 'generator_119', 'generator_119', 'generator_89', 'generator_115', 'generator_119', 'number_match', 'generator_119', 'generator_115', 'generator_81', 'generator_115', 'generator_115', 'generator_115', 'generator_79', 'generator_119', 'generator_115', 'generator_115', 'generator_131', 'number_match', 'generator_81']
number opened: 4
TRIAL 16
Action chosen: (diamond, white)
Outcome: False
partcle ids: ['number_match', 'generator_89', 'generator_108', 'number_match', 'generator_131', 'generator_79', 'number_match', 'generator_132', 'generator_79', 'generator_132', 'generator_79', 'generator_131', 'number_match', 'generator_108', 'generator_89', 'generator_79', 'number_match', 'generator_79', 'generator_132', 'generator_115', 'generator_115', 'generator_79', 'generator_132', 'number_match', 'number_match', 'number_match', 'generator_79', 'number_match', 'number_match', 'generator_131']
number opened: 4
TRIAL 17
Action chosen: (orange4, white)
Outcome: True
partcle ids: ['number_match', 'number_match', 'number_match', 'number_match', 'number_match', 'number_match', 'number_match', 'number_match', 'number_match', 'number_match', 'number_match', 'number_match', 'number_match', 'number_match', 'number_match', 'number_match', 'number_match', 'number_match', 'number_match', 'number_match', 'number_match', 'number_match', 'number_match', 'number_match', 'number_match', 'number_match', 'number_match', 'number_match', 'number_match', 'number_match']
number opened: 5
{"attempts": 17, "unique_key_box_pairs": 17, "revisit_attempts": 0, "revisit_rate": 0.0, "attempts_before_abandoning_color_matching": 2, "color_matching_abandoned": true}
