{"Child_ID": "D007", "SoC_variant": "SoC-Gen", "theta": [19, 1], "p_gen": 0.9, "true_prior": 0.02, "run_number": 73, "seed": 1339002821121745216}
TRIAL 1
Action chosen: (pink, red)
Outcome: False
partcle ids: ['generator_1', 'generator_2', 'generator_3', 'generator_4', 'generator_5', 'generator_6', 'generator_7', 'generator_8', 'generator_9', 'similar_color_4', 'generator_10', 'generator_11', 'generator_12', 'generator_13', 'generator_14', 'number_match', 'generator_15', 'generator_16', 'generator_17', 'generator_18', 'generator_19', 'generator_20', 'generator_21', 'generator_22', 'generator_23', 'generator_24', 'generator_25', 'similar_color_2', 'generator_26', 'generator_27']
number opened: 0
TRIAL 2
Action chosen: (white, purple)
Outcome: False
partcle ids: ['generator_1', 'generator_2', 'generator_3', 'generator_4', 'generator_5', 'generator_6', 'generator_7', 'generator_8', 'generator_9', 'similar_color_4', 'generator_10', 'generator_11', 'generator_12', 'generator_13', 'generator_14', 'number_match', 'generator_15', 'generator_16', 'generator_17', 'generator_18', 'generator_19', 'generator_20', 'generator_21', 'generator_22', 'generator_23', 'generator_24', 'generator_25', 'similar_color_2', 'generator_26', 'generator_27']
number opened: 0
TRIAL 3
Action chosen: (purple, purple)
Outcome: False
partcle ids: ['generator_1', 'generator_2', 'generator_3', 'generator_4', 'generator_5', 'generator_6', 'generator_7', 'generator_8', 'generator_9', 'similar_color_4', 'generator_10', 'generator_11', 'generator_12', 'generator_13', 'generator_14', 'number_match', 'generator_15', 'generator_16', 'generator_17', 'generator_18', 'generator_19', 'generator_20', 'generator_21', 'generator_22', 'generator_23', 'generator_24', 'generator_25', 'similar_color_2', 'generator_26', 'generator_27']
number opened: 0
TRIAL 4
Action chosen: (yellow5, blue)
Outcome: True
partcle ids: ['generator_23', 'generator_29', 'generator_30', 'generator_31', 'generator_32', 'generator_3', 'generator_23', 'generator_35', 'generator_36', 'generator_37', 'generator_38', 'generator_39', 'generator_3', 'generator_41', 'generator_3', 'generator_43', 'generator_44', 'generator_45', 'generator_46', 'generator_47', 'generator_48', 'generator_49', 'generator_50', 'generator_51', 'generator_52', 'generator_53', 'generator_54', 'generator_55', 'generator_56', 'generator_57']
number opened: 1
TRIAL 5
Action chosen: (white, white)
Outcome: False
partcle ids: ['generator_23', 'generator_29', 'generator_30', 'generator_31', 'generator_32', 'generator_3', 'generator_23', 'generator_35', 'generator_36', 'generator_37', 'generator_38', 'generator_39', 'generator_3', 'generator_41', 'generator_3', 'generator_43', 'generator_44', 'generator_45', 'generator_46', 'generator_47', 'generator_48', 'generator_49', 'generator_50', 'generator_51', 'generator_52', 'generator_53', 'generator_54', 'generator_55', 'generator_56', 'generator_57']
number opened: 1
TRIAL 6
Action chosen: (cloud, red)
Outcome: False
partcle ids: ['generator_23', 'generator_29', 'generator_30', 'generator_31', 'generator_32', 'generator_3', 'generator_23', 'generator_35', 'generator_36', 'generator_37', 'generator_38', 'generator_39', 'generator_3', 'generator_41', 'generator_3', 'generator_43', 'generator_44', 'generator_45', 'generator_46', 'generator_47', 'generator_48', 'generator_49', 'generator_50', 'generator_51', 'generator_52', 'generator_53', 'generator_54', 'generator_55', 'generator_56', 'generator_57']
number opened: 1
TRIAL 7
Action chosen: (orange4, white)
Outcome: True
partcle ids: ['generator_58', 'generator_59', 'generator_60', 'generator_61', 'generator_62', 'generator_63', 'generator_64', 'generator_65', 'generator_66', 'generator_52', 'generator_68', 'generator_69', 'generator_70', 'generator_71', 'generator_72', 'generator_44', 'generator_74', 'generator_75', 'generator_76', 'generator_77', 'generator_54', 'generator_54', 'generator_79', 'generator_80', 'generator_81', 'generator_54', 'generator_83', 'generator_37', 'generator_52', 'generator_85']
number opened: 2
TRIAL 8
Action chosen: (triangle, red)
Outcome: False
partcle ids: ['generator_58', 'generator_59', 'generator_60', 'generator_61', 'generator_62', 'generator_63', 'generator_64', 'generator_65', 'generator_66', 'generator_52', 'generator_68', 'generator_69', 'generator_70', 'generator_71', 'generator_72', 'generator_44', 'generator_74', 'generator_75', 'generator_76', 'generator_77', 'generator_54', 'generator_54', 'generator_79', 'generator_80', 'generator_81', 'generator_54', 'generator_83', 'generator_37', 'generator_52', 'generator_85']
number opened: 2
TRIAL 9
Action chosen: (white, pink)
Outcome: False
partcle ids: ['generator_58', 'generator_59', 'generator_60', 'generator_61', 'generator_62', 'generator_63', 'generator_64', 'generator_65', 'generator_66', 'generator_52', 'generator_68', 'generator_69', 'generator_70', 'generator_71', 'generator_72', 'generator_44', 'generator_74', 'generator_75', 'generator_76', 'generator_77', 'generator_54', 'generator_54', 'generator_79', 'generator_80', 'generator_81', 'generator_54', 'generator_83', 'generator_37', 'generator_52', 'generator_85']
number opened: 2
TRIAL 10
Action chosen: (green3, purple)
Outcome: True
partcle ids: ['generator_86', 'generator_71', 'generator_88', 'generator_89', 'generator_90', 'number_match', 'generator_89', 'generator_91', 'generator_92', 'generator_93', 'generator_94', 'generator_95', 'generator_88', 'generator_96', 'generator_61', 'generator_65', 'generator_70', 'generator_99', 'generator_100', 'generator_101', 'generator_71', 'generator_103', 'generator_65', 'generator_105', 'generator_106', 'generator_107', 'generator_108', 'generator_107', 'generator_71', 'generator_109']
number opened: 3
TRIAL 11
Action chosen: (grey2, pink)
Outcome: True
partcle ids: ['number_match', 'generator_71', 'generator_88', 'number_match', 'generator_88', 'generator_110', 'generator_71', 'generator_71', 'number_match', 'generator_111', 'generator_71', 'generator_71', 'generator_88', 'generator_110', 'generator_88', 'generator_111', 'generator_88', 'generator_71', 'generator_88', 'generator_71', 'generator_88', 'generator_113', 'generator_71', 'generator_88', 'generator_71', 'generator_97', 'generator_111', 'generator_110', 'generator_71', 'generator_113']
number opened: 4
TRIAL 12
Action chosen: (diamond, red)
Outcome: False
partcle ids: ['number_match', 'generator_71', 'generator_88', 'number_match', 'generator_88', 'generator_110', 'generator_71', 'generator_71', 'number_match', 'generator_111', 'generator_71', 'generator_71', 'generator_88', 'generator_110', 'generator_88', 'generator_111', 'generator_88', 'generator_71', 'generator_88', 'generator_71', 'generator_88', 'generator_113', 'generator_71', 'generator_88', 'generator_71', 'generator_97', 'generator_111', 'generator_110', 'generator_71', 'generator_113']
number opened: 4
TRIAL 13
Action chosen: (white, red)
Outcome: False
partcle ids: ['generator_110', 'generator_110', 'generator_110', 'generator_111', 'generator_110', 'number_match', 'generator_113', 'generator_113', 'generator_110', 'generator_113', 'generator_113', 'number_match', 'generator_111', 'generator_111', 'number_match', 'number_match', 'generator_113', 'number_match', 'generator_110', 'number_match', 'number_match', 'number_match', 'generator_111', 'generator_111', 'generator_111', 'generator_110', 'generator_110', 'generator_110', 'number_match', 'generator_111']
number opened: 4
TRIAL 14
Action chosen: (purple, red)
Outcome: False
partcle ids: ['generator_110', 'generator_110', 'generator_110', 'generator_111', 'generator_110', 'number_match', 'generator_113', 'generator_113', 'generator_110', 'generator_113', 'generator_113', 'number_match', 'generator_111', 'generator_111', 'number_match', 'number_match', 'generator_113', 'number_match', 'generator_110', 'number_match', 'number_match', 'number_match', 'generator_111', 'generator_111', 'generator_111', 'generator_110', 'generator_110', 'generator_110', 'number_match', 'generator_111']
number opened: 4
TRIAL 15
Action chosen: (red, red)
Outcome: True
partcle ids: ['number_match', 'number_match', 'number_match', 'number_match', 'number_match', 'number_match', 'number_match', 'number_match', 'number_match', 'number_match', 'number_match', 'number_match', 'number_match', 'number_match', 'number_match', 'number_match', 'number_match', 'number_match', 'number_match', 'number_match', 'number_match', 'number_match', 'number_match', 'number_match', 'number_match', 'number_match', 'number_match', 'number_match', 'number_match', 'number_match']
number opened: 5
{"attempts": 15, "unique_key_box_pairs": 15, "revisit_attempts": 0, "revisit_rate": 0.0, "attempts_before_abandoning_color_matching": 0, "color_matching_abandoned": true}
