{"Child_ID": "D007", "SoC_variant": "SoC-Gen", "theta": [19, 1], "p_gen": 0.9, "true_prior": 0.02, "run_number": 31, "seed": 7366106039549106113}
TRIAL 1
Action chosen: (purple, purple)
Outcome: False
partcle ids: ['generator_1', 'generator_2', 'generator_3', 'generator_4', 'generator_5', 'generator_6', 'order_match', 'similar_color_5', 'generator_7', 'generator_8', 'generator_9', 'generator_10', 'generator_11', 'generator_12', 'generator_13', 'generator_14', 'generator_15', 'generator_16', 'generator_17', 'generator_18', 'similar_color_4', 'generator_19', 'generator_20', 'generator_21', 'generator_22', 'generator_23', 'generator_24', 'similar_color_14', 'generator_25', 'generator_26']
number opened: 0
TRIAL 2
Action chosen: (white, purple)
Outcome: False
partcle ids: ['generator_1', 'generator_2', 'generator_3', 'generator_4', 'generator_5', 'generator_6', 'order_match', 'similar_color_5', 'generator_7', 'generator_8', 'generator_9', 'generator_10', 'generator_11', 'generator_12', 'generator_13', 'generator_14', 'generator_15', 'generator_16', 'generator_17', 'generator_18', 'similar_color_4', 'generator_19', 'generator_20', 'generator_21', 'generator_22', 'generator_23', 'generator_24', 'similar_color_14', 'generator_25', 'generator_26']
number opened: 0
TRIAL 3
Action chosen: (yellow5, red)
Outcome: False
partcle ids: ['generator_1', 'generator_2', 'generator_3', 'generator_4', 'generator_5', 'generator_6', 'order_match', 'similar_color_5', 'generator_7', 'generator_8', 'generator_9', 'generator_10', 'generator_11', 'generator_12', 'generator_13', 'generator_14', 'generator_15', 'generator_16', 'generator_17', 'generator_18', 'similar_color_4', 'generator_19', 'generator_20', 'generator_21', 'generator_22', 'generator_23', 'generator_24', 'similar_color_14', 'generator_25', 'generator_26']
number opened: 0
TRIAL 4
Action chosen: (diamond, purple)
Outcome: False
partcle ids: ['generator_27', 'generator_28', 'generator_29', 'generator_30', 'generator_31', 'generator_32', 'generator_33', 'generator_34', 'generator_35', 'generator_36', 'generator_7', 'generator_38', 'generator_22', 'generator_7', 'generator_7', 'generator_42', 'generator_17', 'generator_44', 'generator_45', 'generator_46', 'generator_47', 'generator_48', 'generator_7', 'generator_23', 'generator_5', 'number_match', 'generator_50', 'generator_51', 'order_match', 'generator_52']
number opened: 0
TRIAL 5
Action chosen: (triangle, white)
Outcome: False
partcle ids: ['generator_27', 'generator_28', 'generator_29', 'generator_30', 'generator_31', 'generator_32', 'generator_33', 'generator_34', 'generator_35', 'generator_36', 'generator_7', 'generator_38', 'generator_22', 'generator_7', 'generator_7', 'generator_42', 'generator_17', 'generator_44', 'generator_45', 'generator_46', 'generator_47', 'generator_48', 'generator_7', 'generator_23', 'generator_5', 'number_match', 'generator_50', 'generator_51', 'order_match', 'generator_52']
number opened: 0
TRIAL 6
Action chosen: (yellow5, blue)
Outcome: True
partcle ids: ['generator_53', 'generator_54', 'generator_55', 'generator_56', 'generator_57', 'generator_58', 'generator_59', 'generator_60', 'generator_38', 'generator_62', 'generator_63', 'generator_22', 'generator_22', 'generator_66', 'generator_67', 'generator_22', 'generator_69', 'generator_70', 'generator_71', 'generator_22', 'generator_73', 'generator_74', 'generator_75', 'generator_76', 'generator_77', 'generator_78', 'generator_79', 'generator_22', 'generator_22', 'generator_22']
number opened: 1
TRIAL 7
Action chosen: (grey2, red)
Outcome: False
partcle ids: ['generator_53', 'generator_54', 'generator_55', 'generator_56', 'generator_57', 'generator_58', 'generator_59', 'generator_60', 'generator_38', 'generator_62', 'generator_63', 'generator_22', 'generator_22', 'generator_66', 'generator_67', 'generator_22', 'generator_69', 'generator_70', 'generator_71', 'generator_22', 'generator_73', 'generator_74', 'generator_75', 'generator_76', 'generator_77', 'generator_78', 'generator_79', 'generator_22', 'generator_22', 'generator_22']
number opened: 1
TRIAL 8
Action chosen: (grey2, white)
Outcome: False
partcle ids: ['generator_53', 'generator_54', 'generator_55', 'generator_56', 'generator_57', 'generator_58', 'generator_59', 'generator_60', 'generator_38', 'generator_62', 'generator_63', 'generator_22', 'generator_22', 'generator_66', 'generator_67', 'generator_22', 'generator_69', 'generator_70', 'generator_71', 'generator_22', 'generator_73', 'generator_74', 'generator_75', 'generator_76', 'generator_77', 'generator_78', 'generator_79', 'generator_22', 'generator_22', 'generator_22']
number opened: 1
TRIAL 9
Action chosen: (pink, red)
Outcome: False
partcle ids: ['generator_82', 'generator_78', 'generator_84', 'generator_69', 'generator_60', 'generator_87', 'generator_88', 'generator_76', 'generator_90', 'generator_91', 'generator_92', 'generator_93', 'generator_69', 'generator_69', 'generator_53', 'generator_76', 'generator_98', 'generator_59', 'generator_76', 'generator_101', 'generator_102', 'generator_53', 'generator_104', 'generator_78', 'generator_67', 'generator_106', 'generator_107', 'generator_108', 'generator_109', 'generator_110']
number opened: 1
TRIAL 10
Action chosen: (pink, white)
Outcome: False
partcle ids: ['generator_82', 'generator_78', 'generator_84', 'generator_69', 'generator_60', 'generator_87', 'generator_88', 'generator_76', 'generator_90', 'generator_91', 'generator_92', 'generator_93', 'generator_69', 'generator_69', 'generator_53', 'generator_76', 'generator_98', 'generator_59', 'generator_76', 'generator_101', 'generator_102', 'generator_53', 'generator_104', 'generator_78', 'generator_67', 'generator_106', 'generator_107', 'generator_108', 'generator_109', 'generator_110']
number opened: 1
TRIAL 11
Action chosen: (red, white)
Outcome: False
partcle ids: ['generator_82', 'generator_78', 'generator_84', 'generator_69', 'generator_60', 'generator_87', 'generator_88', 'generator_76', 'generator_90', 'generator_91', 'generator_92', 'generator_93', 'generator_69', 'generator_69', 'generator_53', 'generator_76', 'generator_98', 'generator_59', 'generator_76', 'generator_101', 'generator_102', 'generator_53', 'generator_104', 'generator_78', 'generator_67', 'generator_106', 'generator_107', 'generator_108', 'generator_109', 'generator_110']
number opened: 1
TRIAL 12
Action chosen: (heart, purple)
Outcome: False
partcle ids: ['generator_107', 'generator_112', 'generator_93', 'generator_114', 'generator_102', 'generator_116', 'generator_117', 'generator_102', 'generator_60', 'generator_120', 'generator_121', 'generator_67', 'generator_123', 'generator_124', 'generator_125', 'generator_126', 'generator_127', 'generator_60', 'generator_129', 'generator_130', 'generator_131', 'generator_132', 'generator_133', 'generator_134', 'generator_135', 'generator_67', 'generator_88', 'generator_93', 'generator_139', 'generator_140']
number opened: 1
TRIAL 13
Action chosen: (orange4, white)
Outcome: True
partcle ids: ['generator_141', 'generator_60', 'generator_60', 'generator_144', 'generator_131', 'generator_121', 'generator_60', 'generator_148', 'generator_107', 'generator_150', 'generator_151', 'generator_152', 'number_match', 'generator_153', 'generator_154', 'generator_155', 'generator_131', 'generator_124', 'generator_158', 'generator_159', 'generator_160', 'generator_161', 'generator_162', 'generator_163', 'generator_164', 'generator_60', 'generator_131', 'generator_167', 'generator_168', 'generator_169']
number opened: 2
TRIAL 14
Action chosen: (green3, purple)
Outcome: True
partcle ids: ['generator_170', 'number_match', 'generator_171', 'generator_172', 'generator_173', 'generator_174', 'generator_175', 'generator_176', 'generator_177', 'generator_171', 'generator_178', 'generator_179', 'generator_60', 'generator_60', 'generator_170', 'generator_182', 'generator_183', 'generator_171', 'generator_184', 'generator_184', 'generator_185', 'generator_177', 'generator_186', 'generator_60', 'generator_152', 'generator_188', 'generator_183', 'generator_189', 'generator_107', 'generator_191']
number opened: 3
TRIAL 15
Action chosen: (heart, pink)
Outcome: False
partcle ids: ['generator_170', 'number_match', 'generator_171', 'generator_172', 'generator_173', 'generator_174', 'generator_175', 'generator_176', 'generator_177', 'generator_171', 'generator_178', 'generator_179', 'generator_60', 'generator_60', 'generator_170', 'generator_182', 'generator_183', 'generator_171', 'generator_184', 'generator_184', 'generator_185', 'generator_177', 'generator_186', 'generator_60', 'generator_152', 'generator_188', 'generator_183', 'generator_189', 'generator_107', 'generator_191']
number opened: 3
TRIAL 16
Action chosen: (purple, red)
Outcome: False
partcle ids: ['generator_170', 'number_match', 'generator_171', 'generator_172', 'generator_173', 'generator_174', 'generator_175', 'generator_176', 'generator_177', 'generator_171', 'generator_178', 'generator_179', 'generator_60', 'generator_60', 'generator_170', 'generator_182', 'generator_183', 'generator_171', 'generator_184', 'generator_184', 'generator_185', 'generator_177', 'generator_186', 'generator_60', 'generator_152', 'generator_188', 'generator_183', 'generator_189', 'generator_107', 'generator_191']
number opened: 3
TRIAL 17
Action chosen: (white, red)
Outcome: False
partcle ids: ['generator_183', 'generator_192', 'generator_172', 'generator_189', 'generator_195', 'generator_196', 'generator_185', 'generator_196', 'generator_197', 'generator_179', 'generator_198', 'generator_179', 'generator_152', 'generator_194', 'generator_182', 'generator_188', 'generator_183', 'generator_107', 'generator_107', 'generator_198', 'generator_196', 'generator_188', 'generator_200', 'generator_193', 'generator_201', 'generator_185', 'generator_179', 'generator_202', 'generator_107', 'generator_152']
number opened: 3
TRIAL 18
Action chosen: (diamond, red)
Outcome: False
partcle ids: ['generator_183', 'generator_192', 'generator_172', 'generator_189', 'generator_195', 'generator_196', 'generator_185', 'generator_196', 'generator_197', 'generator_179', 'generator_198', 'generator_179', 'generator_152', 'generator_194', 'generator_182', 'generator_188', 'generator_183', 'generator_107', 'generator_107', 'generator_198', 'generator_196', 'generator_188', 'generator_200', 'generator_193', 'generator_201', 'generator_185', 'generator_179', 'generator_202', 'generator_107', 'generator_152']
number opened: 3
TRIAL 19
Action chosen: (heart, red)
Outcome: False
partcle ids: ['generator_183', 'generator_192', 'generator_172', 'generator_189', 'generator_195', 'generator_196', 'generator_185', 'generator_196', 'generator_197', 'generator_179', 'generator_198', 'generator_179', 'generator_152', 'generator_194', 'generator_182', 'generator_188', 'generator_183', 'generator_107', 'generator_107', 'generator_198', 'generator_196', 'generator_188', 'generator_200', 'generator_193', 'generator_201', 'generator_185', 'generator_179', 'generator_202', 'generator_107', 'generator_152']
number opened: 3
TRIAL 20
Action chosen: (grey2, pink)
Outcome: True
partcle ids: ['generator_203', 'generator_203', 'generator_195', 'generator_185', 'generator_197', 'generator_195', 'generator_197', 'generator_197', 'generator_204', 'generator_188', 'generator_195', 'number_match', 'generator_203', 'number_match', 'generator_195', 'generator_188', 'generator_195', 'generator_195', 'generator_188', 'generator_197', 'generator_197', 'generator_195', 'generator_170', 'generator_199', 'generator_203', 'generator_195', 'generator_195', 'generator_204', 'number_match', 'generator_195']
number opened: 4
TRIAL 21
Action chosen: (triangle, red)
Outcome: False
partcle ids: ['generator_203', 'generator_203', 'generator_195', 'generator_185', 'generator_197', 'generator_195', 'generator_197', 'generator_197', 'generator_204', 'generator_188', 'generator_195', 'number_match', 'generator_203', 'number_match', 'generator_195', 'generator_188', 'generator_195', 'generator_195', 'generator_188', 'generator_197', 'generator_197', 'generator_195', 'generator_170', 'generator_199', 'generator_203', 'generator_195', 'generator_195', 'generator_204', 'number_match', 'generator_195']
number opened: 4
TRIAL 22
Action chosen: (blue, red)
Outcome: False
partcle ids: ['generator_203', 'generator_203', 'generator_195', 'generator_185', 'generator_197', 'generator_195', 'generator_197', 'generator_197', 'generator_204', 'generator_188', 'generator_195', 'number_match', 'generator_203', 'number_match', 'generator_195', 'generator_188', 'generator_195', 'generator_195', 'generator_188', 'generator_197', 'generator_197', 'generator_195', 'generator_170', 'generator_199', 'generator_203', 'generator_195', 'generator_195', 'generator_204', 'number_match', 'generator_195']
number opened: 4
TRIAL 23
Action chosen: (heart, red)
Outcome: False
partcle ids: ['number_match', 'generator_188', 'generator_188', 'generator_188', 'generator_170', 'generator_204', 'generator_199', 'generator_204', 'generator_195', 'number_match', 'generator_197', 'generator_204', 'generator_197', 'generator_204', 'generator_185', 'number_match', 'generator_204', 'number_match', 'number_match', 'generator_195', 'number_match', 'generator_195', 'generator_188', 'number_match', 'generator_185', 'generator_204', 'generator_188', 'number_match', 'generator_204', 'number_match']
number opened: 4
TRIAL 24
Action chosen: (red, red)
Outcome: True
partcle ids: ['number_match', 'number_match', 'number_match', 'number_match', 'number_match', 'number_match', 'number_match', 'number_match', 'number_match', 'number_match', 'number_match', 'number_match', 'number_match', 'number_match', 'number_match', 'number_match', 'number_match', 'number_match', 'number_match', 'number_match', 'number_match', 'number_match', 'number_match', 'number_match', 'number_match', 'number_match', 'number_match', 'number_match', 'number_match', 'number_match']
number opened: 5
{"attempts": 24, "unique_key_box_pairs": 23, "revisit_attempts": 1, "revisit_rate": 0.043478260869565216, "attempts_before_abandoning_color_matching": 1, "color_matching_abandoned": true}
