{"Child_ID": "D010", "SoC_variant": "SoC-Gen", "theta": [19, 1], "p_gen": 0.4, "true_prior": 0.02, "run_number": 19, "seed": 5552679359896300326}
TRIAL 1
Action chosen: (red, red)
Outcome: True
partcle ids: ['generator_17', 'generator_18', 'similar_color_8', 'generator_19', 'similar_color_1', 'similar_color_8', 'similar_color_1', 'generator_20', 'number_match', 'generator_21', 'similar_color_6', 'generator_22', 'generator_23', 'generator_24', 'similar_color_7', 'generator_25', 'generator_26', 'similar_color_8', 'similar_color_9', 'generator_27', 'similar_color_11', 'similar_color_12', 'similar_color_2', 'generator_28', 'similar_color_1', 'generator_29', 'generator_30', 'similar_color_9', 'similar_color_3', 'generator_31']
number opened: 1
TRIAL 2
Action chosen: (purple, purple)
Outcome: False
partcle ids: ['generator_17', 'generator_18', 'similar_color_8', 'generator_19', 'similar_color_1', 'similar_color_8', 'similar_color_1', 'generator_20', 'number_match', 'generator_21', 'similar_color_6', 'generator_22', 'generator_23', 'generator_24', 'similar_color_7', 'generator_25', 'generator_26', 'similar_color_8', 'similar_color_9', 'generator_27', 'similar_color_11', 'similar_color_12', 'similar_color_2', 'generator_28', 'similar_color_1', 'generator_29', 'generator_30', 'similar_color_9', 'similar_color_3', 'generator_31']
number opened: 1
TRIAL 3
Action chosen: (orange4, purple)
Outcome: False
partcle ids: ['generator_29', 'generator_30', 'generator_31', 'generator_23', 'generator_31', 'generator_31', 'generator_29', 'generator_22', 'generator_33', 'generator_31', 'generator_18', 'generator_34', 'generator_23', 'generator_18', 'generator_29', 'generator_23', 'generator_29', 'generator_23', 'generator_35', 'generator_36', 'generator_31', 'generator_37', 'generator_38', 'generator_39', 'generator_40', 'generator_23', 'generator_41', 'generator_42', 'generator_17', 'generator_43']
number opened: 1
TRIAL 4
Action chosen: (yellow5, white)
Outcome: False
partcle ids: ['generator_29', 'generator_30', 'generator_31', 'generator_23', 'generator_31', 'generator_31', 'generator_29', 'generator_22', 'generator_33', 'generator_31', 'generator_18', 'generator_34', 'generator_23', 'generator_18', 'generator_29', 'generator_23', 'generator_29', 'generator_23', 'generator_35', 'generator_36', 'generator_31', 'generator_37', 'generator_38', 'generator_39', 'generator_40', 'generator_23', 'generator_41', 'generator_42', 'generator_17', 'generator_43']
number opened: 1
TRIAL 5
Action chosen: (triangle, white)
Outcome: False
partcle ids: ['generator_29', 'generator_30', 'generator_31', 'generator_23', 'generator_31', 'generator_31', 'generator_29', 'generator_22', 'generator_33', 'generator_31', 'generator_18', 'generator_34', 'generator_23', 'generator_18', 'generator_29', 'generator_23', 'generator_29', 'generator_23', 'generator_35', 'generator_36', 'generator_31', 'generator_37', 'generator_38', 'generator_39', 'generator_40', 'generator_23', 'generator_41', 'generator_42', 'generator_17', 'generator_43']
number opened: 1
TRIAL 6
Action chosen: (heart, white)
Outcome: False
partcle ids: ['generator_30', 'generator_45', 'generator_22', 'generator_41', 'generator_46', 'generator_18', 'generator_34', 'generator_30', 'generator_39', 'generator_48', 'generator_22', 'generator_39', 'generator_49', 'generator_30', 'generator_18', 'generator_29', 'generator_18', 'generator_51', 'generator_52', 'generator_18', 'generator_22', 'generator_41', 'generator_22', 'generator_18', 'generator_18', 'generator_54', 'generator_18', 'generator_18', 'generator_18', 'generator_30']
number opened: 1
TRIAL 7
Action chosen: (purple, blue)
Outcome: False
partcle ids: ['generator_30', 'generator_45', 'generator_22', 'generator_41', 'generator_46', 'generator_18', 'generator_34', 'generator_30', 'generator_39', 'generator_48', 'generator_22', 'generator_39', 'generator_49', 'generator_30', 'generator_18', 'generator_29', 'generator_18', 'generator_51', 'generator_52', 'generator_18', 'generator_22', 'generator_41', 'generator_22', 'generator_18', 'generator_18', 'generator_54', 'generator_18', 'generator_18', 'generator_18', 'generator_30']
number opened: 1
TRIAL 8
Action chosen: (grey2, purple)
Outcome: False
partcle ids: ['generator_39', 'generator_39', 'generator_57', 'generator_49', 'generator_59', 'generator_41', 'generator_45', 'generator_39', 'generator_41', 'generator_41', 'generator_18', 'generator_41', 'generator_60', 'generator_45', 'generator_52', 'generator_49', 'generator_45', 'generator_61', 'generator_62', 'generator_41', 'generator_45', 'generator_39', 'generator_41', 'generator_45', 'generator_64', 'generator_51', 'generator_39', 'generator_41', 'generator_51', 'generator_39']
number opened: 1
TRIAL 9
Action chosen: (blue, pink)
Outcome: False
partcle ids: ['generator_39', 'generator_39', 'generator_57', 'generator_49', 'generator_59', 'generator_41', 'generator_45', 'generator_39', 'generator_41', 'generator_41', 'generator_18', 'generator_41', 'generator_60', 'generator_45', 'generator_52', 'generator_49', 'generator_45', 'generator_61', 'generator_62', 'generator_41', 'generator_45', 'generator_39', 'generator_41', 'generator_45', 'generator_64', 'generator_51', 'generator_39', 'generator_41', 'generator_51', 'generator_39']
number opened: 1
TRIAL 10
Action chosen: (diamond, blue)
Outcome: False
partcle ids: ['generator_57', 'generator_49', 'generator_59', 'generator_60', 'generator_18', 'generator_51', 'generator_66', 'generator_51', 'generator_67', 'generator_52', 'generator_62', 'generator_59', 'generator_51', 'generator_49', 'generator_51', 'generator_59', 'generator_51', 'generator_61', 'generator_61', 'generator_49', 'generator_59', 'generator_61', 'generator_71', 'generator_59', 'generator_72', 'generator_51', 'generator_61', 'generator_73', 'generator_51', 'generator_45']
number opened: 1
TRIAL 11
Action chosen: (orange4, white)
Outcome: True
partcle ids: ['generator_59', 'generator_59', 'generator_74', 'generator_75', 'number_match', 'generator_76', 'generator_77', 'generator_78', 'generator_79', 'generator_80', 'generator_81', 'generator_59', 'generator_82', 'generator_73', 'generator_84', 'generator_85', 'generator_86', 'generator_87', 'generator_73', 'generator_89', 'generator_90', 'generator_91', 'generator_49', 'generator_93', 'generator_59', 'generator_73', 'generator_59', 'generator_49', 'generator_97', 'generator_49']
number opened: 2
TRIAL 12
Action chosen: (grey2, pink)
Outcome: True
partcle ids: ['generator_98', 'generator_99', 'generator_59', 'generator_100', 'generator_59', 'generator_102', 'generator_100', 'generator_59', 'generator_104', 'generator_105', 'generator_106', 'generator_107', 'generator_59', 'generator_49', 'generator_59', 'generator_110', 'generator_86', 'generator_111', 'generator_73', 'generator_113', 'generator_59', 'generator_86', 'generator_114', 'generator_73', 'generator_59', 'generator_73', 'generator_117', 'generator_98', 'generator_118', 'generator_119']
number opened: 3
TRIAL 13
Action chosen: (white, purple)
Outcome: False
partcle ids: ['generator_98', 'generator_99', 'generator_59', 'generator_100', 'generator_59', 'generator_102', 'generator_100', 'generator_59', 'generator_104', 'generator_105', 'generator_106', 'generator_107', 'generator_59', 'generator_49', 'generator_59', 'generator_110', 'generator_86', 'generator_111', 'generator_73', 'generator_113', 'generator_59', 'generator_86', 'generator_114', 'generator_73', 'generator_59', 'generator_73', 'generator_117', 'generator_98', 'generator_118', 'generator_119']
number opened: 3
TRIAL 14
Action chosen: (green3, blue)
Outcome: False
partcle ids: ['generator_98', 'generator_99', 'generator_59', 'generator_100', 'generator_59', 'generator_102', 'generator_100', 'generator_59', 'generator_104', 'generator_105', 'generator_106', 'generator_107', 'generator_59', 'generator_49', 'generator_59', 'generator_110', 'generator_86', 'generator_111', 'generator_73', 'generator_113', 'generator_59', 'generator_86', 'generator_114', 'generator_73', 'generator_59', 'generator_73', 'generator_117', 'generator_98', 'generator_118', 'generator_119']
number opened: 3
TRIAL 15
Action chosen: (green3, purple)
Outcome: True
partcle ids: ['generator_73', 'generator_73', 'generator_73', 'generator_120', 'generator_73', 'generator_104', 'generator_104', 'generator_120', 'generator_121', 'generator_121', 'generator_104', 'generator_121', 'generator_73', 'generator_122', 'number_match', 'generator_121', 'generator_121', 'number_match', 'generator_104', 'generator_104', 'generator_122', 'generator_73', 'generator_73', 'generator_73', 'generator_73', 'generator_101', 'generator_123', 'generator_119', 'number_match', 'generator_120']
number opened: 4
TRIAL 16
Action chosen: (cloud, blue)
Outcome: False
partcle ids: ['generator_73', 'generator_73', 'generator_73', 'generator_120', 'generator_73', 'generator_104', 'generator_104', 'generator_120', 'generator_121', 'generator_121', 'generator_104', 'generator_121', 'generator_73', 'generator_122', 'number_match', 'generator_121', 'generator_121', 'number_match', 'generator_104', 'generator_104', 'generator_122', 'generator_73', 'generator_73', 'generator_73', 'generator_73', 'generator_101', 'generator_123', 'generator_119', 'number_match', 'generator_120']
number opened: 4
TRIAL 17
Action chosen: (white, blue)
Outcome: False
partcle ids: ['generator_73', 'generator_73', 'generator_73', 'generator_120', 'generator_73', 'generator_104', 'generator_104', 'generator_120', 'generator_121', 'generator_121', 'generator_104', 'generator_121', 'generator_73', 'generator_122', 'number_match', 'generator_121', 'generator_121', 'number_match', 'generator_104', 'generator_104', 'generator_122', 'generator_73', 'generator_73', 'generator_73', 'generator_73', 'generator_101', 'generator_123', 'generator_119', 'number_match', 'generator_120']
number opened: 4
TRIAL 18
Action chosen: (pink, blue)
Outcome: False
partcle ids: ['generator_123', 'generator_101', 'generator_122', 'number_match', 'generator_119', 'number_match', 'generator_123', 'generator_120', 'number_match', 'generator_122', 'generator_123', 'generator_123', 'generator_122', 'generator_123', 'generator_120', 'generator_120', 'generator_123', 'number_match', 'number_match', 'generator_120', 'number_match', 'generator_122', 'generator_123', 'number_match', 'number_match', 'generator_104', 'number_match', 'generator_123', 'generator_122', 'generator_121']
number opened: 4
TRIAL 19
Action chosen: (yellow5, blue)
Outcome: True
partcle ids: ['number_match', 'number_match', 'number_match', 'number_match', 'number_match', 'number_match', 'number_match', 'number_match', 'number_match', 'number_match', 'number_match', 'number_match', 'number_match', 'number_match', 'number_match', 'number_match', 'number_match', 'number_match', 'number_match', 'number_match', 'number_match', 'number_match', 'number_match', 'number_match', 'number_match', 'number_match', 'number_match', 'number_match', 'number_match', 'number_match']
number opened: 5
{"attempts": 19, "unique_key_box_pairs": 19, "revisit_attempts": 0, "revisit_rate": 0.0, "attempts_before_abandoning_color_matching": 2, "color_matching_abandoned": true}
