{"Child_ID": "D010", "SoC_variant": "SoC-Gen", "theta": [19, 1], "p_gen": 0.4, "true_prior": 0.02, "run_number": 27, "seed": 4830853597013723528}
TRIAL 1
Action chosen: (pink, pink)
Outcome: False
partcle ids: ['similar_color_2', 'generator_5', 'generator_9', 'generator_7', 'generator_10', 'order_match', 'generator_7', 'generator_11', 'generator_1', 'generator_8', 'similar_color_12', 'generator_7', 'generator_6', 'generator_2', 'generator_12', 'generator_1', 'generator_13', 'generator_8', 'generator_14', 'generator_1', 'generator_15', 'generator_16', 'similar_color_9', 'order_match', 'order_match', 'order_match', 'generator_5', 'generator_4', 'generator_2', 'generator_7']
number opened: 0
TRIAL 2
Action chosen: (purple, purple)
Outcome: False
partcle ids: ['similar_color_2', 'generator_5', 'generator_9', 'generator_7', 'generator_10', 'order_match', 'generator_7', 'generator_11', 'generator_1', 'generator_8', 'similar_color_12', 'generator_7', 'generator_6', 'generator_2', 'generator_12', 'generator_1', 'generator_13', 'generator_8', 'generator_14', 'generator_1', 'generator_15', 'generator_16', 'similar_color_9', 'order_match', 'order_match', 'order_match', 'generator_5', 'generator_4', 'generator_2', 'generator_7']
number opened: 0
TRIAL 3
Action chosen: (grey2, pink)
Outcome: True
partcle ids: ['generator_1', 'generator_18', 'generator_19', 'generator_20', 'generator_21', 'generator_22', 'generator_1', 'generator_1', 'generator_23', 'generator_24', 'generator_25', 'generator_26', 'generator_27', 'generator_28', 'generator_29', 'generator_30', 'generator_31', 'generator_32', 'generator_33', 'generator_34', 'generator_35', 'order_match', 'generator_36', 'generator_37', 'generator_1', 'generator_38', 'generator_39', 'generator_40', 'generator_41', 'generator_42']
number opened: 1
TRIAL 4
Action chosen: (white, blue)
Outcome: False
partcle ids: ['generator_1', 'generator_18', 'generator_19', 'generator_20', 'generator_21', 'generator_22', 'generator_1', 'generator_1', 'generator_23', 'generator_24', 'generator_25', 'generator_26', 'generator_27', 'generator_28', 'generator_29', 'generator_30', 'generator_31', 'generator_32', 'generator_33', 'generator_34', 'generator_35', 'order_match', 'generator_36', 'generator_37', 'generator_1', 'generator_38', 'generator_39', 'generator_40', 'generator_41', 'generator_42']
number opened: 1
TRIAL 5
Action chosen: (white, white)
Outcome: False
partcle ids: ['generator_1', 'generator_18', 'generator_19', 'generator_20', 'generator_21', 'generator_22', 'generator_1', 'generator_1', 'generator_23', 'generator_24', 'generator_25', 'generator_26', 'generator_27', 'generator_28', 'generator_29', 'generator_30', 'generator_31', 'generator_32', 'generator_33', 'generator_34', 'generator_35', 'order_match', 'generator_36', 'generator_37', 'generator_1', 'generator_38', 'generator_39', 'generator_40', 'generator_41', 'generator_42']
number opened: 1
TRIAL 6
Action chosen: (triangle, blue)
Outcome: False
partcle ids: ['generator_43', 'generator_44', 'generator_22', 'number_match', 'generator_46', 'generator_47', 'generator_48', 'generator_49', 'generator_38', 'generator_50', 'generator_51', 'generator_52', 'generator_53', 'generator_54', 'generator_55', 'generator_56', 'generator_57', 'generator_58', 'generator_30', 'generator_34', 'generator_61', 'generator_62', 'generator_63', 'generator_64', 'generator_34', 'generator_65', 'generator_66', 'generator_67', 'generator_21', 'generator_69']
number opened: 1
TRIAL 7
Action chosen: (orange4, blue)
Outcome: False
partcle ids: ['generator_43', 'generator_44', 'generator_22', 'number_match', 'generator_46', 'generator_47', 'generator_48', 'generator_49', 'generator_38', 'generator_50', 'generator_51', 'generator_52', 'generator_53', 'generator_54', 'generator_55', 'generator_56', 'generator_57', 'generator_58', 'generator_30', 'generator_34', 'generator_61', 'generator_62', 'generator_63', 'generator_64', 'generator_34', 'generator_65', 'generator_66', 'generator_67', 'generator_21', 'generator_69']
number opened: 1
TRIAL 8
Action chosen: (triangle, purple)
Outcome: False
partcle ids: ['generator_43', 'generator_44', 'generator_22', 'number_match', 'generator_46', 'generator_47', 'generator_48', 'generator_49', 'generator_38', 'generator_50', 'generator_51', 'generator_52', 'generator_53', 'generator_54', 'generator_55', 'generator_56', 'generator_57', 'generator_58', 'generator_30', 'generator_34', 'generator_61', 'generator_62', 'generator_63', 'generator_64', 'generator_34', 'generator_65', 'generator_66', 'generator_67', 'generator_21', 'generator_69']
number opened: 1
TRIAL 9
Action chosen: (triangle, red)
Outcome: False
partcle ids: ['generator_43', 'generator_44', 'generator_22', 'number_match', 'generator_46', 'generator_47', 'generator_48', 'generator_49', 'generator_38', 'generator_50', 'generator_51', 'generator_52', 'generator_53', 'generator_54', 'generator_55', 'generator_56', 'generator_57', 'generator_58', 'generator_30', 'generator_34', 'generator_61', 'generator_62', 'generator_63', 'generator_64', 'generator_34', 'generator_65', 'generator_66', 'generator_67', 'generator_21', 'generator_69']
number opened: 1
TRIAL 10
Action chosen: (cloud, white)
Outcome: False
partcle ids: ['generator_70', 'generator_43', 'generator_71', 'generator_72', 'generator_73', 'generator_74', 'generator_75', 'generator_50', 'generator_38', 'generator_22', 'generator_79', 'generator_80', 'generator_81', 'generator_38', 'generator_79', 'generator_38', 'generator_51', 'generator_84', 'generator_85', 'generator_86', 'generator_87', 'generator_38', 'generator_43', 'generator_43', 'generator_43', 'generator_69', 'number_match', 'generator_91', 'generator_50', 'generator_93']
number opened: 1
TRIAL 11
Action chosen: (white, purple)
Outcome: False
partcle ids: ['generator_70', 'generator_43', 'generator_71', 'generator_72', 'generator_73', 'generator_74', 'generator_75', 'generator_50', 'generator_38', 'generator_22', 'generator_79', 'generator_80', 'generator_81', 'generator_38', 'generator_79', 'generator_38', 'generator_51', 'generator_84', 'generator_85', 'generator_86', 'generator_87', 'generator_38', 'generator_43', 'generator_43', 'generator_43', 'generator_69', 'number_match', 'generator_91', 'generator_50', 'generator_93']
number opened: 1
TRIAL 12
Action chosen: (purple, blue)
Outcome: False
partcle ids: ['generator_70', 'generator_43', 'generator_71', 'generator_72', 'generator_73', 'generator_74', 'generator_75', 'generator_50', 'generator_38', 'generator_22', 'generator_79', 'generator_80', 'generator_81', 'generator_38', 'generator_79', 'generator_38', 'generator_51', 'generator_84', 'generator_85', 'generator_86', 'generator_87', 'generator_38', 'generator_43', 'generator_43', 'generator_43', 'generator_69', 'number_match', 'generator_91', 'generator_50', 'generator_93']
number opened: 1
TRIAL 13
Action chosen: (diamond, red)
Outcome: False
partcle ids: ['generator_94', 'generator_72', 'generator_96', 'generator_80', 'generator_73', 'generator_98', 'generator_38', 'generator_93', 'generator_87', 'generator_73', 'generator_102', 'generator_73', 'generator_104', 'generator_75', 'generator_106', 'generator_70', 'generator_87', 'generator_93', 'generator_110', 'generator_111', 'generator_85', 'generator_113', 'generator_72', 'generator_70', 'generator_115', 'generator_87', 'generator_72', 'generator_118', 'order_match', 'generator_119']
number opened: 1
TRIAL 14
Action chosen: (green3, blue)
Outcome: False
partcle ids: ['generator_94', 'generator_72', 'generator_96', 'generator_80', 'generator_73', 'generator_98', 'generator_38', 'generator_93', 'generator_87', 'generator_73', 'generator_102', 'generator_73', 'generator_104', 'generator_75', 'generator_106', 'generator_70', 'generator_87', 'generator_93', 'generator_110', 'generator_111', 'generator_85', 'generator_113', 'generator_72', 'generator_70', 'generator_115', 'generator_87', 'generator_72', 'generator_118', 'order_match', 'generator_119']
number opened: 1
TRIAL 15
Action chosen: (diamond, blue)
Outcome: False
partcle ids: ['generator_94', 'generator_72', 'generator_96', 'generator_80', 'generator_73', 'generator_98', 'generator_38', 'generator_93', 'generator_87', 'generator_73', 'generator_102', 'generator_73', 'generator_104', 'generator_75', 'generator_106', 'generator_70', 'generator_87', 'generator_93', 'generator_110', 'generator_111', 'generator_85', 'generator_113', 'generator_72', 'generator_70', 'generator_115', 'generator_87', 'generator_72', 'generator_118', 'order_match', 'generator_119']
number opened: 1
TRIAL 16
Action chosen: (cloud, blue)
Outcome: False
partcle ids: ['number_match', 'generator_94', 'generator_121', 'generator_122', 'generator_123', 'generator_93', 'generator_125', 'generator_93', 'order_match', 'generator_127', 'generator_93', 'generator_129', 'generator_38', 'generator_131', 'generator_132', 'generator_133', 'generator_85', 'generator_134', 'generator_38', 'generator_136', 'generator_137', 'generator_93', 'generator_38', 'generator_96', 'generator_140', 'generator_141', 'generator_93', 'generator_93', 'generator_93', 'generator_93']
number opened: 1
TRIAL 17
Action chosen: (diamond, purple)
Outcome: False
partcle ids: ['number_match', 'generator_94', 'generator_121', 'generator_122', 'generator_123', 'generator_93', 'generator_125', 'generator_93', 'order_match', 'generator_127', 'generator_93', 'generator_129', 'generator_38', 'generator_131', 'generator_132', 'generator_133', 'generator_85', 'generator_134', 'generator_38', 'generator_136', 'generator_137', 'generator_93', 'generator_38', 'generator_96', 'generator_140', 'generator_141', 'generator_93', 'generator_93', 'generator_93', 'generator_93']
number opened: 1
TRIAL 18
Action chosen: (green3, white)
Outcome: False
partcle ids: ['number_match', 'generator_94', 'generator_121', 'generator_122', 'generator_123', 'generator_93', 'generator_125', 'generator_93', 'order_match', 'generator_127', 'generator_93', 'generator_129', 'generator_38', 'generator_131', 'generator_132', 'generator_133', 'generator_85', 'generator_134', 'generator_38', 'generator_136', 'generator_137', 'generator_93', 'generator_38', 'generator_96', 'generator_140', 'generator_141', 'generator_93', 'generator_93', 'generator_93', 'generator_93']
number opened: 1
TRIAL 19
Action chosen: (heart, blue)
Outcome: False
partcle ids: ['generator_145', 'generator_93', 'generator_123', 'generator_148', 'generator_121', 'generator_121', 'generator_140', 'generator_152', 'generator_153', 'generator_93', 'generator_155', 'generator_156', 'generator_93', 'number_match', 'generator_158', 'generator_121', 'generator_160', 'generator_161', 'generator_121', 'generator_96', 'generator_164', 'generator_165', 'generator_166', 'generator_167', 'generator_93', 'generator_169', 'generator_38', 'generator_171', 'generator_172', 'generator_173']
number opened: 1
TRIAL 20
Action chosen: (pink, blue)
Outcome: False
partcle ids: ['generator_145', 'generator_93', 'generator_123', 'generator_148', 'generator_121', 'generator_121', 'generator_140', 'generator_152', 'generator_153', 'generator_93', 'generator_155', 'generator_156', 'generator_93', 'number_match', 'generator_158', 'generator_121', 'generator_160', 'generator_161', 'generator_121', 'generator_96', 'generator_164', 'generator_165', 'generator_166', 'generator_167', 'generator_93', 'generator_169', 'generator_38', 'generator_171', 'generator_172', 'generator_173']
number opened: 1
TRIAL 21
Action chosen: (heart, red)
Outcome: False
partcle ids: ['generator_145', 'generator_93', 'generator_123', 'generator_148', 'generator_121', 'generator_121', 'generator_140', 'generator_152', 'generator_153', 'generator_93', 'generator_155', 'generator_156', 'generator_93', 'number_match', 'generator_158', 'generator_121', 'generator_160', 'generator_161', 'generator_121', 'generator_96', 'generator_164', 'generator_165', 'generator_166', 'generator_167', 'generator_93', 'generator_169', 'generator_38', 'generator_171', 'generator_172', 'generator_173']
number opened: 1
TRIAL 22
Action chosen: (yellow5, blue)
Outcome: True
partcle ids: ['generator_145', 'generator_169', 'generator_145', 'generator_175', 'generator_176', 'generator_145', 'generator_178', 'number_match', 'generator_179', 'generator_180', 'generator_145', 'generator_182', 'generator_183', 'generator_184', 'generator_185', 'generator_123', 'generator_123', 'generator_188', 'generator_189', 'generator_190', 'generator_191', 'generator_192', 'generator_193', 'generator_194', 'generator_195', 'generator_196', 'generator_145', 'generator_197', 'generator_198', 'generator_199']
number opened: 2
TRIAL 23
Action chosen: (purple, white)
Outcome: False
partcle ids: ['generator_145', 'generator_169', 'generator_145', 'generator_175', 'generator_176', 'generator_145', 'generator_178', 'number_match', 'generator_179', 'generator_180', 'generator_145', 'generator_182', 'generator_183', 'generator_184', 'generator_185', 'generator_123', 'generator_123', 'generator_188', 'generator_189', 'generator_190', 'generator_191', 'generator_192', 'generator_193', 'generator_194', 'generator_195', 'generator_196', 'generator_145', 'generator_197', 'generator_198', 'generator_199']
number opened: 2
TRIAL 24
Action chosen: (triangle, white)
Outcome: False
partcle ids: ['generator_145', 'generator_169', 'generator_145', 'generator_175', 'generator_176', 'generator_145', 'generator_178', 'number_match', 'generator_179', 'generator_180', 'generator_145', 'generator_182', 'generator_183', 'generator_184', 'generator_185', 'generator_123', 'generator_123', 'generator_188', 'generator_189', 'generator_190', 'generator_191', 'generator_192', 'generator_193', 'generator_194', 'generator_195', 'generator_196', 'generator_145', 'generator_197', 'generator_198', 'generator_199']
number opened: 2
TRIAL 25
Action chosen: (diamond, white)
Outcome: False
partcle ids: ['order_match', 'generator_175', 'generator_200', 'generator_199', 'generator_194', 'generator_203', 'generator_204', 'generator_199', 'generator_205', 'generator_206', 'generator_175', 'generator_208', 'generator_193', 'generator_209', 'generator_193', 'generator_211', 'generator_212', 'generator_198', 'generator_213', 'generator_214', 'generator_214', 'generator_215', 'generator_179', 'number_match', 'generator_216', 'generator_217', 'generator_218', 'generator_219', 'generator_198', 'generator_221']
number opened: 2
TRIAL 26
Action chosen: (red, purple)
Outcome: False
partcle ids: ['order_match', 'generator_175', 'generator_200', 'generator_199', 'generator_194', 'generator_203', 'generator_204', 'generator_199', 'generator_205', 'generator_206', 'generator_175', 'generator_208', 'generator_193', 'generator_209', 'generator_193', 'generator_211', 'generator_212', 'generator_198', 'generator_213', 'generator_214', 'generator_214', 'generator_215', 'generator_179', 'number_match', 'generator_216', 'generator_217', 'generator_218', 'generator_219', 'generator_198', 'generator_221']
number opened: 2
TRIAL 27
Action chosen: (cloud, purple)
Outcome: False
partcle ids: ['order_match', 'generator_175', 'generator_200', 'generator_199', 'generator_194', 'generator_203', 'generator_204', 'generator_199', 'generator_205', 'generator_206', 'generator_175', 'generator_208', 'generator_193', 'generator_209', 'generator_193', 'generator_211', 'generator_212', 'generator_198', 'generator_213', 'generator_214', 'generator_214', 'generator_215', 'generator_179', 'number_match', 'generator_216', 'generator_217', 'generator_218', 'generator_219', 'generator_198', 'generator_221']
number opened: 2
TRIAL 28
Action chosen: (orange4, purple)
Outcome: False
partcle ids: ['generator_222', 'generator_204', 'generator_205', 'generator_225', 'generator_226', 'generator_227', 'generator_205', 'number_match', 'generator_229', 'generator_230', 'generator_231', 'generator_232', 'generator_211', 'generator_193', 'generator_193', 'generator_235', 'generator_221', 'generator_204', 'number_match', 'generator_237', 'generator_193', 'generator_205', 'generator_205', 'generator_211', 'generator_205', 'generator_243', 'generator_211', 'generator_204', 'generator_204', 'number_match']
number opened: 2
TRIAL 29
Action chosen: (pink, white)
Outcome: False
partcle ids: ['generator_222', 'generator_204', 'generator_205', 'generator_225', 'generator_226', 'generator_227', 'generator_205', 'number_match', 'generator_229', 'generator_230', 'generator_231', 'generator_232', 'generator_211', 'generator_193', 'generator_193', 'generator_235', 'generator_221', 'generator_204', 'number_match', 'generator_237', 'generator_193', 'generator_205', 'generator_205', 'generator_211', 'generator_205', 'generator_243', 'generator_211', 'generator_204', 'generator_204', 'number_match']
number opened: 2
TRIAL 30
Action chosen: (heart, purple)
Outcome: False
partcle ids: ['generator_246', 'generator_247', 'generator_248', 'generator_229', 'generator_225', 'generator_251', 'generator_229', 'generator_237', 'generator_227', 'generator_253', 'generator_254', 'number_match', 'number_match', 'number_match', 'generator_257', 'generator_232', 'generator_226', 'generator_226', 'generator_227', 'generator_261', 'generator_262', 'generator_193', 'generator_222', 'generator_261', 'generator_265', 'generator_266', 'generator_145', 'generator_267', 'generator_229', 'generator_221']
number opened: 2
TRIAL 31
Action chosen: (green3, purple)
Outcome: True
partcle ids: ['generator_268', 'generator_269', 'generator_270', 'generator_271', 'generator_272', 'generator_273', 'generator_251', 'generator_265', 'generator_275', 'generator_265', 'generator_244', 'generator_276', 'generator_265', 'generator_251', 'generator_251', 'generator_248', 'generator_265', 'generator_275', 'generator_278', 'generator_248', 'generator_279', 'generator_275', 'generator_251', 'generator_281', 'generator_265', 'generator_282', 'generator_282', 'generator_283', 'generator_284', 'number_match']
number opened: 3
TRIAL 32
Action chosen: (white, red)
Outcome: False
partcle ids: ['generator_268', 'generator_269', 'generator_270', 'generator_271', 'generator_272', 'generator_273', 'generator_251', 'generator_265', 'generator_275', 'generator_265', 'generator_244', 'generator_276', 'generator_265', 'generator_251', 'generator_251', 'generator_248', 'generator_265', 'generator_275', 'generator_278', 'generator_248', 'generator_279', 'generator_275', 'generator_251', 'generator_281', 'generator_265', 'generator_282', 'generator_282', 'generator_283', 'generator_284', 'number_match']
number opened: 3
TRIAL 33
Action chosen: (blue, red)
Outcome: False
partcle ids: ['generator_268', 'generator_269', 'generator_270', 'generator_271', 'generator_272', 'generator_273', 'generator_251', 'generator_265', 'generator_275', 'generator_265', 'generator_244', 'generator_276', 'generator_265', 'generator_251', 'generator_251', 'generator_248', 'generator_265', 'generator_275', 'generator_278', 'generator_248', 'generator_279', 'generator_275', 'generator_251', 'generator_281', 'generator_265', 'generator_282', 'generator_282', 'generator_283', 'generator_284', 'number_match']
number opened: 3
TRIAL 34
Action chosen: (cloud, red)
Outcome: False
partcle ids: ['generator_286', 'generator_251', 'generator_288', 'generator_289', 'generator_290', 'generator_291', 'generator_251', 'generator_281', 'generator_272', 'generator_293', 'generator_294', 'generator_283', 'generator_295', 'generator_267', 'generator_269', 'generator_284', 'generator_272', 'generator_298', 'generator_279', 'generator_271', 'generator_299', 'generator_300', 'generator_281', 'generator_268', 'generator_276', 'generator_302', 'number_match', 'generator_271', 'generator_277', 'generator_303']
number opened: 3
TRIAL 35
Action chosen: (pink, red)
Outcome: False
partcle ids: ['generator_286', 'generator_251', 'generator_288', 'generator_289', 'generator_290', 'generator_291', 'generator_251', 'generator_281', 'generator_272', 'generator_293', 'generator_294', 'generator_283', 'generator_295', 'generator_267', 'generator_269', 'generator_284', 'generator_272', 'generator_298', 'generator_279', 'generator_271', 'generator_299', 'generator_300', 'generator_281', 'generator_268', 'generator_276', 'generator_302', 'number_match', 'generator_271', 'generator_277', 'generator_303']
number opened: 3
TRIAL 36
Action chosen: (heart, white)
Outcome: False
partcle ids: ['generator_286', 'generator_251', 'generator_288', 'generator_289', 'generator_290', 'generator_291', 'generator_251', 'generator_281', 'generator_272', 'generator_293', 'generator_294', 'generator_283', 'generator_295', 'generator_267', 'generator_269', 'generator_284', 'generator_272', 'generator_298', 'generator_279', 'generator_271', 'generator_299', 'generator_300', 'generator_281', 'generator_268', 'generator_276', 'generator_302', 'number_match', 'generator_271', 'generator_277', 'generator_303']
number opened: 3
TRIAL 37
Action chosen: (red, white)
Outcome: False
partcle ids: ['generator_302', 'generator_305', 'generator_269', 'generator_283', 'generator_272', 'generator_306', 'number_match', 'generator_277', 'generator_194', 'generator_268', 'generator_308', 'generator_295', 'generator_272', 'generator_269', 'generator_310', 'generator_299', 'generator_283', 'generator_311', 'generator_299', 'generator_293', 'generator_313', 'generator_295', 'number_match', 'generator_225', 'generator_282', 'generator_299', 'generator_295', 'generator_302', 'generator_275', 'generator_314']
number opened: 3
TRIAL 38
Action chosen: (orange4, white)
Outcome: True
partcle ids: ['number_match', 'generator_308', 'generator_316', 'generator_308', 'generator_315', 'generator_299', 'generator_275', 'number_match', 'generator_316', 'number_match', 'generator_315', 'generator_316', 'generator_275', 'number_match', 'number_match', 'generator_308', 'generator_311', 'generator_311', 'number_match', 'generator_299', 'generator_316', 'generator_291', 'generator_308', 'generator_316', 'number_match', 'generator_299', 'generator_316', 'number_match', 'generator_275', 'generator_311']
number opened: 4
TRIAL 39
Action chosen: (red, red)
Outcome: True
partcle ids: ['number_match', 'number_match', 'number_match', 'number_match', 'number_match', 'number_match', 'number_match', 'number_match', 'number_match', 'number_match', 'number_match', 'number_match', 'number_match', 'number_match', 'number_match', 'number_match', 'number_match', 'number_match', 'number_match', 'number_match', 'number_match', 'number_match', 'number_match', 'number_match', 'number_match', 'number_match', 'number_match', 'number_match', 'number_match', 'number_match']
number opened: 5
{"attempts": 39, "unique_key_box_pairs": 39, "revisit_attempts": 0, "revisit_rate": 0.0, "attempts_before_abandoning_color_matching": 2, "color_matching_abandoned": true}
