{"Child_ID": "D099", "SoC_variant": "SoC-Full", "theta": [9, 1], "p_gen": 0.6, "true_prior": 0.02, "run_number": 23, "seed": 900603582413368260}
TRIAL 1
Action chosen: (purple, purple)
Outcome: False
partcle ids: ['generator_1', 'generator_2', 'generator_3', 'generator_4', 'generator_5', 'generator_6', 'similar_color_11', 'similar_color_4', 'generator_7', 'generator_8', 'generator_9', 'shape_match', 'generator_10', 'generator_11', 'similar_color_9', 'generator_12', 'generator_13', 'similar_color_12', 'similar_color_12', 'generator_14', 'generator_15', 'similar_color_11', 'similar_color_11', 'similar_color_6', 'similar_color_1', 'similar_color_4', 'similar_color_5', 'similar_color_7', 'similar_color_6', 'generator_16']
number opened: 0
TRIAL 2
Action chosen: (yellow5, blue)
Outcome: True
partcle ids: ['generator_17', 'generator_18', 'generator_1', 'generator_19', 'generator_20', 'generator_21', 'generator_22', 'generator_23', 'generator_24', 'generator_25', 'generator_26', 'generator_27', 'generator_28', 'generator_29', 'generator_5', 'generator_13', 'generator_32', 'generator_33', 'generator_34', 'generator_35', 'generator_5', 'generator_37', 'generator_38', 'generator_39', 'generator_1', 'generator_41', 'generator_42', 'generator_5', 'generator_44', 'generator_5']
number opened: 1
TRIAL 3
Action chosen: (grey2, purple)
Outcome: False
partcle ids: ['generator_17', 'generator_18', 'generator_1', 'generator_19', 'generator_20', 'generator_21', 'generator_22', 'generator_23', 'generator_24', 'generator_25', 'generator_26', 'generator_27', 'generator_28', 'generator_29', 'generator_5', 'generator_13', 'generator_32', 'generator_33', 'generator_34', 'generator_35', 'generator_5', 'generator_37', 'generator_38', 'generator_39', 'generator_1', 'generator_41', 'generator_42', 'generator_5', 'generator_44', 'generator_5']
number opened: 1
TRIAL 4
Action chosen: (pink, red)
Outcome: False
partcle ids: ['generator_17', 'generator_18', 'generator_1', 'generator_19', 'generator_20', 'generator_21', 'generator_22', 'generator_23', 'generator_24', 'generator_25', 'generator_26', 'generator_27', 'generator_28', 'generator_29', 'generator_5', 'generator_13', 'generator_32', 'generator_33', 'generator_34', 'generator_35', 'generator_5', 'generator_37', 'generator_38', 'generator_39', 'generator_1', 'generator_41', 'generator_42', 'generator_5', 'generator_44', 'generator_5']
number opened: 1
TRIAL 5
Action chosen: (diamond, pink)
Outcome: False
partcle ids: ['generator_17', 'generator_18', 'generator_1', 'generator_19', 'generator_20', 'generator_21', 'generator_22', 'generator_23', 'generator_24', 'generator_25', 'generator_26', 'generator_27', 'generator_28', 'generator_29', 'generator_5', 'generator_13', 'generator_32', 'generator_33', 'generator_34', 'generator_35', 'generator_5', 'generator_37', 'generator_38', 'generator_39', 'generator_1', 'generator_41', 'generator_42', 'generator_5', 'generator_44', 'generator_5']
number opened: 1
TRIAL 6
Action chosen: (pink, purple)
Outcome: False
partcle ids: ['generator_45', 'generator_46', 'generator_47', 'generator_19', 'generator_13', 'generator_50', 'generator_23', 'generator_52', 'generator_53', 'generator_54', 'generator_55', 'generator_34', 'generator_17', 'generator_23', 'generator_59', 'generator_60', 'generator_61', 'generator_62', 'generator_63', 'generator_64', 'generator_65', 'generator_66', 'generator_67', 'generator_68', 'generator_69', 'generator_37', 'generator_71', 'generator_72', 'generator_23', 'generator_28']
number opened: 1
TRIAL 7
Action chosen: (blue, red)
Outcome: False
partcle ids: ['generator_45', 'generator_46', 'generator_47', 'generator_19', 'generator_13', 'generator_50', 'generator_23', 'generator_52', 'generator_53', 'generator_54', 'generator_55', 'generator_34', 'generator_17', 'generator_23', 'generator_59', 'generator_60', 'generator_61', 'generator_62', 'generator_63', 'generator_64', 'generator_65', 'generator_66', 'generator_67', 'generator_68', 'generator_69', 'generator_37', 'generator_71', 'generator_72', 'generator_23', 'generator_28']
number opened: 1
TRIAL 8
Action chosen: (diamond, red)
Outcome: False
partcle ids: ['generator_45', 'generator_46', 'generator_47', 'generator_19', 'generator_13', 'generator_50', 'generator_23', 'generator_52', 'generator_53', 'generator_54', 'generator_55', 'generator_34', 'generator_17', 'generator_23', 'generator_59', 'generator_60', 'generator_61', 'generator_62', 'generator_63', 'generator_64', 'generator_65', 'generator_66', 'generator_67', 'generator_68', 'generator_69', 'generator_37', 'generator_71', 'generator_72', 'generator_23', 'generator_28']
number opened: 1
TRIAL 9
Action chosen: (heart, pink)
Outcome: False
partcle ids: ['generator_45', 'generator_46', 'generator_47', 'generator_19', 'generator_13', 'generator_50', 'generator_23', 'generator_52', 'generator_53', 'generator_54', 'generator_55', 'generator_34', 'generator_17', 'generator_23', 'generator_59', 'generator_60', 'generator_61', 'generator_62', 'generator_63', 'generator_64', 'generator_65', 'generator_66', 'generator_67', 'generator_68', 'generator_69', 'generator_37', 'generator_71', 'generator_72', 'generator_23', 'generator_28']
number opened: 1
TRIAL 10
Action chosen: (purple, pink)
Outcome: False
partcle ids: ['generator_74', 'generator_75', 'generator_28', 'generator_77', 'generator_78', 'generator_79', 'generator_80', 'generator_81', 'generator_45', 'generator_83', 'generator_84', 'generator_85', 'generator_66', 'generator_72', 'generator_63', 'generator_89', 'generator_63', 'generator_90', 'generator_91', 'generator_92', 'generator_66', 'generator_94', 'generator_95', 'generator_46', 'generator_97', 'generator_50', 'generator_99', 'generator_60', 'generator_101', 'generator_71']
number opened: 1
TRIAL 11
Action chosen: (blue, purple)
Outcome: False
partcle ids: ['generator_74', 'generator_75', 'generator_28', 'generator_77', 'generator_78', 'generator_79', 'generator_80', 'generator_81', 'generator_45', 'generator_83', 'generator_84', 'generator_85', 'generator_66', 'generator_72', 'generator_63', 'generator_89', 'generator_63', 'generator_90', 'generator_91', 'generator_92', 'generator_66', 'generator_94', 'generator_95', 'generator_46', 'generator_97', 'generator_50', 'generator_99', 'generator_60', 'generator_101', 'generator_71']
number opened: 1
TRIAL 12
Action chosen: (cloud, white)
Outcome: False
partcle ids: ['generator_74', 'generator_75', 'generator_28', 'generator_77', 'generator_78', 'generator_79', 'generator_80', 'generator_81', 'generator_45', 'generator_83', 'generator_84', 'generator_85', 'generator_66', 'generator_72', 'generator_63', 'generator_89', 'generator_63', 'generator_90', 'generator_91', 'generator_92', 'generator_66', 'generator_94', 'generator_95', 'generator_46', 'generator_97', 'generator_50', 'generator_99', 'generator_60', 'generator_101', 'generator_71']
number opened: 1
TRIAL 13
Action chosen: (white, white)
Outcome: False
partcle ids: ['generator_74', 'generator_75', 'generator_28', 'generator_77', 'generator_78', 'generator_79', 'generator_80', 'generator_81', 'generator_45', 'generator_83', 'generator_84', 'generator_85', 'generator_66', 'generator_72', 'generator_63', 'generator_89', 'generator_63', 'generator_90', 'generator_91', 'generator_92', 'generator_66', 'generator_94', 'generator_95', 'generator_46', 'generator_97', 'generator_50', 'generator_99', 'generator_60', 'generator_101', 'generator_71']
number opened: 1
TRIAL 14
Action chosen: (blue, pink)
Outcome: False
partcle ids: ['generator_102', 'generator_103', 'generator_104', 'generator_105', 'generator_106', 'generator_107', 'generator_108', 'generator_109', 'generator_110', 'generator_111', 'generator_81', 'generator_113', 'generator_90', 'generator_115', 'generator_85', 'generator_117', 'generator_118', 'generator_72', 'generator_120', 'generator_121', 'generator_122', 'generator_123', 'generator_124', 'generator_125', 'generator_84', 'generator_28', 'generator_127', 'generator_128', 'generator_129', 'generator_130']
number opened: 1
TRIAL 15
Action chosen: (grey2, white)
Outcome: False
partcle ids: ['generator_102', 'generator_103', 'generator_104', 'generator_105', 'generator_106', 'generator_107', 'generator_108', 'generator_109', 'generator_110', 'generator_111', 'generator_81', 'generator_113', 'generator_90', 'generator_115', 'generator_85', 'generator_117', 'generator_118', 'generator_72', 'generator_120', 'generator_121', 'generator_122', 'generator_123', 'generator_124', 'generator_125', 'generator_84', 'generator_28', 'generator_127', 'generator_128', 'generator_129', 'generator_130']
number opened: 1
TRIAL 16
Action chosen: (purple, red)
Outcome: False
partcle ids: ['generator_102', 'generator_103', 'generator_104', 'generator_105', 'generator_106', 'generator_107', 'generator_108', 'generator_109', 'generator_110', 'generator_111', 'generator_81', 'generator_113', 'generator_90', 'generator_115', 'generator_85', 'generator_117', 'generator_118', 'generator_72', 'generator_120', 'generator_121', 'generator_122', 'generator_123', 'generator_124', 'generator_125', 'generator_84', 'generator_28', 'generator_127', 'generator_128', 'generator_129', 'generator_130']
number opened: 1
TRIAL 17
Action chosen: (diamond, purple)
Outcome: False
partcle ids: ['generator_102', 'generator_103', 'generator_104', 'generator_105', 'generator_106', 'generator_107', 'generator_108', 'generator_109', 'generator_110', 'generator_111', 'generator_81', 'generator_113', 'generator_90', 'generator_115', 'generator_85', 'generator_117', 'generator_118', 'generator_72', 'generator_120', 'generator_121', 'generator_122', 'generator_123', 'generator_124', 'generator_125', 'generator_84', 'generator_28', 'generator_127', 'generator_128', 'generator_129', 'generator_130']
number opened: 1
TRIAL 18
Action chosen: (red, red)
Outcome: True
partcle ids: ['generator_131', 'generator_132', 'generator_133', 'generator_134', 'generator_90', 'generator_136', 'generator_90', 'generator_130', 'generator_90', 'generator_139', 'generator_130', 'generator_107', 'number_match', 'generator_130', 'generator_107', 'generator_142', 'generator_90', 'generator_144', 'generator_145', 'generator_146', 'generator_147', 'generator_107', 'generator_90', 'generator_107', 'generator_151', 'generator_107', 'generator_153', 'generator_107', 'generator_155', 'generator_107']
number opened: 2
TRIAL 19
Action chosen: (pink, white)
Outcome: False
partcle ids: ['generator_131', 'generator_132', 'generator_133', 'generator_134', 'generator_90', 'generator_136', 'generator_90', 'generator_130', 'generator_90', 'generator_139', 'generator_130', 'generator_107', 'number_match', 'generator_130', 'generator_107', 'generator_142', 'generator_90', 'generator_144', 'generator_145', 'generator_146', 'generator_147', 'generator_107', 'generator_90', 'generator_107', 'generator_151', 'generator_107', 'generator_153', 'generator_107', 'generator_155', 'generator_107']
number opened: 2
TRIAL 20
Action chosen: (white, purple)
Outcome: False
partcle ids: ['generator_131', 'generator_132', 'generator_133', 'generator_134', 'generator_90', 'generator_136', 'generator_90', 'generator_130', 'generator_90', 'generator_139', 'generator_130', 'generator_107', 'number_match', 'generator_130', 'generator_107', 'generator_142', 'generator_90', 'generator_144', 'generator_145', 'generator_146', 'generator_147', 'generator_107', 'generator_90', 'generator_107', 'generator_151', 'generator_107', 'generator_153', 'generator_107', 'generator_155', 'generator_107']
number opened: 2
TRIAL 21
Action chosen: (orange4, white)
Outcome: True
partcle ids: ['generator_151', 'generator_157', 'generator_144', 'generator_132', 'generator_132', 'generator_161', 'generator_162', 'generator_163', 'generator_164', 'generator_165', 'generator_166', 'generator_132', 'generator_168', 'generator_169', 'generator_170', 'generator_171', 'generator_141', 'generator_172', 'generator_132', 'generator_173', 'generator_174', 'generator_175', 'generator_170', 'generator_176', 'generator_177', 'generator_178', 'generator_160', 'generator_151', 'generator_179', 'generator_180']
number opened: 3
TRIAL 22
Action chosen: (triangle, purple)
Outcome: False
partcle ids: ['generator_151', 'generator_157', 'generator_144', 'generator_132', 'generator_132', 'generator_161', 'generator_162', 'generator_163', 'generator_164', 'generator_165', 'generator_166', 'generator_132', 'generator_168', 'generator_169', 'generator_170', 'generator_171', 'generator_141', 'generator_172', 'generator_132', 'generator_173', 'generator_174', 'generator_175', 'generator_170', 'generator_176', 'generator_177', 'generator_178', 'generator_160', 'generator_151', 'generator_179', 'generator_180']
number opened: 3
TRIAL 23
Action chosen: (cloud, purple)
Outcome: False
partcle ids: ['generator_151', 'generator_157', 'generator_144', 'generator_132', 'generator_132', 'generator_161', 'generator_162', 'generator_163', 'generator_164', 'generator_165', 'generator_166', 'generator_132', 'generator_168', 'generator_169', 'generator_170', 'generator_171', 'generator_141', 'generator_172', 'generator_132', 'generator_173', 'generator_174', 'generator_175', 'generator_170', 'generator_176', 'generator_177', 'generator_178', 'generator_160', 'generator_151', 'generator_179', 'generator_180']
number opened: 3
TRIAL 24
Action chosen: (cloud, pink)
Outcome: False
partcle ids: ['generator_151', 'generator_157', 'generator_144', 'generator_132', 'generator_132', 'generator_161', 'generator_162', 'generator_163', 'generator_164', 'generator_165', 'generator_166', 'generator_132', 'generator_168', 'generator_169', 'generator_170', 'generator_171', 'generator_141', 'generator_172', 'generator_132', 'generator_173', 'generator_174', 'generator_175', 'generator_170', 'generator_176', 'generator_177', 'generator_178', 'generator_160', 'generator_151', 'generator_179', 'generator_180']
number opened: 3
TRIAL 25
Action chosen: (heart, purple)
Outcome: False
partcle ids: ['generator_151', 'generator_157', 'generator_144', 'generator_132', 'generator_132', 'generator_161', 'generator_162', 'generator_163', 'generator_164', 'generator_165', 'generator_166', 'generator_132', 'generator_168', 'generator_169', 'generator_170', 'generator_171', 'generator_141', 'generator_172', 'generator_132', 'generator_173', 'generator_174', 'generator_175', 'generator_170', 'generator_176', 'generator_177', 'generator_178', 'generator_160', 'generator_151', 'generator_179', 'generator_180']
number opened: 3
TRIAL 26
Action chosen: (white, pink)
Outcome: False
partcle ids: ['generator_166', 'generator_172', 'generator_175', 'generator_164', 'generator_182', 'generator_172', 'number_match', 'generator_173', 'generator_141', 'generator_169', 'generator_184', 'generator_162', 'generator_173', 'number_match', 'generator_162', 'generator_187', 'generator_188', 'generator_189', 'generator_162', 'generator_190', 'generator_191', 'generator_192', 'generator_151', 'generator_172', 'generator_171', 'generator_194', 'generator_195', 'generator_196', 'generator_191', 'generator_197']
number opened: 3
TRIAL 27
Action chosen: (grey2, purple)
Outcome: False
partcle ids: ['generator_166', 'generator_172', 'generator_175', 'generator_164', 'generator_182', 'generator_172', 'number_match', 'generator_173', 'generator_141', 'generator_169', 'generator_184', 'generator_162', 'generator_173', 'number_match', 'generator_162', 'generator_187', 'generator_188', 'generator_189', 'generator_162', 'generator_190', 'generator_191', 'generator_192', 'generator_151', 'generator_172', 'generator_171', 'generator_194', 'generator_195', 'generator_196', 'generator_191', 'generator_197']
number opened: 3
TRIAL 28
Action chosen: (green3, purple)
Outcome: True
partcle ids: ['number_match', 'generator_162', 'generator_198', 'generator_199', 'generator_184', 'generator_190', 'number_match', 'generator_184', 'generator_184', 'generator_162', 'generator_184', 'generator_190', 'generator_162', 'generator_184', 'generator_184', 'generator_162', 'generator_199', 'generator_190', 'generator_162', 'generator_157', 'generator_162', 'generator_199', 'generator_184', 'generator_200', 'generator_190', 'generator_162', 'generator_162', 'generator_200', 'generator_190', 'generator_162']
number opened: 4
TRIAL 29
Action chosen: (triangle, pink)
Outcome: False
partcle ids: ['number_match', 'generator_162', 'generator_198', 'generator_199', 'generator_184', 'generator_190', 'number_match', 'generator_184', 'generator_184', 'generator_162', 'generator_184', 'generator_190', 'generator_162', 'generator_184', 'generator_184', 'generator_162', 'generator_199', 'generator_190', 'generator_162', 'generator_157', 'generator_162', 'generator_199', 'generator_184', 'generator_200', 'generator_190', 'generator_162', 'generator_162', 'generator_200', 'generator_190', 'generator_162']
number opened: 4
TRIAL 30
Action chosen: (pink, pink)
Outcome: False
partcle ids: ['number_match', 'generator_162', 'generator_198', 'generator_199', 'generator_184', 'generator_190', 'number_match', 'generator_184', 'generator_184', 'generator_162', 'generator_184', 'generator_190', 'generator_162', 'generator_184', 'generator_184', 'generator_162', 'generator_199', 'generator_190', 'generator_162', 'generator_157', 'generator_162', 'generator_199', 'generator_184', 'generator_200', 'generator_190', 'generator_162', 'generator_162', 'generator_200', 'generator_190', 'generator_162']
number opened: 4
TRIAL 31
Action chosen: (diamond, pink)
Outcome: False
partcle ids: ['number_match', 'generator_157', 'generator_157', 'generator_157', 'generator_199', 'generator_198', 'generator_157', 'generator_184', 'generator_190', 'generator_201', 'number_match', 'generator_184', 'generator_198', 'number_match', 'number_match', 'generator_200', 'number_match', 'generator_199', 'generator_157', 'generator_199', 'number_match', 'generator_157', 'generator_199', 'generator_199', 'generator_200', 'generator_201', 'generator_184', 'generator_199', 'generator_201', 'generator_201']
number opened: 4
TRIAL 32
Action chosen: (heart, pink)
Outcome: False
partcle ids: ['number_match', 'generator_157', 'generator_157', 'generator_157', 'generator_199', 'generator_198', 'generator_157', 'generator_184', 'generator_190', 'generator_201', 'number_match', 'generator_184', 'generator_198', 'number_match', 'number_match', 'generator_200', 'number_match', 'generator_199', 'generator_157', 'generator_199', 'number_match', 'generator_157', 'generator_199', 'generator_199', 'generator_200', 'generator_201', 'generator_184', 'generator_199', 'generator_201', 'generator_201']
number opened: 4
TRIAL 33
Action chosen: (white, pink)
Outcome: False
partcle ids: ['number_match', 'generator_157', 'generator_157', 'generator_157', 'generator_199', 'generator_198', 'generator_157', 'generator_184', 'generator_190', 'generator_201', 'number_match', 'generator_184', 'generator_198', 'number_match', 'number_match', 'generator_200', 'number_match', 'generator_199', 'generator_157', 'generator_199', 'number_match', 'generator_157', 'generator_199', 'generator_199', 'generator_200', 'generator_201', 'generator_184', 'generator_199', 'generator_201', 'generator_201']
number opened: 4
TRIAL 34
Action chosen: (grey2, pink)
Outcome: True
partcle ids: ['number_match', 'number_match', 'number_match', 'number_match', 'number_match', 'number_match', 'number_match', 'number_match', 'number_match', 'number_match', 'number_match', 'number_match', 'number_match', 'number_match', 'number_match', 'number_match', 'number_match', 'number_match', 'number_match', 'number_match', 'number_match', 'number_match', 'number_match', 'number_match', 'number_match', 'number_match', 'number_match', 'number_match', 'number_match', 'number_match']
number opened: 5
{"attempts": 34, "unique_key_box_pairs": 30, "revisit_attempts": 4, "revisit_rate": 0.12121212121212122, "attempts_before_abandoning_color_matching": 1, "color_matching_abandoned": true}
