{"Child_ID": "D099", "SoC_variant": "SoC-Full", "theta": [9, 1], "p_gen": 0.6, "true_prior": 0.02, "run_number": 31, "seed": 8110296726747413331}
TRIAL 1
Action chosen: (purple, purple)
Outcome: False
partcle ids: ['generator_1', 'color_match', 'similar_color_3', 'similar_color_9', 'generator_2', 'generator_3', 'generator_4', 'generator_5', 'shape_match', 'generator_6', 'generator_7', 'generator_8', 'generator_9', 'similar_color_11', 'generator_10', 'generator_11', 'generator_12', 'similar_color_11', 'similar_color_8', 'similar_color_11', 'generator_13', 'similar_color_10', 'generator_14', 'generator_15', 'generator_16', 'similar_color_3', 'generator_17', 'generator_18', 'generator_19', 'similar_color_13']
number opened: 0
TRIAL 2
Action chosen: (cloud, pink)
Outcome: False
partcle ids: ['generator_1', 'color_match', 'similar_color_3', 'similar_color_9', 'generator_2', 'generator_3', 'generator_4', 'generator_5', 'shape_match', 'generator_6', 'generator_7', 'generator_8', 'generator_9', 'similar_color_11', 'generator_10', 'generator_11', 'generator_12', 'similar_color_11', 'similar_color_8', 'similar_color_11', 'generator_13', 'similar_color_10', 'generator_14', 'generator_15', 'generator_16', 'similar_color_3', 'generator_17', 'generator_18', 'generator_19', 'similar_color_13']
number opened: 0
TRIAL 3
Action chosen: (white, pink)
Outcome: False
partcle ids: ['generator_18', 'generator_11', 'generator_21', 'order_match', 'similar_color_3', 'generator_22', 'similar_color_6', 'generator_13', 'generator_13', 'generator_15', 'similar_color_14', 'generator_23', 'generator_3', 'generator_7', 'generator_11', 'generator_11', 'generator_24', 'generator_25', 'generator_26', 'generator_27', 'generator_28', 'generator_1', 'generator_29', 'generator_30', 'generator_31', 'generator_7', 'generator_32', 'generator_3', 'generator_19', 'generator_3']
number opened: 0
TRIAL 4
Action chosen: (green3, pink)
Outcome: False
partcle ids: ['generator_18', 'generator_11', 'generator_21', 'order_match', 'similar_color_3', 'generator_22', 'similar_color_6', 'generator_13', 'generator_13', 'generator_15', 'similar_color_14', 'generator_23', 'generator_3', 'generator_7', 'generator_11', 'generator_11', 'generator_24', 'generator_25', 'generator_26', 'generator_27', 'generator_28', 'generator_1', 'generator_29', 'generator_30', 'generator_31', 'generator_7', 'generator_32', 'generator_3', 'generator_19', 'generator_3']
number opened: 0
TRIAL 5
Action chosen: (purple, purple)
Outcome: False
partcle ids: ['generator_18', 'generator_11', 'generator_21', 'order_match', 'similar_color_3', 'generator_22', 'similar_color_6', 'generator_13', 'generator_13', 'generator_15', 'similar_color_14', 'generator_23', 'generator_3', 'generator_7', 'generator_11', 'generator_11', 'generator_24', 'generator_25', 'generator_26', 'generator_27', 'generator_28', 'generator_1', 'generator_29', 'generator_30', 'generator_31', 'generator_7', 'generator_32', 'generator_3', 'generator_19', 'generator_3']
number opened: 0
TRIAL 6
Action chosen: (diamond, red)
Outcome: False
partcle ids: ['generator_18', 'generator_11', 'generator_21', 'order_match', 'similar_color_3', 'generator_22', 'similar_color_6', 'generator_13', 'generator_13', 'generator_15', 'similar_color_14', 'generator_23', 'generator_3', 'generator_7', 'generator_11', 'generator_11', 'generator_24', 'generator_25', 'generator_26', 'generator_27', 'generator_28', 'generator_1', 'generator_29', 'generator_30', 'generator_31', 'generator_7', 'generator_32', 'generator_3', 'generator_19', 'generator_3']
number opened: 0
TRIAL 7
Action chosen: (diamond, pink)
Outcome: False
partcle ids: ['generator_28', 'generator_33', 'generator_3', 'generator_34', 'generator_26', 'generator_35', 'generator_36', 'generator_37', 'generator_22', 'generator_13', 'generator_22', 'generator_39', 'generator_13', 'generator_40', 'generator_41', 'generator_42', 'number_match', 'generator_43', 'generator_44', 'generator_45', 'generator_46', 'generator_47', 'generator_48', 'generator_49', 'generator_50', 'generator_22', 'generator_51', 'similar_color_14', 'generator_52', 'generator_53']
number opened: 0
TRIAL 8
Action chosen: (pink, purple)
Outcome: False
partcle ids: ['generator_28', 'generator_33', 'generator_3', 'generator_34', 'generator_26', 'generator_35', 'generator_36', 'generator_37', 'generator_22', 'generator_13', 'generator_22', 'generator_39', 'generator_13', 'generator_40', 'generator_41', 'generator_42', 'number_match', 'generator_43', 'generator_44', 'generator_45', 'generator_46', 'generator_47', 'generator_48', 'generator_49', 'generator_50', 'generator_22', 'generator_51', 'similar_color_14', 'generator_52', 'generator_53']
number opened: 0
TRIAL 9
Action chosen: (pink, red)
Outcome: False
partcle ids: ['generator_28', 'generator_33', 'generator_3', 'generator_34', 'generator_26', 'generator_35', 'generator_36', 'generator_37', 'generator_22', 'generator_13', 'generator_22', 'generator_39', 'generator_13', 'generator_40', 'generator_41', 'generator_42', 'number_match', 'generator_43', 'generator_44', 'generator_45', 'generator_46', 'generator_47', 'generator_48', 'generator_49', 'generator_50', 'generator_22', 'generator_51', 'similar_color_14', 'generator_52', 'generator_53']
number opened: 0
TRIAL 10
Action chosen: (yellow5, pink)
Outcome: False
partcle ids: ['generator_28', 'generator_33', 'generator_3', 'generator_34', 'generator_26', 'generator_35', 'generator_36', 'generator_37', 'generator_22', 'generator_13', 'generator_22', 'generator_39', 'generator_13', 'generator_40', 'generator_41', 'generator_42', 'number_match', 'generator_43', 'generator_44', 'generator_45', 'generator_46', 'generator_47', 'generator_48', 'generator_49', 'generator_50', 'generator_22', 'generator_51', 'similar_color_14', 'generator_52', 'generator_53']
number opened: 0
TRIAL 11
Action chosen: (purple, white)
Outcome: False
partcle ids: ['generator_28', 'generator_33', 'generator_3', 'generator_34', 'generator_26', 'generator_35', 'generator_36', 'generator_37', 'generator_22', 'generator_13', 'generator_22', 'generator_39', 'generator_13', 'generator_40', 'generator_41', 'generator_42', 'number_match', 'generator_43', 'generator_44', 'generator_45', 'generator_46', 'generator_47', 'generator_48', 'generator_49', 'generator_50', 'generator_22', 'generator_51', 'similar_color_14', 'generator_52', 'generator_53']
number opened: 0
TRIAL 12
Action chosen: (diamond, purple)
Outcome: False
partcle ids: ['generator_54', 'generator_55', 'generator_37', 'generator_57', 'generator_47', 'generator_28', 'generator_28', 'generator_58', 'generator_40', 'generator_59', 'generator_60', 'generator_61', 'number_match', 'generator_62', 'generator_63', 'generator_47', 'generator_26', 'generator_28', 'generator_65', 'generator_66', 'generator_39', 'generator_28', 'generator_68', 'generator_69', 'generator_70', 'generator_46', 'generator_43', 'number_match', 'generator_49', 'generator_72']
number opened: 0
TRIAL 13
Action chosen: (purple, pink)
Outcome: False
partcle ids: ['generator_54', 'generator_55', 'generator_37', 'generator_57', 'generator_47', 'generator_28', 'generator_28', 'generator_58', 'generator_40', 'generator_59', 'generator_60', 'generator_61', 'number_match', 'generator_62', 'generator_63', 'generator_47', 'generator_26', 'generator_28', 'generator_65', 'generator_66', 'generator_39', 'generator_28', 'generator_68', 'generator_69', 'generator_70', 'generator_46', 'generator_43', 'number_match', 'generator_49', 'generator_72']
number opened: 0
TRIAL 14
Action chosen: (red, blue)
Outcome: False
partcle ids: ['generator_54', 'generator_55', 'generator_37', 'generator_57', 'generator_47', 'generator_28', 'generator_28', 'generator_58', 'generator_40', 'generator_59', 'generator_60', 'generator_61', 'number_match', 'generator_62', 'generator_63', 'generator_47', 'generator_26', 'generator_28', 'generator_65', 'generator_66', 'generator_39', 'generator_28', 'generator_68', 'generator_69', 'generator_70', 'generator_46', 'generator_43', 'number_match', 'generator_49', 'generator_72']
number opened: 0
TRIAL 15
Action chosen: (orange4, white)
Outcome: True
partcle ids: ['generator_73', 'generator_74', 'generator_49', 'generator_76', 'generator_49', 'generator_78', 'generator_75', 'generator_79', 'generator_61', 'generator_81', 'generator_82', 'generator_83', 'generator_49', 'generator_49', 'generator_86', 'generator_87', 'generator_88', 'generator_49', 'generator_90', 'generator_91', 'generator_92', 'generator_93', 'generator_94', 'generator_49', 'generator_96', 'generator_97', 'generator_98', 'generator_99', 'generator_49', 'generator_101']
number opened: 1
TRIAL 16
Action chosen: (triangle, purple)
Outcome: False
partcle ids: ['generator_73', 'generator_74', 'generator_49', 'generator_76', 'generator_49', 'generator_78', 'generator_75', 'generator_79', 'generator_61', 'generator_81', 'generator_82', 'generator_83', 'generator_49', 'generator_49', 'generator_86', 'generator_87', 'generator_88', 'generator_49', 'generator_90', 'generator_91', 'generator_92', 'generator_93', 'generator_94', 'generator_49', 'generator_96', 'generator_97', 'generator_98', 'generator_99', 'generator_49', 'generator_101']
number opened: 1
TRIAL 17
Action chosen: (heart, purple)
Outcome: False
partcle ids: ['generator_73', 'generator_74', 'generator_49', 'generator_76', 'generator_49', 'generator_78', 'generator_75', 'generator_79', 'generator_61', 'generator_81', 'generator_82', 'generator_83', 'generator_49', 'generator_49', 'generator_86', 'generator_87', 'generator_88', 'generator_49', 'generator_90', 'generator_91', 'generator_92', 'generator_93', 'generator_94', 'generator_49', 'generator_96', 'generator_97', 'generator_98', 'generator_99', 'generator_49', 'generator_101']
number opened: 1
TRIAL 18
Action chosen: (triangle, blue)
Outcome: False
partcle ids: ['generator_73', 'generator_74', 'generator_49', 'generator_76', 'generator_49', 'generator_78', 'generator_75', 'generator_79', 'generator_61', 'generator_81', 'generator_82', 'generator_83', 'generator_49', 'generator_49', 'generator_86', 'generator_87', 'generator_88', 'generator_49', 'generator_90', 'generator_91', 'generator_92', 'generator_93', 'generator_94', 'generator_49', 'generator_96', 'generator_97', 'generator_98', 'generator_99', 'generator_49', 'generator_101']
number opened: 1
TRIAL 19
Action chosen: (yellow5, blue)
Outcome: True
partcle ids: ['generator_97', 'generator_103', 'generator_97', 'generator_105', 'generator_106', 'generator_107', 'generator_108', 'generator_97', 'generator_97', 'generator_97', 'generator_112', 'generator_97', 'generator_114', 'generator_97', 'generator_116', 'generator_97', 'generator_101', 'generator_117', 'generator_97', 'generator_119', 'generator_120', 'generator_121', 'generator_122', 'generator_123', 'generator_86', 'generator_97', 'generator_125', 'generator_126', 'generator_97', 'generator_128']
number opened: 2
TRIAL 20
Action chosen: (blue, pink)
Outcome: False
partcle ids: ['generator_97', 'generator_103', 'generator_97', 'generator_105', 'generator_106', 'generator_107', 'generator_108', 'generator_97', 'generator_97', 'generator_97', 'generator_112', 'generator_97', 'generator_114', 'generator_97', 'generator_116', 'generator_97', 'generator_101', 'generator_117', 'generator_97', 'generator_119', 'generator_120', 'generator_121', 'generator_122', 'generator_123', 'generator_86', 'generator_97', 'generator_125', 'generator_126', 'generator_97', 'generator_128']
number opened: 2
TRIAL 21
Action chosen: (red, purple)
Outcome: False
partcle ids: ['generator_97', 'generator_103', 'generator_97', 'generator_105', 'generator_106', 'generator_107', 'generator_108', 'generator_97', 'generator_97', 'generator_97', 'generator_112', 'generator_97', 'generator_114', 'generator_97', 'generator_116', 'generator_97', 'generator_101', 'generator_117', 'generator_97', 'generator_119', 'generator_120', 'generator_121', 'generator_122', 'generator_123', 'generator_86', 'generator_97', 'generator_125', 'generator_126', 'generator_97', 'generator_128']
number opened: 2
TRIAL 22
Action chosen: (heart, pink)
Outcome: False
partcle ids: ['generator_129', 'generator_130', 'generator_86', 'generator_108', 'generator_101', 'generator_123', 'generator_134', 'generator_135', 'generator_136', 'generator_106', 'generator_114', 'generator_139', 'generator_140', 'generator_121', 'generator_142', 'generator_108', 'generator_144', 'generator_86', 'generator_86', 'generator_123', 'generator_148', 'generator_125', 'generator_121', 'generator_151', 'generator_152', 'generator_153', 'generator_101', 'generator_128', 'generator_156', 'generator_157']
number opened: 2
TRIAL 23
Action chosen: (triangle, pink)
Outcome: False
partcle ids: ['generator_129', 'generator_130', 'generator_86', 'generator_108', 'generator_101', 'generator_123', 'generator_134', 'generator_135', 'generator_136', 'generator_106', 'generator_114', 'generator_139', 'generator_140', 'generator_121', 'generator_142', 'generator_108', 'generator_144', 'generator_86', 'generator_86', 'generator_123', 'generator_148', 'generator_125', 'generator_121', 'generator_151', 'generator_152', 'generator_153', 'generator_101', 'generator_128', 'generator_156', 'generator_157']
number opened: 2
TRIAL 24
Action chosen: (green3, purple)
Outcome: True
partcle ids: ['generator_158', 'generator_159', 'number_match', 'generator_160', 'generator_161', 'generator_162', 'generator_163', 'generator_164', 'generator_165', 'generator_166', 'generator_167', 'generator_108', 'generator_108', 'generator_169', 'generator_170', 'generator_171', 'generator_172', 'generator_171', 'generator_173', 'generator_174', 'generator_175', 'generator_167', 'generator_176', 'generator_177', 'generator_178', 'generator_179', 'generator_180', 'generator_165', 'generator_151', 'generator_182']
number opened: 3
TRIAL 25
Action chosen: (purple, red)
Outcome: False
partcle ids: ['generator_158', 'generator_159', 'number_match', 'generator_160', 'generator_161', 'generator_162', 'generator_163', 'generator_164', 'generator_165', 'generator_166', 'generator_167', 'generator_108', 'generator_108', 'generator_169', 'generator_170', 'generator_171', 'generator_172', 'generator_171', 'generator_173', 'generator_174', 'generator_175', 'generator_167', 'generator_176', 'generator_177', 'generator_178', 'generator_179', 'generator_180', 'generator_165', 'generator_151', 'generator_182']
number opened: 3
TRIAL 26
Action chosen: (white, red)
Outcome: False
partcle ids: ['generator_158', 'generator_159', 'number_match', 'generator_160', 'generator_161', 'generator_162', 'generator_163', 'generator_164', 'generator_165', 'generator_166', 'generator_167', 'generator_108', 'generator_108', 'generator_169', 'generator_170', 'generator_171', 'generator_172', 'generator_171', 'generator_173', 'generator_174', 'generator_175', 'generator_167', 'generator_176', 'generator_177', 'generator_178', 'generator_179', 'generator_180', 'generator_165', 'generator_151', 'generator_182']
number opened: 3
TRIAL 27
Action chosen: (heart, red)
Outcome: False
partcle ids: ['generator_158', 'generator_159', 'number_match', 'generator_160', 'generator_161', 'generator_162', 'generator_163', 'generator_164', 'generator_165', 'generator_166', 'generator_167', 'generator_108', 'generator_108', 'generator_169', 'generator_170', 'generator_171', 'generator_172', 'generator_171', 'generator_173', 'generator_174', 'generator_175', 'generator_167', 'generator_176', 'generator_177', 'generator_178', 'generator_179', 'generator_180', 'generator_165', 'generator_151', 'generator_182']
number opened: 3
TRIAL 28
Action chosen: (purple, pink)
Outcome: False
partcle ids: ['generator_158', 'generator_159', 'number_match', 'generator_160', 'generator_161', 'generator_162', 'generator_163', 'generator_164', 'generator_165', 'generator_166', 'generator_167', 'generator_108', 'generator_108', 'generator_169', 'generator_170', 'generator_171', 'generator_172', 'generator_171', 'generator_173', 'generator_174', 'generator_175', 'generator_167', 'generator_176', 'generator_177', 'generator_178', 'generator_179', 'generator_180', 'generator_165', 'generator_151', 'generator_182']
number opened: 3
TRIAL 29
Action chosen: (red, red)
Outcome: True
partcle ids: ['generator_183', 'generator_173', 'number_match', 'generator_184', 'number_match', 'generator_183', 'number_match', 'generator_184', 'generator_185', 'number_match', 'generator_183', 'number_match', 'number_match', 'generator_173', 'generator_183', 'generator_176', 'generator_123', 'generator_176', 'generator_185', 'generator_186', 'generator_123', 'generator_173', 'generator_173', 'number_match', 'generator_183', 'generator_123', 'number_match', 'generator_176', 'generator_173', 'generator_183']
number opened: 4
TRIAL 30
Action chosen: (grey2, pink)
Outcome: True
partcle ids: ['number_match', 'number_match', 'number_match', 'number_match', 'number_match', 'number_match', 'number_match', 'number_match', 'number_match', 'number_match', 'number_match', 'number_match', 'number_match', 'number_match', 'number_match', 'number_match', 'number_match', 'number_match', 'number_match', 'number_match', 'number_match', 'number_match', 'number_match', 'number_match', 'number_match', 'number_match', 'number_match', 'number_match', 'number_match', 'number_match']
number opened: 5
{"attempts": 30, "unique_key_box_pairs": 28, "revisit_attempts": 2, "revisit_rate": 0.06896551724137931, "attempts_before_abandoning_color_matching": 1, "color_matching_abandoned": true}
