{"Child_ID": "D027", "SoC_variant": "SoC-Gen", "theta": [19, 1], "p_gen": 0.9, "true_prior": 0.02, "run_number": 46, "seed": 7810364914401763108}
TRIAL 1
Action chosen: (orange4, white)
Outcome: True
partcle ids: ['generator_26', 'generator_27', 'generator_28', 'generator_29', 'generator_30', 'generator_31', 'generator_32', 'generator_33', 'generator_34', 'generator_35', 'generator_36', 'generator_37', 'generator_38', 'generator_39', 'generator_40', 'generator_41', 'generator_42', 'generator_36', 'generator_43', 'generator_44', 'generator_45', 'generator_46', 'generator_47', 'generator_48', 'generator_49', 'generator_50', 'generator_51', 'generator_52', 'generator_53', 'generator_54']
number opened: 1
TRIAL 2
Action chosen: (red, purple)
Outcome: False
partcle ids: ['generator_26', 'generator_27', 'generator_28', 'generator_29', 'generator_30', 'generator_31', 'generator_32', 'generator_33', 'generator_34', 'generator_35', 'generator_36', 'generator_37', 'generator_38', 'generator_39', 'generator_40', 'generator_41', 'generator_42', 'generator_36', 'generator_43', 'generator_44', 'generator_45', 'generator_46', 'generator_47', 'generator_48', 'generator_49', 'generator_50', 'generator_51', 'generator_52', 'generator_53', 'generator_54']
number opened: 1
TRIAL 3
Action chosen: (triangle, red)
Outcome: False
partcle ids: ['generator_26', 'generator_27', 'generator_28', 'generator_29', 'generator_30', 'generator_31', 'generator_32', 'generator_33', 'generator_34', 'generator_35', 'generator_36', 'generator_37', 'generator_38', 'generator_39', 'generator_40', 'generator_41', 'generator_42', 'generator_36', 'generator_43', 'generator_44', 'generator_45', 'generator_46', 'generator_47', 'generator_48', 'generator_49', 'generator_50', 'generator_51', 'generator_52', 'generator_53', 'generator_54']
number opened: 1
TRIAL 4
Action chosen: (red, red)
Outcome: True
partcle ids: ['generator_55', 'generator_56', 'generator_57', 'generator_58', 'generator_59', 'generator_60', 'generator_61', 'generator_62', 'generator_63', 'generator_64', 'generator_65', 'generator_66', 'generator_67', 'generator_68', 'generator_69', 'generator_70', 'generator_71', 'generator_72', 'generator_73', 'generator_74', 'generator_75', 'generator_76', 'generator_77', 'generator_78', 'generator_79', 'generator_80', 'generator_81', 'generator_82', 'generator_83', 'generator_84']
number opened: 2
TRIAL 5
Action chosen: (cloud, pink)
Outcome: False
partcle ids: ['generator_55', 'generator_56', 'generator_57', 'generator_58', 'generator_59', 'generator_60', 'generator_61', 'generator_62', 'generator_63', 'generator_64', 'generator_65', 'generator_66', 'generator_67', 'generator_68', 'generator_69', 'generator_70', 'generator_71', 'generator_72', 'generator_73', 'generator_74', 'generator_75', 'generator_76', 'generator_77', 'generator_78', 'generator_79', 'generator_80', 'generator_81', 'generator_82', 'generator_83', 'generator_84']
number opened: 2
TRIAL 6
Action chosen: (diamond, pink)
Outcome: False
partcle ids: ['generator_55', 'generator_56', 'generator_57', 'generator_58', 'generator_59', 'generator_60', 'generator_61', 'generator_62', 'generator_63', 'generator_64', 'generator_65', 'generator_66', 'generator_67', 'generator_68', 'generator_69', 'generator_70', 'generator_71', 'generator_72', 'generator_73', 'generator_74', 'generator_75', 'generator_76', 'generator_77', 'generator_78', 'generator_79', 'generator_80', 'generator_81', 'generator_82', 'generator_83', 'generator_84']
number opened: 2
TRIAL 7
Action chosen: (heart, pink)
Outcome: False
partcle ids: ['generator_55', 'generator_56', 'generator_57', 'generator_58', 'generator_59', 'generator_60', 'generator_61', 'generator_62', 'generator_63', 'generator_64', 'generator_65', 'generator_66', 'generator_67', 'generator_68', 'generator_69', 'generator_70', 'generator_71', 'generator_72', 'generator_73', 'generator_74', 'generator_75', 'generator_76', 'generator_77', 'generator_78', 'generator_79', 'generator_80', 'generator_81', 'generator_82', 'generator_83', 'generator_84']
number opened: 2
TRIAL 8
Action chosen: (white, pink)
Outcome: False
partcle ids: ['generator_59', 'generator_85', 'generator_86', 'generator_87', 'generator_88', 'generator_64', 'generator_90', 'generator_63', 'generator_83', 'generator_65', 'generator_93', 'generator_94', 'generator_95', 'generator_96', 'generator_97', 'generator_98', 'generator_99', 'generator_100', 'generator_77', 'generator_101', 'generator_73', 'generator_103', 'generator_104', 'generator_73', 'generator_56', 'generator_107', 'generator_73', 'generator_109', 'generator_110', 'generator_111']
number opened: 2
TRIAL 9
Action chosen: (green3, pink)
Outcome: False
partcle ids: ['generator_59', 'generator_85', 'generator_86', 'generator_87', 'generator_88', 'generator_64', 'generator_90', 'generator_63', 'generator_83', 'generator_65', 'generator_93', 'generator_94', 'generator_95', 'generator_96', 'generator_97', 'generator_98', 'generator_99', 'generator_100', 'generator_77', 'generator_101', 'generator_73', 'generator_103', 'generator_104', 'generator_73', 'generator_56', 'generator_107', 'generator_73', 'generator_109', 'generator_110', 'generator_111']
number opened: 2
TRIAL 10
Action chosen: (heart, blue)
Outcome: False
partcle ids: ['generator_59', 'generator_85', 'generator_86', 'generator_87', 'generator_88', 'generator_64', 'generator_90', 'generator_63', 'generator_83', 'generator_65', 'generator_93', 'generator_94', 'generator_95', 'generator_96', 'generator_97', 'generator_98', 'generator_99', 'generator_100', 'generator_77', 'generator_101', 'generator_73', 'generator_103', 'generator_104', 'generator_73', 'generator_56', 'generator_107', 'generator_73', 'generator_109', 'generator_110', 'generator_111']
number opened: 2
TRIAL 11
Action chosen: (blue, pink)
Outcome: False
partcle ids: ['generator_112', 'generator_65', 'generator_114', 'generator_115', 'generator_116', 'generator_117', 'generator_118', 'generator_119', 'generator_120', 'generator_121', 'generator_122', 'generator_123', 'generator_99', 'generator_125', 'generator_126', 'generator_64', 'generator_128', 'generator_129', 'generator_111', 'generator_131', 'generator_132', 'generator_87', 'generator_133', 'generator_63', 'generator_122', 'generator_95', 'generator_136', 'generator_137', 'generator_138', 'generator_139']
number opened: 2
TRIAL 12
Action chosen: (pink, pink)
Outcome: False
partcle ids: ['generator_112', 'generator_65', 'generator_114', 'generator_115', 'generator_116', 'generator_117', 'generator_118', 'generator_119', 'generator_120', 'generator_121', 'generator_122', 'generator_123', 'generator_99', 'generator_125', 'generator_126', 'generator_64', 'generator_128', 'generator_129', 'generator_111', 'generator_131', 'generator_132', 'generator_87', 'generator_133', 'generator_63', 'generator_122', 'generator_95', 'generator_136', 'generator_137', 'generator_138', 'generator_139']
number opened: 2
TRIAL 13
Action chosen: (purple, pink)
Outcome: False
partcle ids: ['generator_112', 'generator_65', 'generator_114', 'generator_115', 'generator_116', 'generator_117', 'generator_118', 'generator_119', 'generator_120', 'generator_121', 'generator_122', 'generator_123', 'generator_99', 'generator_125', 'generator_126', 'generator_64', 'generator_128', 'generator_129', 'generator_111', 'generator_131', 'generator_132', 'generator_87', 'generator_133', 'generator_63', 'generator_122', 'generator_95', 'generator_136', 'generator_137', 'generator_138', 'generator_139']
number opened: 2
TRIAL 14
Action chosen: (grey2, pink)
Outcome: True
partcle ids: ['generator_140', 'generator_116', 'generator_141', 'generator_142', 'generator_143', 'generator_87', 'generator_123', 'generator_145', 'generator_146', 'generator_147', 'generator_148', 'generator_143', 'generator_149', 'generator_150', 'generator_151', 'generator_148', 'generator_87', 'generator_116', 'generator_64', 'generator_152', 'generator_153', 'generator_154', 'generator_155', 'generator_156', 'generator_147', 'generator_64', 'generator_157', 'generator_158', 'generator_158', 'generator_149']
number opened: 3
TRIAL 15
Action chosen: (pink, blue)
Outcome: False
partcle ids: ['generator_140', 'generator_116', 'generator_141', 'generator_142', 'generator_143', 'generator_87', 'generator_123', 'generator_145', 'generator_146', 'generator_147', 'generator_148', 'generator_143', 'generator_149', 'generator_150', 'generator_151', 'generator_148', 'generator_87', 'generator_116', 'generator_64', 'generator_152', 'generator_153', 'generator_154', 'generator_155', 'generator_156', 'generator_147', 'generator_64', 'generator_157', 'generator_158', 'generator_158', 'generator_149']
number opened: 3
TRIAL 16
Action chosen: (diamond, purple)
Outcome: False
partcle ids: ['generator_140', 'generator_116', 'generator_141', 'generator_142', 'generator_143', 'generator_87', 'generator_123', 'generator_145', 'generator_146', 'generator_147', 'generator_148', 'generator_143', 'generator_149', 'generator_150', 'generator_151', 'generator_148', 'generator_87', 'generator_116', 'generator_64', 'generator_152', 'generator_153', 'generator_154', 'generator_155', 'generator_156', 'generator_147', 'generator_64', 'generator_157', 'generator_158', 'generator_158', 'generator_149']
number opened: 3
TRIAL 17
Action chosen: (triangle, blue)
Outcome: False
partcle ids: ['generator_140', 'generator_116', 'generator_141', 'generator_142', 'generator_143', 'generator_87', 'generator_123', 'generator_145', 'generator_146', 'generator_147', 'generator_148', 'generator_143', 'generator_149', 'generator_150', 'generator_151', 'generator_148', 'generator_87', 'generator_116', 'generator_64', 'generator_152', 'generator_153', 'generator_154', 'generator_155', 'generator_156', 'generator_147', 'generator_64', 'generator_157', 'generator_158', 'generator_158', 'generator_149']
number opened: 3
TRIAL 18
Action chosen: (diamond, blue)
Outcome: False
partcle ids: ['generator_159', 'generator_160', 'number_match', 'generator_161', 'generator_162', 'generator_163', 'generator_145', 'generator_158', 'generator_123', 'generator_164', 'generator_165', 'generator_166', 'generator_146', 'generator_167', 'generator_159', 'generator_143', 'generator_168', 'generator_157', 'generator_153', 'generator_143', 'generator_145', 'generator_171', 'generator_172', 'generator_123', 'generator_166', 'generator_155', 'generator_145', 'generator_174', 'generator_161', 'generator_155']
number opened: 3
TRIAL 19
Action chosen: (white, blue)
Outcome: False
partcle ids: ['generator_159', 'generator_160', 'number_match', 'generator_161', 'generator_162', 'generator_163', 'generator_145', 'generator_158', 'generator_123', 'generator_164', 'generator_165', 'generator_166', 'generator_146', 'generator_167', 'generator_159', 'generator_143', 'generator_168', 'generator_157', 'generator_153', 'generator_143', 'generator_145', 'generator_171', 'generator_172', 'generator_123', 'generator_166', 'generator_155', 'generator_145', 'generator_174', 'generator_161', 'generator_155']
number opened: 3
TRIAL 20
Action chosen: (pink, purple)
Outcome: False
partcle ids: ['generator_159', 'generator_160', 'number_match', 'generator_161', 'generator_162', 'generator_163', 'generator_145', 'generator_158', 'generator_123', 'generator_164', 'generator_165', 'generator_166', 'generator_146', 'generator_167', 'generator_159', 'generator_143', 'generator_168', 'generator_157', 'generator_153', 'generator_143', 'generator_145', 'generator_171', 'generator_172', 'generator_123', 'generator_166', 'generator_155', 'generator_145', 'generator_174', 'generator_161', 'generator_155']
number opened: 3
TRIAL 21
Action chosen: (white, purple)
Outcome: False
partcle ids: ['generator_143', 'generator_157', 'generator_167', 'generator_175', 'generator_143', 'generator_164', 'generator_143', 'generator_177', 'generator_157', 'generator_158', 'generator_143', 'generator_179', 'generator_143', 'generator_180', 'generator_147', 'generator_181', 'generator_172', 'generator_157', 'generator_182', 'generator_167', 'generator_172', 'generator_167', 'generator_143', 'number_match', 'generator_157', 'generator_157', 'generator_64', 'generator_167', 'generator_153', 'generator_143']
number opened: 3
TRIAL 22
Action chosen: (blue, blue)
Outcome: False
partcle ids: ['generator_143', 'generator_157', 'generator_167', 'generator_175', 'generator_143', 'generator_164', 'generator_143', 'generator_177', 'generator_157', 'generator_158', 'generator_143', 'generator_179', 'generator_143', 'generator_180', 'generator_147', 'generator_181', 'generator_172', 'generator_157', 'generator_182', 'generator_167', 'generator_172', 'generator_167', 'generator_143', 'number_match', 'generator_157', 'generator_157', 'generator_64', 'generator_167', 'generator_153', 'generator_143']
number opened: 3
TRIAL 23
Action chosen: (blue, purple)
Outcome: False
partcle ids: ['generator_186', 'generator_172', 'number_match', 'generator_172', 'generator_87', 'generator_189', 'generator_190', 'generator_181', 'generator_169', 'generator_179', 'generator_160', 'generator_172', 'generator_153', 'generator_172', 'generator_180', 'generator_172', 'generator_158', 'generator_172', 'generator_149', 'generator_153', 'generator_193', 'generator_194', 'generator_153', 'generator_153', 'generator_181', 'number_match', 'generator_180', 'generator_153', 'generator_153', 'generator_197']
number opened: 3
TRIAL 24
Action chosen: (yellow5, blue)
Outcome: True
partcle ids: ['generator_153', 'generator_153', 'generator_153', 'generator_190', 'generator_87', 'generator_190', 'generator_153', 'number_match', 'generator_190', 'generator_190', 'generator_153', 'generator_190', 'generator_153', 'generator_153', 'generator_153', 'generator_190', 'generator_153', 'generator_166', 'generator_153', 'generator_153', 'generator_190', 'generator_153', 'generator_153', 'number_match', 'generator_153', 'generator_153', 'generator_166', 'generator_161', 'generator_153', 'generator_199']
number opened: 4
TRIAL 25
Action chosen: (cloud, purple)
Outcome: False
partcle ids: ['generator_153', 'generator_153', 'generator_153', 'generator_190', 'generator_87', 'generator_190', 'generator_153', 'number_match', 'generator_190', 'generator_190', 'generator_153', 'generator_190', 'generator_153', 'generator_153', 'generator_153', 'generator_190', 'generator_153', 'generator_166', 'generator_153', 'generator_153', 'generator_190', 'generator_153', 'generator_153', 'number_match', 'generator_153', 'generator_153', 'generator_166', 'generator_161', 'generator_153', 'generator_199']
number opened: 4
TRIAL 26
Action chosen: (triangle, purple)
Outcome: False
partcle ids: ['generator_200', 'generator_166', 'number_match', 'generator_199', 'number_match', 'generator_166', 'generator_87', 'generator_199', 'generator_199', 'number_match', 'number_match', 'number_match', 'generator_161', 'generator_200', 'number_match', 'generator_190', 'generator_199', 'number_match', 'generator_161', 'generator_199', 'generator_199', 'number_match', 'generator_153', 'generator_87', 'generator_199', 'number_match', 'generator_199', 'generator_199', 'number_match', 'generator_87']
number opened: 4
TRIAL 27
Action chosen: (green3, purple)
Outcome: True
partcle ids: ['number_match', 'number_match', 'number_match', 'number_match', 'number_match', 'number_match', 'number_match', 'number_match', 'number_match', 'number_match', 'number_match', 'number_match', 'number_match', 'number_match', 'number_match', 'number_match', 'number_match', 'number_match', 'number_match', 'number_match', 'number_match', 'number_match', 'number_match', 'number_match', 'number_match', 'number_match', 'number_match', 'number_match', 'number_match', 'number_match']
number opened: 5
{"attempts": 27, "unique_key_box_pairs": 27, "revisit_attempts": 0, "revisit_rate": 0.0, "attempts_before_abandoning_color_matching": 0, "color_matching_abandoned": true}
