{"Child_ID": "D027", "SoC_variant": "SoC-Gen", "theta": [19, 1], "p_gen": 0.9, "true_prior": 0.02, "run_number": 88, "seed": 6424064361756308794}
TRIAL 1
Action chosen: (yellow5, white)
Outcome: False
partcle ids: ['similar_color_1', 'generator_1', 'generator_2', 'generator_3', 'generator_4', 'generator_5', 'similar_color_6', 'generator_6', 'generator_7', 'generator_8', 'generator_9', 'generator_10', 'generator_11', 'generator_12', 'generator_13', 'generator_14', 'generator_15', 'generator_16', 'generator_17', 'similar_color_6', 'generator_18', 'generator_19', 'generator_20', 'generator_21', 'generator_22', 'generator_23', 'generator_24', 'generator_25', 'number_match', 'generator_26']
number opened: 0
TRIAL 2
Action chosen: (orange4, blue)
Outcome: False
partcle ids: ['similar_color_1', 'generator_1', 'generator_2', 'generator_3', 'generator_4', 'generator_5', 'similar_color_6', 'generator_6', 'generator_7', 'generator_8', 'generator_9', 'generator_10', 'generator_11', 'generator_12', 'generator_13', 'generator_14', 'generator_15', 'generator_16', 'generator_17', 'similar_color_6', 'generator_18', 'generator_19', 'generator_20', 'generator_21', 'generator_22', 'generator_23', 'generator_24', 'generator_25', 'number_match', 'generator_26']
number opened: 0
TRIAL 3
Action chosen: (green3, purple)
Outcome: True
partcle ids: ['generator_27', 'generator_11', 'generator_29', 'generator_30', 'generator_31', 'generator_32', 'generator_33', 'generator_34', 'generator_35', 'generator_36', 'generator_37', 'number_match', 'generator_38', 'generator_39', 'generator_40', 'generator_41', 'generator_42', 'generator_43', 'generator_44', 'generator_45', 'generator_46', 'generator_47', 'generator_48', 'generator_49', 'generator_50', 'generator_51', 'generator_52', 'generator_53', 'generator_54', 'generator_55']
number opened: 1
TRIAL 4
Action chosen: (red, red)
Outcome: True
partcle ids: ['generator_56', 'generator_57', 'generator_58', 'generator_47', 'generator_60', 'generator_61', 'generator_62', 'generator_63', 'generator_64', 'generator_36', 'generator_66', 'generator_67', 'generator_68', 'generator_69', 'generator_37', 'generator_71', 'generator_72', 'generator_73', 'generator_74', 'generator_75', 'generator_76', 'generator_77', 'generator_67', 'generator_78', 'generator_79', 'generator_80', 'generator_81', 'generator_82', 'generator_37', 'generator_84']
number opened: 2
TRIAL 5
Action chosen: (purple, blue)
Outcome: False
partcle ids: ['generator_56', 'generator_57', 'generator_58', 'generator_47', 'generator_60', 'generator_61', 'generator_62', 'generator_63', 'generator_64', 'generator_36', 'generator_66', 'generator_67', 'generator_68', 'generator_69', 'generator_37', 'generator_71', 'generator_72', 'generator_73', 'generator_74', 'generator_75', 'generator_76', 'generator_77', 'generator_67', 'generator_78', 'generator_79', 'generator_80', 'generator_81', 'generator_82', 'generator_37', 'generator_84']
number opened: 2
TRIAL 6
Action chosen: (white, pink)
Outcome: False
partcle ids: ['generator_56', 'generator_57', 'generator_58', 'generator_47', 'generator_60', 'generator_61', 'generator_62', 'generator_63', 'generator_64', 'generator_36', 'generator_66', 'generator_67', 'generator_68', 'generator_69', 'generator_37', 'generator_71', 'generator_72', 'generator_73', 'generator_74', 'generator_75', 'generator_76', 'generator_77', 'generator_67', 'generator_78', 'generator_79', 'generator_80', 'generator_81', 'generator_82', 'generator_37', 'generator_84']
number opened: 2
TRIAL 7
Action chosen: (purple, white)
Outcome: False
partcle ids: ['generator_56', 'generator_57', 'generator_58', 'generator_47', 'generator_60', 'generator_61', 'generator_62', 'generator_63', 'generator_64', 'generator_36', 'generator_66', 'generator_67', 'generator_68', 'generator_69', 'generator_37', 'generator_71', 'generator_72', 'generator_73', 'generator_74', 'generator_75', 'generator_76', 'generator_77', 'generator_67', 'generator_78', 'generator_79', 'generator_80', 'generator_81', 'generator_82', 'generator_37', 'generator_84']
number opened: 2
TRIAL 8
Action chosen: (cloud, pink)
Outcome: False
partcle ids: ['generator_85', 'generator_74', 'generator_86', 'generator_66', 'generator_58', 'generator_72', 'generator_90', 'generator_82', 'generator_82', 'generator_93', 'generator_94', 'generator_72', 'generator_63', 'generator_97', 'generator_71', 'generator_99', 'generator_100', 'generator_101', 'generator_102', 'generator_75', 'generator_72', 'generator_73', 'generator_73', 'generator_107', 'generator_58', 'generator_75', 'generator_82', 'generator_58', 'generator_66', 'generator_113']
number opened: 2
TRIAL 9
Action chosen: (yellow5, pink)
Outcome: False
partcle ids: ['generator_85', 'generator_74', 'generator_86', 'generator_66', 'generator_58', 'generator_72', 'generator_90', 'generator_82', 'generator_82', 'generator_93', 'generator_94', 'generator_72', 'generator_63', 'generator_97', 'generator_71', 'generator_99', 'generator_100', 'generator_101', 'generator_102', 'generator_75', 'generator_72', 'generator_73', 'generator_73', 'generator_107', 'generator_58', 'generator_75', 'generator_82', 'generator_58', 'generator_66', 'generator_113']
number opened: 2
TRIAL 10
Action chosen: (orange4, pink)
Outcome: False
partcle ids: ['generator_85', 'generator_74', 'generator_86', 'generator_66', 'generator_58', 'generator_72', 'generator_90', 'generator_82', 'generator_82', 'generator_93', 'generator_94', 'generator_72', 'generator_63', 'generator_97', 'generator_71', 'generator_99', 'generator_100', 'generator_101', 'generator_102', 'generator_75', 'generator_72', 'generator_73', 'generator_73', 'generator_107', 'generator_58', 'generator_75', 'generator_82', 'generator_58', 'generator_66', 'generator_113']
number opened: 2
TRIAL 11
Action chosen: (pink, pink)
Outcome: False
partcle ids: ['generator_97', 'generator_107', 'generator_71', 'generator_116', 'generator_117', 'generator_118', 'generator_97', 'generator_107', 'generator_107', 'generator_122', 'generator_93', 'generator_124', 'generator_99', 'generator_113', 'generator_97', 'generator_107', 'generator_90', 'generator_130', 'generator_107', 'generator_93', 'generator_90', 'generator_86', 'generator_97', 'generator_134', 'generator_135', 'generator_136', 'generator_97', 'generator_94', 'generator_139', 'generator_140']
number opened: 2
TRIAL 12
Action chosen: (triangle, pink)
Outcome: False
partcle ids: ['generator_97', 'generator_107', 'generator_71', 'generator_116', 'generator_117', 'generator_118', 'generator_97', 'generator_107', 'generator_107', 'generator_122', 'generator_93', 'generator_124', 'generator_99', 'generator_113', 'generator_97', 'generator_107', 'generator_90', 'generator_130', 'generator_107', 'generator_93', 'generator_90', 'generator_86', 'generator_97', 'generator_134', 'generator_135', 'generator_136', 'generator_97', 'generator_94', 'generator_139', 'generator_140']
number opened: 2
TRIAL 13
Action chosen: (heart, pink)
Outcome: False
partcle ids: ['generator_141', 'generator_142', 'generator_99', 'generator_143', 'generator_122', 'generator_144', 'generator_116', 'generator_140', 'generator_99', 'generator_140', 'generator_149', 'generator_99', 'generator_93', 'generator_152', 'generator_153', 'generator_154', 'generator_140', 'generator_156', 'generator_157', 'generator_136', 'generator_135', 'generator_160', 'generator_93', 'generator_122', 'generator_86', 'generator_136', 'generator_116', 'generator_165', 'generator_166', 'generator_167']
number opened: 2
TRIAL 14
Action chosen: (triangle, blue)
Outcome: False
partcle ids: ['generator_141', 'generator_142', 'generator_99', 'generator_143', 'generator_122', 'generator_144', 'generator_116', 'generator_140', 'generator_99', 'generator_140', 'generator_149', 'generator_99', 'generator_93', 'generator_152', 'generator_153', 'generator_154', 'generator_140', 'generator_156', 'generator_157', 'generator_136', 'generator_135', 'generator_160', 'generator_93', 'generator_122', 'generator_86', 'generator_136', 'generator_116', 'generator_165', 'generator_166', 'generator_167']
number opened: 2
TRIAL 15
Action chosen: (blue, pink)
Outcome: False
partcle ids: ['generator_141', 'generator_142', 'generator_99', 'generator_143', 'generator_122', 'generator_144', 'generator_116', 'generator_140', 'generator_99', 'generator_140', 'generator_149', 'generator_99', 'generator_93', 'generator_152', 'generator_153', 'generator_154', 'generator_140', 'generator_156', 'generator_157', 'generator_136', 'generator_135', 'generator_160', 'generator_93', 'generator_122', 'generator_86', 'generator_136', 'generator_116', 'generator_165', 'generator_166', 'generator_167']
number opened: 2
TRIAL 16
Action chosen: (diamond, white)
Outcome: False
partcle ids: ['generator_122', 'generator_168', 'generator_169', 'generator_170', 'generator_135', 'generator_171', 'generator_108', 'generator_172', 'generator_122', 'generator_174', 'generator_175', 'generator_144', 'generator_122', 'generator_142', 'generator_176', 'generator_157', 'generator_177', 'generator_142', 'generator_144', 'generator_180', 'generator_181', 'generator_122', 'generator_157', 'generator_183', 'generator_144', 'generator_135', 'generator_186', 'generator_187', 'generator_188', 'generator_189']
number opened: 2
TRIAL 17
Action chosen: (purple, pink)
Outcome: False
partcle ids: ['generator_122', 'generator_168', 'generator_169', 'generator_170', 'generator_135', 'generator_171', 'generator_108', 'generator_172', 'generator_122', 'generator_174', 'generator_175', 'generator_144', 'generator_122', 'generator_142', 'generator_176', 'generator_157', 'generator_177', 'generator_142', 'generator_144', 'generator_180', 'generator_181', 'generator_122', 'generator_157', 'generator_183', 'generator_144', 'generator_135', 'generator_186', 'generator_187', 'generator_188', 'generator_189']
number opened: 2
TRIAL 18
Action chosen: (diamond, pink)
Outcome: False
partcle ids: ['generator_122', 'generator_168', 'generator_169', 'generator_170', 'generator_135', 'generator_171', 'generator_108', 'generator_172', 'generator_122', 'generator_174', 'generator_175', 'generator_144', 'generator_122', 'generator_142', 'generator_176', 'generator_157', 'generator_177', 'generator_142', 'generator_144', 'generator_180', 'generator_181', 'generator_122', 'generator_157', 'generator_183', 'generator_144', 'generator_135', 'generator_186', 'generator_187', 'generator_188', 'generator_189']
number opened: 2
TRIAL 19
Action chosen: (grey2, pink)
Outcome: True
partcle ids: ['generator_168', 'generator_190', 'generator_108', 'generator_183', 'generator_170', 'generator_186', 'generator_183', 'generator_195', 'generator_186', 'generator_197', 'generator_186', 'generator_190', 'generator_183', 'generator_199', 'generator_168', 'generator_195', 'generator_201', 'generator_187', 'generator_202', 'generator_170', 'generator_203', 'generator_204', 'generator_183', 'generator_190', 'generator_206', 'generator_108', 'generator_183', 'generator_187', 'generator_204', 'generator_205']
number opened: 3
TRIAL 20
Action chosen: (yellow5, blue)
Outcome: True
partcle ids: ['number_match', 'generator_209', 'generator_210', 'generator_190', 'generator_211', 'generator_211', 'generator_190', 'generator_183', 'generator_195', 'number_match', 'number_match', 'generator_195', 'generator_190', 'generator_211', 'generator_183', 'generator_190', 'generator_201', 'number_match', 'number_match', 'generator_209', 'generator_183', 'generator_183', 'generator_209', 'generator_201', 'generator_195', 'generator_211', 'generator_190', 'generator_183', 'generator_195', 'number_match']
number opened: 4
TRIAL 21
Action chosen: (orange4, white)
Outcome: True
partcle ids: ['number_match', 'number_match', 'number_match', 'number_match', 'number_match', 'number_match', 'number_match', 'number_match', 'number_match', 'number_match', 'number_match', 'number_match', 'number_match', 'number_match', 'number_match', 'number_match', 'number_match', 'number_match', 'number_match', 'number_match', 'number_match', 'number_match', 'number_match', 'number_match', 'number_match', 'number_match', 'number_match', 'number_match', 'number_match', 'number_match']
number opened: 5
{"attempts": 21, "unique_key_box_pairs": 21, "revisit_attempts": 0, "revisit_rate": 0.0, "attempts_before_abandoning_color_matching": 0, "color_matching_abandoned": true}
