{"Child_ID": "D027", "SoC_variant": "SoC-Gen", "theta": [19, 1], "p_gen": 0.9, "true_prior": 0.02, "run_number": 98, "seed": 685240722643750385}
TRIAL 1
Action chosen: (heart, blue)
Outcome: False
partcle ids: ['generator_1', 'similar_color_4', 'generator_2', 'generator_3', 'generator_4', 'generator_5', 'similar_color_3', 'generator_6', 'generator_7', 'generator_8', 'generator_9', 'generator_10', 'generator_11', 'generator_12', 'generator_13', 'generator_14', 'generator_15', 'generator_16', 'generator_17', 'generator_18', 'generator_19', 'generator_20', 'generator_21', 'generator_22', 'generator_23', 'generator_24', 'generator_25', 'generator_26', 'generator_27', 'generator_28']
number opened: 0
TRIAL 2
Action chosen: (orange4, white)
Outcome: True
partcle ids: ['generator_29', 'generator_30', 'generator_18', 'generator_32', 'generator_19', 'generator_34', 'generator_35', 'generator_36', 'generator_37', 'generator_38', 'generator_39', 'generator_40', 'generator_41', 'generator_18', 'generator_43', 'generator_44', 'generator_45', 'generator_46', 'generator_47', 'generator_48', 'generator_49', 'generator_50', 'generator_51', 'generator_52', 'generator_53', 'generator_54', 'generator_55', 'generator_56', 'generator_57', 'generator_58']
number opened: 1
TRIAL 3
Action chosen: (diamond, red)
Outcome: False
partcle ids: ['generator_29', 'generator_30', 'generator_18', 'generator_32', 'generator_19', 'generator_34', 'generator_35', 'generator_36', 'generator_37', 'generator_38', 'generator_39', 'generator_40', 'generator_41', 'generator_18', 'generator_43', 'generator_44', 'generator_45', 'generator_46', 'generator_47', 'generator_48', 'generator_49', 'generator_50', 'generator_51', 'generator_52', 'generator_53', 'generator_54', 'generator_55', 'generator_56', 'generator_57', 'generator_58']
number opened: 1
TRIAL 4
Action chosen: (purple, red)
Outcome: False
partcle ids: ['generator_29', 'generator_30', 'generator_18', 'generator_32', 'generator_19', 'generator_34', 'generator_35', 'generator_36', 'generator_37', 'generator_38', 'generator_39', 'generator_40', 'generator_41', 'generator_18', 'generator_43', 'generator_44', 'generator_45', 'generator_46', 'generator_47', 'generator_48', 'generator_49', 'generator_50', 'generator_51', 'generator_52', 'generator_53', 'generator_54', 'generator_55', 'generator_56', 'generator_57', 'generator_58']
number opened: 1
TRIAL 5
Action chosen: (green3, purple)
Outcome: True
partcle ids: ['generator_59', 'generator_60', 'generator_18', 'generator_62', 'generator_63', 'generator_64', 'generator_65', 'generator_66', 'generator_67', 'generator_68', 'generator_69', 'generator_70', 'generator_71', 'generator_72', 'generator_73', 'generator_18', 'generator_75', 'generator_76', 'generator_77', 'generator_78', 'generator_79', 'generator_51', 'generator_18', 'generator_82', 'generator_18', 'generator_84', 'generator_85', 'generator_86', 'generator_87', 'generator_88']
number opened: 2
TRIAL 6
Action chosen: (triangle, red)
Outcome: False
partcle ids: ['generator_59', 'generator_60', 'generator_18', 'generator_62', 'generator_63', 'generator_64', 'generator_65', 'generator_66', 'generator_67', 'generator_68', 'generator_69', 'generator_70', 'generator_71', 'generator_72', 'generator_73', 'generator_18', 'generator_75', 'generator_76', 'generator_77', 'generator_78', 'generator_79', 'generator_51', 'generator_18', 'generator_82', 'generator_18', 'generator_84', 'generator_85', 'generator_86', 'generator_87', 'generator_88']
number opened: 2
TRIAL 7
Action chosen: (blue, blue)
Outcome: False
partcle ids: ['generator_59', 'generator_60', 'generator_18', 'generator_62', 'generator_63', 'generator_64', 'generator_65', 'generator_66', 'generator_67', 'generator_68', 'generator_69', 'generator_70', 'generator_71', 'generator_72', 'generator_73', 'generator_18', 'generator_75', 'generator_76', 'generator_77', 'generator_78', 'generator_79', 'generator_51', 'generator_18', 'generator_82', 'generator_18', 'generator_84', 'generator_85', 'generator_86', 'generator_87', 'generator_88']
number opened: 2
TRIAL 8
Action chosen: (triangle, blue)
Outcome: False
partcle ids: ['generator_89', 'generator_90', 'generator_91', 'generator_92', 'generator_66', 'generator_94', 'generator_95', 'generator_96', 'generator_97', 'generator_98', 'generator_61', 'generator_99', 'generator_100', 'generator_101', 'generator_102', 'generator_103', 'generator_104', 'generator_105', 'generator_106', 'generator_87', 'generator_108', 'generator_63', 'generator_68', 'generator_111', 'generator_112', 'generator_113', 'generator_78', 'generator_115', 'generator_65', 'generator_117']
number opened: 2
TRIAL 9
Action chosen: (yellow5, red)
Outcome: False
partcle ids: ['generator_89', 'generator_90', 'generator_91', 'generator_92', 'generator_66', 'generator_94', 'generator_95', 'generator_96', 'generator_97', 'generator_98', 'generator_61', 'generator_99', 'generator_100', 'generator_101', 'generator_102', 'generator_103', 'generator_104', 'generator_105', 'generator_106', 'generator_87', 'generator_108', 'generator_63', 'generator_68', 'generator_111', 'generator_112', 'generator_113', 'generator_78', 'generator_115', 'generator_65', 'generator_117']
number opened: 2
TRIAL 10
Action chosen: (yellow5, blue)
Outcome: True
partcle ids: ['generator_96', 'generator_99', 'generator_120', 'generator_121', 'generator_101', 'generator_123', 'generator_124', 'generator_99', 'generator_126', 'generator_101', 'generator_128', 'generator_129', 'generator_111', 'generator_131', 'generator_111', 'generator_133', 'generator_134', 'generator_135', 'generator_104', 'generator_137', 'generator_138', 'generator_111', 'generator_104', 'generator_101', 'generator_133', 'generator_99', 'generator_140', 'generator_142', 'generator_143', 'generator_144']
number opened: 3
TRIAL 11
Action chosen: (cloud, red)
Outcome: False
partcle ids: ['generator_96', 'generator_99', 'generator_120', 'generator_121', 'generator_101', 'generator_123', 'generator_124', 'generator_99', 'generator_126', 'generator_101', 'generator_128', 'generator_129', 'generator_111', 'generator_131', 'generator_111', 'generator_133', 'generator_134', 'generator_135', 'generator_104', 'generator_137', 'generator_138', 'generator_111', 'generator_104', 'generator_101', 'generator_133', 'generator_99', 'generator_140', 'generator_142', 'generator_143', 'generator_144']
number opened: 3
TRIAL 12
Action chosen: (grey2, red)
Outcome: False
partcle ids: ['generator_96', 'generator_99', 'generator_120', 'generator_121', 'generator_101', 'generator_123', 'generator_124', 'generator_99', 'generator_126', 'generator_101', 'generator_128', 'generator_129', 'generator_111', 'generator_131', 'generator_111', 'generator_133', 'generator_134', 'generator_135', 'generator_104', 'generator_137', 'generator_138', 'generator_111', 'generator_104', 'generator_101', 'generator_133', 'generator_99', 'generator_140', 'generator_142', 'generator_143', 'generator_144']
number opened: 3
TRIAL 13
Action chosen: (cloud, pink)
Outcome: False
partcle ids: ['generator_96', 'generator_99', 'generator_120', 'generator_121', 'generator_101', 'generator_123', 'generator_124', 'generator_99', 'generator_126', 'generator_101', 'generator_128', 'generator_129', 'generator_111', 'generator_131', 'generator_111', 'generator_133', 'generator_134', 'generator_135', 'generator_104', 'generator_137', 'generator_138', 'generator_111', 'generator_104', 'generator_101', 'generator_133', 'generator_99', 'generator_140', 'generator_142', 'generator_143', 'generator_144']
number opened: 3
TRIAL 14
Action chosen: (blue, red)
Outcome: False
partcle ids: ['generator_145', 'generator_124', 'generator_146', 'generator_147', 'generator_142', 'generator_101', 'generator_149', 'generator_150', 'generator_124', 'generator_104', 'generator_146', 'generator_104', 'generator_96', 'generator_152', 'generator_124', 'generator_96', 'generator_143', 'generator_154', 'generator_104', 'generator_155', 'generator_135', 'generator_157', 'generator_158', 'generator_143', 'generator_124', 'generator_160', 'generator_146', 'generator_124', 'generator_62', 'generator_135']
number opened: 3
TRIAL 15
Action chosen: (red, red)
Outcome: True
partcle ids: ['generator_146', 'generator_147', 'generator_128', 'generator_161', 'generator_146', 'generator_161', 'generator_146', 'generator_143', 'generator_128', 'generator_104', 'generator_143', 'generator_147', 'generator_161', 'generator_143', 'generator_161', 'generator_104', 'generator_147', 'generator_143', 'generator_163', 'generator_146', 'generator_147', 'generator_143', 'number_match', 'generator_104', 'generator_128', 'generator_104', 'number_match', 'generator_147', 'generator_146', 'generator_163']
number opened: 4
TRIAL 16
Action chosen: (heart, pink)
Outcome: False
partcle ids: ['generator_146', 'generator_147', 'generator_128', 'generator_161', 'generator_146', 'generator_161', 'generator_146', 'generator_143', 'generator_128', 'generator_104', 'generator_143', 'generator_147', 'generator_161', 'generator_143', 'generator_161', 'generator_104', 'generator_147', 'generator_143', 'generator_163', 'generator_146', 'generator_147', 'generator_143', 'number_match', 'generator_104', 'generator_128', 'generator_104', 'number_match', 'generator_147', 'generator_146', 'generator_163']
number opened: 4
TRIAL 17
Action chosen: (white, pink)
Outcome: False
partcle ids: ['generator_146', 'generator_147', 'generator_128', 'generator_161', 'generator_146', 'generator_161', 'generator_146', 'generator_143', 'generator_128', 'generator_104', 'generator_143', 'generator_147', 'generator_161', 'generator_143', 'generator_161', 'generator_104', 'generator_147', 'generator_143', 'generator_163', 'generator_146', 'generator_147', 'generator_143', 'number_match', 'generator_104', 'generator_128', 'generator_104', 'number_match', 'generator_147', 'generator_146', 'generator_163']
number opened: 4
TRIAL 18
Action chosen: (blue, pink)
Outcome: False
partcle ids: ['generator_146', 'generator_147', 'generator_128', 'generator_161', 'generator_146', 'generator_161', 'generator_146', 'generator_143', 'generator_128', 'generator_104', 'generator_143', 'generator_147', 'generator_161', 'generator_143', 'generator_161', 'generator_104', 'generator_147', 'generator_143', 'generator_163', 'generator_146', 'generator_147', 'generator_143', 'number_match', 'generator_104', 'generator_128', 'generator_104', 'number_match', 'generator_147', 'generator_146', 'generator_163']
number opened: 4
TRIAL 19
Action chosen: (pink, pink)
Outcome: False
partcle ids: ['generator_104', 'generator_128', 'generator_146', 'number_match', 'generator_162', 'generator_128', 'generator_104', 'generator_104', 'generator_163', 'generator_163', 'number_match', 'generator_104', 'number_match', 'generator_128', 'generator_104', 'generator_128', 'generator_104', 'generator_128', 'generator_162', 'generator_163', 'generator_104', 'generator_104', 'generator_128', 'generator_163', 'generator_104', 'generator_163', 'generator_163', 'generator_128', 'generator_104', 'generator_163']
number opened: 4
TRIAL 20
Action chosen: (purple, pink)
Outcome: False
partcle ids: ['generator_104', 'generator_128', 'generator_146', 'number_match', 'generator_162', 'generator_128', 'generator_104', 'generator_104', 'generator_163', 'generator_163', 'number_match', 'generator_104', 'number_match', 'generator_128', 'generator_104', 'generator_128', 'generator_104', 'generator_128', 'generator_162', 'generator_163', 'generator_104', 'generator_104', 'generator_128', 'generator_163', 'generator_104', 'generator_163', 'generator_163', 'generator_128', 'generator_104', 'generator_163']
number opened: 4
TRIAL 21
Action chosen: (triangle, pink)
Outcome: False
partcle ids: ['generator_104', 'generator_128', 'generator_146', 'number_match', 'generator_162', 'generator_128', 'generator_104', 'generator_104', 'generator_163', 'generator_163', 'number_match', 'generator_104', 'number_match', 'generator_128', 'generator_104', 'generator_128', 'generator_104', 'generator_128', 'generator_162', 'generator_163', 'generator_104', 'generator_104', 'generator_128', 'generator_163', 'generator_104', 'generator_163', 'generator_163', 'generator_128', 'generator_104', 'generator_163']
number opened: 4
TRIAL 22
Action chosen: (diamond, pink)
Outcome: False
partcle ids: ['generator_128', 'generator_143', 'generator_162', 'generator_143', 'number_match', 'number_match', 'number_match', 'generator_161', 'number_match', 'generator_128', 'generator_128', 'generator_146', 'number_match', 'generator_162', 'number_match', 'generator_147', 'generator_161', 'generator_147', 'generator_162', 'number_match', 'generator_163', 'generator_147', 'generator_128', 'generator_143', 'number_match', 'number_match', 'number_match', 'generator_162', 'generator_147', 'generator_161']
number opened: 4
TRIAL 23
Action chosen: (grey2, pink)
Outcome: True
partcle ids: ['number_match', 'number_match', 'number_match', 'number_match', 'number_match', 'number_match', 'number_match', 'number_match', 'number_match', 'number_match', 'number_match', 'number_match', 'number_match', 'number_match', 'number_match', 'number_match', 'number_match', 'number_match', 'number_match', 'number_match', 'number_match', 'number_match', 'number_match', 'number_match', 'number_match', 'number_match', 'number_match', 'number_match', 'number_match', 'number_match']
number opened: 5
{"attempts": 23, "unique_key_box_pairs": 23, "revisit_attempts": 0, "revisit_rate": 0.0, "attempts_before_abandoning_color_matching": 0, "color_matching_abandoned": true}
