{"Child_ID": "D043", "SoC_variant": "SoC-Full", "theta": [2, 1], "p_gen": 0.6, "true_prior": 0.02, "run_number": 58, "seed": 6353212611824737287}
TRIAL 1
Action chosen: (red, red)
Outcome: True
partcle ids: ['similar_color_3', 'generator_22', 'similar_color_7', 'color_match', 'similar_color_1', 'generator_23', 'generator_24', 'generator_25', 'generator_26', 'similar_color_5', 'generator_27', 'similar_color_4', 'similar_color_14', 'similar_color_7', 'generator_28', 'similar_color_13', 'generator_29', 'generator_17', 'generator_30', 'generator_31', 'generator_32', 'generator_33', 'generator_34', 'generator_35', 'generator_36', 'generator_37', 'similar_color_5', 'generator_38', 'similar_color_8', 'similar_color_8']
number opened: 1
TRIAL 2
Action chosen: (pink, pink)
Outcome: False
partcle ids: ['similar_color_3', 'generator_22', 'similar_color_7', 'color_match', 'similar_color_1', 'generator_23', 'generator_24', 'generator_25', 'generator_26', 'similar_color_5', 'generator_27', 'similar_color_4', 'similar_color_14', 'similar_color_7', 'generator_28', 'similar_color_13', 'generator_29', 'generator_17', 'generator_30', 'generator_31', 'generator_32', 'generator_33', 'generator_34', 'generator_35', 'generator_36', 'generator_37', 'similar_color_5', 'generator_38', 'similar_color_8', 'similar_color_8']
number opened: 1
TRIAL 3
Action chosen: (purple, purple)
Outcome: False
partcle ids: ['similar_color_3', 'generator_22', 'similar_color_7', 'color_match', 'similar_color_1', 'generator_23', 'generator_24', 'generator_25', 'generator_26', 'similar_color_5', 'generator_27', 'similar_color_4', 'similar_color_14', 'similar_color_7', 'generator_28', 'similar_color_13', 'generator_29', 'generator_17', 'generator_30', 'generator_31', 'generator_32', 'generator_33', 'generator_34', 'generator_35', 'generator_36', 'generator_37', 'similar_color_5', 'generator_38', 'similar_color_8', 'similar_color_8']
number opened: 1
TRIAL 4
Action chosen: (purple, white)
Outcome: False
partcle ids: ['similar_color_3', 'generator_22', 'similar_color_7', 'color_match', 'similar_color_1', 'generator_23', 'generator_24', 'generator_25', 'generator_26', 'similar_color_5', 'generator_27', 'similar_color_4', 'similar_color_14', 'similar_color_7', 'generator_28', 'similar_color_13', 'generator_29', 'generator_17', 'generator_30', 'generator_31', 'generator_32', 'generator_33', 'generator_34', 'generator_35', 'generator_36', 'generator_37', 'similar_color_5', 'generator_38', 'similar_color_8', 'similar_color_8']
number opened: 1
TRIAL 5
Action chosen: (purple, purple)
Outcome: False
partcle ids: ['generator_30', 'generator_31', 'generator_33', 'generator_32', 'generator_36', 'generator_23', 'generator_23', 'generator_40', 'generator_41', 'generator_30', 'generator_42', 'generator_43', 'generator_44', 'generator_38', 'generator_27', 'generator_17', 'generator_46', 'generator_30', 'generator_48', 'generator_49', 'generator_36', 'generator_50', 'generator_51', 'generator_27', 'generator_53', 'generator_54', 'generator_55', 'generator_36', 'generator_36', 'generator_25']
number opened: 1
TRIAL 6
Action chosen: (pink, white)
Outcome: False
partcle ids: ['generator_30', 'generator_31', 'generator_33', 'generator_32', 'generator_36', 'generator_23', 'generator_23', 'generator_40', 'generator_41', 'generator_30', 'generator_42', 'generator_43', 'generator_44', 'generator_38', 'generator_27', 'generator_17', 'generator_46', 'generator_30', 'generator_48', 'generator_49', 'generator_36', 'generator_50', 'generator_51', 'generator_27', 'generator_53', 'generator_54', 'generator_55', 'generator_36', 'generator_36', 'generator_25']
number opened: 1
TRIAL 7
Action chosen: (triangle, pink)
Outcome: False
partcle ids: ['generator_30', 'generator_31', 'generator_33', 'generator_32', 'generator_36', 'generator_23', 'generator_23', 'generator_40', 'generator_41', 'generator_30', 'generator_42', 'generator_43', 'generator_44', 'generator_38', 'generator_27', 'generator_17', 'generator_46', 'generator_30', 'generator_48', 'generator_49', 'generator_36', 'generator_50', 'generator_51', 'generator_27', 'generator_53', 'generator_54', 'generator_55', 'generator_36', 'generator_36', 'generator_25']
number opened: 1
TRIAL 8
Action chosen: (green3, purple)
Outcome: True
partcle ids: ['generator_56', 'generator_17', 'generator_58', 'generator_59', 'generator_60', 'generator_61', 'generator_62', 'generator_63', 'generator_55', 'generator_65', 'generator_30', 'generator_67', 'generator_68', 'generator_30', 'generator_70', 'generator_71', 'generator_72', 'generator_31', 'generator_73', 'generator_74', 'generator_75', 'generator_76', 'generator_55', 'generator_77', 'generator_78', 'generator_79', 'generator_80', 'generator_81', 'generator_82', 'generator_83']
number opened: 2
TRIAL 9
Action chosen: (heart, pink)
Outcome: False
partcle ids: ['generator_56', 'generator_17', 'generator_58', 'generator_59', 'generator_60', 'generator_61', 'generator_62', 'generator_63', 'generator_55', 'generator_65', 'generator_30', 'generator_67', 'generator_68', 'generator_30', 'generator_70', 'generator_71', 'generator_72', 'generator_31', 'generator_73', 'generator_74', 'generator_75', 'generator_76', 'generator_55', 'generator_77', 'generator_78', 'generator_79', 'generator_80', 'generator_81', 'generator_82', 'generator_83']
number opened: 2
TRIAL 10
Action chosen: (blue, white)
Outcome: False
partcle ids: ['generator_56', 'generator_17', 'generator_58', 'generator_59', 'generator_60', 'generator_61', 'generator_62', 'generator_63', 'generator_55', 'generator_65', 'generator_30', 'generator_67', 'generator_68', 'generator_30', 'generator_70', 'generator_71', 'generator_72', 'generator_31', 'generator_73', 'generator_74', 'generator_75', 'generator_76', 'generator_55', 'generator_77', 'generator_78', 'generator_79', 'generator_80', 'generator_81', 'generator_82', 'generator_83']
number opened: 2
TRIAL 11
Action chosen: (heart, white)
Outcome: False
partcle ids: ['generator_56', 'generator_17', 'generator_58', 'generator_59', 'generator_60', 'generator_61', 'generator_62', 'generator_63', 'generator_55', 'generator_65', 'generator_30', 'generator_67', 'generator_68', 'generator_30', 'generator_70', 'generator_71', 'generator_72', 'generator_31', 'generator_73', 'generator_74', 'generator_75', 'generator_76', 'generator_55', 'generator_77', 'generator_78', 'generator_79', 'generator_80', 'generator_81', 'generator_82', 'generator_83']
number opened: 2
TRIAL 12
Action chosen: (orange4, blue)
Outcome: False
partcle ids: ['generator_56', 'generator_17', 'generator_58', 'generator_59', 'generator_60', 'generator_61', 'generator_62', 'generator_63', 'generator_55', 'generator_65', 'generator_30', 'generator_67', 'generator_68', 'generator_30', 'generator_70', 'generator_71', 'generator_72', 'generator_31', 'generator_73', 'generator_74', 'generator_75', 'generator_76', 'generator_55', 'generator_77', 'generator_78', 'generator_79', 'generator_80', 'generator_81', 'generator_82', 'generator_83']
number opened: 2
TRIAL 13
Action chosen: (white, white)
Outcome: False
partcle ids: ['generator_56', 'generator_17', 'generator_58', 'generator_59', 'generator_60', 'generator_61', 'generator_62', 'generator_63', 'generator_55', 'generator_65', 'generator_30', 'generator_67', 'generator_68', 'generator_30', 'generator_70', 'generator_71', 'generator_72', 'generator_31', 'generator_73', 'generator_74', 'generator_75', 'generator_76', 'generator_55', 'generator_77', 'generator_78', 'generator_79', 'generator_80', 'generator_81', 'generator_82', 'generator_83']
number opened: 2
TRIAL 14
Action chosen: (diamond, blue)
Outcome: False
partcle ids: ['generator_56', 'generator_17', 'generator_58', 'generator_59', 'generator_60', 'generator_61', 'generator_62', 'generator_63', 'generator_55', 'generator_65', 'generator_30', 'generator_67', 'generator_68', 'generator_30', 'generator_70', 'generator_71', 'generator_72', 'generator_31', 'generator_73', 'generator_74', 'generator_75', 'generator_76', 'generator_55', 'generator_77', 'generator_78', 'generator_79', 'generator_80', 'generator_81', 'generator_82', 'generator_83']
number opened: 2
TRIAL 15
Action chosen: (diamond, white)
Outcome: False
partcle ids: ['generator_56', 'generator_17', 'generator_58', 'generator_59', 'generator_60', 'generator_61', 'generator_62', 'generator_63', 'generator_55', 'generator_65', 'generator_30', 'generator_67', 'generator_68', 'generator_30', 'generator_70', 'generator_71', 'generator_72', 'generator_31', 'generator_73', 'generator_74', 'generator_75', 'generator_76', 'generator_55', 'generator_77', 'generator_78', 'generator_79', 'generator_80', 'generator_81', 'generator_82', 'generator_83']
number opened: 2
TRIAL 16
Action chosen: (heart, pink)
Outcome: False
partcle ids: ['generator_56', 'generator_17', 'generator_58', 'generator_59', 'generator_60', 'generator_61', 'generator_62', 'generator_63', 'generator_55', 'generator_65', 'generator_30', 'generator_67', 'generator_68', 'generator_30', 'generator_70', 'generator_71', 'generator_72', 'generator_31', 'generator_73', 'generator_74', 'generator_75', 'generator_76', 'generator_55', 'generator_77', 'generator_78', 'generator_79', 'generator_80', 'generator_81', 'generator_82', 'generator_83']
number opened: 2
TRIAL 17
Action chosen: (cloud, blue)
Outcome: False
partcle ids: ['generator_56', 'generator_17', 'generator_58', 'generator_59', 'generator_60', 'generator_61', 'generator_62', 'generator_63', 'generator_55', 'generator_65', 'generator_30', 'generator_67', 'generator_68', 'generator_30', 'generator_70', 'generator_71', 'generator_72', 'generator_31', 'generator_73', 'generator_74', 'generator_75', 'generator_76', 'generator_55', 'generator_77', 'generator_78', 'generator_79', 'generator_80', 'generator_81', 'generator_82', 'generator_83']
number opened: 2
TRIAL 18
Action chosen: (blue, white)
Outcome: False
partcle ids: ['generator_56', 'generator_17', 'generator_58', 'generator_59', 'generator_60', 'generator_61', 'generator_62', 'generator_63', 'generator_55', 'generator_65', 'generator_30', 'generator_67', 'generator_68', 'generator_30', 'generator_70', 'generator_71', 'generator_72', 'generator_31', 'generator_73', 'generator_74', 'generator_75', 'generator_76', 'generator_55', 'generator_77', 'generator_78', 'generator_79', 'generator_80', 'generator_81', 'generator_82', 'generator_83']
number opened: 2
TRIAL 19
Action chosen: (heart, white)
Outcome: False
partcle ids: ['generator_56', 'generator_17', 'generator_58', 'generator_59', 'generator_60', 'generator_61', 'generator_62', 'generator_63', 'generator_55', 'generator_65', 'generator_30', 'generator_67', 'generator_68', 'generator_30', 'generator_70', 'generator_71', 'generator_72', 'generator_31', 'generator_73', 'generator_74', 'generator_75', 'generator_76', 'generator_55', 'generator_77', 'generator_78', 'generator_79', 'generator_80', 'generator_81', 'generator_82', 'generator_83']
number opened: 2
TRIAL 20
Action chosen: (orange4, blue)
Outcome: False
partcle ids: ['generator_56', 'generator_17', 'generator_58', 'generator_59', 'generator_60', 'generator_61', 'generator_62', 'generator_63', 'generator_55', 'generator_65', 'generator_30', 'generator_67', 'generator_68', 'generator_30', 'generator_70', 'generator_71', 'generator_72', 'generator_31', 'generator_73', 'generator_74', 'generator_75', 'generator_76', 'generator_55', 'generator_77', 'generator_78', 'generator_79', 'generator_80', 'generator_81', 'generator_82', 'generator_83']
number opened: 2
TRIAL 21
Action chosen: (white, white)
Outcome: False
partcle ids: ['generator_56', 'generator_17', 'generator_58', 'generator_59', 'generator_60', 'generator_61', 'generator_62', 'generator_63', 'generator_55', 'generator_65', 'generator_30', 'generator_67', 'generator_68', 'generator_30', 'generator_70', 'generator_71', 'generator_72', 'generator_31', 'generator_73', 'generator_74', 'generator_75', 'generator_76', 'generator_55', 'generator_77', 'generator_78', 'generator_79', 'generator_80', 'generator_81', 'generator_82', 'generator_83']
number opened: 2
TRIAL 22
Action chosen: (diamond, white)
Outcome: False
partcle ids: ['generator_56', 'generator_17', 'generator_58', 'generator_59', 'generator_60', 'generator_61', 'generator_62', 'generator_63', 'generator_55', 'generator_65', 'generator_30', 'generator_67', 'generator_68', 'generator_30', 'generator_70', 'generator_71', 'generator_72', 'generator_31', 'generator_73', 'generator_74', 'generator_75', 'generator_76', 'generator_55', 'generator_77', 'generator_78', 'generator_79', 'generator_80', 'generator_81', 'generator_82', 'generator_83']
number opened: 2
TRIAL 23
Action chosen: (heart, pink)
Outcome: False
partcle ids: ['generator_56', 'generator_17', 'generator_58', 'generator_59', 'generator_60', 'generator_61', 'generator_62', 'generator_63', 'generator_55', 'generator_65', 'generator_30', 'generator_67', 'generator_68', 'generator_30', 'generator_70', 'generator_71', 'generator_72', 'generator_31', 'generator_73', 'generator_74', 'generator_75', 'generator_76', 'generator_55', 'generator_77', 'generator_78', 'generator_79', 'generator_80', 'generator_81', 'generator_82', 'generator_83']
number opened: 2
TRIAL 24
Action chosen: (white, pink)
Outcome: False
partcle ids: ['generator_56', 'generator_17', 'generator_58', 'generator_59', 'generator_60', 'generator_61', 'generator_62', 'generator_63', 'generator_55', 'generator_65', 'generator_30', 'generator_67', 'generator_68', 'generator_30', 'generator_70', 'generator_71', 'generator_72', 'generator_31', 'generator_73', 'generator_74', 'generator_75', 'generator_76', 'generator_55', 'generator_77', 'generator_78', 'generator_79', 'generator_80', 'generator_81', 'generator_82', 'generator_83']
number opened: 2
TRIAL 25
Action chosen: (blue, white)
Outcome: False
partcle ids: ['generator_84', 'generator_85', 'generator_86', 'generator_87', 'generator_88', 'generator_89', 'generator_90', 'generator_91', 'generator_70', 'generator_93', 'generator_94', 'generator_95', 'generator_94', 'generator_30', 'generator_97', 'generator_98', 'generator_99', 'generator_100', 'generator_101', 'generator_102', 'generator_103', 'generator_104', 'generator_105', 'generator_106', 'generator_107', 'generator_108', 'generator_109', 'generator_80', 'generator_70', 'generator_111']
number opened: 2
TRIAL 26
Action chosen: (purple, blue)
Outcome: False
partcle ids: ['generator_84', 'generator_85', 'generator_86', 'generator_87', 'generator_88', 'generator_89', 'generator_90', 'generator_91', 'generator_70', 'generator_93', 'generator_94', 'generator_95', 'generator_94', 'generator_30', 'generator_97', 'generator_98', 'generator_99', 'generator_100', 'generator_101', 'generator_102', 'generator_103', 'generator_104', 'generator_105', 'generator_106', 'generator_107', 'generator_108', 'generator_109', 'generator_80', 'generator_70', 'generator_111']
number opened: 2
TRIAL 27
Action chosen: (triangle, white)
Outcome: False
partcle ids: ['generator_84', 'generator_85', 'generator_86', 'generator_87', 'generator_88', 'generator_89', 'generator_90', 'generator_91', 'generator_70', 'generator_93', 'generator_94', 'generator_95', 'generator_94', 'generator_30', 'generator_97', 'generator_98', 'generator_99', 'generator_100', 'generator_101', 'generator_102', 'generator_103', 'generator_104', 'generator_105', 'generator_106', 'generator_107', 'generator_108', 'generator_109', 'generator_80', 'generator_70', 'generator_111']
number opened: 2
TRIAL 28
Action chosen: (pink, pink)
Outcome: False
partcle ids: ['generator_84', 'generator_85', 'generator_86', 'generator_87', 'generator_88', 'generator_89', 'generator_90', 'generator_91', 'generator_70', 'generator_93', 'generator_94', 'generator_95', 'generator_94', 'generator_30', 'generator_97', 'generator_98', 'generator_99', 'generator_100', 'generator_101', 'generator_102', 'generator_103', 'generator_104', 'generator_105', 'generator_106', 'generator_107', 'generator_108', 'generator_109', 'generator_80', 'generator_70', 'generator_111']
number opened: 2
TRIAL 29
Action chosen: (diamond, blue)
Outcome: False
partcle ids: ['generator_84', 'generator_85', 'generator_86', 'generator_87', 'generator_88', 'generator_89', 'generator_90', 'generator_91', 'generator_70', 'generator_93', 'generator_94', 'generator_95', 'generator_94', 'generator_30', 'generator_97', 'generator_98', 'generator_99', 'generator_100', 'generator_101', 'generator_102', 'generator_103', 'generator_104', 'generator_105', 'generator_106', 'generator_107', 'generator_108', 'generator_109', 'generator_80', 'generator_70', 'generator_111']
number opened: 2
TRIAL 30
Action chosen: (cloud, blue)
Outcome: False
partcle ids: ['generator_84', 'generator_85', 'generator_86', 'generator_87', 'generator_88', 'generator_89', 'generator_90', 'generator_91', 'generator_70', 'generator_93', 'generator_94', 'generator_95', 'generator_94', 'generator_30', 'generator_97', 'generator_98', 'generator_99', 'generator_100', 'generator_101', 'generator_102', 'generator_103', 'generator_104', 'generator_105', 'generator_106', 'generator_107', 'generator_108', 'generator_109', 'generator_80', 'generator_70', 'generator_111']
number opened: 2
TRIAL 31
Action chosen: (white, pink)
Outcome: False
partcle ids: ['generator_84', 'generator_85', 'generator_86', 'generator_87', 'generator_88', 'generator_89', 'generator_90', 'generator_91', 'generator_70', 'generator_93', 'generator_94', 'generator_95', 'generator_94', 'generator_30', 'generator_97', 'generator_98', 'generator_99', 'generator_100', 'generator_101', 'generator_102', 'generator_103', 'generator_104', 'generator_105', 'generator_106', 'generator_107', 'generator_108', 'generator_109', 'generator_80', 'generator_70', 'generator_111']
number opened: 2
TRIAL 32
Action chosen: (diamond, white)
Outcome: False
partcle ids: ['generator_84', 'generator_85', 'generator_86', 'generator_87', 'generator_88', 'generator_89', 'generator_90', 'generator_91', 'generator_70', 'generator_93', 'generator_94', 'generator_95', 'generator_94', 'generator_30', 'generator_97', 'generator_98', 'generator_99', 'generator_100', 'generator_101', 'generator_102', 'generator_103', 'generator_104', 'generator_105', 'generator_106', 'generator_107', 'generator_108', 'generator_109', 'generator_80', 'generator_70', 'generator_111']
number opened: 2
TRIAL 33
Action chosen: (diamond, pink)
Outcome: False
partcle ids: ['generator_84', 'generator_85', 'generator_86', 'generator_87', 'generator_88', 'generator_89', 'generator_90', 'generator_91', 'generator_70', 'generator_93', 'generator_94', 'generator_95', 'generator_94', 'generator_30', 'generator_97', 'generator_98', 'generator_99', 'generator_100', 'generator_101', 'generator_102', 'generator_103', 'generator_104', 'generator_105', 'generator_106', 'generator_107', 'generator_108', 'generator_109', 'generator_80', 'generator_70', 'generator_111']
number opened: 2
TRIAL 34
Action chosen: (blue, blue)
Outcome: False
partcle ids: ['generator_84', 'generator_85', 'generator_86', 'generator_87', 'generator_88', 'generator_89', 'generator_90', 'generator_91', 'generator_70', 'generator_93', 'generator_94', 'generator_95', 'generator_94', 'generator_30', 'generator_97', 'generator_98', 'generator_99', 'generator_100', 'generator_101', 'generator_102', 'generator_103', 'generator_104', 'generator_105', 'generator_106', 'generator_107', 'generator_108', 'generator_109', 'generator_80', 'generator_70', 'generator_111']
number opened: 2
TRIAL 35
Action chosen: (purple, blue)
Outcome: False
partcle ids: ['generator_84', 'generator_85', 'generator_86', 'generator_87', 'generator_88', 'generator_89', 'generator_90', 'generator_91', 'generator_70', 'generator_93', 'generator_94', 'generator_95', 'generator_94', 'generator_30', 'generator_97', 'generator_98', 'generator_99', 'generator_100', 'generator_101', 'generator_102', 'generator_103', 'generator_104', 'generator_105', 'generator_106', 'generator_107', 'generator_108', 'generator_109', 'generator_80', 'generator_70', 'generator_111']
number opened: 2
TRIAL 36
Action chosen: (grey2, blue)
Outcome: False
partcle ids: ['generator_84', 'generator_85', 'generator_86', 'generator_87', 'generator_88', 'generator_89', 'generator_90', 'generator_91', 'generator_70', 'generator_93', 'generator_94', 'generator_95', 'generator_94', 'generator_30', 'generator_97', 'generator_98', 'generator_99', 'generator_100', 'generator_101', 'generator_102', 'generator_103', 'generator_104', 'generator_105', 'generator_106', 'generator_107', 'generator_108', 'generator_109', 'generator_80', 'generator_70', 'generator_111']
number opened: 2
TRIAL 37
Action chosen: (yellow5, pink)
Outcome: False
partcle ids: ['generator_84', 'generator_85', 'generator_86', 'generator_87', 'generator_88', 'generator_89', 'generator_90', 'generator_91', 'generator_70', 'generator_93', 'generator_94', 'generator_95', 'generator_94', 'generator_30', 'generator_97', 'generator_98', 'generator_99', 'generator_100', 'generator_101', 'generator_102', 'generator_103', 'generator_104', 'generator_105', 'generator_106', 'generator_107', 'generator_108', 'generator_109', 'generator_80', 'generator_70', 'generator_111']
number opened: 2
TRIAL 38
Action chosen: (diamond, blue)
Outcome: False
partcle ids: ['generator_84', 'generator_85', 'generator_86', 'generator_87', 'generator_88', 'generator_89', 'generator_90', 'generator_91', 'generator_70', 'generator_93', 'generator_94', 'generator_95', 'generator_94', 'generator_30', 'generator_97', 'generator_98', 'generator_99', 'generator_100', 'generator_101', 'generator_102', 'generator_103', 'generator_104', 'generator_105', 'generator_106', 'generator_107', 'generator_108', 'generator_109', 'generator_80', 'generator_70', 'generator_111']
number opened: 2
TRIAL 39
Action chosen: (cloud, blue)
Outcome: False
partcle ids: ['generator_84', 'generator_85', 'generator_86', 'generator_87', 'generator_88', 'generator_89', 'generator_90', 'generator_91', 'generator_70', 'generator_93', 'generator_94', 'generator_95', 'generator_94', 'generator_30', 'generator_97', 'generator_98', 'generator_99', 'generator_100', 'generator_101', 'generator_102', 'generator_103', 'generator_104', 'generator_105', 'generator_106', 'generator_107', 'generator_108', 'generator_109', 'generator_80', 'generator_70', 'generator_111']
number opened: 2
TRIAL 40
Action chosen: (white, pink)
Outcome: False
partcle ids: ['generator_84', 'generator_85', 'generator_86', 'generator_87', 'generator_88', 'generator_89', 'generator_90', 'generator_91', 'generator_70', 'generator_93', 'generator_94', 'generator_95', 'generator_94', 'generator_30', 'generator_97', 'generator_98', 'generator_99', 'generator_100', 'generator_101', 'generator_102', 'generator_103', 'generator_104', 'generator_105', 'generator_106', 'generator_107', 'generator_108', 'generator_109', 'generator_80', 'generator_70', 'generator_111']
number opened: 2
TRIAL 41
Action chosen: (blue, blue)
Outcome: False
partcle ids: ['generator_84', 'generator_85', 'generator_86', 'generator_87', 'generator_88', 'generator_89', 'generator_90', 'generator_91', 'generator_70', 'generator_93', 'generator_94', 'generator_95', 'generator_94', 'generator_30', 'generator_97', 'generator_98', 'generator_99', 'generator_100', 'generator_101', 'generator_102', 'generator_103', 'generator_104', 'generator_105', 'generator_106', 'generator_107', 'generator_108', 'generator_109', 'generator_80', 'generator_70', 'generator_111']
number opened: 2
TRIAL 42
Action chosen: (cloud, pink)
Outcome: False
partcle ids: ['generator_84', 'generator_85', 'generator_86', 'generator_87', 'generator_88', 'generator_89', 'generator_90', 'generator_91', 'generator_70', 'generator_93', 'generator_94', 'generator_95', 'generator_94', 'generator_30', 'generator_97', 'generator_98', 'generator_99', 'generator_100', 'generator_101', 'generator_102', 'generator_103', 'generator_104', 'generator_105', 'generator_106', 'generator_107', 'generator_108', 'generator_109', 'generator_80', 'generator_70', 'generator_111']
number opened: 2
TRIAL 43
Action chosen: (purple, blue)
Outcome: False
partcle ids: ['generator_84', 'generator_85', 'generator_86', 'generator_87', 'generator_88', 'generator_89', 'generator_90', 'generator_91', 'generator_70', 'generator_93', 'generator_94', 'generator_95', 'generator_94', 'generator_30', 'generator_97', 'generator_98', 'generator_99', 'generator_100', 'generator_101', 'generator_102', 'generator_103', 'generator_104', 'generator_105', 'generator_106', 'generator_107', 'generator_108', 'generator_109', 'generator_80', 'generator_70', 'generator_111']
number opened: 2
TRIAL 44
Action chosen: (diamond, blue)
Outcome: False
partcle ids: ['generator_84', 'generator_85', 'generator_86', 'generator_87', 'generator_88', 'generator_89', 'generator_90', 'generator_91', 'generator_70', 'generator_93', 'generator_94', 'generator_95', 'generator_94', 'generator_30', 'generator_97', 'generator_98', 'generator_99', 'generator_100', 'generator_101', 'generator_102', 'generator_103', 'generator_104', 'generator_105', 'generator_106', 'generator_107', 'generator_108', 'generator_109', 'generator_80', 'generator_70', 'generator_111']
number opened: 2
TRIAL 45
Action chosen: (yellow5, pink)
Outcome: False
partcle ids: ['generator_84', 'generator_85', 'generator_86', 'generator_87', 'generator_88', 'generator_89', 'generator_90', 'generator_91', 'generator_70', 'generator_93', 'generator_94', 'generator_95', 'generator_94', 'generator_30', 'generator_97', 'generator_98', 'generator_99', 'generator_100', 'generator_101', 'generator_102', 'generator_103', 'generator_104', 'generator_105', 'generator_106', 'generator_107', 'generator_108', 'generator_109', 'generator_80', 'generator_70', 'generator_111']
number opened: 2
TRIAL 46
Action chosen: (pink, pink)
Outcome: False
partcle ids: ['generator_84', 'generator_85', 'generator_86', 'generator_87', 'generator_88', 'generator_89', 'generator_90', 'generator_91', 'generator_70', 'generator_93', 'generator_94', 'generator_95', 'generator_94', 'generator_30', 'generator_97', 'generator_98', 'generator_99', 'generator_100', 'generator_101', 'generator_102', 'generator_103', 'generator_104', 'generator_105', 'generator_106', 'generator_107', 'generator_108', 'generator_109', 'generator_80', 'generator_70', 'generator_111']
number opened: 2
TRIAL 47
Action chosen: (diamond, pink)
Outcome: False
partcle ids: ['generator_84', 'generator_85', 'generator_86', 'generator_87', 'generator_88', 'generator_89', 'generator_90', 'generator_91', 'generator_70', 'generator_93', 'generator_94', 'generator_95', 'generator_94', 'generator_30', 'generator_97', 'generator_98', 'generator_99', 'generator_100', 'generator_101', 'generator_102', 'generator_103', 'generator_104', 'generator_105', 'generator_106', 'generator_107', 'generator_108', 'generator_109', 'generator_80', 'generator_70', 'generator_111']
number opened: 2
TRIAL 48
Action chosen: (cloud, blue)
Outcome: False
partcle ids: ['generator_84', 'generator_85', 'generator_86', 'generator_87', 'generator_88', 'generator_89', 'generator_90', 'generator_91', 'generator_70', 'generator_93', 'generator_94', 'generator_95', 'generator_94', 'generator_30', 'generator_97', 'generator_98', 'generator_99', 'generator_100', 'generator_101', 'generator_102', 'generator_103', 'generator_104', 'generator_105', 'generator_106', 'generator_107', 'generator_108', 'generator_109', 'generator_80', 'generator_70', 'generator_111']
number opened: 2
TRIAL 49
Action chosen: (white, pink)
Outcome: False
partcle ids: ['generator_84', 'generator_85', 'generator_86', 'generator_87', 'generator_88', 'generator_89', 'generator_90', 'generator_91', 'generator_70', 'generator_93', 'generator_94', 'generator_95', 'generator_94', 'generator_30', 'generator_97', 'generator_98', 'generator_99', 'generator_100', 'generator_101', 'generator_102', 'generator_103', 'generator_104', 'generator_105', 'generator_106', 'generator_107', 'generator_108', 'generator_109', 'generator_80', 'generator_70', 'generator_111']
number opened: 2
TRIAL 50
Action chosen: (heart, pink)
Outcome: False
partcle ids: ['generator_84', 'generator_85', 'generator_86', 'generator_87', 'generator_88', 'generator_89', 'generator_90', 'generator_91', 'generator_70', 'generator_93', 'generator_94', 'generator_95', 'generator_94', 'generator_30', 'generator_97', 'generator_98', 'generator_99', 'generator_100', 'generator_101', 'generator_102', 'generator_103', 'generator_104', 'generator_105', 'generator_106', 'generator_107', 'generator_108', 'generator_109', 'generator_80', 'generator_70', 'generator_111']
number opened: 2
TRIAL 51
Action chosen: (cloud, pink)
Outcome: False
partcle ids: ['generator_84', 'generator_85', 'generator_86', 'generator_87', 'generator_88', 'generator_89', 'generator_90', 'generator_91', 'generator_70', 'generator_93', 'generator_94', 'generator_95', 'generator_94', 'generator_30', 'generator_97', 'generator_98', 'generator_99', 'generator_100', 'generator_101', 'generator_102', 'generator_103', 'generator_104', 'generator_105', 'generator_106', 'generator_107', 'generator_108', 'generator_109', 'generator_80', 'generator_70', 'generator_111']
number opened: 2
TRIAL 52
Action chosen: (yellow5, pink)
Outcome: False
partcle ids: ['generator_84', 'generator_85', 'generator_86', 'generator_87', 'generator_88', 'generator_89', 'generator_90', 'generator_91', 'generator_70', 'generator_93', 'generator_94', 'generator_95', 'generator_94', 'generator_30', 'generator_97', 'generator_98', 'generator_99', 'generator_100', 'generator_101', 'generator_102', 'generator_103', 'generator_104', 'generator_105', 'generator_106', 'generator_107', 'generator_108', 'generator_109', 'generator_80', 'generator_70', 'generator_111']
number opened: 2
TRIAL 53
Action chosen: (diamond, pink)
Outcome: False
partcle ids: ['generator_84', 'generator_85', 'generator_86', 'generator_87', 'generator_88', 'generator_89', 'generator_90', 'generator_91', 'generator_70', 'generator_93', 'generator_94', 'generator_95', 'generator_94', 'generator_30', 'generator_97', 'generator_98', 'generator_99', 'generator_100', 'generator_101', 'generator_102', 'generator_103', 'generator_104', 'generator_105', 'generator_106', 'generator_107', 'generator_108', 'generator_109', 'generator_80', 'generator_70', 'generator_111']
number opened: 2
TRIAL 54
Action chosen: (pink, pink)
Outcome: False
partcle ids: ['generator_84', 'generator_85', 'generator_86', 'generator_87', 'generator_88', 'generator_89', 'generator_90', 'generator_91', 'generator_70', 'generator_93', 'generator_94', 'generator_95', 'generator_94', 'generator_30', 'generator_97', 'generator_98', 'generator_99', 'generator_100', 'generator_101', 'generator_102', 'generator_103', 'generator_104', 'generator_105', 'generator_106', 'generator_107', 'generator_108', 'generator_109', 'generator_80', 'generator_70', 'generator_111']
number opened: 2
TRIAL 55
Action chosen: (orange4, white)
Outcome: True
partcle ids: ['generator_112', 'generator_113', 'generator_99', 'generator_115', 'generator_109', 'generator_117', 'generator_118', 'number_match', 'generator_99', 'generator_119', 'generator_120', 'generator_121', 'generator_120', 'generator_109', 'generator_122', 'generator_113', 'generator_74', 'generator_123', 'generator_74', 'generator_118', 'generator_114', 'generator_109', 'generator_99', 'generator_126', 'generator_127', 'generator_127', 'generator_128', 'generator_129', 'number_match', 'generator_128']
number opened: 3
TRIAL 56
Action chosen: (triangle, pink)
Outcome: False
partcle ids: ['generator_112', 'generator_113', 'generator_99', 'generator_115', 'generator_109', 'generator_117', 'generator_118', 'number_match', 'generator_99', 'generator_119', 'generator_120', 'generator_121', 'generator_120', 'generator_109', 'generator_122', 'generator_113', 'generator_74', 'generator_123', 'generator_74', 'generator_118', 'generator_114', 'generator_109', 'generator_99', 'generator_126', 'generator_127', 'generator_127', 'generator_128', 'generator_129', 'number_match', 'generator_128']
number opened: 3
TRIAL 57
Action chosen: (grey2, pink)
Outcome: True
partcle ids: ['generator_119', 'generator_119', 'generator_118', 'generator_132', 'generator_133', 'number_match', 'generator_118', 'generator_115', 'generator_132', 'generator_133', 'generator_115', 'number_match', 'generator_132', 'generator_115', 'generator_118', 'generator_118', 'number_match', 'generator_118', 'generator_118', 'generator_115', 'number_match', 'number_match', 'generator_115', 'generator_118', 'generator_118', 'generator_118', 'generator_118', 'number_match', 'generator_118', 'number_match']
number opened: 4
TRIAL 58
Action chosen: (heart, blue)
Outcome: False
partcle ids: ['generator_119', 'generator_119', 'generator_118', 'generator_132', 'generator_133', 'number_match', 'generator_118', 'generator_115', 'generator_132', 'generator_133', 'generator_115', 'number_match', 'generator_132', 'generator_115', 'generator_118', 'generator_118', 'number_match', 'generator_118', 'generator_118', 'generator_115', 'number_match', 'number_match', 'generator_115', 'generator_118', 'generator_118', 'generator_118', 'generator_118', 'number_match', 'generator_118', 'number_match']
number opened: 4
TRIAL 59
Action chosen: (yellow5, blue)
Outcome: True
partcle ids: ['number_match', 'number_match', 'number_match', 'number_match', 'number_match', 'number_match', 'number_match', 'number_match', 'number_match', 'number_match', 'number_match', 'number_match', 'number_match', 'number_match', 'number_match', 'number_match', 'number_match', 'number_match', 'number_match', 'number_match', 'number_match', 'number_match', 'number_match', 'number_match', 'number_match', 'number_match', 'number_match', 'number_match', 'number_match', 'number_match']
number opened: 5
{"attempts": 59, "unique_key_box_pairs": 27, "revisit_attempts": 32, "revisit_rate": 0.5517241379310345, "attempts_before_abandoning_color_matching": 3, "color_matching_abandoned": true}
