{"Child_ID": "D043", "SoC_variant": "SoC-Full", "theta": [2, 1], "p_gen": 0.6, "true_prior": 0.02, "run_number": 73, "seed": 5964845170305739352}
TRIAL 1
Action chosen: (purple, purple)
Outcome: False
partcle ids: ['generator_1', 'similar_color_1', 'generator_2', 'generator_3', 'generator_4', 'generator_5', 'generator_6', 'generator_7', 'generator_8', 'order_match', 'generator_9', 'similar_color_1', 'generator_10', 'similar_color_13', 'generator_11', 'similar_color_8', 'generator_12', 'generator_13', 'similar_color_9', 'generator_14', 'generator_15', 'similar_color_14', 'similar_color_14', 'generator_16', 'generator_17', 'number_match', 'similar_color_10', 'similar_color_12', 'similar_color_12', 'similar_color_7']
number opened: 0
TRIAL 2
Action chosen: (red, red)
Outcome: True
partcle ids: ['generator_18', 'generator_19', 'generator_20', 'generator_21', 'generator_22', 'generator_23', 'generator_24', 'generator_25', 'generator_26', 'generator_27', 'similar_color_1', 'generator_28', 'generator_29', 'generator_30', 'similar_color_3', 'generator_31', 'generator_32', 'generator_33', 'similar_color_3', 'generator_34', 'similar_color_3', 'similar_color_11', 'similar_color_7', 'generator_35', 'order_match', 'generator_36', 'color_match', 'similar_color_8', 'generator_37', 'generator_38']
number opened: 1
TRIAL 3
Action chosen: (purple, purple)
Outcome: False
partcle ids: ['generator_18', 'generator_19', 'generator_20', 'generator_21', 'generator_22', 'generator_23', 'generator_24', 'generator_25', 'generator_26', 'generator_27', 'similar_color_1', 'generator_28', 'generator_29', 'generator_30', 'similar_color_3', 'generator_31', 'generator_32', 'generator_33', 'similar_color_3', 'generator_34', 'similar_color_3', 'similar_color_11', 'similar_color_7', 'generator_35', 'order_match', 'generator_36', 'color_match', 'similar_color_8', 'generator_37', 'generator_38']
number opened: 1
TRIAL 4
Action chosen: (diamond, blue)
Outcome: False
partcle ids: ['generator_18', 'generator_19', 'generator_20', 'generator_21', 'generator_22', 'generator_23', 'generator_24', 'generator_25', 'generator_26', 'generator_27', 'similar_color_1', 'generator_28', 'generator_29', 'generator_30', 'similar_color_3', 'generator_31', 'generator_32', 'generator_33', 'similar_color_3', 'generator_34', 'similar_color_3', 'similar_color_11', 'similar_color_7', 'generator_35', 'order_match', 'generator_36', 'color_match', 'similar_color_8', 'generator_37', 'generator_38']
number opened: 1
TRIAL 5
Action chosen: (pink, pink)
Outcome: False
partcle ids: ['generator_18', 'generator_19', 'generator_20', 'generator_21', 'generator_22', 'generator_23', 'generator_24', 'generator_25', 'generator_26', 'generator_27', 'similar_color_1', 'generator_28', 'generator_29', 'generator_30', 'similar_color_3', 'generator_31', 'generator_32', 'generator_33', 'similar_color_3', 'generator_34', 'similar_color_3', 'similar_color_11', 'similar_color_7', 'generator_35', 'order_match', 'generator_36', 'color_match', 'similar_color_8', 'generator_37', 'generator_38']
number opened: 1
TRIAL 6
Action chosen: (orange4, purple)
Outcome: False
partcle ids: ['generator_18', 'generator_19', 'generator_20', 'generator_21', 'generator_22', 'generator_23', 'generator_24', 'generator_25', 'generator_26', 'generator_27', 'similar_color_1', 'generator_28', 'generator_29', 'generator_30', 'similar_color_3', 'generator_31', 'generator_32', 'generator_33', 'similar_color_3', 'generator_34', 'similar_color_3', 'similar_color_11', 'similar_color_7', 'generator_35', 'order_match', 'generator_36', 'color_match', 'similar_color_8', 'generator_37', 'generator_38']
number opened: 1
TRIAL 7
Action chosen: (pink, white)
Outcome: False
partcle ids: ['generator_18', 'generator_19', 'generator_20', 'generator_21', 'generator_22', 'generator_23', 'generator_24', 'generator_25', 'generator_26', 'generator_27', 'similar_color_1', 'generator_28', 'generator_29', 'generator_30', 'similar_color_3', 'generator_31', 'generator_32', 'generator_33', 'similar_color_3', 'generator_34', 'similar_color_3', 'similar_color_11', 'similar_color_7', 'generator_35', 'order_match', 'generator_36', 'color_match', 'similar_color_8', 'generator_37', 'generator_38']
number opened: 1
TRIAL 8
Action chosen: (white, pink)
Outcome: False
partcle ids: ['generator_18', 'generator_19', 'generator_20', 'generator_21', 'generator_22', 'generator_23', 'generator_24', 'generator_25', 'generator_26', 'generator_27', 'similar_color_1', 'generator_28', 'generator_29', 'generator_30', 'similar_color_3', 'generator_31', 'generator_32', 'generator_33', 'similar_color_3', 'generator_34', 'similar_color_3', 'similar_color_11', 'similar_color_7', 'generator_35', 'order_match', 'generator_36', 'color_match', 'similar_color_8', 'generator_37', 'generator_38']
number opened: 1
TRIAL 9
Action chosen: (white, white)
Outcome: False
partcle ids: ['generator_18', 'generator_19', 'generator_20', 'generator_21', 'generator_22', 'generator_23', 'generator_24', 'generator_25', 'generator_26', 'generator_27', 'similar_color_1', 'generator_28', 'generator_29', 'generator_30', 'similar_color_3', 'generator_31', 'generator_32', 'generator_33', 'similar_color_3', 'generator_34', 'similar_color_3', 'similar_color_11', 'similar_color_7', 'generator_35', 'order_match', 'generator_36', 'color_match', 'similar_color_8', 'generator_37', 'generator_38']
number opened: 1
TRIAL 10
Action chosen: (diamond, blue)
Outcome: False
partcle ids: ['generator_18', 'generator_19', 'generator_20', 'generator_21', 'generator_22', 'generator_23', 'generator_24', 'generator_25', 'generator_26', 'generator_27', 'similar_color_1', 'generator_28', 'generator_29', 'generator_30', 'similar_color_3', 'generator_31', 'generator_32', 'generator_33', 'similar_color_3', 'generator_34', 'similar_color_3', 'similar_color_11', 'similar_color_7', 'generator_35', 'order_match', 'generator_36', 'color_match', 'similar_color_8', 'generator_37', 'generator_38']
number opened: 1
TRIAL 11
Action chosen: (purple, white)
Outcome: False
partcle ids: ['generator_18', 'generator_19', 'generator_20', 'generator_21', 'generator_22', 'generator_23', 'generator_24', 'generator_25', 'generator_26', 'generator_27', 'similar_color_1', 'generator_28', 'generator_29', 'generator_30', 'similar_color_3', 'generator_31', 'generator_32', 'generator_33', 'similar_color_3', 'generator_34', 'similar_color_3', 'similar_color_11', 'similar_color_7', 'generator_35', 'order_match', 'generator_36', 'color_match', 'similar_color_8', 'generator_37', 'generator_38']
number opened: 1
TRIAL 12
Action chosen: (pink, purple)
Outcome: False
partcle ids: ['generator_18', 'generator_19', 'generator_20', 'generator_21', 'generator_22', 'generator_23', 'generator_24', 'generator_25', 'generator_26', 'generator_27', 'similar_color_1', 'generator_28', 'generator_29', 'generator_30', 'similar_color_3', 'generator_31', 'generator_32', 'generator_33', 'similar_color_3', 'generator_34', 'similar_color_3', 'similar_color_11', 'similar_color_7', 'generator_35', 'order_match', 'generator_36', 'color_match', 'similar_color_8', 'generator_37', 'generator_38']
number opened: 1
TRIAL 13
Action chosen: (pink, pink)
Outcome: False
partcle ids: ['generator_18', 'generator_19', 'generator_20', 'generator_21', 'generator_22', 'generator_23', 'generator_24', 'generator_25', 'generator_26', 'generator_27', 'similar_color_1', 'generator_28', 'generator_29', 'generator_30', 'similar_color_3', 'generator_31', 'generator_32', 'generator_33', 'similar_color_3', 'generator_34', 'similar_color_3', 'similar_color_11', 'similar_color_7', 'generator_35', 'order_match', 'generator_36', 'color_match', 'similar_color_8', 'generator_37', 'generator_38']
number opened: 1
TRIAL 14
Action chosen: (green3, white)
Outcome: False
partcle ids: ['generator_18', 'generator_19', 'generator_20', 'generator_21', 'generator_22', 'generator_23', 'generator_24', 'generator_25', 'generator_26', 'generator_27', 'similar_color_1', 'generator_28', 'generator_29', 'generator_30', 'similar_color_3', 'generator_31', 'generator_32', 'generator_33', 'similar_color_3', 'generator_34', 'similar_color_3', 'similar_color_11', 'similar_color_7', 'generator_35', 'order_match', 'generator_36', 'color_match', 'similar_color_8', 'generator_37', 'generator_38']
number opened: 1
TRIAL 15
Action chosen: (pink, white)
Outcome: False
partcle ids: ['generator_18', 'generator_19', 'generator_20', 'generator_21', 'generator_22', 'generator_23', 'generator_24', 'generator_25', 'generator_26', 'generator_27', 'similar_color_1', 'generator_28', 'generator_29', 'generator_30', 'similar_color_3', 'generator_31', 'generator_32', 'generator_33', 'similar_color_3', 'generator_34', 'similar_color_3', 'similar_color_11', 'similar_color_7', 'generator_35', 'order_match', 'generator_36', 'color_match', 'similar_color_8', 'generator_37', 'generator_38']
number opened: 1
TRIAL 16
Action chosen: (pink, blue)
Outcome: False
partcle ids: ['generator_18', 'generator_19', 'generator_20', 'generator_21', 'generator_22', 'generator_23', 'generator_24', 'generator_25', 'generator_26', 'generator_27', 'similar_color_1', 'generator_28', 'generator_29', 'generator_30', 'similar_color_3', 'generator_31', 'generator_32', 'generator_33', 'similar_color_3', 'generator_34', 'similar_color_3', 'similar_color_11', 'similar_color_7', 'generator_35', 'order_match', 'generator_36', 'color_match', 'similar_color_8', 'generator_37', 'generator_38']
number opened: 1
TRIAL 17
Action chosen: (diamond, blue)
Outcome: False
partcle ids: ['generator_18', 'generator_19', 'generator_20', 'generator_21', 'generator_22', 'generator_23', 'generator_24', 'generator_25', 'generator_26', 'generator_27', 'similar_color_1', 'generator_28', 'generator_29', 'generator_30', 'similar_color_3', 'generator_31', 'generator_32', 'generator_33', 'similar_color_3', 'generator_34', 'similar_color_3', 'similar_color_11', 'similar_color_7', 'generator_35', 'order_match', 'generator_36', 'color_match', 'similar_color_8', 'generator_37', 'generator_38']
number opened: 1
TRIAL 18
Action chosen: (pink, pink)
Outcome: False
partcle ids: ['generator_18', 'generator_19', 'generator_20', 'generator_21', 'generator_22', 'generator_23', 'generator_24', 'generator_25', 'generator_26', 'generator_27', 'similar_color_1', 'generator_28', 'generator_29', 'generator_30', 'similar_color_3', 'generator_31', 'generator_32', 'generator_33', 'similar_color_3', 'generator_34', 'similar_color_3', 'similar_color_11', 'similar_color_7', 'generator_35', 'order_match', 'generator_36', 'color_match', 'similar_color_8', 'generator_37', 'generator_38']
number opened: 1
TRIAL 19
Action chosen: (pink, purple)
Outcome: False
partcle ids: ['generator_18', 'generator_19', 'generator_20', 'generator_21', 'generator_22', 'generator_23', 'generator_24', 'generator_25', 'generator_26', 'generator_27', 'similar_color_1', 'generator_28', 'generator_29', 'generator_30', 'similar_color_3', 'generator_31', 'generator_32', 'generator_33', 'similar_color_3', 'generator_34', 'similar_color_3', 'similar_color_11', 'similar_color_7', 'generator_35', 'order_match', 'generator_36', 'color_match', 'similar_color_8', 'generator_37', 'generator_38']
number opened: 1
TRIAL 20
Action chosen: (purple, white)
Outcome: False
partcle ids: ['generator_18', 'generator_19', 'generator_20', 'generator_21', 'generator_22', 'generator_23', 'generator_24', 'generator_25', 'generator_26', 'generator_27', 'similar_color_1', 'generator_28', 'generator_29', 'generator_30', 'similar_color_3', 'generator_31', 'generator_32', 'generator_33', 'similar_color_3', 'generator_34', 'similar_color_3', 'similar_color_11', 'similar_color_7', 'generator_35', 'order_match', 'generator_36', 'color_match', 'similar_color_8', 'generator_37', 'generator_38']
number opened: 1
TRIAL 21
Action chosen: (green3, white)
Outcome: False
partcle ids: ['generator_18', 'generator_19', 'generator_20', 'generator_21', 'generator_22', 'generator_23', 'generator_24', 'generator_25', 'generator_26', 'generator_27', 'similar_color_1', 'generator_28', 'generator_29', 'generator_30', 'similar_color_3', 'generator_31', 'generator_32', 'generator_33', 'similar_color_3', 'generator_34', 'similar_color_3', 'similar_color_11', 'similar_color_7', 'generator_35', 'order_match', 'generator_36', 'color_match', 'similar_color_8', 'generator_37', 'generator_38']
number opened: 1
TRIAL 22
Action chosen: (pink, white)
Outcome: False
partcle ids: ['generator_18', 'generator_19', 'generator_20', 'generator_21', 'generator_22', 'generator_23', 'generator_24', 'generator_25', 'generator_26', 'generator_27', 'similar_color_1', 'generator_28', 'generator_29', 'generator_30', 'similar_color_3', 'generator_31', 'generator_32', 'generator_33', 'similar_color_3', 'generator_34', 'similar_color_3', 'similar_color_11', 'similar_color_7', 'generator_35', 'order_match', 'generator_36', 'color_match', 'similar_color_8', 'generator_37', 'generator_38']
number opened: 1
TRIAL 23
Action chosen: (triangle, white)
Outcome: False
partcle ids: ['generator_18', 'generator_19', 'generator_20', 'generator_21', 'generator_22', 'generator_23', 'generator_24', 'generator_25', 'generator_26', 'generator_27', 'similar_color_1', 'generator_28', 'generator_29', 'generator_30', 'similar_color_3', 'generator_31', 'generator_32', 'generator_33', 'similar_color_3', 'generator_34', 'similar_color_3', 'similar_color_11', 'similar_color_7', 'generator_35', 'order_match', 'generator_36', 'color_match', 'similar_color_8', 'generator_37', 'generator_38']
number opened: 1
TRIAL 24
Action chosen: (white, white)
Outcome: False
partcle ids: ['generator_18', 'generator_19', 'generator_20', 'generator_21', 'generator_22', 'generator_23', 'generator_24', 'generator_25', 'generator_26', 'generator_27', 'similar_color_1', 'generator_28', 'generator_29', 'generator_30', 'similar_color_3', 'generator_31', 'generator_32', 'generator_33', 'similar_color_3', 'generator_34', 'similar_color_3', 'similar_color_11', 'similar_color_7', 'generator_35', 'order_match', 'generator_36', 'color_match', 'similar_color_8', 'generator_37', 'generator_38']
number opened: 1
TRIAL 25
Action chosen: (purple, white)
Outcome: False
partcle ids: ['generator_18', 'generator_19', 'generator_20', 'generator_21', 'generator_22', 'generator_23', 'generator_24', 'generator_25', 'generator_26', 'generator_27', 'similar_color_1', 'generator_28', 'generator_29', 'generator_30', 'similar_color_3', 'generator_31', 'generator_32', 'generator_33', 'similar_color_3', 'generator_34', 'similar_color_3', 'similar_color_11', 'similar_color_7', 'generator_35', 'order_match', 'generator_36', 'color_match', 'similar_color_8', 'generator_37', 'generator_38']
number opened: 1
TRIAL 26
Action chosen: (diamond, blue)
Outcome: False
partcle ids: ['generator_18', 'generator_19', 'generator_20', 'generator_21', 'generator_22', 'generator_23', 'generator_24', 'generator_25', 'generator_26', 'generator_27', 'similar_color_1', 'generator_28', 'generator_29', 'generator_30', 'similar_color_3', 'generator_31', 'generator_32', 'generator_33', 'similar_color_3', 'generator_34', 'similar_color_3', 'similar_color_11', 'similar_color_7', 'generator_35', 'order_match', 'generator_36', 'color_match', 'similar_color_8', 'generator_37', 'generator_38']
number opened: 1
TRIAL 27
Action chosen: (blue, purple)
Outcome: False
partcle ids: ['generator_18', 'generator_19', 'generator_20', 'generator_21', 'generator_22', 'generator_23', 'generator_24', 'generator_25', 'generator_26', 'generator_27', 'similar_color_1', 'generator_28', 'generator_29', 'generator_30', 'similar_color_3', 'generator_31', 'generator_32', 'generator_33', 'similar_color_3', 'generator_34', 'similar_color_3', 'similar_color_11', 'similar_color_7', 'generator_35', 'order_match', 'generator_36', 'color_match', 'similar_color_8', 'generator_37', 'generator_38']
number opened: 1
TRIAL 28
Action chosen: (pink, purple)
Outcome: False
partcle ids: ['generator_18', 'generator_19', 'generator_20', 'generator_21', 'generator_22', 'generator_23', 'generator_24', 'generator_25', 'generator_26', 'generator_27', 'similar_color_1', 'generator_28', 'generator_29', 'generator_30', 'similar_color_3', 'generator_31', 'generator_32', 'generator_33', 'similar_color_3', 'generator_34', 'similar_color_3', 'similar_color_11', 'similar_color_7', 'generator_35', 'order_match', 'generator_36', 'color_match', 'similar_color_8', 'generator_37', 'generator_38']
number opened: 1
TRIAL 29
Action chosen: (orange4, purple)
Outcome: False
partcle ids: ['generator_18', 'generator_19', 'generator_20', 'generator_21', 'generator_22', 'generator_23', 'generator_24', 'generator_25', 'generator_26', 'generator_27', 'similar_color_1', 'generator_28', 'generator_29', 'generator_30', 'similar_color_3', 'generator_31', 'generator_32', 'generator_33', 'similar_color_3', 'generator_34', 'similar_color_3', 'similar_color_11', 'similar_color_7', 'generator_35', 'order_match', 'generator_36', 'color_match', 'similar_color_8', 'generator_37', 'generator_38']
number opened: 1
TRIAL 30
Action chosen: (pink, white)
Outcome: False
partcle ids: ['generator_18', 'generator_19', 'generator_20', 'generator_21', 'generator_22', 'generator_23', 'generator_24', 'generator_25', 'generator_26', 'generator_27', 'similar_color_1', 'generator_28', 'generator_29', 'generator_30', 'similar_color_3', 'generator_31', 'generator_32', 'generator_33', 'similar_color_3', 'generator_34', 'similar_color_3', 'similar_color_11', 'similar_color_7', 'generator_35', 'order_match', 'generator_36', 'color_match', 'similar_color_8', 'generator_37', 'generator_38']
number opened: 1
TRIAL 31
Action chosen: (pink, pink)
Outcome: False
partcle ids: ['generator_18', 'generator_19', 'generator_20', 'generator_21', 'generator_22', 'generator_23', 'generator_24', 'generator_25', 'generator_26', 'generator_27', 'similar_color_1', 'generator_28', 'generator_29', 'generator_30', 'similar_color_3', 'generator_31', 'generator_32', 'generator_33', 'similar_color_3', 'generator_34', 'similar_color_3', 'similar_color_11', 'similar_color_7', 'generator_35', 'order_match', 'generator_36', 'color_match', 'similar_color_8', 'generator_37', 'generator_38']
number opened: 1
TRIAL 32
Action chosen: (diamond, blue)
Outcome: False
partcle ids: ['generator_18', 'generator_19', 'generator_20', 'generator_21', 'generator_22', 'generator_23', 'generator_24', 'generator_25', 'generator_26', 'generator_27', 'similar_color_1', 'generator_28', 'generator_29', 'generator_30', 'similar_color_3', 'generator_31', 'generator_32', 'generator_33', 'similar_color_3', 'generator_34', 'similar_color_3', 'similar_color_11', 'similar_color_7', 'generator_35', 'order_match', 'generator_36', 'color_match', 'similar_color_8', 'generator_37', 'generator_38']
number opened: 1
TRIAL 33
Action chosen: (pink, blue)
Outcome: False
partcle ids: ['generator_18', 'generator_19', 'generator_20', 'generator_21', 'generator_22', 'generator_23', 'generator_24', 'generator_25', 'generator_26', 'generator_27', 'similar_color_1', 'generator_28', 'generator_29', 'generator_30', 'similar_color_3', 'generator_31', 'generator_32', 'generator_33', 'similar_color_3', 'generator_34', 'similar_color_3', 'similar_color_11', 'similar_color_7', 'generator_35', 'order_match', 'generator_36', 'color_match', 'similar_color_8', 'generator_37', 'generator_38']
number opened: 1
TRIAL 34
Action chosen: (green3, white)
Outcome: False
partcle ids: ['generator_39', 'generator_26', 'generator_34', 'generator_40', 'similar_color_11', 'generator_41', 'generator_26', 'generator_35', 'generator_21', 'generator_21', 'generator_21', 'generator_34', 'generator_25', 'generator_26', 'similar_color_2', 'generator_43', 'generator_44', 'generator_45', 'generator_21', 'generator_29', 'generator_33', 'generator_19', 'generator_46', 'generator_21', 'generator_36', 'generator_33', 'generator_47', 'generator_48', 'generator_18', 'generator_34']
number opened: 1
TRIAL 35
Action chosen: (heart, blue)
Outcome: False
partcle ids: ['generator_39', 'generator_26', 'generator_34', 'generator_40', 'similar_color_11', 'generator_41', 'generator_26', 'generator_35', 'generator_21', 'generator_21', 'generator_21', 'generator_34', 'generator_25', 'generator_26', 'similar_color_2', 'generator_43', 'generator_44', 'generator_45', 'generator_21', 'generator_29', 'generator_33', 'generator_19', 'generator_46', 'generator_21', 'generator_36', 'generator_33', 'generator_47', 'generator_48', 'generator_18', 'generator_34']
number opened: 1
TRIAL 36
Action chosen: (pink, blue)
Outcome: False
partcle ids: ['generator_39', 'generator_26', 'generator_34', 'generator_40', 'similar_color_11', 'generator_41', 'generator_26', 'generator_35', 'generator_21', 'generator_21', 'generator_21', 'generator_34', 'generator_25', 'generator_26', 'similar_color_2', 'generator_43', 'generator_44', 'generator_45', 'generator_21', 'generator_29', 'generator_33', 'generator_19', 'generator_46', 'generator_21', 'generator_36', 'generator_33', 'generator_47', 'generator_48', 'generator_18', 'generator_34']
number opened: 1
TRIAL 37
Action chosen: (purple, white)
Outcome: False
partcle ids: ['generator_39', 'generator_26', 'generator_34', 'generator_40', 'similar_color_11', 'generator_41', 'generator_26', 'generator_35', 'generator_21', 'generator_21', 'generator_21', 'generator_34', 'generator_25', 'generator_26', 'similar_color_2', 'generator_43', 'generator_44', 'generator_45', 'generator_21', 'generator_29', 'generator_33', 'generator_19', 'generator_46', 'generator_21', 'generator_36', 'generator_33', 'generator_47', 'generator_48', 'generator_18', 'generator_34']
number opened: 1
TRIAL 38
Action chosen: (triangle, purple)
Outcome: False
partcle ids: ['generator_39', 'generator_26', 'generator_34', 'generator_40', 'similar_color_11', 'generator_41', 'generator_26', 'generator_35', 'generator_21', 'generator_21', 'generator_21', 'generator_34', 'generator_25', 'generator_26', 'similar_color_2', 'generator_43', 'generator_44', 'generator_45', 'generator_21', 'generator_29', 'generator_33', 'generator_19', 'generator_46', 'generator_21', 'generator_36', 'generator_33', 'generator_47', 'generator_48', 'generator_18', 'generator_34']
number opened: 1
TRIAL 39
Action chosen: (heart, blue)
Outcome: False
partcle ids: ['generator_39', 'generator_26', 'generator_34', 'generator_40', 'similar_color_11', 'generator_41', 'generator_26', 'generator_35', 'generator_21', 'generator_21', 'generator_21', 'generator_34', 'generator_25', 'generator_26', 'similar_color_2', 'generator_43', 'generator_44', 'generator_45', 'generator_21', 'generator_29', 'generator_33', 'generator_19', 'generator_46', 'generator_21', 'generator_36', 'generator_33', 'generator_47', 'generator_48', 'generator_18', 'generator_34']
number opened: 1
TRIAL 40
Action chosen: (white, pink)
Outcome: False
partcle ids: ['generator_39', 'generator_26', 'generator_34', 'generator_40', 'similar_color_11', 'generator_41', 'generator_26', 'generator_35', 'generator_21', 'generator_21', 'generator_21', 'generator_34', 'generator_25', 'generator_26', 'similar_color_2', 'generator_43', 'generator_44', 'generator_45', 'generator_21', 'generator_29', 'generator_33', 'generator_19', 'generator_46', 'generator_21', 'generator_36', 'generator_33', 'generator_47', 'generator_48', 'generator_18', 'generator_34']
number opened: 1
TRIAL 41
Action chosen: (pink, white)
Outcome: False
partcle ids: ['generator_39', 'generator_26', 'generator_34', 'generator_40', 'similar_color_11', 'generator_41', 'generator_26', 'generator_35', 'generator_21', 'generator_21', 'generator_21', 'generator_34', 'generator_25', 'generator_26', 'similar_color_2', 'generator_43', 'generator_44', 'generator_45', 'generator_21', 'generator_29', 'generator_33', 'generator_19', 'generator_46', 'generator_21', 'generator_36', 'generator_33', 'generator_47', 'generator_48', 'generator_18', 'generator_34']
number opened: 1
TRIAL 42
Action chosen: (purple, blue)
Outcome: False
partcle ids: ['generator_39', 'generator_26', 'generator_34', 'generator_40', 'similar_color_11', 'generator_41', 'generator_26', 'generator_35', 'generator_21', 'generator_21', 'generator_21', 'generator_34', 'generator_25', 'generator_26', 'similar_color_2', 'generator_43', 'generator_44', 'generator_45', 'generator_21', 'generator_29', 'generator_33', 'generator_19', 'generator_46', 'generator_21', 'generator_36', 'generator_33', 'generator_47', 'generator_48', 'generator_18', 'generator_34']
number opened: 1
TRIAL 43
Action chosen: (triangle, purple)
Outcome: False
partcle ids: ['generator_39', 'generator_26', 'generator_34', 'generator_40', 'similar_color_11', 'generator_41', 'generator_26', 'generator_35', 'generator_21', 'generator_21', 'generator_21', 'generator_34', 'generator_25', 'generator_26', 'similar_color_2', 'generator_43', 'generator_44', 'generator_45', 'generator_21', 'generator_29', 'generator_33', 'generator_19', 'generator_46', 'generator_21', 'generator_36', 'generator_33', 'generator_47', 'generator_48', 'generator_18', 'generator_34']
number opened: 1
TRIAL 44
Action chosen: (yellow5, purple)
Outcome: False
partcle ids: ['generator_39', 'generator_26', 'generator_34', 'generator_40', 'similar_color_11', 'generator_41', 'generator_26', 'generator_35', 'generator_21', 'generator_21', 'generator_21', 'generator_34', 'generator_25', 'generator_26', 'similar_color_2', 'generator_43', 'generator_44', 'generator_45', 'generator_21', 'generator_29', 'generator_33', 'generator_19', 'generator_46', 'generator_21', 'generator_36', 'generator_33', 'generator_47', 'generator_48', 'generator_18', 'generator_34']
number opened: 1
TRIAL 45
Action chosen: (yellow5, white)
Outcome: False
partcle ids: ['generator_39', 'generator_26', 'generator_34', 'generator_40', 'similar_color_11', 'generator_41', 'generator_26', 'generator_35', 'generator_21', 'generator_21', 'generator_21', 'generator_34', 'generator_25', 'generator_26', 'similar_color_2', 'generator_43', 'generator_44', 'generator_45', 'generator_21', 'generator_29', 'generator_33', 'generator_19', 'generator_46', 'generator_21', 'generator_36', 'generator_33', 'generator_47', 'generator_48', 'generator_18', 'generator_34']
number opened: 1
TRIAL 46
Action chosen: (pink, blue)
Outcome: False
partcle ids: ['generator_39', 'generator_26', 'generator_34', 'generator_40', 'similar_color_11', 'generator_41', 'generator_26', 'generator_35', 'generator_21', 'generator_21', 'generator_21', 'generator_34', 'generator_25', 'generator_26', 'similar_color_2', 'generator_43', 'generator_44', 'generator_45', 'generator_21', 'generator_29', 'generator_33', 'generator_19', 'generator_46', 'generator_21', 'generator_36', 'generator_33', 'generator_47', 'generator_48', 'generator_18', 'generator_34']
number opened: 1
TRIAL 47
Action chosen: (heart, blue)
Outcome: False
partcle ids: ['generator_39', 'generator_26', 'generator_34', 'generator_40', 'similar_color_11', 'generator_41', 'generator_26', 'generator_35', 'generator_21', 'generator_21', 'generator_21', 'generator_34', 'generator_25', 'generator_26', 'similar_color_2', 'generator_43', 'generator_44', 'generator_45', 'generator_21', 'generator_29', 'generator_33', 'generator_19', 'generator_46', 'generator_21', 'generator_36', 'generator_33', 'generator_47', 'generator_48', 'generator_18', 'generator_34']
number opened: 1
TRIAL 48
Action chosen: (heart, pink)
Outcome: False
partcle ids: ['generator_39', 'generator_26', 'generator_34', 'generator_40', 'similar_color_11', 'generator_41', 'generator_26', 'generator_35', 'generator_21', 'generator_21', 'generator_21', 'generator_34', 'generator_25', 'generator_26', 'similar_color_2', 'generator_43', 'generator_44', 'generator_45', 'generator_21', 'generator_29', 'generator_33', 'generator_19', 'generator_46', 'generator_21', 'generator_36', 'generator_33', 'generator_47', 'generator_48', 'generator_18', 'generator_34']
number opened: 1
TRIAL 49
Action chosen: (triangle, pink)
Outcome: False
partcle ids: ['generator_39', 'generator_26', 'generator_34', 'generator_40', 'similar_color_11', 'generator_41', 'generator_26', 'generator_35', 'generator_21', 'generator_21', 'generator_21', 'generator_34', 'generator_25', 'generator_26', 'similar_color_2', 'generator_43', 'generator_44', 'generator_45', 'generator_21', 'generator_29', 'generator_33', 'generator_19', 'generator_46', 'generator_21', 'generator_36', 'generator_33', 'generator_47', 'generator_48', 'generator_18', 'generator_34']
number opened: 1
TRIAL 50
Action chosen: (pink, white)
Outcome: False
partcle ids: ['generator_39', 'generator_26', 'generator_34', 'generator_40', 'similar_color_11', 'generator_41', 'generator_26', 'generator_35', 'generator_21', 'generator_21', 'generator_21', 'generator_34', 'generator_25', 'generator_26', 'similar_color_2', 'generator_43', 'generator_44', 'generator_45', 'generator_21', 'generator_29', 'generator_33', 'generator_19', 'generator_46', 'generator_21', 'generator_36', 'generator_33', 'generator_47', 'generator_48', 'generator_18', 'generator_34']
number opened: 1
TRIAL 51
Action chosen: (yellow5, white)
Outcome: False
partcle ids: ['generator_39', 'generator_26', 'generator_34', 'generator_40', 'similar_color_11', 'generator_41', 'generator_26', 'generator_35', 'generator_21', 'generator_21', 'generator_21', 'generator_34', 'generator_25', 'generator_26', 'similar_color_2', 'generator_43', 'generator_44', 'generator_45', 'generator_21', 'generator_29', 'generator_33', 'generator_19', 'generator_46', 'generator_21', 'generator_36', 'generator_33', 'generator_47', 'generator_48', 'generator_18', 'generator_34']
number opened: 1
TRIAL 52
Action chosen: (grey2, white)
Outcome: False
partcle ids: ['generator_39', 'generator_26', 'generator_34', 'generator_40', 'similar_color_11', 'generator_41', 'generator_26', 'generator_35', 'generator_21', 'generator_21', 'generator_21', 'generator_34', 'generator_25', 'generator_26', 'similar_color_2', 'generator_43', 'generator_44', 'generator_45', 'generator_21', 'generator_29', 'generator_33', 'generator_19', 'generator_46', 'generator_21', 'generator_36', 'generator_33', 'generator_47', 'generator_48', 'generator_18', 'generator_34']
number opened: 1
TRIAL 53
Action chosen: (purple, white)
Outcome: False
partcle ids: ['generator_39', 'generator_26', 'generator_34', 'generator_40', 'similar_color_11', 'generator_41', 'generator_26', 'generator_35', 'generator_21', 'generator_21', 'generator_21', 'generator_34', 'generator_25', 'generator_26', 'similar_color_2', 'generator_43', 'generator_44', 'generator_45', 'generator_21', 'generator_29', 'generator_33', 'generator_19', 'generator_46', 'generator_21', 'generator_36', 'generator_33', 'generator_47', 'generator_48', 'generator_18', 'generator_34']
number opened: 1
TRIAL 54
Action chosen: (pink, blue)
Outcome: False
partcle ids: ['generator_39', 'generator_26', 'generator_34', 'generator_40', 'similar_color_11', 'generator_41', 'generator_26', 'generator_35', 'generator_21', 'generator_21', 'generator_21', 'generator_34', 'generator_25', 'generator_26', 'similar_color_2', 'generator_43', 'generator_44', 'generator_45', 'generator_21', 'generator_29', 'generator_33', 'generator_19', 'generator_46', 'generator_21', 'generator_36', 'generator_33', 'generator_47', 'generator_48', 'generator_18', 'generator_34']
number opened: 1
TRIAL 55
Action chosen: (pink, white)
Outcome: False
partcle ids: ['generator_39', 'generator_26', 'generator_34', 'generator_40', 'similar_color_11', 'generator_41', 'generator_26', 'generator_35', 'generator_21', 'generator_21', 'generator_21', 'generator_34', 'generator_25', 'generator_26', 'similar_color_2', 'generator_43', 'generator_44', 'generator_45', 'generator_21', 'generator_29', 'generator_33', 'generator_19', 'generator_46', 'generator_21', 'generator_36', 'generator_33', 'generator_47', 'generator_48', 'generator_18', 'generator_34']
number opened: 1
TRIAL 56
Action chosen: (orange4, white)
Outcome: True
partcle ids: ['generator_49', 'generator_50', 'generator_51', 'generator_52', 'generator_53', 'generator_54', 'generator_55', 'generator_56', 'generator_57', 'generator_58', 'generator_59', 'generator_58', 'generator_60', 'generator_61', 'generator_62', 'generator_63', 'generator_64', 'generator_65', 'generator_66', 'generator_67', 'generator_68', 'generator_69', 'generator_70', 'generator_71', 'generator_72', 'generator_73', 'generator_74', 'generator_75', 'generator_76', 'generator_77']
number opened: 2
TRIAL 57
Action chosen: (heart, pink)
Outcome: False
partcle ids: ['generator_49', 'generator_50', 'generator_51', 'generator_52', 'generator_53', 'generator_54', 'generator_55', 'generator_56', 'generator_57', 'generator_58', 'generator_59', 'generator_58', 'generator_60', 'generator_61', 'generator_62', 'generator_63', 'generator_64', 'generator_65', 'generator_66', 'generator_67', 'generator_68', 'generator_69', 'generator_70', 'generator_71', 'generator_72', 'generator_73', 'generator_74', 'generator_75', 'generator_76', 'generator_77']
number opened: 2
TRIAL 58
Action chosen: (pink, blue)
Outcome: False
partcle ids: ['generator_49', 'generator_50', 'generator_51', 'generator_52', 'generator_53', 'generator_54', 'generator_55', 'generator_56', 'generator_57', 'generator_58', 'generator_59', 'generator_58', 'generator_60', 'generator_61', 'generator_62', 'generator_63', 'generator_64', 'generator_65', 'generator_66', 'generator_67', 'generator_68', 'generator_69', 'generator_70', 'generator_71', 'generator_72', 'generator_73', 'generator_74', 'generator_75', 'generator_76', 'generator_77']
number opened: 2
TRIAL 59
Action chosen: (purple, pink)
Outcome: False
partcle ids: ['generator_49', 'generator_50', 'generator_51', 'generator_52', 'generator_53', 'generator_54', 'generator_55', 'generator_56', 'generator_57', 'generator_58', 'generator_59', 'generator_58', 'generator_60', 'generator_61', 'generator_62', 'generator_63', 'generator_64', 'generator_65', 'generator_66', 'generator_67', 'generator_68', 'generator_69', 'generator_70', 'generator_71', 'generator_72', 'generator_73', 'generator_74', 'generator_75', 'generator_76', 'generator_77']
number opened: 2
TRIAL 60
Action chosen: (grey2, pink)
Outcome: True
partcle ids: ['generator_59', 'generator_72', 'generator_80', 'generator_72', 'generator_51', 'generator_82', 'generator_83', 'generator_59', 'generator_72', 'generator_59', 'generator_81', 'generator_59', 'generator_85', 'generator_59', 'generator_87', 'generator_72', 'generator_64', 'generator_59', 'generator_89', 'generator_72', 'generator_59', 'generator_72', 'generator_93', 'generator_94', 'generator_95', 'generator_96', 'generator_97', 'generator_98', 'generator_99', 'generator_51']
number opened: 3
TRIAL 61
Action chosen: (white, purple)
Outcome: False
partcle ids: ['generator_59', 'generator_72', 'generator_80', 'generator_72', 'generator_51', 'generator_82', 'generator_83', 'generator_59', 'generator_72', 'generator_59', 'generator_81', 'generator_59', 'generator_85', 'generator_59', 'generator_87', 'generator_72', 'generator_64', 'generator_59', 'generator_89', 'generator_72', 'generator_59', 'generator_72', 'generator_93', 'generator_94', 'generator_95', 'generator_96', 'generator_97', 'generator_98', 'generator_99', 'generator_51']
number opened: 3
TRIAL 62
Action chosen: (diamond, purple)
Outcome: False
partcle ids: ['generator_59', 'generator_72', 'generator_80', 'generator_72', 'generator_51', 'generator_82', 'generator_83', 'generator_59', 'generator_72', 'generator_59', 'generator_81', 'generator_59', 'generator_85', 'generator_59', 'generator_87', 'generator_72', 'generator_64', 'generator_59', 'generator_89', 'generator_72', 'generator_59', 'generator_72', 'generator_93', 'generator_94', 'generator_95', 'generator_96', 'generator_97', 'generator_98', 'generator_99', 'generator_51']
number opened: 3
TRIAL 63
Action chosen: (green3, blue)
Outcome: False
partcle ids: ['generator_59', 'generator_72', 'generator_80', 'generator_72', 'generator_51', 'generator_82', 'generator_83', 'generator_59', 'generator_72', 'generator_59', 'generator_81', 'generator_59', 'generator_85', 'generator_59', 'generator_87', 'generator_72', 'generator_64', 'generator_59', 'generator_89', 'generator_72', 'generator_59', 'generator_72', 'generator_93', 'generator_94', 'generator_95', 'generator_96', 'generator_97', 'generator_98', 'generator_99', 'generator_51']
number opened: 3
TRIAL 64
Action chosen: (cloud, purple)
Outcome: False
partcle ids: ['generator_59', 'generator_72', 'generator_80', 'generator_72', 'generator_51', 'generator_82', 'generator_83', 'generator_59', 'generator_72', 'generator_59', 'generator_81', 'generator_59', 'generator_85', 'generator_59', 'generator_87', 'generator_72', 'generator_64', 'generator_59', 'generator_89', 'generator_72', 'generator_59', 'generator_72', 'generator_93', 'generator_94', 'generator_95', 'generator_96', 'generator_97', 'generator_98', 'generator_99', 'generator_51']
number opened: 3
TRIAL 65
Action chosen: (white, blue)
Outcome: False
partcle ids: ['generator_59', 'generator_72', 'generator_80', 'generator_72', 'generator_51', 'generator_82', 'generator_83', 'generator_59', 'generator_72', 'generator_59', 'generator_81', 'generator_59', 'generator_85', 'generator_59', 'generator_87', 'generator_72', 'generator_64', 'generator_59', 'generator_89', 'generator_72', 'generator_59', 'generator_72', 'generator_93', 'generator_94', 'generator_95', 'generator_96', 'generator_97', 'generator_98', 'generator_99', 'generator_51']
number opened: 3
TRIAL 66
Action chosen: (diamond, purple)
Outcome: False
partcle ids: ['generator_59', 'generator_72', 'generator_80', 'generator_72', 'generator_51', 'generator_82', 'generator_83', 'generator_59', 'generator_72', 'generator_59', 'generator_81', 'generator_59', 'generator_85', 'generator_59', 'generator_87', 'generator_72', 'generator_64', 'generator_59', 'generator_89', 'generator_72', 'generator_59', 'generator_72', 'generator_93', 'generator_94', 'generator_95', 'generator_96', 'generator_97', 'generator_98', 'generator_99', 'generator_51']
number opened: 3
TRIAL 67
Action chosen: (green3, purple)
Outcome: True
partcle ids: ['generator_100', 'generator_101', 'number_match', 'generator_102', 'number_match', 'generator_83', 'generator_103', 'generator_83', 'generator_101', 'generator_83', 'generator_105', 'number_match', 'generator_100', 'generator_83', 'number_match', 'generator_103', 'generator_83', 'number_match', 'generator_101', 'generator_102', 'generator_105', 'generator_105', 'generator_102', 'generator_100', 'generator_83', 'generator_83', 'number_match', 'generator_83', 'generator_103', 'generator_103']
number opened: 4
TRIAL 68
Action chosen: (cloud, blue)
Outcome: False
partcle ids: ['generator_100', 'generator_101', 'number_match', 'generator_102', 'number_match', 'generator_83', 'generator_103', 'generator_83', 'generator_101', 'generator_83', 'generator_105', 'number_match', 'generator_100', 'generator_83', 'number_match', 'generator_103', 'generator_83', 'number_match', 'generator_101', 'generator_102', 'generator_105', 'generator_105', 'generator_102', 'generator_100', 'generator_83', 'generator_83', 'number_match', 'generator_83', 'generator_103', 'generator_103']
number opened: 4
TRIAL 69
Action chosen: (yellow5, blue)
Outcome: True
partcle ids: ['number_match', 'number_match', 'number_match', 'number_match', 'number_match', 'number_match', 'number_match', 'number_match', 'number_match', 'number_match', 'number_match', 'number_match', 'number_match', 'number_match', 'number_match', 'number_match', 'number_match', 'number_match', 'number_match', 'number_match', 'number_match', 'number_match', 'number_match', 'number_match', 'number_match', 'number_match', 'number_match', 'number_match', 'number_match', 'number_match']
number opened: 5
{"attempts": 69, "unique_key_box_pairs": 33, "revisit_attempts": 36, "revisit_rate": 0.5294117647058824, "attempts_before_abandoning_color_matching": 3, "color_matching_abandoned": true}
