{"Child_ID": "D021", "SoC_variant": "SoC-Full", "theta": [1, 3], "p_gen": 0.7, "true_prior": 0.02, "run_number": 56, "seed": 5247156795588789994}
TRIAL 1
Action chosen: (pink, pink)
Outcome: False
partcle ids: ['generator_1', 'similar_color_10', 'similar_color_3', 'generator_2', 'similar_color_6', 'generator_3', 'generator_4', 'generator_5', 'generator_6', 'generator_7', 'generator_8', 'similar_color_12', 'generator_9', 'generator_10', 'similar_color_11', 'generator_11', 'similar_color_2', 'order_match', 'color_match', 'generator_12', 'generator_13', 'shape_match', 'generator_14', 'generator_15', 'generator_16', 'similar_color_3', 'generator_17', 'generator_18', 'similar_color_7', 'generator_19']
number opened: 0
TRIAL 2
Action chosen: (pink, pink)
Outcome: False
partcle ids: ['generator_1', 'similar_color_10', 'similar_color_3', 'generator_2', 'similar_color_6', 'generator_3', 'generator_4', 'generator_5', 'generator_6', 'generator_7', 'generator_8', 'similar_color_12', 'generator_9', 'generator_10', 'similar_color_11', 'generator_11', 'similar_color_2', 'order_match', 'color_match', 'generator_12', 'generator_13', 'shape_match', 'generator_14', 'generator_15', 'generator_16', 'similar_color_3', 'generator_17', 'generator_18', 'similar_color_7', 'generator_19']
number opened: 0
TRIAL 3
Action chosen: (pink, pink)
Outcome: False
partcle ids: ['generator_1', 'similar_color_10', 'similar_color_3', 'generator_2', 'similar_color_6', 'generator_3', 'generator_4', 'generator_5', 'generator_6', 'generator_7', 'generator_8', 'similar_color_12', 'generator_9', 'generator_10', 'similar_color_11', 'generator_11', 'similar_color_2', 'order_match', 'color_match', 'generator_12', 'generator_13', 'shape_match', 'generator_14', 'generator_15', 'generator_16', 'similar_color_3', 'generator_17', 'generator_18', 'similar_color_7', 'generator_19']
number opened: 0
TRIAL 4
Action chosen: (triangle, white)
Outcome: False
partcle ids: ['generator_1', 'similar_color_10', 'similar_color_3', 'generator_2', 'similar_color_6', 'generator_3', 'generator_4', 'generator_5', 'generator_6', 'generator_7', 'generator_8', 'similar_color_12', 'generator_9', 'generator_10', 'similar_color_11', 'generator_11', 'similar_color_2', 'order_match', 'color_match', 'generator_12', 'generator_13', 'shape_match', 'generator_14', 'generator_15', 'generator_16', 'similar_color_3', 'generator_17', 'generator_18', 'similar_color_7', 'generator_19']
number opened: 0
TRIAL 5
Action chosen: (pink, pink)
Outcome: False
partcle ids: ['generator_1', 'similar_color_10', 'similar_color_3', 'generator_2', 'similar_color_6', 'generator_3', 'generator_4', 'generator_5', 'generator_6', 'generator_7', 'generator_8', 'similar_color_12', 'generator_9', 'generator_10', 'similar_color_11', 'generator_11', 'similar_color_2', 'order_match', 'color_match', 'generator_12', 'generator_13', 'shape_match', 'generator_14', 'generator_15', 'generator_16', 'similar_color_3', 'generator_17', 'generator_18', 'similar_color_7', 'generator_19']
number opened: 0
TRIAL 6
Action chosen: (yellow5, red)
Outcome: False
partcle ids: ['generator_1', 'similar_color_10', 'similar_color_3', 'generator_2', 'similar_color_6', 'generator_3', 'generator_4', 'generator_5', 'generator_6', 'generator_7', 'generator_8', 'similar_color_12', 'generator_9', 'generator_10', 'similar_color_11', 'generator_11', 'similar_color_2', 'order_match', 'color_match', 'generator_12', 'generator_13', 'shape_match', 'generator_14', 'generator_15', 'generator_16', 'similar_color_3', 'generator_17', 'generator_18', 'similar_color_7', 'generator_19']
number opened: 0
TRIAL 7
Action chosen: (pink, pink)
Outcome: False
partcle ids: ['generator_1', 'similar_color_10', 'similar_color_3', 'generator_2', 'similar_color_6', 'generator_3', 'generator_4', 'generator_5', 'generator_6', 'generator_7', 'generator_8', 'similar_color_12', 'generator_9', 'generator_10', 'similar_color_11', 'generator_11', 'similar_color_2', 'order_match', 'color_match', 'generator_12', 'generator_13', 'shape_match', 'generator_14', 'generator_15', 'generator_16', 'similar_color_3', 'generator_17', 'generator_18', 'similar_color_7', 'generator_19']
number opened: 0
TRIAL 8
Action chosen: (triangle, white)
Outcome: False
partcle ids: ['generator_1', 'similar_color_10', 'similar_color_3', 'generator_2', 'similar_color_6', 'generator_3', 'generator_4', 'generator_5', 'generator_6', 'generator_7', 'generator_8', 'similar_color_12', 'generator_9', 'generator_10', 'similar_color_11', 'generator_11', 'similar_color_2', 'order_match', 'color_match', 'generator_12', 'generator_13', 'shape_match', 'generator_14', 'generator_15', 'generator_16', 'similar_color_3', 'generator_17', 'generator_18', 'similar_color_7', 'generator_19']
number opened: 0
TRIAL 9
Action chosen: (yellow5, red)
Outcome: False
partcle ids: ['generator_1', 'similar_color_10', 'similar_color_3', 'generator_2', 'similar_color_6', 'generator_3', 'generator_4', 'generator_5', 'generator_6', 'generator_7', 'generator_8', 'similar_color_12', 'generator_9', 'generator_10', 'similar_color_11', 'generator_11', 'similar_color_2', 'order_match', 'color_match', 'generator_12', 'generator_13', 'shape_match', 'generator_14', 'generator_15', 'generator_16', 'similar_color_3', 'generator_17', 'generator_18', 'similar_color_7', 'generator_19']
number opened: 0
TRIAL 10
Action chosen: (red, red)
Outcome: True
partcle ids: ['generator_20', 'order_match', 'generator_21', 'order_match', 'similar_color_5', 'generator_22', 'order_match', 'generator_23', 'similar_color_8', 'generator_24', 'order_match', 'generator_25', 'order_match', 'similar_color_13', 'similar_color_13', 'order_match', 'generator_26', 'generator_27', 'order_match', 'generator_28', 'color_match', 'generator_29', 'similar_color_1', 'order_match', 'similar_color_9', 'order_match', 'generator_30', 'color_match', 'generator_31', 'generator_32']
number opened: 1
TRIAL 11
Action chosen: (green3, white)
Outcome: False
partcle ids: ['generator_20', 'order_match', 'generator_21', 'order_match', 'similar_color_5', 'generator_22', 'order_match', 'generator_23', 'similar_color_8', 'generator_24', 'order_match', 'generator_25', 'order_match', 'similar_color_13', 'similar_color_13', 'order_match', 'generator_26', 'generator_27', 'order_match', 'generator_28', 'color_match', 'generator_29', 'similar_color_1', 'order_match', 'similar_color_9', 'order_match', 'generator_30', 'color_match', 'generator_31', 'generator_32']
number opened: 1
TRIAL 12
Action chosen: (yellow5, blue)
Outcome: True
partcle ids: ['generator_33', 'generator_34', 'generator_35', 'generator_36', 'generator_32', 'generator_37', 'generator_38', 'generator_39', 'generator_40', 'generator_41', 'generator_42', 'generator_43', 'generator_44', 'generator_45', 'generator_46', 'generator_47', 'generator_48', 'generator_49', 'generator_50', 'generator_51', 'generator_52', 'generator_30', 'generator_54', 'generator_55', 'generator_56', 'generator_57', 'generator_58', 'generator_59', 'generator_60', 'generator_61']
number opened: 2
TRIAL 13
Action chosen: (green3, pink)
Outcome: False
partcle ids: ['generator_33', 'generator_34', 'generator_35', 'generator_36', 'generator_32', 'generator_37', 'generator_38', 'generator_39', 'generator_40', 'generator_41', 'generator_42', 'generator_43', 'generator_44', 'generator_45', 'generator_46', 'generator_47', 'generator_48', 'generator_49', 'generator_50', 'generator_51', 'generator_52', 'generator_30', 'generator_54', 'generator_55', 'generator_56', 'generator_57', 'generator_58', 'generator_59', 'generator_60', 'generator_61']
number opened: 2
TRIAL 14
Action chosen: (diamond, white)
Outcome: False
partcle ids: ['generator_33', 'generator_34', 'generator_35', 'generator_36', 'generator_32', 'generator_37', 'generator_38', 'generator_39', 'generator_40', 'generator_41', 'generator_42', 'generator_43', 'generator_44', 'generator_45', 'generator_46', 'generator_47', 'generator_48', 'generator_49', 'generator_50', 'generator_51', 'generator_52', 'generator_30', 'generator_54', 'generator_55', 'generator_56', 'generator_57', 'generator_58', 'generator_59', 'generator_60', 'generator_61']
number opened: 2
TRIAL 15
Action chosen: (cloud, purple)
Outcome: False
partcle ids: ['generator_33', 'generator_34', 'generator_35', 'generator_36', 'generator_32', 'generator_37', 'generator_38', 'generator_39', 'generator_40', 'generator_41', 'generator_42', 'generator_43', 'generator_44', 'generator_45', 'generator_46', 'generator_47', 'generator_48', 'generator_49', 'generator_50', 'generator_51', 'generator_52', 'generator_30', 'generator_54', 'generator_55', 'generator_56', 'generator_57', 'generator_58', 'generator_59', 'generator_60', 'generator_61']
number opened: 2
TRIAL 16
Action chosen: (diamond, pink)
Outcome: False
partcle ids: ['generator_33', 'generator_34', 'generator_35', 'generator_36', 'generator_32', 'generator_37', 'generator_38', 'generator_39', 'generator_40', 'generator_41', 'generator_42', 'generator_43', 'generator_44', 'generator_45', 'generator_46', 'generator_47', 'generator_48', 'generator_49', 'generator_50', 'generator_51', 'generator_52', 'generator_30', 'generator_54', 'generator_55', 'generator_56', 'generator_57', 'generator_58', 'generator_59', 'generator_60', 'generator_61']
number opened: 2
TRIAL 17
Action chosen: (purple, purple)
Outcome: False
partcle ids: ['generator_33', 'generator_34', 'generator_35', 'generator_36', 'generator_32', 'generator_37', 'generator_38', 'generator_39', 'generator_40', 'generator_41', 'generator_42', 'generator_43', 'generator_44', 'generator_45', 'generator_46', 'generator_47', 'generator_48', 'generator_49', 'generator_50', 'generator_51', 'generator_52', 'generator_30', 'generator_54', 'generator_55', 'generator_56', 'generator_57', 'generator_58', 'generator_59', 'generator_60', 'generator_61']
number opened: 2
TRIAL 18
Action chosen: (diamond, white)
Outcome: False
partcle ids: ['generator_33', 'generator_34', 'generator_35', 'generator_36', 'generator_32', 'generator_37', 'generator_38', 'generator_39', 'generator_40', 'generator_41', 'generator_42', 'generator_43', 'generator_44', 'generator_45', 'generator_46', 'generator_47', 'generator_48', 'generator_49', 'generator_50', 'generator_51', 'generator_52', 'generator_30', 'generator_54', 'generator_55', 'generator_56', 'generator_57', 'generator_58', 'generator_59', 'generator_60', 'generator_61']
number opened: 2
TRIAL 19
Action chosen: (green3, pink)
Outcome: False
partcle ids: ['generator_33', 'generator_34', 'generator_35', 'generator_36', 'generator_32', 'generator_37', 'generator_38', 'generator_39', 'generator_40', 'generator_41', 'generator_42', 'generator_43', 'generator_44', 'generator_45', 'generator_46', 'generator_47', 'generator_48', 'generator_49', 'generator_50', 'generator_51', 'generator_52', 'generator_30', 'generator_54', 'generator_55', 'generator_56', 'generator_57', 'generator_58', 'generator_59', 'generator_60', 'generator_61']
number opened: 2
TRIAL 20
Action chosen: (triangle, purple)
Outcome: False
partcle ids: ['generator_33', 'generator_34', 'generator_35', 'generator_36', 'generator_32', 'generator_37', 'generator_38', 'generator_39', 'generator_40', 'generator_41', 'generator_42', 'generator_43', 'generator_44', 'generator_45', 'generator_46', 'generator_47', 'generator_48', 'generator_49', 'generator_50', 'generator_51', 'generator_52', 'generator_30', 'generator_54', 'generator_55', 'generator_56', 'generator_57', 'generator_58', 'generator_59', 'generator_60', 'generator_61']
number opened: 2
TRIAL 21
Action chosen: (purple, purple)
Outcome: False
partcle ids: ['generator_33', 'generator_34', 'generator_35', 'generator_36', 'generator_32', 'generator_37', 'generator_38', 'generator_39', 'generator_40', 'generator_41', 'generator_42', 'generator_43', 'generator_44', 'generator_45', 'generator_46', 'generator_47', 'generator_48', 'generator_49', 'generator_50', 'generator_51', 'generator_52', 'generator_30', 'generator_54', 'generator_55', 'generator_56', 'generator_57', 'generator_58', 'generator_59', 'generator_60', 'generator_61']
number opened: 2
TRIAL 22
Action chosen: (blue, white)
Outcome: False
partcle ids: ['generator_33', 'generator_34', 'generator_35', 'generator_36', 'generator_32', 'generator_37', 'generator_38', 'generator_39', 'generator_40', 'generator_41', 'generator_42', 'generator_43', 'generator_44', 'generator_45', 'generator_46', 'generator_47', 'generator_48', 'generator_49', 'generator_50', 'generator_51', 'generator_52', 'generator_30', 'generator_54', 'generator_55', 'generator_56', 'generator_57', 'generator_58', 'generator_59', 'generator_60', 'generator_61']
number opened: 2
TRIAL 23
Action chosen: (diamond, pink)
Outcome: False
partcle ids: ['generator_33', 'generator_34', 'generator_35', 'generator_36', 'generator_32', 'generator_37', 'generator_38', 'generator_39', 'generator_40', 'generator_41', 'generator_42', 'generator_43', 'generator_44', 'generator_45', 'generator_46', 'generator_47', 'generator_48', 'generator_49', 'generator_50', 'generator_51', 'generator_52', 'generator_30', 'generator_54', 'generator_55', 'generator_56', 'generator_57', 'generator_58', 'generator_59', 'generator_60', 'generator_61']
number opened: 2
TRIAL 24
Action chosen: (heart, pink)
Outcome: False
partcle ids: ['generator_33', 'generator_34', 'generator_35', 'generator_36', 'generator_32', 'generator_37', 'generator_38', 'generator_39', 'generator_40', 'generator_41', 'generator_42', 'generator_43', 'generator_44', 'generator_45', 'generator_46', 'generator_47', 'generator_48', 'generator_49', 'generator_50', 'generator_51', 'generator_52', 'generator_30', 'generator_54', 'generator_55', 'generator_56', 'generator_57', 'generator_58', 'generator_59', 'generator_60', 'generator_61']
number opened: 2
TRIAL 25
Action chosen: (white, pink)
Outcome: False
partcle ids: ['generator_33', 'generator_34', 'generator_35', 'generator_36', 'generator_32', 'generator_37', 'generator_38', 'generator_39', 'generator_40', 'generator_41', 'generator_42', 'generator_43', 'generator_44', 'generator_45', 'generator_46', 'generator_47', 'generator_48', 'generator_49', 'generator_50', 'generator_51', 'generator_52', 'generator_30', 'generator_54', 'generator_55', 'generator_56', 'generator_57', 'generator_58', 'generator_59', 'generator_60', 'generator_61']
number opened: 2
TRIAL 26
Action chosen: (diamond, white)
Outcome: False
partcle ids: ['generator_33', 'generator_34', 'generator_35', 'generator_36', 'generator_32', 'generator_37', 'generator_38', 'generator_39', 'generator_40', 'generator_41', 'generator_42', 'generator_43', 'generator_44', 'generator_45', 'generator_46', 'generator_47', 'generator_48', 'generator_49', 'generator_50', 'generator_51', 'generator_52', 'generator_30', 'generator_54', 'generator_55', 'generator_56', 'generator_57', 'generator_58', 'generator_59', 'generator_60', 'generator_61']
number opened: 2
TRIAL 27
Action chosen: (green3, pink)
Outcome: False
partcle ids: ['generator_33', 'generator_34', 'generator_35', 'generator_36', 'generator_32', 'generator_37', 'generator_38', 'generator_39', 'generator_40', 'generator_41', 'generator_42', 'generator_43', 'generator_44', 'generator_45', 'generator_46', 'generator_47', 'generator_48', 'generator_49', 'generator_50', 'generator_51', 'generator_52', 'generator_30', 'generator_54', 'generator_55', 'generator_56', 'generator_57', 'generator_58', 'generator_59', 'generator_60', 'generator_61']
number opened: 2
TRIAL 28
Action chosen: (triangle, purple)
Outcome: False
partcle ids: ['generator_33', 'generator_34', 'generator_35', 'generator_36', 'generator_32', 'generator_37', 'generator_38', 'generator_39', 'generator_40', 'generator_41', 'generator_42', 'generator_43', 'generator_44', 'generator_45', 'generator_46', 'generator_47', 'generator_48', 'generator_49', 'generator_50', 'generator_51', 'generator_52', 'generator_30', 'generator_54', 'generator_55', 'generator_56', 'generator_57', 'generator_58', 'generator_59', 'generator_60', 'generator_61']
number opened: 2
TRIAL 29
Action chosen: (orange4, white)
Outcome: True
partcle ids: ['generator_62', 'generator_63', 'generator_61', 'generator_65', 'generator_66', 'generator_67', 'generator_68', 'generator_61', 'generator_70', 'generator_71', 'generator_72', 'generator_73', 'generator_74', 'number_match', 'generator_68', 'generator_68', 'generator_75', 'generator_71', 'generator_76', 'generator_77', 'generator_35', 'generator_79', 'generator_61', 'generator_81', 'generator_61', 'generator_47', 'generator_81', 'generator_82', 'generator_61', 'generator_84']
number opened: 3
TRIAL 30
Action chosen: (grey2, pink)
Outcome: True
partcle ids: ['number_match', 'generator_66', 'generator_66', 'generator_86', 'generator_86', 'generator_61', 'generator_87', 'generator_61', 'generator_68', 'generator_87', 'generator_61', 'generator_61', 'generator_61', 'generator_68', 'generator_85', 'generator_61', 'generator_68', 'generator_85', 'number_match', 'generator_68', 'generator_88', 'generator_61', 'generator_88', 'number_match', 'generator_86', 'generator_61', 'generator_66', 'generator_66', 'generator_66', 'generator_61']
number opened: 4
TRIAL 31
Action chosen: (diamond, purple)
Outcome: False
partcle ids: ['number_match', 'generator_66', 'generator_66', 'generator_86', 'generator_86', 'generator_61', 'generator_87', 'generator_61', 'generator_68', 'generator_87', 'generator_61', 'generator_61', 'generator_61', 'generator_68', 'generator_85', 'generator_61', 'generator_68', 'generator_85', 'number_match', 'generator_68', 'generator_88', 'generator_61', 'generator_88', 'number_match', 'generator_86', 'generator_61', 'generator_66', 'generator_66', 'generator_66', 'generator_61']
number opened: 4
TRIAL 32
Action chosen: (heart, purple)
Outcome: False
partcle ids: ['number_match', 'generator_66', 'generator_66', 'generator_86', 'generator_86', 'generator_61', 'generator_87', 'generator_61', 'generator_68', 'generator_87', 'generator_61', 'generator_61', 'generator_61', 'generator_68', 'generator_85', 'generator_61', 'generator_68', 'generator_85', 'number_match', 'generator_68', 'generator_88', 'generator_61', 'generator_88', 'number_match', 'generator_86', 'generator_61', 'generator_66', 'generator_66', 'generator_66', 'generator_61']
number opened: 4
TRIAL 33
Action chosen: (white, purple)
Outcome: False
partcle ids: ['number_match', 'generator_66', 'generator_66', 'generator_86', 'generator_86', 'generator_61', 'generator_87', 'generator_61', 'generator_68', 'generator_87', 'generator_61', 'generator_61', 'generator_61', 'generator_68', 'generator_85', 'generator_61', 'generator_68', 'generator_85', 'number_match', 'generator_68', 'generator_88', 'generator_61', 'generator_88', 'number_match', 'generator_86', 'generator_61', 'generator_66', 'generator_66', 'generator_66', 'generator_61']
number opened: 4
TRIAL 34
Action chosen: (diamond, purple)
Outcome: False
partcle ids: ['number_match', 'generator_66', 'generator_66', 'generator_86', 'generator_86', 'generator_61', 'generator_87', 'generator_61', 'generator_68', 'generator_87', 'generator_61', 'generator_61', 'generator_61', 'generator_68', 'generator_85', 'generator_61', 'generator_68', 'generator_85', 'number_match', 'generator_68', 'generator_88', 'generator_61', 'generator_88', 'number_match', 'generator_86', 'generator_61', 'generator_66', 'generator_66', 'generator_66', 'generator_61']
number opened: 4
TRIAL 35
Action chosen: (green3, purple)
Outcome: True
partcle ids: ['number_match', 'number_match', 'number_match', 'number_match', 'number_match', 'number_match', 'number_match', 'number_match', 'number_match', 'number_match', 'number_match', 'number_match', 'number_match', 'number_match', 'number_match', 'number_match', 'number_match', 'number_match', 'number_match', 'number_match', 'number_match', 'number_match', 'number_match', 'number_match', 'number_match', 'number_match', 'number_match', 'number_match', 'number_match', 'number_match']
number opened: 5
{"attempts": 35, "unique_key_box_pairs": 21, "revisit_attempts": 14, "revisit_rate": 0.4117647058823529, "attempts_before_abandoning_color_matching": 3, "color_matching_abandoned": true}
